2026-10-09T05:03:56.1544923Z Current runner version: '2.337.0'
2026-10-09T05:03:56.1566488Z ##[group]Runner Image Provisioner
2026-10-09T05:03:56.1567361Z Hosted Compute Agent
2026-10-09T05:03:56.1567861Z Version: 20261002.596
2026-10-09T05:03:56.1568486Z Commit: c3d12f3313a95f25162a1503be624f3b0617f8c0
2026-10-09T05:03:56.1569102Z Build Date: 2026-10-02T22:28:27Z
2026-10-09T05:03:56.1569813Z Worker ID: {10ed0356-c6f8-4c0b-a3d8-a245f7f58113}
2026-10-09T05:03:56.1570466Z Region: westus3
2026-10-09T05:03:56.1570933Z Cloud: Azure
2026-10-09T05:03:56.1571427Z ##[endgroup]
2026-10-09T05:03:56.1572591Z ##[group]Operating System
2026-10-09T05:03:56.1573131Z Ubuntu
2026-10-09T05:03:56.1573710Z 24.04.5
2026-10-09T05:03:56.1574142Z LTS
2026-10-09T05:03:56.1574596Z ##[endgroup]
2026-10-09T05:03:56.1575111Z ##[group]Runner Image
2026-10-09T05:03:56.1575624Z Image: ubuntu-24.04
2026-10-09T05:03:56.1576159Z Version: 20261004.327.1
2026-10-09T05:03:56.1577229Z Included Software: https://github.com/actions/runner-images/blob/ubuntu24/20261004.327/images/ubuntu/Ubuntu2404-Readme.md
2026-10-09T05:03:56.1578582Z Image Release: https://github.com/actions/runner-images/releases/tag/ubuntu24%2F20261004.327
2026-10-09T05:03:56.1579714Z ##[endgroup]
2026-10-09T05:03:56.1580711Z ##[group]GITHUB_TOKEN Permissions
2026-10-09T05:03:56.1582346Z Contents: read
2026-10-09T05:03:56.1583010Z Metadata: read
2026-10-09T05:03:56.1583492Z ##[endgroup]
2026-10-09T05:03:56.1585418Z Secret source: Actions
2026-10-09T05:03:56.1586194Z Cache mode: write
2026-10-09T05:03:56.1586790Z Prepare workflow directory
2026-10-09T05:03:56.1923037Z Prepare all required actions
2026-10-09T05:03:56.1963120Z Getting action download info
2026-10-09T05:03:56.5024737Z Download action repository 'actions/checkout@v4' (SHA:11d5960a326750d5838078e36cf38b85af677262)
2026-10-09T05:03:56.9776479Z Download action repository 'actions/setup-node@v4' (SHA:49933ea5288caeca8642d1e84afbd3f7d6820020)
2026-10-09T05:03:57.1278808Z Download action repository 'actions/upload-artifact@v4' (SHA:ea165f8d65b6e75b540449e92b4886f43607fa02)
2026-10-09T05:03:57.6503893Z Complete job name: verify
2026-10-09T05:03:57.7195432Z ##[group]Run actions/checkout@v4
2026-10-09T05:03:57.7196184Z with:
2026-10-09T05:03:57.7196614Z   repository: luisitin/partybox-game-cores
2026-10-09T05:03:57.7200328Z   token: ***
2026-10-09T05:03:57.7200729Z   ssh-strict: true
2026-10-09T05:03:57.7201120Z   ssh-user: git
2026-10-09T05:03:57.7201514Z   persist-credentials: true
2026-10-09T05:03:57.7201936Z   clean: true
2026-10-09T05:03:57.7202325Z   sparse-checkout-cone-mode: true
2026-10-09T05:03:57.7202783Z   fetch-depth: 1
2026-10-09T05:03:57.7203149Z   fetch-tags: false
2026-10-09T05:03:57.7203531Z   show-progress: true
2026-10-09T05:03:57.7203911Z   lfs: false
2026-10-09T05:03:57.7204283Z   submodules: false
2026-10-09T05:03:57.7204687Z   set-safe-directory: true
2026-10-09T05:03:57.7205125Z   allow-unsafe-pr-checkout: false
2026-10-09T05:03:57.7205779Z ##[endgroup]
2026-10-09T05:03:57.8138752Z Syncing repository: luisitin/partybox-game-cores
2026-10-09T05:03:57.8141540Z ##[group]Getting Git version info
2026-10-09T05:03:57.8142754Z Working directory is '/home/runner/work/partybox-game-cores/partybox-game-cores'
2026-10-09T05:03:57.8144319Z [command]/usr/bin/git version
2026-10-09T05:03:57.9306949Z git version 2.55.0
2026-10-09T05:03:57.9323298Z ##[endgroup]
2026-10-09T05:03:57.9337591Z Temporarily overriding HOME='/home/runner/work/_temp/53ebf745-e94f-43d4-8a9d-5e85389bff34' before making global git config changes
2026-10-09T05:03:57.9339806Z Adding repository directory to the temporary git global config as a safe directory
2026-10-09T05:03:57.9343357Z [command]/usr/bin/git config --global --add safe.directory /home/runner/work/partybox-game-cores/partybox-game-cores
2026-10-09T05:03:57.9637962Z Deleting the contents of '/home/runner/work/partybox-game-cores/partybox-game-cores'
2026-10-09T05:03:57.9644038Z ##[group]Initializing the repository
2026-10-09T05:03:57.9647530Z [command]/usr/bin/git init /home/runner/work/partybox-game-cores/partybox-game-cores
2026-10-09T05:03:58.0084460Z hint: Using 'master' as the name for the initial branch. This default branch name
2026-10-09T05:03:58.0087608Z hint: will change to "main" in Git 3.0. To configure the initial branch name
2026-10-09T05:03:58.0088698Z hint: to use in all of your new repositories, which will suppress this warning,
2026-10-09T05:03:58.0089921Z hint: call:
2026-10-09T05:03:58.0090363Z hint:
2026-10-09T05:03:58.0090999Z hint: 	git config --global init.defaultBranch <name>
2026-10-09T05:03:58.0091576Z hint:
2026-10-09T05:03:58.0092075Z hint: Names commonly chosen instead of 'master' are 'main', 'trunk' and
2026-10-09T05:03:58.0092896Z hint: 'development'. The just-created branch can be renamed via this command:
2026-10-09T05:03:58.0093544Z hint:
2026-10-09T05:03:58.0093904Z hint: 	git branch -m <name>
2026-10-09T05:03:58.0094345Z hint:
2026-10-09T05:03:58.0095058Z hint: Disable this message with "git config set advice.defaultBranchName false"
2026-10-09T05:03:58.0096380Z Initialized empty Git repository in /home/runner/work/partybox-game-cores/partybox-game-cores/.git/
2026-10-09T05:03:58.0098247Z [command]/usr/bin/git remote add origin https://github.com/luisitin/partybox-game-cores
2026-10-09T05:03:58.0339030Z ##[endgroup]
2026-10-09T05:03:58.0339972Z ##[group]Disabling automatic garbage collection
2026-10-09T05:03:58.0342392Z [command]/usr/bin/git config --local gc.auto 0
2026-10-09T05:03:58.0377714Z ##[endgroup]
2026-10-09T05:03:58.0378390Z ##[group]Setting up auth
2026-10-09T05:03:58.0383867Z [command]/usr/bin/git config --local --name-only --get-regexp core\.sshCommand
2026-10-09T05:03:58.0416696Z [command]/usr/bin/git submodule foreach --recursive sh -c "git config --local --name-only --get-regexp 'core\.sshCommand' && git config --local --unset-all 'core.sshCommand' || :"
2026-10-09T05:03:58.3328900Z [command]/usr/bin/git config --local --name-only --get-regexp http\.https\:\/\/github\.com\/\.extraheader
2026-10-09T05:03:58.3364866Z [command]/usr/bin/git submodule foreach --recursive sh -c "git config --local --name-only --get-regexp 'http\.https\:\/\/github\.com\/\.extraheader' && git config --local --unset-all 'http.https://github.com/.extraheader' || :"
2026-10-09T05:03:58.3570594Z [command]/usr/bin/git config --local --name-only --get-regexp ^includeIf\.gitdir:
2026-10-09T05:03:58.3606469Z [command]/usr/bin/git submodule foreach --recursive git config --local --show-origin --name-only --get-regexp remote.origin.url
2026-10-09T05:03:58.3812017Z [command]/usr/bin/git config --local http.https://github.com/.extraheader AUTHORIZATION: basic ***
2026-10-09T05:03:58.3849832Z ##[endgroup]
2026-10-09T05:03:58.3851070Z ##[group]Fetching the repository
2026-10-09T05:03:58.3858970Z [command]/usr/bin/git -c protocol.version=2 fetch --no-tags --prune --no-recurse-submodules --depth=1 origin +b97fff37579daa1f0c767e3040bc9d0f778aedae:refs/remotes/pull/12/merge
2026-10-09T05:04:01.0181252Z From https://github.com/luisitin/partybox-game-cores
2026-10-09T05:04:01.0182663Z  * [new ref]         b97fff37579daa1f0c767e3040bc9d0f778aedae -> pull/12/merge
2026-10-09T05:04:01.0184687Z ##[endgroup]
2026-10-09T05:04:01.0185222Z ##[group]Determining the checkout info
2026-10-09T05:04:01.0186394Z ##[endgroup]
2026-10-09T05:04:01.0191931Z [command]/usr/bin/git sparse-checkout disable
2026-10-09T05:04:01.0356827Z [command]/usr/bin/git config --local --unset-all extensions.worktreeConfig
2026-10-09T05:04:01.0400852Z ##[group]Checking out the ref
2026-10-09T05:04:01.0401571Z [command]/usr/bin/git checkout --progress --force refs/remotes/pull/12/merge
2026-10-09T05:04:01.1778370Z Note: switching to 'refs/remotes/pull/12/merge'.
2026-10-09T05:04:01.1778877Z 
2026-10-09T05:04:01.1779117Z You are in 'detached HEAD' state. You can look around, make experimental
2026-10-09T05:04:01.1779778Z changes and commit them, and you can discard any commits you make in this
2026-10-09T05:04:01.1780216Z state without impacting any branches by switching back to a branch.
2026-10-09T05:04:01.1780495Z 
2026-10-09T05:04:01.1780733Z If you want to create a new branch to retain commits you create, you may
2026-10-09T05:04:01.1781654Z do so (now or later) by using -c with the switch command. Example:
2026-10-09T05:04:01.1781899Z 
2026-10-09T05:04:01.1782015Z   git switch -c <new-branch-name>
2026-10-09T05:04:01.1782194Z 
2026-10-09T05:04:01.1782311Z Or undo this operation with:
2026-10-09T05:04:01.1782468Z 
2026-10-09T05:04:01.1782570Z   git switch -
2026-10-09T05:04:01.1782706Z 
2026-10-09T05:04:01.1782947Z Turn off this advice by setting config variable advice.detachedHead to false
2026-10-09T05:04:01.1783222Z 
2026-10-09T05:04:01.1783535Z HEAD is now at b97fff3 Merge 3bf3456fd8e0a58636229c264a45bac844385827 into d5fbb39746f8f7900bee57506e8133e8675f48ed
2026-10-09T05:04:01.1795730Z ##[endgroup]
2026-10-09T05:04:01.1836719Z [command]/usr/bin/git log -1 --format=%H
2026-10-09T05:04:01.1860801Z b97fff37579daa1f0c767e3040bc9d0f778aedae
2026-10-09T05:04:01.2908259Z ##[group]Run actions/setup-node@v4
2026-10-09T05:04:01.2908572Z with:
2026-10-09T05:04:01.2908807Z   node-version: 22.16.0
2026-10-09T05:04:01.2909054Z   cache: npm
2026-10-09T05:04:01.2909471Z   cache-dependency-path: jobs/G02-gin-rummy/package-lock.json
2026-10-09T05:04:01.2909817Z   always-auth: false
2026-10-09T05:04:01.2910054Z   check-latest: false
2026-10-09T05:04:01.2912142Z   token: ***
2026-10-09T05:04:01.2912360Z ##[endgroup]
2026-10-09T05:04:01.4182600Z Attempting to download 22.16.0...
2026-10-09T05:04:01.4275884Z (node:2088) [DEP0040] DeprecationWarning: The `punycode` module is deprecated. Please use a userland alternative instead.
2026-10-09T05:04:01.4276635Z (Use `node --trace-deprecation ...` to show where the warning was created)
2026-10-09T05:04:02.4381859Z Acquiring 22.16.0 - x64 from https://github.com/actions/node-versions/releases/download/22.16.0-15177438473/node-22.16.0-linux-x64.tar.gz
2026-10-09T05:04:02.9690158Z Extracting ...
2026-10-09T05:04:02.9811681Z [command]/usr/bin/tar xz --strip 1 --warning=no-unknown-keyword --overwrite -C /home/runner/work/_temp/1afa4070-dc47-4a7e-8c80-01871728ec7c -f /home/runner/work/_temp/7a6c2674-d01f-475b-a9ee-f9ed5de358c3
2026-10-09T05:04:03.9805931Z Adding to the cache ...
2026-10-09T05:04:07.8136055Z ##[group]Environment details
2026-10-09T05:04:08.1996590Z node: v22.16.0
2026-10-09T05:04:08.1996850Z npm: 10.9.2
2026-10-09T05:04:08.1997012Z yarn: 1.22.22
2026-10-09T05:04:08.1997446Z ##[endgroup]
2026-10-09T05:04:08.2011153Z [command]/opt/hostedtoolcache/node/22.16.0/x64/bin/npm config get cache
2026-10-09T05:04:08.2822472Z /home/runner/.npm
2026-10-09T05:04:08.5122402Z Cache hit for: node-cache-Linux-x64-npm-d48b0073b1be2df746cbb2cab1dca64dc5674a863aed54a4ee7f428aad681317
2026-10-09T05:04:08.5214159Z (node:2088) [DEP0169] DeprecationWarning: `url.parse()` behavior is not standardized and prone to errors that have security implications. Use the WHATWG URL API instead. CVEs are not issued for `url.parse()` vulnerabilities.
2026-10-09T05:04:09.7196745Z Received 8482269 of 12676573 (66.9%), 8.1 MBs/sec
2026-10-09T05:04:09.8289678Z Received 12676573 of 12676573 (100.0%), 10.9 MBs/sec
2026-10-09T05:04:09.8290032Z Cache Size: ~12 MB (12676573 B)
2026-10-09T05:04:09.8309686Z [command]/usr/bin/tar -xf /home/runner/work/_temp/9383baaf-76b9-43ab-a122-98788369c5fa/cache.tzst -P -C /home/runner/work/partybox-game-cores/partybox-game-cores --use-compress-program unzstd
2026-10-09T05:04:09.8653355Z Cache restored successfully
2026-10-09T05:04:09.8662941Z Cache restored from key: node-cache-Linux-x64-npm-d48b0073b1be2df746cbb2cab1dca64dc5674a863aed54a4ee7f428aad681317
2026-10-09T05:04:09.8840576Z ##[group]Run npm ci --ignore-scripts --no-audit --no-fund
2026-10-09T05:04:09.8840979Z [36;1mnpm ci --ignore-scripts --no-audit --no-fund[0m
2026-10-09T05:04:10.3622881Z shell: /usr/bin/bash -e {0}
2026-10-09T05:04:10.3623168Z ##[endgroup]
2026-10-09T05:04:11.0964067Z 
2026-10-09T05:04:11.0970247Z added 6 packages in 682ms
2026-10-09T05:04:11.1364470Z ##[group]Run npx playwright install --with-deps chromium
2026-10-09T05:04:11.1364825Z [36;1mnpx playwright install --with-deps chromium[0m
2026-10-09T05:04:11.1421324Z shell: /usr/bin/bash -e {0}
2026-10-09T05:04:11.1421553Z ##[endgroup]
2026-10-09T05:04:11.8329696Z Installing dependencies...
2026-10-09T05:04:11.8378466Z Switching to root user to install dependencies...
2026-10-09T05:04:12.0272841Z Get:1 file:/etc/apt/apt-mirrors.txt Mirrorlist [144 B]
2026-10-09T05:04:12.0686733Z Hit:2 http://azure.archive.ubuntu.com/ubuntu noble InRelease
2026-10-09T05:04:12.0688082Z Get:6 https://packages.microsoft.com/ubuntu/24.04/prod noble InRelease [3600 B]
2026-10-09T05:04:12.0703080Z Get:3 http://azure.archive.ubuntu.com/ubuntu noble-updates InRelease [126 kB]
2026-10-09T05:04:12.1240599Z Get:4 http://azure.archive.ubuntu.com/ubuntu noble-backports InRelease [126 kB]
2026-10-09T05:04:12.1735714Z Get:5 http://azure.archive.ubuntu.com/ubuntu noble-security InRelease [126 kB]
2026-10-09T05:04:12.2321434Z Get:7 http://azure.archive.ubuntu.com/ubuntu noble-updates/main amd64 Packages [1375 kB]
2026-10-09T05:04:12.2793042Z Get:15 https://packages.microsoft.com/ubuntu/24.04/prod noble/main arm64 Packages [475 kB]
2026-10-09T05:04:12.3505123Z Get:8 http://azure.archive.ubuntu.com/ubuntu noble-updates/main Translation-en [306 kB]
2026-10-09T05:04:12.3530997Z Get:9 http://azure.archive.ubuntu.com/ubuntu noble-updates/universe amd64 Packages [1702 kB]
2026-10-09T05:04:12.3553876Z Get:16 https://packages.microsoft.com/ubuntu/24.04/prod noble/main armhf Packages [12.3 kB]
2026-10-09T05:04:12.4082059Z Get:10 http://azure.archive.ubuntu.com/ubuntu noble-updates/universe Translation-en [342 kB]
2026-10-09T05:04:12.4122212Z Get:25 https://packages.microsoft.com/ubuntu/24.04/prod noble/main amd64 Packages [531 kB]
2026-10-09T05:04:12.4764815Z Get:11 http://azure.archive.ubuntu.com/ubuntu noble-updates/restricted amd64 Packages [1761 kB]
2026-10-09T05:04:12.4785921Z Get:26 https://packages.microsoft.com/ubuntu/24.04/prod noble/main all Packages [640 B]
2026-10-09T05:04:12.4846217Z Get:12 http://azure.archive.ubuntu.com/ubuntu noble-updates/restricted Translation-en [401 kB]
2026-10-09T05:04:12.4867941Z Get:13 http://azure.archive.ubuntu.com/ubuntu noble-updates/multiverse amd64 Packages [55.0 kB]
2026-10-09T05:04:12.4878054Z Get:14 http://azure.archive.ubuntu.com/ubuntu noble-updates/multiverse Translation-en [14.3 kB]
2026-10-09T05:04:12.4886922Z Get:17 http://azure.archive.ubuntu.com/ubuntu noble-security/main amd64 Packages [1118 kB]
2026-10-09T05:04:12.4952000Z Get:18 http://azure.archive.ubuntu.com/ubuntu noble-security/main Translation-en [228 kB]
2026-10-09T05:04:12.5386465Z Get:19 http://azure.archive.ubuntu.com/ubuntu noble-security/universe amd64 Packages [1220 kB]
2026-10-09T05:04:12.5440489Z Get:20 http://azure.archive.ubuntu.com/ubuntu noble-security/universe Translation-en [245 kB]
2026-10-09T05:04:12.5457106Z Get:21 http://azure.archive.ubuntu.com/ubuntu noble-security/restricted amd64 Packages [1667 kB]
2026-10-09T05:04:12.5593610Z Get:22 http://azure.archive.ubuntu.com/ubuntu noble-security/restricted Translation-en [383 kB]
2026-10-09T05:04:12.5617748Z Get:23 http://azure.archive.ubuntu.com/ubuntu noble-security/multiverse amd64 Packages [49.8 kB]
2026-10-09T05:04:12.5630423Z Get:24 http://azure.archive.ubuntu.com/ubuntu noble-security/multiverse Translation-en [12.4 kB]
2026-10-09T05:04:24.1767305Z Fetched 12.3 MB in 1s (10.1 MB/s)
2026-10-09T05:04:24.9720919Z Reading package lists...
2026-10-09T05:04:24.9932435Z Reading package lists...
2026-10-09T05:04:25.2451997Z Building dependency tree...
2026-10-09T05:04:25.2458538Z Reading state information...
2026-10-09T05:04:25.4932114Z libasound2t64 is already the newest version (1.2.11-1ubuntu0.3).
2026-10-09T05:04:25.4932658Z libasound2t64 set to manually installed.
2026-10-09T05:04:25.4933179Z libatk-bridge2.0-0t64 is already the newest version (2.52.0-1build1).
2026-10-09T05:04:25.4933690Z libatk-bridge2.0-0t64 set to manually installed.
2026-10-09T05:04:25.4934783Z libatk1.0-0t64 is already the newest version (2.52.0-1build1).
2026-10-09T05:04:25.4935233Z libatk1.0-0t64 set to manually installed.
2026-10-09T05:04:25.4935903Z libatspi2.0-0t64 is already the newest version (2.52.0-1build1).
2026-10-09T05:04:25.4936423Z libatspi2.0-0t64 set to manually installed.
2026-10-09T05:04:25.4936944Z libcairo2 is already the newest version (1.18.0-3build1).
2026-10-09T05:04:25.4937424Z libcairo2 set to manually installed.
2026-10-09T05:04:25.4937946Z libcups2t64 is already the newest version (2.4.7-1.2ubuntu7.14).
2026-10-09T05:04:25.4938463Z libcups2t64 set to manually installed.
2026-10-09T05:04:25.4938984Z libdbus-1-3 is already the newest version (1.14.10-4ubuntu4.1).
2026-10-09T05:04:25.4939683Z libdbus-1-3 set to manually installed.
2026-10-09T05:04:25.4940222Z libdrm2 is already the newest version (2.4.125-1ubuntu0.1~24.04.2).
2026-10-09T05:04:25.4940726Z libdrm2 set to manually installed.
2026-10-09T05:04:25.4941249Z libgbm1 is already the newest version (25.2.8-0ubuntu0.24.04.4).
2026-10-09T05:04:25.4941737Z libgbm1 set to manually installed.
2026-10-09T05:04:25.4942262Z libglib2.0-0t64 is already the newest version (2.80.0-6ubuntu3.9).
2026-10-09T05:04:25.4942793Z libglib2.0-0t64 set to manually installed.
2026-10-09T05:04:25.4943268Z libnspr4 is already the newest version (2:4.35-1.1build1).
2026-10-09T05:04:25.4943598Z libnspr4 set to manually installed.
2026-10-09T05:04:25.4944130Z libnss3 is already the newest version (2:3.98-1ubuntu0.2).
2026-10-09T05:04:25.4944565Z libnss3 set to manually installed.
2026-10-09T05:04:25.4945076Z libpango-1.0-0 is already the newest version (1.52.1+ds-1build1).
2026-10-09T05:04:25.4945579Z libpango-1.0-0 set to manually installed.
2026-10-09T05:04:25.4946249Z libx11-6 is already the newest version (2:1.8.7-1build1).
2026-10-09T05:04:25.4946712Z libx11-6 set to manually installed.
2026-10-09T05:04:25.4947180Z libxcb1 is already the newest version (1.15-1ubuntu2).
2026-10-09T05:04:25.4947660Z libxcb1 set to manually installed.
2026-10-09T05:04:25.4948196Z libxcomposite1 is already the newest version (1:0.4.5-1build3).
2026-10-09T05:04:25.4948715Z libxcomposite1 set to manually installed.
2026-10-09T05:04:25.4949441Z libxdamage1 is already the newest version (1:1.1.6-1build1).
2026-10-09T05:04:25.4949989Z libxdamage1 set to manually installed.
2026-10-09T05:04:25.4950563Z libxext6 is already the newest version (2:1.3.4-1build2).
2026-10-09T05:04:25.4951067Z libxext6 set to manually installed.
2026-10-09T05:04:25.4951596Z libxfixes3 is already the newest version (1:6.0.0-2build1).
2026-10-09T05:04:25.4952111Z libxfixes3 set to manually installed.
2026-10-09T05:04:25.4952643Z libxkbcommon0 is already the newest version (1.6.0-1build1).
2026-10-09T05:04:25.4953189Z libxkbcommon0 set to manually installed.
2026-10-09T05:04:25.4953723Z libxrandr2 is already the newest version (2:1.5.2-2build1).
2026-10-09T05:04:25.4954227Z libxrandr2 set to manually installed.
2026-10-09T05:04:25.4954760Z xvfb is already the newest version (2:21.1.12-1ubuntu1.8).
2026-10-09T05:04:25.4955466Z fonts-noto-color-emoji is already the newest version (2.047-0ubuntu0.24.04.1).
2026-10-09T05:04:25.4956200Z libfontconfig1 is already the newest version (2.15.0-1.1ubuntu2).
2026-10-09T05:04:25.4956755Z libfontconfig1 set to manually installed.
2026-10-09T05:04:25.4957266Z fonts-liberation is already the newest version (1:2.1.5-3).
2026-10-09T05:04:25.4957786Z fonts-liberation set to manually installed.
2026-10-09T05:04:25.4958285Z The following additional packages will be installed:
2026-10-09T05:04:25.4958735Z   xfonts-encodings xfonts-utils
2026-10-09T05:04:25.4959106Z Recommended packages:
2026-10-09T05:04:25.4959635Z   fonts-ipafont-mincho fonts-tlwg-loma
2026-10-09T05:04:25.5359808Z The following NEW packages will be installed:
2026-10-09T05:04:25.5360399Z   fonts-freefont-ttf fonts-ipafont-gothic fonts-tlwg-loma-otf fonts-unifont
2026-10-09T05:04:25.5374436Z   fonts-wqy-zenhei xfonts-cyrillic xfonts-encodings xfonts-scalable
2026-10-09T05:04:25.5375483Z   xfonts-utils
2026-10-09T05:04:25.5382513Z The following packages will be upgraded:
2026-10-09T05:04:25.5390496Z   libfreetype6
2026-10-09T05:04:25.5574507Z 1 upgraded, 9 newly installed, 0 to remove and 22 not upgraded.
2026-10-09T05:04:25.5575431Z Need to get 21.5 MB of archives.
2026-10-09T05:04:25.5575962Z After this operation, 79.5 MB of additional disk space will be used.
2026-10-09T05:04:25.5576568Z Get:1 file:/etc/apt/apt-mirrors.txt Mirrorlist [144 B]
2026-10-09T05:04:25.6388313Z Get:2 http://azure.archive.ubuntu.com/ubuntu noble/universe amd64 fonts-ipafont-gothic all 00303-21ubuntu1 [3513 kB]
2026-10-09T05:04:25.7779452Z Get:3 http://azure.archive.ubuntu.com/ubuntu noble/main amd64 fonts-freefont-ttf all 20211204+svn4273-2 [5641 kB]
2026-10-09T05:04:25.9620067Z Get:4 http://azure.archive.ubuntu.com/ubuntu noble/universe amd64 fonts-tlwg-loma-otf all 1:0.7.3-1 [107 kB]
2026-10-09T05:04:26.0276249Z Get:5 http://azure.archive.ubuntu.com/ubuntu noble/universe amd64 fonts-unifont all 1:15.1.01-1build1 [2993 kB]
2026-10-09T05:04:26.1536105Z Get:6 http://azure.archive.ubuntu.com/ubuntu noble/universe amd64 fonts-wqy-zenhei all 0.9.45-8 [7472 kB]
2026-10-09T05:04:26.3740189Z Get:7 http://azure.archive.ubuntu.com/ubuntu noble-updates/main amd64 libfreetype6 amd64 2.13.2+dfsg-1ubuntu0.2 [403 kB]
2026-10-09T05:04:26.4455752Z Get:8 http://azure.archive.ubuntu.com/ubuntu noble/main amd64 xfonts-encodings all 1:1.0.5-0ubuntu2 [578 kB]
2026-10-09T05:04:26.5210829Z Get:9 http://azure.archive.ubuntu.com/ubuntu noble/main amd64 xfonts-utils amd64 1:7.7+6build3 [94.4 kB]
2026-10-09T05:04:26.5877531Z Get:10 http://azure.archive.ubuntu.com/ubuntu noble/universe amd64 xfonts-cyrillic all 1:1.0.5+nmu1 [384 kB]
2026-10-09T05:04:26.6618240Z Get:11 http://azure.archive.ubuntu.com/ubuntu noble/main amd64 xfonts-scalable all 1:1.0.3-1.3 [304 kB]
2026-10-09T05:04:26.9186213Z Fetched 21.5 MB in 1s (19.2 MB/s)
2026-10-09T05:04:26.9623527Z Selecting previously unselected package fonts-ipafont-gothic.
2026-10-09T05:04:27.0233274Z (Reading database ... 
2026-10-09T05:04:27.0233564Z (Reading database ... 5%
2026-10-09T05:04:27.0233792Z (Reading database ... 10%
2026-10-09T05:04:27.0234013Z (Reading database ... 15%
2026-10-09T05:04:27.0234226Z (Reading database ... 20%
2026-10-09T05:04:27.0234420Z (Reading database ... 25%
2026-10-09T05:04:27.0234721Z (Reading database ... 30%
2026-10-09T05:04:27.0235001Z (Reading database ... 35%
2026-10-09T05:04:27.0235199Z (Reading database ... 40%
2026-10-09T05:04:27.0235390Z (Reading database ... 45%
2026-10-09T05:04:27.0235633Z (Reading database ... 50%
2026-10-09T05:04:27.0586179Z (Reading database ... 55%
2026-10-09T05:04:27.4399016Z (Reading database ... 60%
2026-10-09T05:04:27.7163361Z (Reading database ... 65%
2026-10-09T05:04:27.9895336Z (Reading database ... 70%
2026-10-09T05:04:28.3748276Z (Reading database ... 75%
2026-10-09T05:04:28.7740762Z (Reading database ... 80%
2026-10-09T05:04:29.5583894Z (Reading database ... 85%
2026-10-09T05:04:30.3706194Z (Reading database ... 90%
2026-10-09T05:04:31.1541148Z (Reading database ... 95%
2026-10-09T05:04:31.1541442Z (Reading database ... 100%
2026-10-09T05:04:31.1541798Z (Reading database ... 203191 files and directories currently installed.)
2026-10-09T05:04:31.1588179Z Preparing to unpack .../0-fonts-ipafont-gothic_00303-21ubuntu1_all.deb ...
2026-10-09T05:04:31.1684963Z Unpacking fonts-ipafont-gothic (00303-21ubuntu1) ...
2026-10-09T05:04:31.3978099Z Selecting previously unselected package fonts-freefont-ttf.
2026-10-09T05:04:31.4094206Z Preparing to unpack .../1-fonts-freefont-ttf_20211204+svn4273-2_all.deb ...
2026-10-09T05:04:31.4246709Z Unpacking fonts-freefont-ttf (20211204+svn4273-2) ...
2026-10-09T05:04:31.5168762Z Selecting previously unselected package fonts-tlwg-loma-otf.
2026-10-09T05:04:31.5286831Z Preparing to unpack .../2-fonts-tlwg-loma-otf_1%3a0.7.3-1_all.deb ...
2026-10-09T05:04:31.5292611Z Unpacking fonts-tlwg-loma-otf (1:0.7.3-1) ...
2026-10-09T05:04:31.5516391Z Selecting previously unselected package fonts-unifont.
2026-10-09T05:04:31.5632238Z Preparing to unpack .../3-fonts-unifont_1%3a15.1.01-1build1_all.deb ...
2026-10-09T05:04:31.5638686Z Unpacking fonts-unifont (1:15.1.01-1build1) ...
2026-10-09T05:04:31.7819588Z Selecting previously unselected package fonts-wqy-zenhei.
2026-10-09T05:04:31.7937004Z Preparing to unpack .../4-fonts-wqy-zenhei_0.9.45-8_all.deb ...
2026-10-09T05:04:31.8029794Z Unpacking fonts-wqy-zenhei (0.9.45-8) ...
2026-10-09T05:04:32.3216288Z Preparing to unpack .../5-libfreetype6_2.13.2+dfsg-1ubuntu0.2_amd64.deb ...
2026-10-09T05:04:32.3343238Z Unpacking libfreetype6:amd64 (2.13.2+dfsg-1ubuntu0.2) over (2.13.2+dfsg-1ubuntu0.1) ...
2026-10-09T05:04:32.3574069Z Selecting previously unselected package xfonts-encodings.
2026-10-09T05:04:32.3697286Z Preparing to unpack .../6-xfonts-encodings_1%3a1.0.5-0ubuntu2_all.deb ...
2026-10-09T05:04:32.3702680Z Unpacking xfonts-encodings (1:1.0.5-0ubuntu2) ...
2026-10-09T05:04:32.3947986Z Selecting previously unselected package xfonts-utils.
2026-10-09T05:04:32.4067341Z Preparing to unpack .../7-xfonts-utils_1%3a7.7+6build3_amd64.deb ...
2026-10-09T05:04:32.4073857Z Unpacking xfonts-utils (1:7.7+6build3) ...
2026-10-09T05:04:32.4658608Z Selecting previously unselected package xfonts-cyrillic.
2026-10-09T05:04:32.4774799Z Preparing to unpack .../8-xfonts-cyrillic_1%3a1.0.5+nmu1_all.deb ...
2026-10-09T05:04:32.4781377Z Unpacking xfonts-cyrillic (1:1.0.5+nmu1) ...
2026-10-09T05:04:32.5076519Z Selecting previously unselected package xfonts-scalable.
2026-10-09T05:04:32.5192735Z Preparing to unpack .../9-xfonts-scalable_1%3a1.0.3-1.3_all.deb ...
2026-10-09T05:04:32.5199150Z Unpacking xfonts-scalable (1:1.0.3-1.3) ...
2026-10-09T05:04:32.5759951Z Setting up fonts-wqy-zenhei (0.9.45-8) ...
2026-10-09T05:04:32.5864927Z Setting up fonts-freefont-ttf (20211204+svn4273-2) ...
2026-10-09T05:04:32.5878904Z Setting up fonts-tlwg-loma-otf (1:0.7.3-1) ...
2026-10-09T05:04:32.5892470Z Setting up libfreetype6:amd64 (2.13.2+dfsg-1ubuntu0.2) ...
2026-10-09T05:04:32.5906460Z Setting up xfonts-encodings (1:1.0.5-0ubuntu2) ...
2026-10-09T05:04:32.5920817Z Setting up fonts-ipafont-gothic (00303-21ubuntu1) ...
2026-10-09T05:04:32.5982008Z update-alternatives: using /usr/share/fonts/opentype/ipafont-gothic/ipag.ttf to provide /usr/share/fonts/truetype/fonts-japanese-gothic.ttf (fonts-japanese-gothic.ttf) in auto mode
2026-10-09T05:04:32.5995194Z Setting up fonts-unifont (1:15.1.01-1build1) ...
2026-10-09T05:04:32.6011083Z Setting up xfonts-utils (1:7.7+6build3) ...
2026-10-09T05:04:32.6046767Z Setting up xfonts-cyrillic (1:1.0.5+nmu1) ...
2026-10-09T05:04:32.6332427Z Setting up xfonts-scalable (1:1.0.3-1.3) ...
2026-10-09T05:04:32.6613095Z Processing triggers for libc-bin (2.39-0ubuntu8.9) ...
2026-10-09T05:04:34.8035945Z Processing triggers for man-db (2.12.0-4build2) ...
2026-10-09T05:04:34.8064046Z Not building database; man-db/auto-update is not 'true'.
2026-10-09T05:04:34.8076118Z Processing triggers for fontconfig (2.15.0-1.1ubuntu2) ...
2026-10-09T05:04:36.3719572Z 
2026-10-09T05:04:36.3720262Z Running kernel seems to be up-to-date.
2026-10-09T05:04:36.3720583Z 
2026-10-09T05:04:36.3720684Z Restarting services...
2026-10-09T05:04:36.3790884Z  systemctl restart php8.3-fpm.service
2026-10-09T05:04:36.5082720Z 
2026-10-09T05:04:36.5084307Z No containers need to be restarted.
2026-10-09T05:04:36.5084522Z 
2026-10-09T05:04:36.5084874Z No user sessions are running outdated binaries.
2026-10-09T05:04:36.5085170Z 
2026-10-09T05:04:36.5085501Z No VM guests are running outdated hypervisor (qemu) binaries on this host.
2026-10-09T05:04:37.8171799Z Downloading Chromium 141.0.7390.37 (playwright build v1194) from https://cdn.playwright.dev/dbazure/download/playwright/builds/chromium/1194/chromium-linux.zip
2026-10-09T05:04:37.9668434Z |                                                                                |   0% of 173.9 MiB
2026-10-09T05:04:38.1354254Z |■■■■■■■■                                                                        |  10% of 173.9 MiB
2026-10-09T05:04:38.2325502Z |■■■■■■■■■■■■■■■■                                                                |  20% of 173.9 MiB
2026-10-09T05:04:38.3794322Z |■■■■■■■■■■■■■■■■■■■■■■■■                                                        |  30% of 173.9 MiB
2026-10-09T05:04:38.5645082Z |■■■■■■■■■■■■■■■■■■■■■■■■■■■■■■■■                                                |  40% of 173.9 MiB
2026-10-09T05:04:38.8004099Z |■■■■■■■■■■■■■■■■■■■■■■■■■■■■■■■■■■■■■■■■                                        |  50% of 173.9 MiB
2026-10-09T05:04:39.0225354Z |■■■■■■■■■■■■■■■■■■■■■■■■■■■■■■■■■■■■■■■■■■■■■■■■                                |  60% of 173.9 MiB
2026-10-09T05:04:39.1217294Z |■■■■■■■■■■■■■■■■■■■■■■■■■■■■■■■■■■■■■■■■■■■■■■■■■■■■■■■■                        |  70% of 173.9 MiB
2026-10-09T05:04:39.2291491Z |■■■■■■■■■■■■■■■■■■■■■■■■■■■■■■■■■■■■■■■■■■■■■■■■■■■■■■■■■■■■■■■■                |  80% of 173.9 MiB
2026-10-09T05:04:39.3437160Z |■■■■■■■■■■■■■■■■■■■■■■■■■■■■■■■■■■■■■■■■■■■■■■■■■■■■■■■■■■■■■■■■■■■■■■■■        |  90% of 173.9 MiB
2026-10-09T05:04:39.4345363Z |■■■■■■■■■■■■■■■■■■■■■■■■■■■■■■■■■■■■■■■■■■■■■■■■■■■■■■■■■■■■■■■■■■■■■■■■■■■■■■■■| 100% of 173.9 MiB
2026-10-09T05:04:42.3310423Z Chromium 141.0.7390.37 (playwright build v1194) downloaded to /home/runner/.cache/ms-playwright/chromium-1194
2026-10-09T05:04:42.3313690Z Downloading FFMPEG playwright build v1011 from https://cdn.playwright.dev/dbazure/download/playwright/builds/ffmpeg/1011/ffmpeg-linux.zip
2026-10-09T05:04:42.4809733Z |                                                                                |   0% of 2.3 MiB
2026-10-09T05:04:42.4841724Z |■■■■■■■■                                                                        |  10% of 2.3 MiB
2026-10-09T05:04:42.4891865Z |■■■■■■■■■■■■■■■■                                                                |  20% of 2.3 MiB
2026-10-09T05:04:42.4906971Z |■■■■■■■■■■■■■■■■■■■■■■■■                                                        |  30% of 2.3 MiB
2026-10-09T05:04:42.4974395Z |■■■■■■■■■■■■■■■■■■■■■■■■■■■■■■■■                                                |  40% of 2.3 MiB
2026-10-09T05:04:42.5008318Z |■■■■■■■■■■■■■■■■■■■■■■■■■■■■■■■■■■■■■■■■                                        |  50% of 2.3 MiB
2026-10-09T05:04:42.5020785Z |■■■■■■■■■■■■■■■■■■■■■■■■■■■■■■■■■■■■■■■■■■■■■■■■                                |  60% of 2.3 MiB
2026-10-09T05:04:42.5038426Z |■■■■■■■■■■■■■■■■■■■■■■■■■■■■■■■■■■■■■■■■■■■■■■■■■■■■■■■■                        |  70% of 2.3 MiB
2026-10-09T05:04:42.5051560Z |■■■■■■■■■■■■■■■■■■■■■■■■■■■■■■■■■■■■■■■■■■■■■■■■■■■■■■■■■■■■■■■■                |  80% of 2.3 MiB
2026-10-09T05:04:42.5063821Z |■■■■■■■■■■■■■■■■■■■■■■■■■■■■■■■■■■■■■■■■■■■■■■■■■■■■■■■■■■■■■■■■■■■■■■■■        |  90% of 2.3 MiB
2026-10-09T05:04:42.5072433Z |■■■■■■■■■■■■■■■■■■■■■■■■■■■■■■■■■■■■■■■■■■■■■■■■■■■■■■■■■■■■■■■■■■■■■■■■■■■■■■■■| 100% of 2.3 MiB
2026-10-09T05:04:42.5525830Z FFMPEG playwright build v1011 downloaded to /home/runner/.cache/ms-playwright/ffmpeg-1011
2026-10-09T05:04:42.5528875Z Downloading Chromium Headless Shell 141.0.7390.37 (playwright build v1194) from https://cdn.playwright.dev/dbazure/download/playwright/builds/chromium/1194/chromium-headless-shell-linux.zip
2026-10-09T05:04:42.7039427Z |                                                                                |   0% of 104.3 MiB
2026-10-09T05:04:43.1483567Z |■■■■■■■■                                                                        |  10% of 104.3 MiB
2026-10-09T05:04:43.3511333Z |■■■■■■■■■■■■■■■■                                                                |  20% of 104.3 MiB
2026-10-09T05:04:43.5175234Z |■■■■■■■■■■■■■■■■■■■■■■■■                                                        |  30% of 104.3 MiB
2026-10-09T05:04:43.7360801Z |■■■■■■■■■■■■■■■■■■■■■■■■■■■■■■■■                                                |  40% of 104.3 MiB
2026-10-09T05:04:43.8654124Z |■■■■■■■■■■■■■■■■■■■■■■■■■■■■■■■■■■■■■■■■                                        |  50% of 104.3 MiB
2026-10-09T05:04:44.1358998Z |■■■■■■■■■■■■■■■■■■■■■■■■■■■■■■■■■■■■■■■■■■■■■■■■                                |  60% of 104.3 MiB
2026-10-09T05:04:44.3035966Z |■■■■■■■■■■■■■■■■■■■■■■■■■■■■■■■■■■■■■■■■■■■■■■■■■■■■■■■■                        |  70% of 104.3 MiB
2026-10-09T05:04:44.4535575Z |■■■■■■■■■■■■■■■■■■■■■■■■■■■■■■■■■■■■■■■■■■■■■■■■■■■■■■■■■■■■■■■■                |  80% of 104.3 MiB
2026-10-09T05:04:44.6004448Z |■■■■■■■■■■■■■■■■■■■■■■■■■■■■■■■■■■■■■■■■■■■■■■■■■■■■■■■■■■■■■■■■■■■■■■■■        |  90% of 104.3 MiB
2026-10-09T05:04:44.8105246Z |■■■■■■■■■■■■■■■■■■■■■■■■■■■■■■■■■■■■■■■■■■■■■■■■■■■■■■■■■■■■■■■■■■■■■■■■■■■■■■■■| 100% of 104.3 MiB
2026-10-09T05:04:46.1875992Z Chromium Headless Shell 141.0.7390.37 (playwright build v1194) downloaded to /home/runner/.cache/ms-playwright/chromium_headless_shell-1194
2026-10-09T05:04:46.2782659Z ##[group]Run npm test
2026-10-09T05:04:46.2782994Z [36;1mnpm test[0m
2026-10-09T05:04:46.2842526Z shell: /usr/bin/bash -e {0}
2026-10-09T05:04:46.2842773Z ##[endgroup]
2026-10-09T05:04:46.4271712Z 
2026-10-09T05:04:46.4272333Z > partybox-g02-gin-rummy@1.2.1 test
2026-10-09T05:04:46.4274008Z > npm run build && node --test tests/*.test.mjs && node scripts/league.mjs && node scripts/mutations.mjs && node scripts/browser-check.mjs && node scripts/capture.mjs ci-current --public-history --ci-output && node scripts/integrity.mjs
2026-10-09T05:04:46.4275212Z 
2026-10-09T05:04:46.5112635Z 
2026-10-09T05:04:46.5113005Z > partybox-g02-gin-rummy@1.2.1 build
2026-10-09T05:04:46.5113360Z > tsc --noEmit && node scripts/build.mjs
2026-10-09T05:04:46.5113528Z 
2026-10-09T05:04:48.1905625Z TAP version 13
2026-10-09T05:04:48.3140621Z # {"suite":"all-phases","phases":6,"cases":408}
2026-10-09T05:04:48.3161128Z # Subtest: every event family, roster id and bot skill in every delivered phase
2026-10-09T05:04:48.3175530Z ok 1 - every event family, roster id and bot skill in every delivered phase
2026-10-09T05:04:48.3176272Z   ---
2026-10-09T05:04:48.3176734Z   duration_ms: 36.773524
2026-10-09T05:04:48.3177188Z   type: 'test'
2026-10-09T05:04:48.3177561Z   ...
2026-10-09T05:04:48.3181816Z # Subtest: registered prototype-looking ids remain valid players and finite result keys
2026-10-09T05:04:48.3183177Z ok 2 - registered prototype-looking ids remain valid players and finite result keys
2026-10-09T05:04:48.3184405Z   ---
2026-10-09T05:04:48.3184855Z   duration_ms: 1.775602
2026-10-09T05:04:48.3185326Z   type: 'test'
2026-10-09T05:04:48.3185738Z   ...
2026-10-09T05:04:51.4062466Z # {"suite":"batch-discard-proof","hands":1000,"outcomes":10500,"exactLayouts":true}
2026-10-09T05:04:51.4089665Z # Subtest: 10500 batch outcomes retain exact standalone layouts and independent minima
2026-10-09T05:04:51.4091047Z ok 3 - 10500 batch outcomes retain exact standalone layouts and independent minima
2026-10-09T05:04:51.4091938Z   ---
2026-10-09T05:04:51.4092417Z   duration_ms: 3142.433154
2026-10-09T05:04:51.4092908Z   type: 'test'
2026-10-09T05:04:51.4093321Z   ...
2026-10-09T05:04:57.3010771Z # {"suite":"boundary-fuzz","seed":912701,"invalidInputs":1000,"phases":6,"rejectedInputs":6000,"metadataChecks":282,"viewChecks":66}
2026-10-09T05:04:57.3053216Z # Subtest: 1000 seeded invalid JSON inputs and malformed event/identity metadata in every phase
2026-10-09T05:04:57.3054570Z ok 4 - 1000 seeded invalid JSON inputs and malformed event/identity metadata in every phase
2026-10-09T05:04:57.3055429Z   ---
2026-10-09T05:04:57.3055893Z   duration_ms: 78.400301
2026-10-09T05:04:57.3056349Z   type: 'test'
2026-10-09T05:04:57.3056771Z   ...
2026-10-09T05:04:57.3058027Z # {"suite":"mixed-event-replay","phaseStarts":6,"seedsPerPhase":100,"transitions":48000,"changed":12742,"eventFamilies":["input","player","speech","speechStart","timer","vip"]}
2026-10-09T05:04:57.3059729Z # Subtest: mixed event families replay through JSON after every transition from every phase
2026-10-09T05:04:57.3060867Z ok 5 - mixed event families replay through JSON after every transition from every phase
2026-10-09T05:04:57.3061550Z   ---
2026-10-09T05:04:57.3061902Z   duration_ms: 8934.236396
2026-10-09T05:04:57.3062303Z   type: 'test'
2026-10-09T05:04:57.3062718Z   ...
2026-10-09T05:04:57.3160900Z # Subtest: branching target ends retain exact minima, legal chains, layouts and all cards
2026-10-09T05:04:57.3162352Z ok 6 - branching target ends retain exact minima, legal chains, layouts and all cards
2026-10-09T05:04:57.3192631Z   ---
2026-10-09T05:04:57.3193856Z   duration_ms: 39.487316
2026-10-09T05:04:57.3194712Z   type: 'test'
2026-10-09T05:04:57.3195107Z   ...
2026-10-09T05:04:57.3195791Z # Subtest: current source-bound raw proof passes without discarding its largest interval
2026-10-09T05:04:57.3196752Z ok 7 - current source-bound raw proof passes without discarding its largest interval
2026-10-09T05:04:57.3197395Z   ---
2026-10-09T05:04:57.3198405Z   duration_ms: 2.930765
2026-10-09T05:04:57.3198865Z   type: 'test'
2026-10-09T05:04:57.3199746Z   ...
2026-10-09T05:04:57.3200465Z # Subtest: a refreshed inventory cannot accept stale browser or recording source hashes
2026-10-09T05:04:57.3201482Z ok 8 - a refreshed inventory cannot accept stale browser or recording source hashes
2026-10-09T05:04:57.3202078Z   ---
2026-10-09T05:04:57.3202444Z   duration_ms: 12.4792
2026-10-09T05:04:57.3202859Z   type: 'test'
2026-10-09T05:04:57.3203240Z   ...
2026-10-09T05:04:57.3203751Z # Subtest: changed end guards and failed snapshots are rejected
2026-10-09T05:04:57.3204538Z ok 9 - changed end guards and failed snapshots are rejected
2026-10-09T05:04:57.3205161Z   ---
2026-10-09T05:04:57.3205534Z   duration_ms: 9.654731
2026-10-09T05:04:57.3205934Z   type: 'test'
2026-10-09T05:04:57.3206286Z   ...
2026-10-09T05:04:57.3207003Z # Subtest: missing, altered and invalid raw intervals cannot be hidden by good summary fields
2026-10-09T05:04:57.3207959Z ok 10 - missing, altered and invalid raw intervals cannot be hidden by good summary fields
2026-10-09T05:04:57.3208579Z   ---
2026-10-09T05:04:57.3208931Z   duration_ms: 10.382057
2026-10-09T05:04:57.3209572Z   type: 'test'
2026-10-09T05:04:57.3209940Z   ...
2026-10-09T05:04:57.3210527Z # Subtest: reported statistics are recomputed from all retained intervals
2026-10-09T05:04:57.3211357Z ok 11 - reported statistics are recomputed from all retained intervals
2026-10-09T05:04:57.3211937Z   ---
2026-10-09T05:04:57.3212288Z   duration_ms: 13.605657
2026-10-09T05:04:57.3212958Z   type: 'test'
2026-10-09T05:04:57.3213328Z   ...
2026-10-09T05:04:57.3214006Z # Subtest: an honestly recomputed slow raw sample still fails the original frame gate
2026-10-09T05:04:57.3215014Z ok 12 - an honestly recomputed slow raw sample still fails the original frame gate
2026-10-09T05:04:57.3215642Z   ---
2026-10-09T05:04:57.3216003Z   duration_ms: 3.406202
2026-10-09T05:04:57.3216400Z   type: 'test'
2026-10-09T05:04:57.3216777Z   ...
2026-10-09T05:04:57.3217476Z # Subtest: profile dimensions, CPU rates and encoder separation must remain truthful
2026-10-09T05:04:57.3218443Z ok 13 - profile dimensions, CPU rates and encoder separation must remain truthful
2026-10-09T05:04:57.3219202Z   ---
2026-10-09T05:04:57.3219718Z   duration_ms: 8.270131
2026-10-09T05:04:57.3220121Z   type: 'test'
2026-10-09T05:04:57.3220497Z   ...
2026-10-09T05:04:57.3221117Z # Subtest: changed, oversized and falsely labeled recordings are rejected
2026-10-09T05:04:57.3221932Z ok 14 - changed, oversized and falsely labeled recordings are rejected
2026-10-09T05:04:57.3222527Z   ---
2026-10-09T05:04:57.3223081Z   duration_ms: 22.080413
2026-10-09T05:04:57.3223512Z   type: 'test'
2026-10-09T05:04:57.3223881Z   ...
2026-10-09T05:04:57.3224647Z # Subtest: actual capture CLI refuses invalid tags and existing media/report before any browser launch
2026-10-09T05:04:57.3225804Z ok 15 - actual capture CLI refuses invalid tags and existing media/report before any browser launch
2026-10-09T05:04:57.3226522Z   ---
2026-10-09T05:04:57.3226905Z   duration_ms: 659.42278
2026-10-09T05:04:57.3227330Z   type: 'test'
2026-10-09T05:04:57.3227703Z   ...
2026-10-09T05:04:57.3228491Z # Subtest: meld validation rejects impossible card IDs while preserving legitimate edge runs/sets
2026-10-09T05:04:57.3230016Z ok 16 - meld validation rejects impossible card IDs while preserving legitimate edge runs/sets
2026-10-09T05:04:57.3230900Z   ---
2026-10-09T05:04:57.3231271Z   duration_ms: 1.120674
2026-10-09T05:04:57.3231691Z   type: 'test'
2026-10-09T05:04:57.3232074Z   ...
2026-10-09T05:05:14.7981470Z # {"suite":"bot-contract","variant":"standard","players":2,"games":1000,"replays":1000,"totalEvents":261076,"maxEvents":612,"replayChecks":261076,"comparison":"every-event SHA256 and bytes; JSON-roundtrip replay"}
2026-10-09T05:05:37.7853254Z # {"suite":"bot-contract","variant":"standard","players":3,"games":1000,"replays":1000,"totalEvents":286054,"maxEvents":775,"replayChecks":286054,"comparison":"every-event SHA256 and bytes; JSON-roundtrip replay"}
2026-10-09T05:06:05.5839973Z # {"suite":"bot-contract","variant":"standard","players":4,"games":1000,"replays":1000,"totalEvents":343986,"maxEvents":825,"replayChecks":343986,"comparison":"every-event SHA256 and bytes; JSON-roundtrip replay"}
2026-10-09T05:06:26.0698408Z # {"suite":"bot-contract","variant":"oklahoma","players":2,"games":1000,"replays":1000,"totalEvents":256417,"maxEvents":755,"replayChecks":256417,"comparison":"every-event SHA256 and bytes; JSON-roundtrip replay"}
2026-10-09T05:06:47.0593980Z # {"suite":"bot-contract","variant":"oklahoma","players":3,"games":1000,"replays":1000,"totalEvents":269238,"maxEvents":812,"replayChecks":269238,"comparison":"every-event SHA256 and bytes; JSON-roundtrip replay"}
2026-10-09T05:07:12.2987206Z # {"suite":"bot-contract","variant":"oklahoma","players":4,"games":1000,"replays":1000,"totalEvents":316463,"maxEvents":929,"replayChecks":316463,"comparison":"every-event SHA256 and bytes; JSON-roundtrip replay"}
2026-10-09T05:07:21.3988649Z # {"suite":"properties","seeds":1003,"events":420546}
2026-10-09T05:07:23.9198888Z # {"suite":"secrecy","comparisons":7925}
2026-10-09T05:07:23.9402541Z # Subtest: 1000 finished seeded bot games at EACH valid count/edition, hash replay after EVERY event
2026-10-09T05:07:23.9403952Z ok 17 - 1000 finished seeded bot games at EACH valid count/edition, hash replay after EVERY event
2026-10-09T05:07:23.9405098Z   ---
2026-10-09T05:07:23.9405660Z   duration_ms: 142797.850373
2026-10-09T05:07:23.9406168Z   type: 'test'
2026-10-09T05:07:23.9410508Z   ...
2026-10-09T05:07:23.9424527Z # Subtest: property seeds 1,2,3 plus 1000 random seeds: adversarial event sequences and immutability
2026-10-09T05:07:23.9425574Z ok 18 - property seeds 1,2,3 plus 1000 random seeds: adversarial event sequences and immutability
2026-10-09T05:07:23.9426266Z   ---
2026-10-09T05:07:23.9426646Z   duration_ms: 9099.246551
2026-10-09T05:07:23.9426951Z   type: 'test'
2026-10-09T05:07:23.9427253Z   ...
2026-10-09T05:07:23.9427906Z # Subtest: hidden-card/order perturbations never change TV, another controller or bot decisions
2026-10-09T05:07:23.9428797Z ok 19 - hidden-card/order perturbations never change TV, another controller or bot decisions
2026-10-09T05:07:23.9430645Z   ---
2026-10-09T05:07:23.9431302Z   duration_ms: 2520.94988
2026-10-09T05:07:23.9431610Z   type: 'test'
2026-10-09T05:07:23.9431856Z   ...
2026-10-09T05:07:23.9432422Z # Subtest: idle/no-clock matches remain until explicit end, every phase can exit via VIP
2026-10-09T05:07:23.9433247Z ok 20 - idle/no-clock matches remain until explicit end, every phase can exit via VIP
2026-10-09T05:07:23.9433754Z   ---
2026-10-09T05:07:23.9433987Z   duration_ms: 17.62831
2026-10-09T05:07:23.9434259Z   type: 'test'
2026-10-09T05:07:23.9434500Z   ...
2026-10-09T05:07:23.9695449Z # {"suite":"departures","initialCases":1000,"completeMatches":120,"events":17184,"maxAutomatedTransitions":75}
2026-10-09T05:07:23.9696238Z # Subtest: departures in every live phase finish the absent turn without exposing its hand
2026-10-09T05:07:23.9700451Z ok 21 - departures in every live phase finish the absent turn without exposing its hand
2026-10-09T05:07:23.9700977Z   ---
2026-10-09T05:07:23.9701223Z   duration_ms: 20.289485
2026-10-09T05:07:23.9701524Z   type: 'test'
2026-10-09T05:07:23.9701766Z   ...
2026-10-09T05:07:23.9702373Z # Subtest: 1000 departure/drop cases and 120 full matches never leave an absent seat blocking play
2026-10-09T05:07:23.9703273Z ok 22 - 1000 departure/drop cases and 120 full matches never leave an absent seat blocking play
2026-10-09T05:07:23.9703835Z   ---
2026-10-09T05:07:23.9704114Z   duration_ms: 3072.747372
2026-10-09T05:07:23.9704447Z   type: 'test'
2026-10-09T05:07:23.9704720Z   ...
2026-10-09T05:07:23.9705423Z # Subtest: empty rooms pause, reconnect resumes only an automatic pause, and permanent leaves cannot rejoin
2026-10-09T05:07:23.9706488Z ok 23 - empty rooms pause, reconnect resumes only an automatic pause, and permanent leaves cannot rejoin
2026-10-09T05:07:23.9707081Z   ---
2026-10-09T05:07:23.9707727Z   duration_ms: 1.080167
2026-10-09T05:07:23.9708037Z   type: 'test'
2026-10-09T05:07:23.9708303Z   ...
2026-10-09T05:07:23.9708927Z # Subtest: departures during VIP pause drain only on resume; malformed control events do nothing
2026-10-09T05:07:23.9709973Z ok 24 - departures during VIP pause drain only on resume; malformed control events do nothing
2026-10-09T05:07:23.9710498Z   ---
2026-10-09T05:07:23.9710753Z   duration_ms: 0.464712
2026-10-09T05:07:23.9711048Z   type: 'test'
2026-10-09T05:07:23.9711315Z   ...
2026-10-09T05:07:23.9711963Z # {"suite":"deadwood-proof","hands":10000,"tenCard":5000,"elevenCard":5000,"seed":20261008,"checksum":584788}
2026-10-09T05:07:23.9712834Z # Subtest: independent exhaustive meld-subset packing proves 10000 exact minima
2026-10-09T05:07:23.9713573Z ok 25 - independent exhaustive meld-subset packing proves 10000 exact minima
2026-10-09T05:07:23.9714025Z   ---
2026-10-09T05:07:23.9714253Z   duration_ms: 6565.720603
2026-10-09T05:07:23.9714539Z   type: 'test'
2026-10-09T05:07:23.9714788Z   ...
2026-10-09T05:07:23.9715422Z # Subtest: actual Big Gin reducer keeps eleven cards, rejects disabled/incomplete claims and prevents layoffs
2026-10-09T05:07:23.9716391Z ok 26 - actual Big Gin reducer keeps eleven cards, rejects disabled/incomplete claims and prevents layoffs
2026-10-09T05:07:23.9716968Z   ---
2026-10-09T05:07:23.9717210Z   duration_ms: 6.683535
2026-10-09T05:07:23.9717495Z   type: 'test'
2026-10-09T05:07:23.9717758Z   ...
2026-10-09T05:07:23.9718417Z # Subtest: actual Gin/normal knock phases, custom layout rejection, match completion and Oklahoma boxes
2026-10-09T05:07:23.9719840Z ok 27 - actual Gin/normal knock phases, custom layout rejection, match completion and Oklahoma boxes
2026-10-09T05:07:23.9720408Z   ---
2026-10-09T05:07:23.9720668Z   duration_ms: 3.651222
2026-10-09T05:07:23.9720974Z   type: 'test'
2026-10-09T05:07:23.9721253Z   ...
2026-10-09T05:07:23.9721910Z # Subtest: winner-stays queue for every rotation size, drawn hand retains seats, each dealer setting
2026-10-09T05:07:23.9722834Z ok 28 - winner-stays queue for every rotation size, drawn hand retains seats, each dealer setting
2026-10-09T05:07:23.9723385Z   ---
2026-10-09T05:07:23.9723620Z   duration_ms: 1.762619
2026-10-09T05:07:23.9723896Z   type: 'test'
2026-10-09T05:07:23.9724136Z   ...
2026-10-09T05:07:23.9725511Z # {"frameWindow":"READY","profile":"desktop","sourceSha256":"aaaaaaaaaaaaaaaaaaaaaaaaaaaaaaaaaaaaaaaaaaaaaaaaaaaaaaaaaaaaaaaa","attemptNonce":"60657d71-ce5b-4dda-b8cc-11aba5a93202","utc":"2026-10-09T05:04:57.453Z"}
2026-10-09T05:07:23.9727927Z # {"frameWindow":"CLOSED","profile":"desktop","sourceSha256":"aaaaaaaaaaaaaaaaaaaaaaaaaaaaaaaaaaaaaaaaaaaaaaaaaaaaaaaaaaaaaaaa","attemptNonce":"60657d71-ce5b-4dda-b8cc-11aba5a93202","coordination":"root-granted","readyUtc":"2026-10-09T05:04:57.453Z","grantUtc":"2026-10-09T05:04:58.557Z","status":"closed","utc":"2026-10-09T05:04:58.557Z"}
2026-10-09T05:07:23.9731265Z # {"frameWindow":"READY","profile":"desktop","sourceSha256":"aaaaaaaaaaaaaaaaaaaaaaaaaaaaaaaaaaaaaaaaaaaaaaaaaaaaaaaaaaaaaaaa","attemptNonce":"9cc7ce11-8db0-4e07-847f-ef7d6bb58832","utc":"2026-10-09T05:04:58.558Z"}
2026-10-09T05:07:23.9734323Z # {"frameWindow":"CLOSED","profile":"desktop","sourceSha256":"aaaaaaaaaaaaaaaaaaaaaaaaaaaaaaaaaaaaaaaaaaaaaaaaaaaaaaaaaaaaaaaa","attemptNonce":"9cc7ce11-8db0-4e07-847f-ef7d6bb58832","coordination":"root-granted","readyUtc":"2026-10-09T05:04:58.558Z","grantUtc":"2026-10-09T05:04:58.760Z","status":"closed","utc":"2026-10-09T05:04:58.760Z"}
2026-10-09T05:07:23.9736213Z # {"actualGrantCorruptionControls":10,"sequentialAttempts":2}
2026-10-09T05:07:23.9737779Z # {"frameWindow":"READY","profile":"desktop","sourceSha256":"aaaaaaaaaaaaaaaaaaaaaaaaaaaaaaaaaaaaaaaaaaaaaaaaaaaaaaaaaaaaaaaa","attemptNonce":"dd870116-9804-4490-8cfc-bc537e50d1ff","utc":"2026-10-09T05:04:58.764Z"}
2026-10-09T05:07:23.9738899Z # Subtest: actual temporary grants reject stale nonce/source/profile and malformed or extra fields
2026-10-09T05:07:23.9740098Z ok 29 - actual temporary grants reject stale nonce/source/profile and malformed or extra fields
2026-10-09T05:07:23.9740690Z   ---
2026-10-09T05:07:23.9740989Z   duration_ms: 1310.866734
2026-10-09T05:07:23.9741322Z   type: 'test'
2026-10-09T05:07:23.9741593Z   ...
2026-10-09T05:07:23.9743804Z # {"frameWindow":"CLOSED","profile":"desktop","sourceSha256":"aaaaaaaaaaaaaaaaaaaaaaaaaaaaaaaaaaaaaaaaaaaaaaaaaaaaaaaaaaaaaaaa","attemptNonce":"dd870116-9804-4490-8cfc-bc537e50d1ff","coordination":"root-granted","readyUtc":"2026-10-09T05:04:58.764Z","grantUtc":null,"status":"failed","reason":"matching grant timed out","utc":"2026-10-09T05:04:58.864Z"}
2026-10-09T05:07:23.9745219Z # Subtest: actual missing grant fails and writes CLOSED; no configured barrier returns an explicit uncoordinated identity
2026-10-09T05:07:23.9745912Z ok 30 - actual missing grant fails and writes CLOSED; no configured barrier returns an explicit uncoordinated identity
2026-10-09T05:07:23.9746302Z   ---
2026-10-09T05:07:23.9746468Z   duration_ms: 102.805087
2026-10-09T05:07:23.9746681Z   type: 'test'
2026-10-09T05:07:23.9746843Z   ...
2026-10-09T05:07:23.9747468Z # {"suite":"preexisting-gin-draw-matrix","cases":6912,"actualLegalDrawPhaseRoutes":true,"skills":3,"variants":2,"counts":[2,3,4],"suits":4,"endpoints":2,"clockSettings":[0,10]}
2026-10-09T05:07:23.9748421Z # {"suite":"preexisting-gin-hidden-defenders","cases":1000,"choices":3000,"sha256":"2e50741934f3e2fc8cdb29eb066c29fe991f8fc1a2cd24123969b3121ec98db8"}
2026-10-09T05:07:23.9749211Z # {"suite":"preexisting-gin-draw-boundaries","controls":90}
2026-10-09T05:07:23.9750349Z # {"suite":"preexisting-gin-measured-gain","immediatePoints":31,"priorPassRoutePoints":20,"gain":11}
2026-10-09T05:07:23.9751352Z # Subtest: all skills take a guaranteed finishing discard even when ten-card deadwood is already zero
2026-10-09T05:07:23.9752297Z ok 31 - all skills take a guaranteed finishing discard even when ten-card deadwood is already zero
2026-10-09T05:07:23.9752846Z   ---
2026-10-09T05:07:23.9753099Z   duration_ms: 2280.621571
2026-10-09T05:07:23.9753385Z   type: 'test'
2026-10-09T05:07:23.9753628Z   ...
2026-10-09T05:07:23.9754322Z # Subtest: 1000 hidden defender completions keep the same guaranteed choice and exact independent finishing score
2026-10-09T05:07:23.9755305Z ok 32 - 1000 hidden defender completions keep the same guaranteed choice and exact independent finishing score
2026-10-09T05:07:23.9755685Z   ---
2026-10-09T05:07:23.9755847Z   duration_ms: 966.782533
2026-10-09T05:07:23.9756036Z   type: 'test'
2026-10-09T05:07:23.9756202Z   ...
2026-10-09T05:07:23.9756622Z # Subtest: forced stock, unavailable actors, pause and non-finishing discards retain the original legal boundaries
2026-10-09T05:07:23.9757270Z ok 33 - forced stock, unavailable actors, pause and non-finishing discards retain the original legal boundaries
2026-10-09T05:07:23.9757637Z   ---
2026-10-09T05:07:23.9757790Z   duration_ms: 11.41508
2026-10-09T05:07:23.9757978Z   type: 'test'
2026-10-09T05:07:23.9758139Z   ...
2026-10-09T05:07:23.9758538Z # Subtest: the reproduced opening takes 31-point Big Gin instead of passing into a 20-point Gin
2026-10-09T05:07:23.9759074Z ok 34 - the reproduced opening takes 31-point Big Gin instead of passing into a 20-point Gin
2026-10-09T05:07:23.9759686Z   ---
2026-10-09T05:07:23.9759845Z   duration_ms: 1.427355
2026-10-09T05:07:23.9760029Z   type: 'test'
2026-10-09T05:07:23.9760188Z   ...
2026-10-09T05:07:23.9760476Z # {"suite":"strong-guaranteed-gin","cases":72,"knownClassicPoints":22}
2026-10-09T05:07:23.9761239Z # {"suite":"gin-actual-score-dominance","defenders":1000,"ordinaryComparisons":6904,"minGain":21,"sha256":"d57bb9977c2b677288f79cc4dae664d82a2d9bf8316ccc658f30362fdc3130d5"}
2026-10-09T05:07:23.9761920Z # {"suite":"gin-policy-boundaries","forbiddenCases":52,"bigGinCases":12}
2026-10-09T05:07:23.9762440Z # Subtest: Strong takes guaranteed Gin despite public discard danger in every edition/profile/rotation
2026-10-09T05:07:23.9763184Z ok 35 - Strong takes guaranteed Gin despite public discard danger in every edition/profile/rotation
2026-10-09T05:07:23.9763559Z   ---
2026-10-09T05:07:23.9763744Z   duration_ms: 66.886253
2026-10-09T05:07:23.9763990Z   type: 'test'
2026-10-09T05:07:23.9764182Z   ...
2026-10-09T05:07:23.9764584Z # Subtest: actual Gin scoring dominates every legal ordinary knock against 1000 disjoint hidden defenders
2026-10-09T05:07:23.9765188Z ok 36 - actual Gin scoring dominates every legal ordinary knock against 1000 disjoint hidden defenders
2026-10-09T05:07:23.9765574Z   ---
2026-10-09T05:07:23.9765761Z   duration_ms: 1854.763499
2026-10-09T05:07:23.9765979Z   type: 'test'
2026-10-09T05:07:23.9766162Z   ...
2026-10-09T05:07:23.9766588Z # Subtest: Gin priority respects immediate-return prohibition and preserves the existing Big Gin branch
2026-10-09T05:07:23.9767444Z ok 37 - Gin priority respects immediate-return prohibition and preserves the existing Big Gin branch
2026-10-09T05:07:23.9768050Z   ---
2026-10-09T05:07:23.9768337Z   duration_ms: 11.500305
2026-10-09T05:07:23.9768652Z   type: 'test'
2026-10-09T05:07:23.9768933Z   ...
2026-10-09T05:07:23.9769948Z # {"suite":"non-gin-policy-byte-equivalence","states":10000,"decisions":30000,"baselineHead":"72d0f3f4ad4f6b70a8ac6b0ed81121300aa54c1f"}
2026-10-09T05:07:23.9770743Z # Subtest: all 30000 non-Gin bot choices retain the accepted pre-repair behavior
2026-10-09T05:07:23.9771205Z ok 38 - all 30000 non-Gin bot choices retain the accepted pre-repair behavior
2026-10-09T05:07:23.9771515Z   ---
2026-10-09T05:07:23.9771694Z   duration_ms: 2421.202533
2026-10-09T05:07:23.9772028Z   type: 'test'
2026-10-09T05:07:23.9772209Z   ...
2026-10-09T05:07:23.9772759Z # {"suite":"initial-presence-exhaustive","cases":336,"connectionMasks":"all","counts":[2,3,4],"variants":["standard","oklahoma"],"clocks":[0,10]}
2026-10-09T05:07:23.9773298Z # {"suite":"initial-presence-seeded","cases":1000}
2026-10-09T05:07:23.9773749Z # Subtest: known initial presence is handled before either player needs to send an event
2026-10-09T05:07:23.9774314Z ok 39 - known initial presence is handled before either player needs to send an event
2026-10-09T05:07:23.9774649Z   ---
2026-10-09T05:07:23.9774839Z   duration_ms: 283.178164
2026-10-09T05:07:23.9775033Z   type: 'test'
2026-10-09T05:07:23.9775189Z   ...
2026-10-09T05:07:23.9775577Z # Subtest: 1000 seeded initial presence patterns are playable or paused without a duplicate drop event
2026-10-09T05:07:23.9776153Z ok 40 - 1000 seeded initial presence patterns are playable or paused without a duplicate drop event
2026-10-09T05:07:23.9776496Z   ---
2026-10-09T05:07:23.9776655Z   duration_ms: 345.962272
2026-10-09T05:07:23.9776838Z   type: 'test'
2026-10-09T05:07:23.9777007Z   ...
2026-10-09T05:07:23.9777478Z # {"suite":"connected-initialization-byte-equivalence","cases":6000,"baselineHead":"d5fbb39746f8f7900bee57506e8133e8675f48ed"}
2026-10-09T05:07:23.9778089Z # Subtest: all-connected opening states retain the exact 6000 pre-repair JSON states
2026-10-09T05:07:23.9778567Z ok 41 - all-connected opening states retain the exact 6000 pre-repair JSON states
2026-10-09T05:07:23.9778863Z   ---
2026-10-09T05:07:23.9779022Z   duration_ms: 138.43086
2026-10-09T05:07:23.9779202Z   type: 'test'
2026-10-09T05:07:23.9779487Z   ...
2026-10-09T05:07:23.9780319Z # {"suite":"joint-layoff-proof","hands":2000,"twoTarget":1000,"threeTarget":1000,"seed":816777,"checksum":102460,"actualLaidCards":1534}
2026-10-09T05:07:23.9781373Z # Subtest: 2000 independent joint meld/layoff weighted packings including chained extensions
2026-10-09T05:07:23.9782244Z ok 42 - 2000 independent joint meld/layoff weighted packings including chained extensions
2026-10-09T05:07:23.9782772Z   ---
2026-10-09T05:07:23.9783042Z   duration_ms: 4759.142399
2026-10-09T05:07:23.9783351Z   type: 'test'
2026-10-09T05:07:23.9783617Z   ...
2026-10-09T05:07:23.9784221Z # {"suite":"opening-pass-attribution","directPassCases":360,"editions":2,"counts":[2,3,4]}
2026-10-09T05:07:23.9785049Z # {"suite":"pass-valid-ids","cases":240,"ids":["","__proto__","constructor","last"]}
2026-10-09T05:07:23.9785959Z # {"suite":"automatic-pass-attribution","routes":["timer","vip","player"]}
2026-10-09T05:07:23.9786814Z # Subtest: both opening passes identify their actual actors across counts, editions and seeds
2026-10-09T05:07:23.9787712Z ok 43 - both opening passes identify their actual actors across counts, editions and seeds
2026-10-09T05:07:23.9788262Z   ---
2026-10-09T05:07:23.9788539Z   duration_ms: 89.676004
2026-10-09T05:07:23.9788839Z   type: 'test'
2026-10-09T05:07:23.9789095Z   ...
2026-10-09T05:07:23.9789781Z # Subtest: empty and prototype-shaped original IDs retain pass attribution as own keys
2026-10-09T05:07:23.9790651Z ok 44 - empty and prototype-shaped original IDs retain pass attribution as own keys
2026-10-09T05:07:23.9791168Z   ---
2026-10-09T05:07:23.9791428Z   duration_ms: 39.364984
2026-10-09T05:07:23.9791752Z   type: 'test'
2026-10-09T05:07:23.9791954Z   ...
2026-10-09T05:07:23.9792292Z # Subtest: timer, VIP skip and absent-seat automation identify the automatic passer
2026-10-09T05:07:23.9792789Z ok 45 - timer, VIP skip and absent-seat automation identify the automatic passer
2026-10-09T05:07:23.9793097Z   ---
2026-10-09T05:07:23.9793273Z   duration_ms: 2.083357
2026-10-09T05:07:23.9793485Z   type: 'test'
2026-10-09T05:07:23.9793665Z   ...
2026-10-09T05:07:23.9794050Z # Subtest: first raw target winner keeps the crown even when final box settlement reverses points
2026-10-09T05:07:23.9794613Z ok 46 - first raw target winner keeps the crown even when final box settlement reverses points
2026-10-09T05:07:23.9794942Z   ---
2026-10-09T05:07:23.9795217Z   duration_ms: 9.643971
2026-10-09T05:07:23.9795393Z   type: 'test'
2026-10-09T05:07:23.9795555Z   ...
2026-10-09T05:07:23.9795919Z # Subtest: every valid string ID, including empty, wins, earns bonuses and stays in rotation
2026-10-09T05:07:23.9796425Z ok 47 - every valid string ID, including empty, wins, earns bonuses and stays in rotation
2026-10-09T05:07:23.9796739Z   ---
2026-10-09T05:07:23.9796896Z   duration_ms: 15.933765
2026-10-09T05:07:23.9797088Z   type: 'test'
2026-10-09T05:07:23.9797245Z   ...
2026-10-09T05:07:23.9797594Z # Subtest: malformed identity metadata cannot coerce a registered ID, throw or reveal a hand
2026-10-09T05:07:23.9798119Z ok 48 - malformed identity metadata cannot coerce a registered ID, throw or reveal a hand
2026-10-09T05:07:23.9798436Z   ---
2026-10-09T05:07:23.9798585Z   duration_ms: 1.520852
2026-10-09T05:07:23.9798762Z   type: 'test'
2026-10-09T05:07:23.9798921Z   ...
2026-10-09T05:07:23.9799386Z # Subtest: early end preserves earned raw points and reports current standings
2026-10-09T05:07:23.9799979Z ok 49 - early end preserves earned raw points and reports current standings
2026-10-09T05:07:23.9800288Z   ---
2026-10-09T05:07:23.9800461Z   duration_ms: 0.63376
2026-10-09T05:07:23.9800649Z   type: 'test'
2026-10-09T05:07:23.9800857Z   ...
2026-10-09T05:07:23.9801130Z # Subtest: aces low, set cardinality, runs and overlap
2026-10-09T05:07:23.9801480Z ok 50 - aces low, set cardinality, runs and overlap
2026-10-09T05:07:23.9801752Z   ---
2026-10-09T05:07:23.9801949Z   duration_ms: 3.097735
2026-10-09T05:07:23.9802146Z   type: 'test'
2026-10-09T05:07:23.9802334Z   ...
2026-10-09T05:07:23.9802736Z # Subtest: joint meld/layoff optimizer finds chains and forbids gin/deadwood/four-card layoffs
2026-10-09T05:07:23.9803316Z ok 51 - joint meld/layoff optimizer finds chains and forbids gin/deadwood/four-card layoffs
2026-10-09T05:07:23.9803688Z   ---
2026-10-09T05:07:23.9803872Z   duration_ms: 2.959132
2026-10-09T05:07:23.9804078Z   type: 'test'
2026-10-09T05:07:23.9804268Z   ...
2026-10-09T05:07:23.9804584Z # Subtest: every score formula, tie undercut and spade whole-hand doubling
2026-10-09T05:07:23.9805032Z ok 52 - every score formula, tie undercut and spade whole-hand doubling
2026-10-09T05:07:23.9805330Z   ---
2026-10-09T05:07:23.9805509Z   duration_ms: 2.333565
2026-10-09T05:07:23.9805739Z   type: 'test'
2026-10-09T05:07:23.9805915Z   ...
2026-10-09T05:07:23.9806466Z # Subtest: opening offers, forced stock, exact immediate-return restriction, stock draw boundary
2026-10-09T05:07:23.9807083Z ok 53 - opening offers, forced stock, exact immediate-return restriction, stock draw boundary
2026-10-09T05:07:23.9807448Z   ---
2026-10-09T05:07:23.9807644Z   duration_ms: 15.957826
2026-10-09T05:07:23.9807866Z   type: 'test'
2026-10-09T05:07:23.9808046Z   ...
2026-10-09T05:07:23.9808422Z # Subtest: Oklahoma limits / ace / spade configurations from all 52 initial upcards
2026-10-09T05:07:23.9808945Z ok 54 - Oklahoma limits / ace / spade configurations from all 52 initial upcards
2026-10-09T05:07:23.9809374Z   ---
2026-10-09T05:07:23.9809549Z   duration_ms: 24.169516
2026-10-09T05:07:23.9809748Z   type: 'test'
2026-10-09T05:07:23.9809930Z   ...
2026-10-09T05:07:23.9810324Z # Subtest: pause, resume, stale/early timer, spectators, malformed input, late leaver, explicit end
2026-10-09T05:07:23.9810899Z ok 55 - pause, resume, stale/early timer, spectators, malformed input, late leaver, explicit end
2026-10-09T05:07:23.9811232Z   ---
2026-10-09T05:07:23.9811396Z   duration_ms: 2.076227
2026-10-09T05:07:23.9811571Z   type: 'test'
2026-10-09T05:07:23.9812925Z   ...
2026-10-09T05:07:23.9813423Z # Subtest: all required roster settings, default sanitization, exact phase fixtures and manifest
2026-10-09T05:07:23.9814042Z ok 56 - all required roster settings, default sanitization, exact phase fixtures and manifest
2026-10-09T05:07:23.9814404Z   ---
2026-10-09T05:07:23.9814589Z   duration_ms: 109.407332
2026-10-09T05:07:23.9814807Z   type: 'test'
2026-10-09T05:07:23.9814992Z   ...
2026-10-09T05:07:23.9815442Z # {"syntheticGuardCorruptionsRejected":175,"guardedSources":35}
2026-10-09T05:07:23.9815997Z # Subtest: synthetic positive control covers full identities, native timestamps, all hand witnesses and clips
2026-10-09T05:07:23.9816621Z ok 57 - synthetic positive control covers full identities, native timestamps, all hand witnesses and clips
2026-10-09T05:07:23.9816998Z   ---
2026-10-09T05:07:23.9817159Z   duration_ms: 8.147205
2026-10-09T05:07:23.9817340Z   type: 'test'
2026-10-09T05:07:23.9817512Z   ...
2026-10-09T05:07:23.9817883Z # Subtest: every guarded source and each start/end inventory entry rejects a stale hash or omission
2026-10-09T05:07:23.9818443Z ok 58 - every guarded source and each start/end inventory entry rejects a stale hash or omission
2026-10-09T05:07:23.9818820Z   ---
2026-10-09T05:07:23.9819011Z   duration_ms: 146.851056
2026-10-09T05:07:23.9819359Z   type: 'test'
2026-10-09T05:07:23.9819611Z   ...
2026-10-09T05:07:23.9820033Z # Subtest: wrong attempt/profile/page/transport/throttle, filtered samples and fake native clocks fail
2026-10-09T05:07:23.9820656Z ok 59 - wrong attempt/profile/page/transport/throttle, filtered samples and fake native clocks fail
2026-10-09T05:07:23.9821015Z   ---
2026-10-09T05:07:23.9821171Z   duration_ms: 15.29229
2026-10-09T05:07:23.9821349Z   type: 'test'
2026-10-09T05:07:23.9821503Z   ...
2026-10-09T05:07:23.9821894Z # Subtest: missing/invalid timestamp, raw interval or active-frame witness fails despite good summaries
2026-10-09T05:07:23.9822477Z ok 60 - missing/invalid timestamp, raw interval or active-frame witness fails despite good summaries
2026-10-09T05:07:23.9822821Z   ---
2026-10-09T05:07:23.9822983Z   duration_ms: 9.466431
2026-10-09T05:07:23.9823160Z   type: 'test'
2026-10-09T05:07:23.9823317Z   ...
2026-10-09T05:07:23.9823696Z # Subtest: all statistics are recomputed and an honestly reported long interval fails the fixed gate
2026-10-09T05:07:23.9824244Z ok 61 - all statistics are recomputed and an honestly reported long interval fails the fixed gate
2026-10-09T05:07:23.9824581Z   ---
2026-10-09T05:07:23.9824736Z   duration_ms: 6.37887
2026-10-09T05:07:23.9824911Z   type: 'test'
2026-10-09T05:07:23.9825064Z   ...
2026-10-09T05:07:23.9825443Z # Subtest: failed runs, mislabeled clips, altered bytes, outsize media and network/errors are rejected
2026-10-09T05:07:23.9826040Z ok 62 - failed runs, mislabeled clips, altered bytes, outsize media and network/errors are rejected
2026-10-09T05:07:23.9826379Z   ---
2026-10-09T05:07:23.9826735Z   duration_ms: 20.86668
2026-10-09T05:07:23.9826932Z   type: 'test'
2026-10-09T05:07:23.9827106Z   ...
2026-10-09T05:07:23.9827413Z # Subtest: same-timestamp turns cannot share timer instance identity
2026-10-09T05:07:23.9827838Z ok 63 - same-timestamp turns cannot share timer instance identity
2026-10-09T05:07:23.9828119Z   ---
2026-10-09T05:07:23.9828295Z   duration_ms: 7.207906
2026-10-09T05:07:23.9828514Z   type: 'test'
2026-10-09T05:07:23.9828721Z   ...
2026-10-09T05:07:23.9828896Z 1..63
2026-10-09T05:07:23.9829076Z # tests 63
2026-10-09T05:07:23.9829402Z # suites 0
2026-10-09T05:07:23.9829583Z # pass 63
2026-10-09T05:07:23.9829772Z # fail 0
2026-10-09T05:07:23.9829958Z # cancelled 0
2026-10-09T05:07:23.9830137Z # skipped 0
2026-10-09T05:07:23.9830363Z # todo 0
2026-10-09T05:07:23.9830630Z # duration_ms 155799.269963
2026-10-09T05:07:39.2711234Z {"stronger":"sharp","weaker":"normal","games":2000,"wins":1154,"losses":846,"ties":0,"winRate":0.577,"wilsonLower":0.5552205858805168,"events":526685,"pairedSeeds":true}
2026-10-09T05:07:53.5828262Z {"stronger":"normal","weaker":"easy","games":2000,"wins":1743,"losses":257,"ties":0,"winRate":0.8715,"wilsonLower":0.8561180625080238,"events":490034,"pairedSeeds":true}
2026-10-09T05:07:54.0818058Z M01 caught wrong rank
2026-10-09T05:07:54.3066574Z M02 caught wrong suit
2026-10-09T05:07:54.5392106Z M03 caught wrong face value
2026-10-09T05:07:54.7796355Z M04 caught reject three-card meld
2026-10-09T05:07:55.0208783Z M05 caught reject four-card set
2026-10-09T05:07:55.2703379Z M06 caught off-by-one run
2026-10-09T05:07:55.5133930Z M07 caught omit three-card candidate runs
2026-10-09T05:07:55.7520209Z M08 caught omit three-of-kind candidates
2026-10-09T05:07:55.9950823Z M09 caught maximize instead of minimize
2026-10-09T05:07:56.2350833Z M10 caught invert Gin layoff prohibition
2026-10-09T05:07:56.4735312Z M11 caught omit layoffs
2026-10-09T05:07:56.7131808Z M12 caught allow discard after two opening passes
2026-10-09T05:07:56.9426071Z M13 caught allow opening stock draw
2026-10-09T05:07:57.1762749Z M14 caught allow immediate returned upcard
2026-10-09T05:07:57.4191948Z M15 caught continue past two stock cards
2026-10-09T05:07:57.6672847Z M16 caught deny tie undercut
2026-10-09T05:07:57.9167984Z M17 caught subtract opponent Gin deadwood
2026-10-09T05:07:58.1696789Z M18 caught Big Gin wrong bonus
2026-10-09T05:07:58.4154332Z M19 caught reverse undercut difference
2026-10-09T05:07:58.6597093Z M20 caught wrong knock difference
2026-10-09T05:07:58.9044075Z M21 caught ignore double Big Gin
2026-10-09T05:07:59.1296806Z M22 caught Oklahoma ace wrong limit
2026-10-09T05:07:59.3573608Z M23 caught double hearts instead of spades
2026-10-09T05:07:59.6053041Z M24 caught accept stale timer
2026-10-09T05:07:59.8447471Z M25 caught resume omits pause duration
2026-10-09T05:08:00.0932272Z M26 caught attribute opening Pass to next player
2026-10-09T05:08:00.3826822Z {"kind":"full browser proof","started":"2026-10-09T05:08:00.381Z","pid":3817,"sourceStart":{"play.html":"8d562d7a1b592e13f0f6a8e7c2fa492dbeb5e70dab117910842d6ce590bde533","src/core.ts":"aa9a48dbae7f6ba7010a737eeebd2133394970fdaca96c11b118ccf3941cfcf6","src/cards.ts":"e309e103393bc1aaaf10b34e3994de815dd693d1828a61566723b8fba573fdb9","src/browser.ts":"56fb3b450aa29e9dda800a69b187d66d5446e056bf2b89b349a9bef1479131e4","src/play.template.html":"1b5188f105cfd9766f3f19c0a6f3cfa1b522cbd676ec5fde0dbfa1566a09f8c7","../../contract/contract.ts":"c0f999c153074769c99c67ab2a71ad66c879e45e834713f3367b2bde4a1873d5","../../contract/constants.ts":"27cdd23112ea03f344457e6f6e6b5839ff536ebeadbba189751520353aa085ef","../../contract/rng.ts":"7cfcf3024723607e8dd1ce6ccc5683a48d71fcc617947304cc5b9f6d3d7842fe","../../contract/minigame-schema.ts":"2438655eeb8ca658543b475070e6fb3ccb3947f154f57caa3f619c87853c9bbb","../../contract/player-count-schema.ts":"0748d9d9bcf795d0693c37a0f369b262fd8801dec9ab1e4a9a4f5ec23751a189","dist/core.mjs":"b8b48119e5e4be693a0fc75d9b99872c911aaf80a019d8a878f2ae95aa82185d","dist/cards.mjs":"1b8d994514e2de1464f361bddac143b99dfa328037152a89a476bcb1ce5f6c77","dist/contract.mjs":"0d477737fffa3503f35a19d174fce2f29de33bef1769ee5bba2c327ac592101a","scripts/browser-check.mjs":"536587be20208be80ec3bc081be7ff5a23ceeac9bc83ab3a67095084bbbd87dc","scripts/clock-check.mjs":"beba34324460280157fbdffd947f02731437e067fbb6ac816a7e49d2c4e6da19","scripts/meld-check.mjs":"d514a510f1972bdfa0b60d5148c1d42a82efeb4b21f3b799c4e0794054b4b7e4","scripts/results-check.mjs":"c478d1b3f32b71c94f2d5307f2c3b3e1e044edd84833d28e7ffc165f13bd310f","scripts/name-check.mjs":"3802ec077deee82176a892bcb51df0bb268c7ab765851d636faa5ab2228f531f","scripts/host-check.mjs":"e47e9a53aad166af54d78ea28e44ec5defff3e56d69139863113f5c132425b50","scripts/public-history-check.mjs":"5c887f46d5240f1434f173bbd495c560869441b074447d52f4a49878a66a0859","tests/browser-fixture.mjs":"f499940919128006bc90c4cb08eb766677c1bff3ea4dccf02645863a3bc50621","tests/helpers.mjs":"402515edb7b2a6af9548da2a2f1a7fa8f6b220b425da9664bd8c4a3e8b552b2e","scripts/browser-source-guard.mjs":"e5d9304a91ef04963133fe6bbae2c62189da28e917562da5a7cdb856596a1622","scripts/frame-coordination.mjs":"f1d34bfd418b5446a14c2ee3b3ba297eac18ed126d4ee261dffab57224399656","scripts/strict-browser-proof.mjs":"fae9a75d472307307c6eb4781c77f32845ebdade6f4104d859957ce62c1d43d9","scripts/browser-proof.mjs":"3ce834d0a764a4aefc93d0eaf7171f805d4ea5428563bcd976728f65222a8489","scripts/capture.mjs":"72077090f49f70e74c05ee925560a760f1f52b671ccb72d63570d609b9f80985","scripts/build.mjs":"3580cac9f713c9e4c3bfe8a83ec6bef33a64cd30be2c5d27c028b29a6a06fe8e","scripts/integrity.mjs":"7104c27be54110cac7b2d336e594ce0681a578fcb301a863540084619a7e42bb","scripts/check-evidence-links.mjs":"03484934e141e8e0b08e8928bf6f89f48a15f0cfe95b24e94273eebfb1a62842","package.json":"8855d609e12ca7990d525b64c285513acde1420fc6368ccca3a937979253a91b","package-lock.json":"bb2357fee1276cb24714d62a0a02d478e465806f5ec8978034da5594d6fa765a","tsconfig.json":"624efd829d3631cf6a6cc8d7b345e93bb47e713f05162b0ff511ef6cfc0a6ac3","manifest.json":"d079699772d442cda13bf8a41672e7de59d8a62966e07d0c87b8b8e991d84dbb","../../.github/workflows/G02.yml":"b5756e16c1a060cff3a286773fed54a440772bf0e17513a1093bf9af03d882a1"}}
2026-10-09T05:08:11.7468447Z {"frameWindow":"CLOSED","profile":"desktop","sourceSha256":"8d562d7a1b592e13f0f6a8e7c2fa492dbeb5e70dab117910842d6ce590bde533","attemptNonce":"07cc1533-2b80-426c-81e8-12197305d480","coordination":"uncoordinated","readyUtc":null,"grantUtc":null,"status":"samples-written","rawIntervals":600,"utc":"2026-10-09T05:08:11.746Z"}
2026-10-09T05:08:11.9384235Z {"label":"desktop","fps":60.00240009600385,"meanMs":16.665999999999997,"p99Ms":16.800000000000182,"maxMs":16.80000000000109,"networkRequests":0,"pageErrors":0}
2026-10-09T05:08:22.8072259Z {"frameWindow":"CLOSED","profile":"phone4x","sourceSha256":"8d562d7a1b592e13f0f6a8e7c2fa492dbeb5e70dab117910842d6ce590bde533","attemptNonce":"24906dd3-4f76-4e6e-b215-870a75170a5b","coordination":"uncoordinated","readyUtc":null,"grantUtc":null,"status":"samples-written","rawIntervals":600,"utc":"2026-10-09T05:08:22.806Z"}
2026-10-09T05:08:23.0299954Z {"label":"phone4x","fps":60.00240009600384,"meanMs":16.666,"p99Ms":16.800000000000182,"maxMs":16.80000000000109,"networkRequests":0,"pageErrors":0}
2026-10-09T05:08:23.2365146Z {"kind":"synthetic delayed-host-callback and pause regression","elapsedMs":20000,"configuredTurnMs":10000,"firstExpiredCallbackCount":1,"actionsBefore":0,"actionsAfter":1,"deadlineAdvancedOnElapsedTime":true,"visibleCountdown":true,"pausePreservesRemainingTime":true,"entropyCalls":1,"controlledTestSeed":7199}
2026-10-09T05:08:25.1607442Z {"customMeldRegression":[{"label":"desktop","cpuThrottle":1,"namedCardControls":10,"privateDraftCleared":true,"invalidGroupsPreventKnock":true,"closedControlsRestoreAutomaticKnock":true,"revealShowsDeclaredLayout":true,"defenderResolvedDeadwood":0,"undercutPoints":11,"pageErrors":0,"networkRequests":0,"fixture":"initial state only; production reducer, solver and renderer"},{"label":"phone4x","cpuThrottle":4,"namedCardControls":10,"privateDraftCleared":true,"invalidGroupsPreventKnock":true,"closedControlsRestoreAutomaticKnock":true,"revealShowsDeclaredLayout":true,"defenderResolvedDeadwood":0,"undercutPoints":11,"pageErrors":0,"networkRequests":0,"fixture":"initial state only; production reducer, solver and renderer"}]}
2026-10-09T05:08:25.9329942Z {"resultsRegression":[{"label":"desktop","cpuThrottle":1,"targetWinner":"p0","displayedWinner":"Target winner","finalPoints":{"p0":388,"p1":499},"explanationVisible":true,"pageErrors":0,"fixture":"initial state only; production reducer and renderer"},{"label":"phone4x","cpuThrottle":4,"targetWinner":"p0","displayedWinner":"Target winner","finalPoints":{"p0":388,"p1":499},"explanationVisible":true,"pageErrors":0,"fixture":"initial state only; production reducer and renderer"}]}
2026-10-09T05:08:26.4379608Z {"payload":"<svg onload=alert(1)>","renderedAsText":true,"insertedMarkupNodes":0,"dialogs":0,"pageErrors":0,"networkRequests":0,"cpuThrottle":4}
2026-10-09T05:08:28.5219074Z {"runId":"2026-10-09T05-08-00-381Z","passed":true,"sourceUnchanged":true,"extraHostChecks":5,"rows":[{"label":"desktop","fps":60.00240009600385,"p99Ms":16.800000000000182,"maxMs":16.80000000000109,"frameGatePassed":true},{"label":"phone4x","fps":60.00240009600384,"p99Ms":16.800000000000182,"maxMs":16.80000000000109,"frameGatePassed":true}]}
2026-10-09T05:08:28.7683685Z {"kind":"functional recordings","started":"2026-10-09T05:08:28.766Z","pid":4036,"sourceStart":{"play.html":"8d562d7a1b592e13f0f6a8e7c2fa492dbeb5e70dab117910842d6ce590bde533","src/core.ts":"aa9a48dbae7f6ba7010a737eeebd2133394970fdaca96c11b118ccf3941cfcf6","src/cards.ts":"e309e103393bc1aaaf10b34e3994de815dd693d1828a61566723b8fba573fdb9","src/browser.ts":"56fb3b450aa29e9dda800a69b187d66d5446e056bf2b89b349a9bef1479131e4","src/play.template.html":"1b5188f105cfd9766f3f19c0a6f3cfa1b522cbd676ec5fde0dbfa1566a09f8c7","../../contract/contract.ts":"c0f999c153074769c99c67ab2a71ad66c879e45e834713f3367b2bde4a1873d5","../../contract/constants.ts":"27cdd23112ea03f344457e6f6e6b5839ff536ebeadbba189751520353aa085ef","../../contract/rng.ts":"7cfcf3024723607e8dd1ce6ccc5683a48d71fcc617947304cc5b9f6d3d7842fe","../../contract/minigame-schema.ts":"2438655eeb8ca658543b475070e6fb3ccb3947f154f57caa3f619c87853c9bbb","../../contract/player-count-schema.ts":"0748d9d9bcf795d0693c37a0f369b262fd8801dec9ab1e4a9a4f5ec23751a189","dist/core.mjs":"b8b48119e5e4be693a0fc75d9b99872c911aaf80a019d8a878f2ae95aa82185d","dist/cards.mjs":"1b8d994514e2de1464f361bddac143b99dfa328037152a89a476bcb1ce5f6c77","dist/contract.mjs":"0d477737fffa3503f35a19d174fce2f29de33bef1769ee5bba2c327ac592101a","scripts/browser-check.mjs":"536587be20208be80ec3bc081be7ff5a23ceeac9bc83ab3a67095084bbbd87dc","scripts/clock-check.mjs":"beba34324460280157fbdffd947f02731437e067fbb6ac816a7e49d2c4e6da19","scripts/meld-check.mjs":"d514a510f1972bdfa0b60d5148c1d42a82efeb4b21f3b799c4e0794054b4b7e4","scripts/results-check.mjs":"c478d1b3f32b71c94f2d5307f2c3b3e1e044edd84833d28e7ffc165f13bd310f","scripts/name-check.mjs":"3802ec077deee82176a892bcb51df0bb268c7ab765851d636faa5ab2228f531f","scripts/host-check.mjs":"e47e9a53aad166af54d78ea28e44ec5defff3e56d69139863113f5c132425b50","scripts/public-history-check.mjs":"5c887f46d5240f1434f173bbd495c560869441b074447d52f4a49878a66a0859","tests/browser-fixture.mjs":"f499940919128006bc90c4cb08eb766677c1bff3ea4dccf02645863a3bc50621","tests/helpers.mjs":"402515edb7b2a6af9548da2a2f1a7fa8f6b220b425da9664bd8c4a3e8b552b2e","scripts/browser-source-guard.mjs":"e5d9304a91ef04963133fe6bbae2c62189da28e917562da5a7cdb856596a1622","scripts/frame-coordination.mjs":"f1d34bfd418b5446a14c2ee3b3ba297eac18ed126d4ee261dffab57224399656","scripts/strict-browser-proof.mjs":"fae9a75d472307307c6eb4781c77f32845ebdade6f4104d859957ce62c1d43d9","scripts/browser-proof.mjs":"3ce834d0a764a4aefc93d0eaf7171f805d4ea5428563bcd976728f65222a8489","scripts/capture.mjs":"72077090f49f70e74c05ee925560a760f1f52b671ccb72d63570d609b9f80985","scripts/build.mjs":"3580cac9f713c9e4c3bfe8a83ec6bef33a64cd30be2c5d27c028b29a6a06fe8e","scripts/integrity.mjs":"7104c27be54110cac7b2d336e594ce0681a578fcb301a863540084619a7e42bb","scripts/check-evidence-links.mjs":"03484934e141e8e0b08e8928bf6f89f48a15f0cfe95b24e94273eebfb1a62842","package.json":"8855d609e12ca7990d525b64c285513acde1420fc6368ccca3a937979253a91b","package-lock.json":"bb2357fee1276cb24714d62a0a02d478e465806f5ec8978034da5594d6fa765a","tsconfig.json":"624efd829d3631cf6a6cc8d7b345e93bb47e713f05162b0ff511ef6cfc0a6ac3","manifest.json":"d079699772d442cda13bf8a41672e7de59d8a62966e07d0c87b8b8e991d84dbb","../../.github/workflows/G02.yml":"b5756e16c1a060cff3a286773fed54a440772bf0e17513a1093bf9af03d882a1"}}
2026-10-09T05:08:42.4056610Z {"path":".work/browser/ci-current-2026-10-09t05-08-28-753z-desktop.webm","bytes":715641,"sha256":"e0d01d5155408ff807c13f25193c760b0f02c3ff791e754dc0b5a803a0509259","cpuThrottle":1,"viewport":{"width":1920,"height":1080},"performanceMeasurement":false,"newMatchPrivateDomCleared":true,"actualElapsedTimeoutCoveredHand":true,"publicPassHistoryShown":true,"passActors":["Player 1: pass","Player 2: pass"],"networkRequests":0,"pageErrors":0}
2026-10-09T05:08:56.2873436Z {"path":".work/browser/ci-current-2026-10-09t05-08-28-753z-phone4x.webm","bytes":653848,"sha256":"8f8383a18d99be177593dee1825ef15f192937d7507529f3a743a1c9739ad554","cpuThrottle":4,"viewport":{"width":390,"height":844},"performanceMeasurement":false,"newMatchPrivateDomCleared":true,"actualElapsedTimeoutCoveredHand":true,"publicPassHistoryShown":true,"passActors":["Player 1: pass","Player 2: pass"],"networkRequests":0,"pageErrors":0}
2026-10-09T05:08:56.4613218Z {"suite":"committed-browser-proof","sourceMatched":true,"profiles":2,"rawIntervals":1200,"unfiltered":true,"recordingsMatched":2}
2026-10-09T05:08:56.4637389Z {"suite":"evidence-links","localLinks":32,"allLocalFilesExist":true,"externalLinks":2,"externalLinksFetched":false}
2026-10-09T05:08:56.7326355Z {"suite":"integrity","fileHashes":521,"regenerationRuns":2,"byteIdentical":true,"coreNoIo":true,"mediaUnder10MB":true}
2026-10-09T05:08:56.7425647Z {"suite":"strict-current-browser-proof","guardedSources":35,"profiles":2,"rawIntervals":1200,"nativeTimestamps":1202,"activeHandWitnesses":1208,"unfiltered":true,"recordingsMatched":2}
2026-10-09T05:08:56.7568686Z ##[group]Run actions/upload-artifact@v4
2026-10-09T05:08:56.7568919Z with:
2026-10-09T05:08:56.7569093Z   name: G02-browser-evidence
2026-10-09T05:08:56.7570701Z   path: jobs/G02-gin-rummy/.work/browser/*-frames.json
jobs/G02-gin-rummy/.work/browser/report.json
jobs/G02-gin-rummy/.work/browser/captures.json
jobs/G02-gin-rummy/.work/browser/ci-current-*.webm
jobs/G02-gin-rummy/.work/clock-after.json
jobs/G02-gin-rummy/.work/custom-meld-after.json
jobs/G02-gin-rummy/.work/results-after.json
jobs/G02-gin-rummy/.work/name-check.json
jobs/G02-gin-rummy/media/strict-reverify-1900-*.webm
jobs/G02-gin-rummy/evidence/resume-20261008/strict-reverify-1900-captures.json

2026-10-09T05:08:56.7572101Z   include-hidden-files: true
2026-10-09T05:08:56.7572300Z   if-no-files-found: warn
2026-10-09T05:08:56.7572489Z   compression-level: 6
2026-10-09T05:08:56.7572668Z   overwrite: false
2026-10-09T05:08:56.7572841Z ##[endgroup]
2026-10-09T05:08:56.8888089Z (node:4161) [DEP0040] DeprecationWarning: The `punycode` module is deprecated. Please use a userland alternative instead.
2026-10-09T05:08:56.8888754Z (Use `node --trace-deprecation ...` to show where the warning was created)
2026-10-09T05:08:56.9040716Z Multiple search paths detected. Calculating the least common ancestor of all paths
2026-10-09T05:08:56.9042823Z The least common ancestor is /home/runner/work/partybox-game-cores/partybox-game-cores/jobs/G02-gin-rummy. This will be the root directory of the artifact
2026-10-09T05:08:56.9043481Z With the provided path, there will be 13 files uploaded
2026-10-09T05:08:56.9044086Z Artifact name is valid!
2026-10-09T05:08:56.9044317Z Root directory input is valid!
2026-10-09T05:08:57.2362207Z Beginning upload of artifact content to blob storage
2026-10-09T05:08:57.3267544Z (node:4161) [DEP0169] DeprecationWarning: `url.parse()` behavior is not standardized and prone to errors that have security implications. Use the WHATWG URL API instead. CVEs are not issued for `url.parse()` vulnerabilities.
2026-10-09T05:08:57.8694767Z Uploaded bytes 2176362
2026-10-09T05:08:57.9262778Z Finished uploading artifact content to blob storage!
2026-10-09T05:08:57.9263732Z SHA256 digest of uploaded artifact zip is ebc7b3a389e2df3526a36b48d7e2418e924c52485d38e7e836eeb31948458c53
2026-10-09T05:08:57.9264927Z Finalizing artifact upload
2026-10-09T05:08:58.2034510Z Artifact G02-browser-evidence.zip successfully finalized. Artifact ID 11596602554
2026-10-09T05:08:58.2035739Z Artifact G02-browser-evidence has been successfully uploaded! Final size is 2176362 bytes. Artifact ID is 11596602554
2026-10-09T05:08:58.2041744Z Artifact download URL: https://github.com/luisitin/partybox-game-cores/actions/runs/37886788920/artifacts/11596602554
2026-10-09T05:08:58.2194807Z Post job cleanup.
2026-10-09T05:08:58.3237156Z (node:4175) [DEP0040] DeprecationWarning: The `punycode` module is deprecated. Please use a userland alternative instead.
2026-10-09T05:08:58.3237815Z (Use `node --trace-deprecation ...` to show where the warning was created)
2026-10-09T05:08:58.3240272Z Cache hit occurred on the primary key node-cache-Linux-x64-npm-d48b0073b1be2df746cbb2cab1dca64dc5674a863aed54a4ee7f428aad681317, not saving cache.
2026-10-09T05:08:58.3377606Z Post job cleanup.
2026-10-09T05:08:58.4237302Z [command]/usr/bin/git version
2026-10-09T05:08:58.4284120Z git version 2.55.0
2026-10-09T05:08:58.4322955Z Temporarily overriding HOME='/home/runner/work/_temp/b696dc5f-e0af-43f4-a40f-4705696a664b' before making global git config changes
2026-10-09T05:08:58.4324646Z Adding repository directory to the temporary git global config as a safe directory
2026-10-09T05:08:58.4330177Z [command]/usr/bin/git config --global --add safe.directory /home/runner/work/partybox-game-cores/partybox-game-cores
2026-10-09T05:08:58.4376440Z [command]/usr/bin/git config --local --name-only --get-regexp core\.sshCommand
2026-10-09T05:08:58.4442285Z [command]/usr/bin/git submodule foreach --recursive sh -c "git config --local --name-only --get-regexp 'core\.sshCommand' && git config --local --unset-all 'core.sshCommand' || :"
2026-10-09T05:08:58.4705218Z [command]/usr/bin/git config --local --name-only --get-regexp http\.https\:\/\/github\.com\/\.extraheader
2026-10-09T05:08:58.4734854Z http.https://github.com/.extraheader
2026-10-09T05:08:58.4746004Z [command]/usr/bin/git config --local --unset-all http.https://github.com/.extraheader
2026-10-09T05:08:58.4792307Z [command]/usr/bin/git submodule foreach --recursive sh -c "git config --local --name-only --get-regexp 'http\.https\:\/\/github\.com\/\.extraheader' && git config --local --unset-all 'http.https://github.com/.extraheader' || :"
2026-10-09T05:08:58.5090831Z [command]/usr/bin/git config --local --name-only --get-regexp ^includeIf\.gitdir:
2026-10-09T05:08:58.5125955Z [command]/usr/bin/git submodule foreach --recursive git config --local --show-origin --name-only --get-regexp remote.origin.url
2026-10-09T05:08:58.5454599Z Cleaning up orphan processes
2026-10-09T05:08:58.5724055Z ##[warning]Node.js 20 is deprecated. The following actions target Node.js 20 but are being forced to run on Node.js 24: actions/checkout@v4, actions/setup-node@v4, actions/upload-artifact@v4. For more information see: https://github.blog/changelog/2025-09-19-deprecation-of-node-20-on-github-actions-runners/
