2026-10-09T05:40:29.5271164Z Current runner version: '2.337.0'
2026-10-09T05:40:29.5298155Z ##[group]Runner Image Provisioner
2026-10-09T05:40:29.5299085Z Hosted Compute Agent
2026-10-09T05:40:29.5299876Z Version: 20261002.596
2026-10-09T05:40:29.5300607Z Commit: c3d12f3313a95f25162a1503be624f3b0617f8c0
2026-10-09T05:40:29.5301396Z Build Date: 2026-10-02T22:28:27Z
2026-10-09T05:40:29.5302081Z Worker ID: {275426c9-6d37-4514-b1d3-a948bc00194b}
2026-10-09T05:40:29.5303065Z Region: northcentralus
2026-10-09T05:40:29.5303735Z Cloud: Azure
2026-10-09T05:40:29.5304303Z ##[endgroup]
2026-10-09T05:40:29.5305865Z ##[group]Operating System
2026-10-09T05:40:29.5306557Z Ubuntu
2026-10-09T05:40:29.5307058Z 24.04.5
2026-10-09T05:40:29.5307632Z LTS
2026-10-09T05:40:29.5308168Z ##[endgroup]
2026-10-09T05:40:29.5308773Z ##[group]Runner Image
2026-10-09T05:40:29.5309387Z Image: ubuntu-24.04
2026-10-09T05:40:29.5309948Z Version: 20261004.327.1
2026-10-09T05:40:29.5311283Z Included Software: https://github.com/actions/runner-images/blob/ubuntu24/20261004.327/images/ubuntu/Ubuntu2404-Readme.md
2026-10-09T05:40:29.5313214Z Image Release: https://github.com/actions/runner-images/releases/tag/ubuntu24%2F20261004.327
2026-10-09T05:40:29.5314253Z ##[endgroup]
2026-10-09T05:40:29.5315409Z ##[group]GITHUB_TOKEN Permissions
2026-10-09T05:40:29.5317320Z Contents: read
2026-10-09T05:40:29.5317925Z Metadata: read
2026-10-09T05:40:29.5318575Z ##[endgroup]
2026-10-09T05:40:29.5321019Z Secret source: Actions
2026-10-09T05:40:29.5322110Z Cache mode: write
2026-10-09T05:40:29.5323401Z Prepare workflow directory
2026-10-09T05:40:29.6054404Z Prepare all required actions
2026-10-09T05:40:29.6129813Z Getting action download info
2026-10-09T05:40:29.8446748Z Download action repository 'actions/checkout@v4' (SHA:11d5960a326750d5838078e36cf38b85af677262)
2026-10-09T05:40:29.9611767Z Download action repository 'actions/setup-node@v4' (SHA:49933ea5288caeca8642d1e84afbd3f7d6820020)
2026-10-09T05:40:30.0987194Z Download action repository 'actions/upload-artifact@v4' (SHA:ea165f8d65b6e75b540449e92b4886f43607fa02)
2026-10-09T05:40:30.3850080Z Complete job name: browser-bootstrap
2026-10-09T05:40:30.4715243Z ##[group]Run actions/checkout@v4
2026-10-09T05:40:30.4716225Z with:
2026-10-09T05:40:30.4716778Z   ref: 407e528d3008b3dff9f3304b9b3b6ecfffe4a916
2026-10-09T05:40:30.4717503Z   repository: luisitin/partybox-game-cores
2026-10-09T05:40:30.4721454Z   token: ***
2026-10-09T05:40:30.4721954Z   ssh-strict: true
2026-10-09T05:40:30.4722451Z   ssh-user: git
2026-10-09T05:40:30.4723186Z   persist-credentials: true
2026-10-09T05:40:30.4723743Z   clean: true
2026-10-09T05:40:30.4724257Z   sparse-checkout-cone-mode: true
2026-10-09T05:40:30.4724852Z   fetch-depth: 1
2026-10-09T05:40:30.4725336Z   fetch-tags: false
2026-10-09T05:40:30.4725840Z   show-progress: true
2026-10-09T05:40:30.4726360Z   lfs: false
2026-10-09T05:40:30.4726838Z   submodules: false
2026-10-09T05:40:30.4727344Z   set-safe-directory: true
2026-10-09T05:40:30.4727912Z   allow-unsafe-pr-checkout: false
2026-10-09T05:40:30.4728765Z env:
2026-10-09T05:40:30.4729380Z   G02_SOURCE_HEAD: 407e528d3008b3dff9f3304b9b3b6ecfffe4a916
2026-10-09T05:40:30.4730123Z ##[endgroup]
2026-10-09T05:40:30.5874323Z Syncing repository: luisitin/partybox-game-cores
2026-10-09T05:40:30.5878661Z ##[group]Getting Git version info
2026-10-09T05:40:30.5880678Z Working directory is '/home/runner/work/partybox-game-cores/partybox-game-cores'
2026-10-09T05:40:30.5883359Z [command]/usr/bin/git version
2026-10-09T05:40:30.5989145Z git version 2.55.0
2026-10-09T05:40:30.6060265Z ##[endgroup]
2026-10-09T05:40:30.6068327Z Temporarily overriding HOME='/home/runner/work/_temp/d713d7af-cf00-4050-aac9-9e6a43317211' before making global git config changes
2026-10-09T05:40:30.6071111Z Adding repository directory to the temporary git global config as a safe directory
2026-10-09T05:40:30.6073918Z [command]/usr/bin/git config --global --add safe.directory /home/runner/work/partybox-game-cores/partybox-game-cores
2026-10-09T05:40:30.6132198Z Deleting the contents of '/home/runner/work/partybox-game-cores/partybox-game-cores'
2026-10-09T05:40:30.6140115Z ##[group]Initializing the repository
2026-10-09T05:40:30.6141489Z [command]/usr/bin/git init /home/runner/work/partybox-game-cores/partybox-game-cores
2026-10-09T05:40:30.6232988Z hint: Using 'master' as the name for the initial branch. This default branch name
2026-10-09T05:40:30.6234395Z hint: will change to "main" in Git 3.0. To configure the initial branch name
2026-10-09T05:40:30.6235571Z hint: to use in all of your new repositories, which will suppress this warning,
2026-10-09T05:40:30.6236502Z hint: call:
2026-10-09T05:40:30.6237002Z hint:
2026-10-09T05:40:30.6237646Z hint: 	git config --global init.defaultBranch <name>
2026-10-09T05:40:30.6238409Z hint:
2026-10-09T05:40:30.6239127Z hint: Names commonly chosen instead of 'master' are 'main', 'trunk' and
2026-10-09T05:40:30.6240307Z hint: 'development'. The just-created branch can be renamed via this command:
2026-10-09T05:40:30.6241243Z hint:
2026-10-09T05:40:30.6241807Z hint: 	git branch -m <name>
2026-10-09T05:40:30.6242437Z hint:
2026-10-09T05:40:30.6246934Z hint: Disable this message with "git config set advice.defaultBranchName false"
2026-10-09T05:40:30.6248891Z Initialized empty Git repository in /home/runner/work/partybox-game-cores/partybox-game-cores/.git/
2026-10-09T05:40:30.6261128Z [command]/usr/bin/git remote add origin https://github.com/luisitin/partybox-game-cores
2026-10-09T05:40:30.6308907Z ##[endgroup]
2026-10-09T05:40:30.6309875Z ##[group]Disabling automatic garbage collection
2026-10-09T05:40:30.6313735Z [command]/usr/bin/git config --local gc.auto 0
2026-10-09T05:40:30.6423642Z ##[endgroup]
2026-10-09T05:40:30.6425524Z ##[group]Setting up auth
2026-10-09T05:40:30.6426441Z [command]/usr/bin/git config --local --name-only --get-regexp core\.sshCommand
2026-10-09T05:40:30.6428936Z [command]/usr/bin/git submodule foreach --recursive sh -c "git config --local --name-only --get-regexp 'core\.sshCommand' && git config --local --unset-all 'core.sshCommand' || :"
2026-10-09T05:40:30.6769444Z [command]/usr/bin/git config --local --name-only --get-regexp http\.https\:\/\/github\.com\/\.extraheader
2026-10-09T05:40:30.6835719Z [command]/usr/bin/git submodule foreach --recursive sh -c "git config --local --name-only --get-regexp 'http\.https\:\/\/github\.com\/\.extraheader' && git config --local --unset-all 'http.https://github.com/.extraheader' || :"
2026-10-09T05:40:30.7088263Z [command]/usr/bin/git config --local --name-only --get-regexp ^includeIf\.gitdir:
2026-10-09T05:40:30.7125158Z [command]/usr/bin/git submodule foreach --recursive git config --local --show-origin --name-only --get-regexp remote.origin.url
2026-10-09T05:40:30.7363417Z [command]/usr/bin/git config --local http.https://github.com/.extraheader AUTHORIZATION: basic ***
2026-10-09T05:40:30.7406397Z ##[endgroup]
2026-10-09T05:40:30.7408029Z ##[group]Fetching the repository
2026-10-09T05:40:30.7418387Z [command]/usr/bin/git -c protocol.version=2 fetch --no-tags --prune --no-recurse-submodules --depth=1 origin 407e528d3008b3dff9f3304b9b3b6ecfffe4a916
2026-10-09T05:40:32.9187276Z From https://github.com/luisitin/partybox-game-cores
2026-10-09T05:40:32.9190106Z  * branch            407e528d3008b3dff9f3304b9b3b6ecfffe4a916 -> FETCH_HEAD
2026-10-09T05:40:32.9195465Z ##[endgroup]
2026-10-09T05:40:32.9201106Z ##[group]Determining the checkout info
2026-10-09T05:40:32.9203079Z ##[endgroup]
2026-10-09T05:40:32.9203954Z [command]/usr/bin/git sparse-checkout disable
2026-10-09T05:40:32.9254996Z [command]/usr/bin/git config --local --unset-all extensions.worktreeConfig
2026-10-09T05:40:32.9296796Z ##[group]Checking out the ref
2026-10-09T05:40:32.9299990Z [command]/usr/bin/git checkout --progress --force 407e528d3008b3dff9f3304b9b3b6ecfffe4a916
2026-10-09T05:40:33.1196222Z Note: switching to '407e528d3008b3dff9f3304b9b3b6ecfffe4a916'.
2026-10-09T05:40:33.1197846Z 
2026-10-09T05:40:33.1198999Z You are in 'detached HEAD' state. You can look around, make experimental
2026-10-09T05:40:33.1201673Z changes and commit them, and you can discard any commits you make in this
2026-10-09T05:40:33.1205173Z state without impacting any branches by switching back to a branch.
2026-10-09T05:40:33.1206846Z 
2026-10-09T05:40:33.1207952Z If you want to create a new branch to retain commits you create, you may
2026-10-09T05:40:33.1210432Z do so (now or later) by using -c with the switch command. Example:
2026-10-09T05:40:33.1211882Z 
2026-10-09T05:40:33.1212517Z   git switch -c <new-branch-name>
2026-10-09T05:40:33.1213907Z 
2026-10-09T05:40:33.1214705Z Or undo this operation with:
2026-10-09T05:40:33.1215847Z 
2026-10-09T05:40:33.1216547Z   git switch -
2026-10-09T05:40:33.1217495Z 
2026-10-09T05:40:33.1218896Z Turn off this advice by setting config variable advice.detachedHead to false
2026-10-09T05:40:33.1220922Z 
2026-10-09T05:40:33.1222122Z HEAD is now at 407e528 G02 allow explicit material knock capture and retain full checks
2026-10-09T05:40:33.1228333Z ##[endgroup]
2026-10-09T05:40:33.1275206Z [command]/usr/bin/git log -1 --format=%H
2026-10-09T05:40:33.1305046Z 407e528d3008b3dff9f3304b9b3b6ecfffe4a916
2026-10-09T05:40:33.1708674Z ##[group]Run actions/setup-node@v4
2026-10-09T05:40:33.1709892Z with:
2026-10-09T05:40:33.1710787Z   node-version: 22.16.0
2026-10-09T05:40:33.1711780Z   cache: npm
2026-10-09T05:40:33.1713231Z   cache-dependency-path: jobs/G02-gin-rummy/package-lock.json
2026-10-09T05:40:33.1714800Z   always-auth: false
2026-10-09T05:40:33.1715791Z   check-latest: false
2026-10-09T05:40:33.1725465Z   token: ***
2026-10-09T05:40:33.1726364Z env:
2026-10-09T05:40:33.1727451Z   G02_SOURCE_HEAD: 407e528d3008b3dff9f3304b9b3b6ecfffe4a916
2026-10-09T05:40:33.1728899Z ##[endgroup]
2026-10-09T05:40:33.3227042Z Attempting to download 22.16.0...
2026-10-09T05:40:33.3317798Z (node:2294) [DEP0040] DeprecationWarning: The `punycode` module is deprecated. Please use a userland alternative instead.
2026-10-09T05:40:33.3322125Z (Use `node --trace-deprecation ...` to show where the warning was created)
2026-10-09T05:40:33.9004994Z Acquiring 22.16.0 - x64 from https://github.com/actions/node-versions/releases/download/22.16.0-15177438473/node-22.16.0-linux-x64.tar.gz
2026-10-09T05:40:34.3603986Z Extracting ...
2026-10-09T05:40:34.3731374Z [command]/usr/bin/tar xz --strip 1 --warning=no-unknown-keyword --overwrite -C /home/runner/work/_temp/cc3a800e-ea98-404e-ae16-60afd14bea53 -f /home/runner/work/_temp/136cb5f5-52fa-4e6f-95db-b7b27bc9d76d
2026-10-09T05:40:35.5632851Z Adding to the cache ...
2026-10-09T05:40:37.5470428Z ##[group]Environment details
2026-10-09T05:40:37.9244090Z node: v22.16.0
2026-10-09T05:40:37.9244565Z npm: 10.9.2
2026-10-09T05:40:37.9244967Z yarn: 1.22.22
2026-10-09T05:40:37.9245833Z ##[endgroup]
2026-10-09T05:40:37.9266263Z [command]/opt/hostedtoolcache/node/22.16.0/x64/bin/npm config get cache
2026-10-09T05:40:38.0198130Z /home/runner/.npm
2026-10-09T05:40:38.1682224Z Cache hit for: node-cache-Linux-x64-npm-d48b0073b1be2df746cbb2cab1dca64dc5674a863aed54a4ee7f428aad681317
2026-10-09T05:40:38.1799926Z (node:2294) [DEP0169] DeprecationWarning: `url.parse()` behavior is not standardized and prone to errors that have security implications. Use the WHATWG URL API instead. CVEs are not issued for `url.parse()` vulnerabilities.
2026-10-09T05:40:38.8061687Z Received 12676573 of 12676573 (100.0%), 23.8 MBs/sec
2026-10-09T05:40:38.8062446Z Cache Size: ~12 MB (12676573 B)
2026-10-09T05:40:38.8090413Z [command]/usr/bin/tar -xf /home/runner/work/_temp/7d13cf51-ebe6-463a-86a3-2800b164d80a/cache.tzst -P -C /home/runner/work/partybox-game-cores/partybox-game-cores --use-compress-program unzstd
2026-10-09T05:40:38.8530709Z Cache restored successfully
2026-10-09T05:40:38.8541002Z Cache restored from key: node-cache-Linux-x64-npm-d48b0073b1be2df746cbb2cab1dca64dc5674a863aed54a4ee7f428aad681317
2026-10-09T05:40:38.8718455Z ##[group]Run node --input-type=module <<'JS'
2026-10-09T05:40:38.8718903Z [36;1mnode --input-type=module <<'JS'[0m
2026-10-09T05:40:38.8719256Z [36;1mimport assert from 'node:assert/strict';[0m
2026-10-09T05:40:38.8719679Z [36;1mimport {readFile,appendFile} from 'node:fs/promises';[0m
2026-10-09T05:40:38.8720282Z [36;1mimport {createHash} from 'node:crypto';[0m
2026-10-09T05:40:38.8720829Z [36;1mconst request=JSON.parse(await readFile('evidence/audit-20261009/bootstrap-request.json','utf8'));[0m
2026-10-09T05:40:38.8721503Z [36;1massert.equal(request.version,1);assert.equal(typeof request.enabled,'boolean');[0m
2026-10-09T05:40:38.8721955Z [36;1mif(request.enabled){[0m
2026-10-09T05:40:38.8723856Z [36;1m assert(['mandatory one-workflow correction; first capture binding the corrected G02 workflow','verified material Strong Gin-priority repair; first capture for changed game source','verified material Gin draw repair; first capture for changed game source','verified material same-meld finishing knock repair; first capture for changed game source'].includes(request.reason),'explicit material/protocol bootstrap reason required');[0m
2026-10-09T05:40:38.8725588Z [36;1m const sha=bytes=>createHash('sha256').update(bytes).digest('hex');[0m
2026-10-09T05:40:38.8726092Z [36;1m assert.equal(sha(await readFile('src/core.ts')),request.coreSha256);[0m
2026-10-09T05:40:38.8726589Z [36;1m assert.equal(sha(await readFile('play.html')),request.htmlSha256);[0m
2026-10-09T05:40:38.8726963Z [36;1m}[0m
2026-10-09T05:40:38.8727354Z [36;1mawait appendFile(process.env.GITHUB_OUTPUT,'bootstrap='+String(request.enabled)+'\n');[0m
2026-10-09T05:40:38.8728121Z [36;1mconsole.log(JSON.stringify({nativeBootstrapRequested:request.enabled,samplersExecuted:false,reason:request.reason}));[0m
2026-10-09T05:40:38.8728704Z [36;1mJS[0m
2026-10-09T05:40:38.8987076Z shell: /usr/bin/bash -e {0}
2026-10-09T05:40:38.8987411Z env:
2026-10-09T05:40:38.8987748Z   G02_SOURCE_HEAD: 407e528d3008b3dff9f3304b9b3b6ecfffe4a916
2026-10-09T05:40:38.8988158Z ##[endgroup]
2026-10-09T05:40:38.9408625Z {"nativeBootstrapRequested":true,"samplersExecuted":false,"reason":"verified material same-meld finishing knock repair; first capture for changed game source"}
2026-10-09T05:40:38.9491381Z ##[group]Run mkdir -p .work/initial-presence-bootstrap
2026-10-09T05:40:38.9491855Z [36;1mmkdir -p .work/initial-presence-bootstrap[0m
2026-10-09T05:40:38.9492194Z [36;1mnode --input-type=module <<'JS'[0m
2026-10-09T05:40:38.9492848Z [36;1mimport {writeFile} from 'node:fs/promises';[0m
2026-10-09T05:40:38.9493234Z [36;1mimport assert from 'node:assert/strict';[0m
2026-10-09T05:40:38.9493606Z [36;1mimport {execFileSync} from 'node:child_process';[0m
2026-10-09T05:40:38.9495807Z [36;1mconst identity={version:1,head:process.env.G02_SOURCE_HEAD,ref:process.env.GITHUB_REF,sourceBranch:process.env.GITHUB_HEAD_REF,checkoutSha:execFileSync('git',['rev-parse','HEAD'],{encoding:'utf8'}).trim(),runId:process.env.GITHUB_RUN_ID,runAttempt:process.env.GITHUB_RUN_ATTEMPT,job:process.env.GITHUB_JOB,repository:process.env.GITHUB_REPOSITORY,startedUtc:new Date().toISOString(),purpose:'Fresh original browser evidence for an explicitly requested material G02 repair; not full npm-test acceptance.',originalVerifyJobUnchanged:true,physicalPhoneTested:false};[0m
2026-10-09T05:40:38.9498142Z [36;1mawait writeFile('.work/initial-presence-bootstrap/run.json',JSON.stringify(identity,null,2)+'\n');[0m
2026-10-09T05:40:38.9498887Z [36;1massert.equal(identity.runAttempt,'1','this bootstrap must not be rerun to chase a frame pass');[0m
2026-10-09T05:40:38.9499514Z [36;1massert.equal(identity.sourceBranch,'job/G02-gin-rummy-audit-20261009');[0m
2026-10-09T05:40:38.9500162Z [36;1massert.equal(identity.checkoutSha,identity.head,'bootstrap checkout must be the exact source head');[0m
2026-10-09T05:40:38.9500674Z [36;1mJS[0m
2026-10-09T05:40:38.9568166Z shell: /usr/bin/bash -e {0}
2026-10-09T05:40:38.9568428Z env:
2026-10-09T05:40:38.9568691Z   G02_SOURCE_HEAD: 407e528d3008b3dff9f3304b9b3b6ecfffe4a916
2026-10-09T05:40:38.9569022Z ##[endgroup]
2026-10-09T05:40:39.0023833Z ##[group]Run npm ci --ignore-scripts --no-audit --no-fund
2026-10-09T05:40:39.0024298Z [36;1mnpm ci --ignore-scripts --no-audit --no-fund[0m
2026-10-09T05:40:39.0095990Z shell: /usr/bin/bash -e {0}
2026-10-09T05:40:39.0096248Z env:
2026-10-09T05:40:39.0096518Z   G02_SOURCE_HEAD: 407e528d3008b3dff9f3304b9b3b6ecfffe4a916
2026-10-09T05:40:39.0096864Z ##[endgroup]
2026-10-09T05:40:39.9747177Z 
2026-10-09T05:40:39.9747884Z added 6 packages in 908ms
2026-10-09T05:40:40.0243378Z ##[group]Run npx playwright install --with-deps chromium
2026-10-09T05:40:40.0243844Z [36;1mnpx playwright install --with-deps chromium[0m
2026-10-09T05:40:40.0306812Z shell: /usr/bin/bash -e {0}
2026-10-09T05:40:40.0307088Z env:
2026-10-09T05:40:40.0307358Z   G02_SOURCE_HEAD: 407e528d3008b3dff9f3304b9b3b6ecfffe4a916
2026-10-09T05:40:40.0307698Z ##[endgroup]
2026-10-09T05:40:40.9147476Z Installing dependencies...
2026-10-09T05:40:40.9208653Z Switching to root user to install dependencies...
2026-10-09T05:40:41.9248040Z Get:1 https://packages.microsoft.com/ubuntu/24.04/prod noble InRelease [3600 B]
2026-10-09T05:40:41.9694569Z Get:2 file:/etc/apt/apt-mirrors.txt Mirrorlist [144 B]
2026-10-09T05:40:41.9869384Z Hit:3 http://azure.archive.ubuntu.com/ubuntu noble InRelease
2026-10-09T05:40:41.9882189Z Get:4 http://azure.archive.ubuntu.com/ubuntu noble-updates InRelease [126 kB]
2026-10-09T05:40:42.0143568Z Get:5 http://azure.archive.ubuntu.com/ubuntu noble-backports InRelease [126 kB]
2026-10-09T05:40:42.0229183Z Get:6 http://azure.archive.ubuntu.com/ubuntu noble-security InRelease [126 kB]
2026-10-09T05:40:42.1165006Z Get:7 https://packages.microsoft.com/ubuntu/24.04/prod noble/main arm64 Packages [475 kB]
2026-10-09T05:40:42.1369647Z Get:8 https://packages.microsoft.com/ubuntu/24.04/prod noble/main amd64 Packages [531 kB]
2026-10-09T05:40:42.1429143Z Get:9 https://packages.microsoft.com/ubuntu/24.04/prod noble/main all Packages [640 B]
2026-10-09T05:40:42.1455793Z Get:10 https://packages.microsoft.com/ubuntu/24.04/prod noble/main armhf Packages [12.3 kB]
2026-10-09T05:40:42.2526779Z Get:11 http://azure.archive.ubuntu.com/ubuntu noble-updates/main amd64 Packages [1375 kB]
2026-10-09T05:40:42.2614378Z Get:12 http://azure.archive.ubuntu.com/ubuntu noble-updates/main Translation-en [306 kB]
2026-10-09T05:40:42.2644212Z Get:13 http://azure.archive.ubuntu.com/ubuntu noble-updates/universe amd64 Packages [1702 kB]
2026-10-09T05:40:42.2754248Z Get:14 http://azure.archive.ubuntu.com/ubuntu noble-updates/universe Translation-en [342 kB]
2026-10-09T05:40:42.2784536Z Get:15 http://azure.archive.ubuntu.com/ubuntu noble-updates/restricted amd64 Packages [1761 kB]
2026-10-09T05:40:42.2886014Z Get:16 http://azure.archive.ubuntu.com/ubuntu noble-updates/restricted Translation-en [401 kB]
2026-10-09T05:40:42.2897244Z Get:17 http://azure.archive.ubuntu.com/ubuntu noble-updates/multiverse amd64 Packages [55.0 kB]
2026-10-09T05:40:42.2914174Z Get:18 http://azure.archive.ubuntu.com/ubuntu noble-updates/multiverse Translation-en [14.3 kB]
2026-10-09T05:40:42.3591036Z Get:19 http://azure.archive.ubuntu.com/ubuntu noble-security/main amd64 Packages [1118 kB]
2026-10-09T05:40:42.3665907Z Get:20 http://azure.archive.ubuntu.com/ubuntu noble-security/main Translation-en [228 kB]
2026-10-09T05:40:42.4125500Z Get:21 http://azure.archive.ubuntu.com/ubuntu noble-security/universe amd64 Packages [1220 kB]
2026-10-09T05:40:42.4186537Z Get:22 http://azure.archive.ubuntu.com/ubuntu noble-security/universe Translation-en [245 kB]
2026-10-09T05:40:42.4208896Z Get:23 http://azure.archive.ubuntu.com/ubuntu noble-security/restricted amd64 Packages [1667 kB]
2026-10-09T05:40:42.4286339Z Get:24 http://azure.archive.ubuntu.com/ubuntu noble-security/restricted Translation-en [383 kB]
2026-10-09T05:40:42.4310964Z Get:25 http://azure.archive.ubuntu.com/ubuntu noble-security/multiverse amd64 Packages [49.8 kB]
2026-10-09T05:40:42.4324498Z Get:26 http://azure.archive.ubuntu.com/ubuntu noble-security/multiverse Translation-en [12.4 kB]
2026-10-09T05:40:49.5940892Z Fetched 12.3 MB in 2s (8086 kB/s)
2026-10-09T05:40:50.4899538Z Reading package lists...
2026-10-09T05:40:50.5130750Z Reading package lists...
2026-10-09T05:40:50.7081097Z Building dependency tree...
2026-10-09T05:40:50.7088987Z Reading state information...
2026-10-09T05:40:50.8553901Z libasound2t64 is already the newest version (1.2.11-1ubuntu0.3).
2026-10-09T05:40:50.8554788Z libasound2t64 set to manually installed.
2026-10-09T05:40:50.8556441Z libatk-bridge2.0-0t64 is already the newest version (2.52.0-1build1).
2026-10-09T05:40:50.8557436Z libatk-bridge2.0-0t64 set to manually installed.
2026-10-09T05:40:50.8558261Z libatk1.0-0t64 is already the newest version (2.52.0-1build1).
2026-10-09T05:40:50.8558982Z libatk1.0-0t64 set to manually installed.
2026-10-09T05:40:50.8559816Z libatspi2.0-0t64 is already the newest version (2.52.0-1build1).
2026-10-09T05:40:50.8560538Z libatspi2.0-0t64 set to manually installed.
2026-10-09T05:40:50.8561025Z libcairo2 is already the newest version (1.18.0-3build1).
2026-10-09T05:40:50.8561445Z libcairo2 set to manually installed.
2026-10-09T05:40:50.8561879Z libcups2t64 is already the newest version (2.4.7-1.2ubuntu7.14).
2026-10-09T05:40:50.8562298Z libcups2t64 set to manually installed.
2026-10-09T05:40:50.8563085Z libdbus-1-3 is already the newest version (1.14.10-4ubuntu4.1).
2026-10-09T05:40:50.8563691Z libdbus-1-3 set to manually installed.
2026-10-09T05:40:50.8564170Z libdrm2 is already the newest version (2.4.125-1ubuntu0.1~24.04.2).
2026-10-09T05:40:50.8564603Z libdrm2 set to manually installed.
2026-10-09T05:40:50.8565015Z libgbm1 is already the newest version (25.2.8-0ubuntu0.24.04.4).
2026-10-09T05:40:50.8565561Z libgbm1 set to manually installed.
2026-10-09T05:40:50.8566034Z libglib2.0-0t64 is already the newest version (2.80.0-6ubuntu3.9).
2026-10-09T05:40:50.8566468Z libglib2.0-0t64 set to manually installed.
2026-10-09T05:40:50.8566898Z libnspr4 is already the newest version (2:4.35-1.1build1).
2026-10-09T05:40:50.8567294Z libnspr4 set to manually installed.
2026-10-09T05:40:50.8567700Z libnss3 is already the newest version (2:3.98-1ubuntu0.2).
2026-10-09T05:40:50.8568090Z libnss3 set to manually installed.
2026-10-09T05:40:50.8568638Z libpango-1.0-0 is already the newest version (1.52.1+ds-1build1).
2026-10-09T05:40:50.8569155Z libpango-1.0-0 set to manually installed.
2026-10-09T05:40:50.8569569Z libx11-6 is already the newest version (2:1.8.7-1build1).
2026-10-09T05:40:50.8569957Z libx11-6 set to manually installed.
2026-10-09T05:40:50.8570340Z libxcb1 is already the newest version (1.15-1ubuntu2).
2026-10-09T05:40:50.8570709Z libxcb1 set to manually installed.
2026-10-09T05:40:50.8571131Z libxcomposite1 is already the newest version (1:0.4.5-1build3).
2026-10-09T05:40:50.8571555Z libxcomposite1 set to manually installed.
2026-10-09T05:40:50.8571975Z libxdamage1 is already the newest version (1:1.1.6-1build1).
2026-10-09T05:40:50.8572377Z libxdamage1 set to manually installed.
2026-10-09T05:40:50.8573056Z libxext6 is already the newest version (2:1.3.4-1build2).
2026-10-09T05:40:50.8573437Z libxext6 set to manually installed.
2026-10-09T05:40:50.8573831Z libxfixes3 is already the newest version (1:6.0.0-2build1).
2026-10-09T05:40:50.8574221Z libxfixes3 set to manually installed.
2026-10-09T05:40:50.8574639Z libxkbcommon0 is already the newest version (1.6.0-1build1).
2026-10-09T05:40:50.8575042Z libxkbcommon0 set to manually installed.
2026-10-09T05:40:50.8575455Z libxrandr2 is already the newest version (2:1.5.2-2build1).
2026-10-09T05:40:50.8575844Z libxrandr2 set to manually installed.
2026-10-09T05:40:50.8576247Z xvfb is already the newest version (2:21.1.12-1ubuntu1.8).
2026-10-09T05:40:50.8576799Z fonts-noto-color-emoji is already the newest version (2.047-0ubuntu0.24.04.1).
2026-10-09T05:40:50.8577373Z libfontconfig1 is already the newest version (2.15.0-1.1ubuntu2).
2026-10-09T05:40:50.8577795Z libfontconfig1 set to manually installed.
2026-10-09T05:40:50.8578219Z fonts-liberation is already the newest version (1:2.1.5-3).
2026-10-09T05:40:50.8578626Z fonts-liberation set to manually installed.
2026-10-09T05:40:50.8579030Z The following additional packages will be installed:
2026-10-09T05:40:50.8579398Z   xfonts-encodings xfonts-utils
2026-10-09T05:40:50.8579887Z Recommended packages:
2026-10-09T05:40:50.8580175Z   fonts-ipafont-mincho fonts-tlwg-loma
2026-10-09T05:40:50.9047030Z The following NEW packages will be installed:
2026-10-09T05:40:50.9048078Z   fonts-freefont-ttf fonts-ipafont-gothic fonts-tlwg-loma-otf fonts-unifont
2026-10-09T05:40:50.9055620Z   fonts-wqy-zenhei xfonts-cyrillic xfonts-encodings xfonts-scalable
2026-10-09T05:40:50.9056499Z   xfonts-utils
2026-10-09T05:40:50.9060668Z The following packages will be upgraded:
2026-10-09T05:40:50.9065605Z   libfreetype6
2026-10-09T05:40:50.9229872Z 1 upgraded, 9 newly installed, 0 to remove and 22 not upgraded.
2026-10-09T05:40:50.9230343Z Need to get 21.5 MB of archives.
2026-10-09T05:40:50.9230808Z After this operation, 79.5 MB of additional disk space will be used.
2026-10-09T05:40:50.9231792Z Get:1 file:/etc/apt/apt-mirrors.txt Mirrorlist [144 B]
2026-10-09T05:40:50.9603741Z Get:2 http://azure.archive.ubuntu.com/ubuntu noble/universe amd64 fonts-ipafont-gothic all 00303-21ubuntu1 [3513 kB]
2026-10-09T05:40:51.0286675Z Get:3 http://azure.archive.ubuntu.com/ubuntu noble/main amd64 fonts-freefont-ttf all 20211204+svn4273-2 [5641 kB]
2026-10-09T05:40:51.1193783Z Get:4 http://azure.archive.ubuntu.com/ubuntu noble/universe amd64 fonts-tlwg-loma-otf all 1:0.7.3-1 [107 kB]
2026-10-09T05:40:51.1424915Z Get:5 http://azure.archive.ubuntu.com/ubuntu noble/universe amd64 fonts-unifont all 1:15.1.01-1build1 [2993 kB]
2026-10-09T05:40:51.2097527Z Get:6 http://azure.archive.ubuntu.com/ubuntu noble/universe amd64 fonts-wqy-zenhei all 0.9.45-8 [7472 kB]
2026-10-09T05:40:51.3437945Z Get:7 http://azure.archive.ubuntu.com/ubuntu noble-updates/main amd64 libfreetype6 amd64 2.13.2+dfsg-1ubuntu0.2 [403 kB]
2026-10-09T05:40:51.3745294Z Get:8 http://azure.archive.ubuntu.com/ubuntu noble/main amd64 xfonts-encodings all 1:1.0.5-0ubuntu2 [578 kB]
2026-10-09T05:40:51.4060239Z Get:9 http://azure.archive.ubuntu.com/ubuntu noble/main amd64 xfonts-utils amd64 1:7.7+6build3 [94.4 kB]
2026-10-09T05:40:51.4288351Z Get:10 http://azure.archive.ubuntu.com/ubuntu noble/universe amd64 xfonts-cyrillic all 1:1.0.5+nmu1 [384 kB]
2026-10-09T05:40:51.4567245Z Get:11 http://azure.archive.ubuntu.com/ubuntu noble/main amd64 xfonts-scalable all 1:1.0.3-1.3 [304 kB]
2026-10-09T05:40:51.7366994Z Fetched 21.5 MB in 1s (39.2 MB/s)
2026-10-09T05:40:51.8309964Z Selecting previously unselected package fonts-ipafont-gothic.
2026-10-09T05:40:51.9779228Z (Reading database ... 
2026-10-09T05:40:51.9779919Z (Reading database ... 5%
2026-10-09T05:40:51.9780531Z (Reading database ... 10%
2026-10-09T05:40:51.9780927Z (Reading database ... 15%
2026-10-09T05:40:51.9781299Z (Reading database ... 20%
2026-10-09T05:40:51.9781673Z (Reading database ... 25%
2026-10-09T05:40:51.9782034Z (Reading database ... 30%
2026-10-09T05:40:51.9782331Z (Reading database ... 35%
2026-10-09T05:40:51.9782840Z (Reading database ... 40%
2026-10-09T05:40:51.9783613Z (Reading database ... 45%
2026-10-09T05:40:51.9784092Z (Reading database ... 50%
2026-10-09T05:40:52.0575719Z (Reading database ... 55%
2026-10-09T05:40:52.7006246Z (Reading database ... 60%
2026-10-09T05:40:53.0107675Z (Reading database ... 65%
2026-10-09T05:40:53.3068481Z (Reading database ... 70%
2026-10-09T05:40:53.8043278Z (Reading database ... 75%
2026-10-09T05:40:54.6787596Z (Reading database ... 80%
2026-10-09T05:40:56.3053316Z (Reading database ... 85%
2026-10-09T05:40:58.0049145Z (Reading database ... 90%
2026-10-09T05:40:59.0675665Z (Reading database ... 95%
2026-10-09T05:40:59.0676062Z (Reading database ... 100%
2026-10-09T05:40:59.0676576Z (Reading database ... 203191 files and directories currently installed.)
2026-10-09T05:40:59.0720841Z Preparing to unpack .../0-fonts-ipafont-gothic_00303-21ubuntu1_all.deb ...
2026-10-09T05:40:59.0813161Z Unpacking fonts-ipafont-gothic (00303-21ubuntu1) ...
2026-10-09T05:40:59.3049827Z Selecting previously unselected package fonts-freefont-ttf.
2026-10-09T05:40:59.3175925Z Preparing to unpack .../1-fonts-freefont-ttf_20211204+svn4273-2_all.deb ...
2026-10-09T05:40:59.3183728Z Unpacking fonts-freefont-ttf (20211204+svn4273-2) ...
2026-10-09T05:40:59.3955605Z Selecting previously unselected package fonts-tlwg-loma-otf.
2026-10-09T05:40:59.4080927Z Preparing to unpack .../2-fonts-tlwg-loma-otf_1%3a0.7.3-1_all.deb ...
2026-10-09T05:40:59.4088495Z Unpacking fonts-tlwg-loma-otf (1:0.7.3-1) ...
2026-10-09T05:40:59.4405929Z Selecting previously unselected package fonts-unifont.
2026-10-09T05:40:59.4531661Z Preparing to unpack .../3-fonts-unifont_1%3a15.1.01-1build1_all.deb ...
2026-10-09T05:40:59.4538722Z Unpacking fonts-unifont (1:15.1.01-1build1) ...
2026-10-09T05:40:59.5689228Z Selecting previously unselected package fonts-wqy-zenhei.
2026-10-09T05:40:59.5814299Z Preparing to unpack .../4-fonts-wqy-zenhei_0.9.45-8_all.deb ...
2026-10-09T05:40:59.5914081Z Unpacking fonts-wqy-zenhei (0.9.45-8) ...
2026-10-09T05:41:00.0704965Z Preparing to unpack .../5-libfreetype6_2.13.2+dfsg-1ubuntu0.2_amd64.deb ...
2026-10-09T05:41:00.0731589Z Unpacking libfreetype6:amd64 (2.13.2+dfsg-1ubuntu0.2) over (2.13.2+dfsg-1ubuntu0.1) ...
2026-10-09T05:41:00.0974395Z Selecting previously unselected package xfonts-encodings.
2026-10-09T05:41:00.1100063Z Preparing to unpack .../6-xfonts-encodings_1%3a1.0.5-0ubuntu2_all.deb ...
2026-10-09T05:41:00.1106831Z Unpacking xfonts-encodings (1:1.0.5-0ubuntu2) ...
2026-10-09T05:41:00.1397767Z Selecting previously unselected package xfonts-utils.
2026-10-09T05:41:00.1522291Z Preparing to unpack .../7-xfonts-utils_1%3a7.7+6build3_amd64.deb ...
2026-10-09T05:41:00.1528564Z Unpacking xfonts-utils (1:7.7+6build3) ...
2026-10-09T05:41:00.2834709Z Selecting previously unselected package xfonts-cyrillic.
2026-10-09T05:41:00.2959244Z Preparing to unpack .../8-xfonts-cyrillic_1%3a1.0.5+nmu1_all.deb ...
2026-10-09T05:41:00.2967059Z Unpacking xfonts-cyrillic (1:1.0.5+nmu1) ...
2026-10-09T05:41:00.3297359Z Selecting previously unselected package xfonts-scalable.
2026-10-09T05:41:00.3422900Z Preparing to unpack .../9-xfonts-scalable_1%3a1.0.3-1.3_all.deb ...
2026-10-09T05:41:00.3429476Z Unpacking xfonts-scalable (1:1.0.3-1.3) ...
2026-10-09T05:41:00.3864387Z Setting up fonts-wqy-zenhei (0.9.45-8) ...
2026-10-09T05:41:00.3977113Z Setting up fonts-freefont-ttf (20211204+svn4273-2) ...
2026-10-09T05:41:00.3994131Z Setting up fonts-tlwg-loma-otf (1:0.7.3-1) ...
2026-10-09T05:41:00.4010960Z Setting up libfreetype6:amd64 (2.13.2+dfsg-1ubuntu0.2) ...
2026-10-09T05:41:00.4029884Z Setting up xfonts-encodings (1:1.0.5-0ubuntu2) ...
2026-10-09T05:41:00.4048944Z Setting up fonts-ipafont-gothic (00303-21ubuntu1) ...
2026-10-09T05:41:00.4111853Z update-alternatives: using /usr/share/fonts/opentype/ipafont-gothic/ipag.ttf to provide /usr/share/fonts/truetype/fonts-japanese-gothic.ttf (fonts-japanese-gothic.ttf) in auto mode
2026-10-09T05:41:00.4135043Z Setting up fonts-unifont (1:15.1.01-1build1) ...
2026-10-09T05:41:00.4152569Z Setting up xfonts-utils (1:7.7+6build3) ...
2026-10-09T05:41:00.4188155Z Setting up xfonts-cyrillic (1:1.0.5+nmu1) ...
2026-10-09T05:41:00.4506632Z Setting up xfonts-scalable (1:1.0.3-1.3) ...
2026-10-09T05:41:00.4814021Z Processing triggers for libc-bin (2.39-0ubuntu8.9) ...
2026-10-09T05:41:00.5855780Z Processing triggers for man-db (2.12.0-4build2) ...
2026-10-09T05:41:00.5875013Z Not building database; man-db/auto-update is not 'true'.
2026-10-09T05:41:00.5885348Z Processing triggers for fontconfig (2.15.0-1.1ubuntu2) ...
2026-10-09T05:41:02.6966231Z 
2026-10-09T05:41:02.6966854Z Running kernel seems to be up-to-date.
2026-10-09T05:41:02.6967396Z 
2026-10-09T05:41:02.6967609Z Restarting services...
2026-10-09T05:41:02.7040723Z  systemctl restart php8.3-fpm.service
2026-10-09T05:41:02.8063761Z 
2026-10-09T05:41:02.8064387Z No containers need to be restarted.
2026-10-09T05:41:02.8064660Z 
2026-10-09T05:41:02.8065180Z No user sessions are running outdated binaries.
2026-10-09T05:41:02.8065556Z 
2026-10-09T05:41:02.8066119Z No VM guests are running outdated hypervisor (qemu) binaries on this host.
2026-10-09T05:41:03.6808770Z Downloading Chromium 141.0.7390.37 (playwright build v1194) from https://cdn.playwright.dev/dbazure/download/playwright/builds/chromium/1194/chromium-linux.zip
2026-10-09T05:41:03.8515956Z |                                                                                |   0% of 173.9 MiB
2026-10-09T05:41:03.9999024Z |■■■■■■■■                                                                        |  10% of 173.9 MiB
2026-10-09T05:41:04.1917219Z |■■■■■■■■■■■■■■■■                                                                |  20% of 173.9 MiB
2026-10-09T05:41:04.3491805Z |■■■■■■■■■■■■■■■■■■■■■■■■                                                        |  30% of 173.9 MiB
2026-10-09T05:41:04.5009973Z |■■■■■■■■■■■■■■■■■■■■■■■■■■■■■■■■                                                |  40% of 173.9 MiB
2026-10-09T05:41:04.6899079Z |■■■■■■■■■■■■■■■■■■■■■■■■■■■■■■■■■■■■■■■■                                        |  50% of 173.9 MiB
2026-10-09T05:41:04.8276986Z |■■■■■■■■■■■■■■■■■■■■■■■■■■■■■■■■■■■■■■■■■■■■■■■■                                |  60% of 173.9 MiB
2026-10-09T05:41:04.9484898Z |■■■■■■■■■■■■■■■■■■■■■■■■■■■■■■■■■■■■■■■■■■■■■■■■■■■■■■■■                        |  70% of 173.9 MiB
2026-10-09T05:41:05.0414314Z |■■■■■■■■■■■■■■■■■■■■■■■■■■■■■■■■■■■■■■■■■■■■■■■■■■■■■■■■■■■■■■■■                |  80% of 173.9 MiB
2026-10-09T05:41:05.1922382Z |■■■■■■■■■■■■■■■■■■■■■■■■■■■■■■■■■■■■■■■■■■■■■■■■■■■■■■■■■■■■■■■■■■■■■■■■        |  90% of 173.9 MiB
2026-10-09T05:41:05.3298704Z |■■■■■■■■■■■■■■■■■■■■■■■■■■■■■■■■■■■■■■■■■■■■■■■■■■■■■■■■■■■■■■■■■■■■■■■■■■■■■■■■| 100% of 173.9 MiB
2026-10-09T05:41:09.1499650Z Chromium 141.0.7390.37 (playwright build v1194) downloaded to /home/runner/.cache/ms-playwright/chromium-1194
2026-10-09T05:41:09.1503632Z Downloading FFMPEG playwright build v1011 from https://cdn.playwright.dev/dbazure/download/playwright/builds/ffmpeg/1011/ffmpeg-linux.zip
2026-10-09T05:41:09.2975170Z |                                                                                |   0% of 2.3 MiB
2026-10-09T05:41:09.3109830Z |■■■■■■■■                                                                        |  10% of 2.3 MiB
2026-10-09T05:41:09.3150984Z |■■■■■■■■■■■■■■■■                                                                |  20% of 2.3 MiB
2026-10-09T05:41:09.3178205Z |■■■■■■■■■■■■■■■■■■■■■■■■                                                        |  30% of 2.3 MiB
2026-10-09T05:41:09.3196071Z |■■■■■■■■■■■■■■■■■■■■■■■■■■■■■■■■                                                |  40% of 2.3 MiB
2026-10-09T05:41:09.3217309Z |■■■■■■■■■■■■■■■■■■■■■■■■■■■■■■■■■■■■■■■■                                        |  50% of 2.3 MiB
2026-10-09T05:41:09.3226592Z |■■■■■■■■■■■■■■■■■■■■■■■■■■■■■■■■■■■■■■■■■■■■■■■■                                |  60% of 2.3 MiB
2026-10-09T05:41:09.3254923Z |■■■■■■■■■■■■■■■■■■■■■■■■■■■■■■■■■■■■■■■■■■■■■■■■■■■■■■■■                        |  70% of 2.3 MiB
2026-10-09T05:41:09.3275819Z |■■■■■■■■■■■■■■■■■■■■■■■■■■■■■■■■■■■■■■■■■■■■■■■■■■■■■■■■■■■■■■■■                |  80% of 2.3 MiB
2026-10-09T05:41:09.3296840Z |■■■■■■■■■■■■■■■■■■■■■■■■■■■■■■■■■■■■■■■■■■■■■■■■■■■■■■■■■■■■■■■■■■■■■■■■        |  90% of 2.3 MiB
2026-10-09T05:41:09.3312949Z |■■■■■■■■■■■■■■■■■■■■■■■■■■■■■■■■■■■■■■■■■■■■■■■■■■■■■■■■■■■■■■■■■■■■■■■■■■■■■■■■| 100% of 2.3 MiB
2026-10-09T05:41:09.3883492Z FFMPEG playwright build v1011 downloaded to /home/runner/.cache/ms-playwright/ffmpeg-1011
2026-10-09T05:41:09.3887765Z Downloading Chromium Headless Shell 141.0.7390.37 (playwright build v1194) from https://cdn.playwright.dev/dbazure/download/playwright/builds/chromium/1194/chromium-headless-shell-linux.zip
2026-10-09T05:41:09.5382416Z |                                                                                |   0% of 104.3 MiB
2026-10-09T05:41:09.6377453Z |■■■■■■■■                                                                        |  10% of 104.3 MiB
2026-10-09T05:41:09.7037869Z |■■■■■■■■■■■■■■■■                                                                |  20% of 104.3 MiB
2026-10-09T05:41:09.7604053Z |■■■■■■■■■■■■■■■■■■■■■■■■                                                        |  30% of 104.3 MiB
2026-10-09T05:41:09.8124627Z |■■■■■■■■■■■■■■■■■■■■■■■■■■■■■■■■                                                |  40% of 104.3 MiB
2026-10-09T05:41:09.8558355Z |■■■■■■■■■■■■■■■■■■■■■■■■■■■■■■■■■■■■■■■■                                        |  50% of 104.3 MiB
2026-10-09T05:41:09.9033145Z |■■■■■■■■■■■■■■■■■■■■■■■■■■■■■■■■■■■■■■■■■■■■■■■■                                |  60% of 104.3 MiB
2026-10-09T05:41:09.9481145Z |■■■■■■■■■■■■■■■■■■■■■■■■■■■■■■■■■■■■■■■■■■■■■■■■■■■■■■■■                        |  70% of 104.3 MiB
2026-10-09T05:41:09.9898618Z |■■■■■■■■■■■■■■■■■■■■■■■■■■■■■■■■■■■■■■■■■■■■■■■■■■■■■■■■■■■■■■■■                |  80% of 104.3 MiB
2026-10-09T05:41:10.0360019Z |■■■■■■■■■■■■■■■■■■■■■■■■■■■■■■■■■■■■■■■■■■■■■■■■■■■■■■■■■■■■■■■■■■■■■■■■        |  90% of 104.3 MiB
2026-10-09T05:41:10.0874636Z |■■■■■■■■■■■■■■■■■■■■■■■■■■■■■■■■■■■■■■■■■■■■■■■■■■■■■■■■■■■■■■■■■■■■■■■■■■■■■■■■| 100% of 104.3 MiB
2026-10-09T05:41:12.0683818Z Chromium Headless Shell 141.0.7390.37 (playwright build v1194) downloaded to /home/runner/.cache/ms-playwright/chromium_headless_shell-1194
2026-10-09T05:41:12.5199308Z ##[group]Run npm run build
2026-10-09T05:41:12.5199617Z [36;1mnpm run build[0m
2026-10-09T05:41:12.5261873Z shell: /usr/bin/bash -e {0}
2026-10-09T05:41:12.5262140Z env:
2026-10-09T05:41:12.5262403Z   G02_SOURCE_HEAD: 407e528d3008b3dff9f3304b9b3b6ecfffe4a916
2026-10-09T05:41:12.5263011Z ##[endgroup]
2026-10-09T05:41:12.6265376Z 
2026-10-09T05:41:12.6265972Z > partybox-g02-gin-rummy@1.2.1 build
2026-10-09T05:41:12.6266512Z > tsc --noEmit && node scripts/build.mjs
2026-10-09T05:41:12.6266782Z 
2026-10-09T05:41:14.6342470Z ##[group]Run git diff --exit-code -- play.html
2026-10-09T05:41:14.6343448Z [36;1mgit diff --exit-code -- play.html[0m
2026-10-09T05:41:14.6434629Z shell: /usr/bin/bash -e {0}
2026-10-09T05:41:14.6434911Z env:
2026-10-09T05:41:14.6435190Z   G02_SOURCE_HEAD: 407e528d3008b3dff9f3304b9b3b6ecfffe4a916
2026-10-09T05:41:14.6435530Z ##[endgroup]
2026-10-09T05:41:14.7705664Z ##[group]Run node --input-type=module <<'JS'
2026-10-09T05:41:14.7706243Z [36;1mnode --input-type=module <<'JS'[0m
2026-10-09T05:41:14.7706582Z [36;1mimport assert from 'node:assert/strict';[0m
2026-10-09T05:41:14.7706992Z [36;1mimport {readFile,writeFile,mkdir} from 'node:fs/promises';[0m
2026-10-09T05:41:14.7707388Z [36;1mimport {dirname} from 'node:path';[0m
2026-10-09T05:41:14.7707936Z [36;1mimport {browserSourcePaths,browserSourceHashes,sha256} from './scripts/browser-source-guard.mjs';[0m
2026-10-09T05:41:14.7708697Z [36;1mconst base='.work/initial-presence-bootstrap',sources=await browserSourceHashes(),copied=[];[0m
2026-10-09T05:41:14.7709204Z [36;1mconst destination=path=>{[0m
2026-10-09T05:41:14.7709725Z [36;1m  if(path.startsWith('../../contract/'))return base+'/sources/contract/'+path.slice('../../contract/'.length);[0m
2026-10-09T05:41:14.7710421Z [36;1m  if(path==='../../.github/workflows/G02.yml')return base+'/sources/workflow/G02.yml';[0m
2026-10-09T05:41:14.7711071Z [36;1m  assert(!path.startsWith('../')&&!path.startsWith('/'));return base+'/sources/job/'+path;[0m
2026-10-09T05:41:14.7711564Z [36;1m};[0m
2026-10-09T05:41:14.7711910Z [36;1mfor(const path of browserSourcePaths){[0m
2026-10-09T05:41:14.7712836Z [36;1m  const bytes=await readFile(path),target=destination(path);assert.equal(sha256(bytes),sources[path]);[0m
2026-10-09T05:41:14.7713594Z [36;1m  await mkdir(dirname(target),{recursive:true});await writeFile(target,bytes);[0m
2026-10-09T05:41:14.7714460Z [36;1m  copied.push({originalPath:path,artifactPath:target,bytes:bytes.length,sha256:sha256(bytes)});[0m
2026-10-09T05:41:14.7715080Z [36;1m}[0m
2026-10-09T05:41:14.7715422Z [36;1mconst additionalSources={},additionalCopied=[];[0m
2026-10-09T05:41:14.7716513Z [36;1mfor(const [originalPath,artifactPath] of [['../../contract/package.json',base+'/sources/contract/package.json'],['evidence/audit-20261009/bootstrap-request.json',base+'/bootstrap-request.json']]){[0m
2026-10-09T05:41:14.7718073Z [36;1m const bytes=await readFile(originalPath);additionalSources[originalPath]=sha256(bytes);await writeFile(artifactPath,bytes);additionalCopied.push({originalPath,artifactPath,bytes:bytes.length,sha256:sha256(bytes)});[0m
2026-10-09T05:41:14.7719165Z [36;1m}[0m
2026-10-09T05:41:14.7719610Z [36;1mconst bootstrap=await readFile('../../.github/workflows/G02.yml');[0m
2026-10-09T05:41:14.7720212Z [36;1mawait writeFile(base+'/bootstrap-workflow.yml',bootstrap);[0m
2026-10-09T05:41:14.7731717Z [36;1mawait writeFile(base+'/source-start.json',JSON.stringify(sources,null,2)+'\n');[0m
2026-10-09T05:41:14.7733458Z [36;1mawait writeFile(base+'/source-copy-index.json',JSON.stringify({version:1,head:process.env.G02_SOURCE_HEAD,originalGuardedSources:browserSourcePaths.length,bootstrapWorkflowSha256:sha256(bootstrap),additionalSources,additionalCopied,copied},null,2)+'\n');[0m
2026-10-09T05:41:14.7734619Z [36;1massert.equal(copied.length,35);[0m
2026-10-09T05:41:14.7735198Z [36;1mconsole.log(JSON.stringify({preservedOriginalInputs:copied.length,head:process.env.G02_SOURCE_HEAD}));[0m
2026-10-09T05:41:14.7735745Z [36;1mJS[0m
2026-10-09T05:41:14.7797342Z shell: /usr/bin/bash -e {0}
2026-10-09T05:41:14.7797606Z env:
2026-10-09T05:41:14.7797870Z   G02_SOURCE_HEAD: 407e528d3008b3dff9f3304b9b3b6ecfffe4a916
2026-10-09T05:41:14.7798212Z ##[endgroup]
2026-10-09T05:41:14.8463984Z {"preservedOriginalInputs":35,"head":"407e528d3008b3dff9f3304b9b3b6ecfffe4a916"}
2026-10-09T05:41:14.8528268Z ##[group]Run node scripts/browser-check.mjs
2026-10-09T05:41:14.8528642Z [36;1mnode scripts/browser-check.mjs[0m
2026-10-09T05:41:14.8592368Z shell: /usr/bin/bash -e {0}
2026-10-09T05:41:14.8592796Z env:
2026-10-09T05:41:14.8593066Z   G02_SOURCE_HEAD: 407e528d3008b3dff9f3304b9b3b6ecfffe4a916
2026-10-09T05:41:14.8593402Z ##[endgroup]
2026-10-09T05:41:15.2606712Z {"kind":"full browser proof","started":"2026-10-09T05:41:15.258Z","pid":3233,"sourceStart":{"play.html":"0329573fde228c5d7bde7226f41914592a746fd934a8aeb4be9c4ba251bb66e2","src/core.ts":"0ab6faaab888559655dc0ec866a58273cde4440a68db7c1d17c2c65762181bb0","src/cards.ts":"e309e103393bc1aaaf10b34e3994de815dd693d1828a61566723b8fba573fdb9","src/browser.ts":"56fb3b450aa29e9dda800a69b187d66d5446e056bf2b89b349a9bef1479131e4","src/play.template.html":"1b5188f105cfd9766f3f19c0a6f3cfa1b522cbd676ec5fde0dbfa1566a09f8c7","../../contract/contract.ts":"c0f999c153074769c99c67ab2a71ad66c879e45e834713f3367b2bde4a1873d5","../../contract/constants.ts":"27cdd23112ea03f344457e6f6e6b5839ff536ebeadbba189751520353aa085ef","../../contract/rng.ts":"7cfcf3024723607e8dd1ce6ccc5683a48d71fcc617947304cc5b9f6d3d7842fe","../../contract/minigame-schema.ts":"2438655eeb8ca658543b475070e6fb3ccb3947f154f57caa3f619c87853c9bbb","../../contract/player-count-schema.ts":"0748d9d9bcf795d0693c37a0f369b262fd8801dec9ab1e4a9a4f5ec23751a189","dist/core.mjs":"432cae2754d7e96770c5e5e1aed4a6a0f92592ec5d8a3257762f25dc86c24cc4","dist/cards.mjs":"1b8d994514e2de1464f361bddac143b99dfa328037152a89a476bcb1ce5f6c77","dist/contract.mjs":"0d477737fffa3503f35a19d174fce2f29de33bef1769ee5bba2c327ac592101a","scripts/browser-check.mjs":"536587be20208be80ec3bc081be7ff5a23ceeac9bc83ab3a67095084bbbd87dc","scripts/clock-check.mjs":"beba34324460280157fbdffd947f02731437e067fbb6ac816a7e49d2c4e6da19","scripts/meld-check.mjs":"d514a510f1972bdfa0b60d5148c1d42a82efeb4b21f3b799c4e0794054b4b7e4","scripts/results-check.mjs":"c478d1b3f32b71c94f2d5307f2c3b3e1e044edd84833d28e7ffc165f13bd310f","scripts/name-check.mjs":"3802ec077deee82176a892bcb51df0bb268c7ab765851d636faa5ab2228f531f","scripts/host-check.mjs":"e47e9a53aad166af54d78ea28e44ec5defff3e56d69139863113f5c132425b50","scripts/public-history-check.mjs":"5c887f46d5240f1434f173bbd495c560869441b074447d52f4a49878a66a0859","tests/browser-fixture.mjs":"f499940919128006bc90c4cb08eb766677c1bff3ea4dccf02645863a3bc50621","tests/helpers.mjs":"402515edb7b2a6af9548da2a2f1a7fa8f6b220b425da9664bd8c4a3e8b552b2e","scripts/browser-source-guard.mjs":"e5d9304a91ef04963133fe6bbae2c62189da28e917562da5a7cdb856596a1622","scripts/frame-coordination.mjs":"f1d34bfd418b5446a14c2ee3b3ba297eac18ed126d4ee261dffab57224399656","scripts/strict-browser-proof.mjs":"fae9a75d472307307c6eb4781c77f32845ebdade6f4104d859957ce62c1d43d9","scripts/browser-proof.mjs":"3ce834d0a764a4aefc93d0eaf7171f805d4ea5428563bcd976728f65222a8489","scripts/capture.mjs":"72077090f49f70e74c05ee925560a760f1f52b671ccb72d63570d609b9f80985","scripts/build.mjs":"3580cac9f713c9e4c3bfe8a83ec6bef33a64cd30be2c5d27c028b29a6a06fe8e","scripts/integrity.mjs":"7104c27be54110cac7b2d336e594ce0681a578fcb301a863540084619a7e42bb","scripts/check-evidence-links.mjs":"03484934e141e8e0b08e8928bf6f89f48a15f0cfe95b24e94273eebfb1a62842","package.json":"8855d609e12ca7990d525b64c285513acde1420fc6368ccca3a937979253a91b","package-lock.json":"bb2357fee1276cb24714d62a0a02d478e465806f5ec8978034da5594d6fa765a","tsconfig.json":"624efd829d3631cf6a6cc8d7b345e93bb47e713f05162b0ff511ef6cfc0a6ac3","manifest.json":"d079699772d442cda13bf8a41672e7de59d8a62966e07d0c87b8b8e991d84dbb","../../.github/workflows/G02.yml":"aef3ddd8ff4e8253d4334ccc8c3afc67df5b6177b31d246c683e705e8dcb2722"}}
2026-10-09T05:41:27.4088715Z {"frameWindow":"CLOSED","profile":"desktop","sourceSha256":"0329573fde228c5d7bde7226f41914592a746fd934a8aeb4be9c4ba251bb66e2","attemptNonce":"72e01d45-404d-4006-b7bb-fc316871941b","coordination":"uncoordinated","readyUtc":null,"grantUtc":null,"status":"samples-written","rawIntervals":600,"utc":"2026-10-09T05:41:27.408Z"}
2026-10-09T05:41:27.6274308Z {"label":"desktop","fps":60.00300015000751,"meanMs":16.66583333333333,"p99Ms":16.800000000000068,"maxMs":16.800000000000182,"networkRequests":0,"pageErrors":0}
2026-10-09T05:41:38.6454172Z {"frameWindow":"CLOSED","profile":"phone4x","sourceSha256":"0329573fde228c5d7bde7226f41914592a746fd934a8aeb4be9c4ba251bb66e2","attemptNonce":"1c1d3aab-2410-4b3a-b619-18af6525284a","coordination":"uncoordinated","readyUtc":null,"grantUtc":null,"status":"samples-written","rawIntervals":600,"utc":"2026-10-09T05:41:38.644Z"}
2026-10-09T05:41:38.9082438Z {"label":"phone4x","fps":60.00240009600384,"meanMs":16.666,"p99Ms":16.800000000000182,"maxMs":16.80000000000109,"networkRequests":0,"pageErrors":0}
2026-10-09T05:41:39.1628632Z {"kind":"synthetic delayed-host-callback and pause regression","elapsedMs":20000,"configuredTurnMs":10000,"firstExpiredCallbackCount":1,"actionsBefore":0,"actionsAfter":1,"deadlineAdvancedOnElapsedTime":true,"visibleCountdown":true,"pausePreservesRemainingTime":true,"entropyCalls":1,"controlledTestSeed":7199}
2026-10-09T05:41:41.5234043Z {"customMeldRegression":[{"label":"desktop","cpuThrottle":1,"namedCardControls":10,"privateDraftCleared":true,"invalidGroupsPreventKnock":true,"closedControlsRestoreAutomaticKnock":true,"revealShowsDeclaredLayout":true,"defenderResolvedDeadwood":0,"undercutPoints":11,"pageErrors":0,"networkRequests":0,"fixture":"initial state only; production reducer, solver and renderer"},{"label":"phone4x","cpuThrottle":4,"namedCardControls":10,"privateDraftCleared":true,"invalidGroupsPreventKnock":true,"closedControlsRestoreAutomaticKnock":true,"revealShowsDeclaredLayout":true,"defenderResolvedDeadwood":0,"undercutPoints":11,"pageErrors":0,"networkRequests":0,"fixture":"initial state only; production reducer, solver and renderer"}]}
2026-10-09T05:41:42.4696959Z {"resultsRegression":[{"label":"desktop","cpuThrottle":1,"targetWinner":"p0","displayedWinner":"Target winner","finalPoints":{"p0":388,"p1":499},"explanationVisible":true,"pageErrors":0,"fixture":"initial state only; production reducer and renderer"},{"label":"phone4x","cpuThrottle":4,"targetWinner":"p0","displayedWinner":"Target winner","finalPoints":{"p0":388,"p1":499},"explanationVisible":true,"pageErrors":0,"fixture":"initial state only; production reducer and renderer"}]}
2026-10-09T05:41:43.0624315Z {"payload":"<svg onload=alert(1)>","renderedAsText":true,"insertedMarkupNodes":0,"dialogs":0,"pageErrors":0,"networkRequests":0,"cpuThrottle":4}
2026-10-09T05:41:46.1225919Z {"runId":"2026-10-09T05-41-15-258Z","passed":true,"sourceUnchanged":true,"extraHostChecks":5,"rows":[{"label":"desktop","fps":60.00300015000751,"p99Ms":16.800000000000068,"maxMs":16.800000000000182,"frameGatePassed":true},{"label":"phone4x","fps":60.00240009600384,"p99Ms":16.800000000000182,"maxMs":16.80000000000109,"frameGatePassed":true}]}
2026-10-09T05:41:46.1539585Z ##[group]Run node scripts/capture.mjs initial-presence-bootstrap --public-history --ci-output
2026-10-09T05:41:46.1540336Z [36;1mnode scripts/capture.mjs initial-presence-bootstrap --public-history --ci-output[0m
2026-10-09T05:41:46.1602832Z shell: /usr/bin/bash -e {0}
2026-10-09T05:41:46.1603101Z env:
2026-10-09T05:41:46.1603373Z   G02_SOURCE_HEAD: 407e528d3008b3dff9f3304b9b3b6ecfffe4a916
2026-10-09T05:41:46.1603721Z ##[endgroup]
2026-10-09T05:41:46.4795743Z {"kind":"functional recordings","started":"2026-10-09T05:41:46.477Z","pid":3429,"sourceStart":{"play.html":"0329573fde228c5d7bde7226f41914592a746fd934a8aeb4be9c4ba251bb66e2","src/core.ts":"0ab6faaab888559655dc0ec866a58273cde4440a68db7c1d17c2c65762181bb0","src/cards.ts":"e309e103393bc1aaaf10b34e3994de815dd693d1828a61566723b8fba573fdb9","src/browser.ts":"56fb3b450aa29e9dda800a69b187d66d5446e056bf2b89b349a9bef1479131e4","src/play.template.html":"1b5188f105cfd9766f3f19c0a6f3cfa1b522cbd676ec5fde0dbfa1566a09f8c7","../../contract/contract.ts":"c0f999c153074769c99c67ab2a71ad66c879e45e834713f3367b2bde4a1873d5","../../contract/constants.ts":"27cdd23112ea03f344457e6f6e6b5839ff536ebeadbba189751520353aa085ef","../../contract/rng.ts":"7cfcf3024723607e8dd1ce6ccc5683a48d71fcc617947304cc5b9f6d3d7842fe","../../contract/minigame-schema.ts":"2438655eeb8ca658543b475070e6fb3ccb3947f154f57caa3f619c87853c9bbb","../../contract/player-count-schema.ts":"0748d9d9bcf795d0693c37a0f369b262fd8801dec9ab1e4a9a4f5ec23751a189","dist/core.mjs":"432cae2754d7e96770c5e5e1aed4a6a0f92592ec5d8a3257762f25dc86c24cc4","dist/cards.mjs":"1b8d994514e2de1464f361bddac143b99dfa328037152a89a476bcb1ce5f6c77","dist/contract.mjs":"0d477737fffa3503f35a19d174fce2f29de33bef1769ee5bba2c327ac592101a","scripts/browser-check.mjs":"536587be20208be80ec3bc081be7ff5a23ceeac9bc83ab3a67095084bbbd87dc","scripts/clock-check.mjs":"beba34324460280157fbdffd947f02731437e067fbb6ac816a7e49d2c4e6da19","scripts/meld-check.mjs":"d514a510f1972bdfa0b60d5148c1d42a82efeb4b21f3b799c4e0794054b4b7e4","scripts/results-check.mjs":"c478d1b3f32b71c94f2d5307f2c3b3e1e044edd84833d28e7ffc165f13bd310f","scripts/name-check.mjs":"3802ec077deee82176a892bcb51df0bb268c7ab765851d636faa5ab2228f531f","scripts/host-check.mjs":"e47e9a53aad166af54d78ea28e44ec5defff3e56d69139863113f5c132425b50","scripts/public-history-check.mjs":"5c887f46d5240f1434f173bbd495c560869441b074447d52f4a49878a66a0859","tests/browser-fixture.mjs":"f499940919128006bc90c4cb08eb766677c1bff3ea4dccf02645863a3bc50621","tests/helpers.mjs":"402515edb7b2a6af9548da2a2f1a7fa8f6b220b425da9664bd8c4a3e8b552b2e","scripts/browser-source-guard.mjs":"e5d9304a91ef04963133fe6bbae2c62189da28e917562da5a7cdb856596a1622","scripts/frame-coordination.mjs":"f1d34bfd418b5446a14c2ee3b3ba297eac18ed126d4ee261dffab57224399656","scripts/strict-browser-proof.mjs":"fae9a75d472307307c6eb4781c77f32845ebdade6f4104d859957ce62c1d43d9","scripts/browser-proof.mjs":"3ce834d0a764a4aefc93d0eaf7171f805d4ea5428563bcd976728f65222a8489","scripts/capture.mjs":"72077090f49f70e74c05ee925560a760f1f52b671ccb72d63570d609b9f80985","scripts/build.mjs":"3580cac9f713c9e4c3bfe8a83ec6bef33a64cd30be2c5d27c028b29a6a06fe8e","scripts/integrity.mjs":"7104c27be54110cac7b2d336e594ce0681a578fcb301a863540084619a7e42bb","scripts/check-evidence-links.mjs":"03484934e141e8e0b08e8928bf6f89f48a15f0cfe95b24e94273eebfb1a62842","package.json":"8855d609e12ca7990d525b64c285513acde1420fc6368ccca3a937979253a91b","package-lock.json":"bb2357fee1276cb24714d62a0a02d478e465806f5ec8978034da5594d6fa765a","tsconfig.json":"624efd829d3631cf6a6cc8d7b345e93bb47e713f05162b0ff511ef6cfc0a6ac3","manifest.json":"d079699772d442cda13bf8a41672e7de59d8a62966e07d0c87b8b8e991d84dbb","../../.github/workflows/G02.yml":"aef3ddd8ff4e8253d4334ccc8c3afc67df5b6177b31d246c683e705e8dcb2722"}}
2026-10-09T05:42:00.2286017Z {"path":".work/browser/initial-presence-bootstrap-2026-10-09t05-41-46-461z-desktop.webm","bytes":716586,"sha256":"1e28f650238f0e281b7033322c88c37327f4ac58140a4a6e10f0fe7836481a38","cpuThrottle":1,"viewport":{"width":1920,"height":1080},"performanceMeasurement":false,"newMatchPrivateDomCleared":true,"actualElapsedTimeoutCoveredHand":true,"publicPassHistoryShown":true,"passActors":["Player 1: pass","Player 2: pass"],"networkRequests":0,"pageErrors":0}
2026-10-09T05:42:14.1999022Z {"path":".work/browser/initial-presence-bootstrap-2026-10-09t05-41-46-461z-phone4x.webm","bytes":650930,"sha256":"ecb38f32654352327e78f125d3e5a05a408a0c97a740f31ab88c4c246ebd6786","cpuThrottle":4,"viewport":{"width":390,"height":844},"performanceMeasurement":false,"newMatchPrivateDomCleared":true,"actualElapsedTimeoutCoveredHand":true,"publicPassHistoryShown":true,"passActors":["Player 1: pass","Player 2: pass"],"networkRequests":0,"pageErrors":0}
2026-10-09T05:42:14.2388722Z ##[group]Run node scripts/strict-browser-proof.mjs --live
2026-10-09T05:42:14.2389205Z [36;1mnode scripts/strict-browser-proof.mjs --live[0m
2026-10-09T05:42:14.2457946Z shell: /usr/bin/bash -e {0}
2026-10-09T05:42:14.2458229Z env:
2026-10-09T05:42:14.2458518Z   G02_SOURCE_HEAD: 407e528d3008b3dff9f3304b9b3b6ecfffe4a916
2026-10-09T05:42:14.2458872Z ##[endgroup]
2026-10-09T05:42:14.3003920Z {"suite":"strict-current-browser-proof","guardedSources":35,"profiles":2,"rawIntervals":1200,"nativeTimestamps":1202,"activeHandWitnesses":1208,"unfiltered":true,"recordingsMatched":2}
2026-10-09T05:42:14.3073332Z ##[group]Run node --input-type=module <<'JS'
2026-10-09T05:42:14.3074191Z [36;1mnode --input-type=module <<'JS'[0m
2026-10-09T05:42:14.3074526Z [36;1mimport assert from 'node:assert/strict';[0m
2026-10-09T05:42:14.3074972Z [36;1mimport {readFile,writeFile,mkdir,readdir} from 'node:fs/promises';[0m
2026-10-09T05:42:14.3075547Z [36;1mimport {browserSourceHashes,sha256} from './scripts/browser-source-guard.mjs';[0m
2026-10-09T05:42:14.3076174Z [36;1mconst base='.work/initial-presence-bootstrap';await mkdir(base,{recursive:true});[0m
2026-10-09T05:42:14.3076918Z [36;1mlet sources=null,sourceError=null;try{sources=await browserSourceHashes();}catch(error){sourceError=String(error);}[0m
2026-10-09T05:42:14.3078251Z [36;1mlet bootstrapWorkflowSha256=null,bootstrapWorkflowError=null;try{bootstrapWorkflowSha256=sha256(await readFile('../../.github/workflows/G02.yml'));}catch(error){bootstrapWorkflowError=String(error);}[0m
2026-10-09T05:42:14.3079972Z [36;1mlet additionalSources=null,additionalSourceError=null;try{additionalSources={};for(const path of ['../../contract/package.json','evidence/audit-20261009/bootstrap-request.json'])additionalSources[path]=sha256(await readFile(path));}catch(error){additionalSourceError=String(error);}[0m
2026-10-09T05:42:14.3081713Z [36;1mawait writeFile(base+'/source-end.json',JSON.stringify({sources,sourceError,bootstrapWorkflowSha256,bootstrapWorkflowError,additionalSources,additionalSourceError},null,2)+'\n');[0m
2026-10-09T05:42:14.3083691Z [36;1mlet before=null,beforeIndex=null;try{before=JSON.parse(await readFile(base+'/source-start.json','utf8'));beforeIndex=JSON.parse(await readFile(base+'/source-copy-index.json','utf8'));}catch{}[0m
2026-10-09T05:42:14.3084539Z [36;1mconst files=[];[0m
2026-10-09T05:42:14.3085046Z [36;1masync function walk(path){let entries;try{entries=await readdir(path,{withFileTypes:true});}catch{return;}[0m
2026-10-09T05:42:14.3085789Z [36;1m  for(const entry of entries.sort((a,b)=>a.name.localeCompare(b.name))){const next=path+'/'+entry.name;[0m
2026-10-09T05:42:14.3086699Z [36;1m    if(entry.isDirectory())await walk(next);else if(entry.isFile()){const bytes=await readFile(next);files.push({path:next,bytes:bytes.length,sha256:sha256(bytes)});}[0m
2026-10-09T05:42:14.3087381Z [36;1m  }[0m
2026-10-09T05:42:14.3087574Z [36;1m}[0m
2026-10-09T05:42:14.3087820Z [36;1mawait walk('.work/browser');await walk(base);[0m
2026-10-09T05:42:14.3088451Z [36;1mfor(const path of ['.work/clock-after.json','.work/custom-meld-after.json','.work/results-after.json','.work/name-check.json']){[0m
2026-10-09T05:42:14.3089270Z [36;1m  try{const bytes=await readFile(path);files.push({path,bytes:bytes.length,sha256:sha256(bytes)});}catch{}[0m
2026-10-09T05:42:14.3089758Z [36;1m}[0m
2026-10-09T05:42:14.3090178Z [36;1mconst sourceUnchanged=before!==null&&sources!==null&&JSON.stringify(before)===JSON.stringify(sources);[0m
2026-10-09T05:42:14.3090992Z [36;1mconst bootstrapWorkflowUnchanged=beforeIndex!==null&&bootstrapWorkflowSha256===beforeIndex.bootstrapWorkflowSha256;[0m
2026-10-09T05:42:14.3092019Z [36;1mconst additionalSourceUnchanged=beforeIndex!==null&&additionalSources!==null&&JSON.stringify(additionalSources)===JSON.stringify(beforeIndex.additionalSources);[0m
2026-10-09T05:42:14.3094866Z [36;1mconst closed={version:1,head:process.env.G02_SOURCE_HEAD,runId:process.env.GITHUB_RUN_ID,runAttempt:process.env.GITHUB_RUN_ATTEMPT,closedUtc:new Date().toISOString(),statusBeforeClosure:process.env.BOOTSTRAP_STATUS,sourceUnchanged,sourceError,bootstrapWorkflowUnchanged,bootstrapWorkflowSha256,bootstrapWorkflowError,additionalSourceUnchanged,additionalSources,additionalSourceError,files,rawFiltering:'none',fullNpmTestAccepted:false};[0m
2026-10-09T05:42:14.3097030Z [36;1mawait writeFile(base+'/CLOSED.json',JSON.stringify(closed,null,2)+'\n');[0m
2026-10-09T05:42:14.3098100Z [36;1mconsole.log(JSON.stringify({closedUtc:closed.closedUtc,head:closed.head,files:files.length,sourceUnchanged,statusBeforeClosure:closed.statusBeforeClosure}));[0m
2026-10-09T05:42:14.3099698Z [36;1mif(before!==null){assert(sourceUnchanged,'guarded inputs changed during the bootstrap');assert(bootstrapWorkflowUnchanged,'the bootstrap workflow changed during execution');assert(additionalSourceUnchanged,'the contract package or explicit request changed during execution');}[0m
2026-10-09T05:42:14.3100855Z [36;1mJS[0m
2026-10-09T05:42:14.3164402Z shell: /usr/bin/bash -e {0}
2026-10-09T05:42:14.3164672Z env:
2026-10-09T05:42:14.3164953Z   G02_SOURCE_HEAD: 407e528d3008b3dff9f3304b9b3b6ecfffe4a916
2026-10-09T05:42:14.3165321Z   BOOTSTRAP_STATUS: success
2026-10-09T05:42:14.3165727Z ##[endgroup]
2026-10-09T05:42:14.3874998Z {"closedUtc":"2026-10-09T05:42:14.386Z","head":"407e528d3008b3dff9f3304b9b3b6ecfffe4a916","files":59,"sourceUnchanged":true,"statusBeforeClosure":"success"}
2026-10-09T05:42:14.3995613Z ##[group]Run actions/upload-artifact@v4
2026-10-09T05:42:14.3995939Z with:
2026-10-09T05:42:14.3996313Z   name: G02-initial-presence-current-407e528d3008b3dff9f3304b9b3b6ecfffe4a916
2026-10-09T05:42:14.3997598Z   path: jobs/G02-gin-rummy/.work/initial-presence-bootstrap/**
jobs/G02-gin-rummy/.work/browser/**
jobs/G02-gin-rummy/.work/clock-after.json
jobs/G02-gin-rummy/.work/custom-meld-after.json
jobs/G02-gin-rummy/.work/results-after.json
jobs/G02-gin-rummy/.work/name-check.json

2026-10-09T05:42:14.3998725Z   include-hidden-files: true
2026-10-09T05:42:14.3999001Z   if-no-files-found: error
2026-10-09T05:42:14.3999259Z   compression-level: 6
2026-10-09T05:42:14.3999501Z   overwrite: false
2026-10-09T05:42:14.3999724Z env:
2026-10-09T05:42:14.4000009Z   G02_SOURCE_HEAD: 407e528d3008b3dff9f3304b9b3b6ecfffe4a916
2026-10-09T05:42:14.4000352Z ##[endgroup]
2026-10-09T05:42:14.5677358Z (node:3547) [DEP0040] DeprecationWarning: The `punycode` module is deprecated. Please use a userland alternative instead.
2026-10-09T05:42:14.5678234Z (Use `node --trace-deprecation ...` to show where the warning was created)
2026-10-09T05:42:14.5907912Z Multiple search paths detected. Calculating the least common ancestor of all paths
2026-10-09T05:42:14.5912400Z The least common ancestor is /home/runner/work/partybox-game-cores/partybox-game-cores/jobs/G02-gin-rummy/.work. This will be the root directory of the artifact
2026-10-09T05:42:14.5914167Z With the provided path, there will be 60 files uploaded
2026-10-09T05:42:14.5920024Z Artifact name is valid!
2026-10-09T05:42:14.5920740Z Root directory input is valid!
2026-10-09T05:42:14.8682111Z Beginning upload of artifact content to blob storage
2026-10-09T05:42:15.0430686Z (node:3547) [DEP0169] DeprecationWarning: `url.parse()` behavior is not standardized and prone to errors that have security implications. Use the WHATWG URL API instead. CVEs are not issued for `url.parse()` vulnerabilities.
2026-10-09T05:42:15.2851781Z Uploaded bytes 1762917
2026-10-09T05:42:15.3176975Z Finished uploading artifact content to blob storage!
2026-10-09T05:42:15.3178065Z SHA256 digest of uploaded artifact zip is d12846a6eeb2b854ec113dff86f5f5df3e9a8a56dc87cb76e4b159766448c10e
2026-10-09T05:42:15.3180094Z Finalizing artifact upload
2026-10-09T05:42:15.5404958Z Artifact G02-initial-presence-current-407e528d3008b3dff9f3304b9b3b6ecfffe4a916.zip successfully finalized. Artifact ID 11597453008
2026-10-09T05:42:15.5406546Z Artifact G02-initial-presence-current-407e528d3008b3dff9f3304b9b3b6ecfffe4a916 has been successfully uploaded! Final size is 1762917 bytes. Artifact ID is 11597453008
2026-10-09T05:42:15.5413025Z Artifact download URL: https://github.com/luisitin/partybox-game-cores/actions/runs/37889697024/artifacts/11597453008
2026-10-09T05:42:15.5608378Z Post job cleanup.
2026-10-09T05:42:15.6892817Z (node:3560) [DEP0040] DeprecationWarning: The `punycode` module is deprecated. Please use a userland alternative instead.
2026-10-09T05:42:15.6894070Z (Use `node --trace-deprecation ...` to show where the warning was created)
2026-10-09T05:42:15.6897671Z Cache hit occurred on the primary key node-cache-Linux-x64-npm-d48b0073b1be2df746cbb2cab1dca64dc5674a863aed54a4ee7f428aad681317, not saving cache.
2026-10-09T05:42:15.7041511Z Post job cleanup.
2026-10-09T05:42:15.8003977Z [command]/usr/bin/git version
2026-10-09T05:42:15.8059759Z git version 2.55.0
2026-10-09T05:42:15.8124636Z Temporarily overriding HOME='/home/runner/work/_temp/907218c9-0ba6-4317-9818-904a2ea69a3f' before making global git config changes
2026-10-09T05:42:15.8126444Z Adding repository directory to the temporary git global config as a safe directory
2026-10-09T05:42:15.8128208Z [command]/usr/bin/git config --global --add safe.directory /home/runner/work/partybox-game-cores/partybox-game-cores
2026-10-09T05:42:15.8191351Z [command]/usr/bin/git config --local --name-only --get-regexp core\.sshCommand
2026-10-09T05:42:15.8242074Z [command]/usr/bin/git submodule foreach --recursive sh -c "git config --local --name-only --get-regexp 'core\.sshCommand' && git config --local --unset-all 'core.sshCommand' || :"
2026-10-09T05:42:15.8580380Z [command]/usr/bin/git config --local --name-only --get-regexp http\.https\:\/\/github\.com\/\.extraheader
2026-10-09T05:42:15.8614612Z http.https://github.com/.extraheader
2026-10-09T05:42:15.8629839Z [command]/usr/bin/git config --local --unset-all http.https://github.com/.extraheader
2026-10-09T05:42:15.8684019Z [command]/usr/bin/git submodule foreach --recursive sh -c "git config --local --name-only --get-regexp 'http\.https\:\/\/github\.com\/\.extraheader' && git config --local --unset-all 'http.https://github.com/.extraheader' || :"
2026-10-09T05:42:15.8982348Z [command]/usr/bin/git config --local --name-only --get-regexp ^includeIf\.gitdir:
2026-10-09T05:42:15.9027507Z [command]/usr/bin/git submodule foreach --recursive git config --local --show-origin --name-only --get-regexp remote.origin.url
2026-10-09T05:42:15.9425841Z Cleaning up orphan processes
2026-10-09T05:42:15.9755169Z ##[warning]Node.js 20 is deprecated. The following actions target Node.js 20 but are being forced to run on Node.js 24: actions/checkout@v4, actions/setup-node@v4, actions/upload-artifact@v4. For more information see: https://github.blog/changelog/2025-09-19-deprecation-of-node-20-on-github-actions-runners/
