2026-10-09T05:40:29.1039959Z Current runner version: '2.337.0'
2026-10-09T05:40:29.1068094Z ##[group]Runner Image Provisioner
2026-10-09T05:40:29.1069070Z Hosted Compute Agent
2026-10-09T05:40:29.1069670Z Version: 20261002.596
2026-10-09T05:40:29.1070334Z Commit: c3d12f3313a95f25162a1503be624f3b0617f8c0
2026-10-09T05:40:29.1071113Z Build Date: 2026-10-02T22:28:27Z
2026-10-09T05:40:29.1071797Z Worker ID: {c1a6d33a-fb0a-46e2-b0a2-59a2c68afeb1}
2026-10-09T05:40:29.1072545Z Region: eastus
2026-10-09T05:40:29.1073144Z Cloud: Azure
2026-10-09T05:40:29.1073697Z ##[endgroup]
2026-10-09T05:40:29.1075217Z ##[group]Operating System
2026-10-09T05:40:29.1075911Z Ubuntu
2026-10-09T05:40:29.1077000Z 24.04.5
2026-10-09T05:40:29.1077620Z LTS
2026-10-09T05:40:29.1078242Z ##[endgroup]
2026-10-09T05:40:29.1078904Z ##[group]Runner Image
2026-10-09T05:40:29.1079500Z Image: ubuntu-24.04
2026-10-09T05:40:29.1080106Z Version: 20261004.327.1
2026-10-09T05:40:29.1081367Z Included Software: https://github.com/actions/runner-images/blob/ubuntu24/20261004.327/images/ubuntu/Ubuntu2404-Readme.md
2026-10-09T05:40:29.1083021Z Image Release: https://github.com/actions/runner-images/releases/tag/ubuntu24%2F20261004.327
2026-10-09T05:40:29.1083965Z ##[endgroup]
2026-10-09T05:40:29.1085129Z ##[group]GITHUB_TOKEN Permissions
2026-10-09T05:40:29.1087333Z Contents: read
2026-10-09T05:40:29.1088142Z Metadata: read
2026-10-09T05:40:29.1088698Z ##[endgroup]
2026-10-09T05:40:29.1090933Z Secret source: Actions
2026-10-09T05:40:29.1091885Z Cache mode: write
2026-10-09T05:40:29.1092661Z Prepare workflow directory
2026-10-09T05:40:29.1501908Z Prepare all required actions
2026-10-09T05:40:29.1551239Z Getting action download info
2026-10-09T05:40:29.3747165Z Download action repository 'actions/checkout@v4' (SHA:11d5960a326750d5838078e36cf38b85af677262)
2026-10-09T05:40:29.4669475Z Download action repository 'actions/setup-node@v4' (SHA:49933ea5288caeca8642d1e84afbd3f7d6820020)
2026-10-09T05:40:29.5561372Z Download action repository 'actions/upload-artifact@v4' (SHA:ea165f8d65b6e75b540449e92b4886f43607fa02)
2026-10-09T05:40:29.7630837Z Complete job name: verify
2026-10-09T05:40:29.8416127Z ##[group]Run actions/checkout@v4
2026-10-09T05:40:29.8417360Z with:
2026-10-09T05:40:29.8417846Z   repository: luisitin/partybox-game-cores
2026-10-09T05:40:29.8421540Z   token: ***
2026-10-09T05:40:29.8421976Z   ssh-strict: true
2026-10-09T05:40:29.8422415Z   ssh-user: git
2026-10-09T05:40:29.8422857Z   persist-credentials: true
2026-10-09T05:40:29.8423351Z   clean: true
2026-10-09T05:40:29.8423796Z   sparse-checkout-cone-mode: true
2026-10-09T05:40:29.8424314Z   fetch-depth: 1
2026-10-09T05:40:29.8424745Z   fetch-tags: false
2026-10-09T05:40:29.8425187Z   show-progress: true
2026-10-09T05:40:29.8425627Z   lfs: false
2026-10-09T05:40:29.8426035Z   submodules: false
2026-10-09T05:40:29.8426657Z   set-safe-directory: true
2026-10-09T05:40:29.8427178Z   allow-unsafe-pr-checkout: false
2026-10-09T05:40:29.8427956Z ##[endgroup]
2026-10-09T05:40:29.9472285Z Syncing repository: luisitin/partybox-game-cores
2026-10-09T05:40:29.9475282Z ##[group]Getting Git version info
2026-10-09T05:40:29.9476990Z Working directory is '/home/runner/work/partybox-game-cores/partybox-game-cores'
2026-10-09T05:40:29.9479088Z [command]/usr/bin/git version
2026-10-09T05:40:29.9513254Z git version 2.55.0
2026-10-09T05:40:29.9536262Z ##[endgroup]
2026-10-09T05:40:29.9552746Z Temporarily overriding HOME='/home/runner/work/_temp/5f379a68-7658-4a81-92cd-7b5225ce7bc3' before making global git config changes
2026-10-09T05:40:29.9555186Z Adding repository directory to the temporary git global config as a safe directory
2026-10-09T05:40:29.9559179Z [command]/usr/bin/git config --global --add safe.directory /home/runner/work/partybox-game-cores/partybox-game-cores
2026-10-09T05:40:29.9616588Z Deleting the contents of '/home/runner/work/partybox-game-cores/partybox-game-cores'
2026-10-09T05:40:29.9621363Z ##[group]Initializing the repository
2026-10-09T05:40:29.9625947Z [command]/usr/bin/git init /home/runner/work/partybox-game-cores/partybox-game-cores
2026-10-09T05:40:29.9749065Z hint: Using 'master' as the name for the initial branch. This default branch name
2026-10-09T05:40:29.9750935Z hint: will change to "main" in Git 3.0. To configure the initial branch name
2026-10-09T05:40:29.9753355Z hint: to use in all of your new repositories, which will suppress this warning,
2026-10-09T05:40:29.9754816Z hint: call:
2026-10-09T05:40:29.9755908Z hint:
2026-10-09T05:40:29.9757015Z hint: 	git config --global init.defaultBranch <name>
2026-10-09T05:40:29.9758071Z hint:
2026-10-09T05:40:29.9759025Z hint: Names commonly chosen instead of 'master' are 'main', 'trunk' and
2026-10-09T05:40:29.9760592Z hint: 'development'. The just-created branch can be renamed via this command:
2026-10-09T05:40:29.9761854Z hint:
2026-10-09T05:40:29.9762766Z hint: 	git branch -m <name>
2026-10-09T05:40:29.9763637Z hint:
2026-10-09T05:40:29.9765152Z hint: Disable this message with "git config set advice.defaultBranchName false"
2026-10-09T05:40:29.9766962Z Initialized empty Git repository in /home/runner/work/partybox-game-cores/partybox-game-cores/.git/
2026-10-09T05:40:29.9768974Z [command]/usr/bin/git remote add origin https://github.com/luisitin/partybox-game-cores
2026-10-09T05:40:29.9825618Z ##[endgroup]
2026-10-09T05:40:29.9827328Z ##[group]Disabling automatic garbage collection
2026-10-09T05:40:29.9830743Z [command]/usr/bin/git config --local gc.auto 0
2026-10-09T05:40:29.9867470Z ##[endgroup]
2026-10-09T05:40:29.9868853Z ##[group]Setting up auth
2026-10-09T05:40:29.9878326Z [command]/usr/bin/git config --local --name-only --get-regexp core\.sshCommand
2026-10-09T05:40:29.9926108Z [command]/usr/bin/git submodule foreach --recursive sh -c "git config --local --name-only --get-regexp 'core\.sshCommand' && git config --local --unset-all 'core.sshCommand' || :"
2026-10-09T05:40:30.0303762Z [command]/usr/bin/git config --local --name-only --get-regexp http\.https\:\/\/github\.com\/\.extraheader
2026-10-09T05:40:30.0345026Z [command]/usr/bin/git submodule foreach --recursive sh -c "git config --local --name-only --get-regexp 'http\.https\:\/\/github\.com\/\.extraheader' && git config --local --unset-all 'http.https://github.com/.extraheader' || :"
2026-10-09T05:40:30.0626058Z [command]/usr/bin/git config --local --name-only --get-regexp ^includeIf\.gitdir:
2026-10-09T05:40:30.0671220Z [command]/usr/bin/git submodule foreach --recursive git config --local --show-origin --name-only --get-regexp remote.origin.url
2026-10-09T05:40:30.0925695Z [command]/usr/bin/git config --local http.https://github.com/.extraheader AUTHORIZATION: basic ***
2026-10-09T05:40:30.0972126Z ##[endgroup]
2026-10-09T05:40:30.0974075Z ##[group]Fetching the repository
2026-10-09T05:40:30.0984484Z [command]/usr/bin/git -c protocol.version=2 fetch --no-tags --prune --no-recurse-submodules --depth=1 origin +d1dcda798ea62bd6f0c786ddcb3a818f4072a9a3:refs/remotes/pull/12/merge
2026-10-09T05:40:31.8785411Z From https://github.com/luisitin/partybox-game-cores
2026-10-09T05:40:31.8798620Z  * [new ref]         d1dcda798ea62bd6f0c786ddcb3a818f4072a9a3 -> pull/12/merge
2026-10-09T05:40:31.8822631Z ##[endgroup]
2026-10-09T05:40:31.8826223Z ##[group]Determining the checkout info
2026-10-09T05:40:31.8828023Z ##[endgroup]
2026-10-09T05:40:31.8828926Z [command]/usr/bin/git sparse-checkout disable
2026-10-09T05:40:31.8879315Z [command]/usr/bin/git config --local --unset-all extensions.worktreeConfig
2026-10-09T05:40:31.8917289Z ##[group]Checking out the ref
2026-10-09T05:40:31.8927801Z [command]/usr/bin/git checkout --progress --force refs/remotes/pull/12/merge
2026-10-09T05:40:32.0874236Z Note: switching to 'refs/remotes/pull/12/merge'.
2026-10-09T05:40:32.0875309Z 
2026-10-09T05:40:32.0876043Z You are in 'detached HEAD' state. You can look around, make experimental
2026-10-09T05:40:32.0878270Z changes and commit them, and you can discard any commits you make in this
2026-10-09T05:40:32.0880386Z state without impacting any branches by switching back to a branch.
2026-10-09T05:40:32.0881687Z 
2026-10-09T05:40:32.0882519Z If you want to create a new branch to retain commits you create, you may
2026-10-09T05:40:32.0884994Z do so (now or later) by using -c with the switch command. Example:
2026-10-09T05:40:32.0886153Z 
2026-10-09T05:40:32.0886892Z   git switch -c <new-branch-name>
2026-10-09T05:40:32.0887579Z 
2026-10-09T05:40:32.0887965Z Or undo this operation with:
2026-10-09T05:40:32.0888613Z 
2026-10-09T05:40:32.0888925Z   git switch -
2026-10-09T05:40:32.0889432Z 
2026-10-09T05:40:32.0890314Z Turn off this advice by setting config variable advice.detachedHead to false
2026-10-09T05:40:32.0891623Z 
2026-10-09T05:40:32.0893054Z HEAD is now at d1dcda7 Merge 407e528d3008b3dff9f3304b9b3b6ecfffe4a916 into d5fbb39746f8f7900bee57506e8133e8675f48ed
2026-10-09T05:40:32.0902474Z ##[endgroup]
2026-10-09T05:40:32.0951983Z [command]/usr/bin/git log -1 --format=%H
2026-10-09T05:40:32.0982427Z d1dcda798ea62bd6f0c786ddcb3a818f4072a9a3
2026-10-09T05:40:32.1404383Z ##[group]Run actions/setup-node@v4
2026-10-09T05:40:32.1405277Z with:
2026-10-09T05:40:32.1405838Z   node-version: 22.16.0
2026-10-09T05:40:32.1406847Z   cache: npm
2026-10-09T05:40:32.1407758Z   cache-dependency-path: jobs/G02-gin-rummy/package-lock.json
2026-10-09T05:40:32.1408941Z   always-auth: false
2026-10-09T05:40:32.1409586Z   check-latest: false
2026-10-09T05:40:32.1418749Z   token: ***
2026-10-09T05:40:32.1419341Z ##[endgroup]
2026-10-09T05:40:32.2836012Z Attempting to download 22.16.0...
2026-10-09T05:40:32.2947632Z (node:2300) [DEP0040] DeprecationWarning: The `punycode` module is deprecated. Please use a userland alternative instead.
2026-10-09T05:40:32.2951571Z (Use `node --trace-deprecation ...` to show where the warning was created)
2026-10-09T05:40:32.8299964Z Acquiring 22.16.0 - x64 from https://github.com/actions/node-versions/releases/download/22.16.0-15177438473/node-22.16.0-linux-x64.tar.gz
2026-10-09T05:40:33.2150909Z Extracting ...
2026-10-09T05:40:33.2276703Z [command]/usr/bin/tar xz --strip 1 --warning=no-unknown-keyword --overwrite -C /home/runner/work/_temp/2cf40aef-21b5-4f30-9e3a-104684028227 -f /home/runner/work/_temp/8c5e4697-3be9-44c2-bd80-2db580eddba0
2026-10-09T05:40:34.4218780Z Adding to the cache ...
2026-10-09T05:40:36.6657902Z ##[group]Environment details
2026-10-09T05:40:36.9305310Z node: v22.16.0
2026-10-09T05:40:36.9306222Z npm: 10.9.2
2026-10-09T05:40:36.9307012Z yarn: 1.22.22
2026-10-09T05:40:36.9307861Z ##[endgroup]
2026-10-09T05:40:36.9330504Z [command]/opt/hostedtoolcache/node/22.16.0/x64/bin/npm config get cache
2026-10-09T05:40:37.0326533Z /home/runner/.npm
2026-10-09T05:40:37.1177630Z Cache hit for: node-cache-Linux-x64-npm-d48b0073b1be2df746cbb2cab1dca64dc5674a863aed54a4ee7f428aad681317
2026-10-09T05:40:37.1303060Z (node:2300) [DEP0169] DeprecationWarning: `url.parse()` behavior is not standardized and prone to errors that have security implications. Use the WHATWG URL API instead. CVEs are not issued for `url.parse()` vulnerabilities.
2026-10-09T05:40:37.3690905Z Received 12676573 of 12676573 (100.0%), 60.8 MBs/sec
2026-10-09T05:40:37.3692134Z Cache Size: ~12 MB (12676573 B)
2026-10-09T05:40:37.3798391Z [command]/usr/bin/tar -xf /home/runner/work/_temp/42d978ea-0e90-437c-8241-d7597b721407/cache.tzst -P -C /home/runner/work/partybox-game-cores/partybox-game-cores --use-compress-program unzstd
2026-10-09T05:40:37.4048249Z Cache restored successfully
2026-10-09T05:40:37.4061498Z Cache restored from key: node-cache-Linux-x64-npm-d48b0073b1be2df746cbb2cab1dca64dc5674a863aed54a4ee7f428aad681317
2026-10-09T05:40:37.4291524Z ##[group]Run npm ci --ignore-scripts --no-audit --no-fund
2026-10-09T05:40:37.4292038Z [36;1mnpm ci --ignore-scripts --no-audit --no-fund[0m
2026-10-09T05:40:37.4552442Z shell: /usr/bin/bash -e {0}
2026-10-09T05:40:37.4552984Z ##[endgroup]
2026-10-09T05:40:38.5769617Z 
2026-10-09T05:40:38.5778741Z added 6 packages in 1s
2026-10-09T05:40:38.6270770Z ##[group]Run npx playwright install --with-deps chromium
2026-10-09T05:40:38.6271307Z [36;1mnpx playwright install --with-deps chromium[0m
2026-10-09T05:40:38.6340475Z shell: /usr/bin/bash -e {0}
2026-10-09T05:40:38.6341127Z ##[endgroup]
2026-10-09T05:40:39.5444001Z Installing dependencies...
2026-10-09T05:40:39.5509064Z Switching to root user to install dependencies...
2026-10-09T05:40:39.6339638Z Get:1 file:/etc/apt/apt-mirrors.txt Mirrorlist [144 B]
2026-10-09T05:40:39.6838826Z Hit:2 http://azure.archive.ubuntu.com/ubuntu noble InRelease
2026-10-09T05:40:39.6857880Z Get:6 https://packages.microsoft.com/ubuntu/24.04/prod noble InRelease [3600 B]
2026-10-09T05:40:39.6859672Z Get:3 http://azure.archive.ubuntu.com/ubuntu noble-updates InRelease [126 kB]
2026-10-09T05:40:39.6895141Z Get:4 http://azure.archive.ubuntu.com/ubuntu noble-backports InRelease [126 kB]
2026-10-09T05:40:39.6948659Z Get:5 http://azure.archive.ubuntu.com/ubuntu noble-security InRelease [126 kB]
2026-10-09T05:40:39.8272464Z Get:7 https://packages.microsoft.com/ubuntu/24.04/prod noble/main all Packages [640 B]
2026-10-09T05:40:39.8388349Z Get:8 https://packages.microsoft.com/ubuntu/24.04/prod noble/main arm64 Packages [475 kB]
2026-10-09T05:40:39.8472523Z Get:9 https://packages.microsoft.com/ubuntu/24.04/prod noble/main armhf Packages [12.3 kB]
2026-10-09T05:40:39.8542265Z Get:10 https://packages.microsoft.com/ubuntu/24.04/prod noble/main amd64 Packages [531 kB]
2026-10-09T05:40:39.8965187Z Get:11 http://azure.archive.ubuntu.com/ubuntu noble-updates/main amd64 Packages [1375 kB]
2026-10-09T05:40:39.9057921Z Get:12 http://azure.archive.ubuntu.com/ubuntu noble-updates/main Translation-en [306 kB]
2026-10-09T05:40:39.9084698Z Get:13 http://azure.archive.ubuntu.com/ubuntu noble-updates/universe amd64 Packages [1702 kB]
2026-10-09T05:40:39.9167622Z Get:14 http://azure.archive.ubuntu.com/ubuntu noble-updates/universe Translation-en [342 kB]
2026-10-09T05:40:39.9197612Z Get:15 http://azure.archive.ubuntu.com/ubuntu noble-updates/restricted amd64 Packages [1761 kB]
2026-10-09T05:40:39.9292196Z Get:16 http://azure.archive.ubuntu.com/ubuntu noble-updates/restricted Translation-en [401 kB]
2026-10-09T05:40:39.9315823Z Get:17 http://azure.archive.ubuntu.com/ubuntu noble-updates/multiverse amd64 Packages [55.0 kB]
2026-10-09T05:40:39.9338978Z Get:18 http://azure.archive.ubuntu.com/ubuntu noble-updates/multiverse Translation-en [14.3 kB]
2026-10-09T05:40:40.0548530Z Get:19 http://azure.archive.ubuntu.com/ubuntu noble-security/main amd64 Packages [1118 kB]
2026-10-09T05:40:40.0609758Z Get:20 http://azure.archive.ubuntu.com/ubuntu noble-security/main Translation-en [228 kB]
2026-10-09T05:40:40.1088583Z Get:21 http://azure.archive.ubuntu.com/ubuntu noble-security/universe amd64 Packages [1220 kB]
2026-10-09T05:40:40.1292033Z Get:22 http://azure.archive.ubuntu.com/ubuntu noble-security/universe Translation-en [245 kB]
2026-10-09T05:40:40.1411072Z Get:23 http://azure.archive.ubuntu.com/ubuntu noble-security/restricted amd64 Packages [1667 kB]
2026-10-09T05:40:40.1568726Z Get:24 http://azure.archive.ubuntu.com/ubuntu noble-security/restricted Translation-en [383 kB]
2026-10-09T05:40:40.1593912Z Get:25 http://azure.archive.ubuntu.com/ubuntu noble-security/multiverse amd64 Packages [49.8 kB]
2026-10-09T05:40:40.1607635Z Get:26 http://azure.archive.ubuntu.com/ubuntu noble-security/multiverse Translation-en [12.4 kB]
2026-10-09T05:40:44.5478032Z Fetched 12.3 MB in 1s (9166 kB/s)
2026-10-09T05:40:45.4417460Z Reading package lists...
2026-10-09T05:40:45.4667767Z Reading package lists...
2026-10-09T05:40:45.7074810Z Building dependency tree...
2026-10-09T05:40:45.7082928Z Reading state information...
2026-10-09T05:40:45.8796887Z libasound2t64 is already the newest version (1.2.11-1ubuntu0.3).
2026-10-09T05:40:45.8798086Z libasound2t64 set to manually installed.
2026-10-09T05:40:45.8798773Z libatk-bridge2.0-0t64 is already the newest version (2.52.0-1build1).
2026-10-09T05:40:45.8799468Z libatk-bridge2.0-0t64 set to manually installed.
2026-10-09T05:40:45.8801046Z libatk1.0-0t64 is already the newest version (2.52.0-1build1).
2026-10-09T05:40:45.8801854Z libatk1.0-0t64 set to manually installed.
2026-10-09T05:40:45.8802654Z libatspi2.0-0t64 is already the newest version (2.52.0-1build1).
2026-10-09T05:40:45.8803742Z libatspi2.0-0t64 set to manually installed.
2026-10-09T05:40:45.8804483Z libcairo2 is already the newest version (1.18.0-3build1).
2026-10-09T05:40:45.8805339Z libcairo2 set to manually installed.
2026-10-09T05:40:45.8806116Z libcups2t64 is already the newest version (2.4.7-1.2ubuntu7.14).
2026-10-09T05:40:45.8806976Z libcups2t64 set to manually installed.
2026-10-09T05:40:45.8807596Z libdbus-1-3 is already the newest version (1.14.10-4ubuntu4.1).
2026-10-09T05:40:45.8808301Z libdbus-1-3 set to manually installed.
2026-10-09T05:40:45.8808914Z libdrm2 is already the newest version (2.4.125-1ubuntu0.1~24.04.2).
2026-10-09T05:40:45.8809502Z libdrm2 set to manually installed.
2026-10-09T05:40:45.8810355Z libgbm1 is already the newest version (25.2.8-0ubuntu0.24.04.4).
2026-10-09T05:40:45.8811342Z libgbm1 set to manually installed.
2026-10-09T05:40:45.8812505Z libglib2.0-0t64 is already the newest version (2.80.0-6ubuntu3.9).
2026-10-09T05:40:45.8813689Z libglib2.0-0t64 set to manually installed.
2026-10-09T05:40:45.8814841Z libnspr4 is already the newest version (2:4.35-1.1build1).
2026-10-09T05:40:45.8815769Z libnspr4 set to manually installed.
2026-10-09T05:40:45.8816940Z libnss3 is already the newest version (2:3.98-1ubuntu0.2).
2026-10-09T05:40:45.8817544Z libnss3 set to manually installed.
2026-10-09T05:40:45.8818423Z libpango-1.0-0 is already the newest version (1.52.1+ds-1build1).
2026-10-09T05:40:45.8819215Z libpango-1.0-0 set to manually installed.
2026-10-09T05:40:45.8820085Z libx11-6 is already the newest version (2:1.8.7-1build1).
2026-10-09T05:40:45.8820771Z libx11-6 set to manually installed.
2026-10-09T05:40:45.8821454Z libxcb1 is already the newest version (1.15-1ubuntu2).
2026-10-09T05:40:45.8822135Z libxcb1 set to manually installed.
2026-10-09T05:40:45.8822903Z libxcomposite1 is already the newest version (1:0.4.5-1build3).
2026-10-09T05:40:45.8823686Z libxcomposite1 set to manually installed.
2026-10-09T05:40:45.8824433Z libxdamage1 is already the newest version (1:1.1.6-1build1).
2026-10-09T05:40:45.8825164Z libxdamage1 set to manually installed.
2026-10-09T05:40:45.8825897Z libxext6 is already the newest version (2:1.3.4-1build2).
2026-10-09T05:40:45.8826924Z libxext6 set to manually installed.
2026-10-09T05:40:45.8827678Z libxfixes3 is already the newest version (1:6.0.0-2build1).
2026-10-09T05:40:45.8828384Z libxfixes3 set to manually installed.
2026-10-09T05:40:45.8829134Z libxkbcommon0 is already the newest version (1.6.0-1build1).
2026-10-09T05:40:45.8829873Z libxkbcommon0 set to manually installed.
2026-10-09T05:40:45.8830613Z libxrandr2 is already the newest version (2:1.5.2-2build1).
2026-10-09T05:40:45.8831331Z libxrandr2 set to manually installed.
2026-10-09T05:40:45.8832031Z xvfb is already the newest version (2:21.1.12-1ubuntu1.8).
2026-10-09T05:40:45.8833006Z fonts-noto-color-emoji is already the newest version (2.047-0ubuntu0.24.04.1).
2026-10-09T05:40:45.8834059Z libfontconfig1 is already the newest version (2.15.0-1.1ubuntu2).
2026-10-09T05:40:45.8834852Z libfontconfig1 set to manually installed.
2026-10-09T05:40:45.8835628Z fonts-liberation is already the newest version (1:2.1.5-3).
2026-10-09T05:40:45.8836651Z fonts-liberation set to manually installed.
2026-10-09T05:40:45.8837426Z The following additional packages will be installed:
2026-10-09T05:40:45.8838082Z   xfonts-encodings xfonts-utils
2026-10-09T05:40:45.8838634Z Recommended packages:
2026-10-09T05:40:45.8839159Z   fonts-ipafont-mincho fonts-tlwg-loma
2026-10-09T05:40:45.9009014Z The following NEW packages will be installed:
2026-10-09T05:40:45.9009684Z   fonts-freefont-ttf fonts-ipafont-gothic fonts-tlwg-loma-otf fonts-unifont
2026-10-09T05:40:45.9016324Z   fonts-wqy-zenhei xfonts-cyrillic xfonts-encodings xfonts-scalable
2026-10-09T05:40:45.9017420Z   xfonts-utils
2026-10-09T05:40:45.9022627Z The following packages will be upgraded:
2026-10-09T05:40:45.9028340Z   libfreetype6
2026-10-09T05:40:45.9214081Z 1 upgraded, 9 newly installed, 0 to remove and 22 not upgraded.
2026-10-09T05:40:45.9215252Z Need to get 21.5 MB of archives.
2026-10-09T05:40:45.9216199Z After this operation, 79.5 MB of additional disk space will be used.
2026-10-09T05:40:45.9217513Z Get:1 file:/etc/apt/apt-mirrors.txt Mirrorlist [144 B]
2026-10-09T05:40:45.9513540Z Get:2 http://azure.archive.ubuntu.com/ubuntu noble/universe amd64 fonts-ipafont-gothic all 00303-21ubuntu1 [3513 kB]
2026-10-09T05:40:45.9904837Z Get:3 http://azure.archive.ubuntu.com/ubuntu noble/main amd64 fonts-freefont-ttf all 20211204+svn4273-2 [5641 kB]
2026-10-09T05:40:46.0374989Z Get:4 http://azure.archive.ubuntu.com/ubuntu noble/universe amd64 fonts-tlwg-loma-otf all 1:0.7.3-1 [107 kB]
2026-10-09T05:40:46.0545986Z Get:5 http://azure.archive.ubuntu.com/ubuntu noble/universe amd64 fonts-unifont all 1:15.1.01-1build1 [2993 kB]
2026-10-09T05:40:46.0861241Z Get:6 http://azure.archive.ubuntu.com/ubuntu noble/universe amd64 fonts-wqy-zenhei all 0.9.45-8 [7472 kB]
2026-10-09T05:40:46.1410266Z Get:7 http://azure.archive.ubuntu.com/ubuntu noble-updates/main amd64 libfreetype6 amd64 2.13.2+dfsg-1ubuntu0.2 [403 kB]
2026-10-09T05:40:46.1588806Z Get:8 http://azure.archive.ubuntu.com/ubuntu noble/main amd64 xfonts-encodings all 1:1.0.5-0ubuntu2 [578 kB]
2026-10-09T05:40:46.1792090Z Get:9 http://azure.archive.ubuntu.com/ubuntu noble/main amd64 xfonts-utils amd64 1:7.7+6build3 [94.4 kB]
2026-10-09T05:40:46.1963663Z Get:10 http://azure.archive.ubuntu.com/ubuntu noble/universe amd64 xfonts-cyrillic all 1:1.0.5+nmu1 [384 kB]
2026-10-09T05:40:46.2169099Z Get:11 http://azure.archive.ubuntu.com/ubuntu noble/main amd64 xfonts-scalable all 1:1.0.3-1.3 [304 kB]
2026-10-09T05:40:46.4911325Z Fetched 21.5 MB in 0s (69.2 MB/s)
2026-10-09T05:40:46.5178347Z Selecting previously unselected package fonts-ipafont-gothic.
2026-10-09T05:40:46.5452989Z (Reading database ... 
2026-10-09T05:40:46.5453721Z (Reading database ... 5%
2026-10-09T05:40:46.5454228Z (Reading database ... 10%
2026-10-09T05:40:46.5454658Z (Reading database ... 15%
2026-10-09T05:40:46.5455216Z (Reading database ... 20%
2026-10-09T05:40:46.5455789Z (Reading database ... 25%
2026-10-09T05:40:46.5456231Z (Reading database ... 30%
2026-10-09T05:40:46.5457075Z (Reading database ... 35%
2026-10-09T05:40:46.5457475Z (Reading database ... 40%
2026-10-09T05:40:46.5457865Z (Reading database ... 45%
2026-10-09T05:40:46.5458384Z (Reading database ... 50%
2026-10-09T05:40:46.5505107Z (Reading database ... 55%
2026-10-09T05:40:46.6450753Z (Reading database ... 60%
2026-10-09T05:40:46.8505139Z (Reading database ... 65%
2026-10-09T05:40:47.0399626Z (Reading database ... 70%
2026-10-09T05:40:47.2033364Z (Reading database ... 75%
2026-10-09T05:40:47.3405550Z (Reading database ... 80%
2026-10-09T05:40:47.4939042Z (Reading database ... 85%
2026-10-09T05:40:47.6509437Z (Reading database ... 90%
2026-10-09T05:40:47.7597099Z (Reading database ... 95%
2026-10-09T05:40:47.7597838Z (Reading database ... 100%
2026-10-09T05:40:47.7598545Z (Reading database ... 203191 files and directories currently installed.)
2026-10-09T05:40:47.7643063Z Preparing to unpack .../0-fonts-ipafont-gothic_00303-21ubuntu1_all.deb ...
2026-10-09T05:40:47.7744028Z Unpacking fonts-ipafont-gothic (00303-21ubuntu1) ...
2026-10-09T05:40:48.0055508Z Selecting previously unselected package fonts-freefont-ttf.
2026-10-09T05:40:48.0187162Z Preparing to unpack .../1-fonts-freefont-ttf_20211204+svn4273-2_all.deb ...
2026-10-09T05:40:48.0193073Z Unpacking fonts-freefont-ttf (20211204+svn4273-2) ...
2026-10-09T05:40:48.1047292Z Selecting previously unselected package fonts-tlwg-loma-otf.
2026-10-09T05:40:48.1184699Z Preparing to unpack .../2-fonts-tlwg-loma-otf_1%3a0.7.3-1_all.deb ...
2026-10-09T05:40:48.1215465Z Unpacking fonts-tlwg-loma-otf (1:0.7.3-1) ...
2026-10-09T05:40:48.1553215Z Selecting previously unselected package fonts-unifont.
2026-10-09T05:40:48.1696664Z Preparing to unpack .../3-fonts-unifont_1%3a15.1.01-1build1_all.deb ...
2026-10-09T05:40:48.1760686Z Unpacking fonts-unifont (1:15.1.01-1build1) ...
2026-10-09T05:40:48.6572894Z Selecting previously unselected package fonts-wqy-zenhei.
2026-10-09T05:40:48.6705935Z Preparing to unpack .../4-fonts-wqy-zenhei_0.9.45-8_all.deb ...
2026-10-09T05:40:48.6811610Z Unpacking fonts-wqy-zenhei (0.9.45-8) ...
2026-10-09T05:40:49.1653054Z Preparing to unpack .../5-libfreetype6_2.13.2+dfsg-1ubuntu0.2_amd64.deb ...
2026-10-09T05:40:49.1682605Z Unpacking libfreetype6:amd64 (2.13.2+dfsg-1ubuntu0.2) over (2.13.2+dfsg-1ubuntu0.1) ...
2026-10-09T05:40:49.1930411Z Selecting previously unselected package xfonts-encodings.
2026-10-09T05:40:49.2058977Z Preparing to unpack .../6-xfonts-encodings_1%3a1.0.5-0ubuntu2_all.deb ...
2026-10-09T05:40:49.2066602Z Unpacking xfonts-encodings (1:1.0.5-0ubuntu2) ...
2026-10-09T05:40:49.2357463Z Selecting previously unselected package xfonts-utils.
2026-10-09T05:40:49.2484389Z Preparing to unpack .../7-xfonts-utils_1%3a7.7+6build3_amd64.deb ...
2026-10-09T05:40:49.2490446Z Unpacking xfonts-utils (1:7.7+6build3) ...
2026-10-09T05:40:49.2839857Z Selecting previously unselected package xfonts-cyrillic.
2026-10-09T05:40:49.2967888Z Preparing to unpack .../8-xfonts-cyrillic_1%3a1.0.5+nmu1_all.deb ...
2026-10-09T05:40:49.2975070Z Unpacking xfonts-cyrillic (1:1.0.5+nmu1) ...
2026-10-09T05:40:49.3342087Z Selecting previously unselected package xfonts-scalable.
2026-10-09T05:40:49.3472761Z Preparing to unpack .../9-xfonts-scalable_1%3a1.0.3-1.3_all.deb ...
2026-10-09T05:40:49.3480292Z Unpacking xfonts-scalable (1:1.0.3-1.3) ...
2026-10-09T05:40:49.3913291Z Setting up fonts-wqy-zenhei (0.9.45-8) ...
2026-10-09T05:40:49.4028750Z Setting up fonts-freefont-ttf (20211204+svn4273-2) ...
2026-10-09T05:40:49.4047774Z Setting up fonts-tlwg-loma-otf (1:0.7.3-1) ...
2026-10-09T05:40:49.4063462Z Setting up libfreetype6:amd64 (2.13.2+dfsg-1ubuntu0.2) ...
2026-10-09T05:40:49.4079177Z Setting up xfonts-encodings (1:1.0.5-0ubuntu2) ...
2026-10-09T05:40:49.4096074Z Setting up fonts-ipafont-gothic (00303-21ubuntu1) ...
2026-10-09T05:40:49.4160742Z update-alternatives: using /usr/share/fonts/opentype/ipafont-gothic/ipag.ttf to provide /usr/share/fonts/truetype/fonts-japanese-gothic.ttf (fonts-japanese-gothic.ttf) in auto mode
2026-10-09T05:40:49.4175373Z Setting up fonts-unifont (1:15.1.01-1build1) ...
2026-10-09T05:40:49.4192599Z Setting up xfonts-utils (1:7.7+6build3) ...
2026-10-09T05:40:49.4230710Z Setting up xfonts-cyrillic (1:1.0.5+nmu1) ...
2026-10-09T05:40:49.4507504Z Setting up xfonts-scalable (1:1.0.3-1.3) ...
2026-10-09T05:40:49.4773813Z Processing triggers for libc-bin (2.39-0ubuntu8.9) ...
2026-10-09T05:40:49.5076230Z Processing triggers for man-db (2.12.0-4build2) ...
2026-10-09T05:40:49.5100737Z Not building database; man-db/auto-update is not 'true'.
2026-10-09T05:40:49.5114593Z Processing triggers for fontconfig (2.15.0-1.1ubuntu2) ...
2026-10-09T05:40:50.2321762Z 
2026-10-09T05:40:50.2322575Z Running kernel seems to be up-to-date.
2026-10-09T05:40:50.2322934Z 
2026-10-09T05:40:50.2323112Z Restarting services...
2026-10-09T05:40:50.2401825Z  systemctl restart php8.3-fpm.service
2026-10-09T05:40:50.3547378Z 
2026-10-09T05:40:50.3548161Z No containers need to be restarted.
2026-10-09T05:40:50.3548940Z 
2026-10-09T05:40:50.3549613Z No user sessions are running outdated binaries.
2026-10-09T05:40:50.3550031Z 
2026-10-09T05:40:50.3550538Z No VM guests are running outdated hypervisor (qemu) binaries on this host.
2026-10-09T05:40:51.4004260Z Downloading Chromium 141.0.7390.37 (playwright build v1194) from https://cdn.playwright.dev/dbazure/download/playwright/builds/chromium/1194/chromium-linux.zip
2026-10-09T05:40:51.5549380Z |                                                                                |   0% of 173.9 MiB
2026-10-09T05:40:51.6746555Z |■■■■■■■■                                                                        |  10% of 173.9 MiB
2026-10-09T05:40:51.7604465Z |■■■■■■■■■■■■■■■■                                                                |  20% of 173.9 MiB
2026-10-09T05:40:51.8441853Z |■■■■■■■■■■■■■■■■■■■■■■■■                                                        |  30% of 173.9 MiB
2026-10-09T05:40:51.9118131Z |■■■■■■■■■■■■■■■■■■■■■■■■■■■■■■■■                                                |  40% of 173.9 MiB
2026-10-09T05:40:52.0216777Z |■■■■■■■■■■■■■■■■■■■■■■■■■■■■■■■■■■■■■■■■                                        |  50% of 173.9 MiB
2026-10-09T05:40:52.0993281Z |■■■■■■■■■■■■■■■■■■■■■■■■■■■■■■■■■■■■■■■■■■■■■■■■                                |  60% of 173.9 MiB
2026-10-09T05:40:52.1695090Z |■■■■■■■■■■■■■■■■■■■■■■■■■■■■■■■■■■■■■■■■■■■■■■■■■■■■■■■■                        |  70% of 173.9 MiB
2026-10-09T05:40:52.2342134Z |■■■■■■■■■■■■■■■■■■■■■■■■■■■■■■■■■■■■■■■■■■■■■■■■■■■■■■■■■■■■■■■■                |  80% of 173.9 MiB
2026-10-09T05:40:52.2926799Z |■■■■■■■■■■■■■■■■■■■■■■■■■■■■■■■■■■■■■■■■■■■■■■■■■■■■■■■■■■■■■■■■■■■■■■■■        |  90% of 173.9 MiB
2026-10-09T05:40:52.3546601Z |■■■■■■■■■■■■■■■■■■■■■■■■■■■■■■■■■■■■■■■■■■■■■■■■■■■■■■■■■■■■■■■■■■■■■■■■■■■■■■■■| 100% of 173.9 MiB
2026-10-09T05:40:55.9937565Z Chromium 141.0.7390.37 (playwright build v1194) downloaded to /home/runner/.cache/ms-playwright/chromium-1194
2026-10-09T05:40:55.9941484Z Downloading FFMPEG playwright build v1011 from https://cdn.playwright.dev/dbazure/download/playwright/builds/ffmpeg/1011/ffmpeg-linux.zip
2026-10-09T05:40:56.1421309Z |                                                                                |   0% of 2.3 MiB
2026-10-09T05:40:56.1469311Z |■■■■■■■■                                                                        |  10% of 2.3 MiB
2026-10-09T05:40:56.1511861Z |■■■■■■■■■■■■■■■■                                                                |  20% of 2.3 MiB
2026-10-09T05:40:56.1538664Z |■■■■■■■■■■■■■■■■■■■■■■■■                                                        |  30% of 2.3 MiB
2026-10-09T05:40:56.1568850Z |■■■■■■■■■■■■■■■■■■■■■■■■■■■■■■■■                                                |  40% of 2.3 MiB
2026-10-09T05:40:56.1586268Z |■■■■■■■■■■■■■■■■■■■■■■■■■■■■■■■■■■■■■■■■                                        |  50% of 2.3 MiB
2026-10-09T05:40:56.1602900Z |■■■■■■■■■■■■■■■■■■■■■■■■■■■■■■■■■■■■■■■■■■■■■■■■                                |  60% of 2.3 MiB
2026-10-09T05:40:56.1627205Z |■■■■■■■■■■■■■■■■■■■■■■■■■■■■■■■■■■■■■■■■■■■■■■■■■■■■■■■■                        |  70% of 2.3 MiB
2026-10-09T05:40:56.1644194Z |■■■■■■■■■■■■■■■■■■■■■■■■■■■■■■■■■■■■■■■■■■■■■■■■■■■■■■■■■■■■■■■■                |  80% of 2.3 MiB
2026-10-09T05:40:56.1660800Z |■■■■■■■■■■■■■■■■■■■■■■■■■■■■■■■■■■■■■■■■■■■■■■■■■■■■■■■■■■■■■■■■■■■■■■■■        |  90% of 2.3 MiB
2026-10-09T05:40:56.1700512Z |■■■■■■■■■■■■■■■■■■■■■■■■■■■■■■■■■■■■■■■■■■■■■■■■■■■■■■■■■■■■■■■■■■■■■■■■■■■■■■■■| 100% of 2.3 MiB
2026-10-09T05:40:56.2225974Z FFMPEG playwright build v1011 downloaded to /home/runner/.cache/ms-playwright/ffmpeg-1011
2026-10-09T05:40:56.2230123Z Downloading Chromium Headless Shell 141.0.7390.37 (playwright build v1194) from https://cdn.playwright.dev/dbazure/download/playwright/builds/chromium/1194/chromium-headless-shell-linux.zip
2026-10-09T05:40:56.3683846Z |                                                                                |   0% of 104.3 MiB
2026-10-09T05:40:56.4618545Z |■■■■■■■■                                                                        |  10% of 104.3 MiB
2026-10-09T05:40:56.5239423Z |■■■■■■■■■■■■■■■■                                                                |  20% of 104.3 MiB
2026-10-09T05:40:56.5722270Z |■■■■■■■■■■■■■■■■■■■■■■■■                                                        |  30% of 104.3 MiB
2026-10-09T05:40:56.6237275Z |■■■■■■■■■■■■■■■■■■■■■■■■■■■■■■■■                                                |  40% of 104.3 MiB
2026-10-09T05:40:56.6686544Z |■■■■■■■■■■■■■■■■■■■■■■■■■■■■■■■■■■■■■■■■                                        |  50% of 104.3 MiB
2026-10-09T05:40:56.7080894Z |■■■■■■■■■■■■■■■■■■■■■■■■■■■■■■■■■■■■■■■■■■■■■■■■                                |  60% of 104.3 MiB
2026-10-09T05:40:56.7449368Z |■■■■■■■■■■■■■■■■■■■■■■■■■■■■■■■■■■■■■■■■■■■■■■■■■■■■■■■■                        |  70% of 104.3 MiB
2026-10-09T05:40:56.7855733Z |■■■■■■■■■■■■■■■■■■■■■■■■■■■■■■■■■■■■■■■■■■■■■■■■■■■■■■■■■■■■■■■■                |  80% of 104.3 MiB
2026-10-09T05:40:56.8239247Z |■■■■■■■■■■■■■■■■■■■■■■■■■■■■■■■■■■■■■■■■■■■■■■■■■■■■■■■■■■■■■■■■■■■■■■■■        |  90% of 104.3 MiB
2026-10-09T05:40:56.8600642Z |■■■■■■■■■■■■■■■■■■■■■■■■■■■■■■■■■■■■■■■■■■■■■■■■■■■■■■■■■■■■■■■■■■■■■■■■■■■■■■■■| 100% of 104.3 MiB
2026-10-09T05:40:58.7636931Z Chromium Headless Shell 141.0.7390.37 (playwright build v1194) downloaded to /home/runner/.cache/ms-playwright/chromium_headless_shell-1194
2026-10-09T05:40:58.8508059Z ##[group]Run npm test
2026-10-09T05:40:58.8508366Z [36;1mnpm test[0m
2026-10-09T05:40:58.8571694Z shell: /usr/bin/bash -e {0}
2026-10-09T05:40:58.8572000Z ##[endgroup]
2026-10-09T05:40:58.9656165Z 
2026-10-09T05:40:58.9657051Z > partybox-g02-gin-rummy@1.2.1 test
2026-10-09T05:40:58.9659360Z > npm run build && node --test tests/*.test.mjs && node scripts/league.mjs && node scripts/mutations.mjs && node scripts/browser-check.mjs && node scripts/capture.mjs ci-current --public-history --ci-output && node scripts/integrity.mjs
2026-10-09T05:40:58.9660940Z 
2026-10-09T05:40:59.0625675Z 
2026-10-09T05:40:59.0627010Z > partybox-g02-gin-rummy@1.2.1 build
2026-10-09T05:40:59.0627744Z > tsc --noEmit && node scripts/build.mjs
2026-10-09T05:40:59.0628107Z 
2026-10-09T05:41:01.3107720Z TAP version 13
2026-10-09T05:41:01.4732176Z # {"suite":"all-phases","phases":6,"cases":408}
2026-10-09T05:41:01.4862556Z # Subtest: every event family, roster id and bot skill in every delivered phase
2026-10-09T05:41:01.4904404Z ok 1 - every event family, roster id and bot skill in every delivered phase
2026-10-09T05:41:01.4957539Z   ---
2026-10-09T05:41:01.4988241Z   duration_ms: 49.603169
2026-10-09T05:41:01.5016957Z   type: 'test'
2026-10-09T05:41:01.5057304Z   ...
2026-10-09T05:41:01.5084893Z # Subtest: registered prototype-looking ids remain valid players and finite result keys
2026-10-09T05:41:01.5106654Z ok 2 - registered prototype-looking ids remain valid players and finite result keys
2026-10-09T05:41:01.5107785Z   ---
2026-10-09T05:41:01.5108249Z   duration_ms: 2.558569
2026-10-09T05:41:01.5109280Z   type: 'test'
2026-10-09T05:41:01.5109819Z   ...
2026-10-09T05:41:06.6690210Z # {"suite":"batch-discard-proof","hands":1000,"outcomes":10500,"exactLayouts":true}
2026-10-09T05:41:06.6733499Z # Subtest: 10500 batch outcomes retain exact standalone layouts and independent minima
2026-10-09T05:41:06.6737921Z ok 3 - 10500 batch outcomes retain exact standalone layouts and independent minima
2026-10-09T05:41:06.6739233Z   ---
2026-10-09T05:41:06.6746645Z   duration_ms: 5249.609793
2026-10-09T05:41:06.6747346Z   type: 'test'
2026-10-09T05:41:06.6747960Z   ...
2026-10-09T05:41:14.0648871Z # {"suite":"boundary-fuzz","seed":912701,"invalidInputs":1000,"phases":6,"rejectedInputs":6000,"metadataChecks":282,"viewChecks":66}
2026-10-09T05:41:14.0663575Z # Subtest: 1000 seeded invalid JSON inputs and malformed event/identity metadata in every phase
2026-10-09T05:41:14.0669630Z ok 4 - 1000 seeded invalid JSON inputs and malformed event/identity metadata in every phase
2026-10-09T05:41:14.0671480Z   ---
2026-10-09T05:41:14.0672115Z   duration_ms: 78.237223
2026-10-09T05:41:14.0672780Z   type: 'test'
2026-10-09T05:41:14.0673333Z   ...
2026-10-09T05:41:14.0675074Z # {"suite":"mixed-event-replay","phaseStarts":6,"seedsPerPhase":100,"transitions":48000,"changed":12742,"eventFamilies":["input","player","speech","speechStart","timer","vip"]}
2026-10-09T05:41:14.0677579Z # Subtest: mixed event families replay through JSON after every transition from every phase
2026-10-09T05:41:14.0679073Z ok 5 - mixed event families replay through JSON after every transition from every phase
2026-10-09T05:41:14.0680033Z   ---
2026-10-09T05:41:14.0680575Z   duration_ms: 12542.55664
2026-10-09T05:41:14.0681167Z   type: 'test'
2026-10-09T05:41:14.0681683Z   ...
2026-10-09T05:41:14.0863716Z # Subtest: branching target ends retain exact minima, legal chains, layouts and all cards
2026-10-09T05:41:14.0888085Z ok 6 - branching target ends retain exact minima, legal chains, layouts and all cards
2026-10-09T05:41:14.0907312Z   ---
2026-10-09T05:41:14.0927306Z   duration_ms: 62.459906
2026-10-09T05:41:14.0928018Z   type: 'test'
2026-10-09T05:41:14.0928596Z   ...
2026-10-09T05:41:14.0929611Z # Subtest: current source-bound raw proof passes without discarding its largest interval
2026-10-09T05:41:14.0931104Z not ok 7 - current source-bound raw proof passes without discarding its largest interval
2026-10-09T05:41:14.0932075Z   ---
2026-10-09T05:41:14.0933151Z   duration_ms: 4.156736
2026-10-09T05:41:14.0933826Z   type: 'test'
2026-10-09T05:41:14.0935060Z   location: '/home/runner/work/partybox-game-cores/partybox-game-cores/jobs/G02-gin-rummy/tests/browser-proof.test.mjs:6:1'
2026-10-09T05:41:14.0936636Z   failureType: 'testCodeFailure'
2026-10-09T05:41:14.0963416Z   error: |-
2026-10-09T05:41:14.0987564Z     accepted proof has stale source hashes
2026-10-09T05:41:14.0997160Z     + actual - expected
2026-10-09T05:41:14.0997774Z     
2026-10-09T05:41:14.0998295Z       {
2026-10-09T05:41:14.0999166Z     +   'play.html': '8d562d7a1b592e13f0f6a8e7c2fa492dbeb5e70dab117910842d6ce590bde533',
2026-10-09T05:41:14.1000486Z     -   'play.html': '0329573fde228c5d7bde7226f41914592a746fd934a8aeb4be9c4ba251bb66e2',
2026-10-09T05:41:14.1001824Z         'src/browser.ts': '56fb3b450aa29e9dda800a69b187d66d5446e056bf2b89b349a9bef1479131e4',
2026-10-09T05:41:14.1003138Z         'src/cards.ts': 'e309e103393bc1aaaf10b34e3994de815dd693d1828a61566723b8fba573fdb9',
2026-10-09T05:41:14.1004446Z     +   'src/core.ts': 'aa9a48dbae7f6ba7010a737eeebd2133394970fdaca96c11b118ccf3941cfcf6',
2026-10-09T05:41:14.1005738Z     -   'src/core.ts': '0ab6faaab888559655dc0ec866a58273cde4440a68db7c1d17c2c65762181bb0',
2026-10-09T05:41:14.1007448Z         'src/play.template.html': '1b5188f105cfd9766f3f19c0a6f3cfa1b522cbd676ec5fde0dbfa1566a09f8c7'
2026-10-09T05:41:14.1008457Z       }
2026-10-09T05:41:14.1008935Z     
2026-10-09T05:41:14.1009412Z   code: 'ERR_ASSERTION'
2026-10-09T05:41:14.1009999Z   name: 'AssertionError'
2026-10-09T05:41:14.1010578Z   expected:
2026-10-09T05:41:14.1011411Z     play.html: '0329573fde228c5d7bde7226f41914592a746fd934a8aeb4be9c4ba251bb66e2'
2026-10-09T05:41:14.1013128Z     src/core.ts: '0ab6faaab888559655dc0ec866a58273cde4440a68db7c1d17c2c65762181bb0'
2026-10-09T05:41:14.1014385Z     src/cards.ts: 'e309e103393bc1aaaf10b34e3994de815dd693d1828a61566723b8fba573fdb9'
2026-10-09T05:41:14.1015686Z     src/browser.ts: '56fb3b450aa29e9dda800a69b187d66d5446e056bf2b89b349a9bef1479131e4'
2026-10-09T05:41:14.1017313Z     src/play.template.html: '1b5188f105cfd9766f3f19c0a6f3cfa1b522cbd676ec5fde0dbfa1566a09f8c7'
2026-10-09T05:41:14.1018311Z   actual:
2026-10-09T05:41:14.1019162Z     play.html: '8d562d7a1b592e13f0f6a8e7c2fa492dbeb5e70dab117910842d6ce590bde533'
2026-10-09T05:41:14.1020436Z     src/core.ts: 'aa9a48dbae7f6ba7010a737eeebd2133394970fdaca96c11b118ccf3941cfcf6'
2026-10-09T05:41:14.1021703Z     src/cards.ts: 'e309e103393bc1aaaf10b34e3994de815dd693d1828a61566723b8fba573fdb9'
2026-10-09T05:41:14.1023033Z     src/browser.ts: '56fb3b450aa29e9dda800a69b187d66d5446e056bf2b89b349a9bef1479131e4'
2026-10-09T05:41:14.1024459Z     src/play.template.html: '1b5188f105cfd9766f3f19c0a6f3cfa1b522cbd676ec5fde0dbfa1566a09f8c7'
2026-10-09T05:41:14.1025480Z   operator: 'deepStrictEqual'
2026-10-09T05:41:14.1026070Z   stack: |-
2026-10-09T05:41:14.1027491Z     sourceGuard (file:///home/runner/work/partybox-game-cores/partybox-game-cores/jobs/G02-gin-rummy/scripts/browser-proof.mjs:13:9)
2026-10-09T05:41:14.1029737Z     verifyBrowserProof (file:///home/runner/work/partybox-game-cores/partybox-game-cores/jobs/G02-gin-rummy/scripts/browser-proof.mjs:21:2)
2026-10-09T05:41:14.1031963Z     TestContext.<anonymous> (file:///home/runner/work/partybox-game-cores/partybox-game-cores/jobs/G02-gin-rummy/tests/browser-proof.test.mjs:8:19)
2026-10-09T05:41:14.1033477Z     Test.runInAsyncScope (node:async_hooks:214:14)
2026-10-09T05:41:14.1034343Z     Test.run (node:internal/test_runner/test:1047:25)
2026-10-09T05:41:14.1035192Z     Test.start (node:internal/test_runner/test:944:17)
2026-10-09T05:41:14.1036201Z     startSubtestAfterBootstrap (node:internal/test_runner/harness:296:17)
2026-10-09T05:41:14.1037345Z   ...
2026-10-09T05:41:14.1038302Z # Subtest: a refreshed inventory cannot accept stale browser or recording source hashes
2026-10-09T05:41:14.1039813Z ok 8 - a refreshed inventory cannot accept stale browser or recording source hashes
2026-10-09T05:41:14.1040734Z   ---
2026-10-09T05:41:14.1041224Z   duration_ms: 15.818384
2026-10-09T05:41:14.1042072Z   type: 'test'
2026-10-09T05:41:14.1042609Z   ...
2026-10-09T05:41:14.1043370Z # Subtest: changed end guards and failed snapshots are rejected
2026-10-09T05:41:14.1044412Z not ok 9 - changed end guards and failed snapshots are rejected
2026-10-09T05:41:14.1045170Z   ---
2026-10-09T05:41:14.1045654Z   duration_ms: 5.239767
2026-10-09T05:41:14.1046212Z   type: 'test'
2026-10-09T05:41:14.1047701Z   location: '/home/runner/work/partybox-game-cores/partybox-game-cores/jobs/G02-gin-rummy/tests/browser-proof.test.mjs:16:1'
2026-10-09T05:41:14.1048992Z   failureType: 'testCodeFailure'
2026-10-09T05:41:14.1049611Z   error: |-
2026-10-09T05:41:14.1050342Z     The input did not match the regular expression /end hashes/. Input:
2026-10-09T05:41:14.1051116Z     
2026-10-09T05:41:14.1051920Z     'AssertionError [ERR_ASSERTION]: accepted proof has stale source hashes\n' +
2026-10-09T05:41:14.1052898Z       '+ actual - expected\n' +
2026-10-09T05:41:14.1053487Z       '\n' +
2026-10-09T05:41:14.1053989Z       '  {\n' +
2026-10-09T05:41:14.1054925Z       "+   'play.html': '8d562d7a1b592e13f0f6a8e7c2fa492dbeb5e70dab117910842d6ce590bde533',\n" +
2026-10-09T05:41:14.1056525Z       "-   'play.html': '0329573fde228c5d7bde7226f41914592a746fd934a8aeb4be9c4ba251bb66e2',\n" +
2026-10-09T05:41:14.1058761Z       "    'src/browser.ts': '56fb3b450aa29e9dda800a69b187d66d5446e056bf2b89b349a9bef1479131e4',\n" +
2026-10-09T05:41:14.1060443Z       "    'src/cards.ts': 'e309e103393bc1aaaf10b34e3994de815dd693d1828a61566723b8fba573fdb9',\n" +
2026-10-09T05:41:14.1061879Z       "+   'src/core.ts': 'aa9a48dbae7f6ba7010a737eeebd2133394970fdaca96c11b118ccf3941cfcf6',\n" +
2026-10-09T05:41:14.1063552Z       "-   'src/core.ts': '0ab6faaab888559655dc0ec866a58273cde4440a68db7c1d17c2c65762181bb0',\n" +
2026-10-09T05:41:14.1065073Z       "    'src/play.template.html': '1b5188f105cfd9766f3f19c0a6f3cfa1b522cbd676ec5fde0dbfa1566a09f8c7'\n" +
2026-10-09T05:41:14.1066137Z       '  }\n'
2026-10-09T05:41:14.1066862Z     
2026-10-09T05:41:14.1067378Z   code: 'ERR_ASSERTION'
2026-10-09T05:41:14.1067942Z   name: 'AssertionError'
2026-10-09T05:41:14.1068491Z   expected:
2026-10-09T05:41:14.1068969Z   actual:
2026-10-09T05:41:14.1069433Z   error: |-
2026-10-09T05:41:14.1070008Z     accepted proof has stale source hashes
2026-10-09T05:41:14.1070682Z     + actual - expected
2026-10-09T05:41:14.1071260Z     
2026-10-09T05:41:14.1071732Z       {
2026-10-09T05:41:14.1072593Z     +   'play.html': '8d562d7a1b592e13f0f6a8e7c2fa492dbeb5e70dab117910842d6ce590bde533',
2026-10-09T05:41:14.1073876Z     -   'play.html': '0329573fde228c5d7bde7226f41914592a746fd934a8aeb4be9c4ba251bb66e2',
2026-10-09T05:41:14.1075189Z         'src/browser.ts': '56fb3b450aa29e9dda800a69b187d66d5446e056bf2b89b349a9bef1479131e4',
2026-10-09T05:41:14.1076785Z         'src/cards.ts': 'e309e103393bc1aaaf10b34e3994de815dd693d1828a61566723b8fba573fdb9',
2026-10-09T05:41:14.1078111Z     +   'src/core.ts': 'aa9a48dbae7f6ba7010a737eeebd2133394970fdaca96c11b118ccf3941cfcf6',
2026-10-09T05:41:14.1079423Z     -   'src/core.ts': '0ab6faaab888559655dc0ec866a58273cde4440a68db7c1d17c2c65762181bb0',
2026-10-09T05:41:14.1080813Z         'src/play.template.html': '1b5188f105cfd9766f3f19c0a6f3cfa1b522cbd676ec5fde0dbfa1566a09f8c7'
2026-10-09T05:41:14.1081804Z       }
2026-10-09T05:41:14.1082269Z     
2026-10-09T05:41:14.1082737Z   stack: |-
2026-10-09T05:41:14.1083977Z     sourceGuard (file:///home/runner/work/partybox-game-cores/partybox-game-cores/jobs/G02-gin-rummy/scripts/browser-proof.mjs:13:9)
2026-10-09T05:41:14.1086068Z     verifyBrowserProof (file:///home/runner/work/partybox-game-cores/partybox-game-cores/jobs/G02-gin-rummy/scripts/browser-proof.mjs:21:2)
2026-10-09T05:41:14.1088285Z     file:///home/runner/work/partybox-game-cores/partybox-game-cores/jobs/G02-gin-rummy/tests/browser-proof.test.mjs:17:85
2026-10-09T05:41:14.1089541Z     getActual (node:assert:531:5)
2026-10-09T05:41:14.1090226Z     Function.throws (node:assert:677:24)
2026-10-09T05:41:14.1092025Z     TestContext.<anonymous> (file:///home/runner/work/partybox-game-cores/partybox-game-cores/jobs/G02-gin-rummy/tests/browser-proof.test.mjs:17:74)
2026-10-09T05:41:14.1093548Z     Test.runInAsyncScope (node:async_hooks:214:14)
2026-10-09T05:41:14.1094387Z     Test.run (node:internal/test_runner/test:1047:25)
2026-10-09T05:41:14.1095374Z     Test.processPendingSubtests (node:internal/test_runner/test:744:18)
2026-10-09T05:41:14.1096613Z     Test.postRun (node:internal/test_runner/test:1173:19)
2026-10-09T05:41:14.1097385Z   operator: 'throws'
2026-10-09T05:41:14.1097931Z   stack: |-
2026-10-09T05:41:14.1099291Z     TestContext.<anonymous> (file:///home/runner/work/partybox-game-cores/partybox-game-cores/jobs/G02-gin-rummy/tests/browser-proof.test.mjs:17:74)
2026-10-09T05:41:14.1100799Z     Test.runInAsyncScope (node:async_hooks:214:14)
2026-10-09T05:41:14.1101655Z     Test.run (node:internal/test_runner/test:1047:25)
2026-10-09T05:41:14.1102906Z     Test.processPendingSubtests (node:internal/test_runner/test:744:18)
2026-10-09T05:41:14.1103975Z     Test.postRun (node:internal/test_runner/test:1173:19)
2026-10-09T05:41:14.1104844Z     Test.run (node:internal/test_runner/test:1101:12)
2026-10-09T05:41:14.1105856Z     async Test.processPendingSubtests (node:internal/test_runner/test:744:7)
2026-10-09T05:41:14.1106944Z   ...
2026-10-09T05:41:14.1107981Z # Subtest: missing, altered and invalid raw intervals cannot be hidden by good summary fields
2026-10-09T05:41:14.1109511Z ok 10 - missing, altered and invalid raw intervals cannot be hidden by good summary fields
2026-10-09T05:41:14.1110458Z   ---
2026-10-09T05:41:14.1110965Z   duration_ms: 12.914092
2026-10-09T05:41:14.1111797Z   type: 'test'
2026-10-09T05:41:14.1112296Z   ...
2026-10-09T05:41:14.1113140Z # Subtest: reported statistics are recomputed from all retained intervals
2026-10-09T05:41:14.1114336Z not ok 11 - reported statistics are recomputed from all retained intervals
2026-10-09T05:41:14.1115152Z   ---
2026-10-09T05:41:14.1115696Z   duration_ms: 4.242134
2026-10-09T05:41:14.1116263Z   type: 'test'
2026-10-09T05:41:14.1117787Z   location: '/home/runner/work/partybox-game-cores/partybox-game-cores/jobs/G02-gin-rummy/tests/browser-proof.test.mjs:26:1'
2026-10-09T05:41:14.1119079Z   failureType: 'testCodeFailure'
2026-10-09T05:41:14.1119700Z   error: |-
2026-10-09T05:41:14.1120464Z     The input did not match the regular expression /retained interval/. Input:
2026-10-09T05:41:14.1121336Z     
2026-10-09T05:41:14.1122142Z     'AssertionError [ERR_ASSERTION]: accepted proof has stale source hashes\n' +
2026-10-09T05:41:14.1123083Z       '+ actual - expected\n' +
2026-10-09T05:41:14.1123669Z       '\n' +
2026-10-09T05:41:14.1124157Z       '  {\n' +
2026-10-09T05:41:14.1125099Z       "+   'play.html': '8d562d7a1b592e13f0f6a8e7c2fa492dbeb5e70dab117910842d6ce590bde533',\n" +
2026-10-09T05:41:14.1126677Z       "-   'play.html': '0329573fde228c5d7bde7226f41914592a746fd934a8aeb4be9c4ba251bb66e2',\n" +
2026-10-09T05:41:14.1128110Z       "    'src/browser.ts': '56fb3b450aa29e9dda800a69b187d66d5446e056bf2b89b349a9bef1479131e4',\n" +
2026-10-09T05:41:14.1129519Z       "    'src/cards.ts': 'e309e103393bc1aaaf10b34e3994de815dd693d1828a61566723b8fba573fdb9',\n" +
2026-10-09T05:41:14.1130944Z       "+   'src/core.ts': 'aa9a48dbae7f6ba7010a737eeebd2133394970fdaca96c11b118ccf3941cfcf6',\n" +
2026-10-09T05:41:14.1132338Z       "-   'src/core.ts': '0ab6faaab888559655dc0ec866a58273cde4440a68db7c1d17c2c65762181bb0',\n" +
2026-10-09T05:41:14.1133812Z       "    'src/play.template.html': '1b5188f105cfd9766f3f19c0a6f3cfa1b522cbd676ec5fde0dbfa1566a09f8c7'\n" +
2026-10-09T05:41:14.1134870Z       '  }\n'
2026-10-09T05:41:14.1135387Z     
2026-10-09T05:41:14.1135872Z   code: 'ERR_ASSERTION'
2026-10-09T05:41:14.1136647Z   name: 'AssertionError'
2026-10-09T05:41:14.1137225Z   expected:
2026-10-09T05:41:14.1137700Z   actual:
2026-10-09T05:41:14.1138175Z   error: |-
2026-10-09T05:41:14.1138765Z     accepted proof has stale source hashes
2026-10-09T05:41:14.1139450Z     + actual - expected
2026-10-09T05:41:14.1140011Z     
2026-10-09T05:41:14.1140722Z       {
2026-10-09T05:41:14.1141606Z     +   'play.html': '8d562d7a1b592e13f0f6a8e7c2fa492dbeb5e70dab117910842d6ce590bde533',
2026-10-09T05:41:14.1142892Z     -   'play.html': '0329573fde228c5d7bde7226f41914592a746fd934a8aeb4be9c4ba251bb66e2',
2026-10-09T05:41:14.1144195Z         'src/browser.ts': '56fb3b450aa29e9dda800a69b187d66d5446e056bf2b89b349a9bef1479131e4',
2026-10-09T05:41:14.1145504Z         'src/cards.ts': 'e309e103393bc1aaaf10b34e3994de815dd693d1828a61566723b8fba573fdb9',
2026-10-09T05:41:14.1147020Z     +   'src/core.ts': 'aa9a48dbae7f6ba7010a737eeebd2133394970fdaca96c11b118ccf3941cfcf6',
2026-10-09T05:41:14.1148500Z     -   'src/core.ts': '0ab6faaab888559655dc0ec866a58273cde4440a68db7c1d17c2c65762181bb0',
2026-10-09T05:41:14.1150385Z         'src/play.template.html': '1b5188f105cfd9766f3f19c0a6f3cfa1b522cbd676ec5fde0dbfa1566a09f8c7'
2026-10-09T05:41:14.1152107Z       }
2026-10-09T05:41:14.1154054Z     
2026-10-09T05:41:14.1154883Z   stack: |-
2026-10-09T05:41:14.1156166Z     sourceGuard (file:///home/runner/work/partybox-game-cores/partybox-game-cores/jobs/G02-gin-rummy/scripts/browser-proof.mjs:13:9)
2026-10-09T05:41:14.1158436Z     verifyBrowserProof (file:///home/runner/work/partybox-game-cores/partybox-game-cores/jobs/G02-gin-rummy/scripts/browser-proof.mjs:21:2)
2026-10-09T05:41:14.1160454Z     file:///home/runner/work/partybox-game-cores/partybox-game-cores/jobs/G02-gin-rummy/tests/browser-proof.test.mjs:29:21
2026-10-09T05:41:14.1161706Z     getActual (node:assert:531:5)
2026-10-09T05:41:14.1162401Z     Function.throws (node:assert:677:24)
2026-10-09T05:41:14.1163900Z     TestContext.<anonymous> (file:///home/runner/work/partybox-game-cores/partybox-game-cores/jobs/G02-gin-rummy/tests/browser-proof.test.mjs:29:10)
2026-10-09T05:41:14.1165652Z     Test.runInAsyncScope (node:async_hooks:214:14)
2026-10-09T05:41:14.1166702Z     Test.run (node:internal/test_runner/test:1047:25)
2026-10-09T05:41:14.1167700Z     Test.processPendingSubtests (node:internal/test_runner/test:744:18)
2026-10-09T05:41:14.1168740Z     Test.postRun (node:internal/test_runner/test:1173:19)
2026-10-09T05:41:14.1169480Z   operator: 'throws'
2026-10-09T05:41:14.1170006Z   stack: |-
2026-10-09T05:41:14.1171367Z     TestContext.<anonymous> (file:///home/runner/work/partybox-game-cores/partybox-game-cores/jobs/G02-gin-rummy/tests/browser-proof.test.mjs:29:10)
2026-10-09T05:41:14.1172854Z     Test.runInAsyncScope (node:async_hooks:214:14)
2026-10-09T05:41:14.1173689Z     Test.run (node:internal/test_runner/test:1047:25)
2026-10-09T05:41:14.1174688Z     Test.processPendingSubtests (node:internal/test_runner/test:744:18)
2026-10-09T05:41:14.1175787Z     Test.postRun (node:internal/test_runner/test:1173:19)
2026-10-09T05:41:14.1177092Z     Test.run (node:internal/test_runner/test:1101:12)
2026-10-09T05:41:14.1178143Z     async Test.processPendingSubtests (node:internal/test_runner/test:744:7)
2026-10-09T05:41:14.1179019Z   ...
2026-10-09T05:41:14.1179967Z # Subtest: an honestly recomputed slow raw sample still fails the original frame gate
2026-10-09T05:41:14.1181322Z not ok 12 - an honestly recomputed slow raw sample still fails the original frame gate
2026-10-09T05:41:14.1182208Z   ---
2026-10-09T05:41:14.1183049Z   duration_ms: 5.270854
2026-10-09T05:41:14.1183553Z   type: 'test'
2026-10-09T05:41:14.1184643Z   location: '/home/runner/work/partybox-game-cores/partybox-game-cores/jobs/G02-gin-rummy/tests/browser-proof.test.mjs:32:1'
2026-10-09T05:41:14.1185854Z   failureType: 'testCodeFailure'
2026-10-09T05:41:14.1186301Z   error: |-
2026-10-09T05:41:14.1187369Z     The input did not match the regular expression /raw frame gate failed/. Input:
2026-10-09T05:41:14.1188068Z     
2026-10-09T05:41:14.1188716Z     'AssertionError [ERR_ASSERTION]: accepted proof has stale source hashes\n' +
2026-10-09T05:41:14.1189508Z       '+ actual - expected\n' +
2026-10-09T05:41:14.1189936Z       '\n' +
2026-10-09T05:41:14.1190267Z       '  {\n' +
2026-10-09T05:41:14.1191322Z       "+   'play.html': '8d562d7a1b592e13f0f6a8e7c2fa492dbeb5e70dab117910842d6ce590bde533',\n" +
2026-10-09T05:41:14.1192835Z       "-   'play.html': '0329573fde228c5d7bde7226f41914592a746fd934a8aeb4be9c4ba251bb66e2',\n" +
2026-10-09T05:41:14.1194074Z       "    'src/browser.ts': '56fb3b450aa29e9dda800a69b187d66d5446e056bf2b89b349a9bef1479131e4',\n" +
2026-10-09T05:41:14.1195320Z       "    'src/cards.ts': 'e309e103393bc1aaaf10b34e3994de815dd693d1828a61566723b8fba573fdb9',\n" +
2026-10-09T05:41:14.1211063Z       "+   'src/core.ts': 'aa9a48dbae7f6ba7010a737eeebd2133394970fdaca96c11b118ccf3941cfcf6',\n" +
2026-10-09T05:41:14.1212424Z       "-   'src/core.ts': '0ab6faaab888559655dc0ec866a58273cde4440a68db7c1d17c2c65762181bb0',\n" +
2026-10-09T05:41:14.1213793Z       "    'src/play.template.html': '1b5188f105cfd9766f3f19c0a6f3cfa1b522cbd676ec5fde0dbfa1566a09f8c7'\n" +
2026-10-09T05:41:14.1214911Z       '  }\n'
2026-10-09T05:41:14.1215244Z     
2026-10-09T05:41:14.1215581Z   code: 'ERR_ASSERTION'
2026-10-09T05:41:14.1215990Z   name: 'AssertionError'
2026-10-09T05:41:14.1216808Z   expected:
2026-10-09T05:41:14.1217176Z   actual:
2026-10-09T05:41:14.1217498Z   error: |-
2026-10-09T05:41:14.1217930Z     accepted proof has stale source hashes
2026-10-09T05:41:14.1218447Z     + actual - expected
2026-10-09T05:41:14.1218831Z     
2026-10-09T05:41:14.1219130Z       {
2026-10-09T05:41:14.1219821Z     +   'play.html': '8d562d7a1b592e13f0f6a8e7c2fa492dbeb5e70dab117910842d6ce590bde533',
2026-10-09T05:41:14.1220946Z     -   'play.html': '0329573fde228c5d7bde7226f41914592a746fd934a8aeb4be9c4ba251bb66e2',
2026-10-09T05:41:14.1222077Z         'src/browser.ts': '56fb3b450aa29e9dda800a69b187d66d5446e056bf2b89b349a9bef1479131e4',
2026-10-09T05:41:14.1223863Z         'src/cards.ts': 'e309e103393bc1aaaf10b34e3994de815dd693d1828a61566723b8fba573fdb9',
2026-10-09T05:41:14.1224989Z     +   'src/core.ts': 'aa9a48dbae7f6ba7010a737eeebd2133394970fdaca96c11b118ccf3941cfcf6',
2026-10-09T05:41:14.1226112Z     -   'src/core.ts': '0ab6faaab888559655dc0ec866a58273cde4440a68db7c1d17c2c65762181bb0',
2026-10-09T05:41:14.1237899Z         'src/play.template.html': '1b5188f105cfd9766f3f19c0a6f3cfa1b522cbd676ec5fde0dbfa1566a09f8c7'
2026-10-09T05:41:14.1238769Z       }
2026-10-09T05:41:14.1239090Z     
2026-10-09T05:41:14.1239401Z   stack: |-
2026-10-09T05:41:14.1240513Z     sourceGuard (file:///home/runner/work/partybox-game-cores/partybox-game-cores/jobs/G02-gin-rummy/scripts/browser-proof.mjs:13:9)
2026-10-09T05:41:14.1242400Z     verifyBrowserProof (file:///home/runner/work/partybox-game-cores/partybox-game-cores/jobs/G02-gin-rummy/scripts/browser-proof.mjs:21:2)
2026-10-09T05:41:14.1244199Z     file:///home/runner/work/partybox-game-cores/partybox-game-cores/jobs/G02-gin-rummy/tests/browser-proof.test.mjs:37:20
2026-10-09T05:41:14.1245285Z     getActual (node:assert:531:5)
2026-10-09T05:41:14.1245806Z     Function.throws (node:assert:677:24)
2026-10-09T05:41:14.1247338Z     TestContext.<anonymous> (file:///home/runner/work/partybox-game-cores/partybox-game-cores/jobs/G02-gin-rummy/tests/browser-proof.test.mjs:37:9)
2026-10-09T05:41:14.1248660Z     Test.runInAsyncScope (node:async_hooks:214:14)
2026-10-09T05:41:14.1249343Z     Test.run (node:internal/test_runner/test:1047:25)
2026-10-09T05:41:14.1250170Z     Test.processPendingSubtests (node:internal/test_runner/test:744:18)
2026-10-09T05:41:14.1251019Z     Test.postRun (node:internal/test_runner/test:1173:19)
2026-10-09T05:41:14.1251590Z   operator: 'throws'
2026-10-09T05:41:14.1251958Z   stack: |-
2026-10-09T05:41:14.1253136Z     TestContext.<anonymous> (file:///home/runner/work/partybox-game-cores/partybox-game-cores/jobs/G02-gin-rummy/tests/browser-proof.test.mjs:37:9)
2026-10-09T05:41:14.1254486Z     Test.runInAsyncScope (node:async_hooks:214:14)
2026-10-09T05:41:14.1255168Z     Test.run (node:internal/test_runner/test:1047:25)
2026-10-09T05:41:14.1255984Z     Test.processPendingSubtests (node:internal/test_runner/test:744:18)
2026-10-09T05:41:14.1257259Z     Test.postRun (node:internal/test_runner/test:1173:19)
2026-10-09T05:41:14.1258209Z     Test.run (node:internal/test_runner/test:1101:12)
2026-10-09T05:41:14.1259073Z     async Test.processPendingSubtests (node:internal/test_runner/test:744:7)
2026-10-09T05:41:14.1259767Z   ...
2026-10-09T05:41:14.1260545Z # Subtest: profile dimensions, CPU rates and encoder separation must remain truthful
2026-10-09T05:41:14.1261698Z ok 13 - profile dimensions, CPU rates and encoder separation must remain truthful
2026-10-09T05:41:14.1262396Z   ---
2026-10-09T05:41:14.1262730Z   duration_ms: 13.561023
2026-10-09T05:41:14.1263120Z   type: 'test'
2026-10-09T05:41:14.1263451Z   ...
2026-10-09T05:41:14.1264112Z # Subtest: changed, oversized and falsely labeled recordings are rejected
2026-10-09T05:41:14.1265113Z ok 14 - changed, oversized and falsely labeled recordings are rejected
2026-10-09T05:41:14.1265733Z   ---
2026-10-09T05:41:14.1266056Z   duration_ms: 12.432699
2026-10-09T05:41:14.1266642Z   type: 'test'
2026-10-09T05:41:14.1266971Z   ...
2026-10-09T05:41:14.1267871Z # Subtest: actual capture CLI refuses invalid tags and existing media/report before any browser launch
2026-10-09T05:41:14.1269272Z ok 15 - actual capture CLI refuses invalid tags and existing media/report before any browser launch
2026-10-09T05:41:14.1270073Z   ---
2026-10-09T05:41:14.1270397Z   duration_ms: 993.354303
2026-10-09T05:41:14.1270794Z   type: 'test'
2026-10-09T05:41:14.1271122Z   ...
2026-10-09T05:41:14.1271978Z # Subtest: meld validation rejects impossible card IDs while preserving legitimate edge runs/sets
2026-10-09T05:41:14.1273538Z ok 16 - meld validation rejects impossible card IDs while preserving legitimate edge runs/sets
2026-10-09T05:41:14.1274569Z   ---
2026-10-09T05:41:14.1274895Z   duration_ms: 1.599152
2026-10-09T05:41:14.1275282Z   type: 'test'
2026-10-09T05:41:14.1275619Z   ...
2026-10-09T05:41:39.3040952Z # {"suite":"bot-contract","variant":"standard","players":2,"games":1000,"replays":1000,"totalEvents":260878,"maxEvents":612,"replayChecks":260878,"comparison":"every-event SHA256 and bytes; JSON-roundtrip replay"}
2026-10-09T05:42:09.9408869Z # {"suite":"bot-contract","variant":"standard","players":3,"games":1000,"replays":1000,"totalEvents":285455,"maxEvents":775,"replayChecks":285455,"comparison":"every-event SHA256 and bytes; JSON-roundtrip replay"}
2026-10-09T05:42:47.6537175Z # {"suite":"bot-contract","variant":"standard","players":4,"games":1000,"replays":1000,"totalEvents":344241,"maxEvents":825,"replayChecks":344241,"comparison":"every-event SHA256 and bytes; JSON-roundtrip replay"}
2026-10-09T05:43:15.3694365Z # {"suite":"bot-contract","variant":"oklahoma","players":2,"games":1000,"replays":1000,"totalEvents":255515,"maxEvents":755,"replayChecks":255515,"comparison":"every-event SHA256 and bytes; JSON-roundtrip replay"}
2026-10-09T05:43:45.3299450Z # {"suite":"bot-contract","variant":"oklahoma","players":3,"games":1000,"replays":1000,"totalEvents":268526,"maxEvents":812,"replayChecks":268526,"comparison":"every-event SHA256 and bytes; JSON-roundtrip replay"}
2026-10-09T05:44:21.2202194Z # {"suite":"bot-contract","variant":"oklahoma","players":4,"games":1000,"replays":1000,"totalEvents":315689,"maxEvents":929,"replayChecks":315689,"comparison":"every-event SHA256 and bytes; JSON-roundtrip replay"}
2026-10-09T05:44:34.0914208Z # {"suite":"properties","seeds":1003,"events":420546}
2026-10-09T05:44:37.6741933Z # {"suite":"secrecy","comparisons":7925}
2026-10-09T05:44:37.7013952Z # Subtest: 1000 finished seeded bot games at EACH valid count/edition, hash replay after EVERY event
2026-10-09T05:44:37.7015875Z ok 17 - 1000 finished seeded bot games at EACH valid count/edition, hash replay after EVERY event
2026-10-09T05:44:37.7017369Z   ---
2026-10-09T05:44:37.7017974Z   duration_ms: 197963.357564
2026-10-09T05:44:37.7018606Z   type: 'test'
2026-10-09T05:44:37.7019138Z   ...
2026-10-09T05:44:37.7021034Z # Subtest: property seeds 1,2,3 plus 1000 random seeds: adversarial event sequences and immutability
2026-10-09T05:44:37.7023002Z ok 18 - property seeds 1,2,3 plus 1000 random seeds: adversarial event sequences and immutability
2026-10-09T05:44:37.7026808Z   ---
2026-10-09T05:44:37.7027156Z   duration_ms: 12870.219395
2026-10-09T05:44:37.7027424Z   type: 'test'
2026-10-09T05:44:37.7027634Z   ...
2026-10-09T05:44:37.7029614Z # Subtest: hidden-card/order perturbations never change TV, another controller or bot decisions
2026-10-09T05:44:37.7039088Z ok 19 - hidden-card/order perturbations never change TV, another controller or bot decisions
2026-10-09T05:44:37.7040301Z   ---
2026-10-09T05:44:37.7040680Z   duration_ms: 3582.772568
2026-10-09T05:44:37.7041121Z   type: 'test'
2026-10-09T05:44:37.7041487Z   ...
2026-10-09T05:44:37.7042342Z # Subtest: idle/no-clock matches remain until explicit end, every phase can exit via VIP
2026-10-09T05:44:37.7043610Z ok 20 - idle/no-clock matches remain until explicit end, every phase can exit via VIP
2026-10-09T05:44:37.7044361Z   ---
2026-10-09T05:44:37.7044716Z   duration_ms: 23.885386
2026-10-09T05:44:37.7045156Z   type: 'test'
2026-10-09T05:44:37.7045522Z   ...
2026-10-09T05:44:37.7294104Z # {"suite":"departures","initialCases":1000,"completeMatches":120,"events":17184,"maxAutomatedTransitions":75}
2026-10-09T05:44:37.7296241Z # Subtest: departures in every live phase finish the absent turn without exposing its hand
2026-10-09T05:44:37.7298983Z ok 21 - departures in every live phase finish the absent turn without exposing its hand
2026-10-09T05:44:37.7300075Z   ---
2026-10-09T05:44:37.7300574Z   duration_ms: 24.377757
2026-10-09T05:44:37.7301160Z   type: 'test'
2026-10-09T05:44:37.7301653Z   ...
2026-10-09T05:44:37.7302937Z # Subtest: 1000 departure/drop cases and 120 full matches never leave an absent seat blocking play
2026-10-09T05:44:37.7304543Z ok 22 - 1000 departure/drop cases and 120 full matches never leave an absent seat blocking play
2026-10-09T05:44:37.7305233Z   ---
2026-10-09T05:44:37.7305543Z   duration_ms: 5011.900265
2026-10-09T05:44:37.7305906Z   type: 'test'
2026-10-09T05:44:37.7306204Z   ...
2026-10-09T05:44:37.7307467Z # Subtest: empty rooms pause, reconnect resumes only an automatic pause, and permanent leaves cannot rejoin
2026-10-09T05:44:37.7308525Z ok 23 - empty rooms pause, reconnect resumes only an automatic pause, and permanent leaves cannot rejoin
2026-10-09T05:44:37.7309076Z   ---
2026-10-09T05:44:37.7309291Z   duration_ms: 0.779242
2026-10-09T05:44:37.7309687Z   type: 'test'
2026-10-09T05:44:37.7310007Z   ...
2026-10-09T05:44:37.7310827Z # Subtest: departures during VIP pause drain only on resume; malformed control events do nothing
2026-10-09T05:44:37.7312076Z ok 24 - departures during VIP pause drain only on resume; malformed control events do nothing
2026-10-09T05:44:37.7312810Z   ---
2026-10-09T05:44:37.7313140Z   duration_ms: 0.352306
2026-10-09T05:44:37.7313513Z   type: 'test'
2026-10-09T05:44:37.7313830Z   ...
2026-10-09T05:44:37.7314717Z # {"suite":"deadwood-proof","hands":10000,"tenCard":5000,"elevenCard":5000,"seed":20261008,"checksum":584788}
2026-10-09T05:44:37.7315924Z # Subtest: independent exhaustive meld-subset packing proves 10000 exact minima
2026-10-09T05:44:37.7317189Z ok 25 - independent exhaustive meld-subset packing proves 10000 exact minima
2026-10-09T05:44:37.7317859Z   ---
2026-10-09T05:44:37.7318183Z   duration_ms: 6069.254579
2026-10-09T05:44:37.7318559Z   type: 'test'
2026-10-09T05:44:37.7318872Z   ...
2026-10-09T05:44:37.7319772Z # Subtest: actual Big Gin reducer keeps eleven cards, rejects disabled/incomplete claims and prevents layoffs
2026-10-09T05:44:37.7321161Z ok 26 - actual Big Gin reducer keeps eleven cards, rejects disabled/incomplete claims and prevents layoffs
2026-10-09T05:44:37.7321939Z   ---
2026-10-09T05:44:37.7322252Z   duration_ms: 8.741988
2026-10-09T05:44:37.7322618Z   type: 'test'
2026-10-09T05:44:37.7322929Z   ...
2026-10-09T05:44:37.7323773Z # Subtest: actual Gin/normal knock phases, custom layout rejection, match completion and Oklahoma boxes
2026-10-09T05:44:37.7325083Z ok 27 - actual Gin/normal knock phases, custom layout rejection, match completion and Oklahoma boxes
2026-10-09T05:44:37.7325836Z   ---
2026-10-09T05:44:37.7326531Z   duration_ms: 4.489129
2026-10-09T05:44:37.7326932Z   type: 'test'
2026-10-09T05:44:37.7327245Z   ...
2026-10-09T05:44:37.7328000Z # Subtest: winner-stays queue for every rotation size, drawn hand retains seats, each dealer setting
2026-10-09T05:44:37.7329298Z ok 28 - winner-stays queue for every rotation size, drawn hand retains seats, each dealer setting
2026-10-09T05:44:37.7330031Z   ---
2026-10-09T05:44:37.7330339Z   duration_ms: 1.903134
2026-10-09T05:44:37.7330703Z   type: 'test'
2026-10-09T05:44:37.7331009Z   ...
2026-10-09T05:44:37.7332506Z # {"frameWindow":"READY","profile":"desktop","sourceSha256":"aaaaaaaaaaaaaaaaaaaaaaaaaaaaaaaaaaaaaaaaaaaaaaaaaaaaaaaaaaaaaaaa","attemptNonce":"b2f660bd-218e-46bb-a7a7-4b58f3caf923","utc":"2026-10-09T05:41:14.307Z"}
2026-10-09T05:44:37.7336554Z # {"frameWindow":"CLOSED","profile":"desktop","sourceSha256":"aaaaaaaaaaaaaaaaaaaaaaaaaaaaaaaaaaaaaaaaaaaaaaaaaaaaaaaaaaaaaaaa","attemptNonce":"b2f660bd-218e-46bb-a7a7-4b58f3caf923","coordination":"root-granted","readyUtc":"2026-10-09T05:41:14.307Z","grantUtc":"2026-10-09T05:41:15.315Z","status":"closed","utc":"2026-10-09T05:41:15.316Z"}
2026-10-09T05:44:37.7340033Z # {"frameWindow":"READY","profile":"desktop","sourceSha256":"aaaaaaaaaaaaaaaaaaaaaaaaaaaaaaaaaaaaaaaaaaaaaaaaaaaaaaaaaaaaaaaa","attemptNonce":"e8a01f66-6172-4b00-b371-9a5bdaad26ac","utc":"2026-10-09T05:41:15.317Z"}
2026-10-09T05:44:37.7342256Z # {"frameWindow":"CLOSED","profile":"desktop","sourceSha256":"aaaaaaaaaaaaaaaaaaaaaaaaaaaaaaaaaaaaaaaaaaaaaaaaaaaaaaaaaaaaaaaa","attemptNonce":"e8a01f66-6172-4b00-b371-9a5bdaad26ac","coordination":"root-granted","readyUtc":"2026-10-09T05:41:15.317Z","grantUtc":"2026-10-09T05:41:15.517Z","status":"closed","utc":"2026-10-09T05:41:15.517Z"}
2026-10-09T05:44:37.7343828Z # {"actualGrantCorruptionControls":10,"sequentialAttempts":2}
2026-10-09T05:44:37.7345031Z # {"frameWindow":"READY","profile":"desktop","sourceSha256":"aaaaaaaaaaaaaaaaaaaaaaaaaaaaaaaaaaaaaaaaaaaaaaaaaaaaaaaaaaaaaaaa","attemptNonce":"0e92f3be-b3bc-4afa-9ed0-2af4f940c67a","utc":"2026-10-09T05:41:15.521Z"}
2026-10-09T05:44:37.7347545Z # Subtest: actual temporary grants reject stale nonce/source/profile and malformed or extra fields
2026-10-09T05:44:37.7348917Z ok 29 - actual temporary grants reject stale nonce/source/profile and malformed or extra fields
2026-10-09T05:44:37.7349719Z   ---
2026-10-09T05:44:37.7350065Z   duration_ms: 1214.385756
2026-10-09T05:44:37.7350464Z   type: 'test'
2026-10-09T05:44:37.7350805Z   ...
2026-10-09T05:44:37.7353839Z # {"frameWindow":"CLOSED","profile":"desktop","sourceSha256":"aaaaaaaaaaaaaaaaaaaaaaaaaaaaaaaaaaaaaaaaaaaaaaaaaaaaaaaaaaaaaaaa","attemptNonce":"0e92f3be-b3bc-4afa-9ed0-2af4f940c67a","coordination":"root-granted","readyUtc":"2026-10-09T05:41:15.521Z","grantUtc":null,"status":"failed","reason":"matching grant timed out","utc":"2026-10-09T05:41:15.622Z"}
2026-10-09T05:44:37.7357416Z # Subtest: actual missing grant fails and writes CLOSED; no configured barrier returns an explicit uncoordinated identity
2026-10-09T05:44:37.7359100Z ok 30 - actual missing grant fails and writes CLOSED; no configured barrier returns an explicit uncoordinated identity
2026-10-09T05:44:37.7359864Z   ---
2026-10-09T05:44:37.7360076Z   duration_ms: 102.771056
2026-10-09T05:44:37.7360307Z   type: 'test'
2026-10-09T05:44:37.7360499Z   ...
2026-10-09T05:44:37.7361323Z # {"suite":"preexisting-gin-draw-matrix","cases":6912,"actualLegalDrawPhaseRoutes":true,"skills":3,"variants":2,"counts":[2,3,4],"suits":4,"endpoints":2,"clockSettings":[0,10]}
2026-10-09T05:44:37.7362559Z # {"suite":"preexisting-gin-hidden-defenders","cases":1000,"choices":3000,"sha256":"2e50741934f3e2fc8cdb29eb066c29fe991f8fc1a2cd24123969b3121ec98db8"}
2026-10-09T05:44:37.7363330Z # {"suite":"preexisting-gin-draw-boundaries","controls":90}
2026-10-09T05:44:37.7363986Z # {"suite":"preexisting-gin-measured-gain","immediatePoints":31,"priorPassRoutePoints":20,"gain":11}
2026-10-09T05:44:37.7364872Z # Subtest: all skills take a guaranteed finishing discard even when ten-card deadwood is already zero
2026-10-09T05:44:37.7365931Z ok 31 - all skills take a guaranteed finishing discard even when ten-card deadwood is already zero
2026-10-09T05:44:37.7367193Z   ---
2026-10-09T05:44:37.7367738Z   duration_ms: 4851.051379
2026-10-09T05:44:37.7368191Z   type: 'test'
2026-10-09T05:44:37.7368573Z   ...
2026-10-09T05:44:37.7369263Z # Subtest: 1000 hidden defender completions keep the same guaranteed choice and exact independent finishing score
2026-10-09T05:44:37.7370284Z ok 32 - 1000 hidden defender completions keep the same guaranteed choice and exact independent finishing score
2026-10-09T05:44:37.7370875Z   ---
2026-10-09T05:44:37.7371251Z   duration_ms: 1479.740602
2026-10-09T05:44:37.7371599Z   type: 'test'
2026-10-09T05:44:37.7431085Z   ...
2026-10-09T05:44:37.7432392Z # Subtest: forced stock, unavailable actors, pause and non-finishing discards retain the original legal boundaries
2026-10-09T05:44:37.7433762Z ok 33 - forced stock, unavailable actors, pause and non-finishing discards retain the original legal boundaries
2026-10-09T05:44:37.7434327Z   ---
2026-10-09T05:44:37.7434531Z   duration_ms: 17.257036
2026-10-09T05:44:37.7434793Z   type: 'test'
2026-10-09T05:44:37.7434998Z   ...
2026-10-09T05:44:37.7435529Z # Subtest: the reproduced opening takes 31-point Big Gin instead of passing into a 20-point Gin
2026-10-09T05:44:37.7436441Z ok 34 - the reproduced opening takes 31-point Big Gin instead of passing into a 20-point Gin
2026-10-09T05:44:37.7436914Z   ---
2026-10-09T05:44:37.7437133Z   duration_ms: 2.018319
2026-10-09T05:44:37.7437373Z   type: 'test'
2026-10-09T05:44:37.7437571Z   ...
2026-10-09T05:44:37.7438322Z # {"suite":"strong-guaranteed-gin","cases":72,"knownClassicPoints":22}
2026-10-09T05:44:37.7439401Z # {"suite":"gin-actual-score-dominance","defenders":1000,"ordinaryComparisons":6904,"minGain":21,"sha256":"d57bb9977c2b677288f79cc4dae664d82a2d9bf8316ccc658f30362fdc3130d5"}
2026-10-09T05:44:37.7440379Z # {"suite":"gin-policy-boundaries","forbiddenCases":52,"bigGinCases":12}
2026-10-09T05:44:37.7441123Z # Subtest: Strong takes guaranteed Gin despite public discard danger in every edition/profile/rotation
2026-10-09T05:44:37.7441999Z ok 35 - Strong takes guaranteed Gin despite public discard danger in every edition/profile/rotation
2026-10-09T05:44:37.7442501Z   ---
2026-10-09T05:44:37.7442727Z   duration_ms: 79.18495
2026-10-09T05:44:37.7442977Z   type: 'test'
2026-10-09T05:44:37.7443193Z   ...
2026-10-09T05:44:37.7443745Z # Subtest: actual Gin scoring dominates every legal ordinary knock against 1000 disjoint hidden defenders
2026-10-09T05:44:37.7444600Z ok 36 - actual Gin scoring dominates every legal ordinary knock against 1000 disjoint hidden defenders
2026-10-09T05:44:37.7445098Z   ---
2026-10-09T05:44:37.7445317Z   duration_ms: 1934.909046
2026-10-09T05:44:37.7445549Z   type: 'test'
2026-10-09T05:44:37.7445765Z   ...
2026-10-09T05:44:37.7446464Z # Subtest: Gin priority respects immediate-return prohibition and preserves the existing Big Gin branch
2026-10-09T05:44:37.7447322Z ok 37 - Gin priority respects immediate-return prohibition and preserves the existing Big Gin branch
2026-10-09T05:44:37.7447796Z   ---
2026-10-09T05:44:37.7447998Z   duration_ms: 15.362449
2026-10-09T05:44:37.7448246Z   type: 'test'
2026-10-09T05:44:37.7448439Z   ...
2026-10-09T05:44:37.7449116Z # {"suite":"non-gin-policy-byte-equivalence","states":10000,"decisions":30000,"baselineHead":"72d0f3f4ad4f6b70a8ac6b0ed81121300aa54c1f"}
2026-10-09T05:44:37.7450398Z # Subtest: all 30000 non-Gin bot choices retain the accepted pre-repair behavior
2026-10-09T05:44:37.7451129Z ok 38 - all 30000 non-Gin bot choices retain the accepted pre-repair behavior
2026-10-09T05:44:37.7451613Z   ---
2026-10-09T05:44:37.7451854Z   duration_ms: 2563.539447
2026-10-09T05:44:37.7452087Z   type: 'test'
2026-10-09T05:44:37.7452312Z   ...
2026-10-09T05:44:37.7452996Z # {"suite":"initial-presence-exhaustive","cases":336,"connectionMasks":"all","counts":[2,3,4],"variants":["standard","oklahoma"],"clocks":[0,10]}
2026-10-09T05:44:37.7453902Z # {"suite":"initial-presence-seeded","cases":1000}
2026-10-09T05:44:37.7454474Z # Subtest: known initial presence is handled before either player needs to send an event
2026-10-09T05:44:37.7455144Z ok 39 - known initial presence is handled before either player needs to send an event
2026-10-09T05:44:37.7455544Z   ---
2026-10-09T05:44:37.7455737Z   duration_ms: 393.891963
2026-10-09T05:44:37.7455970Z   type: 'test'
2026-10-09T05:44:37.7456157Z   ...
2026-10-09T05:44:37.7457020Z # Subtest: 1000 seeded initial presence patterns are playable or paused without a duplicate drop event
2026-10-09T05:44:37.7457804Z ok 40 - 1000 seeded initial presence patterns are playable or paused without a duplicate drop event
2026-10-09T05:44:37.7458265Z   ---
2026-10-09T05:44:37.7458465Z   duration_ms: 509.406036
2026-10-09T05:44:37.7458688Z   type: 'test'
2026-10-09T05:44:37.7458872Z   ...
2026-10-09T05:44:37.7459487Z # {"suite":"connected-initialization-byte-equivalence","cases":6000,"baselineHead":"d5fbb39746f8f7900bee57506e8133e8675f48ed"}
2026-10-09T05:44:37.7460286Z # Subtest: all-connected opening states retain the exact 6000 pre-repair JSON states
2026-10-09T05:44:37.7460906Z ok 41 - all-connected opening states retain the exact 6000 pre-repair JSON states
2026-10-09T05:44:37.7461295Z   ---
2026-10-09T05:44:37.7461484Z   duration_ms: 203.541202
2026-10-09T05:44:37.7461701Z   type: 'test'
2026-10-09T05:44:37.7461892Z   ...
2026-10-09T05:44:37.7462448Z # {"suite":"same-meld-knock-configurations","cases":576,"minGain":1,"classicPointsBefore":1,"classicPointsAfter":2}
2026-10-09T05:44:37.7463752Z # {"suite":"same-meld-knock-hidden-defenders","defenders":1000,"minGain":1,"maxGain":2,"positiveKnocks":1000,"undercuts":0,"sha256":"8b7cd1f52b2b229393f43ad8ccd09056a2c496a42b5d8e277cf9436049027bd2"}
2026-10-09T05:44:37.7464820Z # {"suite":"same-meld-knock-boundaries","controls":120}
2026-10-09T05:44:37.7465607Z # {"suite":"same-meld-knock-score-boundaries","cases":144,"winningTransitions":36,"minGain":1,"maxGain":52,"defenderDeadwoods":[0,1,2,3]}
2026-10-09T05:44:37.7466817Z # Subtest: Strong takes the strictly better same-meld knock in all editions, profiles, rosters and suits
2026-10-09T05:44:37.7467638Z ok 42 - Strong takes the strictly better same-meld knock in all editions, profiles, rosters and suits
2026-10-09T05:44:37.7468363Z   ---
2026-10-09T05:44:37.7468686Z   duration_ms: 657.187315
2026-10-09T05:44:37.7469069Z   type: 'test'
2026-10-09T05:44:37.7469390Z   ...
2026-10-09T05:44:37.7470173Z # Subtest: the same public decision dominates against 1000 hidden defenders with independent joint layoff scoring
2026-10-09T05:44:37.7471024Z ok 43 - the same public decision dominates against 1000 hidden defenders with independent joint layoff scoring
2026-10-09T05:44:37.7471509Z   ---
2026-10-09T05:44:37.7471700Z   duration_ms: 5489.609748
2026-10-09T05:44:37.7471930Z   type: 'test'
2026-10-09T05:44:37.7472115Z   ...
2026-10-09T05:44:37.7472648Z # Subtest: ordinary-knock priority retains immediate-return, Gin, no-knock and unavailable-player boundaries
2026-10-09T05:44:37.7473476Z ok 44 - ordinary-knock priority retains immediate-return, Gin, no-knock and unavailable-player boundaries
2026-10-09T05:44:37.7473961Z   ---
2026-10-09T05:44:37.7474150Z   duration_ms: 29.218109
2026-10-09T05:44:37.7474372Z   type: 'test'
2026-10-09T05:44:37.7474562Z   ...
2026-10-09T05:44:37.7475077Z # Subtest: same-meld lower deadwood improves both undercuts and the transition from undercut to winning knock
2026-10-09T05:44:37.7475878Z ok 45 - same-meld lower deadwood improves both undercuts and the transition from undercut to winning knock
2026-10-09T05:44:37.7476618Z   ---
2026-10-09T05:44:37.7476825Z   duration_ms: 742.364278
2026-10-09T05:44:37.7477048Z   type: 'test'
2026-10-09T05:44:37.7477236Z   ...
2026-10-09T05:44:37.7477860Z # {"suite":"joint-layoff-proof","hands":2000,"twoTarget":1000,"threeTarget":1000,"seed":816777,"checksum":102460,"actualLaidCards":1534}
2026-10-09T05:44:37.7478730Z # Subtest: 2000 independent joint meld/layoff weighted packings including chained extensions
2026-10-09T05:44:37.7479843Z ok 46 - 2000 independent joint meld/layoff weighted packings including chained extensions
2026-10-09T05:44:37.7480489Z   ---
2026-10-09T05:44:37.7480686Z   duration_ms: 7294.963089
2026-10-09T05:44:37.7480915Z   type: 'test'
2026-10-09T05:44:37.7481099Z   ...
2026-10-09T05:44:37.7481718Z # {"suite":"opening-pass-attribution","directPassCases":360,"editions":2,"counts":[2,3,4]}
2026-10-09T05:44:37.7482515Z # {"suite":"pass-valid-ids","cases":240,"ids":["","__proto__","constructor","last"]}
2026-10-09T05:44:37.7483110Z # {"suite":"automatic-pass-attribution","routes":["timer","vip","player"]}
2026-10-09T05:44:37.7483759Z # Subtest: both opening passes identify their actual actors across counts, editions and seeds
2026-10-09T05:44:37.7484435Z ok 47 - both opening passes identify their actual actors across counts, editions and seeds
2026-10-09T05:44:37.7484854Z   ---
2026-10-09T05:44:37.7485047Z   duration_ms: 127.858388
2026-10-09T05:44:37.7485268Z   type: 'test'
2026-10-09T05:44:37.7485459Z   ...
2026-10-09T05:44:37.7485886Z # Subtest: empty and prototype-shaped original IDs retain pass attribution as own keys
2026-10-09T05:44:37.7486931Z ok 48 - empty and prototype-shaped original IDs retain pass attribution as own keys
2026-10-09T05:44:37.7487342Z   ---
2026-10-09T05:44:37.7487532Z   duration_ms: 58.832435
2026-10-09T05:44:37.7487854Z   type: 'test'
2026-10-09T05:44:37.7488103Z   ...
2026-10-09T05:44:37.7488505Z # Subtest: timer, VIP skip and absent-seat automation identify the automatic passer
2026-10-09T05:44:37.7489099Z ok 49 - timer, VIP skip and absent-seat automation identify the automatic passer
2026-10-09T05:44:37.7489651Z   ---
2026-10-09T05:44:37.7489845Z   duration_ms: 2.63608
2026-10-09T05:44:37.7490061Z   type: 'test'
2026-10-09T05:44:37.7490246Z   ...
2026-10-09T05:44:37.7490711Z # Subtest: first raw target winner keeps the crown even when final box settlement reverses points
2026-10-09T05:44:37.7491420Z ok 50 - first raw target winner keeps the crown even when final box settlement reverses points
2026-10-09T05:44:37.7491840Z   ---
2026-10-09T05:44:37.7492030Z   duration_ms: 13.221345
2026-10-09T05:44:37.7492247Z   type: 'test'
2026-10-09T05:44:37.7492434Z   ...
2026-10-09T05:44:37.7492877Z # Subtest: every valid string ID, including empty, wins, earns bonuses and stays in rotation
2026-10-09T05:44:37.7493534Z ok 51 - every valid string ID, including empty, wins, earns bonuses and stays in rotation
2026-10-09T05:44:37.7493932Z   ---
2026-10-09T05:44:37.7494116Z   duration_ms: 19.854138
2026-10-09T05:44:37.7494336Z   type: 'test'
2026-10-09T05:44:37.7494518Z   ...
2026-10-09T05:44:37.7494961Z # Subtest: malformed identity metadata cannot coerce a registered ID, throw or reveal a hand
2026-10-09T05:44:37.7495634Z ok 52 - malformed identity metadata cannot coerce a registered ID, throw or reveal a hand
2026-10-09T05:44:37.7496044Z   ---
2026-10-09T05:44:37.7496228Z   duration_ms: 2.025563
2026-10-09T05:44:37.7496727Z   type: 'test'
2026-10-09T05:44:37.7496918Z   ...
2026-10-09T05:44:37.7497322Z # Subtest: early end preserves earned raw points and reports current standings
2026-10-09T05:44:37.7497918Z ok 53 - early end preserves earned raw points and reports current standings
2026-10-09T05:44:37.7498279Z   ---
2026-10-09T05:44:37.7498464Z   duration_ms: 0.754855
2026-10-09T05:44:37.7498680Z   type: 'test'
2026-10-09T05:44:37.7498869Z   ...
2026-10-09T05:44:37.7499158Z # Subtest: aces low, set cardinality, runs and overlap
2026-10-09T05:44:37.7499560Z ok 54 - aces low, set cardinality, runs and overlap
2026-10-09T05:44:37.7499847Z   ---
2026-10-09T05:44:37.7500033Z   duration_ms: 3.952401
2026-10-09T05:44:37.7500250Z   type: 'test'
2026-10-09T05:44:37.7500444Z   ...
2026-10-09T05:44:37.7500931Z # Subtest: joint meld/layoff optimizer finds chains and forbids gin/deadwood/four-card layoffs
2026-10-09T05:44:37.7501621Z ok 55 - joint meld/layoff optimizer finds chains and forbids gin/deadwood/four-card layoffs
2026-10-09T05:44:37.7502039Z   ---
2026-10-09T05:44:37.7502222Z   duration_ms: 3.905204
2026-10-09T05:44:37.7502580Z   type: 'test'
2026-10-09T05:44:37.7502777Z   ...
2026-10-09T05:44:37.7503141Z # Subtest: every score formula, tie undercut and spade whole-hand doubling
2026-10-09T05:44:37.7503684Z ok 56 - every score formula, tie undercut and spade whole-hand doubling
2026-10-09T05:44:37.7504033Z   ---
2026-10-09T05:44:37.7504214Z   duration_ms: 3.055431
2026-10-09T05:44:37.7504429Z   type: 'test'
2026-10-09T05:44:37.7504611Z   ...
2026-10-09T05:44:37.7505074Z # Subtest: opening offers, forced stock, exact immediate-return restriction, stock draw boundary
2026-10-09T05:44:37.7506013Z ok 57 - opening offers, forced stock, exact immediate-return restriction, stock draw boundary
2026-10-09T05:44:37.7506768Z   ---
2026-10-09T05:44:37.7506963Z   duration_ms: 21.293659
2026-10-09T05:44:37.7507186Z   type: 'test'
2026-10-09T05:44:37.7507483Z   ...
2026-10-09T05:44:37.7508109Z # Subtest: Oklahoma limits / ace / spade configurations from all 52 initial upcards
2026-10-09T05:44:37.7509984Z ok 58 - Oklahoma limits / ace / spade configurations from all 52 initial upcards
2026-10-09T05:44:37.7510489Z   ---
2026-10-09T05:44:37.7510725Z   duration_ms: 27.757238
2026-10-09T05:44:37.7510985Z   type: 'test'
2026-10-09T05:44:37.7511181Z   ...
2026-10-09T05:44:37.7511851Z # Subtest: pause, resume, stale/early timer, spectators, malformed input, late leaver, explicit end
2026-10-09T05:44:37.7512590Z ok 59 - pause, resume, stale/early timer, spectators, malformed input, late leaver, explicit end
2026-10-09T05:44:37.7513023Z   ---
2026-10-09T05:44:37.7513216Z   duration_ms: 2.902275
2026-10-09T05:44:37.7513434Z   type: 'test'
2026-10-09T05:44:37.7513823Z   ...
2026-10-09T05:44:37.7514294Z # Subtest: all required roster settings, default sanitization, exact phase fixtures and manifest
2026-10-09T05:44:37.7515004Z ok 60 - all required roster settings, default sanitization, exact phase fixtures and manifest
2026-10-09T05:44:37.7515428Z   ---
2026-10-09T05:44:37.7515625Z   duration_ms: 141.728061
2026-10-09T05:44:37.7515857Z   type: 'test'
2026-10-09T05:44:37.7516044Z   ...
2026-10-09T05:44:37.7516672Z # {"syntheticGuardCorruptionsRejected":175,"guardedSources":35}
2026-10-09T05:44:37.7517536Z # Subtest: synthetic positive control covers full identities, native timestamps, all hand witnesses and clips
2026-10-09T05:44:37.7518365Z ok 61 - synthetic positive control covers full identities, native timestamps, all hand witnesses and clips
2026-10-09T05:44:37.7518839Z   ---
2026-10-09T05:44:37.7519029Z   duration_ms: 10.099049
2026-10-09T05:44:37.7519250Z   type: 'test'
2026-10-09T05:44:37.7519439Z   ...
2026-10-09T05:44:37.7519923Z # Subtest: every guarded source and each start/end inventory entry rejects a stale hash or omission
2026-10-09T05:44:37.7520638Z ok 62 - every guarded source and each start/end inventory entry rejects a stale hash or omission
2026-10-09T05:44:37.7521061Z   ---
2026-10-09T05:44:37.7521255Z   duration_ms: 171.658314
2026-10-09T05:44:37.7521481Z   type: 'test'
2026-10-09T05:44:37.7521667Z   ...
2026-10-09T05:44:37.7522176Z # Subtest: wrong attempt/profile/page/transport/throttle, filtered samples and fake native clocks fail
2026-10-09T05:44:37.7522940Z ok 63 - wrong attempt/profile/page/transport/throttle, filtered samples and fake native clocks fail
2026-10-09T05:44:37.7523387Z   ---
2026-10-09T05:44:37.7523578Z   duration_ms: 16.218988
2026-10-09T05:44:37.7523795Z   type: 'test'
2026-10-09T05:44:37.7523982Z   ...
2026-10-09T05:44:37.7524481Z # Subtest: missing/invalid timestamp, raw interval or active-frame witness fails despite good summaries
2026-10-09T05:44:37.7525292Z ok 64 - missing/invalid timestamp, raw interval or active-frame witness fails despite good summaries
2026-10-09T05:44:37.7525758Z   ---
2026-10-09T05:44:37.7525954Z   duration_ms: 12.420166
2026-10-09T05:44:37.7526187Z   type: 'test'
2026-10-09T05:44:37.7526653Z   ...
2026-10-09T05:44:37.7527334Z # Subtest: all statistics are recomputed and an honestly reported long interval fails the fixed gate
2026-10-09T05:44:37.7528232Z ok 65 - all statistics are recomputed and an honestly reported long interval fails the fixed gate
2026-10-09T05:44:37.7528681Z   ---
2026-10-09T05:44:37.7528879Z   duration_ms: 7.217012
2026-10-09T05:44:37.7529105Z   type: 'test'
2026-10-09T05:44:37.7529294Z   ...
2026-10-09T05:44:37.7529791Z # Subtest: failed runs, mislabeled clips, altered bytes, outsize media and network/errors are rejected
2026-10-09T05:44:37.7530545Z ok 66 - failed runs, mislabeled clips, altered bytes, outsize media and network/errors are rejected
2026-10-09T05:44:37.7530985Z   ---
2026-10-09T05:44:37.7531179Z   duration_ms: 13.576557
2026-10-09T05:44:37.7531406Z   type: 'test'
2026-10-09T05:44:37.7531602Z   ...
2026-10-09T05:44:37.7531958Z # Subtest: same-timestamp turns cannot share timer instance identity
2026-10-09T05:44:37.7532464Z ok 67 - same-timestamp turns cannot share timer instance identity
2026-10-09T05:44:37.7532845Z   ---
2026-10-09T05:44:37.7533037Z   duration_ms: 12.356785
2026-10-09T05:44:37.7533256Z   type: 'test'
2026-10-09T05:44:37.7533455Z   ...
2026-10-09T05:44:37.7533629Z 1..67
2026-10-09T05:44:37.7533812Z # tests 67
2026-10-09T05:44:37.7534021Z # suites 0
2026-10-09T05:44:37.7534212Z # pass 63
2026-10-09T05:44:37.7534395Z # fail 4
2026-10-09T05:44:37.7534578Z # cancelled 0
2026-10-09T05:44:37.7534908Z # skipped 0
2026-10-09T05:44:37.7535099Z # todo 0
2026-10-09T05:44:37.7535308Z # duration_ms 216451.561997
2026-10-09T05:44:37.7550070Z ##[error]Process completed with exit code 1.
2026-10-09T05:44:37.7637060Z ##[group]Run actions/upload-artifact@v4
2026-10-09T05:44:37.7637386Z with:
2026-10-09T05:44:37.7637602Z   name: G02-browser-evidence
2026-10-09T05:44:37.7639863Z   path: jobs/G02-gin-rummy/.work/browser/*-frames.json
jobs/G02-gin-rummy/.work/browser/report.json
jobs/G02-gin-rummy/.work/browser/captures.json
jobs/G02-gin-rummy/.work/browser/ci-current-*.webm
jobs/G02-gin-rummy/.work/clock-after.json
jobs/G02-gin-rummy/.work/custom-meld-after.json
jobs/G02-gin-rummy/.work/results-after.json
jobs/G02-gin-rummy/.work/name-check.json
jobs/G02-gin-rummy/media/strict-reverify-1900-*.webm
jobs/G02-gin-rummy/evidence/resume-20261008/strict-reverify-1900-captures.json

2026-10-09T05:44:37.7641975Z   include-hidden-files: true
2026-10-09T05:44:37.7642245Z   if-no-files-found: warn
2026-10-09T05:44:37.7642499Z   compression-level: 6
2026-10-09T05:44:37.7642740Z   overwrite: false
2026-10-09T05:44:37.7642965Z ##[endgroup]
2026-10-09T05:44:37.9507786Z (node:3514) [DEP0040] DeprecationWarning: The `punycode` module is deprecated. Please use a userland alternative instead.
2026-10-09T05:44:37.9508755Z (Use `node --trace-deprecation ...` to show where the warning was created)
2026-10-09T05:44:37.9694994Z Multiple search paths detected. Calculating the least common ancestor of all paths
2026-10-09T05:44:37.9699887Z The least common ancestor is /home/runner/work/partybox-game-cores/partybox-game-cores/jobs/G02-gin-rummy. This will be the root directory of the artifact
2026-10-09T05:44:37.9701283Z With the provided path, there will be 3 files uploaded
2026-10-09T05:44:37.9705734Z Artifact name is valid!
2026-10-09T05:44:37.9706910Z Root directory input is valid!
2026-10-09T05:44:38.1665437Z Beginning upload of artifact content to blob storage
2026-10-09T05:44:38.2371152Z (node:3514) [DEP0169] DeprecationWarning: `url.parse()` behavior is not standardized and prone to errors that have security implications. Use the WHATWG URL API instead. CVEs are not issued for `url.parse()` vulnerabilities.
2026-10-09T05:44:38.3649093Z Uploaded bytes 1015714
2026-10-09T05:44:38.3837097Z Finished uploading artifact content to blob storage!
2026-10-09T05:44:38.3838704Z SHA256 digest of uploaded artifact zip is 49bddc35eff2dd21f6907e710076452407d194268da5cf4508fb0e835c8b8651
2026-10-09T05:44:38.3839841Z Finalizing artifact upload
2026-10-09T05:44:38.5939749Z Artifact G02-browser-evidence.zip successfully finalized. Artifact ID 11598106821
2026-10-09T05:44:38.5942292Z Artifact G02-browser-evidence has been successfully uploaded! Final size is 1015714 bytes. Artifact ID is 11598106821
2026-10-09T05:44:38.5949905Z Artifact download URL: https://github.com/luisitin/partybox-game-cores/actions/runs/37889697024/artifacts/11598106821
2026-10-09T05:44:38.6161808Z Post job cleanup.
2026-10-09T05:44:38.7050326Z [command]/usr/bin/git version
2026-10-09T05:44:38.7099983Z git version 2.55.0
2026-10-09T05:44:38.7147717Z Temporarily overriding HOME='/home/runner/work/_temp/a711c18d-3d2f-465d-846f-2783f3f79d92' before making global git config changes
2026-10-09T05:44:38.7149775Z Adding repository directory to the temporary git global config as a safe directory
2026-10-09T05:44:38.7155420Z [command]/usr/bin/git config --global --add safe.directory /home/runner/work/partybox-game-cores/partybox-game-cores
2026-10-09T05:44:38.7204414Z [command]/usr/bin/git config --local --name-only --get-regexp core\.sshCommand
2026-10-09T05:44:38.7244518Z [command]/usr/bin/git submodule foreach --recursive sh -c "git config --local --name-only --get-regexp 'core\.sshCommand' && git config --local --unset-all 'core.sshCommand' || :"
2026-10-09T05:44:38.7513250Z [command]/usr/bin/git config --local --name-only --get-regexp http\.https\:\/\/github\.com\/\.extraheader
2026-10-09T05:44:38.7543068Z http.https://github.com/.extraheader
2026-10-09T05:44:38.7557043Z [command]/usr/bin/git config --local --unset-all http.https://github.com/.extraheader
2026-10-09T05:44:38.7597455Z [command]/usr/bin/git submodule foreach --recursive sh -c "git config --local --name-only --get-regexp 'http\.https\:\/\/github\.com\/\.extraheader' && git config --local --unset-all 'http.https://github.com/.extraheader' || :"
2026-10-09T05:44:38.7888572Z [command]/usr/bin/git config --local --name-only --get-regexp ^includeIf\.gitdir:
2026-10-09T05:44:38.7945738Z [command]/usr/bin/git submodule foreach --recursive git config --local --show-origin --name-only --get-regexp remote.origin.url
2026-10-09T05:44:38.8384591Z Cleaning up orphan processes
2026-10-09T05:44:38.8812967Z ##[warning]Node.js 20 is deprecated. The following actions target Node.js 20 but are being forced to run on Node.js 24: actions/checkout@v4, actions/setup-node@v4, actions/upload-artifact@v4. For more information see: https://github.blog/changelog/2025-09-19-deprecation-of-node-20-on-github-actions-runners/
