2026-10-09T04:38:43.1728404Z Current runner version: '2.337.0'
2026-10-09T04:38:43.1763102Z ##[group]Runner Image Provisioner
2026-10-09T04:38:43.1764395Z Hosted Compute Agent
2026-10-09T04:38:43.1765558Z Version: 20261002.596
2026-10-09T04:38:43.1766603Z Commit: c3d12f3313a95f25162a1503be624f3b0617f8c0
2026-10-09T04:38:43.1768103Z Build Date: 2026-10-02T22:28:27Z
2026-10-09T04:38:43.1769362Z Worker ID: {4cae8c0c-6151-49a5-bbc2-26fe2bd7ec55}
2026-10-09T04:38:43.1770521Z Region: eastus
2026-10-09T04:38:43.1771595Z Cloud: Azure
2026-10-09T04:38:43.1772610Z ##[endgroup]
2026-10-09T04:38:43.1775059Z ##[group]Operating System
2026-10-09T04:38:43.1776182Z Ubuntu
2026-10-09T04:38:43.1777345Z 24.04.5
2026-10-09T04:38:43.1778396Z LTS
2026-10-09T04:38:43.1779207Z ##[endgroup]
2026-10-09T04:38:43.1780113Z ##[group]Runner Image
2026-10-09T04:38:43.1781143Z Image: ubuntu-24.04
2026-10-09T04:38:43.1782055Z Version: 20261004.327.1
2026-10-09T04:38:43.1784292Z Included Software: https://github.com/actions/runner-images/blob/ubuntu24/20261004.327/images/ubuntu/Ubuntu2404-Readme.md
2026-10-09T04:38:43.1787327Z Image Release: https://github.com/actions/runner-images/releases/tag/ubuntu24%2F20261004.327
2026-10-09T04:38:43.1789050Z ##[endgroup]
2026-10-09T04:38:43.1791039Z ##[group]GITHUB_TOKEN Permissions
2026-10-09T04:38:43.1793694Z Contents: read
2026-10-09T04:38:43.1794627Z Metadata: read
2026-10-09T04:38:43.1795614Z ##[endgroup]
2026-10-09T04:38:43.1798843Z Secret source: Actions
2026-10-09T04:38:43.1801851Z Cache mode: write
2026-10-09T04:38:43.1803071Z Prepare workflow directory
2026-10-09T04:38:43.2383860Z Prepare all required actions
2026-10-09T04:38:43.2455871Z Getting action download info
2026-10-09T04:38:43.4402239Z Download action repository 'actions/checkout@v4' (SHA:11d5960a326750d5838078e36cf38b85af677262)
2026-10-09T04:38:43.5629288Z Download action repository 'actions/setup-node@v4' (SHA:49933ea5288caeca8642d1e84afbd3f7d6820020)
2026-10-09T04:38:43.6475145Z Download action repository 'actions/upload-artifact@v4' (SHA:ea165f8d65b6e75b540449e92b4886f43607fa02)
2026-10-09T04:38:43.8581236Z Complete job name: verify
2026-10-09T04:38:43.9411797Z ##[group]Run actions/checkout@v4
2026-10-09T04:38:43.9412756Z with:
2026-10-09T04:38:43.9413238Z   repository: luisitin/partybox-game-cores
2026-10-09T04:38:43.9417710Z   token: ***
2026-10-09T04:38:43.9418184Z   ssh-strict: true
2026-10-09T04:38:43.9418621Z   ssh-user: git
2026-10-09T04:38:43.9419080Z   persist-credentials: true
2026-10-09T04:38:43.9419591Z   clean: true
2026-10-09T04:38:43.9420033Z   sparse-checkout-cone-mode: true
2026-10-09T04:38:43.9420590Z   fetch-depth: 1
2026-10-09T04:38:43.9421015Z   fetch-tags: false
2026-10-09T04:38:43.9421454Z   show-progress: true
2026-10-09T04:38:43.9421938Z   lfs: false
2026-10-09T04:38:43.9422341Z   submodules: false
2026-10-09T04:38:43.9422779Z   set-safe-directory: true
2026-10-09T04:38:43.9423334Z   allow-unsafe-pr-checkout: false
2026-10-09T04:38:43.9424121Z ##[endgroup]
2026-10-09T04:38:44.0482543Z Syncing repository: luisitin/partybox-game-cores
2026-10-09T04:38:44.0484551Z ##[group]Getting Git version info
2026-10-09T04:38:44.0485495Z Working directory is '/home/runner/work/partybox-game-cores/partybox-game-cores'
2026-10-09T04:38:44.0509397Z [command]/usr/bin/git version
2026-10-09T04:38:44.0620345Z git version 2.55.0
2026-10-09T04:38:44.0648984Z ##[endgroup]
2026-10-09T04:38:44.0666487Z Temporarily overriding HOME='/home/runner/work/_temp/7a3c621c-7f33-4707-8ec0-63e7142f196f' before making global git config changes
2026-10-09T04:38:44.0669177Z Adding repository directory to the temporary git global config as a safe directory
2026-10-09T04:38:44.0672787Z [command]/usr/bin/git config --global --add safe.directory /home/runner/work/partybox-game-cores/partybox-game-cores
2026-10-09T04:38:44.0727123Z Deleting the contents of '/home/runner/work/partybox-game-cores/partybox-game-cores'
2026-10-09T04:38:44.0735676Z ##[group]Initializing the repository
2026-10-09T04:38:44.0747327Z [command]/usr/bin/git init /home/runner/work/partybox-game-cores/partybox-game-cores
2026-10-09T04:38:44.0836705Z hint: Using 'master' as the name for the initial branch. This default branch name
2026-10-09T04:38:44.0838889Z hint: will change to "main" in Git 3.0. To configure the initial branch name
2026-10-09T04:38:44.0840999Z hint: to use in all of your new repositories, which will suppress this warning,
2026-10-09T04:38:44.0842394Z hint: call:
2026-10-09T04:38:44.0843682Z hint:
2026-10-09T04:38:44.0845096Z hint: 	git config --global init.defaultBranch <name>
2026-10-09T04:38:44.0846375Z hint:
2026-10-09T04:38:44.0847956Z hint: Names commonly chosen instead of 'master' are 'main', 'trunk' and
2026-10-09T04:38:44.0849795Z hint: 'development'. The just-created branch can be renamed via this command:
2026-10-09T04:38:44.0851257Z hint:
2026-10-09T04:38:44.0852033Z hint: 	git branch -m <name>
2026-10-09T04:38:44.0852749Z hint:
2026-10-09T04:38:44.0853416Z hint: Disable this message with "git config set advice.defaultBranchName false"
2026-10-09T04:38:44.0854563Z Initialized empty Git repository in /home/runner/work/partybox-game-cores/partybox-game-cores/.git/
2026-10-09T04:38:44.0858918Z [command]/usr/bin/git remote add origin https://github.com/luisitin/partybox-game-cores
2026-10-09T04:38:44.0913739Z ##[endgroup]
2026-10-09T04:38:44.0915116Z ##[group]Disabling automatic garbage collection
2026-10-09T04:38:44.0919014Z [command]/usr/bin/git config --local gc.auto 0
2026-10-09T04:38:44.0955592Z ##[endgroup]
2026-10-09T04:38:44.0958008Z ##[group]Setting up auth
2026-10-09T04:38:44.0964520Z [command]/usr/bin/git config --local --name-only --get-regexp core\.sshCommand
2026-10-09T04:38:44.1002341Z [command]/usr/bin/git submodule foreach --recursive sh -c "git config --local --name-only --get-regexp 'core\.sshCommand' && git config --local --unset-all 'core.sshCommand' || :"
2026-10-09T04:38:44.1430107Z [command]/usr/bin/git config --local --name-only --get-regexp http\.https\:\/\/github\.com\/\.extraheader
2026-10-09T04:38:44.1471180Z [command]/usr/bin/git submodule foreach --recursive sh -c "git config --local --name-only --get-regexp 'http\.https\:\/\/github\.com\/\.extraheader' && git config --local --unset-all 'http.https://github.com/.extraheader' || :"
2026-10-09T04:38:44.1733092Z [command]/usr/bin/git config --local --name-only --get-regexp ^includeIf\.gitdir:
2026-10-09T04:38:44.1781916Z [command]/usr/bin/git submodule foreach --recursive git config --local --show-origin --name-only --get-regexp remote.origin.url
2026-10-09T04:38:44.2058611Z [command]/usr/bin/git config --local http.https://github.com/.extraheader AUTHORIZATION: basic ***
2026-10-09T04:38:44.2118205Z ##[endgroup]
2026-10-09T04:38:44.2133579Z ##[group]Fetching the repository
2026-10-09T04:38:44.2135216Z [command]/usr/bin/git -c protocol.version=2 fetch --no-tags --prune --no-recurse-submodules --depth=1 origin +80a663f3a2e75de6b18d1935d2b2e72a61c5aad8:refs/remotes/pull/12/merge
2026-10-09T04:38:45.3583079Z From https://github.com/luisitin/partybox-game-cores
2026-10-09T04:38:45.3584327Z  * [new ref]         80a663f3a2e75de6b18d1935d2b2e72a61c5aad8 -> pull/12/merge
2026-10-09T04:38:45.3587196Z ##[endgroup]
2026-10-09T04:38:45.3588641Z ##[group]Determining the checkout info
2026-10-09T04:38:45.3590809Z ##[endgroup]
2026-10-09T04:38:45.3596611Z [command]/usr/bin/git sparse-checkout disable
2026-10-09T04:38:45.3658138Z [command]/usr/bin/git config --local --unset-all extensions.worktreeConfig
2026-10-09T04:38:45.3708440Z ##[group]Checking out the ref
2026-10-09T04:38:45.3712534Z [command]/usr/bin/git checkout --progress --force refs/remotes/pull/12/merge
2026-10-09T04:38:45.5181108Z Note: switching to 'refs/remotes/pull/12/merge'.
2026-10-09T04:38:45.5182023Z 
2026-10-09T04:38:45.5182942Z You are in 'detached HEAD' state. You can look around, make experimental
2026-10-09T04:38:45.5184655Z changes and commit them, and you can discard any commits you make in this
2026-10-09T04:38:45.5186021Z state without impacting any branches by switching back to a branch.
2026-10-09T04:38:45.5186992Z 
2026-10-09T04:38:45.5187942Z If you want to create a new branch to retain commits you create, you may
2026-10-09T04:38:45.5189743Z do so (now or later) by using -c with the switch command. Example:
2026-10-09T04:38:45.5190562Z 
2026-10-09T04:38:45.5190896Z   git switch -c <new-branch-name>
2026-10-09T04:38:45.5191434Z 
2026-10-09T04:38:45.5191800Z Or undo this operation with:
2026-10-09T04:38:45.5192300Z 
2026-10-09T04:38:45.5192606Z   git switch -
2026-10-09T04:38:45.5192999Z 
2026-10-09T04:38:45.5193751Z Turn off this advice by setting config variable advice.detachedHead to false
2026-10-09T04:38:45.5194849Z 
2026-10-09T04:38:45.5196616Z HEAD is now at 80a663f Merge 44505b6a513b03c35217d877925f7be101aceb19 into d5fbb39746f8f7900bee57506e8133e8675f48ed
2026-10-09T04:38:45.5202425Z ##[endgroup]
2026-10-09T04:38:45.5250382Z [command]/usr/bin/git log -1 --format=%H
2026-10-09T04:38:45.5279100Z 80a663f3a2e75de6b18d1935d2b2e72a61c5aad8
2026-10-09T04:38:45.5758566Z ##[group]Run actions/setup-node@v4
2026-10-09T04:38:45.5759940Z with:
2026-10-09T04:38:45.5760909Z   node-version: 22.16.0
2026-10-09T04:38:45.5762015Z   cache: npm
2026-10-09T04:38:45.5763340Z   cache-dependency-path: jobs/G02-gin-rummy/package-lock.json
2026-10-09T04:38:45.5764971Z   always-auth: false
2026-10-09T04:38:45.5766058Z   check-latest: false
2026-10-09T04:38:45.5777921Z   token: ***
2026-10-09T04:38:45.5778921Z ##[endgroup]
2026-10-09T04:38:45.7268171Z Attempting to download 22.16.0...
2026-10-09T04:38:45.7388430Z (node:2352) [DEP0040] DeprecationWarning: The `punycode` module is deprecated. Please use a userland alternative instead.
2026-10-09T04:38:45.7392523Z (Use `node --trace-deprecation ...` to show where the warning was created)
2026-10-09T04:38:46.2493430Z Acquiring 22.16.0 - x64 from https://github.com/actions/node-versions/releases/download/22.16.0-15177438473/node-22.16.0-linux-x64.tar.gz
2026-10-09T04:38:46.7157112Z Extracting ...
2026-10-09T04:38:46.7291344Z [command]/usr/bin/tar xz --strip 1 --warning=no-unknown-keyword --overwrite -C /home/runner/work/_temp/163456f3-a07a-445b-adcc-9917b06f8fcb -f /home/runner/work/_temp/09adfaeb-1a94-4948-92fe-6fd6e534b05f
2026-10-09T04:38:47.9432463Z Adding to the cache ...
2026-10-09T04:38:50.0208438Z ##[group]Environment details
2026-10-09T04:38:50.2428950Z node: v22.16.0
2026-10-09T04:38:50.2429493Z npm: 10.9.2
2026-10-09T04:38:50.2430030Z yarn: 1.22.22
2026-10-09T04:38:50.2430884Z ##[endgroup]
2026-10-09T04:38:50.2454817Z [command]/opt/hostedtoolcache/node/22.16.0/x64/bin/npm config get cache
2026-10-09T04:38:50.3387162Z /home/runner/.npm
2026-10-09T04:38:50.4138083Z Cache hit for: node-cache-Linux-x64-npm-d48b0073b1be2df746cbb2cab1dca64dc5674a863aed54a4ee7f428aad681317
2026-10-09T04:38:50.4251275Z (node:2352) [DEP0169] DeprecationWarning: `url.parse()` behavior is not standardized and prone to errors that have security implications. Use the WHATWG URL API instead. CVEs are not issued for `url.parse()` vulnerabilities.
2026-10-09T04:38:50.6613830Z Received 12676573 of 12676573 (100.0%), 62.3 MBs/sec
2026-10-09T04:38:50.6614761Z Cache Size: ~12 MB (12676573 B)
2026-10-09T04:38:50.6737284Z [command]/usr/bin/tar -xf /home/runner/work/_temp/42a1e9bb-c338-4507-8752-13fc844728c4/cache.tzst -P -C /home/runner/work/partybox-game-cores/partybox-game-cores --use-compress-program unzstd
2026-10-09T04:38:50.6974200Z Cache restored successfully
2026-10-09T04:38:50.6984668Z Cache restored from key: node-cache-Linux-x64-npm-d48b0073b1be2df746cbb2cab1dca64dc5674a863aed54a4ee7f428aad681317
2026-10-09T04:38:50.7164007Z ##[group]Run npm ci --ignore-scripts --no-audit --no-fund
2026-10-09T04:38:50.7164538Z [36;1mnpm ci --ignore-scripts --no-audit --no-fund[0m
2026-10-09T04:38:50.7411524Z shell: /usr/bin/bash -e {0}
2026-10-09T04:38:50.7411834Z ##[endgroup]
2026-10-09T04:38:51.7263714Z 
2026-10-09T04:38:51.7273762Z added 6 packages in 926ms
2026-10-09T04:38:51.7781167Z ##[group]Run npx playwright install --with-deps chromium
2026-10-09T04:38:51.7781649Z [36;1mnpx playwright install --with-deps chromium[0m
2026-10-09T04:38:51.7849348Z shell: /usr/bin/bash -e {0}
2026-10-09T04:38:51.7849977Z ##[endgroup]
2026-10-09T04:38:52.6820991Z Installing dependencies...
2026-10-09T04:38:52.6883483Z Switching to root user to install dependencies...
2026-10-09T04:38:52.7649424Z Get:1 file:/etc/apt/apt-mirrors.txt Mirrorlist [144 B]
2026-10-09T04:38:52.7985427Z Hit:2 http://azure.archive.ubuntu.com/ubuntu noble InRelease
2026-10-09T04:38:52.7998531Z Get:6 https://packages.microsoft.com/ubuntu/24.04/prod noble InRelease [3600 B]
2026-10-09T04:38:52.8028403Z Get:3 http://azure.archive.ubuntu.com/ubuntu noble-updates InRelease [126 kB]
2026-10-09T04:38:52.8058169Z Get:4 http://azure.archive.ubuntu.com/ubuntu noble-backports InRelease [126 kB]
2026-10-09T04:38:52.8065813Z Get:5 http://azure.archive.ubuntu.com/ubuntu noble-security InRelease [126 kB]
2026-10-09T04:38:52.9309326Z Get:7 https://packages.microsoft.com/ubuntu/24.04/prod noble/main amd64 Packages [531 kB]
2026-10-09T04:38:52.9548966Z Get:8 https://packages.microsoft.com/ubuntu/24.04/prod noble/main armhf Packages [12.3 kB]
2026-10-09T04:38:52.9588129Z Get:9 https://packages.microsoft.com/ubuntu/24.04/prod noble/main all Packages [640 B]
2026-10-09T04:38:52.9609656Z Get:10 https://packages.microsoft.com/ubuntu/24.04/prod noble/main arm64 Packages [475 kB]
2026-10-09T04:38:52.9913983Z Get:11 http://azure.archive.ubuntu.com/ubuntu noble-updates/main amd64 Packages [1375 kB]
2026-10-09T04:38:52.9988519Z Get:12 http://azure.archive.ubuntu.com/ubuntu noble-updates/main Translation-en [306 kB]
2026-10-09T04:38:53.0009213Z Get:13 http://azure.archive.ubuntu.com/ubuntu noble-updates/universe amd64 Packages [1702 kB]
2026-10-09T04:38:53.0080796Z Get:14 http://azure.archive.ubuntu.com/ubuntu noble-updates/universe Translation-en [342 kB]
2026-10-09T04:38:53.0102165Z Get:15 http://azure.archive.ubuntu.com/ubuntu noble-updates/restricted amd64 Packages [1761 kB]
2026-10-09T04:38:53.0188138Z Get:16 http://azure.archive.ubuntu.com/ubuntu noble-updates/restricted Translation-en [401 kB]
2026-10-09T04:38:53.0211174Z Get:17 http://azure.archive.ubuntu.com/ubuntu noble-updates/multiverse amd64 Packages [55.0 kB]
2026-10-09T04:38:53.0219598Z Get:18 http://azure.archive.ubuntu.com/ubuntu noble-updates/multiverse Translation-en [14.3 kB]
2026-10-09T04:38:53.1123968Z Get:19 http://azure.archive.ubuntu.com/ubuntu noble-security/main amd64 Packages [1118 kB]
2026-10-09T04:38:53.1183129Z Get:20 http://azure.archive.ubuntu.com/ubuntu noble-security/main Translation-en [228 kB]
2026-10-09T04:38:53.1668786Z Get:21 http://azure.archive.ubuntu.com/ubuntu noble-security/universe amd64 Packages [1220 kB]
2026-10-09T04:38:53.1698432Z Get:22 http://azure.archive.ubuntu.com/ubuntu noble-security/universe Translation-en [245 kB]
2026-10-09T04:38:53.1714348Z Get:23 http://azure.archive.ubuntu.com/ubuntu noble-security/restricted amd64 Packages [1667 kB]
2026-10-09T04:38:53.1798406Z Get:24 http://azure.archive.ubuntu.com/ubuntu noble-security/restricted Translation-en [383 kB]
2026-10-09T04:38:53.1822648Z Get:25 http://azure.archive.ubuntu.com/ubuntu noble-security/multiverse amd64 Packages [49.8 kB]
2026-10-09T04:38:53.1846140Z Get:26 http://azure.archive.ubuntu.com/ubuntu noble-security/multiverse Translation-en [12.4 kB]
2026-10-09T04:38:56.1640898Z Fetched 12.3 MB in 1s (9622 kB/s)
2026-10-09T04:38:57.0920130Z Reading package lists...
2026-10-09T04:38:57.1164088Z Reading package lists...
2026-10-09T04:38:57.3158801Z Building dependency tree...
2026-10-09T04:38:57.3166392Z Reading state information...
2026-10-09T04:38:57.4746334Z libasound2t64 is already the newest version (1.2.11-1ubuntu0.3).
2026-10-09T04:38:57.4747498Z libasound2t64 set to manually installed.
2026-10-09T04:38:57.4748511Z libatk-bridge2.0-0t64 is already the newest version (2.52.0-1build1).
2026-10-09T04:38:57.4749503Z libatk-bridge2.0-0t64 set to manually installed.
2026-10-09T04:38:57.4751232Z libatk1.0-0t64 is already the newest version (2.52.0-1build1).
2026-10-09T04:38:57.4751994Z libatk1.0-0t64 set to manually installed.
2026-10-09T04:38:57.4752824Z libatspi2.0-0t64 is already the newest version (2.52.0-1build1).
2026-10-09T04:38:57.4753771Z libatspi2.0-0t64 set to manually installed.
2026-10-09T04:38:57.4754392Z libcairo2 is already the newest version (1.18.0-3build1).
2026-10-09T04:38:57.4754799Z libcairo2 set to manually installed.
2026-10-09T04:38:57.4755238Z libcups2t64 is already the newest version (2.4.7-1.2ubuntu7.14).
2026-10-09T04:38:57.4755665Z libcups2t64 set to manually installed.
2026-10-09T04:38:57.4756098Z libdbus-1-3 is already the newest version (1.14.10-4ubuntu4.1).
2026-10-09T04:38:57.4756770Z libdbus-1-3 set to manually installed.
2026-10-09T04:38:57.4757762Z libdrm2 is already the newest version (2.4.125-1ubuntu0.1~24.04.2).
2026-10-09T04:38:57.4758190Z libdrm2 set to manually installed.
2026-10-09T04:38:57.4758615Z libgbm1 is already the newest version (25.2.8-0ubuntu0.24.04.4).
2026-10-09T04:38:57.4759024Z libgbm1 set to manually installed.
2026-10-09T04:38:57.4759755Z libglib2.0-0t64 is already the newest version (2.80.0-6ubuntu3.9).
2026-10-09T04:38:57.4760204Z libglib2.0-0t64 set to manually installed.
2026-10-09T04:38:57.4760651Z libnspr4 is already the newest version (2:4.35-1.1build1).
2026-10-09T04:38:57.4761046Z libnspr4 set to manually installed.
2026-10-09T04:38:57.4761829Z libnss3 is already the newest version (2:3.98-1ubuntu0.2).
2026-10-09T04:38:57.4762555Z libnss3 set to manually installed.
2026-10-09T04:38:57.4763313Z libpango-1.0-0 is already the newest version (1.52.1+ds-1build1).
2026-10-09T04:38:57.4764058Z libpango-1.0-0 set to manually installed.
2026-10-09T04:38:57.4764738Z libx11-6 is already the newest version (2:1.8.7-1build1).
2026-10-09T04:38:57.4765137Z libx11-6 set to manually installed.
2026-10-09T04:38:57.4765768Z libxcb1 is already the newest version (1.15-1ubuntu2).
2026-10-09T04:38:57.4766481Z libxcb1 set to manually installed.
2026-10-09T04:38:57.4767501Z libxcomposite1 is already the newest version (1:0.4.5-1build3).
2026-10-09T04:38:57.4768193Z libxcomposite1 set to manually installed.
2026-10-09T04:38:57.4768631Z libxdamage1 is already the newest version (1:1.1.6-1build1).
2026-10-09T04:38:57.4769043Z libxdamage1 set to manually installed.
2026-10-09T04:38:57.4769813Z libxext6 is already the newest version (2:1.3.4-1build2).
2026-10-09T04:38:57.4770544Z libxext6 set to manually installed.
2026-10-09T04:38:57.4771305Z libxfixes3 is already the newest version (1:6.0.0-2build1).
2026-10-09T04:38:57.4772043Z libxfixes3 set to manually installed.
2026-10-09T04:38:57.4772826Z libxkbcommon0 is already the newest version (1.6.0-1build1).
2026-10-09T04:38:57.4773582Z libxkbcommon0 set to manually installed.
2026-10-09T04:38:57.4774331Z libxrandr2 is already the newest version (2:1.5.2-2build1).
2026-10-09T04:38:57.4775039Z libxrandr2 set to manually installed.
2026-10-09T04:38:57.4775767Z xvfb is already the newest version (2:21.1.12-1ubuntu1.8).
2026-10-09T04:38:57.4776734Z fonts-noto-color-emoji is already the newest version (2.047-0ubuntu0.24.04.1).
2026-10-09T04:38:57.4778038Z libfontconfig1 is already the newest version (2.15.0-1.1ubuntu2).
2026-10-09T04:38:57.4778824Z libfontconfig1 set to manually installed.
2026-10-09T04:38:57.4779594Z fonts-liberation is already the newest version (1:2.1.5-3).
2026-10-09T04:38:57.4780355Z fonts-liberation set to manually installed.
2026-10-09T04:38:57.4781092Z The following additional packages will be installed:
2026-10-09T04:38:57.4781725Z   xfonts-encodings xfonts-utils
2026-10-09T04:38:57.4782234Z Recommended packages:
2026-10-09T04:38:57.4782731Z   fonts-ipafont-mincho fonts-tlwg-loma
2026-10-09T04:38:57.4967550Z The following NEW packages will be installed:
2026-10-09T04:38:57.4968207Z   fonts-freefont-ttf fonts-ipafont-gothic fonts-tlwg-loma-otf fonts-unifont
2026-10-09T04:38:57.4975492Z   fonts-wqy-zenhei xfonts-cyrillic xfonts-encodings xfonts-scalable
2026-10-09T04:38:57.4976506Z   xfonts-utils
2026-10-09T04:38:57.4981185Z The following packages will be upgraded:
2026-10-09T04:38:57.4985991Z   libfreetype6
2026-10-09T04:38:57.5159097Z 1 upgraded, 9 newly installed, 0 to remove and 22 not upgraded.
2026-10-09T04:38:57.5160276Z Need to get 21.5 MB of archives.
2026-10-09T04:38:57.5161099Z After this operation, 79.5 MB of additional disk space will be used.
2026-10-09T04:38:57.5161872Z Get:1 file:/etc/apt/apt-mirrors.txt Mirrorlist [144 B]
2026-10-09T04:38:57.6943139Z Get:2 http://azure.archive.ubuntu.com/ubuntu noble/universe amd64 fonts-ipafont-gothic all 00303-21ubuntu1 [3513 kB]
2026-10-09T04:38:58.4593226Z Get:3 http://azure.archive.ubuntu.com/ubuntu noble/main amd64 fonts-freefont-ttf all 20211204+svn4273-2 [5641 kB]
2026-10-09T04:38:58.6693691Z Get:4 http://azure.archive.ubuntu.com/ubuntu noble/universe amd64 fonts-tlwg-loma-otf all 1:0.7.3-1 [107 kB]
2026-10-09T04:38:58.7522784Z Get:5 http://azure.archive.ubuntu.com/ubuntu noble/universe amd64 fonts-unifont all 1:15.1.01-1build1 [2993 kB]
2026-10-09T04:38:58.8614645Z Get:6 http://azure.archive.ubuntu.com/ubuntu noble/universe amd64 fonts-wqy-zenhei all 0.9.45-8 [7472 kB]
2026-10-09T04:38:59.1209572Z Get:7 http://azure.archive.ubuntu.com/ubuntu noble-updates/main amd64 libfreetype6 amd64 2.13.2+dfsg-1ubuntu0.2 [403 kB]
2026-10-09T04:38:59.2075740Z Get:8 http://azure.archive.ubuntu.com/ubuntu noble/main amd64 xfonts-encodings all 1:1.0.5-0ubuntu2 [578 kB]
2026-10-09T04:38:59.2943958Z Get:9 http://azure.archive.ubuntu.com/ubuntu noble/main amd64 xfonts-utils amd64 1:7.7+6build3 [94.4 kB]
2026-10-09T04:38:59.3776195Z Get:10 http://azure.archive.ubuntu.com/ubuntu noble/universe amd64 xfonts-cyrillic all 1:1.0.5+nmu1 [384 kB]
2026-10-09T04:38:59.4627639Z Get:11 http://azure.archive.ubuntu.com/ubuntu noble/main amd64 xfonts-scalable all 1:1.0.3-1.3 [304 kB]
2026-10-09T04:38:59.7173180Z Fetched 21.5 MB in 2s (11.0 MB/s)
2026-10-09T04:38:59.7395432Z Selecting previously unselected package fonts-ipafont-gothic.
2026-10-09T04:38:59.7652087Z (Reading database ... 
2026-10-09T04:38:59.7652585Z (Reading database ... 5%
2026-10-09T04:38:59.7652935Z (Reading database ... 10%
2026-10-09T04:38:59.7653199Z (Reading database ... 15%
2026-10-09T04:38:59.7653448Z (Reading database ... 20%
2026-10-09T04:38:59.7653719Z (Reading database ... 25%
2026-10-09T04:38:59.7653966Z (Reading database ... 30%
2026-10-09T04:38:59.7654211Z (Reading database ... 35%
2026-10-09T04:38:59.7654460Z (Reading database ... 40%
2026-10-09T04:38:59.7654698Z (Reading database ... 45%
2026-10-09T04:38:59.7654937Z (Reading database ... 50%
2026-10-09T04:38:59.7700570Z (Reading database ... 55%
2026-10-09T04:38:59.8542959Z (Reading database ... 60%
2026-10-09T04:39:00.0857576Z (Reading database ... 65%
2026-10-09T04:39:00.2529363Z (Reading database ... 70%
2026-10-09T04:39:00.4360159Z (Reading database ... 75%
2026-10-09T04:39:00.5561172Z (Reading database ... 80%
2026-10-09T04:39:00.6696716Z (Reading database ... 85%
2026-10-09T04:39:00.7519217Z (Reading database ... 90%
2026-10-09T04:39:00.8924263Z (Reading database ... 95%
2026-10-09T04:39:00.8924786Z (Reading database ... 100%
2026-10-09T04:39:00.8925490Z (Reading database ... 203191 files and directories currently installed.)
2026-10-09T04:39:00.8969333Z Preparing to unpack .../0-fonts-ipafont-gothic_00303-21ubuntu1_all.deb ...
2026-10-09T04:39:00.9063158Z Unpacking fonts-ipafont-gothic (00303-21ubuntu1) ...
2026-10-09T04:39:01.1326081Z Selecting previously unselected package fonts-freefont-ttf.
2026-10-09T04:39:01.1450902Z Preparing to unpack .../1-fonts-freefont-ttf_20211204+svn4273-2_all.deb ...
2026-10-09T04:39:01.1459089Z Unpacking fonts-freefont-ttf (20211204+svn4273-2) ...
2026-10-09T04:39:01.2245801Z Selecting previously unselected package fonts-tlwg-loma-otf.
2026-10-09T04:39:01.2369789Z Preparing to unpack .../2-fonts-tlwg-loma-otf_1%3a0.7.3-1_all.deb ...
2026-10-09T04:39:01.2376642Z Unpacking fonts-tlwg-loma-otf (1:0.7.3-1) ...
2026-10-09T04:39:01.2588982Z Selecting previously unselected package fonts-unifont.
2026-10-09T04:39:01.2713130Z Preparing to unpack .../3-fonts-unifont_1%3a15.1.01-1build1_all.deb ...
2026-10-09T04:39:01.2720909Z Unpacking fonts-unifont (1:15.1.01-1build1) ...
2026-10-09T04:39:01.3792892Z Selecting previously unselected package fonts-wqy-zenhei.
2026-10-09T04:39:01.3917291Z Preparing to unpack .../4-fonts-wqy-zenhei_0.9.45-8_all.deb ...
2026-10-09T04:39:01.4020207Z Unpacking fonts-wqy-zenhei (0.9.45-8) ...
2026-10-09T04:39:01.8831839Z Preparing to unpack .../5-libfreetype6_2.13.2+dfsg-1ubuntu0.2_amd64.deb ...
2026-10-09T04:39:01.8856323Z Unpacking libfreetype6:amd64 (2.13.2+dfsg-1ubuntu0.2) over (2.13.2+dfsg-1ubuntu0.1) ...
2026-10-09T04:39:01.9097381Z Selecting previously unselected package xfonts-encodings.
2026-10-09T04:39:01.9223989Z Preparing to unpack .../6-xfonts-encodings_1%3a1.0.5-0ubuntu2_all.deb ...
2026-10-09T04:39:01.9230520Z Unpacking xfonts-encodings (1:1.0.5-0ubuntu2) ...
2026-10-09T04:39:01.9515443Z Selecting previously unselected package xfonts-utils.
2026-10-09T04:39:01.9639908Z Preparing to unpack .../7-xfonts-utils_1%3a7.7+6build3_amd64.deb ...
2026-10-09T04:39:01.9646158Z Unpacking xfonts-utils (1:7.7+6build3) ...
2026-10-09T04:39:01.9979042Z Selecting previously unselected package xfonts-cyrillic.
2026-10-09T04:39:02.0101712Z Preparing to unpack .../8-xfonts-cyrillic_1%3a1.0.5+nmu1_all.deb ...
2026-10-09T04:39:02.0108953Z Unpacking xfonts-cyrillic (1:1.0.5+nmu1) ...
2026-10-09T04:39:02.0463020Z Selecting previously unselected package xfonts-scalable.
2026-10-09T04:39:02.0586304Z Preparing to unpack .../9-xfonts-scalable_1%3a1.0.3-1.3_all.deb ...
2026-10-09T04:39:02.0593018Z Unpacking xfonts-scalable (1:1.0.3-1.3) ...
2026-10-09T04:39:02.1028169Z Setting up fonts-wqy-zenhei (0.9.45-8) ...
2026-10-09T04:39:02.1155853Z Setting up fonts-freefont-ttf (20211204+svn4273-2) ...
2026-10-09T04:39:02.1172293Z Setting up fonts-tlwg-loma-otf (1:0.7.3-1) ...
2026-10-09T04:39:02.1187440Z Setting up libfreetype6:amd64 (2.13.2+dfsg-1ubuntu0.2) ...
2026-10-09T04:39:02.1204260Z Setting up xfonts-encodings (1:1.0.5-0ubuntu2) ...
2026-10-09T04:39:02.1222805Z Setting up fonts-ipafont-gothic (00303-21ubuntu1) ...
2026-10-09T04:39:02.1286573Z update-alternatives: using /usr/share/fonts/opentype/ipafont-gothic/ipag.ttf to provide /usr/share/fonts/truetype/fonts-japanese-gothic.ttf (fonts-japanese-gothic.ttf) in auto mode
2026-10-09T04:39:02.1302717Z Setting up fonts-unifont (1:15.1.01-1build1) ...
2026-10-09T04:39:02.1320363Z Setting up xfonts-utils (1:7.7+6build3) ...
2026-10-09T04:39:02.1357879Z Setting up xfonts-cyrillic (1:1.0.5+nmu1) ...
2026-10-09T04:39:02.1652229Z Setting up xfonts-scalable (1:1.0.3-1.3) ...
2026-10-09T04:39:02.1946471Z Processing triggers for libc-bin (2.39-0ubuntu8.9) ...
2026-10-09T04:39:02.2259273Z Processing triggers for man-db (2.12.0-4build2) ...
2026-10-09T04:39:02.2279694Z Not building database; man-db/auto-update is not 'true'.
2026-10-09T04:39:02.2294139Z Processing triggers for fontconfig (2.15.0-1.1ubuntu2) ...
2026-10-09T04:39:02.9445219Z 
2026-10-09T04:39:02.9446191Z Running kernel seems to be up-to-date.
2026-10-09T04:39:02.9446609Z 
2026-10-09T04:39:02.9447129Z Restarting services...
2026-10-09T04:39:02.9532150Z  systemctl restart php8.3-fpm.service
2026-10-09T04:39:03.0555545Z 
2026-10-09T04:39:03.0557463Z No containers need to be restarted.
2026-10-09T04:39:03.0558181Z 
2026-10-09T04:39:03.0558823Z No user sessions are running outdated binaries.
2026-10-09T04:39:03.0559248Z 
2026-10-09T04:39:03.0559658Z No VM guests are running outdated hypervisor (qemu) binaries on this host.
2026-10-09T04:39:04.0522702Z Downloading Chromium 141.0.7390.37 (playwright build v1194) from https://cdn.playwright.dev/dbazure/download/playwright/builds/chromium/1194/chromium-linux.zip
2026-10-09T04:39:04.2115984Z |                                                                                |   0% of 173.9 MiB
2026-10-09T04:39:04.3502985Z |■■■■■■■■                                                                        |  10% of 173.9 MiB
2026-10-09T04:39:04.4547682Z |■■■■■■■■■■■■■■■■                                                                |  20% of 173.9 MiB
2026-10-09T04:39:04.5401100Z |■■■■■■■■■■■■■■■■■■■■■■■■                                                        |  30% of 173.9 MiB
2026-10-09T04:39:04.6098440Z |■■■■■■■■■■■■■■■■■■■■■■■■■■■■■■■■                                                |  40% of 173.9 MiB
2026-10-09T04:39:04.6801171Z |■■■■■■■■■■■■■■■■■■■■■■■■■■■■■■■■■■■■■■■■                                        |  50% of 173.9 MiB
2026-10-09T04:39:04.7525266Z |■■■■■■■■■■■■■■■■■■■■■■■■■■■■■■■■■■■■■■■■■■■■■■■■                                |  60% of 173.9 MiB
2026-10-09T04:39:04.8128308Z |■■■■■■■■■■■■■■■■■■■■■■■■■■■■■■■■■■■■■■■■■■■■■■■■■■■■■■■■                        |  70% of 173.9 MiB
2026-10-09T04:39:04.8742287Z |■■■■■■■■■■■■■■■■■■■■■■■■■■■■■■■■■■■■■■■■■■■■■■■■■■■■■■■■■■■■■■■■                |  80% of 173.9 MiB
2026-10-09T04:39:04.9355216Z |■■■■■■■■■■■■■■■■■■■■■■■■■■■■■■■■■■■■■■■■■■■■■■■■■■■■■■■■■■■■■■■■■■■■■■■■        |  90% of 173.9 MiB
2026-10-09T04:39:05.0003243Z |■■■■■■■■■■■■■■■■■■■■■■■■■■■■■■■■■■■■■■■■■■■■■■■■■■■■■■■■■■■■■■■■■■■■■■■■■■■■■■■■| 100% of 173.9 MiB
2026-10-09T04:39:08.6097244Z Chromium 141.0.7390.37 (playwright build v1194) downloaded to /home/runner/.cache/ms-playwright/chromium-1194
2026-10-09T04:39:08.6100697Z Downloading FFMPEG playwright build v1011 from https://cdn.playwright.dev/dbazure/download/playwright/builds/ffmpeg/1011/ffmpeg-linux.zip
2026-10-09T04:39:08.7614027Z |                                                                                |   0% of 2.3 MiB
2026-10-09T04:39:08.7655773Z |■■■■■■■■                                                                        |  10% of 2.3 MiB
2026-10-09T04:39:08.7692211Z |■■■■■■■■■■■■■■■■                                                                |  20% of 2.3 MiB
2026-10-09T04:39:08.7719781Z |■■■■■■■■■■■■■■■■■■■■■■■■                                                        |  30% of 2.3 MiB
2026-10-09T04:39:08.7736735Z |■■■■■■■■■■■■■■■■■■■■■■■■■■■■■■■■                                                |  40% of 2.3 MiB
2026-10-09T04:39:08.7769354Z |■■■■■■■■■■■■■■■■■■■■■■■■■■■■■■■■■■■■■■■■                                        |  50% of 2.3 MiB
2026-10-09T04:39:08.7789349Z |■■■■■■■■■■■■■■■■■■■■■■■■■■■■■■■■■■■■■■■■■■■■■■■■                                |  60% of 2.3 MiB
2026-10-09T04:39:08.7809233Z |■■■■■■■■■■■■■■■■■■■■■■■■■■■■■■■■■■■■■■■■■■■■■■■■■■■■■■■■                        |  70% of 2.3 MiB
2026-10-09T04:39:08.7827560Z |■■■■■■■■■■■■■■■■■■■■■■■■■■■■■■■■■■■■■■■■■■■■■■■■■■■■■■■■■■■■■■■■                |  80% of 2.3 MiB
2026-10-09T04:39:08.7841960Z |■■■■■■■■■■■■■■■■■■■■■■■■■■■■■■■■■■■■■■■■■■■■■■■■■■■■■■■■■■■■■■■■■■■■■■■■        |  90% of 2.3 MiB
2026-10-09T04:39:08.7859329Z |■■■■■■■■■■■■■■■■■■■■■■■■■■■■■■■■■■■■■■■■■■■■■■■■■■■■■■■■■■■■■■■■■■■■■■■■■■■■■■■■| 100% of 2.3 MiB
2026-10-09T04:39:08.8477873Z FFMPEG playwright build v1011 downloaded to /home/runner/.cache/ms-playwright/ffmpeg-1011
2026-10-09T04:39:08.8482473Z Downloading Chromium Headless Shell 141.0.7390.37 (playwright build v1194) from https://cdn.playwright.dev/dbazure/download/playwright/builds/chromium/1194/chromium-headless-shell-linux.zip
2026-10-09T04:39:08.9997611Z |                                                                                |   0% of 104.3 MiB
2026-10-09T04:39:09.0999702Z |■■■■■■■■                                                                        |  10% of 104.3 MiB
2026-10-09T04:39:09.1657776Z |■■■■■■■■■■■■■■■■                                                                |  20% of 104.3 MiB
2026-10-09T04:39:09.2212393Z |■■■■■■■■■■■■■■■■■■■■■■■■                                                        |  30% of 104.3 MiB
2026-10-09T04:39:09.2793303Z |■■■■■■■■■■■■■■■■■■■■■■■■■■■■■■■■                                                |  40% of 104.3 MiB
2026-10-09T04:39:09.3283978Z |■■■■■■■■■■■■■■■■■■■■■■■■■■■■■■■■■■■■■■■■                                        |  50% of 104.3 MiB
2026-10-09T04:39:09.3785381Z |■■■■■■■■■■■■■■■■■■■■■■■■■■■■■■■■■■■■■■■■■■■■■■■■                                |  60% of 104.3 MiB
2026-10-09T04:39:09.4167025Z |■■■■■■■■■■■■■■■■■■■■■■■■■■■■■■■■■■■■■■■■■■■■■■■■■■■■■■■■                        |  70% of 104.3 MiB
2026-10-09T04:39:09.4581790Z |■■■■■■■■■■■■■■■■■■■■■■■■■■■■■■■■■■■■■■■■■■■■■■■■■■■■■■■■■■■■■■■■                |  80% of 104.3 MiB
2026-10-09T04:39:09.4977958Z |■■■■■■■■■■■■■■■■■■■■■■■■■■■■■■■■■■■■■■■■■■■■■■■■■■■■■■■■■■■■■■■■■■■■■■■■        |  90% of 104.3 MiB
2026-10-09T04:39:09.5352857Z |■■■■■■■■■■■■■■■■■■■■■■■■■■■■■■■■■■■■■■■■■■■■■■■■■■■■■■■■■■■■■■■■■■■■■■■■■■■■■■■■| 100% of 104.3 MiB
2026-10-09T04:39:11.5743287Z Chromium Headless Shell 141.0.7390.37 (playwright build v1194) downloaded to /home/runner/.cache/ms-playwright/chromium_headless_shell-1194
2026-10-09T04:39:11.6718874Z ##[group]Run npm test
2026-10-09T04:39:11.6719158Z [36;1mnpm test[0m
2026-10-09T04:39:11.6783433Z shell: /usr/bin/bash -e {0}
2026-10-09T04:39:11.6783703Z ##[endgroup]
2026-10-09T04:39:11.7847520Z 
2026-10-09T04:39:11.7848198Z > partybox-g02-gin-rummy@1.2.1 test
2026-10-09T04:39:11.7849851Z > npm run build && node --test tests/*.test.mjs && node scripts/league.mjs && node scripts/mutations.mjs && node scripts/browser-check.mjs && node scripts/capture.mjs ci-current --public-history --ci-output && node scripts/integrity.mjs
2026-10-09T04:39:11.7850831Z 
2026-10-09T04:39:11.8885918Z 
2026-10-09T04:39:11.8886760Z > partybox-g02-gin-rummy@1.2.1 build
2026-10-09T04:39:11.8887716Z > tsc --noEmit && node scripts/build.mjs
2026-10-09T04:39:11.8888067Z 
2026-10-09T04:39:14.1092055Z TAP version 13
2026-10-09T04:39:14.2497713Z # {"suite":"all-phases","phases":6,"cases":408}
2026-10-09T04:39:14.2510786Z # Subtest: every event family, roster id and bot skill in every delivered phase
2026-10-09T04:39:14.2522918Z ok 1 - every event family, roster id and bot skill in every delivered phase
2026-10-09T04:39:14.2523956Z   ---
2026-10-09T04:39:14.2524609Z   duration_ms: 45.720023
2026-10-09T04:39:14.2525300Z   type: 'test'
2026-10-09T04:39:14.2525876Z   ...
2026-10-09T04:39:14.2554851Z # Subtest: registered prototype-looking ids remain valid players and finite result keys
2026-10-09T04:39:14.2578356Z ok 2 - registered prototype-looking ids remain valid players and finite result keys
2026-10-09T04:39:14.2607545Z   ---
2026-10-09T04:39:14.2608024Z   duration_ms: 2.374877
2026-10-09T04:39:14.2628286Z   type: 'test'
2026-10-09T04:39:14.2628686Z   ...
2026-10-09T04:39:18.0589128Z # {"suite":"batch-discard-proof","hands":1000,"outcomes":10500,"exactLayouts":true}
2026-10-09T04:39:18.0608628Z # Subtest: 10500 batch outcomes retain exact standalone layouts and independent minima
2026-10-09T04:39:18.0628418Z ok 3 - 10500 batch outcomes retain exact standalone layouts and independent minima
2026-10-09T04:39:18.0660113Z   ---
2026-10-09T04:39:18.0664921Z   duration_ms: 3837.276666
2026-10-09T04:39:18.0667689Z   type: 'test'
2026-10-09T04:39:18.0671114Z   ...
2026-10-09T04:39:24.0310735Z # {"suite":"boundary-fuzz","seed":912701,"invalidInputs":1000,"phases":6,"rejectedInputs":6000,"metadataChecks":282,"viewChecks":66}
2026-10-09T04:39:24.0328769Z # Subtest: 1000 seeded invalid JSON inputs and malformed event/identity metadata in every phase
2026-10-09T04:39:24.0337840Z ok 4 - 1000 seeded invalid JSON inputs and malformed event/identity metadata in every phase
2026-10-09T04:39:24.0339025Z   ---
2026-10-09T04:39:24.0341891Z   duration_ms: 75.29433
2026-10-09T04:39:24.0342634Z   type: 'test'
2026-10-09T04:39:24.0343296Z   ...
2026-10-09T04:39:24.0345178Z # {"suite":"mixed-event-replay","phaseStarts":6,"seedsPerPhase":100,"transitions":48000,"changed":12742,"eventFamilies":["input","player","speech","speechStart","timer","vip"]}
2026-10-09T04:39:24.0347744Z # Subtest: mixed event families replay through JSON after every transition from every phase
2026-10-09T04:39:24.0349398Z ok 5 - mixed event families replay through JSON after every transition from every phase
2026-10-09T04:39:24.0350401Z   ---
2026-10-09T04:39:24.0350935Z   duration_ms: 9716.935212
2026-10-09T04:39:24.0351509Z   type: 'test'
2026-10-09T04:39:24.0352002Z   ...
2026-10-09T04:39:24.0488265Z # Subtest: branching target ends retain exact minima, legal chains, layouts and all cards
2026-10-09T04:39:24.0498028Z ok 6 - branching target ends retain exact minima, legal chains, layouts and all cards
2026-10-09T04:39:24.0517657Z   ---
2026-10-09T04:39:24.0533147Z   duration_ms: 44.855267
2026-10-09T04:39:24.0548831Z   type: 'test'
2026-10-09T04:39:24.0577988Z   ...
2026-10-09T04:39:24.0579033Z # Subtest: current source-bound raw proof passes without discarding its largest interval
2026-10-09T04:39:24.0580676Z not ok 7 - current source-bound raw proof passes without discarding its largest interval
2026-10-09T04:39:24.0581735Z   ---
2026-10-09T04:39:24.0582743Z   duration_ms: 2.803644
2026-10-09T04:39:24.0583382Z   type: 'test'
2026-10-09T04:39:24.0584649Z   location: '/home/runner/work/partybox-game-cores/partybox-game-cores/jobs/G02-gin-rummy/tests/browser-proof.test.mjs:6:1'
2026-10-09T04:39:24.0585992Z   failureType: 'testCodeFailure'
2026-10-09T04:39:24.0586657Z   error: |-
2026-10-09T04:39:24.0587576Z     accepted proof has stale source hashes
2026-10-09T04:39:24.0588292Z     + actual - expected
2026-10-09T04:39:24.0588860Z     
2026-10-09T04:39:24.0589349Z       {
2026-10-09T04:39:24.0590251Z     +   'play.html': '224b361daadcadba137416c0311712d93acdaf35f9f9576385eaf873739cc017',
2026-10-09T04:39:24.0591618Z     -   'play.html': '8d562d7a1b592e13f0f6a8e7c2fa492dbeb5e70dab117910842d6ce590bde533',
2026-10-09T04:39:24.0592988Z         'src/browser.ts': '56fb3b450aa29e9dda800a69b187d66d5446e056bf2b89b349a9bef1479131e4',
2026-10-09T04:39:24.0594358Z         'src/cards.ts': 'e309e103393bc1aaaf10b34e3994de815dd693d1828a61566723b8fba573fdb9',
2026-10-09T04:39:24.0595689Z     +   'src/core.ts': '389fda6be764fcaf753f8153c0d0e54b400b652198608a79966128eae72e5d76',
2026-10-09T04:39:24.0597311Z     -   'src/core.ts': 'aa9a48dbae7f6ba7010a737eeebd2133394970fdaca96c11b118ccf3941cfcf6',
2026-10-09T04:39:24.0598815Z         'src/play.template.html': '1b5188f105cfd9766f3f19c0a6f3cfa1b522cbd676ec5fde0dbfa1566a09f8c7'
2026-10-09T04:39:24.0599899Z       }
2026-10-09T04:39:24.0600407Z     
2026-10-09T04:39:24.0600915Z   code: 'ERR_ASSERTION'
2026-10-09T04:39:24.0601523Z   name: 'AssertionError'
2026-10-09T04:39:24.0602115Z   expected:
2026-10-09T04:39:24.0603000Z     play.html: '8d562d7a1b592e13f0f6a8e7c2fa492dbeb5e70dab117910842d6ce590bde533'
2026-10-09T04:39:24.0604605Z     src/core.ts: 'aa9a48dbae7f6ba7010a737eeebd2133394970fdaca96c11b118ccf3941cfcf6'
2026-10-09T04:39:24.0605906Z     src/cards.ts: 'e309e103393bc1aaaf10b34e3994de815dd693d1828a61566723b8fba573fdb9'
2026-10-09T04:39:24.0607650Z     src/browser.ts: '56fb3b450aa29e9dda800a69b187d66d5446e056bf2b89b349a9bef1479131e4'
2026-10-09T04:39:24.0609330Z     src/play.template.html: '1b5188f105cfd9766f3f19c0a6f3cfa1b522cbd676ec5fde0dbfa1566a09f8c7'
2026-10-09T04:39:24.0610377Z   actual:
2026-10-09T04:39:24.0611255Z     play.html: '224b361daadcadba137416c0311712d93acdaf35f9f9576385eaf873739cc017'
2026-10-09T04:39:24.0612610Z     src/core.ts: '389fda6be764fcaf753f8153c0d0e54b400b652198608a79966128eae72e5d76'
2026-10-09T04:39:24.0613908Z     src/cards.ts: 'e309e103393bc1aaaf10b34e3994de815dd693d1828a61566723b8fba573fdb9'
2026-10-09T04:39:24.0615229Z     src/browser.ts: '56fb3b450aa29e9dda800a69b187d66d5446e056bf2b89b349a9bef1479131e4'
2026-10-09T04:39:24.0616655Z     src/play.template.html: '1b5188f105cfd9766f3f19c0a6f3cfa1b522cbd676ec5fde0dbfa1566a09f8c7'
2026-10-09T04:39:24.0618045Z   operator: 'deepStrictEqual'
2026-10-09T04:39:24.0618790Z   stack: |-
2026-10-09T04:39:24.0620152Z     sourceGuard (file:///home/runner/work/partybox-game-cores/partybox-game-cores/jobs/G02-gin-rummy/scripts/browser-proof.mjs:13:9)
2026-10-09T04:39:24.0622276Z     verifyBrowserProof (file:///home/runner/work/partybox-game-cores/partybox-game-cores/jobs/G02-gin-rummy/scripts/browser-proof.mjs:21:2)
2026-10-09T04:39:24.0624522Z     TestContext.<anonymous> (file:///home/runner/work/partybox-game-cores/partybox-game-cores/jobs/G02-gin-rummy/tests/browser-proof.test.mjs:8:19)
2026-10-09T04:39:24.0626111Z     Test.runInAsyncScope (node:async_hooks:214:14)
2026-10-09T04:39:24.0627234Z     Test.run (node:internal/test_runner/test:1047:25)
2026-10-09T04:39:24.0628233Z     Test.start (node:internal/test_runner/test:944:17)
2026-10-09T04:39:24.0629285Z     startSubtestAfterBootstrap (node:internal/test_runner/harness:296:17)
2026-10-09T04:39:24.0630233Z   ...
2026-10-09T04:39:24.0631290Z # Subtest: a refreshed inventory cannot accept stale browser or recording source hashes
2026-10-09T04:39:24.0632860Z ok 8 - a refreshed inventory cannot accept stale browser or recording source hashes
2026-10-09T04:39:24.0633884Z   ---
2026-10-09T04:39:24.0634440Z   duration_ms: 9.230077
2026-10-09T04:39:24.0635240Z   type: 'test'
2026-10-09T04:39:24.0635792Z   ...
2026-10-09T04:39:24.0636562Z # Subtest: changed end guards and failed snapshots are rejected
2026-10-09T04:39:24.0637870Z not ok 9 - changed end guards and failed snapshots are rejected
2026-10-09T04:39:24.0638651Z   ---
2026-10-09T04:39:24.0639166Z   duration_ms: 5.417115
2026-10-09T04:39:24.0639736Z   type: 'test'
2026-10-09T04:39:24.0641103Z   location: '/home/runner/work/partybox-game-cores/partybox-game-cores/jobs/G02-gin-rummy/tests/browser-proof.test.mjs:16:1'
2026-10-09T04:39:24.0642553Z   failureType: 'testCodeFailure'
2026-10-09T04:39:24.0643220Z   error: |-
2026-10-09T04:39:24.0644011Z     The input did not match the regular expression /end hashes/. Input:
2026-10-09T04:39:24.0644877Z     
2026-10-09T04:39:24.0645722Z     'AssertionError [ERR_ASSERTION]: accepted proof has stale source hashes\n' +
2026-10-09T04:39:24.0646695Z       '+ actual - expected\n' +
2026-10-09T04:39:24.0647617Z       '\n' +
2026-10-09T04:39:24.0648147Z       '  {\n' +
2026-10-09T04:39:24.0649120Z       "+   'play.html': '224b361daadcadba137416c0311712d93acdaf35f9f9576385eaf873739cc017',\n" +
2026-10-09T04:39:24.0650754Z       "-   'play.html': '8d562d7a1b592e13f0f6a8e7c2fa492dbeb5e70dab117910842d6ce590bde533',\n" +
2026-10-09T04:39:24.0652263Z       "    'src/browser.ts': '56fb3b450aa29e9dda800a69b187d66d5446e056bf2b89b349a9bef1479131e4',\n" +
2026-10-09T04:39:24.0653722Z       "    'src/cards.ts': 'e309e103393bc1aaaf10b34e3994de815dd693d1828a61566723b8fba573fdb9',\n" +
2026-10-09T04:39:24.0655135Z       "+   'src/core.ts': '389fda6be764fcaf753f8153c0d0e54b400b652198608a79966128eae72e5d76',\n" +
2026-10-09T04:39:24.0657066Z       "-   'src/core.ts': 'aa9a48dbae7f6ba7010a737eeebd2133394970fdaca96c11b118ccf3941cfcf6',\n" +
2026-10-09T04:39:24.0658727Z       "    'src/play.template.html': '1b5188f105cfd9766f3f19c0a6f3cfa1b522cbd676ec5fde0dbfa1566a09f8c7'\n" +
2026-10-09T04:39:24.0659832Z       '  }\n'
2026-10-09T04:39:24.0660356Z     
2026-10-09T04:39:24.0660872Z   code: 'ERR_ASSERTION'
2026-10-09T04:39:24.0661467Z   name: 'AssertionError'
2026-10-09T04:39:24.0662061Z   expected:
2026-10-09T04:39:24.0662574Z   actual:
2026-10-09T04:39:24.0663103Z   error: |-
2026-10-09T04:39:24.0663728Z     accepted proof has stale source hashes
2026-10-09T04:39:24.0664428Z     + actual - expected
2026-10-09T04:39:24.0664985Z     
2026-10-09T04:39:24.0665474Z       {
2026-10-09T04:39:24.0666365Z     +   'play.html': '224b361daadcadba137416c0311712d93acdaf35f9f9576385eaf873739cc017',
2026-10-09T04:39:24.0667967Z     -   'play.html': '8d562d7a1b592e13f0f6a8e7c2fa492dbeb5e70dab117910842d6ce590bde533',
2026-10-09T04:39:24.0669370Z         'src/browser.ts': '56fb3b450aa29e9dda800a69b187d66d5446e056bf2b89b349a9bef1479131e4',
2026-10-09T04:39:24.0670730Z         'src/cards.ts': 'e309e103393bc1aaaf10b34e3994de815dd693d1828a61566723b8fba573fdb9',
2026-10-09T04:39:24.0672050Z     +   'src/core.ts': '389fda6be764fcaf753f8153c0d0e54b400b652198608a79966128eae72e5d76',
2026-10-09T04:39:24.0673387Z     -   'src/core.ts': 'aa9a48dbae7f6ba7010a737eeebd2133394970fdaca96c11b118ccf3941cfcf6',
2026-10-09T04:39:24.0674839Z         'src/play.template.html': '1b5188f105cfd9766f3f19c0a6f3cfa1b522cbd676ec5fde0dbfa1566a09f8c7'
2026-10-09T04:39:24.0675877Z       }
2026-10-09T04:39:24.0676386Z     
2026-10-09T04:39:24.0677140Z   stack: |-
2026-10-09T04:39:24.0678467Z     sourceGuard (file:///home/runner/work/partybox-game-cores/partybox-game-cores/jobs/G02-gin-rummy/scripts/browser-proof.mjs:13:9)
2026-10-09T04:39:24.0680564Z     verifyBrowserProof (file:///home/runner/work/partybox-game-cores/partybox-game-cores/jobs/G02-gin-rummy/scripts/browser-proof.mjs:21:2)
2026-10-09T04:39:24.0682582Z     file:///home/runner/work/partybox-game-cores/partybox-game-cores/jobs/G02-gin-rummy/tests/browser-proof.test.mjs:17:85
2026-10-09T04:39:24.0683888Z     getActual (node:assert:531:5)
2026-10-09T04:39:24.0684677Z     Function.throws (node:assert:677:24)
2026-10-09T04:39:24.0686447Z     TestContext.<anonymous> (file:///home/runner/work/partybox-game-cores/partybox-game-cores/jobs/G02-gin-rummy/tests/browser-proof.test.mjs:17:74)
2026-10-09T04:39:24.0688247Z     Test.runInAsyncScope (node:async_hooks:214:14)
2026-10-09T04:39:24.0689126Z     Test.run (node:internal/test_runner/test:1047:25)
2026-10-09T04:39:24.0690141Z     Test.processPendingSubtests (node:internal/test_runner/test:744:18)
2026-10-09T04:39:24.0691178Z     Test.postRun (node:internal/test_runner/test:1173:19)
2026-10-09T04:39:24.0691929Z   operator: 'throws'
2026-10-09T04:39:24.0692474Z   stack: |-
2026-10-09T04:39:24.0693901Z     TestContext.<anonymous> (file:///home/runner/work/partybox-game-cores/partybox-game-cores/jobs/G02-gin-rummy/tests/browser-proof.test.mjs:17:74)
2026-10-09T04:39:24.0695582Z     Test.runInAsyncScope (node:async_hooks:214:14)
2026-10-09T04:39:24.0696645Z     Test.run (node:internal/test_runner/test:1047:25)
2026-10-09T04:39:24.0697996Z     Test.processPendingSubtests (node:internal/test_runner/test:744:18)
2026-10-09T04:39:24.0699063Z     Test.postRun (node:internal/test_runner/test:1173:19)
2026-10-09T04:39:24.0700081Z     Test.run (node:internal/test_runner/test:1101:12)
2026-10-09T04:39:24.0701215Z     async Test.processPendingSubtests (node:internal/test_runner/test:744:7)
2026-10-09T04:39:24.0702202Z   ...
2026-10-09T04:39:24.0703333Z # Subtest: missing, altered and invalid raw intervals cannot be hidden by good summary fields
2026-10-09T04:39:24.0704925Z ok 10 - missing, altered and invalid raw intervals cannot be hidden by good summary fields
2026-10-09T04:39:24.0706008Z   ---
2026-10-09T04:39:24.0706640Z   duration_ms: 13.223975
2026-10-09T04:39:24.0707937Z   type: 'test'
2026-10-09T04:39:24.0708532Z   ...
2026-10-09T04:39:24.0709491Z # Subtest: reported statistics are recomputed from all retained intervals
2026-10-09T04:39:24.0710847Z not ok 11 - reported statistics are recomputed from all retained intervals
2026-10-09T04:39:24.0711803Z   ---
2026-10-09T04:39:24.0712382Z   duration_ms: 4.202937
2026-10-09T04:39:24.0713003Z   type: 'test'
2026-10-09T04:39:24.0714378Z   location: '/home/runner/work/partybox-game-cores/partybox-game-cores/jobs/G02-gin-rummy/tests/browser-proof.test.mjs:26:1'
2026-10-09T04:39:24.0715868Z   failureType: 'testCodeFailure'
2026-10-09T04:39:24.0716633Z   error: |-
2026-10-09T04:39:24.0718002Z     The input did not match the regular expression /retained interval/. Input:
2026-10-09T04:39:24.0719021Z     
2026-10-09T04:39:24.0719989Z     'AssertionError [ERR_ASSERTION]: accepted proof has stale source hashes\n' +
2026-10-09T04:39:24.0721133Z       '+ actual - expected\n' +
2026-10-09T04:39:24.0722072Z       '\n' +
2026-10-09T04:39:24.0722684Z       '  {\n' +
2026-10-09T04:39:24.0723746Z       "+   'play.html': '224b361daadcadba137416c0311712d93acdaf35f9f9576385eaf873739cc017',\n" +
2026-10-09T04:39:24.0725315Z       "-   'play.html': '8d562d7a1b592e13f0f6a8e7c2fa492dbeb5e70dab117910842d6ce590bde533',\n" +
2026-10-09T04:39:24.0727236Z       "    'src/browser.ts': '56fb3b450aa29e9dda800a69b187d66d5446e056bf2b89b349a9bef1479131e4',\n" +
2026-10-09T04:39:24.0728961Z       "    'src/cards.ts': 'e309e103393bc1aaaf10b34e3994de815dd693d1828a61566723b8fba573fdb9',\n" +
2026-10-09T04:39:24.0730561Z       "+   'src/core.ts': '389fda6be764fcaf753f8153c0d0e54b400b652198608a79966128eae72e5d76',\n" +
2026-10-09T04:39:24.0732138Z       "-   'src/core.ts': 'aa9a48dbae7f6ba7010a737eeebd2133394970fdaca96c11b118ccf3941cfcf6',\n" +
2026-10-09T04:39:24.0733887Z       "    'src/play.template.html': '1b5188f105cfd9766f3f19c0a6f3cfa1b522cbd676ec5fde0dbfa1566a09f8c7'\n" +
2026-10-09T04:39:24.0735091Z       '  }\n'
2026-10-09T04:39:24.0735721Z     
2026-10-09T04:39:24.0736334Z   code: 'ERR_ASSERTION'
2026-10-09T04:39:24.0737405Z   name: 'AssertionError'
2026-10-09T04:39:24.0738116Z   expected:
2026-10-09T04:39:24.0738666Z   actual:
2026-10-09T04:39:24.0739197Z   error: |-
2026-10-09T04:39:24.0739888Z     accepted proof has stale source hashes
2026-10-09T04:39:24.0740691Z     + actual - expected
2026-10-09T04:39:24.0741363Z     
2026-10-09T04:39:24.0742183Z       {
2026-10-09T04:39:24.0743267Z     +   'play.html': '224b361daadcadba137416c0311712d93acdaf35f9f9576385eaf873739cc017',
2026-10-09T04:39:24.0745948Z     -   'play.html': '8d562d7a1b592e13f0f6a8e7c2fa492dbeb5e70dab117910842d6ce590bde533',
2026-10-09T04:39:24.0748365Z         'src/browser.ts': '56fb3b450aa29e9dda800a69b187d66d5446e056bf2b89b349a9bef1479131e4',
2026-10-09T04:39:24.0749857Z         'src/cards.ts': 'e309e103393bc1aaaf10b34e3994de815dd693d1828a61566723b8fba573fdb9',
2026-10-09T04:39:24.0751243Z     +   'src/core.ts': '389fda6be764fcaf753f8153c0d0e54b400b652198608a79966128eae72e5d76',
2026-10-09T04:39:24.0752775Z     -   'src/core.ts': 'aa9a48dbae7f6ba7010a737eeebd2133394970fdaca96c11b118ccf3941cfcf6',
2026-10-09T04:39:24.0754375Z         'src/play.template.html': '1b5188f105cfd9766f3f19c0a6f3cfa1b522cbd676ec5fde0dbfa1566a09f8c7'
2026-10-09T04:39:24.0755523Z       }
2026-10-09T04:39:24.0756100Z     
2026-10-09T04:39:24.0756709Z   stack: |-
2026-10-09T04:39:24.0758447Z     sourceGuard (file:///home/runner/work/partybox-game-cores/partybox-game-cores/jobs/G02-gin-rummy/scripts/browser-proof.mjs:13:9)
2026-10-09T04:39:24.0760193Z     verifyBrowserProof (file:///home/runner/work/partybox-game-cores/partybox-game-cores/jobs/G02-gin-rummy/scripts/browser-proof.mjs:21:2)
2026-10-09T04:39:24.0761366Z     file:///home/runner/work/partybox-game-cores/partybox-game-cores/jobs/G02-gin-rummy/tests/browser-proof.test.mjs:29:21
2026-10-09T04:39:24.0762117Z     getActual (node:assert:531:5)
2026-10-09T04:39:24.0762579Z     Function.throws (node:assert:677:24)
2026-10-09T04:39:24.0763909Z     TestContext.<anonymous> (file:///home/runner/work/partybox-game-cores/partybox-game-cores/jobs/G02-gin-rummy/tests/browser-proof.test.mjs:29:10)
2026-10-09T04:39:24.0764990Z     Test.runInAsyncScope (node:async_hooks:214:14)
2026-10-09T04:39:24.0765532Z     Test.run (node:internal/test_runner/test:1047:25)
2026-10-09T04:39:24.0766133Z     Test.processPendingSubtests (node:internal/test_runner/test:744:18)
2026-10-09T04:39:24.0766764Z     Test.postRun (node:internal/test_runner/test:1173:19)
2026-10-09T04:39:24.0767752Z   operator: 'throws'
2026-10-09T04:39:24.0768142Z   stack: |-
2026-10-09T04:39:24.0769114Z     TestContext.<anonymous> (file:///home/runner/work/partybox-game-cores/partybox-game-cores/jobs/G02-gin-rummy/tests/browser-proof.test.mjs:29:10)
2026-10-09T04:39:24.0769870Z     Test.runInAsyncScope (node:async_hooks:214:14)
2026-10-09T04:39:24.0770258Z     Test.run (node:internal/test_runner/test:1047:25)
2026-10-09T04:39:24.0770720Z     Test.processPendingSubtests (node:internal/test_runner/test:744:18)
2026-10-09T04:39:24.0771196Z     Test.postRun (node:internal/test_runner/test:1173:19)
2026-10-09T04:39:24.0771580Z     Test.run (node:internal/test_runner/test:1101:12)
2026-10-09T04:39:24.0772047Z     async Test.processPendingSubtests (node:internal/test_runner/test:744:7)
2026-10-09T04:39:24.0772435Z   ...
2026-10-09T04:39:24.0772867Z # Subtest: an honestly recomputed slow raw sample still fails the original frame gate
2026-10-09T04:39:24.0773517Z not ok 12 - an honestly recomputed slow raw sample still fails the original frame gate
2026-10-09T04:39:24.0773923Z   ---
2026-10-09T04:39:24.0774119Z   duration_ms: 6.259852
2026-10-09T04:39:24.0774338Z   type: 'test'
2026-10-09T04:39:24.0774937Z   location: '/home/runner/work/partybox-game-cores/partybox-game-cores/jobs/G02-gin-rummy/tests/browser-proof.test.mjs:32:1'
2026-10-09T04:39:24.0775550Z   failureType: 'testCodeFailure'
2026-10-09T04:39:24.0775802Z   error: |-
2026-10-09T04:39:24.0776215Z     The input did not match the regular expression /raw frame gate failed/. Input:
2026-10-09T04:39:24.0776605Z     
2026-10-09T04:39:24.0777491Z     'AssertionError [ERR_ASSERTION]: accepted proof has stale source hashes\n' +
2026-10-09T04:39:24.0778357Z       '+ actual - expected\n' +
2026-10-09T04:39:24.0778798Z       '\n' +
2026-10-09T04:39:24.0779183Z       '  {\n' +
2026-10-09T04:39:24.0780307Z       "+   'play.html': '224b361daadcadba137416c0311712d93acdaf35f9f9576385eaf873739cc017',\n" +
2026-10-09T04:39:24.0781667Z       "-   'play.html': '8d562d7a1b592e13f0f6a8e7c2fa492dbeb5e70dab117910842d6ce590bde533',\n" +
2026-10-09T04:39:24.0783043Z       "    'src/browser.ts': '56fb3b450aa29e9dda800a69b187d66d5446e056bf2b89b349a9bef1479131e4',\n" +
2026-10-09T04:39:24.0784373Z       "    'src/cards.ts': 'e309e103393bc1aaaf10b34e3994de815dd693d1828a61566723b8fba573fdb9',\n" +
2026-10-09T04:39:24.0785665Z       "+   'src/core.ts': '389fda6be764fcaf753f8153c0d0e54b400b652198608a79966128eae72e5d76',\n" +
2026-10-09T04:39:24.0786476Z       "-   'src/core.ts': 'aa9a48dbae7f6ba7010a737eeebd2133394970fdaca96c11b118ccf3941cfcf6',\n" +
2026-10-09T04:39:24.0787412Z       "    'src/play.template.html': '1b5188f105cfd9766f3f19c0a6f3cfa1b522cbd676ec5fde0dbfa1566a09f8c7'\n" +
2026-10-09T04:39:24.0788042Z       '  }\n'
2026-10-09T04:39:24.0788405Z     
2026-10-09T04:39:24.0788773Z   code: 'ERR_ASSERTION'
2026-10-09T04:39:24.0789999Z   name: 'AssertionError'
2026-10-09T04:39:24.0790469Z   expected:
2026-10-09T04:39:24.0790819Z   actual:
2026-10-09T04:39:24.0791159Z   error: |-
2026-10-09T04:39:24.0791613Z     accepted proof has stale source hashes
2026-10-09T04:39:24.0792194Z     + actual - expected
2026-10-09T04:39:24.0792600Z     
2026-10-09T04:39:24.0793361Z       {
2026-10-09T04:39:24.0794080Z     +   'play.html': '224b361daadcadba137416c0311712d93acdaf35f9f9576385eaf873739cc017',
2026-10-09T04:39:24.0795198Z     -   'play.html': '8d562d7a1b592e13f0f6a8e7c2fa492dbeb5e70dab117910842d6ce590bde533',
2026-10-09T04:39:24.0796334Z         'src/browser.ts': '56fb3b450aa29e9dda800a69b187d66d5446e056bf2b89b349a9bef1479131e4',
2026-10-09T04:39:24.0797802Z         'src/cards.ts': 'e309e103393bc1aaaf10b34e3994de815dd693d1828a61566723b8fba573fdb9',
2026-10-09T04:39:24.0798547Z     +   'src/core.ts': '389fda6be764fcaf753f8153c0d0e54b400b652198608a79966128eae72e5d76',
2026-10-09T04:39:24.0799159Z     -   'src/core.ts': 'aa9a48dbae7f6ba7010a737eeebd2133394970fdaca96c11b118ccf3941cfcf6',
2026-10-09T04:39:24.0799849Z         'src/play.template.html': '1b5188f105cfd9766f3f19c0a6f3cfa1b522cbd676ec5fde0dbfa1566a09f8c7'
2026-10-09T04:39:24.0800320Z       }
2026-10-09T04:39:24.0800502Z     
2026-10-09T04:39:24.0800685Z   stack: |-
2026-10-09T04:39:24.0801289Z     sourceGuard (file:///home/runner/work/partybox-game-cores/partybox-game-cores/jobs/G02-gin-rummy/scripts/browser-proof.mjs:13:9)
2026-10-09T04:39:24.0802297Z     verifyBrowserProof (file:///home/runner/work/partybox-game-cores/partybox-game-cores/jobs/G02-gin-rummy/scripts/browser-proof.mjs:21:2)
2026-10-09T04:39:24.0803265Z     file:///home/runner/work/partybox-game-cores/partybox-game-cores/jobs/G02-gin-rummy/tests/browser-proof.test.mjs:37:20
2026-10-09T04:39:24.0803862Z     getActual (node:assert:531:5)
2026-10-09T04:39:24.0804167Z     Function.throws (node:assert:677:24)
2026-10-09T04:39:24.0804926Z     TestContext.<anonymous> (file:///home/runner/work/partybox-game-cores/partybox-game-cores/jobs/G02-gin-rummy/tests/browser-proof.test.mjs:37:9)
2026-10-09T04:39:24.0805667Z     Test.runInAsyncScope (node:async_hooks:214:14)
2026-10-09T04:39:24.0806056Z     Test.run (node:internal/test_runner/test:1047:25)
2026-10-09T04:39:24.0806514Z     Test.processPendingSubtests (node:internal/test_runner/test:744:18)
2026-10-09T04:39:24.0807390Z     Test.postRun (node:internal/test_runner/test:1173:19)
2026-10-09T04:39:24.0807966Z   operator: 'throws'
2026-10-09T04:39:24.0808223Z   stack: |-
2026-10-09T04:39:24.0808904Z     TestContext.<anonymous> (file:///home/runner/work/partybox-game-cores/partybox-game-cores/jobs/G02-gin-rummy/tests/browser-proof.test.mjs:37:9)
2026-10-09T04:39:24.0809638Z     Test.runInAsyncScope (node:async_hooks:214:14)
2026-10-09T04:39:24.0810012Z     Test.run (node:internal/test_runner/test:1047:25)
2026-10-09T04:39:24.0810462Z     Test.processPendingSubtests (node:internal/test_runner/test:744:18)
2026-10-09T04:39:24.0810930Z     Test.postRun (node:internal/test_runner/test:1173:19)
2026-10-09T04:39:24.0811478Z     Test.run (node:internal/test_runner/test:1101:12)
2026-10-09T04:39:24.0811960Z     async Test.processPendingSubtests (node:internal/test_runner/test:744:7)
2026-10-09T04:39:24.0812360Z   ...
2026-10-09T04:39:24.0812797Z # Subtest: profile dimensions, CPU rates and encoder separation must remain truthful
2026-10-09T04:39:24.0813435Z ok 13 - profile dimensions, CPU rates and encoder separation must remain truthful
2026-10-09T04:39:24.0813835Z   ---
2026-10-09T04:39:24.0814037Z   duration_ms: 12.669593
2026-10-09T04:39:24.0814269Z   type: 'test'
2026-10-09T04:39:24.0814467Z   ...
2026-10-09T04:39:24.0814845Z # Subtest: changed, oversized and falsely labeled recordings are rejected
2026-10-09T04:39:24.0815391Z ok 14 - changed, oversized and falsely labeled recordings are rejected
2026-10-09T04:39:24.0815739Z   ---
2026-10-09T04:39:24.0815937Z   duration_ms: 12.434667
2026-10-09T04:39:24.0816158Z   type: 'test'
2026-10-09T04:39:24.0816346Z   ...
2026-10-09T04:39:24.0817076Z # Subtest: actual capture CLI refuses invalid tags and existing media/report before any browser launch
2026-10-09T04:39:24.0818425Z ok 15 - actual capture CLI refuses invalid tags and existing media/report before any browser launch
2026-10-09T04:39:24.0819337Z   ---
2026-10-09T04:39:24.0819731Z   duration_ms: 855.9205
2026-10-09T04:39:24.0820165Z   type: 'test'
2026-10-09T04:39:24.0820535Z   ...
2026-10-09T04:39:24.0821484Z # Subtest: meld validation rejects impossible card IDs while preserving legitimate edge runs/sets
2026-10-09T04:39:24.0822930Z ok 16 - meld validation rejects impossible card IDs while preserving legitimate edge runs/sets
2026-10-09T04:39:24.0824075Z   ---
2026-10-09T04:39:24.0824437Z   duration_ms: 1.571459
2026-10-09T04:39:24.0824878Z   type: 'test'
2026-10-09T04:39:24.0825249Z   ...
2026-10-09T04:39:50.1445392Z # {"suite":"bot-contract","variant":"standard","players":2,"games":1000,"replays":1000,"totalEvents":261076,"maxEvents":612,"replayChecks":261076,"comparison":"every-event SHA256 and bytes; JSON-roundtrip replay"}
2026-10-09T04:40:20.8629749Z # {"suite":"bot-contract","variant":"standard","players":3,"games":1000,"replays":1000,"totalEvents":286054,"maxEvents":775,"replayChecks":286054,"comparison":"every-event SHA256 and bytes; JSON-roundtrip replay"}
2026-10-09T04:40:58.0751378Z # {"suite":"bot-contract","variant":"standard","players":4,"games":1000,"replays":1000,"totalEvents":343986,"maxEvents":825,"replayChecks":343986,"comparison":"every-event SHA256 and bytes; JSON-roundtrip replay"}
2026-10-09T04:41:25.4426773Z # {"suite":"bot-contract","variant":"oklahoma","players":2,"games":1000,"replays":1000,"totalEvents":256417,"maxEvents":755,"replayChecks":256417,"comparison":"every-event SHA256 and bytes; JSON-roundtrip replay"}
2026-10-09T04:41:55.7577982Z # {"suite":"bot-contract","variant":"oklahoma","players":3,"games":1000,"replays":1000,"totalEvents":269238,"maxEvents":812,"replayChecks":269238,"comparison":"every-event SHA256 and bytes; JSON-roundtrip replay"}
2026-10-09T04:42:31.9208580Z # {"suite":"bot-contract","variant":"oklahoma","players":4,"games":1000,"replays":1000,"totalEvents":316463,"maxEvents":929,"replayChecks":316463,"comparison":"every-event SHA256 and bytes; JSON-roundtrip replay"}
2026-10-09T04:42:44.7151353Z # {"suite":"properties","seeds":1003,"events":420546}
2026-10-09T04:42:48.0733773Z # {"suite":"secrecy","comparisons":7925}
2026-10-09T04:42:48.0975285Z # Subtest: 1000 finished seeded bot games at EACH valid count/edition, hash replay after EVERY event
2026-10-09T04:42:48.0977875Z ok 17 - 1000 finished seeded bot games at EACH valid count/edition, hash replay after EVERY event
2026-10-09T04:42:48.0979327Z   ---
2026-10-09T04:42:48.0980103Z   duration_ms: 196157.333411
2026-10-09T04:42:48.0980915Z   type: 'test'
2026-10-09T04:42:48.0981559Z   ...
2026-10-09T04:42:48.0982814Z # Subtest: property seeds 1,2,3 plus 1000 random seeds: adversarial event sequences and immutability
2026-10-09T04:42:48.0984578Z ok 18 - property seeds 1,2,3 plus 1000 random seeds: adversarial event sequences and immutability
2026-10-09T04:42:48.0989068Z   ---
2026-10-09T04:42:48.0990181Z   duration_ms: 12793.25545
2026-10-09T04:42:48.0990949Z   type: 'test'
2026-10-09T04:42:48.0991556Z   ...
2026-10-09T04:42:48.0992675Z # Subtest: hidden-card/order perturbations never change TV, another controller or bot decisions
2026-10-09T04:42:48.0994185Z ok 19 - hidden-card/order perturbations never change TV, another controller or bot decisions
2026-10-09T04:42:48.0995146Z   ---
2026-10-09T04:42:48.0995641Z   duration_ms: 3358.240652
2026-10-09T04:42:48.0996266Z   type: 'test'
2026-10-09T04:42:48.0997144Z   ...
2026-10-09T04:42:48.0998216Z # Subtest: idle/no-clock matches remain until explicit end, every phase can exit via VIP
2026-10-09T04:42:48.0999702Z ok 20 - idle/no-clock matches remain until explicit end, every phase can exit via VIP
2026-10-09T04:42:48.1000665Z   ---
2026-10-09T04:42:48.1001190Z   duration_ms: 21.559899
2026-10-09T04:42:48.1001756Z   type: 'test'
2026-10-09T04:42:48.1002258Z   ...
2026-10-09T04:42:48.1244374Z # {"suite":"departures","initialCases":1000,"completeMatches":120,"events":17184,"maxAutomatedTransitions":75}
2026-10-09T04:42:48.1245975Z # Subtest: departures in every live phase finish the absent turn without exposing its hand
2026-10-09T04:42:48.1248162Z ok 21 - departures in every live phase finish the absent turn without exposing its hand
2026-10-09T04:42:48.1257738Z   ---
2026-10-09T04:42:48.1258135Z   duration_ms: 23.437923
2026-10-09T04:42:48.1258558Z   type: 'test'
2026-10-09T04:42:48.1258906Z   ...
2026-10-09T04:42:48.1259809Z # Subtest: 1000 departure/drop cases and 120 full matches never leave an absent seat blocking play
2026-10-09T04:42:48.1261650Z ok 22 - 1000 departure/drop cases and 120 full matches never leave an absent seat blocking play
2026-10-09T04:42:48.1262435Z   ---
2026-10-09T04:42:48.1262779Z   duration_ms: 6023.855126
2026-10-09T04:42:48.1263178Z   type: 'test'
2026-10-09T04:42:48.1263506Z   ...
2026-10-09T04:42:48.1264236Z # Subtest: empty rooms pause, reconnect resumes only an automatic pause, and permanent leaves cannot rejoin
2026-10-09T04:42:48.1265091Z ok 23 - empty rooms pause, reconnect resumes only an automatic pause, and permanent leaves cannot rejoin
2026-10-09T04:42:48.1265563Z   ---
2026-10-09T04:42:48.1265770Z   duration_ms: 1.083375
2026-10-09T04:42:48.1265997Z   type: 'test'
2026-10-09T04:42:48.1266188Z   ...
2026-10-09T04:42:48.1266678Z # Subtest: departures during VIP pause drain only on resume; malformed control events do nothing
2026-10-09T04:42:48.1267944Z ok 24 - departures during VIP pause drain only on resume; malformed control events do nothing
2026-10-09T04:42:48.1268444Z   ---
2026-10-09T04:42:48.1268656Z   duration_ms: 0.544383
2026-10-09T04:42:48.1268880Z   type: 'test'
2026-10-09T04:42:48.1269067Z   ...
2026-10-09T04:42:48.1269603Z # {"suite":"deadwood-proof","hands":10000,"tenCard":5000,"elevenCard":5000,"seed":20261008,"checksum":584788}
2026-10-09T04:42:48.1270335Z # Subtest: independent exhaustive meld-subset packing proves 10000 exact minima
2026-10-09T04:42:48.1270952Z ok 25 - independent exhaustive meld-subset packing proves 10000 exact minima
2026-10-09T04:42:48.1271327Z   ---
2026-10-09T04:42:48.1271679Z   duration_ms: 7245.265109
2026-10-09T04:42:48.1272096Z   type: 'test'
2026-10-09T04:42:48.1272411Z   ...
2026-10-09T04:42:48.1273055Z # Subtest: actual Big Gin reducer keeps eleven cards, rejects disabled/incomplete claims and prevents layoffs
2026-10-09T04:42:48.1274078Z ok 26 - actual Big Gin reducer keeps eleven cards, rejects disabled/incomplete claims and prevents layoffs
2026-10-09T04:42:48.1274556Z   ---
2026-10-09T04:42:48.1274753Z   duration_ms: 12.466462
2026-10-09T04:42:48.1274988Z   type: 'test'
2026-10-09T04:42:48.1275176Z   ...
2026-10-09T04:42:48.1275692Z # Subtest: actual Gin/normal knock phases, custom layout rejection, match completion and Oklahoma boxes
2026-10-09T04:42:48.1276475Z ok 27 - actual Gin/normal knock phases, custom layout rejection, match completion and Oklahoma boxes
2026-10-09T04:42:48.1277169Z   ---
2026-10-09T04:42:48.1277428Z   duration_ms: 6.586378
2026-10-09T04:42:48.1277989Z   type: 'test'
2026-10-09T04:42:48.1278332Z   ...
2026-10-09T04:42:48.1278898Z # Subtest: winner-stays queue for every rotation size, drawn hand retains seats, each dealer setting
2026-10-09T04:42:48.1279808Z ok 28 - winner-stays queue for every rotation size, drawn hand retains seats, each dealer setting
2026-10-09T04:42:48.1280593Z   ---
2026-10-09T04:42:48.1280919Z   duration_ms: 3.133006
2026-10-09T04:42:48.1281295Z   type: 'test'
2026-10-09T04:42:48.1281612Z   ...
2026-10-09T04:42:48.1283390Z # {"frameWindow":"READY","profile":"desktop","sourceSha256":"aaaaaaaaaaaaaaaaaaaaaaaaaaaaaaaaaaaaaaaaaaaaaaaaaaaaaaaaaaaaaaaa","attemptNonce":"93270059-9470-419b-b16c-f09f3e0bb132","utc":"2026-10-09T04:39:24.558Z"}
2026-10-09T04:42:48.1286033Z # {"frameWindow":"CLOSED","profile":"desktop","sourceSha256":"aaaaaaaaaaaaaaaaaaaaaaaaaaaaaaaaaaaaaaaaaaaaaaaaaaaaaaaaaaaaaaaa","attemptNonce":"93270059-9470-419b-b16c-f09f3e0bb132","coordination":"root-granted","readyUtc":"2026-10-09T04:39:24.558Z","grantUtc":"2026-10-09T04:39:25.564Z","status":"closed","utc":"2026-10-09T04:39:25.565Z"}
2026-10-09T04:42:48.1289185Z # {"frameWindow":"READY","profile":"desktop","sourceSha256":"aaaaaaaaaaaaaaaaaaaaaaaaaaaaaaaaaaaaaaaaaaaaaaaaaaaaaaaaaaaaaaaa","attemptNonce":"7e7a3e73-5257-453d-805f-4bb6c4a2e69f","utc":"2026-10-09T04:39:25.566Z"}
2026-10-09T04:42:48.1293634Z # {"frameWindow":"CLOSED","profile":"desktop","sourceSha256":"aaaaaaaaaaaaaaaaaaaaaaaaaaaaaaaaaaaaaaaaaaaaaaaaaaaaaaaaaaaaaaaa","attemptNonce":"7e7a3e73-5257-453d-805f-4bb6c4a2e69f","coordination":"root-granted","readyUtc":"2026-10-09T04:39:25.566Z","grantUtc":"2026-10-09T04:39:25.767Z","status":"closed","utc":"2026-10-09T04:39:25.767Z"}
2026-10-09T04:42:48.1296755Z # {"actualGrantCorruptionControls":10,"sequentialAttempts":2}
2026-10-09T04:42:48.1299522Z # {"frameWindow":"READY","profile":"desktop","sourceSha256":"aaaaaaaaaaaaaaaaaaaaaaaaaaaaaaaaaaaaaaaaaaaaaaaaaaaaaaaaaaaaaaaa","attemptNonce":"0cef15e9-84f8-4e8c-9394-f668699286de","utc":"2026-10-09T04:39:25.770Z"}
2026-10-09T04:42:48.1301883Z # Subtest: actual temporary grants reject stale nonce/source/profile and malformed or extra fields
2026-10-09T04:42:48.1303367Z ok 29 - actual temporary grants reject stale nonce/source/profile and malformed or extra fields
2026-10-09T04:42:48.1304208Z   ---
2026-10-09T04:42:48.1304566Z   duration_ms: 1212.664526
2026-10-09T04:42:48.1305002Z   type: 'test'
2026-10-09T04:42:48.1305355Z   ...
2026-10-09T04:42:48.1308846Z # {"frameWindow":"CLOSED","profile":"desktop","sourceSha256":"aaaaaaaaaaaaaaaaaaaaaaaaaaaaaaaaaaaaaaaaaaaaaaaaaaaaaaaaaaaaaaaa","attemptNonce":"0cef15e9-84f8-4e8c-9394-f668699286de","coordination":"root-granted","readyUtc":"2026-10-09T04:39:25.770Z","grantUtc":null,"status":"failed","reason":"matching grant timed out","utc":"2026-10-09T04:39:25.970Z"}
2026-10-09T04:42:48.1312323Z # Subtest: actual missing grant fails and writes CLOSED; no configured barrier returns an explicit uncoordinated identity
2026-10-09T04:42:48.1314127Z ok 30 - actual missing grant fails and writes CLOSED; no configured barrier returns an explicit uncoordinated identity
2026-10-09T04:42:48.1315039Z   ---
2026-10-09T04:42:48.1315262Z   duration_ms: 202.054052
2026-10-09T04:42:48.1315499Z   type: 'test'
2026-10-09T04:42:48.1315693Z   ...
2026-10-09T04:42:48.1316547Z # {"suite":"preexisting-gin-draw-matrix","cases":6912,"actualLegalDrawPhaseRoutes":true,"skills":3,"variants":2,"counts":[2,3,4],"suits":4,"endpoints":2,"clockSettings":[0,10]}
2026-10-09T04:42:48.1318919Z # {"suite":"preexisting-gin-hidden-defenders","cases":1000,"choices":3000,"sha256":"2e50741934f3e2fc8cdb29eb066c29fe991f8fc1a2cd24123969b3121ec98db8"}
2026-10-09T04:42:48.1320735Z # {"suite":"preexisting-gin-draw-boundaries","controls":90}
2026-10-09T04:42:48.1322199Z # {"suite":"preexisting-gin-measured-gain","immediatePoints":31,"priorPassRoutePoints":20,"gain":11}
2026-10-09T04:42:48.1323824Z # Subtest: all skills take a guaranteed finishing discard even when ten-card deadwood is already zero
2026-10-09T04:42:48.1325544Z ok 31 - all skills take a guaranteed finishing discard even when ten-card deadwood is already zero
2026-10-09T04:42:48.1326699Z   ---
2026-10-09T04:42:48.1327400Z   duration_ms: 4866.407972
2026-10-09T04:42:48.1327914Z   type: 'test'
2026-10-09T04:42:48.1328528Z   ...
2026-10-09T04:42:48.1342249Z # Subtest: 1000 hidden defender completions keep the same guaranteed choice and exact independent finishing score
2026-10-09T04:42:48.1343969Z ok 32 - 1000 hidden defender completions keep the same guaranteed choice and exact independent finishing score
2026-10-09T04:42:48.1344909Z   ---
2026-10-09T04:42:48.1345277Z   duration_ms: 1214.836068
2026-10-09T04:42:48.1345700Z   type: 'test'
2026-10-09T04:42:48.1346046Z   ...
2026-10-09T04:42:48.1347400Z # Subtest: forced stock, unavailable actors, pause and non-finishing discards retain the original legal boundaries
2026-10-09T04:42:48.1349108Z ok 33 - forced stock, unavailable actors, pause and non-finishing discards retain the original legal boundaries
2026-10-09T04:42:48.1350122Z   ---
2026-10-09T04:42:48.1350485Z   duration_ms: 17.714599
2026-10-09T04:42:48.1350896Z   type: 'test'
2026-10-09T04:42:48.1351234Z   ...
2026-10-09T04:42:48.1352128Z # Subtest: the reproduced opening takes 31-point Big Gin instead of passing into a 20-point Gin
2026-10-09T04:42:48.1353454Z ok 34 - the reproduced opening takes 31-point Big Gin instead of passing into a 20-point Gin
2026-10-09T04:42:48.1354197Z   ---
2026-10-09T04:42:48.1354529Z   duration_ms: 1.977407
2026-10-09T04:42:48.1354900Z   type: 'test'
2026-10-09T04:42:48.1355225Z   ...
2026-10-09T04:42:48.1356011Z # {"suite":"strong-guaranteed-gin","cases":72,"knownClassicPoints":22}
2026-10-09T04:42:48.1357512Z # {"suite":"gin-actual-score-dominance","defenders":1000,"ordinaryComparisons":6904,"minGain":21,"sha256":"d57bb9977c2b677288f79cc4dae664d82a2d9bf8316ccc658f30362fdc3130d5"}
2026-10-09T04:42:48.1359193Z # {"suite":"gin-policy-boundaries","forbiddenCases":52,"bigGinCases":12}
2026-10-09T04:42:48.1360468Z # Subtest: Strong takes guaranteed Gin despite public discard danger in every edition/profile/rotation
2026-10-09T04:42:48.1361551Z ok 35 - Strong takes guaranteed Gin despite public discard danger in every edition/profile/rotation
2026-10-09T04:42:48.1362030Z   ---
2026-10-09T04:42:48.1362235Z   duration_ms: 96.836778
2026-10-09T04:42:48.1362469Z   type: 'test'
2026-10-09T04:42:48.1362666Z   ...
2026-10-09T04:42:48.1363182Z # Subtest: actual Gin scoring dominates every legal ordinary knock against 1000 disjoint hidden defenders
2026-10-09T04:42:48.1363975Z ok 36 - actual Gin scoring dominates every legal ordinary knock against 1000 disjoint hidden defenders
2026-10-09T04:42:48.1364446Z   ---
2026-10-09T04:42:48.1364645Z   duration_ms: 2940.146251
2026-10-09T04:42:48.1364882Z   type: 'test'
2026-10-09T04:42:48.1365074Z   ...
2026-10-09T04:42:48.1365597Z # Subtest: Gin priority respects immediate-return prohibition and preserves the existing Big Gin branch
2026-10-09T04:42:48.1366407Z ok 37 - Gin priority respects immediate-return prohibition and preserves the existing Big Gin branch
2026-10-09T04:42:48.1367012Z   ---
2026-10-09T04:42:48.1367266Z   duration_ms: 24.102706
2026-10-09T04:42:48.1367695Z   type: 'test'
2026-10-09T04:42:48.1368013Z   ...
2026-10-09T04:42:48.1368872Z # {"suite":"non-gin-policy-byte-equivalence","states":10000,"decisions":30000,"baselineHead":"72d0f3f4ad4f6b70a8ac6b0ed81121300aa54c1f"}
2026-10-09T04:42:48.1369685Z # Subtest: all 30000 non-Gin bot choices retain the accepted pre-repair behavior
2026-10-09T04:42:48.1370278Z ok 38 - all 30000 non-Gin bot choices retain the accepted pre-repair behavior
2026-10-09T04:42:48.1370658Z   ---
2026-10-09T04:42:48.1370846Z   duration_ms: 3475.228363
2026-10-09T04:42:48.1371072Z   type: 'test'
2026-10-09T04:42:48.1371262Z   ...
2026-10-09T04:42:48.1372197Z # {"suite":"initial-presence-exhaustive","cases":336,"connectionMasks":"all","counts":[2,3,4],"variants":["standard","oklahoma"],"clocks":[0,10]}
2026-10-09T04:42:48.1373113Z # {"suite":"initial-presence-seeded","cases":1000}
2026-10-09T04:42:48.1373700Z # Subtest: known initial presence is handled before either player needs to send an event
2026-10-09T04:42:48.1374400Z ok 39 - known initial presence is handled before either player needs to send an event
2026-10-09T04:42:48.1374837Z   ---
2026-10-09T04:42:48.1375055Z   duration_ms: 393.866213
2026-10-09T04:42:48.1375326Z   type: 'test'
2026-10-09T04:42:48.1375522Z   ...
2026-10-09T04:42:48.1376067Z # Subtest: 1000 seeded initial presence patterns are playable or paused without a duplicate drop event
2026-10-09T04:42:48.1377256Z ok 40 - 1000 seeded initial presence patterns are playable or paused without a duplicate drop event
2026-10-09T04:42:48.1377838Z   ---
2026-10-09T04:42:48.1378063Z   duration_ms: 457.543357
2026-10-09T04:42:48.1378305Z   type: 'test'
2026-10-09T04:42:48.1378517Z   ...
2026-10-09T04:42:48.1379195Z # {"suite":"connected-initialization-byte-equivalence","cases":6000,"baselineHead":"d5fbb39746f8f7900bee57506e8133e8675f48ed"}
2026-10-09T04:42:48.1380101Z # Subtest: all-connected opening states retain the exact 6000 pre-repair JSON states
2026-10-09T04:42:48.1380819Z ok 41 - all-connected opening states retain the exact 6000 pre-repair JSON states
2026-10-09T04:42:48.1381229Z   ---
2026-10-09T04:42:48.1381450Z   duration_ms: 111.810019
2026-10-09T04:42:48.1381737Z   type: 'test'
2026-10-09T04:42:48.1381950Z   ...
2026-10-09T04:42:48.1382627Z # {"suite":"joint-layoff-proof","hands":2000,"twoTarget":1000,"threeTarget":1000,"seed":816777,"checksum":102460,"actualLaidCards":1534}
2026-10-09T04:42:48.1383550Z # Subtest: 2000 independent joint meld/layoff weighted packings including chained extensions
2026-10-09T04:42:48.1384456Z ok 42 - 2000 independent joint meld/layoff weighted packings including chained extensions
2026-10-09T04:42:48.1384914Z   ---
2026-10-09T04:42:48.1385110Z   duration_ms: 6792.34566
2026-10-09T04:42:48.1385356Z   type: 'test'
2026-10-09T04:42:48.1385561Z   ...
2026-10-09T04:42:48.1386053Z # {"suite":"opening-pass-attribution","directPassCases":360,"editions":2,"counts":[2,3,4]}
2026-10-09T04:42:48.1386951Z # {"suite":"pass-valid-ids","cases":240,"ids":["","__proto__","constructor","last"]}
2026-10-09T04:42:48.1387558Z # {"suite":"automatic-pass-attribution","routes":["timer","vip","player"]}
2026-10-09T04:42:48.1388264Z # Subtest: both opening passes identify their actual actors across counts, editions and seeds
2026-10-09T04:42:48.1389145Z ok 43 - both opening passes identify their actual actors across counts, editions and seeds
2026-10-09T04:42:48.1389987Z   ---
2026-10-09T04:42:48.1390247Z   duration_ms: 119.28082
2026-10-09T04:42:48.1390536Z   type: 'test'
2026-10-09T04:42:48.1390863Z   ...
2026-10-09T04:42:48.1391361Z # Subtest: empty and prototype-shaped original IDs retain pass attribution as own keys
2026-10-09T04:42:48.1392183Z ok 44 - empty and prototype-shaped original IDs retain pass attribution as own keys
2026-10-09T04:42:48.1392604Z   ---
2026-10-09T04:42:48.1392800Z   duration_ms: 54.68949
2026-10-09T04:42:48.1393032Z   type: 'test'
2026-10-09T04:42:48.1393235Z   ...
2026-10-09T04:42:48.1393661Z # Subtest: timer, VIP skip and absent-seat automation identify the automatic passer
2026-10-09T04:42:48.1394278Z ok 45 - timer, VIP skip and absent-seat automation identify the automatic passer
2026-10-09T04:42:48.1394667Z   ---
2026-10-09T04:42:48.1394853Z   duration_ms: 2.30715
2026-10-09T04:42:48.1395070Z   type: 'test'
2026-10-09T04:42:48.1395257Z   ...
2026-10-09T04:42:48.1395731Z # Subtest: first raw target winner keeps the crown even when final box settlement reverses points
2026-10-09T04:42:48.1396450Z ok 46 - first raw target winner keeps the crown even when final box settlement reverses points
2026-10-09T04:42:48.1397196Z   ---
2026-10-09T04:42:48.1397411Z   duration_ms: 12.063842
2026-10-09T04:42:48.1397645Z   type: 'test'
2026-10-09T04:42:48.1397835Z   ...
2026-10-09T04:42:48.1398297Z # Subtest: every valid string ID, including empty, wins, earns bonuses and stays in rotation
2026-10-09T04:42:48.1399154Z ok 47 - every valid string ID, including empty, wins, earns bonuses and stays in rotation
2026-10-09T04:42:48.1399586Z   ---
2026-10-09T04:42:48.1399790Z   duration_ms: 19.949824
2026-10-09T04:42:48.1400010Z   type: 'test'
2026-10-09T04:42:48.1400196Z   ...
2026-10-09T04:42:48.1400647Z # Subtest: malformed identity metadata cannot coerce a registered ID, throw or reveal a hand
2026-10-09T04:42:48.1401337Z ok 48 - malformed identity metadata cannot coerce a registered ID, throw or reveal a hand
2026-10-09T04:42:48.1401758Z   ---
2026-10-09T04:42:48.1401945Z   duration_ms: 1.955526
2026-10-09T04:42:48.1402165Z   type: 'test'
2026-10-09T04:42:48.1402391Z   ...
2026-10-09T04:42:48.1402789Z # Subtest: early end preserves earned raw points and reports current standings
2026-10-09T04:42:48.1403391Z ok 49 - early end preserves earned raw points and reports current standings
2026-10-09T04:42:48.1403759Z   ---
2026-10-09T04:42:48.1403946Z   duration_ms: 0.756176
2026-10-09T04:42:48.1404164Z   type: 'test'
2026-10-09T04:42:48.1404349Z   ...
2026-10-09T04:42:48.1404646Z # Subtest: aces low, set cardinality, runs and overlap
2026-10-09T04:42:48.1405050Z ok 50 - aces low, set cardinality, runs and overlap
2026-10-09T04:42:48.1405343Z   ---
2026-10-09T04:42:48.1405526Z   duration_ms: 3.647142
2026-10-09T04:42:48.1405740Z   type: 'test'
2026-10-09T04:42:48.1405932Z   ...
2026-10-09T04:42:48.1406420Z # Subtest: joint meld/layoff optimizer finds chains and forbids gin/deadwood/four-card layoffs
2026-10-09T04:42:48.1407382Z ok 51 - joint meld/layoff optimizer finds chains and forbids gin/deadwood/four-card layoffs
2026-10-09T04:42:48.1407964Z   ---
2026-10-09T04:42:48.1408150Z   duration_ms: 3.600565
2026-10-09T04:42:48.1408365Z   type: 'test'
2026-10-09T04:42:48.1408553Z   ...
2026-10-09T04:42:48.1408962Z # Subtest: every score formula, tie undercut and spade whole-hand doubling
2026-10-09T04:42:48.1409510Z ok 52 - every score formula, tie undercut and spade whole-hand doubling
2026-10-09T04:42:48.1409858Z   ---
2026-10-09T04:42:48.1410054Z   duration_ms: 2.831615
2026-10-09T04:42:48.1410266Z   type: 'test'
2026-10-09T04:42:48.1410450Z   ...
2026-10-09T04:42:48.1410926Z # Subtest: opening offers, forced stock, exact immediate-return restriction, stock draw boundary
2026-10-09T04:42:48.1411645Z ok 53 - opening offers, forced stock, exact immediate-return restriction, stock draw boundary
2026-10-09T04:42:48.1412077Z   ---
2026-10-09T04:42:48.1412271Z   duration_ms: 22.171486
2026-10-09T04:42:48.1412488Z   type: 'test'
2026-10-09T04:42:48.1412681Z   ...
2026-10-09T04:42:48.1413090Z # Subtest: Oklahoma limits / ace / spade configurations from all 52 initial upcards
2026-10-09T04:42:48.1413706Z ok 54 - Oklahoma limits / ace / spade configurations from all 52 initial upcards
2026-10-09T04:42:48.1414093Z   ---
2026-10-09T04:42:48.1414279Z   duration_ms: 28.454608
2026-10-09T04:42:48.1414500Z   type: 'test'
2026-10-09T04:42:48.1414688Z   ...
2026-10-09T04:42:48.1415173Z # Subtest: pause, resume, stale/early timer, spectators, malformed input, late leaver, explicit end
2026-10-09T04:42:48.1415910Z ok 55 - pause, resume, stale/early timer, spectators, malformed input, late leaver, explicit end
2026-10-09T04:42:48.1416353Z   ---
2026-10-09T04:42:48.1416538Z   duration_ms: 2.502172
2026-10-09T04:42:48.1416774Z   type: 'test'
2026-10-09T04:42:48.1417327Z   ...
2026-10-09T04:42:48.1417813Z # Subtest: all required roster settings, default sanitization, exact phase fixtures and manifest
2026-10-09T04:42:48.1418533Z ok 56 - all required roster settings, default sanitization, exact phase fixtures and manifest
2026-10-09T04:42:48.1419151Z   ---
2026-10-09T04:42:48.1419370Z   duration_ms: 129.498068
2026-10-09T04:42:48.1419596Z   type: 'test'
2026-10-09T04:42:48.1419783Z   ...
2026-10-09T04:42:48.1420139Z # {"syntheticGuardCorruptionsRejected":175,"guardedSources":35}
2026-10-09T04:42:48.1420989Z # Subtest: synthetic positive control covers full identities, native timestamps, all hand witnesses and clips
2026-10-09T04:42:48.1422055Z ok 57 - synthetic positive control covers full identities, native timestamps, all hand witnesses and clips
2026-10-09T04:42:48.1422555Z   ---
2026-10-09T04:42:48.1422746Z   duration_ms: 10.292538
2026-10-09T04:42:48.1422968Z   type: 'test'
2026-10-09T04:42:48.1423158Z   ...
2026-10-09T04:42:48.1423632Z # Subtest: every guarded source and each start/end inventory entry rejects a stale hash or omission
2026-10-09T04:42:48.1424359Z ok 58 - every guarded source and each start/end inventory entry rejects a stale hash or omission
2026-10-09T04:42:48.1424790Z   ---
2026-10-09T04:42:48.1424976Z   duration_ms: 198.467519
2026-10-09T04:42:48.1425198Z   type: 'test'
2026-10-09T04:42:48.1425386Z   ...
2026-10-09T04:42:48.1425892Z # Subtest: wrong attempt/profile/page/transport/throttle, filtered samples and fake native clocks fail
2026-10-09T04:42:48.1426671Z ok 59 - wrong attempt/profile/page/transport/throttle, filtered samples and fake native clocks fail
2026-10-09T04:42:48.1427411Z   ---
2026-10-09T04:42:48.1427622Z   duration_ms: 20.343443
2026-10-09T04:42:48.1427856Z   type: 'test'
2026-10-09T04:42:48.1428051Z   ...
2026-10-09T04:42:48.1428579Z # Subtest: missing/invalid timestamp, raw interval or active-frame witness fails despite good summaries
2026-10-09T04:42:48.1429371Z ok 60 - missing/invalid timestamp, raw interval or active-frame witness fails despite good summaries
2026-10-09T04:42:48.1429830Z   ---
2026-10-09T04:42:48.1430025Z   duration_ms: 13.59672
2026-10-09T04:42:48.1430247Z   type: 'test'
2026-10-09T04:42:48.1430433Z   ...
2026-10-09T04:42:48.1430910Z # Subtest: all statistics are recomputed and an honestly reported long interval fails the fixed gate
2026-10-09T04:42:48.1431797Z ok 61 - all statistics are recomputed and an honestly reported long interval fails the fixed gate
2026-10-09T04:42:48.1432230Z   ---
2026-10-09T04:42:48.1432417Z   duration_ms: 8.739418
2026-10-09T04:42:48.1432638Z   type: 'test'
2026-10-09T04:42:48.1432823Z   ...
2026-10-09T04:42:48.1433314Z # Subtest: failed runs, mislabeled clips, altered bytes, outsize media and network/errors are rejected
2026-10-09T04:42:48.1434062Z ok 62 - failed runs, mislabeled clips, altered bytes, outsize media and network/errors are rejected
2026-10-09T04:42:48.1434510Z   ---
2026-10-09T04:42:48.1434699Z   duration_ms: 30.353274
2026-10-09T04:42:48.1434926Z   type: 'test'
2026-10-09T04:42:48.1435110Z   ...
2026-10-09T04:42:48.1435468Z # Subtest: same-timestamp turns cannot share timer instance identity
2026-10-09T04:42:48.1435983Z ok 63 - same-timestamp turns cannot share timer instance identity
2026-10-09T04:42:48.1436317Z   ---
2026-10-09T04:42:48.1436504Z   duration_ms: 12.636944
2026-10-09T04:42:48.1436726Z   type: 'test'
2026-10-09T04:42:48.1437315Z   ...
2026-10-09T04:42:48.1437522Z 1..63
2026-10-09T04:42:48.1437704Z # tests 63
2026-10-09T04:42:48.1437903Z # suites 0
2026-10-09T04:42:48.1438087Z # pass 59
2026-10-09T04:42:48.1438266Z # fail 4
2026-10-09T04:42:48.1438450Z # cancelled 0
2026-10-09T04:42:48.1438652Z # skipped 0
2026-10-09T04:42:48.1438834Z # todo 0
2026-10-09T04:42:48.1439047Z # duration_ms 214040.795151
2026-10-09T04:42:48.1488339Z ##[error]Process completed with exit code 1.
2026-10-09T04:42:48.1575098Z ##[group]Run actions/upload-artifact@v4
2026-10-09T04:42:48.1575405Z with:
2026-10-09T04:42:48.1575611Z   name: G02-browser-evidence
2026-10-09T04:42:48.1577747Z   path: jobs/G02-gin-rummy/.work/browser/*-frames.json
jobs/G02-gin-rummy/.work/browser/report.json
jobs/G02-gin-rummy/.work/browser/captures.json
jobs/G02-gin-rummy/.work/browser/ci-current-*.webm
jobs/G02-gin-rummy/.work/clock-after.json
jobs/G02-gin-rummy/.work/custom-meld-after.json
jobs/G02-gin-rummy/.work/results-after.json
jobs/G02-gin-rummy/.work/name-check.json
jobs/G02-gin-rummy/media/strict-reverify-1900-*.webm
jobs/G02-gin-rummy/evidence/resume-20261008/strict-reverify-1900-captures.json

2026-10-09T04:42:48.1579660Z   include-hidden-files: true
2026-10-09T04:42:48.1579912Z   if-no-files-found: warn
2026-10-09T04:42:48.1580143Z   compression-level: 6
2026-10-09T04:42:48.1580359Z   overwrite: false
2026-10-09T04:42:48.1580574Z ##[endgroup]
2026-10-09T04:42:48.3302916Z (node:3616) [DEP0040] DeprecationWarning: The `punycode` module is deprecated. Please use a userland alternative instead.
2026-10-09T04:42:48.3304563Z (Use `node --trace-deprecation ...` to show where the warning was created)
2026-10-09T04:42:48.3509792Z Multiple search paths detected. Calculating the least common ancestor of all paths
2026-10-09T04:42:48.3515538Z The least common ancestor is /home/runner/work/partybox-game-cores/partybox-game-cores/jobs/G02-gin-rummy. This will be the root directory of the artifact
2026-10-09T04:42:48.3517442Z With the provided path, there will be 3 files uploaded
2026-10-09T04:42:48.3537596Z Artifact name is valid!
2026-10-09T04:42:48.3538353Z Root directory input is valid!
2026-10-09T04:42:48.5487516Z Beginning upload of artifact content to blob storage
2026-10-09T04:42:48.6101221Z (node:3616) [DEP0169] DeprecationWarning: `url.parse()` behavior is not standardized and prone to errors that have security implications. Use the WHATWG URL API instead. CVEs are not issued for `url.parse()` vulnerabilities.
2026-10-09T04:42:48.6662740Z Uploaded bytes 1015714
2026-10-09T04:42:48.6816670Z Finished uploading artifact content to blob storage!
2026-10-09T04:42:48.6818239Z SHA256 digest of uploaded artifact zip is 3c00e41259f1e1a924183fbc1b8c90cd0cb86ff5ba414c99550a6c89477cdf5a
2026-10-09T04:42:48.6820248Z Finalizing artifact upload
2026-10-09T04:42:48.8911976Z Artifact G02-browser-evidence.zip successfully finalized. Artifact ID 11596092323
2026-10-09T04:42:48.8912898Z Artifact G02-browser-evidence has been successfully uploaded! Final size is 1015714 bytes. Artifact ID is 11596092323
2026-10-09T04:42:48.8920942Z Artifact download URL: https://github.com/luisitin/partybox-game-cores/actions/runs/37884838261/artifacts/11596092323
2026-10-09T04:42:48.9125414Z Post job cleanup.
2026-10-09T04:42:49.0017006Z [command]/usr/bin/git version
2026-10-09T04:42:49.0075905Z git version 2.55.0
2026-10-09T04:42:49.0125991Z Temporarily overriding HOME='/home/runner/work/_temp/ae58a51d-ade5-40d7-b4d5-d8096cc625d9' before making global git config changes
2026-10-09T04:42:49.0127950Z Adding repository directory to the temporary git global config as a safe directory
2026-10-09T04:42:49.0158414Z [command]/usr/bin/git config --global --add safe.directory /home/runner/work/partybox-game-cores/partybox-game-cores
2026-10-09T04:42:49.0201740Z [command]/usr/bin/git config --local --name-only --get-regexp core\.sshCommand
2026-10-09T04:42:49.0238201Z [command]/usr/bin/git submodule foreach --recursive sh -c "git config --local --name-only --get-regexp 'core\.sshCommand' && git config --local --unset-all 'core.sshCommand' || :"
2026-10-09T04:42:49.0526461Z [command]/usr/bin/git config --local --name-only --get-regexp http\.https\:\/\/github\.com\/\.extraheader
2026-10-09T04:42:49.0555498Z http.https://github.com/.extraheader
2026-10-09T04:42:49.0569136Z [command]/usr/bin/git config --local --unset-all http.https://github.com/.extraheader
2026-10-09T04:42:49.0610676Z [command]/usr/bin/git submodule foreach --recursive sh -c "git config --local --name-only --get-regexp 'http\.https\:\/\/github\.com\/\.extraheader' && git config --local --unset-all 'http.https://github.com/.extraheader' || :"
2026-10-09T04:42:49.0879668Z [command]/usr/bin/git config --local --name-only --get-regexp ^includeIf\.gitdir:
2026-10-09T04:42:49.0931048Z [command]/usr/bin/git submodule foreach --recursive git config --local --show-origin --name-only --get-regexp remote.origin.url
2026-10-09T04:42:49.1324023Z Cleaning up orphan processes
2026-10-09T04:42:49.1701375Z ##[warning]Node.js 20 is deprecated. The following actions target Node.js 20 but are being forced to run on Node.js 24: actions/checkout@v4, actions/setup-node@v4, actions/upload-artifact@v4. For more information see: https://github.blog/changelog/2025-09-19-deprecation-of-node-20-on-github-actions-runners/
