{"suite":"all-phases","phases":6,"cases":408}
✔ every event family, roster id and bot skill in every delivered phase (50.154976ms)
✔ registered prototype-looking ids remain valid players and finite result keys (4.396449ms)
{"suite":"batch-discard-proof","hands":1000,"outcomes":10500,"exactLayouts":true}
✔ 10500 batch outcomes retain exact standalone layouts and independent minima (5681.877608ms)
{"suite":"boundary-fuzz","seed":912701,"invalidInputs":1000,"phases":6,"rejectedInputs":6000,"metadataChecks":282,"viewChecks":66}
✔ 1000 seeded invalid JSON inputs and malformed event/identity metadata in every phase (39.5643ms)
{"suite":"mixed-event-replay","phaseStarts":6,"seedsPerPhase":100,"transitions":48000,"changed":12742,"eventFamilies":["input","player","speech","speechStart","timer","vip"]}
✔ mixed event families replay through JSON after every transition from every phase (13728.86713ms)
✔ branching target ends retain exact minima, legal chains, layouts and all cards (48.740692ms)
✖ current source-bound raw proof passes without discarding its largest interval (3.271082ms)
✔ a refreshed inventory cannot accept stale browser or recording source hashes (13.700779ms)
✖ changed end guards and failed snapshots are rejected (3.12905ms)
✔ missing, altered and invalid raw intervals cannot be hidden by good summary fields (7.305791ms)
✖ reported statistics are recomputed from all retained intervals (2.63846ms)
✖ an honestly recomputed slow raw sample still fails the original frame gate (2.59773ms)
✔ profile dimensions, CPU rates and encoder separation must remain truthful (7.434523ms)
✔ changed, oversized and falsely labeled recordings are rejected (7.863664ms)
✔ actual capture CLI refuses invalid tags and existing media/report before any browser launch (857.381913ms)
✔ meld validation rejects impossible card IDs while preserving legitimate edge runs/sets (1.23651ms)
{"suite":"bot-contract","variant":"standard","players":2,"games":1000,"replays":1000,"totalEvents":261076,"maxEvents":612,"replayChecks":261076,"comparison":"every-event SHA256 and bytes; JSON-roundtrip replay"}
{"suite":"bot-contract","variant":"standard","players":3,"games":1000,"replays":1000,"totalEvents":286054,"maxEvents":775,"replayChecks":286054,"comparison":"every-event SHA256 and bytes; JSON-roundtrip replay"}
{"suite":"bot-contract","variant":"standard","players":4,"games":1000,"replays":1000,"totalEvents":343986,"maxEvents":825,"replayChecks":343986,"comparison":"every-event SHA256 and bytes; JSON-roundtrip replay"}
{"suite":"bot-contract","variant":"oklahoma","players":2,"games":1000,"replays":1000,"totalEvents":256417,"maxEvents":755,"replayChecks":256417,"comparison":"every-event SHA256 and bytes; JSON-roundtrip replay"}
{"suite":"bot-contract","variant":"oklahoma","players":3,"games":1000,"replays":1000,"totalEvents":269238,"maxEvents":812,"replayChecks":269238,"comparison":"every-event SHA256 and bytes; JSON-roundtrip replay"}
{"suite":"bot-contract","variant":"oklahoma","players":4,"games":1000,"replays":1000,"totalEvents":316463,"maxEvents":929,"replayChecks":316463,"comparison":"every-event SHA256 and bytes; JSON-roundtrip replay"}
{"suite":"properties","seeds":1003,"events":420546}
{"suite":"secrecy","comparisons":7925}
✔ 1000 finished seeded bot games at EACH valid count/edition, hash replay after EVERY event (270161.049376ms)
✔ property seeds 1,2,3 plus 1000 random seeds: adversarial event sequences and immutability (14551.615493ms)
✔ hidden-card/order perturbations never change TV, another controller or bot decisions (5492.478303ms)
✔ idle/no-clock matches remain until explicit end, every phase can exit via VIP (30.844702ms)
{"suite":"departures","initialCases":1000,"completeMatches":120,"events":17184,"maxAutomatedTransitions":75}
✔ departures in every live phase finish the absent turn without exposing its hand (22.374462ms)
✔ 1000 departure/drop cases and 120 full matches never leave an absent seat blocking play (6106.538723ms)
✔ empty rooms pause, reconnect resumes only an automatic pause, and permanent leaves cannot rejoin (1.296447ms)
✔ departures during VIP pause drain only on resume; malformed control events do nothing (0.582238ms)
{"suite":"deadwood-proof","hands":10000,"tenCard":5000,"elevenCard":5000,"seed":20261008,"checksum":584788}
✔ independent exhaustive meld-subset packing proves 10000 exact minima (7573.159012ms)
✔ actual Big Gin reducer keeps eleven cards, rejects disabled/incomplete claims and prevents layoffs (11.20443ms)
✔ actual Gin/normal knock phases, custom layout rejection, match completion and Oklahoma boxes (9.551747ms)
✔ winner-stays queue for every rotation size, drawn hand retains seats, each dealer setting (2.418279ms)
{"frameWindow":"READY","profile":"desktop","sourceSha256":"aaaaaaaaaaaaaaaaaaaaaaaaaaaaaaaaaaaaaaaaaaaaaaaaaaaaaaaaaaaaaaaa","attemptNonce":"786db590-121a-4a25-ac59-380d6ddf069a","utc":"2026-10-09T03:46:13.775Z"}
{"frameWindow":"CLOSED","profile":"desktop","sourceSha256":"aaaaaaaaaaaaaaaaaaaaaaaaaaaaaaaaaaaaaaaaaaaaaaaaaaaaaaaaaaaaaaaa","attemptNonce":"786db590-121a-4a25-ac59-380d6ddf069a","coordination":"root-granted","readyUtc":"2026-10-09T03:46:13.775Z","grantUtc":"2026-10-09T03:46:14.782Z","status":"closed","utc":"2026-10-09T03:46:14.783Z"}
{"frameWindow":"READY","profile":"desktop","sourceSha256":"aaaaaaaaaaaaaaaaaaaaaaaaaaaaaaaaaaaaaaaaaaaaaaaaaaaaaaaaaaaaaaaa","attemptNonce":"66c816f2-f674-4f6b-a367-eef90cc6c011","utc":"2026-10-09T03:46:14.784Z"}
{"frameWindow":"CLOSED","profile":"desktop","sourceSha256":"aaaaaaaaaaaaaaaaaaaaaaaaaaaaaaaaaaaaaaaaaaaaaaaaaaaaaaaaaaaaaaaa","attemptNonce":"66c816f2-f674-4f6b-a367-eef90cc6c011","coordination":"root-granted","readyUtc":"2026-10-09T03:46:14.784Z","grantUtc":"2026-10-09T03:46:14.985Z","status":"closed","utc":"2026-10-09T03:46:14.985Z"}
{"actualGrantCorruptionControls":10,"sequentialAttempts":2}
{"frameWindow":"READY","profile":"desktop","sourceSha256":"aaaaaaaaaaaaaaaaaaaaaaaaaaaaaaaaaaaaaaaaaaaaaaaaaaaaaaaaaaaaaaaa","attemptNonce":"96c18915-daca-4b5c-baa5-d632e2987c2a","utc":"2026-10-09T03:46:14.988Z"}
✔ actual temporary grants reject stale nonce/source/profile and malformed or extra fields (1213.567938ms)
{"frameWindow":"CLOSED","profile":"desktop","sourceSha256":"aaaaaaaaaaaaaaaaaaaaaaaaaaaaaaaaaaaaaaaaaaaaaaaaaaaaaaaaaaaaaaaa","attemptNonce":"96c18915-daca-4b5c-baa5-d632e2987c2a","coordination":"root-granted","readyUtc":"2026-10-09T03:46:14.988Z","grantUtc":null,"status":"failed","reason":"matching grant timed out","utc":"2026-10-09T03:46:15.088Z"}
✔ actual missing grant fails and writes CLOSED; no configured barrier returns an explicit uncoordinated identity (102.250217ms)
{"suite":"strong-guaranteed-gin","cases":72,"knownClassicPoints":22}
{"suite":"gin-actual-score-dominance","defenders":1000,"ordinaryComparisons":6904,"minGain":21,"sha256":"d57bb9977c2b677288f79cc4dae664d82a2d9bf8316ccc658f30362fdc3130d5"}
{"suite":"gin-policy-boundaries","forbiddenCases":52,"bigGinCases":12}
✔ Strong takes guaranteed Gin despite public discard danger in every edition/profile/rotation (63.86495ms)
✔ actual Gin scoring dominates every legal ordinary knock against 1000 disjoint hidden defenders (2461.778001ms)
✔ Gin priority respects immediate-return prohibition and preserves the existing Big Gin branch (15.672369ms)
{"suite":"non-gin-policy-byte-equivalence","states":10000,"decisions":30000,"baselineHead":"72d0f3f4ad4f6b70a8ac6b0ed81121300aa54c1f"}
✔ all 30000 non-Gin bot choices retain the accepted pre-repair behavior (2537.017054ms)
{"suite":"initial-presence-exhaustive","cases":336,"connectionMasks":"all","counts":[2,3,4],"variants":["standard","oklahoma"],"clocks":[0,10]}
{"suite":"initial-presence-seeded","cases":1000}
✔ known initial presence is handled before either player needs to send an event (260.734668ms)
✔ 1000 seeded initial presence patterns are playable or paused without a duplicate drop event (309.588225ms)
{"suite":"connected-initialization-byte-equivalence","cases":6000,"baselineHead":"d5fbb39746f8f7900bee57506e8133e8675f48ed"}
✔ all-connected opening states retain the exact 6000 pre-repair JSON states (140.041912ms)
{"suite":"joint-layoff-proof","hands":2000,"twoTarget":1000,"threeTarget":1000,"seed":816777,"checksum":102460,"actualLaidCards":1534}
✔ 2000 independent joint meld/layoff weighted packings including chained extensions (5246.994865ms)
{"suite":"opening-pass-attribution","directPassCases":360,"editions":2,"counts":[2,3,4]}
{"suite":"pass-valid-ids","cases":240,"ids":["","__proto__","constructor","last"]}
{"suite":"automatic-pass-attribution","routes":["timer","vip","player"]}
✔ both opening passes identify their actual actors across counts, editions and seeds (87.701405ms)
✔ empty and prototype-shaped original IDs retain pass attribution as own keys (47.040299ms)
✔ timer, VIP skip and absent-seat automation identify the automatic passer (2.864405ms)
✔ first raw target winner keeps the crown even when final box settlement reverses points (11.091602ms)
✔ every valid string ID, including empty, wins, earns bonuses and stays in rotation (22.4564ms)
✔ malformed identity metadata cannot coerce a registered ID, throw or reveal a hand (1.523699ms)
✔ early end preserves earned raw points and reports current standings (1.163743ms)
✔ aces low, set cardinality, runs and overlap (2.309042ms)
✔ joint meld/layoff optimizer finds chains and forbids gin/deadwood/four-card layoffs (4.059704ms)
✔ every score formula, tie undercut and spade whole-hand doubling (3.26294ms)
✔ opening offers, forced stock, exact immediate-return restriction, stock draw boundary (18.322352ms)
✔ Oklahoma limits / ace / spade configurations from all 52 initial upcards (17.958525ms)
✔ pause, resume, stale/early timer, spectators, malformed input, late leaver, explicit end (5.208377ms)
✔ all required roster settings, default sanitization, exact phase fixtures and manifest (104.62986ms)
{"syntheticGuardCorruptionsRejected":175,"guardedSources":35}
✔ synthetic positive control covers full identities, native timestamps, all hand witnesses and clips (9.429378ms)
✔ every guarded source and each start/end inventory entry rejects a stale hash or omission (143.624848ms)
✔ wrong attempt/profile/page/transport/throttle, filtered samples and fake native clocks fail (17.263479ms)
✔ missing/invalid timestamp, raw interval or active-frame witness fails despite good summaries (14.618371ms)
✔ all statistics are recomputed and an honestly reported long interval fails the fixed gate (4.657009ms)
✔ failed runs, mislabeled clips, altered bytes, outsize media and network/errors are rejected (13.348921ms)
✔ same-timestamp turns cannot share timer instance identity (11.497822ms)
ℹ tests 59
ℹ suites 0
ℹ pass 55
ℹ fail 4
ℹ cancelled 0
ℹ skipped 0
ℹ todo 0
ℹ duration_ms 292064.418263

✖ failing tests:

test at tests/browser-proof.test.mjs:6:1
✖ current source-bound raw proof passes without discarding its largest interval (3.271082ms)
  AssertionError [ERR_ASSERTION]: accepted proof has stale source hashes
  + actual - expected
  
    {
  +   'play.html': 'df0dcd628e146a875194042a4909a4bdcb8a3ad482a95d6b442eea548c5f8375',
  -   'play.html': '224b361daadcadba137416c0311712d93acdaf35f9f9576385eaf873739cc017',
      'src/browser.ts': '56fb3b450aa29e9dda800a69b187d66d5446e056bf2b89b349a9bef1479131e4',
      'src/cards.ts': 'e309e103393bc1aaaf10b34e3994de815dd693d1828a61566723b8fba573fdb9',
  +   'src/core.ts': '3a275679866d4822d8f41cf450e0f4883756ba9498ad026feb5395d8618ffc9b',
  -   'src/core.ts': '389fda6be764fcaf753f8153c0d0e54b400b652198608a79966128eae72e5d76',
      'src/play.template.html': '1b5188f105cfd9766f3f19c0a6f3cfa1b522cbd676ec5fde0dbfa1566a09f8c7'
    }
  
      at sourceGuard (file:///workspace/game-cores-G02-audit-source-20261009/jobs/G02-gin-rummy/scripts/browser-proof.mjs:13:9)
      at verifyBrowserProof (file:///workspace/game-cores-G02-audit-source-20261009/jobs/G02-gin-rummy/scripts/browser-proof.mjs:21:2)
      at TestContext.<anonymous> (file:///workspace/game-cores-G02-audit-source-20261009/jobs/G02-gin-rummy/tests/browser-proof.test.mjs:8:19)
      at Test.runInAsyncScope (node:async_hooks:227:14)
      at Test.run (node:internal/test_runner/test:1382:25)
      at Test.start (node:internal/test_runner/test:1242:17)
      at startSubtestAfterBootstrap (node:internal/test_runner/harness:387:17) {
    generatedMessage: false,
    code: 'ERR_ASSERTION',
    actual: { 'play.html': 'df0dcd628e146a875194042a4909a4bdcb8a3ad482a95d6b442eea548c5f8375', 'src/core.ts': '3a275679866d4822d8f41cf450e0f4883756ba9498ad026feb5395d8618ffc9b', 'src/cards.ts': 'e309e103393bc1aaaf10b34e3994de815dd693d1828a61566723b8fba573fdb9', 'src/browser.ts': '56fb3b450aa29e9dda800a69b187d66d5446e056bf2b89b349a9bef1479131e4', 'src/play.template.html': '1b5188f105cfd9766f3f19c0a6f3cfa1b522cbd676ec5fde0dbfa1566a09f8c7' },
    expected: { 'play.html': '224b361daadcadba137416c0311712d93acdaf35f9f9576385eaf873739cc017', 'src/core.ts': '389fda6be764fcaf753f8153c0d0e54b400b652198608a79966128eae72e5d76', 'src/cards.ts': 'e309e103393bc1aaaf10b34e3994de815dd693d1828a61566723b8fba573fdb9', 'src/browser.ts': '56fb3b450aa29e9dda800a69b187d66d5446e056bf2b89b349a9bef1479131e4', 'src/play.template.html': '1b5188f105cfd9766f3f19c0a6f3cfa1b522cbd676ec5fde0dbfa1566a09f8c7' },
    operator: 'deepStrictEqual',
    diff: 'simple'
  }

test at tests/browser-proof.test.mjs:16:1
✖ changed end guards and failed snapshots are rejected (3.12905ms)
  AssertionError [ERR_ASSERTION]: The input did not match the regular expression /end hashes/. Input:
  
  'AssertionError [ERR_ASSERTION]: accepted proof has stale source hashes\n' +
    '+ actual - expected\n' +
    '\n' +
    '  {\n' +
    "+   'play.html': 'df0dcd628e146a875194042a4909a4bdcb8a3ad482a95d6b442eea548c5f8375',\n" +
    "-   'play.html': '224b361daadcadba137416c0311712d93acdaf35f9f9576385eaf873739cc017',\n" +
    "    'src/browser.ts': '56fb3b450aa29e9dda800a69b187d66d5446e056bf2b89b349a9bef1479131e4',\n" +
    "    'src/cards.ts': 'e309e103393bc1aaaf10b34e3994de815dd693d1828a61566723b8fba573fdb9',\n" +
    "+   'src/core.ts': '3a275679866d4822d8f41cf450e0f4883756ba9498ad026feb5395d8618ffc9b',\n" +
    "-   'src/core.ts': '389fda6be764fcaf753f8153c0d0e54b400b652198608a79966128eae72e5d76',\n" +
    "    'src/play.template.html': '1b5188f105cfd9766f3f19c0a6f3cfa1b522cbd676ec5fde0dbfa1566a09f8c7'\n" +
    '  }\n'
  
      at TestContext.<anonymous> (file:///workspace/game-cores-G02-audit-source-20261009/jobs/G02-gin-rummy/tests/browser-proof.test.mjs:17:74)
      at Test.runInAsyncScope (node:async_hooks:227:14)
      at Test.run (node:internal/test_runner/test:1382:25)
      at Test.processPendingSubtests (node:internal/test_runner/test:960:18)
      at Test.postRun (node:internal/test_runner/test:1522:19)
      at Test.run (node:internal/test_runner/test:1447:12)
      at async Test.processPendingSubtests (node:internal/test_runner/test:960:7) {
    generatedMessage: true,
    code: 'ERR_ASSERTION',
    actual: AssertionError [ERR_ASSERTION]: accepted proof has stale source hashes
    + actual - expected
    
      {
    +   'play.html': 'df0dcd628e146a875194042a4909a4bdcb8a3ad482a95d6b442eea548c5f8375',
    -   'play.html': '224b361daadcadba137416c0311712d93acdaf35f9f9576385eaf873739cc017',
        'src/browser.ts': '56fb3b450aa29e9dda800a69b187d66d5446e056bf2b89b349a9bef1479131e4',
        'src/cards.ts': 'e309e103393bc1aaaf10b34e3994de815dd693d1828a61566723b8fba573fdb9',
    +   'src/core.ts': '3a275679866d4822d8f41cf450e0f4883756ba9498ad026feb5395d8618ffc9b',
    -   'src/core.ts': '389fda6be764fcaf753f8153c0d0e54b400b652198608a79966128eae72e5d76',
        'src/play.template.html': '1b5188f105cfd9766f3f19c0a6f3cfa1b522cbd676ec5fde0dbfa1566a09f8c7'
      }
    
        at sourceGuard (file:///workspace/game-cores-G02-audit-source-20261009/jobs/G02-gin-rummy/scripts/browser-proof.mjs:13:9)
        at verifyBrowserProof (file:///workspace/game-cores-G02-audit-source-20261009/jobs/G02-gin-rummy/scripts/browser-proof.mjs:21:2)
        at file:///workspace/game-cores-G02-audit-source-20261009/jobs/G02-gin-rummy/tests/browser-proof.test.mjs:17:85
        at getActual (node:assert:611:5)
        at strict.throws (node:assert:759:24)
        at TestContext.<anonymous> (file:///workspace/game-cores-G02-audit-source-20261009/jobs/G02-gin-rummy/tests/browser-proof.test.mjs:17:74)
        at Test.runInAsyncScope (node:async_hooks:227:14)
        at Test.run (node:internal/test_runner/test:1382:25)
        at Test.processPendingSubtests (node:internal/test_runner/test:960:18)
        at Test.postRun (node:internal/test_runner/test:1522:19),
    expected: /end hashes/,
    operator: 'throws',
    diff: 'simple'
  }

test at tests/browser-proof.test.mjs:26:1
✖ reported statistics are recomputed from all retained intervals (2.63846ms)
  AssertionError [ERR_ASSERTION]: The input did not match the regular expression /retained interval/. Input:
  
  'AssertionError [ERR_ASSERTION]: accepted proof has stale source hashes\n' +
    '+ actual - expected\n' +
    '\n' +
    '  {\n' +
    "+   'play.html': 'df0dcd628e146a875194042a4909a4bdcb8a3ad482a95d6b442eea548c5f8375',\n" +
    "-   'play.html': '224b361daadcadba137416c0311712d93acdaf35f9f9576385eaf873739cc017',\n" +
    "    'src/browser.ts': '56fb3b450aa29e9dda800a69b187d66d5446e056bf2b89b349a9bef1479131e4',\n" +
    "    'src/cards.ts': 'e309e103393bc1aaaf10b34e3994de815dd693d1828a61566723b8fba573fdb9',\n" +
    "+   'src/core.ts': '3a275679866d4822d8f41cf450e0f4883756ba9498ad026feb5395d8618ffc9b',\n" +
    "-   'src/core.ts': '389fda6be764fcaf753f8153c0d0e54b400b652198608a79966128eae72e5d76',\n" +
    "    'src/play.template.html': '1b5188f105cfd9766f3f19c0a6f3cfa1b522cbd676ec5fde0dbfa1566a09f8c7'\n" +
    '  }\n'
  
      at TestContext.<anonymous> (file:///workspace/game-cores-G02-audit-source-20261009/jobs/G02-gin-rummy/tests/browser-proof.test.mjs:29:10)
      at Test.runInAsyncScope (node:async_hooks:227:14)
      at Test.run (node:internal/test_runner/test:1382:25)
      at Test.processPendingSubtests (node:internal/test_runner/test:960:18)
      at Test.postRun (node:internal/test_runner/test:1522:19)
      at Test.run (node:internal/test_runner/test:1447:12)
      at async Test.processPendingSubtests (node:internal/test_runner/test:960:7) {
    generatedMessage: true,
    code: 'ERR_ASSERTION',
    actual: AssertionError [ERR_ASSERTION]: accepted proof has stale source hashes
    + actual - expected
    
      {
    +   'play.html': 'df0dcd628e146a875194042a4909a4bdcb8a3ad482a95d6b442eea548c5f8375',
    -   'play.html': '224b361daadcadba137416c0311712d93acdaf35f9f9576385eaf873739cc017',
        'src/browser.ts': '56fb3b450aa29e9dda800a69b187d66d5446e056bf2b89b349a9bef1479131e4',
        'src/cards.ts': 'e309e103393bc1aaaf10b34e3994de815dd693d1828a61566723b8fba573fdb9',
    +   'src/core.ts': '3a275679866d4822d8f41cf450e0f4883756ba9498ad026feb5395d8618ffc9b',
    -   'src/core.ts': '389fda6be764fcaf753f8153c0d0e54b400b652198608a79966128eae72e5d76',
        'src/play.template.html': '1b5188f105cfd9766f3f19c0a6f3cfa1b522cbd676ec5fde0dbfa1566a09f8c7'
      }
    
        at sourceGuard (file:///workspace/game-cores-G02-audit-source-20261009/jobs/G02-gin-rummy/scripts/browser-proof.mjs:13:9)
        at verifyBrowserProof (file:///workspace/game-cores-G02-audit-source-20261009/jobs/G02-gin-rummy/scripts/browser-proof.mjs:21:2)
        at file:///workspace/game-cores-G02-audit-source-20261009/jobs/G02-gin-rummy/tests/browser-proof.test.mjs:29:21
        at getActual (node:assert:611:5)
        at strict.throws (node:assert:759:24)
        at TestContext.<anonymous> (file:///workspace/game-cores-G02-audit-source-20261009/jobs/G02-gin-rummy/tests/browser-proof.test.mjs:29:10)
        at Test.runInAsyncScope (node:async_hooks:227:14)
        at Test.run (node:internal/test_runner/test:1382:25)
        at Test.processPendingSubtests (node:internal/test_runner/test:960:18)
        at Test.postRun (node:internal/test_runner/test:1522:19),
    expected: /retained interval/,
    operator: 'throws',
    diff: 'simple'
  }

test at tests/browser-proof.test.mjs:32:1
✖ an honestly recomputed slow raw sample still fails the original frame gate (2.59773ms)
  AssertionError [ERR_ASSERTION]: The input did not match the regular expression /raw frame gate failed/. Input:
  
  'AssertionError [ERR_ASSERTION]: accepted proof has stale source hashes\n' +
    '+ actual - expected\n' +
    '\n' +
    '  {\n' +
    "+   'play.html': 'df0dcd628e146a875194042a4909a4bdcb8a3ad482a95d6b442eea548c5f8375',\n" +
    "-   'play.html': '224b361daadcadba137416c0311712d93acdaf35f9f9576385eaf873739cc017',\n" +
    "    'src/browser.ts': '56fb3b450aa29e9dda800a69b187d66d5446e056bf2b89b349a9bef1479131e4',\n" +
    "    'src/cards.ts': 'e309e103393bc1aaaf10b34e3994de815dd693d1828a61566723b8fba573fdb9',\n" +
    "+   'src/core.ts': '3a275679866d4822d8f41cf450e0f4883756ba9498ad026feb5395d8618ffc9b',\n" +
    "-   'src/core.ts': '389fda6be764fcaf753f8153c0d0e54b400b652198608a79966128eae72e5d76',\n" +
    "    'src/play.template.html': '1b5188f105cfd9766f3f19c0a6f3cfa1b522cbd676ec5fde0dbfa1566a09f8c7'\n" +
    '  }\n'
  
      at TestContext.<anonymous> (file:///workspace/game-cores-G02-audit-source-20261009/jobs/G02-gin-rummy/tests/browser-proof.test.mjs:37:9)
      at Test.runInAsyncScope (node:async_hooks:227:14)
      at Test.run (node:internal/test_runner/test:1382:25)
      at Test.processPendingSubtests (node:internal/test_runner/test:960:18)
      at Test.postRun (node:internal/test_runner/test:1522:19)
      at Test.run (node:internal/test_runner/test:1447:12)
      at async Test.processPendingSubtests (node:internal/test_runner/test:960:7) {
    generatedMessage: true,
    code: 'ERR_ASSERTION',
    actual: AssertionError [ERR_ASSERTION]: accepted proof has stale source hashes
    + actual - expected
    
      {
    +   'play.html': 'df0dcd628e146a875194042a4909a4bdcb8a3ad482a95d6b442eea548c5f8375',
    -   'play.html': '224b361daadcadba137416c0311712d93acdaf35f9f9576385eaf873739cc017',
        'src/browser.ts': '56fb3b450aa29e9dda800a69b187d66d5446e056bf2b89b349a9bef1479131e4',
        'src/cards.ts': 'e309e103393bc1aaaf10b34e3994de815dd693d1828a61566723b8fba573fdb9',
    +   'src/core.ts': '3a275679866d4822d8f41cf450e0f4883756ba9498ad026feb5395d8618ffc9b',
    -   'src/core.ts': '389fda6be764fcaf753f8153c0d0e54b400b652198608a79966128eae72e5d76',
        'src/play.template.html': '1b5188f105cfd9766f3f19c0a6f3cfa1b522cbd676ec5fde0dbfa1566a09f8c7'
      }
    
        at sourceGuard (file:///workspace/game-cores-G02-audit-source-20261009/jobs/G02-gin-rummy/scripts/browser-proof.mjs:13:9)
        at verifyBrowserProof (file:///workspace/game-cores-G02-audit-source-20261009/jobs/G02-gin-rummy/scripts/browser-proof.mjs:21:2)
        at file:///workspace/game-cores-G02-audit-source-20261009/jobs/G02-gin-rummy/tests/browser-proof.test.mjs:37:20
        at getActual (node:assert:611:5)
        at strict.throws (node:assert:759:24)
        at TestContext.<anonymous> (file:///workspace/game-cores-G02-audit-source-20261009/jobs/G02-gin-rummy/tests/browser-proof.test.mjs:37:9)
        at Test.runInAsyncScope (node:async_hooks:227:14)
        at Test.run (node:internal/test_runner/test:1382:25)
        at Test.processPendingSubtests (node:internal/test_runner/test:960:18)
        at Test.postRun (node:internal/test_runner/test:1522:19),
    expected: /raw frame gate failed/,
    operator: 'throws',
    diff: 'simple'
  }
