✖ known initial presence is handled before either player needs to send an event (15.700066ms)
✖ 1000 seeded initial presence patterns are playable or paused without a duplicate drop event (2.682136ms)
{"suite":"connected-initialization-byte-equivalence","cases":6000,"baselineHead":"d5fbb39746f8f7900bee57506e8133e8675f48ed"}
✔ all-connected opening states retain the exact 6000 pre-repair JSON states (200.433456ms)
ℹ tests 3
ℹ suites 0
ℹ pass 1
ℹ fail 2
ℹ cancelled 0
ℹ skipped 0
ℹ todo 0
ℹ duration_ms 572.416368

✖ failing tests:

test at ../../.work/g02-audit-20261009/initial-presence-original-corrected.mjs:14:1
✖ known initial presence is handled before either player needs to send an event (15.700066ms)
  AssertionError [ERR_ASSERTION]: The expression evaluated to a falsy value:
  
    assert(ready(s))
  
      at TestContext.<anonymous> (file:///workspace/game-cores-G02-audit-source-20261009/.work/g02-audit-20261009/initial-presence-original-corrected.mjs:19:71)
      at Test.runInAsyncScope (node:async_hooks:227:14)
      at Test.run (node:internal/test_runner/test:1382:25)
      at Test.start (node:internal/test_runner/test:1242:17)
      at startSubtestAfterBootstrap (node:internal/test_runner/harness:387:17) {
    generatedMessage: true,
    code: 'ERR_ASSERTION',
    actual: false,
    expected: true,
    operator: '==',
    diff: 'simple'
  }

test at ../../.work/g02-audit-20261009/initial-presence-original-corrected.mjs:37:1
✖ 1000 seeded initial presence patterns are playable or paused without a duplicate drop event (2.682136ms)
  AssertionError [ERR_ASSERTION]: The expression evaluated to a falsy value:
  
    assert(ready(s))
  
      at TestContext.<anonymous> (file:///workspace/game-cores-G02-audit-source-20261009/.work/g02-audit-20261009/initial-presence-original-corrected.mjs:40:88)
      at Test.runInAsyncScope (node:async_hooks:227:14)
      at Test.run (node:internal/test_runner/test:1382:25)
      at Test.processPendingSubtests (node:internal/test_runner/test:960:18)
      at Test.postRun (node:internal/test_runner/test:1522:19)
      at Test.run (node:internal/test_runner/test:1447:12)
      at async startSubtestAfterBootstrap (node:internal/test_runner/harness:387:3) {
    generatedMessage: true,
    code: 'ERR_ASSERTION',
    actual: false,
    expected: true,
    operator: '==',
    diff: 'simple'
  }
