✖ Strong improves a finishing knock across different closed melds in every setting and suit (12.070866ms)
✖ 1000 identical public views keep the same safe choice and independent joint-defense score (1.679645ms)
✖ closed-target dominance preserves forbidden returns, no-knock, Gin and inactive boundaries (1.919381ms)
ℹ tests 3
ℹ suites 0
ℹ pass 0
ℹ fail 3
ℹ cancelled 0
ℹ skipped 0
ℹ todo 0
ℹ duration_ms 181.96566

✖ failing tests:

test at tests/closed-knock-priority.test.mjs:32:1
✖ Strong improves a finishing knock across different closed melds in every setting and suit (12.070866ms)
  AssertionError [ERR_ASSERTION]: Expected values to be strictly deep-equal:
  + actual - expected
  
    {
  +   card: 2,
  -   card: 14,
      knock: true,
      type: 'discard'
    }
  
      at TestContext.<anonymous> (file:///workspace/game-cores-G02-audit-source-20261009/jobs/G02-gin-rummy/tests/closed-knock-priority.test.mjs:37:10)
      at Test.runInAsyncScope (node:async_hooks:227:14)
      at Test.run (node:internal/test_runner/test:1382:25)
      at Test.start (node:internal/test_runner/test:1242:17)
      at startSubtestAfterBootstrap (node:internal/test_runner/harness:387:17) {
    generatedMessage: true,
    code: 'ERR_ASSERTION',
    actual: { type: 'discard', card: 2, knock: true },
    expected: { type: 'discard', card: 14, knock: true },
    operator: 'deepStrictEqual',
    diff: 'simple'
  }

test at tests/closed-knock-priority.test.mjs:50:1
✖ 1000 identical public views keep the same safe choice and independent joint-defense score (1.679645ms)
  AssertionError [ERR_ASSERTION]: Expected values to be strictly deep-equal:
  + actual - expected
  
    {
  +   card: 2,
  -   card: 14,
      knock: true,
      type: 'discard'
    }
  
      at TestContext.<anonymous> (file:///workspace/game-cores-G02-audit-source-20261009/jobs/G02-gin-rummy/tests/closed-knock-priority.test.mjs:56:80)
      at Test.runInAsyncScope (node:async_hooks:227:14)
      at Test.run (node:internal/test_runner/test:1382:25)
      at Test.processPendingSubtests (node:internal/test_runner/test:960:18)
      at Test.postRun (node:internal/test_runner/test:1522:19)
      at Test.run (node:internal/test_runner/test:1447:12)
      at async startSubtestAfterBootstrap (node:internal/test_runner/harness:387:3) {
    generatedMessage: true,
    code: 'ERR_ASSERTION',
    actual: { type: 'discard', card: 2, knock: true },
    expected: { type: 'discard', card: 14, knock: true },
    operator: 'deepStrictEqual',
    diff: 'simple'
  }

test at tests/closed-knock-priority.test.mjs:68:1
✖ closed-target dominance preserves forbidden returns, no-knock, Gin and inactive boundaries (1.919381ms)
  AssertionError [ERR_ASSERTION]: Expected values to be strictly deep-equal:
  + actual - expected
  
    {
  +   card: 2,
  -   card: 1,
      knock: true,
      type: 'discard'
    }
  
      at TestContext.<anonymous> (file:///workspace/game-cores-G02-audit-source-20261009/jobs/G02-gin-rummy/tests/closed-knock-priority.test.mjs:73:10)
      at Test.runInAsyncScope (node:async_hooks:227:14)
      at Test.run (node:internal/test_runner/test:1382:25)
      at Test.processPendingSubtests (node:internal/test_runner/test:960:18)
      at Test.postRun (node:internal/test_runner/test:1522:19)
      at Test.run (node:internal/test_runner/test:1447:12)
      at async Test.processPendingSubtests (node:internal/test_runner/test:960:7) {
    generatedMessage: true,
    code: 'ERR_ASSERTION',
    actual: { type: 'discard', card: 2, knock: true },
    expected: { type: 'discard', card: 1, knock: true },
    operator: 'deepStrictEqual',
    diff: 'simple'
  }
