2026-10-09T08:47:47.7246328Z Current runner version: '2.337.0'
2026-10-09T08:47:47.7266091Z ##[group]Runner Image Provisioner
2026-10-09T08:47:47.7266946Z Hosted Compute Agent
2026-10-09T08:47:47.7267434Z Version: 20261002.596
2026-10-09T08:47:47.7267928Z Commit: c3d12f3313a95f25162a1503be624f3b0617f8c0
2026-10-09T08:47:47.7268747Z Build Date: 2026-10-02T22:28:27Z
2026-10-09T08:47:47.7269298Z Worker ID: {9e212695-0606-4f7f-b1f8-8003b319f6c4}
2026-10-09T08:47:47.7269917Z Region: westus3
2026-10-09T08:47:47.7270416Z Cloud: Azure
2026-10-09T08:47:47.7270850Z ##[endgroup]
2026-10-09T08:47:47.7271997Z ##[group]Operating System
2026-10-09T08:47:47.7272534Z Ubuntu
2026-10-09T08:47:47.7273007Z 24.04.5
2026-10-09T08:47:47.7273446Z LTS
2026-10-09T08:47:47.7273873Z ##[endgroup]
2026-10-09T08:47:47.7274359Z ##[group]Runner Image
2026-10-09T08:47:47.7274856Z Image: ubuntu-24.04
2026-10-09T08:47:47.7275337Z Version: 20261004.327.1
2026-10-09T08:47:47.7276429Z Included Software: https://github.com/actions/runner-images/blob/ubuntu24/20261004.327/images/ubuntu/Ubuntu2404-Readme.md
2026-10-09T08:47:47.7277691Z Image Release: https://github.com/actions/runner-images/releases/tag/ubuntu24%2F20261004.327
2026-10-09T08:47:47.7278665Z ##[endgroup]
2026-10-09T08:47:47.7279738Z ##[group]GITHUB_TOKEN Permissions
2026-10-09T08:47:47.7281231Z Contents: read
2026-10-09T08:47:47.7281770Z Metadata: read
2026-10-09T08:47:47.7282241Z ##[endgroup]
2026-10-09T08:47:47.7283882Z Secret source: Actions
2026-10-09T08:47:47.7284680Z Cache mode: write
2026-10-09T08:47:47.7285263Z Prepare workflow directory
2026-10-09T08:47:47.7602047Z Prepare all required actions
2026-10-09T08:47:47.7642093Z Getting action download info
2026-10-09T08:47:48.0679410Z Download action repository 'actions/checkout@v4' (SHA:11d5960a326750d5838078e36cf38b85af677262)
2026-10-09T08:47:48.1462954Z Download action repository 'actions/setup-node@v4' (SHA:49933ea5288caeca8642d1e84afbd3f7d6820020)
2026-10-09T08:47:48.2780872Z Download action repository 'actions/upload-artifact@v4' (SHA:ea165f8d65b6e75b540449e92b4886f43607fa02)
2026-10-09T08:47:48.5047632Z Complete job name: verify
2026-10-09T08:47:48.5683345Z ##[group]Run actions/checkout@v4
2026-10-09T08:47:48.5684021Z with:
2026-10-09T08:47:48.5684422Z   repository: luisitin/partybox-game-cores
2026-10-09T08:47:48.5687727Z   token: ***
2026-10-09T08:47:48.5688088Z   ssh-strict: true
2026-10-09T08:47:48.5688671Z   ssh-user: git
2026-10-09T08:47:48.5689032Z   persist-credentials: true
2026-10-09T08:47:48.5689431Z   clean: true
2026-10-09T08:47:48.5689802Z   sparse-checkout-cone-mode: true
2026-10-09T08:47:48.5690231Z   fetch-depth: 1
2026-10-09T08:47:48.5690576Z   fetch-tags: false
2026-10-09T08:47:48.5690940Z   show-progress: true
2026-10-09T08:47:48.5691300Z   lfs: false
2026-10-09T08:47:48.5691634Z   submodules: false
2026-10-09T08:47:48.5691999Z   set-safe-directory: true
2026-10-09T08:47:48.5692400Z   allow-unsafe-pr-checkout: false
2026-10-09T08:47:48.5692981Z ##[endgroup]
2026-10-09T08:47:48.6566108Z Syncing repository: luisitin/partybox-game-cores
2026-10-09T08:47:48.6568574Z ##[group]Getting Git version info
2026-10-09T08:47:48.6569468Z Working directory is '/home/runner/work/partybox-game-cores/partybox-game-cores'
2026-10-09T08:47:48.6570420Z [command]/usr/bin/git version
2026-10-09T08:47:48.6626272Z git version 2.55.0
2026-10-09T08:47:48.6642413Z ##[endgroup]
2026-10-09T08:47:48.6660754Z Temporarily overriding HOME='/home/runner/work/_temp/0bb1de8d-21c0-45e8-8f6c-f215510377a9' before making global git config changes
2026-10-09T08:47:48.6668341Z Adding repository directory to the temporary git global config as a safe directory
2026-10-09T08:47:48.6670319Z [command]/usr/bin/git config --global --add safe.directory /home/runner/work/partybox-game-cores/partybox-game-cores
2026-10-09T08:47:48.6714868Z Deleting the contents of '/home/runner/work/partybox-game-cores/partybox-game-cores'
2026-10-09T08:47:48.6719427Z ##[group]Initializing the repository
2026-10-09T08:47:48.6721285Z [command]/usr/bin/git init /home/runner/work/partybox-game-cores/partybox-game-cores
2026-10-09T08:47:48.6795894Z hint: Using 'master' as the name for the initial branch. This default branch name
2026-10-09T08:47:48.6797146Z hint: will change to "main" in Git 3.0. To configure the initial branch name
2026-10-09T08:47:48.6799495Z hint: to use in all of your new repositories, which will suppress this warning,
2026-10-09T08:47:48.6800692Z hint: call:
2026-10-09T08:47:48.6801176Z hint:
2026-10-09T08:47:48.6801782Z hint: 	git config --global init.defaultBranch <name>
2026-10-09T08:47:48.6802549Z hint:
2026-10-09T08:47:48.6803262Z hint: Names commonly chosen instead of 'master' are 'main', 'trunk' and
2026-10-09T08:47:48.6804402Z hint: 'development'. The just-created branch can be renamed via this command:
2026-10-09T08:47:48.6805309Z hint:
2026-10-09T08:47:48.6805834Z hint: 	git branch -m <name>
2026-10-09T08:47:48.6806419Z hint:
2026-10-09T08:47:48.6807173Z hint: Disable this message with "git config set advice.defaultBranchName false"
2026-10-09T08:47:48.6808740Z Initialized empty Git repository in /home/runner/work/partybox-game-cores/partybox-game-cores/.git/
2026-10-09T08:47:48.6810471Z [command]/usr/bin/git remote add origin https://github.com/luisitin/partybox-game-cores
2026-10-09T08:47:48.6851730Z ##[endgroup]
2026-10-09T08:47:48.6852742Z ##[group]Disabling automatic garbage collection
2026-10-09T08:47:48.6853433Z [command]/usr/bin/git config --local gc.auto 0
2026-10-09T08:47:48.6877263Z ##[endgroup]
2026-10-09T08:47:48.6878424Z ##[group]Setting up auth
2026-10-09T08:47:48.6883220Z [command]/usr/bin/git config --local --name-only --get-regexp core\.sshCommand
2026-10-09T08:47:48.6911719Z [command]/usr/bin/git submodule foreach --recursive sh -c "git config --local --name-only --get-regexp 'core\.sshCommand' && git config --local --unset-all 'core.sshCommand' || :"
2026-10-09T08:47:48.7236824Z [command]/usr/bin/git config --local --name-only --get-regexp http\.https\:\/\/github\.com\/\.extraheader
2026-10-09T08:47:48.7271822Z [command]/usr/bin/git submodule foreach --recursive sh -c "git config --local --name-only --get-regexp 'http\.https\:\/\/github\.com\/\.extraheader' && git config --local --unset-all 'http.https://github.com/.extraheader' || :"
2026-10-09T08:47:48.7454055Z [command]/usr/bin/git config --local --name-only --get-regexp ^includeIf\.gitdir:
2026-10-09T08:47:48.7485388Z [command]/usr/bin/git submodule foreach --recursive git config --local --show-origin --name-only --get-regexp remote.origin.url
2026-10-09T08:47:48.7676041Z [command]/usr/bin/git config --local http.https://github.com/.extraheader AUTHORIZATION: basic ***
2026-10-09T08:47:48.7711983Z ##[endgroup]
2026-10-09T08:47:48.7713185Z ##[group]Fetching the repository
2026-10-09T08:47:48.7719781Z [command]/usr/bin/git -c protocol.version=2 fetch --no-tags --prune --no-recurse-submodules --depth=1 origin +cc15756076083c0dac896e262d244b6cc3ac11ac:refs/remotes/pull/12/merge
2026-10-09T08:47:54.0370613Z From https://github.com/luisitin/partybox-game-cores
2026-10-09T08:47:54.0372179Z  * [new ref]         cc15756076083c0dac896e262d244b6cc3ac11ac -> pull/12/merge
2026-10-09T08:47:54.0376069Z ##[endgroup]
2026-10-09T08:47:54.0377671Z ##[group]Determining the checkout info
2026-10-09T08:47:54.0379506Z ##[endgroup]
2026-10-09T08:47:54.0382297Z [command]/usr/bin/git sparse-checkout disable
2026-10-09T08:47:54.0427404Z [command]/usr/bin/git config --local --unset-all extensions.worktreeConfig
2026-10-09T08:47:54.0462677Z ##[group]Checking out the ref
2026-10-09T08:47:54.0465632Z [command]/usr/bin/git checkout --progress --force refs/remotes/pull/12/merge
2026-10-09T08:47:54.3243301Z Note: switching to 'refs/remotes/pull/12/merge'.
2026-10-09T08:47:54.3244487Z 
2026-10-09T08:47:54.3245245Z You are in 'detached HEAD' state. You can look around, make experimental
2026-10-09T08:47:54.3247152Z changes and commit them, and you can discard any commits you make in this
2026-10-09T08:47:54.3249202Z state without impacting any branches by switching back to a branch.
2026-10-09T08:47:54.3250353Z 
2026-10-09T08:47:54.3251075Z If you want to create a new branch to retain commits you create, you may
2026-10-09T08:47:54.3253171Z do so (now or later) by using -c with the switch command. Example:
2026-10-09T08:47:54.3254128Z 
2026-10-09T08:47:54.3254538Z   git switch -c <new-branch-name>
2026-10-09T08:47:54.3255270Z 
2026-10-09T08:47:54.3255758Z Or undo this operation with:
2026-10-09T08:47:54.3256522Z 
2026-10-09T08:47:54.3256962Z   git switch -
2026-10-09T08:47:54.3257552Z 
2026-10-09T08:47:54.3258593Z Turn off this advice by setting config variable advice.detachedHead to false
2026-10-09T08:47:54.3259939Z 
2026-10-09T08:47:54.3261450Z HEAD is now at cc15756 Merge 2e9497385b333497cf96b0d4bd0f6fd8083b412b into d5fbb39746f8f7900bee57506e8133e8675f48ed
2026-10-09T08:47:54.3280351Z ##[endgroup]
2026-10-09T08:47:54.3326055Z [command]/usr/bin/git log -1 --format=%H
2026-10-09T08:47:54.3349336Z cc15756076083c0dac896e262d244b6cc3ac11ac
2026-10-09T08:47:54.3706514Z ##[group]Run actions/setup-node@v4
2026-10-09T08:47:54.3707375Z with:
2026-10-09T08:47:54.3708003Z   node-version: 22.16.0
2026-10-09T08:47:54.3708892Z   cache: npm
2026-10-09T08:47:54.3709762Z   cache-dependency-path: jobs/G02-gin-rummy/package-lock.json
2026-10-09T08:47:54.3710861Z   always-auth: false
2026-10-09T08:47:54.3711554Z   check-latest: false
2026-10-09T08:47:54.3719185Z   token: ***
2026-10-09T08:47:54.3719822Z ##[endgroup]
2026-10-09T08:47:54.4800283Z Attempting to download 22.16.0...
2026-10-09T08:47:54.4882151Z (node:2078) [DEP0040] DeprecationWarning: The `punycode` module is deprecated. Please use a userland alternative instead.
2026-10-09T08:47:54.4884324Z (Use `node --trace-deprecation ...` to show where the warning was created)
2026-10-09T08:47:55.5673009Z Acquiring 22.16.0 - x64 from https://github.com/actions/node-versions/releases/download/22.16.0-15177438473/node-22.16.0-linux-x64.tar.gz
2026-10-09T08:47:56.0190111Z Extracting ...
2026-10-09T08:47:56.0284774Z [command]/usr/bin/tar xz --strip 1 --warning=no-unknown-keyword --overwrite -C /home/runner/work/_temp/81fb80fd-ee9b-48af-a725-a5cc44048386 -f /home/runner/work/_temp/25894c5c-90e3-4bbe-b1e7-4f07f11fb387
2026-10-09T08:47:57.0385433Z Adding to the cache ...
2026-10-09T08:47:59.0657507Z ##[group]Environment details
2026-10-09T08:47:59.2417934Z node: v22.16.0
2026-10-09T08:47:59.2418465Z npm: 10.9.2
2026-10-09T08:47:59.2422268Z yarn: 1.22.22
2026-10-09T08:47:59.2422967Z ##[endgroup]
2026-10-09T08:47:59.2435732Z [command]/opt/hostedtoolcache/node/22.16.0/x64/bin/npm config get cache
2026-10-09T08:47:59.3150291Z /home/runner/.npm
2026-10-09T08:47:59.5156769Z Cache hit for: node-cache-Linux-x64-npm-d48b0073b1be2df746cbb2cab1dca64dc5674a863aed54a4ee7f428aad681317
2026-10-09T08:47:59.5243829Z (node:2078) [DEP0169] DeprecationWarning: `url.parse()` behavior is not standardized and prone to errors that have security implications. Use the WHATWG URL API instead. CVEs are not issued for `url.parse()` vulnerabilities.
2026-10-09T08:48:00.5939014Z Received 12676573 of 12676573 (100.0%), 13.9 MBs/sec
2026-10-09T08:48:00.5944916Z Cache Size: ~12 MB (12676573 B)
2026-10-09T08:48:00.5960420Z [command]/usr/bin/tar -xf /home/runner/work/_temp/f0da33dd-f906-4067-94d9-32662d2167d5/cache.tzst -P -C /home/runner/work/partybox-game-cores/partybox-game-cores --use-compress-program unzstd
2026-10-09T08:48:00.6160002Z Cache restored successfully
2026-10-09T08:48:00.6169168Z Cache restored from key: node-cache-Linux-x64-npm-d48b0073b1be2df746cbb2cab1dca64dc5674a863aed54a4ee7f428aad681317
2026-10-09T08:48:00.6339809Z ##[group]Run npm ci --ignore-scripts --no-audit --no-fund
2026-10-09T08:48:00.6340216Z [36;1mnpm ci --ignore-scripts --no-audit --no-fund[0m
2026-10-09T08:48:00.6575498Z shell: /usr/bin/bash -e {0}
2026-10-09T08:48:00.6575785Z ##[endgroup]
2026-10-09T08:48:01.3631091Z 
2026-10-09T08:48:01.3637543Z added 6 packages in 657ms
2026-10-09T08:48:01.4023580Z ##[group]Run npx playwright install --with-deps chromium
2026-10-09T08:48:01.4023965Z [36;1mnpx playwright install --with-deps chromium[0m
2026-10-09T08:48:01.4083241Z shell: /usr/bin/bash -e {0}
2026-10-09T08:48:01.4083655Z ##[endgroup]
2026-10-09T08:48:02.0444443Z Installing dependencies...
2026-10-09T08:48:02.0489625Z Switching to root user to install dependencies...
2026-10-09T08:48:02.1263577Z Get:1 file:/etc/apt/apt-mirrors.txt Mirrorlist [144 B]
2026-10-09T08:48:02.1715253Z Hit:2 http://azure.archive.ubuntu.com/ubuntu noble InRelease
2026-10-09T08:48:02.1739126Z Get:6 https://packages.microsoft.com/ubuntu/24.04/prod noble InRelease [3600 B]
2026-10-09T08:48:02.1760896Z Get:3 http://azure.archive.ubuntu.com/ubuntu noble-updates InRelease [126 kB]
2026-10-09T08:48:02.1810036Z Get:4 http://azure.archive.ubuntu.com/ubuntu noble-backports InRelease [126 kB]
2026-10-09T08:48:02.1838953Z Get:5 http://azure.archive.ubuntu.com/ubuntu noble-security InRelease [126 kB]
2026-10-09T08:48:02.2876163Z Get:7 https://packages.microsoft.com/ubuntu/24.04/prod noble/main armhf Packages [12.3 kB]
2026-10-09T08:48:02.2960578Z Get:8 https://packages.microsoft.com/ubuntu/24.04/prod noble/main all Packages [640 B]
2026-10-09T08:48:02.3018723Z Get:9 https://packages.microsoft.com/ubuntu/24.04/prod noble/main amd64 Packages [531 kB]
2026-10-09T08:48:02.3139299Z Get:10 https://packages.microsoft.com/ubuntu/24.04/prod noble/main arm64 Packages [475 kB]
2026-10-09T08:48:02.3272898Z Get:11 http://azure.archive.ubuntu.com/ubuntu noble-updates/main amd64 Packages [1375 kB]
2026-10-09T08:48:02.3341276Z Get:12 http://azure.archive.ubuntu.com/ubuntu noble-updates/main Translation-en [306 kB]
2026-10-09T08:48:02.3379342Z Get:13 http://azure.archive.ubuntu.com/ubuntu noble-updates/universe amd64 Packages [1702 kB]
2026-10-09T08:48:02.3435521Z Get:14 http://azure.archive.ubuntu.com/ubuntu noble-updates/universe Translation-en [342 kB]
2026-10-09T08:48:02.3469772Z Get:15 http://azure.archive.ubuntu.com/ubuntu noble-updates/restricted amd64 Packages [1761 kB]
2026-10-09T08:48:02.3535487Z Get:16 http://azure.archive.ubuntu.com/ubuntu noble-updates/restricted Translation-en [401 kB]
2026-10-09T08:48:02.3559563Z Get:17 http://azure.archive.ubuntu.com/ubuntu noble-updates/multiverse amd64 Packages [55.0 kB]
2026-10-09T08:48:02.3579933Z Get:18 http://azure.archive.ubuntu.com/ubuntu noble-updates/multiverse Translation-en [14.3 kB]
2026-10-09T08:48:02.4167097Z Get:19 http://azure.archive.ubuntu.com/ubuntu noble-security/main amd64 Packages [1118 kB]
2026-10-09T08:48:02.4216279Z Get:20 http://azure.archive.ubuntu.com/ubuntu noble-security/main Translation-en [228 kB]
2026-10-09T08:48:02.4687406Z Get:21 http://azure.archive.ubuntu.com/ubuntu noble-security/universe amd64 Packages [1220 kB]
2026-10-09T08:48:02.4737891Z Get:22 http://azure.archive.ubuntu.com/ubuntu noble-security/universe Translation-en [245 kB]
2026-10-09T08:48:02.4761027Z Get:23 http://azure.archive.ubuntu.com/ubuntu noble-security/restricted amd64 Packages [1667 kB]
2026-10-09T08:48:02.4821679Z Get:24 http://azure.archive.ubuntu.com/ubuntu noble-security/restricted Translation-en [383 kB]
2026-10-09T08:48:02.4844415Z Get:25 http://azure.archive.ubuntu.com/ubuntu noble-security/multiverse amd64 Packages [49.8 kB]
2026-10-09T08:48:02.4855137Z Get:26 http://azure.archive.ubuntu.com/ubuntu noble-security/multiverse Translation-en [12.4 kB]
2026-10-09T08:48:08.6885367Z Fetched 12.3 MB in 1s (11.6 MB/s)
2026-10-09T08:48:09.3264727Z Reading package lists...
2026-10-09T08:48:09.3478889Z Reading package lists...
2026-10-09T08:48:09.5033722Z Building dependency tree...
2026-10-09T08:48:09.5040470Z Reading state information...
2026-10-09T08:48:09.6295044Z libasound2t64 is already the newest version (1.2.11-1ubuntu0.3).
2026-10-09T08:48:09.6295747Z libasound2t64 set to manually installed.
2026-10-09T08:48:09.6296408Z libatk-bridge2.0-0t64 is already the newest version (2.52.0-1build1).
2026-10-09T08:48:09.6297039Z libatk-bridge2.0-0t64 set to manually installed.
2026-10-09T08:48:09.6298539Z libatk1.0-0t64 is already the newest version (2.52.0-1build1).
2026-10-09T08:48:09.6299027Z libatk1.0-0t64 set to manually installed.
2026-10-09T08:48:09.6299523Z libatspi2.0-0t64 is already the newest version (2.52.0-1build1).
2026-10-09T08:48:09.6300022Z libatspi2.0-0t64 set to manually installed.
2026-10-09T08:48:09.6300349Z libcairo2 is already the newest version (1.18.0-3build1).
2026-10-09T08:48:09.6300655Z libcairo2 set to manually installed.
2026-10-09T08:48:09.6300999Z libcups2t64 is already the newest version (2.4.7-1.2ubuntu7.14).
2026-10-09T08:48:09.6301325Z libcups2t64 set to manually installed.
2026-10-09T08:48:09.6301652Z libdbus-1-3 is already the newest version (1.14.10-4ubuntu4.1).
2026-10-09T08:48:09.6302037Z libdbus-1-3 set to manually installed.
2026-10-09T08:48:09.6302481Z libdrm2 is already the newest version (2.4.125-1ubuntu0.1~24.04.2).
2026-10-09T08:48:09.6302816Z libdrm2 set to manually installed.
2026-10-09T08:48:09.6303145Z libgbm1 is already the newest version (25.2.8-0ubuntu0.24.04.4).
2026-10-09T08:48:09.6303466Z libgbm1 set to manually installed.
2026-10-09T08:48:09.6303787Z libglib2.0-0t64 is already the newest version (2.80.0-6ubuntu3.9).
2026-10-09T08:48:09.6304117Z libglib2.0-0t64 set to manually installed.
2026-10-09T08:48:09.6304521Z libnspr4 is already the newest version (2:4.35-1.1build1).
2026-10-09T08:48:09.6304888Z libnspr4 set to manually installed.
2026-10-09T08:48:09.6305224Z libnss3 is already the newest version (2:3.98-1ubuntu0.2).
2026-10-09T08:48:09.6305527Z libnss3 set to manually installed.
2026-10-09T08:48:09.6305860Z libpango-1.0-0 is already the newest version (1.52.1+ds-1build1).
2026-10-09T08:48:09.6306185Z libpango-1.0-0 set to manually installed.
2026-10-09T08:48:09.6306571Z libx11-6 is already the newest version (2:1.8.7-1build1).
2026-10-09T08:48:09.6306940Z libx11-6 set to manually installed.
2026-10-09T08:48:09.6307358Z libxcb1 is already the newest version (1.15-1ubuntu2).
2026-10-09T08:48:09.6307796Z libxcb1 set to manually installed.
2026-10-09T08:48:09.6308442Z libxcomposite1 is already the newest version (1:0.4.5-1build3).
2026-10-09T08:48:09.6308967Z libxcomposite1 set to manually installed.
2026-10-09T08:48:09.6309476Z libxdamage1 is already the newest version (1:1.1.6-1build1).
2026-10-09T08:48:09.6309876Z libxdamage1 set to manually installed.
2026-10-09T08:48:09.6310205Z libxext6 is already the newest version (2:1.3.4-1build2).
2026-10-09T08:48:09.6310495Z libxext6 set to manually installed.
2026-10-09T08:48:09.6310799Z libxfixes3 is already the newest version (1:6.0.0-2build1).
2026-10-09T08:48:09.6311326Z libxfixes3 set to manually installed.
2026-10-09T08:48:09.6311845Z libxkbcommon0 is already the newest version (1.6.0-1build1).
2026-10-09T08:48:09.6312335Z libxkbcommon0 set to manually installed.
2026-10-09T08:48:09.6312728Z libxrandr2 is already the newest version (2:1.5.2-2build1).
2026-10-09T08:48:09.6313038Z libxrandr2 set to manually installed.
2026-10-09T08:48:09.6313363Z xvfb is already the newest version (2:21.1.12-1ubuntu1.8).
2026-10-09T08:48:09.6313794Z fonts-noto-color-emoji is already the newest version (2.047-0ubuntu0.24.04.1).
2026-10-09T08:48:09.6314459Z libfontconfig1 is already the newest version (2.15.0-1.1ubuntu2).
2026-10-09T08:48:09.6314999Z libfontconfig1 set to manually installed.
2026-10-09T08:48:09.6315541Z fonts-liberation is already the newest version (1:2.1.5-3).
2026-10-09T08:48:09.6316060Z fonts-liberation set to manually installed.
2026-10-09T08:48:09.6316566Z The following additional packages will be installed:
2026-10-09T08:48:09.6317031Z   xfonts-encodings xfonts-utils
2026-10-09T08:48:09.6329090Z Recommended packages:
2026-10-09T08:48:09.6331197Z   fonts-ipafont-mincho fonts-tlwg-loma
2026-10-09T08:48:09.6460985Z The following NEW packages will be installed:
2026-10-09T08:48:09.6461711Z   fonts-freefont-ttf fonts-ipafont-gothic fonts-tlwg-loma-otf fonts-unifont
2026-10-09T08:48:09.6465595Z   fonts-wqy-zenhei xfonts-cyrillic xfonts-encodings xfonts-scalable
2026-10-09T08:48:09.6466448Z   xfonts-utils
2026-10-09T08:48:09.6469501Z The following packages will be upgraded:
2026-10-09T08:48:09.6472906Z   libfreetype6
2026-10-09T08:48:09.6609007Z 1 upgraded, 9 newly installed, 0 to remove and 22 not upgraded.
2026-10-09T08:48:09.6609556Z Need to get 21.5 MB of archives.
2026-10-09T08:48:09.6609962Z After this operation, 79.5 MB of additional disk space will be used.
2026-10-09T08:48:09.6610596Z Get:1 file:/etc/apt/apt-mirrors.txt Mirrorlist [144 B]
2026-10-09T08:48:09.7404597Z Get:2 http://azure.archive.ubuntu.com/ubuntu noble/universe amd64 fonts-ipafont-gothic all 00303-21ubuntu1 [3513 kB]
2026-10-09T08:48:09.8692539Z Get:3 http://azure.archive.ubuntu.com/ubuntu noble/main amd64 fonts-freefont-ttf all 20211204+svn4273-2 [5641 kB]
2026-10-09T08:48:10.1016127Z Get:4 http://azure.archive.ubuntu.com/ubuntu noble/universe amd64 fonts-tlwg-loma-otf all 1:0.7.3-1 [107 kB]
2026-10-09T08:48:10.1679420Z Get:5 http://azure.archive.ubuntu.com/ubuntu noble/universe amd64 fonts-unifont all 1:15.1.01-1build1 [2993 kB]
2026-10-09T08:48:10.2903356Z Get:6 http://azure.archive.ubuntu.com/ubuntu noble/universe amd64 fonts-wqy-zenhei all 0.9.45-8 [7472 kB]
2026-10-09T08:48:10.5116274Z Get:7 http://azure.archive.ubuntu.com/ubuntu noble-updates/main amd64 libfreetype6 amd64 2.13.2+dfsg-1ubuntu0.2 [403 kB]
2026-10-09T08:48:10.5874942Z Get:8 http://azure.archive.ubuntu.com/ubuntu noble/main amd64 xfonts-encodings all 1:1.0.5-0ubuntu2 [578 kB]
2026-10-09T08:48:10.6635258Z Get:9 http://azure.archive.ubuntu.com/ubuntu noble/main amd64 xfonts-utils amd64 1:7.7+6build3 [94.4 kB]
2026-10-09T08:48:10.7293497Z Get:10 http://azure.archive.ubuntu.com/ubuntu noble/universe amd64 xfonts-cyrillic all 1:1.0.5+nmu1 [384 kB]
2026-10-09T08:48:10.8017284Z Get:11 http://azure.archive.ubuntu.com/ubuntu noble/main amd64 xfonts-scalable all 1:1.0.3-1.3 [304 kB]
2026-10-09T08:48:11.0132808Z Fetched 21.5 MB in 1s (18.6 MB/s)
2026-10-09T08:48:11.0420582Z Selecting previously unselected package fonts-ipafont-gothic.
2026-10-09T08:48:11.0607638Z (Reading database ... 
2026-10-09T08:48:11.0608147Z (Reading database ... 5%
2026-10-09T08:48:11.0608634Z (Reading database ... 10%
2026-10-09T08:48:11.0608963Z (Reading database ... 15%
2026-10-09T08:48:11.0609281Z (Reading database ... 20%
2026-10-09T08:48:11.0609537Z (Reading database ... 25%
2026-10-09T08:48:11.0609808Z (Reading database ... 30%
2026-10-09T08:48:11.0610073Z (Reading database ... 35%
2026-10-09T08:48:11.0610272Z (Reading database ... 40%
2026-10-09T08:48:11.0610466Z (Reading database ... 45%
2026-10-09T08:48:11.0610661Z (Reading database ... 50%
2026-10-09T08:48:11.0648505Z (Reading database ... 55%
2026-10-09T08:48:11.1274829Z (Reading database ... 60%
2026-10-09T08:48:11.2889558Z (Reading database ... 65%
2026-10-09T08:48:11.4763522Z (Reading database ... 70%
2026-10-09T08:48:11.6796968Z (Reading database ... 75%
2026-10-09T08:48:11.7792919Z (Reading database ... 80%
2026-10-09T08:48:11.8878337Z (Reading database ... 85%
2026-10-09T08:48:11.9866614Z (Reading database ... 90%
2026-10-09T08:48:12.0775121Z (Reading database ... 95%
2026-10-09T08:48:12.0775434Z (Reading database ... 100%
2026-10-09T08:48:12.0775801Z (Reading database ... 203191 files and directories currently installed.)
2026-10-09T08:48:12.0815642Z Preparing to unpack .../0-fonts-ipafont-gothic_00303-21ubuntu1_all.deb ...
2026-10-09T08:48:12.0949862Z Unpacking fonts-ipafont-gothic (00303-21ubuntu1) ...
2026-10-09T08:48:12.3194844Z Selecting previously unselected package fonts-freefont-ttf.
2026-10-09T08:48:12.3306254Z Preparing to unpack .../1-fonts-freefont-ttf_20211204+svn4273-2_all.deb ...
2026-10-09T08:48:12.3311343Z Unpacking fonts-freefont-ttf (20211204+svn4273-2) ...
2026-10-09T08:48:12.4352545Z Selecting previously unselected package fonts-tlwg-loma-otf.
2026-10-09T08:48:12.4462873Z Preparing to unpack .../2-fonts-tlwg-loma-otf_1%3a0.7.3-1_all.deb ...
2026-10-09T08:48:12.4468507Z Unpacking fonts-tlwg-loma-otf (1:0.7.3-1) ...
2026-10-09T08:48:12.4638685Z Selecting previously unselected package fonts-unifont.
2026-10-09T08:48:12.4742010Z Preparing to unpack .../3-fonts-unifont_1%3a15.1.01-1build1_all.deb ...
2026-10-09T08:48:12.4748791Z Unpacking fonts-unifont (1:15.1.01-1build1) ...
2026-10-09T08:48:12.6844095Z Selecting previously unselected package fonts-wqy-zenhei.
2026-10-09T08:48:12.6955067Z Preparing to unpack .../4-fonts-wqy-zenhei_0.9.45-8_all.deb ...
2026-10-09T08:48:12.7036195Z Unpacking fonts-wqy-zenhei (0.9.45-8) ...
2026-10-09T08:48:13.1653269Z Preparing to unpack .../5-libfreetype6_2.13.2+dfsg-1ubuntu0.2_amd64.deb ...
2026-10-09T08:48:13.1676851Z Unpacking libfreetype6:amd64 (2.13.2+dfsg-1ubuntu0.2) over (2.13.2+dfsg-1ubuntu0.1) ...
2026-10-09T08:48:13.1902424Z Selecting previously unselected package xfonts-encodings.
2026-10-09T08:48:13.2006797Z Preparing to unpack .../6-xfonts-encodings_1%3a1.0.5-0ubuntu2_all.deb ...
2026-10-09T08:48:13.2012464Z Unpacking xfonts-encodings (1:1.0.5-0ubuntu2) ...
2026-10-09T08:48:13.2226592Z Selecting previously unselected package xfonts-utils.
2026-10-09T08:48:13.2329592Z Preparing to unpack .../7-xfonts-utils_1%3a7.7+6build3_amd64.deb ...
2026-10-09T08:48:13.2334781Z Unpacking xfonts-utils (1:7.7+6build3) ...
2026-10-09T08:48:13.2591973Z Selecting previously unselected package xfonts-cyrillic.
2026-10-09T08:48:13.2693336Z Preparing to unpack .../8-xfonts-cyrillic_1%3a1.0.5+nmu1_all.deb ...
2026-10-09T08:48:13.2698993Z Unpacking xfonts-cyrillic (1:1.0.5+nmu1) ...
2026-10-09T08:48:13.2950396Z Selecting previously unselected package xfonts-scalable.
2026-10-09T08:48:13.3054038Z Preparing to unpack .../9-xfonts-scalable_1%3a1.0.3-1.3_all.deb ...
2026-10-09T08:48:13.3059905Z Unpacking xfonts-scalable (1:1.0.3-1.3) ...
2026-10-09T08:48:13.3472286Z Setting up fonts-wqy-zenhei (0.9.45-8) ...
2026-10-09T08:48:13.3731620Z Setting up fonts-freefont-ttf (20211204+svn4273-2) ...
2026-10-09T08:48:13.3745071Z Setting up fonts-tlwg-loma-otf (1:0.7.3-1) ...
2026-10-09T08:48:13.3758825Z Setting up libfreetype6:amd64 (2.13.2+dfsg-1ubuntu0.2) ...
2026-10-09T08:48:13.3771653Z Setting up xfonts-encodings (1:1.0.5-0ubuntu2) ...
2026-10-09T08:48:13.3784954Z Setting up fonts-ipafont-gothic (00303-21ubuntu1) ...
2026-10-09T08:48:13.3838872Z update-alternatives: using /usr/share/fonts/opentype/ipafont-gothic/ipag.ttf to provide /usr/share/fonts/truetype/fonts-japanese-gothic.ttf (fonts-japanese-gothic.ttf) in auto mode
2026-10-09T08:48:13.3860992Z Setting up fonts-unifont (1:15.1.01-1build1) ...
2026-10-09T08:48:13.3875040Z Setting up xfonts-utils (1:7.7+6build3) ...
2026-10-09T08:48:13.3905810Z Setting up xfonts-cyrillic (1:1.0.5+nmu1) ...
2026-10-09T08:48:13.4133299Z Setting up xfonts-scalable (1:1.0.3-1.3) ...
2026-10-09T08:48:13.4357034Z Processing triggers for libc-bin (2.39-0ubuntu8.9) ...
2026-10-09T08:48:13.5690983Z Processing triggers for man-db (2.12.0-4build2) ...
2026-10-09T08:48:13.5707563Z Not building database; man-db/auto-update is not 'true'.
2026-10-09T08:48:13.5716176Z Processing triggers for fontconfig (2.15.0-1.1ubuntu2) ...
2026-10-09T08:48:14.1209934Z 
2026-10-09T08:48:14.1210539Z Running kernel seems to be up-to-date.
2026-10-09T08:48:14.1210790Z 
2026-10-09T08:48:14.1210899Z Restarting services...
2026-10-09T08:48:14.1273897Z  systemctl restart php8.3-fpm.service
2026-10-09T08:48:14.2207009Z 
2026-10-09T08:48:14.2208177Z No containers need to be restarted.
2026-10-09T08:48:14.2208677Z 
2026-10-09T08:48:14.2208937Z No user sessions are running outdated binaries.
2026-10-09T08:48:14.2209222Z 
2026-10-09T08:48:14.2209607Z No VM guests are running outdated hypervisor (qemu) binaries on this host.
2026-10-09T08:48:14.9660182Z Downloading Chromium 141.0.7390.37 (playwright build v1194) from https://cdn.playwright.dev/dbazure/download/playwright/builds/chromium/1194/chromium-linux.zip
2026-10-09T08:48:15.1120665Z |                                                                                |   0% of 173.9 MiB
2026-10-09T08:48:15.2652239Z |■■■■■■■■                                                                        |  10% of 173.9 MiB
2026-10-09T08:48:15.4010541Z |■■■■■■■■■■■■■■■■                                                                |  20% of 173.9 MiB
2026-10-09T08:48:15.5989569Z |■■■■■■■■■■■■■■■■■■■■■■■■                                                        |  30% of 173.9 MiB
2026-10-09T08:48:15.7011996Z |■■■■■■■■■■■■■■■■■■■■■■■■■■■■■■■■                                                |  40% of 173.9 MiB
2026-10-09T08:48:15.9184743Z |■■■■■■■■■■■■■■■■■■■■■■■■■■■■■■■■■■■■■■■■                                        |  50% of 173.9 MiB
2026-10-09T08:48:16.0375987Z |■■■■■■■■■■■■■■■■■■■■■■■■■■■■■■■■■■■■■■■■■■■■■■■■                                |  60% of 173.9 MiB
2026-10-09T08:48:16.2022989Z |■■■■■■■■■■■■■■■■■■■■■■■■■■■■■■■■■■■■■■■■■■■■■■■■■■■■■■■■                        |  70% of 173.9 MiB
2026-10-09T08:48:16.3863575Z |■■■■■■■■■■■■■■■■■■■■■■■■■■■■■■■■■■■■■■■■■■■■■■■■■■■■■■■■■■■■■■■■                |  80% of 173.9 MiB
2026-10-09T08:48:16.5976115Z |■■■■■■■■■■■■■■■■■■■■■■■■■■■■■■■■■■■■■■■■■■■■■■■■■■■■■■■■■■■■■■■■■■■■■■■■        |  90% of 173.9 MiB
2026-10-09T08:48:16.7482788Z |■■■■■■■■■■■■■■■■■■■■■■■■■■■■■■■■■■■■■■■■■■■■■■■■■■■■■■■■■■■■■■■■■■■■■■■■■■■■■■■■| 100% of 173.9 MiB
2026-10-09T08:48:19.3727899Z Chromium 141.0.7390.37 (playwright build v1194) downloaded to /home/runner/.cache/ms-playwright/chromium-1194
2026-10-09T08:48:19.3730546Z Downloading FFMPEG playwright build v1011 from https://cdn.playwright.dev/dbazure/download/playwright/builds/ffmpeg/1011/ffmpeg-linux.zip
2026-10-09T08:48:19.5047753Z |                                                                                |   0% of 2.3 MiB
2026-10-09T08:48:19.5090417Z |■■■■■■■■                                                                        |  10% of 2.3 MiB
2026-10-09T08:48:19.5108601Z |■■■■■■■■■■■■■■■■                                                                |  20% of 2.3 MiB
2026-10-09T08:48:19.5127660Z |■■■■■■■■■■■■■■■■■■■■■■■■                                                        |  30% of 2.3 MiB
2026-10-09T08:48:19.5141113Z |■■■■■■■■■■■■■■■■■■■■■■■■■■■■■■■■                                                |  40% of 2.3 MiB
2026-10-09T08:48:19.5293247Z |■■■■■■■■■■■■■■■■■■■■■■■■■■■■■■■■■■■■■■■■                                        |  50% of 2.3 MiB
2026-10-09T08:48:19.5358967Z |■■■■■■■■■■■■■■■■■■■■■■■■■■■■■■■■■■■■■■■■■■■■■■■■                                |  60% of 2.3 MiB
2026-10-09T08:48:19.5378120Z |■■■■■■■■■■■■■■■■■■■■■■■■■■■■■■■■■■■■■■■■■■■■■■■■■■■■■■■■                        |  70% of 2.3 MiB
2026-10-09T08:48:19.5390469Z |■■■■■■■■■■■■■■■■■■■■■■■■■■■■■■■■■■■■■■■■■■■■■■■■■■■■■■■■■■■■■■■■                |  80% of 2.3 MiB
2026-10-09T08:48:19.5401665Z |■■■■■■■■■■■■■■■■■■■■■■■■■■■■■■■■■■■■■■■■■■■■■■■■■■■■■■■■■■■■■■■■■■■■■■■■        |  90% of 2.3 MiB
2026-10-09T08:48:19.5409254Z |■■■■■■■■■■■■■■■■■■■■■■■■■■■■■■■■■■■■■■■■■■■■■■■■■■■■■■■■■■■■■■■■■■■■■■■■■■■■■■■■| 100% of 2.3 MiB
2026-10-09T08:48:19.5807624Z FFMPEG playwright build v1011 downloaded to /home/runner/.cache/ms-playwright/ffmpeg-1011
2026-10-09T08:48:19.5811564Z Downloading Chromium Headless Shell 141.0.7390.37 (playwright build v1194) from https://cdn.playwright.dev/dbazure/download/playwright/builds/chromium/1194/chromium-headless-shell-linux.zip
2026-10-09T08:48:19.7216496Z |                                                                                |   0% of 104.3 MiB
2026-10-09T08:48:19.8135759Z |■■■■■■■■                                                                        |  10% of 104.3 MiB
2026-10-09T08:48:19.9287798Z |■■■■■■■■■■■■■■■■                                                                |  20% of 104.3 MiB
2026-10-09T08:48:20.0028816Z |■■■■■■■■■■■■■■■■■■■■■■■■                                                        |  30% of 104.3 MiB
2026-10-09T08:48:20.0667385Z |■■■■■■■■■■■■■■■■■■■■■■■■■■■■■■■■                                                |  40% of 104.3 MiB
2026-10-09T08:48:20.1596323Z |■■■■■■■■■■■■■■■■■■■■■■■■■■■■■■■■■■■■■■■■                                        |  50% of 104.3 MiB
2026-10-09T08:48:20.2570594Z |■■■■■■■■■■■■■■■■■■■■■■■■■■■■■■■■■■■■■■■■■■■■■■■■                                |  60% of 104.3 MiB
2026-10-09T08:48:20.3165942Z |■■■■■■■■■■■■■■■■■■■■■■■■■■■■■■■■■■■■■■■■■■■■■■■■■■■■■■■■                        |  70% of 104.3 MiB
2026-10-09T08:48:20.3893260Z |■■■■■■■■■■■■■■■■■■■■■■■■■■■■■■■■■■■■■■■■■■■■■■■■■■■■■■■■■■■■■■■■                |  80% of 104.3 MiB
2026-10-09T08:48:20.4550616Z |■■■■■■■■■■■■■■■■■■■■■■■■■■■■■■■■■■■■■■■■■■■■■■■■■■■■■■■■■■■■■■■■■■■■■■■■        |  90% of 104.3 MiB
2026-10-09T08:48:20.5601423Z |■■■■■■■■■■■■■■■■■■■■■■■■■■■■■■■■■■■■■■■■■■■■■■■■■■■■■■■■■■■■■■■■■■■■■■■■■■■■■■■■| 100% of 104.3 MiB
2026-10-09T08:48:21.9279933Z Chromium Headless Shell 141.0.7390.37 (playwright build v1194) downloaded to /home/runner/.cache/ms-playwright/chromium_headless_shell-1194
2026-10-09T08:48:22.0273000Z ##[group]Run npm test
2026-10-09T08:48:22.0273250Z [36;1mnpm test[0m
2026-10-09T08:48:22.0331811Z shell: /usr/bin/bash -e {0}
2026-10-09T08:48:22.0332036Z ##[endgroup]
2026-10-09T08:48:22.1112105Z 
2026-10-09T08:48:22.1112725Z > partybox-g02-gin-rummy@1.2.1 test
2026-10-09T08:48:22.1113802Z > npm run build && node --test tests/*.test.mjs && node scripts/league.mjs && node scripts/mutations.mjs && node scripts/browser-check.mjs && node scripts/capture.mjs ci-current --public-history --ci-output && node scripts/integrity.mjs
2026-10-09T08:48:22.1114479Z 
2026-10-09T08:48:22.1863255Z 
2026-10-09T08:48:22.1863855Z > partybox-g02-gin-rummy@1.2.1 build
2026-10-09T08:48:22.1864238Z > tsc --noEmit && node scripts/build.mjs
2026-10-09T08:48:22.1864418Z 
2026-10-09T08:48:23.8223693Z TAP version 13
2026-10-09T08:48:23.9540137Z # {"suite":"all-phases","phases":6,"cases":408}
2026-10-09T08:48:23.9658067Z # Subtest: every event family, roster id and bot skill in every delivered phase
2026-10-09T08:48:23.9699812Z ok 1 - every event family, roster id and bot skill in every delivered phase
2026-10-09T08:48:23.9738926Z   ---
2026-10-09T08:48:23.9745881Z   duration_ms: 52.827438
2026-10-09T08:48:23.9748670Z   type: 'test'
2026-10-09T08:48:23.9748950Z   ...
2026-10-09T08:48:23.9749559Z # Subtest: registered prototype-looking ids remain valid players and finite result keys
2026-10-09T08:48:23.9750450Z ok 2 - registered prototype-looking ids remain valid players and finite result keys
2026-10-09T08:48:23.9750972Z   ---
2026-10-09T08:48:23.9751227Z   duration_ms: 5.868519
2026-10-09T08:48:23.9751910Z   type: 'test'
2026-10-09T08:48:23.9752154Z   ...
2026-10-09T08:48:27.6740531Z # {"suite":"batch-discard-proof","hands":1000,"outcomes":10500,"exactLayouts":true}
2026-10-09T08:48:27.6776029Z # Subtest: 10500 batch outcomes retain exact standalone layouts and independent minima
2026-10-09T08:48:27.6782050Z ok 3 - 10500 batch outcomes retain exact standalone layouts and independent minima
2026-10-09T08:48:27.6782881Z   ---
2026-10-09T08:48:27.6783372Z   duration_ms: 3770.349198
2026-10-09T08:48:27.6783916Z   type: 'test'
2026-10-09T08:48:27.6784355Z   ...
2026-10-09T08:48:33.2332387Z # {"suite":"boundary-fuzz","seed":912701,"invalidInputs":1000,"phases":6,"rejectedInputs":6000,"metadataChecks":282,"viewChecks":66}
2026-10-09T08:48:33.2352622Z # Subtest: 1000 seeded invalid JSON inputs and malformed event/identity metadata in every phase
2026-10-09T08:48:33.2355232Z ok 4 - 1000 seeded invalid JSON inputs and malformed event/identity metadata in every phase
2026-10-09T08:48:33.2356035Z   ---
2026-10-09T08:48:33.2356519Z   duration_ms: 57.591724
2026-10-09T08:48:33.2356996Z   type: 'test'
2026-10-09T08:48:33.2357443Z   ...
2026-10-09T08:48:33.2358909Z # {"suite":"mixed-event-replay","phaseStarts":6,"seedsPerPhase":100,"transitions":48000,"changed":12742,"eventFamilies":["input","player","speech","speechStart","timer","vip"]}
2026-10-09T08:48:33.2360468Z # Subtest: mixed event families replay through JSON after every transition from every phase
2026-10-09T08:48:33.2361573Z ok 5 - mixed event families replay through JSON after every transition from every phase
2026-10-09T08:48:33.2362306Z   ---
2026-10-09T08:48:33.2362768Z   duration_ms: 9268.589678
2026-10-09T08:48:33.2363250Z   type: 'test'
2026-10-09T08:48:33.2363672Z   ...
2026-10-09T08:48:33.2514342Z # Subtest: branching target ends retain exact minima, legal chains, layouts and all cards
2026-10-09T08:48:33.2515733Z ok 6 - branching target ends retain exact minima, legal chains, layouts and all cards
2026-10-09T08:48:33.2516635Z   ---
2026-10-09T08:48:33.2538751Z   duration_ms: 51.3349
2026-10-09T08:48:33.2541865Z   type: 'test'
2026-10-09T08:48:33.2542845Z   ...
2026-10-09T08:48:33.2543668Z # Subtest: current source-bound raw proof passes without discarding its largest interval
2026-10-09T08:48:33.2544752Z ok 7 - current source-bound raw proof passes without discarding its largest interval
2026-10-09T08:48:33.2545495Z   ---
2026-10-09T08:48:33.2546414Z   duration_ms: 2.632673
2026-10-09T08:48:33.2546933Z   type: 'test'
2026-10-09T08:48:33.2547398Z   ...
2026-10-09T08:48:33.2548394Z # Subtest: a refreshed inventory cannot accept stale browser or recording source hashes
2026-10-09T08:48:33.2549564Z ok 8 - a refreshed inventory cannot accept stale browser or recording source hashes
2026-10-09T08:48:33.2550303Z   ---
2026-10-09T08:48:33.2550744Z   duration_ms: 13.945795
2026-10-09T08:48:33.2551232Z   type: 'test'
2026-10-09T08:48:33.2551681Z   ...
2026-10-09T08:48:33.2552321Z # Subtest: changed end guards and failed snapshots are rejected
2026-10-09T08:48:33.2553150Z ok 9 - changed end guards and failed snapshots are rejected
2026-10-09T08:48:33.2553759Z   ---
2026-10-09T08:48:33.2554199Z   duration_ms: 8.930487
2026-10-09T08:48:33.2554681Z   type: 'test'
2026-10-09T08:48:33.2555120Z   ...
2026-10-09T08:48:33.2555934Z # Subtest: missing, altered and invalid raw intervals cannot be hidden by good summary fields
2026-10-09T08:48:33.2557065Z ok 10 - missing, altered and invalid raw intervals cannot be hidden by good summary fields
2026-10-09T08:48:33.2557816Z   ---
2026-10-09T08:48:33.2558460Z   duration_ms: 9.801186
2026-10-09T08:48:33.2558961Z   type: 'test'
2026-10-09T08:48:33.2559419Z   ...
2026-10-09T08:48:33.2560130Z # Subtest: reported statistics are recomputed from all retained intervals
2026-10-09T08:48:33.2561091Z ok 11 - reported statistics are recomputed from all retained intervals
2026-10-09T08:48:33.2561757Z   ---
2026-10-09T08:48:33.2562198Z   duration_ms: 13.157619
2026-10-09T08:48:33.2563908Z   type: 'test'
2026-10-09T08:48:33.2564380Z   ...
2026-10-09T08:48:33.2565382Z # Subtest: an honestly recomputed slow raw sample still fails the original frame gate
2026-10-09T08:48:33.2566801Z ok 12 - an honestly recomputed slow raw sample still fails the original frame gate
2026-10-09T08:48:33.2567534Z   ---
2026-10-09T08:48:33.2567993Z   duration_ms: 3.855973
2026-10-09T08:48:33.2568605Z   type: 'test'
2026-10-09T08:48:33.2569054Z   ...
2026-10-09T08:48:33.2569826Z # Subtest: profile dimensions, CPU rates and encoder separation must remain truthful
2026-10-09T08:48:33.2570930Z ok 13 - profile dimensions, CPU rates and encoder separation must remain truthful
2026-10-09T08:48:33.2571644Z   ---
2026-10-09T08:48:33.2572102Z   duration_ms: 13.956511
2026-10-09T08:48:33.2572903Z   type: 'test'
2026-10-09T08:48:33.2573917Z   ...
2026-10-09T08:48:33.2574623Z # Subtest: changed, oversized and falsely labeled recordings are rejected
2026-10-09T08:48:33.2575556Z ok 14 - changed, oversized and falsely labeled recordings are rejected
2026-10-09T08:48:33.2576225Z   ---
2026-10-09T08:48:33.2576696Z   duration_ms: 24.126981
2026-10-09T08:48:33.2577184Z   type: 'test'
2026-10-09T08:48:33.2577629Z   ...
2026-10-09T08:48:33.2578744Z # Subtest: actual capture CLI refuses invalid tags and existing media/report before any browser launch
2026-10-09T08:48:33.2580005Z ok 15 - actual capture CLI refuses invalid tags and existing media/report before any browser launch
2026-10-09T08:48:33.2580817Z   ---
2026-10-09T08:48:33.2581273Z   duration_ms: 737.882548
2026-10-09T08:48:33.2581763Z   type: 'test'
2026-10-09T08:48:33.2582209Z   ...
2026-10-09T08:48:33.2583077Z # Subtest: meld validation rejects impossible card IDs while preserving legitimate edge runs/sets
2026-10-09T08:48:33.2584273Z ok 16 - meld validation rejects impossible card IDs while preserving legitimate edge runs/sets
2026-10-09T08:48:33.2585052Z   ---
2026-10-09T08:48:33.2585509Z   duration_ms: 1.085255
2026-10-09T08:48:33.2586130Z   type: 'test'
2026-10-09T08:48:33.2586593Z   ...
2026-10-09T08:48:33.2587626Z # {"suite":"closed-meld-knock-settings","cases":1152,"minGain":11,"maxGain":60,"classicSignedBefore":-14,"classicSignedAfter":1}
2026-10-09T08:48:33.2589614Z # {"suite":"closed-meld-knock-independent-hidden-defenders","defenders":1000,"publicViewsByteIdentical":true,"minGain":5,"maxGain":5,"winningTransitions":0}
2026-10-09T08:48:33.2590947Z # {"suite":"closed-meld-knock-boundaries","controls":120}
2026-10-09T08:48:33.2592247Z # Subtest: Strong improves a finishing knock across different closed melds in every setting and suit
2026-10-09T08:48:33.2593508Z ok 17 - Strong improves a finishing knock across different closed melds in every setting and suit
2026-10-09T08:48:33.2594342Z   ---
2026-10-09T08:48:33.2595083Z   duration_ms: 1468.211177
2026-10-09T08:48:33.2595612Z   type: 'test'
2026-10-09T08:48:33.2596067Z   ...
2026-10-09T08:48:33.2596948Z # Subtest: 1000 identical public views keep the same safe choice and independent joint-defense score
2026-10-09T08:48:33.2598151Z ok 18 - 1000 identical public views keep the same safe choice and independent joint-defense score
2026-10-09T08:48:33.2599212Z   ---
2026-10-09T08:48:33.2599687Z   duration_ms: 5772.883779
2026-10-09T08:48:33.2600185Z   type: 'test'
2026-10-09T08:48:33.2600686Z   ...
2026-10-09T08:48:33.2601700Z # Subtest: closed-target dominance preserves forbidden returns, no-knock, Gin and inactive boundaries
2026-10-09T08:48:33.2602975Z ok 19 - closed-target dominance preserves forbidden returns, no-knock, Gin and inactive boundaries
2026-10-09T08:48:33.2603767Z   ---
2026-10-09T08:48:33.2604203Z   duration_ms: 31.68888
2026-10-09T08:48:33.2604686Z   type: 'test'
2026-10-09T08:48:33.2605127Z   ...
2026-10-09T08:48:54.6090387Z # {"suite":"bot-contract","variant":"standard","players":2,"games":1000,"replays":1000,"totalEvents":260844,"maxEvents":612,"replayChecks":260844,"comparison":"every-event SHA256 and bytes; JSON-roundtrip replay"}
2026-10-09T08:49:15.9316723Z # {"suite":"bot-contract","variant":"standard","players":3,"games":1000,"replays":1000,"totalEvents":285455,"maxEvents":775,"replayChecks":285455,"comparison":"every-event SHA256 and bytes; JSON-roundtrip replay"}
2026-10-09T08:49:41.7772365Z # {"suite":"bot-contract","variant":"standard","players":4,"games":1000,"replays":1000,"totalEvents":344241,"maxEvents":825,"replayChecks":344241,"comparison":"every-event SHA256 and bytes; JSON-roundtrip replay"}
2026-10-09T08:50:00.6306981Z # {"suite":"bot-contract","variant":"oklahoma","players":2,"games":1000,"replays":1000,"totalEvents":255515,"maxEvents":755,"replayChecks":255515,"comparison":"every-event SHA256 and bytes; JSON-roundtrip replay"}
2026-10-09T08:50:21.2938541Z # {"suite":"bot-contract","variant":"oklahoma","players":3,"games":1000,"replays":1000,"totalEvents":268526,"maxEvents":812,"replayChecks":268526,"comparison":"every-event SHA256 and bytes; JSON-roundtrip replay"}
2026-10-09T08:50:46.0819324Z # {"suite":"bot-contract","variant":"oklahoma","players":4,"games":1000,"replays":1000,"totalEvents":315689,"maxEvents":929,"replayChecks":315689,"comparison":"every-event SHA256 and bytes; JSON-roundtrip replay"}
2026-10-09T08:50:55.1571517Z # {"suite":"properties","seeds":1003,"events":420546}
2026-10-09T08:50:57.6577233Z # {"suite":"secrecy","comparisons":7925}
2026-10-09T08:50:57.6764107Z # Subtest: 1000 finished seeded bot games at EACH valid count/edition, hash replay after EVERY event
2026-10-09T08:50:57.6765311Z ok 20 - 1000 finished seeded bot games at EACH valid count/edition, hash replay after EVERY event
2026-10-09T08:50:57.6765978Z   ---
2026-10-09T08:50:57.6766281Z   duration_ms: 138286.461824
2026-10-09T08:50:57.6766611Z   type: 'test'
2026-10-09T08:50:57.6766868Z   ...
2026-10-09T08:50:57.6767510Z # Subtest: property seeds 1,2,3 plus 1000 random seeds: adversarial event sequences and immutability
2026-10-09T08:50:57.6768777Z ok 21 - property seeds 1,2,3 plus 1000 random seeds: adversarial event sequences and immutability
2026-10-09T08:50:57.6771211Z   ---
2026-10-09T08:50:57.6771568Z   duration_ms: 9074.422341
2026-10-09T08:50:57.6771910Z   type: 'test'
2026-10-09T08:50:57.6772196Z   ...
2026-10-09T08:50:57.6772864Z # Subtest: hidden-card/order perturbations never change TV, another controller or bot decisions
2026-10-09T08:50:57.6773863Z ok 22 - hidden-card/order perturbations never change TV, another controller or bot decisions
2026-10-09T08:50:57.6774415Z   ---
2026-10-09T08:50:57.6774664Z   duration_ms: 2500.54301
2026-10-09T08:50:57.6774936Z   type: 'test'
2026-10-09T08:50:57.6779866Z   ...
2026-10-09T08:50:57.6780488Z # Subtest: idle/no-clock matches remain until explicit end, every phase can exit via VIP
2026-10-09T08:50:57.6781034Z ok 23 - idle/no-clock matches remain until explicit end, every phase can exit via VIP
2026-10-09T08:50:57.6781369Z   ---
2026-10-09T08:50:57.6781540Z   duration_ms: 16.572523
2026-10-09T08:50:57.6781733Z   type: 'test'
2026-10-09T08:50:57.6781902Z   ...
2026-10-09T08:50:57.6946260Z # {"suite":"departures","initialCases":1000,"completeMatches":120,"events":17184,"maxAutomatedTransitions":75}
2026-10-09T08:50:57.6947322Z # Subtest: departures in every live phase finish the absent turn without exposing its hand
2026-10-09T08:50:57.6948407Z ok 24 - departures in every live phase finish the absent turn without exposing its hand
2026-10-09T08:50:57.6948954Z   ---
2026-10-09T08:50:57.6949220Z   duration_ms: 15.31711
2026-10-09T08:50:57.6949519Z   type: 'test'
2026-10-09T08:50:57.6949769Z   ...
2026-10-09T08:50:57.6950430Z # Subtest: 1000 departure/drop cases and 120 full matches never leave an absent seat blocking play
2026-10-09T08:50:57.6951373Z ok 25 - 1000 departure/drop cases and 120 full matches never leave an absent seat blocking play
2026-10-09T08:50:57.6951937Z   ---
2026-10-09T08:50:57.6952196Z   duration_ms: 2871.231849
2026-10-09T08:50:57.6952490Z   type: 'test'
2026-10-09T08:50:57.6952734Z   ...
2026-10-09T08:50:57.6953429Z # Subtest: empty rooms pause, reconnect resumes only an automatic pause, and permanent leaves cannot rejoin
2026-10-09T08:50:57.6954466Z ok 26 - empty rooms pause, reconnect resumes only an automatic pause, and permanent leaves cannot rejoin
2026-10-09T08:50:57.6955419Z   ---
2026-10-09T08:50:57.6955666Z   duration_ms: 0.807063
2026-10-09T08:50:57.6955954Z   type: 'test'
2026-10-09T08:50:57.6956197Z   ...
2026-10-09T08:50:57.6956852Z # Subtest: departures during VIP pause drain only on resume; malformed control events do nothing
2026-10-09T08:50:57.6957797Z ok 27 - departures during VIP pause drain only on resume; malformed control events do nothing
2026-10-09T08:50:57.6958493Z   ---
2026-10-09T08:50:57.6958753Z   duration_ms: 0.414693
2026-10-09T08:50:57.6959035Z   type: 'test'
2026-10-09T08:50:57.6959278Z   ...
2026-10-09T08:50:57.6959954Z # {"suite":"deadwood-proof","hands":10000,"tenCard":5000,"elevenCard":5000,"seed":20261008,"checksum":584788}
2026-10-09T08:50:57.6960923Z # Subtest: independent exhaustive meld-subset packing proves 10000 exact minima
2026-10-09T08:50:57.6961736Z ok 28 - independent exhaustive meld-subset packing proves 10000 exact minima
2026-10-09T08:50:57.6962221Z   ---
2026-10-09T08:50:57.6962494Z   duration_ms: 5934.935372
2026-10-09T08:50:57.6962793Z   type: 'test'
2026-10-09T08:50:57.6963034Z   ...
2026-10-09T08:50:57.6964568Z # {"suite":"draw-subset-public-information-boundary","pairedIdenticalPublicViews":576,"productionDrawChoices":1152,"minGinAdvantage":21,"maxGinAdvantage":52,"minMissAdvantage":14,"classicGin":25,"classicPickup":4,"classicStockMiss":-10}
2026-10-09T08:50:57.6966586Z # Subtest: draw evaluation retains public-information policy when finishing-subset pickup trades a larger hidden Gin for a small knock
2026-10-09T08:50:57.6967973Z ok 29 - draw evaluation retains public-information policy when finishing-subset pickup trades a larger hidden Gin for a small knock
2026-10-09T08:50:57.6969447Z   ---
2026-10-09T08:50:57.6969717Z   duration_ms: 1410.610135
2026-10-09T08:50:57.6970031Z   type: 'test'
2026-10-09T08:50:57.6970286Z   ...
2026-10-09T08:50:57.6970875Z # Subtest: actual Big Gin reducer keeps eleven cards, rejects disabled/incomplete claims and prevents layoffs
2026-10-09T08:50:57.6971540Z ok 30 - actual Big Gin reducer keeps eleven cards, rejects disabled/incomplete claims and prevents layoffs
2026-10-09T08:50:57.6971924Z   ---
2026-10-09T08:50:57.6972096Z   duration_ms: 6.012248
2026-10-09T08:50:57.6972288Z   type: 'test'
2026-10-09T08:50:57.6972455Z   ...
2026-10-09T08:50:57.6973034Z # Subtest: actual Gin/normal knock phases, custom layout rejection, match completion and Oklahoma boxes
2026-10-09T08:50:57.6973629Z ok 31 - actual Gin/normal knock phases, custom layout rejection, match completion and Oklahoma boxes
2026-10-09T08:50:57.6973978Z   ---
2026-10-09T08:50:57.6974139Z   duration_ms: 3.351204
2026-10-09T08:50:57.6974323Z   type: 'test'
2026-10-09T08:50:57.6974487Z   ...
2026-10-09T08:50:57.6974861Z # Subtest: winner-stays queue for every rotation size, drawn hand retains seats, each dealer setting
2026-10-09T08:50:57.6975425Z ok 32 - winner-stays queue for every rotation size, drawn hand retains seats, each dealer setting
2026-10-09T08:50:57.6975761Z   ---
2026-10-09T08:50:57.6975920Z   duration_ms: 1.476322
2026-10-09T08:50:57.6976096Z   type: 'test'
2026-10-09T08:50:57.6976253Z   ...
2026-10-09T08:50:57.6977408Z # {"frameWindow":"READY","profile":"desktop","sourceSha256":"aaaaaaaaaaaaaaaaaaaaaaaaaaaaaaaaaaaaaaaaaaaaaaaaaaaaaaaaaaaaaaaa","attemptNonce":"599dc5ca-d081-434e-8fab-90928744739c","utc":"2026-10-09T08:48:37.243Z"}
2026-10-09T08:50:57.6980376Z # {"frameWindow":"CLOSED","profile":"desktop","sourceSha256":"aaaaaaaaaaaaaaaaaaaaaaaaaaaaaaaaaaaaaaaaaaaaaaaaaaaaaaaaaaaaaaaa","attemptNonce":"599dc5ca-d081-434e-8fab-90928744739c","coordination":"root-granted","readyUtc":"2026-10-09T08:48:37.243Z","grantUtc":"2026-10-09T08:48:38.347Z","status":"closed","utc":"2026-10-09T08:48:38.347Z"}
2026-10-09T08:50:57.6982738Z # {"frameWindow":"READY","profile":"desktop","sourceSha256":"aaaaaaaaaaaaaaaaaaaaaaaaaaaaaaaaaaaaaaaaaaaaaaaaaaaaaaaaaaaaaaaa","attemptNonce":"f429d0d5-f8b2-47f2-b33c-a2405b452b33","utc":"2026-10-09T08:48:38.348Z"}
2026-10-09T08:50:57.6984863Z # {"frameWindow":"CLOSED","profile":"desktop","sourceSha256":"aaaaaaaaaaaaaaaaaaaaaaaaaaaaaaaaaaaaaaaaaaaaaaaaaaaaaaaaaaaaaaaa","attemptNonce":"f429d0d5-f8b2-47f2-b33c-a2405b452b33","coordination":"root-granted","readyUtc":"2026-10-09T08:48:38.348Z","grantUtc":"2026-10-09T08:48:38.550Z","status":"closed","utc":"2026-10-09T08:48:38.550Z"}
2026-10-09T08:50:57.6986859Z # {"actualGrantCorruptionControls":10,"sequentialAttempts":2}
2026-10-09T08:50:57.6988526Z # {"frameWindow":"READY","profile":"desktop","sourceSha256":"aaaaaaaaaaaaaaaaaaaaaaaaaaaaaaaaaaaaaaaaaaaaaaaaaaaaaaaaaaaaaaaa","attemptNonce":"07710e05-56a7-4b50-aae8-09bb23d9e6b9","utc":"2026-10-09T08:48:38.553Z"}
2026-10-09T08:50:57.6990074Z # Subtest: actual temporary grants reject stale nonce/source/profile and malformed or extra fields
2026-10-09T08:50:57.6991015Z ok 33 - actual temporary grants reject stale nonce/source/profile and malformed or extra fields
2026-10-09T08:50:57.6991557Z   ---
2026-10-09T08:50:57.6991808Z   duration_ms: 1310.050435
2026-10-09T08:50:57.6992100Z   type: 'test'
2026-10-09T08:50:57.6992340Z   ...
2026-10-09T08:50:57.6995162Z # {"frameWindow":"CLOSED","profile":"desktop","sourceSha256":"aaaaaaaaaaaaaaaaaaaaaaaaaaaaaaaaaaaaaaaaaaaaaaaaaaaaaaaaaaaaaaaa","attemptNonce":"07710e05-56a7-4b50-aae8-09bb23d9e6b9","coordination":"root-granted","readyUtc":"2026-10-09T08:48:38.553Z","grantUtc":null,"status":"failed","reason":"matching grant timed out","utc":"2026-10-09T08:48:38.653Z"}
2026-10-09T08:50:57.6997379Z # Subtest: actual missing grant fails and writes CLOSED; no configured barrier returns an explicit uncoordinated identity
2026-10-09T08:50:57.6998660Z ok 34 - actual missing grant fails and writes CLOSED; no configured barrier returns an explicit uncoordinated identity
2026-10-09T08:50:57.6999289Z   ---
2026-10-09T08:50:57.6999524Z   duration_ms: 102.160573
2026-10-09T08:50:57.6999812Z   type: 'test'
2026-10-09T08:50:57.7000041Z   ...
2026-10-09T08:50:57.7001078Z # {"suite":"preexisting-gin-draw-matrix","cases":6912,"actualLegalDrawPhaseRoutes":true,"skills":3,"variants":2,"counts":[2,3,4],"suits":4,"endpoints":2,"clockSettings":[0,10]}
2026-10-09T08:50:57.7002640Z # {"suite":"preexisting-gin-hidden-defenders","cases":1000,"choices":3000,"sha256":"2e50741934f3e2fc8cdb29eb066c29fe991f8fc1a2cd24123969b3121ec98db8"}
2026-10-09T08:50:57.7003601Z # {"suite":"preexisting-gin-draw-boundaries","controls":90}
2026-10-09T08:50:57.7004566Z # {"suite":"preexisting-gin-measured-gain","immediatePoints":31,"priorPassRoutePoints":20,"gain":11}
2026-10-09T08:50:57.7005557Z # Subtest: all skills take a guaranteed finishing discard even when ten-card deadwood is already zero
2026-10-09T08:50:57.7006501Z ok 35 - all skills take a guaranteed finishing discard even when ten-card deadwood is already zero
2026-10-09T08:50:57.7007056Z   ---
2026-10-09T08:50:57.7007292Z   duration_ms: 2536.133231
2026-10-09T08:50:57.7007573Z   type: 'test'
2026-10-09T08:50:57.7007803Z   ...
2026-10-09T08:50:57.7008625Z # Subtest: 1000 hidden defender completions keep the same guaranteed choice and exact independent finishing score
2026-10-09T08:50:57.7009701Z ok 36 - 1000 hidden defender completions keep the same guaranteed choice and exact independent finishing score
2026-10-09T08:50:57.7010302Z   ---
2026-10-09T08:50:57.7010539Z   duration_ms: 963.695501
2026-10-09T08:50:57.7010815Z   type: 'test'
2026-10-09T08:50:57.7011047Z   ...
2026-10-09T08:50:57.7011749Z # Subtest: forced stock, unavailable actors, pause and non-finishing discards retain the original legal boundaries
2026-10-09T08:50:57.7012815Z ok 37 - forced stock, unavailable actors, pause and non-finishing discards retain the original legal boundaries
2026-10-09T08:50:57.7013414Z   ---
2026-10-09T08:50:57.7013647Z   duration_ms: 11.633267
2026-10-09T08:50:57.7013920Z   type: 'test'
2026-10-09T08:50:57.7014148Z   ...
2026-10-09T08:50:57.7014728Z # Subtest: the reproduced opening takes 31-point Big Gin instead of passing into a 20-point Gin
2026-10-09T08:50:57.7015613Z ok 38 - the reproduced opening takes 31-point Big Gin instead of passing into a 20-point Gin
2026-10-09T08:50:57.7016269Z   ---
2026-10-09T08:50:57.7016491Z   duration_ms: 1.510082
2026-10-09T08:50:57.7016671Z   type: 'test'
2026-10-09T08:50:57.7016824Z   ...
2026-10-09T08:50:57.7017134Z # {"suite":"strong-guaranteed-gin","cases":72,"knownClassicPoints":22}
2026-10-09T08:50:57.7018015Z # {"suite":"gin-actual-score-dominance","defenders":1000,"ordinaryComparisons":6904,"minGain":21,"sha256":"d57bb9977c2b677288f79cc4dae664d82a2d9bf8316ccc658f30362fdc3130d5"}
2026-10-09T08:50:57.7019128Z # {"suite":"gin-policy-boundaries","forbiddenCases":52,"bigGinCases":12}
2026-10-09T08:50:57.7019998Z # Subtest: Strong takes guaranteed Gin despite public discard danger in every edition/profile/rotation
2026-10-09T08:50:57.7020972Z ok 39 - Strong takes guaranteed Gin despite public discard danger in every edition/profile/rotation
2026-10-09T08:50:57.7021541Z   ---
2026-10-09T08:50:57.7021775Z   duration_ms: 58.245535
2026-10-09T08:50:57.7022051Z   type: 'test'
2026-10-09T08:50:57.7022301Z   ...
2026-10-09T08:50:57.7022955Z # Subtest: actual Gin scoring dominates every legal ordinary knock against 1000 disjoint hidden defenders
2026-10-09T08:50:57.7023951Z ok 40 - actual Gin scoring dominates every legal ordinary knock against 1000 disjoint hidden defenders
2026-10-09T08:50:57.7024524Z   ---
2026-10-09T08:50:57.7024760Z   duration_ms: 2014.309925
2026-10-09T08:50:57.7025065Z   type: 'test'
2026-10-09T08:50:57.7025300Z   ...
2026-10-09T08:50:57.7025979Z # Subtest: Gin priority respects immediate-return prohibition and preserves the existing Big Gin branch
2026-10-09T08:50:57.7026975Z ok 41 - Gin priority respects immediate-return prohibition and preserves the existing Big Gin branch
2026-10-09T08:50:57.7027545Z   ---
2026-10-09T08:50:57.7027783Z   duration_ms: 19.290347
2026-10-09T08:50:57.7027960Z   type: 'test'
2026-10-09T08:50:57.7028110Z   ...
2026-10-09T08:50:57.7029061Z # {"suite":"non-gin-policy-byte-equivalence","states":10000,"decisions":30000,"baselineHead":"72d0f3f4ad4f6b70a8ac6b0ed81121300aa54c1f"}
2026-10-09T08:50:57.7030097Z # Subtest: all 30000 non-Gin bot choices retain the accepted pre-repair behavior
2026-10-09T08:50:57.7030870Z ok 42 - all 30000 non-Gin bot choices retain the accepted pre-repair behavior
2026-10-09T08:50:57.7031361Z   ---
2026-10-09T08:50:57.7031612Z   duration_ms: 2209.516797
2026-10-09T08:50:57.7031905Z   type: 'test'
2026-10-09T08:50:57.7032137Z   ...
2026-10-09T08:50:57.7033186Z # {"suite":"initial-presence-exhaustive","cases":336,"connectionMasks":"all","counts":[2,3,4],"variants":["standard","oklahoma"],"clocks":[0,10]}
2026-10-09T08:50:57.7034100Z # {"suite":"initial-presence-seeded","cases":1000}
2026-10-09T08:50:57.7034840Z # Subtest: known initial presence is handled before either player needs to send an event
2026-10-09T08:50:57.7035703Z ok 43 - known initial presence is handled before either player needs to send an event
2026-10-09T08:50:57.7036226Z   ---
2026-10-09T08:50:57.7036478Z   duration_ms: 298.136132
2026-10-09T08:50:57.7036784Z   type: 'test'
2026-10-09T08:50:57.7037039Z   ...
2026-10-09T08:50:57.7037712Z # Subtest: 1000 seeded initial presence patterns are playable or paused without a duplicate drop event
2026-10-09T08:50:57.7038876Z ok 44 - 1000 seeded initial presence patterns are playable or paused without a duplicate drop event
2026-10-09T08:50:57.7039463Z   ---
2026-10-09T08:50:57.7039713Z   duration_ms: 335.407279
2026-10-09T08:50:57.7040019Z   type: 'test'
2026-10-09T08:50:57.7040265Z   ...
2026-10-09T08:50:57.7041090Z # {"suite":"connected-initialization-byte-equivalence","cases":6000,"baselineHead":"d5fbb39746f8f7900bee57506e8133e8675f48ed"}
2026-10-09T08:50:57.7042129Z # Subtest: all-connected opening states retain the exact 6000 pre-repair JSON states
2026-10-09T08:50:57.7042948Z ok 45 - all-connected opening states retain the exact 6000 pre-repair JSON states
2026-10-09T08:50:57.7043462Z   ---
2026-10-09T08:50:57.7043724Z   duration_ms: 130.20451
2026-10-09T08:50:57.7044016Z   type: 'test'
2026-10-09T08:50:57.7044241Z   ...
2026-10-09T08:50:57.7045156Z # {"suite":"same-meld-knock-configurations","cases":576,"minGain":1,"classicPointsBefore":1,"classicPointsAfter":2}
2026-10-09T08:50:57.7046775Z # {"suite":"same-meld-knock-hidden-defenders","defenders":1000,"minGain":1,"maxGain":2,"positiveKnocks":1000,"undercuts":0,"sha256":"8b7cd1f52b2b229393f43ad8ccd09056a2c496a42b5d8e277cf9436049027bd2"}
2026-10-09T08:50:57.7047785Z # {"suite":"same-meld-knock-boundaries","controls":120}
2026-10-09T08:50:57.7048638Z # {"suite":"same-meld-knock-score-boundaries","cases":144,"winningTransitions":36,"minGain":1,"maxGain":52,"defenderDeadwoods":[0,1,2,3]}
2026-10-09T08:50:57.7049331Z # Subtest: Strong takes the strictly better same-meld knock in all editions, profiles, rosters and suits
2026-10-09T08:50:57.7049907Z ok 46 - Strong takes the strictly better same-meld knock in all editions, profiles, rosters and suits
2026-10-09T08:50:57.7050250Z   ---
2026-10-09T08:50:57.7050411Z   duration_ms: 550.514942
2026-10-09T08:50:57.7050603Z   type: 'test'
2026-10-09T08:50:57.7050772Z   ...
2026-10-09T08:50:57.7051199Z # Subtest: the same public decision dominates against 1000 hidden defenders with independent joint layoff scoring
2026-10-09T08:50:57.7051834Z ok 47 - the same public decision dominates against 1000 hidden defenders with independent joint layoff scoring
2026-10-09T08:50:57.7052200Z   ---
2026-10-09T08:50:57.7052364Z   duration_ms: 2532.068704
2026-10-09T08:50:57.7052554Z   type: 'test'
2026-10-09T08:50:57.7052709Z   ...
2026-10-09T08:50:57.7053128Z # Subtest: ordinary-knock priority retains immediate-return, Gin, no-knock and unavailable-player boundaries
2026-10-09T08:50:57.7053747Z ok 48 - ordinary-knock priority retains immediate-return, Gin, no-knock and unavailable-player boundaries
2026-10-09T08:50:57.7054105Z   ---
2026-10-09T08:50:57.7054267Z   duration_ms: 18.381836
2026-10-09T08:50:57.7054447Z   type: 'test'
2026-10-09T08:50:57.7054599Z   ...
2026-10-09T08:50:57.7055008Z # Subtest: same-meld lower deadwood improves both undercuts and the transition from undercut to winning knock
2026-10-09T08:50:57.7055620Z ok 49 - same-meld lower deadwood improves both undercuts and the transition from undercut to winning knock
2026-10-09T08:50:57.7055971Z   ---
2026-10-09T08:50:57.7056124Z   duration_ms: 338.59557
2026-10-09T08:50:57.7056303Z   type: 'test'
2026-10-09T08:50:57.7056456Z   ...
2026-10-09T08:50:57.7057058Z # {"suite":"joint-layoff-proof","hands":2000,"twoTarget":1000,"threeTarget":1000,"seed":816777,"checksum":102460,"actualLaidCards":1534}
2026-10-09T08:50:57.7057716Z # Subtest: 2000 independent joint meld/layoff weighted packings including chained extensions
2026-10-09T08:50:57.7058542Z ok 50 - 2000 independent joint meld/layoff weighted packings including chained extensions
2026-10-09T08:50:57.7059094Z   ---
2026-10-09T08:50:57.7059353Z   duration_ms: 5413.985823
2026-10-09T08:50:57.7059656Z   type: 'test'
2026-10-09T08:50:57.7059906Z   ...
2026-10-09T08:50:57.7060842Z # {"suite":"public-discard-closed-meld-knock-settings","cases":1152,"minGain":11,"maxGain":52,"classicSignedBefore":-10,"classicSignedAfter":1}
2026-10-09T08:50:57.7062636Z # {"suite":"public-discard-closed-meld-knock-independent-hidden-defenders","defenders":1000,"publicViewsByteIdentical":true,"minGain":1,"maxGain":1,"winningTransitions":0}
2026-10-09T08:50:57.7063924Z # {"suite":"public-discard-closed-meld-knock-boundaries","controls":168}
2026-10-09T08:50:57.7064897Z # Subtest: Strong excludes publicly discarded cards from finishing layoff targets in every setting and suit
2026-10-09T08:50:57.7065962Z ok 51 - Strong excludes publicly discarded cards from finishing layoff targets in every setting and suit
2026-10-09T08:50:57.7066565Z   ---
2026-10-09T08:50:57.7066818Z   duration_ms: 1450.475927
2026-10-09T08:50:57.7067128Z   type: 'test'
2026-10-09T08:50:57.7067372Z   ...
2026-10-09T08:50:57.7068018Z # Subtest: 1000 identical public views keep the same safe choice and independent joint-defense score
2026-10-09T08:50:57.7069158Z ok 52 - 1000 identical public views keep the same safe choice and independent joint-defense score
2026-10-09T08:50:57.7069964Z   ---
2026-10-09T08:50:57.7070266Z   duration_ms: 5653.357406
2026-10-09T08:50:57.7070559Z   type: 'test'
2026-10-09T08:50:57.7070803Z   ...
2026-10-09T08:50:57.7071538Z # Subtest: public discard closure preserves hidden-card uncertainty, forbidden returns, no-knock and Gin boundaries
2026-10-09T08:50:57.7072675Z ok 53 - public discard closure preserves hidden-card uncertainty, forbidden returns, no-knock and Gin boundaries
2026-10-09T08:50:57.7073296Z   ---
2026-10-09T08:50:57.7073551Z   duration_ms: 61.303562
2026-10-09T08:50:57.7073857Z   type: 'test'
2026-10-09T08:50:57.7074105Z   ...
2026-10-09T08:50:57.7074745Z # {"suite":"opening-pass-attribution","directPassCases":360,"editions":2,"counts":[2,3,4]}
2026-10-09T08:50:57.7075587Z # {"suite":"pass-valid-ids","cases":240,"ids":["","__proto__","constructor","last"]}
2026-10-09T08:50:57.7076369Z # {"suite":"automatic-pass-attribution","routes":["timer","vip","player"]}
2026-10-09T08:50:57.7077205Z # Subtest: both opening passes identify their actual actors across counts, editions and seeds
2026-10-09T08:50:57.7078088Z ok 54 - both opening passes identify their actual actors across counts, editions and seeds
2026-10-09T08:50:57.7078760Z   ---
2026-10-09T08:50:57.7078995Z   duration_ms: 84.639703
2026-10-09T08:50:57.7079272Z   type: 'test'
2026-10-09T08:50:57.7079507Z   ...
2026-10-09T08:50:57.7080066Z # Subtest: empty and prototype-shaped original IDs retain pass attribution as own keys
2026-10-09T08:50:57.7080723Z ok 55 - empty and prototype-shaped original IDs retain pass attribution as own keys
2026-10-09T08:50:57.7081031Z   ---
2026-10-09T08:50:57.7081194Z   duration_ms: 38.56086
2026-10-09T08:50:57.7081375Z   type: 'test'
2026-10-09T08:50:57.7081530Z   ...
2026-10-09T08:50:57.7081848Z # Subtest: timer, VIP skip and absent-seat automation identify the automatic passer
2026-10-09T08:50:57.7082303Z ok 56 - timer, VIP skip and absent-seat automation identify the automatic passer
2026-10-09T08:50:57.7082598Z   ---
2026-10-09T08:50:57.7082755Z   duration_ms: 2.006897
2026-10-09T08:50:57.7082928Z   type: 'test'
2026-10-09T08:50:57.7083080Z   ...
2026-10-09T08:50:57.7083442Z # Subtest: first raw target winner keeps the crown even when final box settlement reverses points
2026-10-09T08:50:57.7083980Z ok 57 - first raw target winner keeps the crown even when final box settlement reverses points
2026-10-09T08:50:57.7084461Z   ---
2026-10-09T08:50:57.7084617Z   duration_ms: 8.948109
2026-10-09T08:50:57.7084794Z   type: 'test'
2026-10-09T08:50:57.7084944Z   ...
2026-10-09T08:50:57.7085286Z # Subtest: every valid string ID, including empty, wins, earns bonuses and stays in rotation
2026-10-09T08:50:57.7085795Z ok 58 - every valid string ID, including empty, wins, earns bonuses and stays in rotation
2026-10-09T08:50:57.7086106Z   ---
2026-10-09T08:50:57.7086260Z   duration_ms: 14.686563
2026-10-09T08:50:57.7086446Z   type: 'test'
2026-10-09T08:50:57.7086604Z   ...
2026-10-09T08:50:57.7086957Z # Subtest: malformed identity metadata cannot coerce a registered ID, throw or reveal a hand
2026-10-09T08:50:57.7087476Z ok 59 - malformed identity metadata cannot coerce a registered ID, throw or reveal a hand
2026-10-09T08:50:57.7087798Z   ---
2026-10-09T08:50:57.7087955Z   duration_ms: 1.408242
2026-10-09T08:50:57.7088128Z   type: 'test'
2026-10-09T08:50:57.7088472Z   ...
2026-10-09T08:50:57.7088814Z # Subtest: early end preserves earned raw points and reports current standings
2026-10-09T08:50:57.7089259Z ok 60 - early end preserves earned raw points and reports current standings
2026-10-09T08:50:57.7089547Z   ---
2026-10-09T08:50:57.7089700Z   duration_ms: 0.539077
2026-10-09T08:50:57.7089871Z   type: 'test'
2026-10-09T08:50:57.7090027Z   ...
2026-10-09T08:50:57.7090258Z # Subtest: aces low, set cardinality, runs and overlap
2026-10-09T08:50:57.7090657Z ok 61 - aces low, set cardinality, runs and overlap
2026-10-09T08:50:57.7091011Z   ---
2026-10-09T08:50:57.7091253Z   duration_ms: 3.251037
2026-10-09T08:50:57.7091675Z   type: 'test'
2026-10-09T08:50:57.7091914Z   ...
2026-10-09T08:50:57.7092539Z # Subtest: joint meld/layoff optimizer finds chains and forbids gin/deadwood/four-card layoffs
2026-10-09T08:50:57.7093477Z ok 62 - joint meld/layoff optimizer finds chains and forbids gin/deadwood/four-card layoffs
2026-10-09T08:50:57.7093958Z   ---
2026-10-09T08:50:57.7094189Z   duration_ms: 3.071902
2026-10-09T08:50:57.7094460Z   type: 'test'
2026-10-09T08:50:57.7094679Z   ...
2026-10-09T08:50:57.7095126Z # Subtest: every score formula, tie undercut and spade whole-hand doubling
2026-10-09T08:50:57.7095784Z ok 63 - every score formula, tie undercut and spade whole-hand doubling
2026-10-09T08:50:57.7096272Z   ---
2026-10-09T08:50:57.7096509Z   duration_ms: 2.369703
2026-10-09T08:50:57.7096803Z   type: 'test'
2026-10-09T08:50:57.7097400Z   ...
2026-10-09T08:50:57.7098175Z # Subtest: opening offers, forced stock, exact immediate-return restriction, stock draw boundary
2026-10-09T08:50:57.7099461Z ok 64 - opening offers, forced stock, exact immediate-return restriction, stock draw boundary
2026-10-09T08:50:57.7100224Z   ---
2026-10-09T08:50:57.7100617Z   duration_ms: 21.366049
2026-10-09T08:50:57.7101090Z   type: 'test'
2026-10-09T08:50:57.7101471Z   ...
2026-10-09T08:50:57.7102261Z # Subtest: Oklahoma limits / ace / spade configurations from all 52 initial upcards
2026-10-09T08:50:57.7103181Z ok 65 - Oklahoma limits / ace / spade configurations from all 52 initial upcards
2026-10-09T08:50:57.7103901Z   ---
2026-10-09T08:50:57.7154797Z   duration_ms: 19.045908
2026-10-09T08:50:57.7155082Z   type: 'test'
2026-10-09T08:50:57.7155260Z   ...
2026-10-09T08:50:57.7155660Z # Subtest: pause, resume, stale/early timer, spectators, malformed input, late leaver, explicit end
2026-10-09T08:50:57.7156243Z ok 66 - pause, resume, stale/early timer, spectators, malformed input, late leaver, explicit end
2026-10-09T08:50:57.7156587Z   ---
2026-10-09T08:50:57.7156754Z   duration_ms: 2.0562
2026-10-09T08:50:57.7156941Z   type: 'test'
2026-10-09T08:50:57.7157129Z   ...
2026-10-09T08:50:57.7157512Z # Subtest: all required roster settings, default sanitization, exact phase fixtures and manifest
2026-10-09T08:50:57.7158056Z ok 67 - all required roster settings, default sanitization, exact phase fixtures and manifest
2026-10-09T08:50:57.7158556Z   ---
2026-10-09T08:50:57.7158726Z   duration_ms: 97.377646
2026-10-09T08:50:57.7158913Z   type: 'test'
2026-10-09T08:50:57.7159256Z   ...
2026-10-09T08:50:57.7159549Z # {"syntheticGuardCorruptionsRejected":175,"guardedSources":35}
2026-10-09T08:50:57.7160095Z # Subtest: synthetic positive control covers full identities, native timestamps, all hand witnesses and clips
2026-10-09T08:50:57.7160715Z ok 68 - synthetic positive control covers full identities, native timestamps, all hand witnesses and clips
2026-10-09T08:50:57.7161116Z   ---
2026-10-09T08:50:57.7161275Z   duration_ms: 7.294434
2026-10-09T08:50:57.7161455Z   type: 'test'
2026-10-09T08:50:57.7161619Z   ...
2026-10-09T08:50:57.7161986Z # Subtest: every guarded source and each start/end inventory entry rejects a stale hash or omission
2026-10-09T08:50:57.7162559Z ok 69 - every guarded source and each start/end inventory entry rejects a stale hash or omission
2026-10-09T08:50:57.7162911Z   ---
2026-10-09T08:50:57.7163075Z   duration_ms: 146.778702
2026-10-09T08:50:57.7163262Z   type: 'test'
2026-10-09T08:50:57.7163416Z   ...
2026-10-09T08:50:57.7163826Z # Subtest: wrong attempt/profile/page/transport/throttle, filtered samples and fake native clocks fail
2026-10-09T08:50:57.7164423Z ok 70 - wrong attempt/profile/page/transport/throttle, filtered samples and fake native clocks fail
2026-10-09T08:50:57.7164779Z   ---
2026-10-09T08:50:57.7164941Z   duration_ms: 18.186578
2026-10-09T08:50:57.7165124Z   type: 'test'
2026-10-09T08:50:57.7165278Z   ...
2026-10-09T08:50:57.7165680Z # Subtest: missing/invalid timestamp, raw interval or active-frame witness fails despite good summaries
2026-10-09T08:50:57.7166258Z ok 71 - missing/invalid timestamp, raw interval or active-frame witness fails despite good summaries
2026-10-09T08:50:57.7166718Z   ---
2026-10-09T08:50:57.7166884Z   duration_ms: 11.551648
2026-10-09T08:50:57.7167069Z   type: 'test'
2026-10-09T08:50:57.7167227Z   ...
2026-10-09T08:50:57.7167602Z # Subtest: all statistics are recomputed and an honestly reported long interval fails the fixed gate
2026-10-09T08:50:57.7168173Z ok 72 - all statistics are recomputed and an honestly reported long interval fails the fixed gate
2026-10-09T08:50:57.7168677Z   ---
2026-10-09T08:50:57.7168836Z   duration_ms: 5.609843
2026-10-09T08:50:57.7169013Z   type: 'test'
2026-10-09T08:50:57.7169170Z   ...
2026-10-09T08:50:57.7169549Z # Subtest: failed runs, mislabeled clips, altered bytes, outsize media and network/errors are rejected
2026-10-09T08:50:57.7170114Z ok 73 - failed runs, mislabeled clips, altered bytes, outsize media and network/errors are rejected
2026-10-09T08:50:57.7170449Z   ---
2026-10-09T08:50:57.7170611Z   duration_ms: 17.316061
2026-10-09T08:50:57.7170800Z   type: 'test'
2026-10-09T08:50:57.7170964Z   ...
2026-10-09T08:50:57.7171455Z # {"suite":"subset-finishing-knock-settings","cases":1152,"minGain":14,"maxGain":58,"classicSignedBefore":-10,"classicSignedAfter":4}
2026-10-09T08:50:57.7172447Z # {"suite":"subset-finishing-knock-independent-hidden-defenders","defenders":1000,"publicViewsByteIdentical":true,"minGain":1,"maxGain":5,"winningTransitions":0,"strictDefenseImprovements":904}
2026-10-09T08:50:57.7173225Z # {"suite":"subset-finishing-knock-boundaries","controls":216}
2026-10-09T08:50:57.7173819Z # Subtest: Strong removes strictly unnecessary finishing layoff targets across every setting and suit
2026-10-09T08:50:57.7174392Z ok 74 - Strong removes strictly unnecessary finishing layoff targets across every setting and suit
2026-10-09T08:50:57.7174739Z   ---
2026-10-09T08:50:57.7174900Z   duration_ms: 1494.26037
2026-10-09T08:50:57.7175083Z   type: 'test'
2026-10-09T08:50:57.7175244Z   ...
2026-10-09T08:50:57.7175668Z # Subtest: 1000 identical public views prove defender opportunity inclusion with independent joint-defense scoring
2026-10-09T08:50:57.7176317Z ok 75 - 1000 identical public views prove defender opportunity inclusion with independent joint-defense scoring
2026-10-09T08:50:57.7176691Z   ---
2026-10-09T08:50:57.7176845Z   duration_ms: 5134.064416
2026-10-09T08:50:57.7177026Z   type: 'test'
2026-10-09T08:50:57.7177179Z   ...
2026-10-09T08:50:57.7177864Z # Subtest: subset finishing preserves incomparable layouts, public uncertainty, forbidden discards, other skills and non-finishing boundaries
2026-10-09T08:50:57.7178959Z ok 76 - subset finishing preserves incomparable layouts, public uncertainty, forbidden discards, other skills and non-finishing boundaries
2026-10-09T08:50:57.7179408Z   ---
2026-10-09T08:50:57.7179564Z   duration_ms: 35.371481
2026-10-09T08:50:57.7179744Z   type: 'test'
2026-10-09T08:50:57.7179897Z   ...
2026-10-09T08:50:57.7180185Z # Subtest: same-timestamp turns cannot share timer instance identity
2026-10-09T08:50:57.7180580Z ok 77 - same-timestamp turns cannot share timer instance identity
2026-10-09T08:50:57.7180843Z   ---
2026-10-09T08:50:57.7181001Z   duration_ms: 8.467643
2026-10-09T08:50:57.7181178Z   type: 'test'
2026-10-09T08:50:57.7181331Z   ...
2026-10-09T08:50:57.7181576Z 1..77
2026-10-09T08:50:57.7181773Z # tests 77
2026-10-09T08:50:57.7181990Z # suites 0
2026-10-09T08:50:57.7182196Z # pass 77
2026-10-09T08:50:57.7182435Z # fail 0
2026-10-09T08:50:57.7182678Z # cancelled 0
2026-10-09T08:50:57.7182922Z # skipped 0
2026-10-09T08:50:57.7183098Z # todo 0
2026-10-09T08:50:57.7183267Z # duration_ms 153897.811727
2026-10-09T08:51:12.8857253Z {"stronger":"sharp","weaker":"normal","games":2000,"wins":1166,"losses":834,"ties":0,"winRate":0.583,"wilsonLower":0.5612515833637743,"events":524604,"pairedSeeds":true}
2026-10-09T08:51:26.7676863Z {"stronger":"normal","weaker":"easy","games":2000,"wins":1743,"losses":257,"ties":0,"winRate":0.8715,"wilsonLower":0.8561180625080238,"events":490034,"pairedSeeds":true}
2026-10-09T08:51:27.2855253Z M01 caught wrong rank
2026-10-09T08:51:27.5075359Z M02 caught wrong suit
2026-10-09T08:51:27.7349965Z M03 caught wrong face value
2026-10-09T08:51:27.9806363Z M04 caught reject three-card meld
2026-10-09T08:51:28.2212954Z M05 caught reject four-card set
2026-10-09T08:51:28.4675572Z M06 caught off-by-one run
2026-10-09T08:51:28.7035322Z M07 caught omit three-card candidate runs
2026-10-09T08:51:28.9419956Z M08 caught omit three-of-kind candidates
2026-10-09T08:51:29.1854548Z M09 caught maximize instead of minimize
2026-10-09T08:51:29.4207451Z M10 caught invert Gin layoff prohibition
2026-10-09T08:51:29.6578986Z M11 caught omit layoffs
2026-10-09T08:51:29.8991878Z M12 caught allow discard after two opening passes
2026-10-09T08:51:30.1278925Z M13 caught allow opening stock draw
2026-10-09T08:51:30.3589629Z M14 caught allow immediate returned upcard
2026-10-09T08:51:30.6003323Z M15 caught continue past two stock cards
2026-10-09T08:51:30.8352035Z M16 caught deny tie undercut
2026-10-09T08:51:31.0687641Z M17 caught subtract opponent Gin deadwood
2026-10-09T08:51:31.3094334Z M18 caught Big Gin wrong bonus
2026-10-09T08:51:31.5435076Z M19 caught reverse undercut difference
2026-10-09T08:51:31.7793949Z M20 caught wrong knock difference
2026-10-09T08:51:32.0277490Z M21 caught ignore double Big Gin
2026-10-09T08:51:32.2493437Z M22 caught Oklahoma ace wrong limit
2026-10-09T08:51:32.4713037Z M23 caught double hearts instead of spades
2026-10-09T08:51:32.7225829Z M24 caught accept stale timer
2026-10-09T08:51:32.9615036Z M25 caught resume omits pause duration
2026-10-09T08:51:33.1999630Z M26 caught attribute opening Pass to next player
2026-10-09T08:51:33.4914985Z {"kind":"full browser proof","started":"2026-10-09T08:51:33.488Z","pid":3896,"sourceStart":{"play.html":"8336c62b86e8045f2350e01b8b7b7e2c09c9c31858af6e5a784b9710dd3a9c63","src/core.ts":"211f2307bd96d497e444a4c75157256398f690892b0e9beb4c226c1aeb49e218","src/cards.ts":"e309e103393bc1aaaf10b34e3994de815dd693d1828a61566723b8fba573fdb9","src/browser.ts":"56fb3b450aa29e9dda800a69b187d66d5446e056bf2b89b349a9bef1479131e4","src/play.template.html":"1b5188f105cfd9766f3f19c0a6f3cfa1b522cbd676ec5fde0dbfa1566a09f8c7","../../contract/contract.ts":"c0f999c153074769c99c67ab2a71ad66c879e45e834713f3367b2bde4a1873d5","../../contract/constants.ts":"27cdd23112ea03f344457e6f6e6b5839ff536ebeadbba189751520353aa085ef","../../contract/rng.ts":"7cfcf3024723607e8dd1ce6ccc5683a48d71fcc617947304cc5b9f6d3d7842fe","../../contract/minigame-schema.ts":"2438655eeb8ca658543b475070e6fb3ccb3947f154f57caa3f619c87853c9bbb","../../contract/player-count-schema.ts":"0748d9d9bcf795d0693c37a0f369b262fd8801dec9ab1e4a9a4f5ec23751a189","dist/core.mjs":"dedf75871bc145694fc68721f2f626a63435af95aacc948f5f4715f517bd786a","dist/cards.mjs":"1b8d994514e2de1464f361bddac143b99dfa328037152a89a476bcb1ce5f6c77","dist/contract.mjs":"0d477737fffa3503f35a19d174fce2f29de33bef1769ee5bba2c327ac592101a","scripts/browser-check.mjs":"536587be20208be80ec3bc081be7ff5a23ceeac9bc83ab3a67095084bbbd87dc","scripts/clock-check.mjs":"beba34324460280157fbdffd947f02731437e067fbb6ac816a7e49d2c4e6da19","scripts/meld-check.mjs":"d514a510f1972bdfa0b60d5148c1d42a82efeb4b21f3b799c4e0794054b4b7e4","scripts/results-check.mjs":"c478d1b3f32b71c94f2d5307f2c3b3e1e044edd84833d28e7ffc165f13bd310f","scripts/name-check.mjs":"3802ec077deee82176a892bcb51df0bb268c7ab765851d636faa5ab2228f531f","scripts/host-check.mjs":"e47e9a53aad166af54d78ea28e44ec5defff3e56d69139863113f5c132425b50","scripts/public-history-check.mjs":"5c887f46d5240f1434f173bbd495c560869441b074447d52f4a49878a66a0859","tests/browser-fixture.mjs":"f499940919128006bc90c4cb08eb766677c1bff3ea4dccf02645863a3bc50621","tests/helpers.mjs":"402515edb7b2a6af9548da2a2f1a7fa8f6b220b425da9664bd8c4a3e8b552b2e","scripts/browser-source-guard.mjs":"e5d9304a91ef04963133fe6bbae2c62189da28e917562da5a7cdb856596a1622","scripts/frame-coordination.mjs":"f1d34bfd418b5446a14c2ee3b3ba297eac18ed126d4ee261dffab57224399656","scripts/strict-browser-proof.mjs":"fae9a75d472307307c6eb4781c77f32845ebdade6f4104d859957ce62c1d43d9","scripts/browser-proof.mjs":"3ce834d0a764a4aefc93d0eaf7171f805d4ea5428563bcd976728f65222a8489","scripts/capture.mjs":"72077090f49f70e74c05ee925560a760f1f52b671ccb72d63570d609b9f80985","scripts/build.mjs":"3580cac9f713c9e4c3bfe8a83ec6bef33a64cd30be2c5d27c028b29a6a06fe8e","scripts/integrity.mjs":"7104c27be54110cac7b2d336e594ce0681a578fcb301a863540084619a7e42bb","scripts/check-evidence-links.mjs":"03484934e141e8e0b08e8928bf6f89f48a15f0cfe95b24e94273eebfb1a62842","package.json":"8855d609e12ca7990d525b64c285513acde1420fc6368ccca3a937979253a91b","package-lock.json":"bb2357fee1276cb24714d62a0a02d478e465806f5ec8978034da5594d6fa765a","tsconfig.json":"624efd829d3631cf6a6cc8d7b345e93bb47e713f05162b0ff511ef6cfc0a6ac3","manifest.json":"d079699772d442cda13bf8a41672e7de59d8a62966e07d0c87b8b8e991d84dbb","../../.github/workflows/G02.yml":"5f6241b15e880f212442f4e51fece427f92725b97c222ffaab6b455f0d38bb2a"}}
2026-10-09T08:51:44.1762945Z {"frameWindow":"CLOSED","profile":"desktop","sourceSha256":"8336c62b86e8045f2350e01b8b7b7e2c09c9c31858af6e5a784b9710dd3a9c63","attemptNonce":"a7bda5d2-2ebc-4d5f-b5c0-083aa0d9ad99","coordination":"uncoordinated","readyUtc":null,"grantUtc":null,"status":"samples-written","rawIntervals":600,"utc":"2026-10-09T08:51:44.175Z"}
2026-10-09T08:51:44.3704833Z {"label":"desktop","fps":60.00279613029967,"meanMs":16.66589,"p99Ms":16.800000000000182,"maxMs":16.80000000000109,"networkRequests":0,"pageErrors":0}
2026-10-09T08:51:55.2539133Z {"frameWindow":"CLOSED","profile":"phone4x","sourceSha256":"8336c62b86e8045f2350e01b8b7b7e2c09c9c31858af6e5a784b9710dd3a9c63","attemptNonce":"efb58cc8-9345-4409-980e-55db32f11700","coordination":"uncoordinated","readyUtc":null,"grantUtc":null,"status":"samples-written","rawIntervals":600,"utc":"2026-10-09T08:51:55.253Z"}
2026-10-09T08:51:55.4788714Z {"label":"phone4x","fps":60.00240009600385,"meanMs":16.665999999999997,"p99Ms":16.80000000000109,"maxMs":16.80000000000109,"networkRequests":0,"pageErrors":0}
2026-10-09T08:51:55.6847832Z {"kind":"synthetic delayed-host-callback and pause regression","elapsedMs":20000,"configuredTurnMs":10000,"firstExpiredCallbackCount":1,"actionsBefore":0,"actionsAfter":1,"deadlineAdvancedOnElapsedTime":true,"visibleCountdown":true,"pausePreservesRemainingTime":true,"entropyCalls":1,"controlledTestSeed":7199}
2026-10-09T08:51:57.6256666Z {"customMeldRegression":[{"label":"desktop","cpuThrottle":1,"namedCardControls":10,"privateDraftCleared":true,"invalidGroupsPreventKnock":true,"closedControlsRestoreAutomaticKnock":true,"revealShowsDeclaredLayout":true,"defenderResolvedDeadwood":0,"undercutPoints":11,"pageErrors":0,"networkRequests":0,"fixture":"initial state only; production reducer, solver and renderer"},{"label":"phone4x","cpuThrottle":4,"namedCardControls":10,"privateDraftCleared":true,"invalidGroupsPreventKnock":true,"closedControlsRestoreAutomaticKnock":true,"revealShowsDeclaredLayout":true,"defenderResolvedDeadwood":0,"undercutPoints":11,"pageErrors":0,"networkRequests":0,"fixture":"initial state only; production reducer, solver and renderer"}]}
2026-10-09T08:51:58.4180659Z {"resultsRegression":[{"label":"desktop","cpuThrottle":1,"targetWinner":"p0","displayedWinner":"Target winner","finalPoints":{"p0":388,"p1":499},"explanationVisible":true,"pageErrors":0,"fixture":"initial state only; production reducer and renderer"},{"label":"phone4x","cpuThrottle":4,"targetWinner":"p0","displayedWinner":"Target winner","finalPoints":{"p0":388,"p1":499},"explanationVisible":true,"pageErrors":0,"fixture":"initial state only; production reducer and renderer"}]}
2026-10-09T08:51:58.9033254Z {"payload":"<svg onload=alert(1)>","renderedAsText":true,"insertedMarkupNodes":0,"dialogs":0,"pageErrors":0,"networkRequests":0,"cpuThrottle":4}
2026-10-09T08:52:00.8860743Z {"runId":"2026-10-09T08-51-33-488Z","passed":true,"sourceUnchanged":true,"extraHostChecks":5,"rows":[{"label":"desktop","fps":60.00279613029967,"p99Ms":16.800000000000182,"maxMs":16.80000000000109,"frameGatePassed":true},{"label":"phone4x","fps":60.00240009600385,"p99Ms":16.80000000000109,"maxMs":16.80000000000109,"frameGatePassed":true}]}
2026-10-09T08:52:01.1271065Z {"kind":"functional recordings","started":"2026-10-09T08:52:01.125Z","pid":4087,"sourceStart":{"play.html":"8336c62b86e8045f2350e01b8b7b7e2c09c9c31858af6e5a784b9710dd3a9c63","src/core.ts":"211f2307bd96d497e444a4c75157256398f690892b0e9beb4c226c1aeb49e218","src/cards.ts":"e309e103393bc1aaaf10b34e3994de815dd693d1828a61566723b8fba573fdb9","src/browser.ts":"56fb3b450aa29e9dda800a69b187d66d5446e056bf2b89b349a9bef1479131e4","src/play.template.html":"1b5188f105cfd9766f3f19c0a6f3cfa1b522cbd676ec5fde0dbfa1566a09f8c7","../../contract/contract.ts":"c0f999c153074769c99c67ab2a71ad66c879e45e834713f3367b2bde4a1873d5","../../contract/constants.ts":"27cdd23112ea03f344457e6f6e6b5839ff536ebeadbba189751520353aa085ef","../../contract/rng.ts":"7cfcf3024723607e8dd1ce6ccc5683a48d71fcc617947304cc5b9f6d3d7842fe","../../contract/minigame-schema.ts":"2438655eeb8ca658543b475070e6fb3ccb3947f154f57caa3f619c87853c9bbb","../../contract/player-count-schema.ts":"0748d9d9bcf795d0693c37a0f369b262fd8801dec9ab1e4a9a4f5ec23751a189","dist/core.mjs":"dedf75871bc145694fc68721f2f626a63435af95aacc948f5f4715f517bd786a","dist/cards.mjs":"1b8d994514e2de1464f361bddac143b99dfa328037152a89a476bcb1ce5f6c77","dist/contract.mjs":"0d477737fffa3503f35a19d174fce2f29de33bef1769ee5bba2c327ac592101a","scripts/browser-check.mjs":"536587be20208be80ec3bc081be7ff5a23ceeac9bc83ab3a67095084bbbd87dc","scripts/clock-check.mjs":"beba34324460280157fbdffd947f02731437e067fbb6ac816a7e49d2c4e6da19","scripts/meld-check.mjs":"d514a510f1972bdfa0b60d5148c1d42a82efeb4b21f3b799c4e0794054b4b7e4","scripts/results-check.mjs":"c478d1b3f32b71c94f2d5307f2c3b3e1e044edd84833d28e7ffc165f13bd310f","scripts/name-check.mjs":"3802ec077deee82176a892bcb51df0bb268c7ab765851d636faa5ab2228f531f","scripts/host-check.mjs":"e47e9a53aad166af54d78ea28e44ec5defff3e56d69139863113f5c132425b50","scripts/public-history-check.mjs":"5c887f46d5240f1434f173bbd495c560869441b074447d52f4a49878a66a0859","tests/browser-fixture.mjs":"f499940919128006bc90c4cb08eb766677c1bff3ea4dccf02645863a3bc50621","tests/helpers.mjs":"402515edb7b2a6af9548da2a2f1a7fa8f6b220b425da9664bd8c4a3e8b552b2e","scripts/browser-source-guard.mjs":"e5d9304a91ef04963133fe6bbae2c62189da28e917562da5a7cdb856596a1622","scripts/frame-coordination.mjs":"f1d34bfd418b5446a14c2ee3b3ba297eac18ed126d4ee261dffab57224399656","scripts/strict-browser-proof.mjs":"fae9a75d472307307c6eb4781c77f32845ebdade6f4104d859957ce62c1d43d9","scripts/browser-proof.mjs":"3ce834d0a764a4aefc93d0eaf7171f805d4ea5428563bcd976728f65222a8489","scripts/capture.mjs":"72077090f49f70e74c05ee925560a760f1f52b671ccb72d63570d609b9f80985","scripts/build.mjs":"3580cac9f713c9e4c3bfe8a83ec6bef33a64cd30be2c5d27c028b29a6a06fe8e","scripts/integrity.mjs":"7104c27be54110cac7b2d336e594ce0681a578fcb301a863540084619a7e42bb","scripts/check-evidence-links.mjs":"03484934e141e8e0b08e8928bf6f89f48a15f0cfe95b24e94273eebfb1a62842","package.json":"8855d609e12ca7990d525b64c285513acde1420fc6368ccca3a937979253a91b","package-lock.json":"bb2357fee1276cb24714d62a0a02d478e465806f5ec8978034da5594d6fa765a","tsconfig.json":"624efd829d3631cf6a6cc8d7b345e93bb47e713f05162b0ff511ef6cfc0a6ac3","manifest.json":"d079699772d442cda13bf8a41672e7de59d8a62966e07d0c87b8b8e991d84dbb","../../.github/workflows/G02.yml":"5f6241b15e880f212442f4e51fece427f92725b97c222ffaab6b455f0d38bb2a"}}
2026-10-09T08:52:14.8051525Z {"path":".work/browser/ci-current-2026-10-09t08-52-01-112z-desktop.webm","bytes":717428,"sha256":"eb229dbe2143dc6516c03166ab7395085ed611dd755c8b8c45236f5832c25dbb","cpuThrottle":1,"viewport":{"width":1920,"height":1080},"performanceMeasurement":false,"newMatchPrivateDomCleared":true,"actualElapsedTimeoutCoveredHand":true,"publicPassHistoryShown":true,"passActors":["Player 1: pass","Player 2: pass"],"networkRequests":0,"pageErrors":0}
2026-10-09T08:52:28.6659245Z {"path":".work/browser/ci-current-2026-10-09t08-52-01-112z-phone4x.webm","bytes":672502,"sha256":"bbd8cab6f1aeeae6b21c6cac58874fa90d5378eb16da96a505fc7012e7cbad5a","cpuThrottle":4,"viewport":{"width":390,"height":844},"performanceMeasurement":false,"newMatchPrivateDomCleared":true,"actualElapsedTimeoutCoveredHand":true,"publicPassHistoryShown":true,"passActors":["Player 1: pass","Player 2: pass"],"networkRequests":0,"pageErrors":0}
2026-10-09T08:52:28.9976302Z {"suite":"committed-browser-proof","sourceMatched":true,"profiles":2,"rawIntervals":1200,"unfiltered":true,"recordingsMatched":2}
2026-10-09T08:52:28.9999942Z {"suite":"evidence-links","localLinks":32,"allLocalFilesExist":true,"externalLinks":2,"externalLinksFetched":false}
2026-10-09T08:52:29.2991700Z {"suite":"integrity","fileHashes":1161,"regenerationRuns":2,"byteIdentical":true,"coreNoIo":true,"mediaUnder10MB":true}
2026-10-09T08:52:29.3088742Z {"suite":"strict-current-browser-proof","guardedSources":35,"profiles":2,"rawIntervals":1200,"nativeTimestamps":1202,"activeHandWitnesses":1208,"unfiltered":true,"recordingsMatched":2}
2026-10-09T08:52:29.3239526Z ##[group]Run actions/upload-artifact@v4
2026-10-09T08:52:29.3239775Z with:
2026-10-09T08:52:29.3239948Z   name: G02-browser-evidence
2026-10-09T08:52:29.3241358Z   path: jobs/G02-gin-rummy/.work/browser/*-frames.json
jobs/G02-gin-rummy/.work/browser/report.json
jobs/G02-gin-rummy/.work/browser/captures.json
jobs/G02-gin-rummy/.work/browser/ci-current-*.webm
jobs/G02-gin-rummy/.work/clock-after.json
jobs/G02-gin-rummy/.work/custom-meld-after.json
jobs/G02-gin-rummy/.work/results-after.json
jobs/G02-gin-rummy/.work/name-check.json
jobs/G02-gin-rummy/media/strict-reverify-1900-*.webm
jobs/G02-gin-rummy/evidence/resume-20261008/strict-reverify-1900-captures.json

2026-10-09T08:52:29.3242722Z   include-hidden-files: true
2026-10-09T08:52:29.3242922Z   if-no-files-found: warn
2026-10-09T08:52:29.3243114Z   compression-level: 6
2026-10-09T08:52:29.3243294Z   overwrite: false
2026-10-09T08:52:29.3243464Z ##[endgroup]
2026-10-09T08:52:29.4582279Z (node:4209) [DEP0040] DeprecationWarning: The `punycode` module is deprecated. Please use a userland alternative instead.
2026-10-09T08:52:29.4583345Z (Use `node --trace-deprecation ...` to show where the warning was created)
2026-10-09T08:52:29.4708455Z Multiple search paths detected. Calculating the least common ancestor of all paths
2026-10-09T08:52:29.4712166Z The least common ancestor is /home/runner/work/partybox-game-cores/partybox-game-cores/jobs/G02-gin-rummy. This will be the root directory of the artifact
2026-10-09T08:52:29.4713395Z With the provided path, there will be 13 files uploaded
2026-10-09T08:52:29.4714730Z Artifact name is valid!
2026-10-09T08:52:29.4715493Z Root directory input is valid!
2026-10-09T08:52:29.8380272Z Beginning upload of artifact content to blob storage
2026-10-09T08:52:29.9477024Z (node:4209) [DEP0169] DeprecationWarning: `url.parse()` behavior is not standardized and prone to errors that have security implications. Use the WHATWG URL API instead. CVEs are not issued for `url.parse()` vulnerabilities.
2026-10-09T08:52:30.5139625Z Uploaded bytes 2194524
2026-10-09T08:52:30.5723859Z Finished uploading artifact content to blob storage!
2026-10-09T08:52:30.5724659Z SHA256 digest of uploaded artifact zip is 64fd5836e65073754937c3c45a9271a5db0564ee3c16f8aaf70673a2a57d53c0
2026-10-09T08:52:30.5725523Z Finalizing artifact upload
2026-10-09T08:52:30.8247201Z Artifact G02-browser-evidence.zip successfully finalized. Artifact ID 11605760167
2026-10-09T08:52:30.8248438Z Artifact G02-browser-evidence has been successfully uploaded! Final size is 2194524 bytes. Artifact ID is 11605760167
2026-10-09T08:52:30.8252995Z Artifact download URL: https://github.com/luisitin/partybox-game-cores/actions/runs/37907166446/artifacts/11605760167
2026-10-09T08:52:30.8417599Z Post job cleanup.
2026-10-09T08:52:30.9371651Z (node:4224) [DEP0040] DeprecationWarning: The `punycode` module is deprecated. Please use a userland alternative instead.
2026-10-09T08:52:30.9372315Z (Use `node --trace-deprecation ...` to show where the warning was created)
2026-10-09T08:52:30.9374175Z Cache hit occurred on the primary key node-cache-Linux-x64-npm-d48b0073b1be2df746cbb2cab1dca64dc5674a863aed54a4ee7f428aad681317, not saving cache.
2026-10-09T08:52:30.9482582Z Post job cleanup.
2026-10-09T08:52:31.0190581Z [command]/usr/bin/git version
2026-10-09T08:52:31.0225352Z git version 2.55.0
2026-10-09T08:52:31.0254864Z Temporarily overriding HOME='/home/runner/work/_temp/78227f09-516a-4259-8c41-a499df3915f5' before making global git config changes
2026-10-09T08:52:31.0256116Z Adding repository directory to the temporary git global config as a safe directory
2026-10-09T08:52:31.0259861Z [command]/usr/bin/git config --global --add safe.directory /home/runner/work/partybox-game-cores/partybox-game-cores
2026-10-09T08:52:31.0291226Z [command]/usr/bin/git config --local --name-only --get-regexp core\.sshCommand
2026-10-09T08:52:31.0320910Z [command]/usr/bin/git submodule foreach --recursive sh -c "git config --local --name-only --get-regexp 'core\.sshCommand' && git config --local --unset-all 'core.sshCommand' || :"
2026-10-09T08:52:31.0524924Z [command]/usr/bin/git config --local --name-only --get-regexp http\.https\:\/\/github\.com\/\.extraheader
2026-10-09T08:52:31.0550972Z http.https://github.com/.extraheader
2026-10-09T08:52:31.0560334Z [command]/usr/bin/git config --local --unset-all http.https://github.com/.extraheader
2026-10-09T08:52:31.0593243Z [command]/usr/bin/git submodule foreach --recursive sh -c "git config --local --name-only --get-regexp 'http\.https\:\/\/github\.com\/\.extraheader' && git config --local --unset-all 'http.https://github.com/.extraheader' || :"
2026-10-09T08:52:31.0810807Z [command]/usr/bin/git config --local --name-only --get-regexp ^includeIf\.gitdir:
2026-10-09T08:52:31.0842750Z [command]/usr/bin/git submodule foreach --recursive git config --local --show-origin --name-only --get-regexp remote.origin.url
2026-10-09T08:52:31.1282969Z Cleaning up orphan processes
2026-10-09T08:52:31.1593480Z ##[warning]Node.js 20 is deprecated. The following actions target Node.js 20 but are being forced to run on Node.js 24: actions/checkout@v4, actions/setup-node@v4, actions/upload-artifact@v4. For more information see: https://github.blog/changelog/2025-09-19-deprecation-of-node-20-on-github-actions-runners/
