2026-10-09T08:47:48.2245015Z Current runner version: '2.337.0'
2026-10-09T08:47:48.2267136Z ##[group]Runner Image Provisioner
2026-10-09T08:47:48.2267870Z Hosted Compute Agent
2026-10-09T08:47:48.2268400Z Version: 20261002.596
2026-10-09T08:47:48.2268913Z Commit: c3d12f3313a95f25162a1503be624f3b0617f8c0
2026-10-09T08:47:48.2269506Z Build Date: 2026-10-02T22:28:27Z
2026-10-09T08:47:48.2270136Z Worker ID: {e09af4cf-6f1b-4478-afc0-b84e995db68a}
2026-10-09T08:47:48.2270704Z Region: westus3
2026-10-09T08:47:48.2271130Z Cloud: Azure
2026-10-09T08:47:48.2271639Z ##[endgroup]
2026-10-09T08:47:48.2272723Z ##[group]Operating System
2026-10-09T08:47:48.2273341Z Ubuntu
2026-10-09T08:47:48.2273765Z 24.04.5
2026-10-09T08:47:48.2274169Z LTS
2026-10-09T08:47:48.2274644Z ##[endgroup]
2026-10-09T08:47:48.2275094Z ##[group]Runner Image
2026-10-09T08:47:48.2275639Z Image: ubuntu-24.04
2026-10-09T08:47:48.2276270Z Version: 20261004.327.1
2026-10-09T08:47:48.2277335Z Included Software: https://github.com/actions/runner-images/blob/ubuntu24/20261004.327/images/ubuntu/Ubuntu2404-Readme.md
2026-10-09T08:47:48.2278602Z Image Release: https://github.com/actions/runner-images/releases/tag/ubuntu24%2F20261004.327
2026-10-09T08:47:48.2279463Z ##[endgroup]
2026-10-09T08:47:48.2280392Z ##[group]GITHUB_TOKEN Permissions
2026-10-09T08:47:48.2281956Z Contents: read
2026-10-09T08:47:48.2282444Z Metadata: read
2026-10-09T08:47:48.2282923Z ##[endgroup]
2026-10-09T08:47:48.2284726Z Secret source: Actions
2026-10-09T08:47:48.2285499Z Cache mode: write
2026-10-09T08:47:48.2286616Z Prepare workflow directory
2026-10-09T08:47:48.2707587Z Prepare all required actions
2026-10-09T08:47:48.2748532Z Getting action download info
2026-10-09T08:47:48.5724234Z Download action repository 'actions/checkout@v4' (SHA:11d5960a326750d5838078e36cf38b85af677262)
2026-10-09T08:47:48.6482206Z Download action repository 'actions/setup-node@v4' (SHA:49933ea5288caeca8642d1e84afbd3f7d6820020)
2026-10-09T08:47:48.7633868Z Download action repository 'actions/upload-artifact@v4' (SHA:ea165f8d65b6e75b540449e92b4886f43607fa02)
2026-10-09T08:47:48.9945565Z Complete job name: browser-bootstrap
2026-10-09T08:47:49.0743455Z ##[group]Run actions/checkout@v4
2026-10-09T08:47:49.0744104Z with:
2026-10-09T08:47:49.0744481Z   ref: 2e9497385b333497cf96b0d4bd0f6fd8083b412b
2026-10-09T08:47:49.0744977Z   repository: luisitin/partybox-game-cores
2026-10-09T08:47:49.0748426Z   token: ***
2026-10-09T08:47:49.0748773Z   ssh-strict: true
2026-10-09T08:47:49.0749114Z   ssh-user: git
2026-10-09T08:47:49.0749465Z   persist-credentials: true
2026-10-09T08:47:49.0749850Z   clean: true
2026-10-09T08:47:49.0750197Z   sparse-checkout-cone-mode: true
2026-10-09T08:47:49.0750605Z   fetch-depth: 1
2026-10-09T08:47:49.0750936Z   fetch-tags: false
2026-10-09T08:47:49.0751285Z   show-progress: true
2026-10-09T08:47:49.0751643Z   lfs: false
2026-10-09T08:47:49.0751967Z   submodules: false
2026-10-09T08:47:49.0752329Z   set-safe-directory: true
2026-10-09T08:47:49.0752725Z   allow-unsafe-pr-checkout: false
2026-10-09T08:47:49.0753263Z env:
2026-10-09T08:47:49.0753678Z   G02_SOURCE_HEAD: 2e9497385b333497cf96b0d4bd0f6fd8083b412b
2026-10-09T08:47:49.0754198Z ##[endgroup]
2026-10-09T08:47:49.1575117Z Syncing repository: luisitin/partybox-game-cores
2026-10-09T08:47:49.1577559Z ##[group]Getting Git version info
2026-10-09T08:47:49.1578246Z Working directory is '/home/runner/work/partybox-game-cores/partybox-game-cores'
2026-10-09T08:47:49.1579184Z [command]/usr/bin/git version
2026-10-09T08:47:49.1788825Z git version 2.55.0
2026-10-09T08:47:49.1805446Z ##[endgroup]
2026-10-09T08:47:49.1819101Z Temporarily overriding HOME='/home/runner/work/_temp/ac23f026-834e-482a-95a9-ade3435749a2' before making global git config changes
2026-10-09T08:47:49.1820865Z Adding repository directory to the temporary git global config as a safe directory
2026-10-09T08:47:49.1823598Z [command]/usr/bin/git config --global --add safe.directory /home/runner/work/partybox-game-cores/partybox-game-cores
2026-10-09T08:47:49.1868783Z Deleting the contents of '/home/runner/work/partybox-game-cores/partybox-game-cores'
2026-10-09T08:47:49.1872650Z ##[group]Initializing the repository
2026-10-09T08:47:49.1877138Z [command]/usr/bin/git init /home/runner/work/partybox-game-cores/partybox-game-cores
2026-10-09T08:47:49.1957420Z hint: Using 'master' as the name for the initial branch. This default branch name
2026-10-09T08:47:49.1986937Z hint: will change to "main" in Git 3.0. To configure the initial branch name
2026-10-09T08:47:49.1988405Z hint: to use in all of your new repositories, which will suppress this warning,
2026-10-09T08:47:49.1996692Z hint: call:
2026-10-09T08:47:49.1997439Z hint:
2026-10-09T08:47:49.1998235Z hint: 	git config --global init.defaultBranch <name>
2026-10-09T08:47:49.1999170Z hint:
2026-10-09T08:47:49.2000108Z hint: Names commonly chosen instead of 'master' are 'main', 'trunk' and
2026-10-09T08:47:49.2001525Z hint: 'development'. The just-created branch can be renamed via this command:
2026-10-09T08:47:49.2002630Z hint:
2026-10-09T08:47:49.2003291Z hint: 	git branch -m <name>
2026-10-09T08:47:49.2004037Z hint:
2026-10-09T08:47:49.2004995Z hint: Disable this message with "git config set advice.defaultBranchName false"
2026-10-09T08:47:49.2007172Z Initialized empty Git repository in /home/runner/work/partybox-game-cores/partybox-game-cores/.git/
2026-10-09T08:47:49.2010130Z [command]/usr/bin/git remote add origin https://github.com/luisitin/partybox-game-cores
2026-10-09T08:47:49.2100995Z ##[endgroup]
2026-10-09T08:47:49.2101983Z ##[group]Disabling automatic garbage collection
2026-10-09T08:47:49.2105090Z [command]/usr/bin/git config --local gc.auto 0
2026-10-09T08:47:49.2139488Z ##[endgroup]
2026-10-09T08:47:49.2140505Z ##[group]Setting up auth
2026-10-09T08:47:49.2144753Z [command]/usr/bin/git config --local --name-only --get-regexp core\.sshCommand
2026-10-09T08:47:49.2179828Z [command]/usr/bin/git submodule foreach --recursive sh -c "git config --local --name-only --get-regexp 'core\.sshCommand' && git config --local --unset-all 'core.sshCommand' || :"
2026-10-09T08:47:49.2694838Z [command]/usr/bin/git config --local --name-only --get-regexp http\.https\:\/\/github\.com\/\.extraheader
2026-10-09T08:47:49.2729536Z [command]/usr/bin/git submodule foreach --recursive sh -c "git config --local --name-only --get-regexp 'http\.https\:\/\/github\.com\/\.extraheader' && git config --local --unset-all 'http.https://github.com/.extraheader' || :"
2026-10-09T08:47:49.2970740Z [command]/usr/bin/git config --local --name-only --get-regexp ^includeIf\.gitdir:
2026-10-09T08:47:49.2981208Z [command]/usr/bin/git submodule foreach --recursive git config --local --show-origin --name-only --get-regexp remote.origin.url
2026-10-09T08:47:49.3200330Z [command]/usr/bin/git config --local http.https://github.com/.extraheader AUTHORIZATION: basic ***
2026-10-09T08:47:49.3243061Z ##[endgroup]
2026-10-09T08:47:49.3244284Z ##[group]Fetching the repository
2026-10-09T08:47:49.3260165Z [command]/usr/bin/git -c protocol.version=2 fetch --no-tags --prune --no-recurse-submodules --depth=1 origin 2e9497385b333497cf96b0d4bd0f6fd8083b412b
2026-10-09T08:47:54.1901319Z From https://github.com/luisitin/partybox-game-cores
2026-10-09T08:47:54.1902665Z  * branch            2e9497385b333497cf96b0d4bd0f6fd8083b412b -> FETCH_HEAD
2026-10-09T08:47:54.1905528Z ##[endgroup]
2026-10-09T08:47:54.1906881Z ##[group]Determining the checkout info
2026-10-09T08:47:54.1908039Z ##[endgroup]
2026-10-09T08:47:54.1913663Z [command]/usr/bin/git sparse-checkout disable
2026-10-09T08:47:54.1960539Z [command]/usr/bin/git config --local --unset-all extensions.worktreeConfig
2026-10-09T08:47:54.1992430Z ##[group]Checking out the ref
2026-10-09T08:47:54.1995132Z [command]/usr/bin/git checkout --progress --force 2e9497385b333497cf96b0d4bd0f6fd8083b412b
2026-10-09T08:47:54.4788368Z Note: switching to '2e9497385b333497cf96b0d4bd0f6fd8083b412b'.
2026-10-09T08:47:54.4788880Z 
2026-10-09T08:47:54.4789136Z You are in 'detached HEAD' state. You can look around, make experimental
2026-10-09T08:47:54.4789623Z changes and commit them, and you can discard any commits you make in this
2026-10-09T08:47:54.4790407Z state without impacting any branches by switching back to a branch.
2026-10-09T08:47:54.4790666Z 
2026-10-09T08:47:54.4790872Z If you want to create a new branch to retain commits you create, you may
2026-10-09T08:47:54.4791293Z do so (now or later) by using -c with the switch command. Example:
2026-10-09T08:47:54.4791516Z 
2026-10-09T08:47:54.4791628Z   git switch -c <new-branch-name>
2026-10-09T08:47:54.4791790Z 
2026-10-09T08:47:54.4791926Z Or undo this operation with:
2026-10-09T08:47:54.4792115Z 
2026-10-09T08:47:54.4792261Z   git switch -
2026-10-09T08:47:54.4792425Z 
2026-10-09T08:47:54.4792634Z Turn off this advice by setting config variable advice.detachedHead to false
2026-10-09T08:47:54.4792903Z 
2026-10-09T08:47:54.4793095Z HEAD is now at 2e94973 docs G02 current verified bot results and finite scope
2026-10-09T08:47:54.4814069Z ##[endgroup]
2026-10-09T08:47:54.4854582Z [command]/usr/bin/git log -1 --format=%H
2026-10-09T08:47:54.4877348Z 2e9497385b333497cf96b0d4bd0f6fd8083b412b
2026-10-09T08:47:54.5139712Z ##[group]Run actions/setup-node@v4
2026-10-09T08:47:54.5140031Z with:
2026-10-09T08:47:54.5140258Z   node-version: 22.16.0
2026-10-09T08:47:54.5140484Z   cache: npm
2026-10-09T08:47:54.5140761Z   cache-dependency-path: jobs/G02-gin-rummy/package-lock.json
2026-10-09T08:47:54.5141085Z   always-auth: false
2026-10-09T08:47:54.5141314Z   check-latest: false
2026-10-09T08:47:54.5143473Z   token: ***
2026-10-09T08:47:54.5143676Z env:
2026-10-09T08:47:54.5143922Z   G02_SOURCE_HEAD: 2e9497385b333497cf96b0d4bd0f6fd8083b412b
2026-10-09T08:47:54.5144219Z ##[endgroup]
2026-10-09T08:47:54.6232304Z Attempting to download 22.16.0...
2026-10-09T08:47:54.6315310Z (node:2086) [DEP0040] DeprecationWarning: The `punycode` module is deprecated. Please use a userland alternative instead.
2026-10-09T08:47:54.6316196Z (Use `node --trace-deprecation ...` to show where the warning was created)
2026-10-09T08:47:55.6932296Z Acquiring 22.16.0 - x64 from https://github.com/actions/node-versions/releases/download/22.16.0-15177438473/node-22.16.0-linux-x64.tar.gz
2026-10-09T08:47:56.2080641Z Extracting ...
2026-10-09T08:47:56.2176297Z [command]/usr/bin/tar xz --strip 1 --warning=no-unknown-keyword --overwrite -C /home/runner/work/_temp/f3cd3402-69de-4c87-b93d-457af02c331d -f /home/runner/work/_temp/d31b391d-9da3-41d6-95fa-a498ee486079
2026-10-09T08:47:57.2091054Z Adding to the cache ...
2026-10-09T08:48:00.3178055Z ##[group]Environment details
2026-10-09T08:48:00.4965992Z node: v22.16.0
2026-10-09T08:48:00.4966408Z npm: 10.9.2
2026-10-09T08:48:00.4966587Z yarn: 1.22.22
2026-10-09T08:48:00.4967042Z ##[endgroup]
2026-10-09T08:48:00.4981981Z [command]/opt/hostedtoolcache/node/22.16.0/x64/bin/npm config get cache
2026-10-09T08:48:00.5712218Z /home/runner/.npm
2026-10-09T08:48:00.8243413Z Cache hit for: node-cache-Linux-x64-npm-d48b0073b1be2df746cbb2cab1dca64dc5674a863aed54a4ee7f428aad681317
2026-10-09T08:48:00.8332128Z (node:2086) [DEP0169] DeprecationWarning: `url.parse()` behavior is not standardized and prone to errors that have security implications. Use the WHATWG URL API instead. CVEs are not issued for `url.parse()` vulnerabilities.
2026-10-09T08:48:02.0301812Z Received 8482269 of 12676573 (66.9%), 8.1 MBs/sec
2026-10-09T08:48:02.3908679Z Received 12676573 of 12676573 (100.0%), 8.9 MBs/sec
2026-10-09T08:48:02.3909239Z Cache Size: ~12 MB (12676573 B)
2026-10-09T08:48:02.3958998Z [command]/usr/bin/tar -xf /home/runner/work/_temp/0a8ca3de-064d-4742-b52f-188fac00771f/cache.tzst -P -C /home/runner/work/partybox-game-cores/partybox-game-cores --use-compress-program unzstd
2026-10-09T08:48:02.4181421Z Cache restored successfully
2026-10-09T08:48:02.4191218Z Cache restored from key: node-cache-Linux-x64-npm-d48b0073b1be2df746cbb2cab1dca64dc5674a863aed54a4ee7f428aad681317
2026-10-09T08:48:02.4351663Z ##[group]Run node --input-type=module <<'JS'
2026-10-09T08:48:02.4352010Z [36;1mnode --input-type=module <<'JS'[0m
2026-10-09T08:48:02.4352286Z [36;1mimport assert from 'node:assert/strict';[0m
2026-10-09T08:48:02.4352799Z [36;1mimport {readFile,appendFile} from 'node:fs/promises';[0m
2026-10-09T08:48:02.4353108Z [36;1mimport {createHash} from 'node:crypto';[0m
2026-10-09T08:48:02.4353515Z [36;1mconst request=JSON.parse(await readFile('evidence/audit-20261009/bootstrap-request.json','utf8'));[0m
2026-10-09T08:48:02.4354048Z [36;1massert.equal(request.version,1);assert.equal(typeof request.enabled,'boolean');[0m
2026-10-09T08:48:02.4354397Z [36;1mif(request.enabled){[0m
2026-10-09T08:48:02.4356509Z [36;1m assert(['mandatory one-workflow correction; first capture binding the corrected G02 workflow','verified material Strong Gin-priority repair; first capture for changed game source','verified material Gin draw repair; first capture for changed game source','verified material same-meld finishing knock repair; first capture for changed game source','verified material closed-meld finishing knock repair; first capture for changed game source','verified material public-discard closed-meld finishing knock repair; first capture for changed game source','verified material strict-subset finishing knock repair; first capture for changed game source'].includes(request.reason),'explicit material/protocol bootstrap reason required');[0m
2026-10-09T08:48:02.4358546Z [36;1m const sha=bytes=>createHash('sha256').update(bytes).digest('hex');[0m
2026-10-09T08:48:02.4358970Z [36;1m assert.equal(sha(await readFile('src/core.ts')),request.coreSha256);[0m
2026-10-09T08:48:02.4359390Z [36;1m assert.equal(sha(await readFile('play.html')),request.htmlSha256);[0m
2026-10-09T08:48:02.4359681Z [36;1m}[0m
2026-10-09T08:48:02.4359994Z [36;1mawait appendFile(process.env.GITHUB_OUTPUT,'bootstrap='+String(request.enabled)+'\n');[0m
2026-10-09T08:48:02.4360603Z [36;1mconsole.log(JSON.stringify({nativeBootstrapRequested:request.enabled,samplersExecuted:false,reason:request.reason}));[0m
2026-10-09T08:48:02.4361049Z [36;1mJS[0m
2026-10-09T08:48:02.4671157Z shell: /usr/bin/bash -e {0}
2026-10-09T08:48:02.4671468Z env:
2026-10-09T08:48:02.4671707Z   G02_SOURCE_HEAD: 2e9497385b333497cf96b0d4bd0f6fd8083b412b
2026-10-09T08:48:02.4671995Z ##[endgroup]
2026-10-09T08:48:02.5008574Z {"nativeBootstrapRequested":false,"samplersExecuted":false,"reason":"verified material strict-subset finishing knock repair; first capture for changed game source"}
2026-10-09T08:48:02.5214350Z Post job cleanup.
2026-10-09T08:48:02.6233516Z (node:2150) [DEP0040] DeprecationWarning: The `punycode` module is deprecated. Please use a userland alternative instead.
2026-10-09T08:48:02.6234220Z (Use `node --trace-deprecation ...` to show where the warning was created)
2026-10-09T08:48:02.6236255Z Cache hit occurred on the primary key node-cache-Linux-x64-npm-d48b0073b1be2df746cbb2cab1dca64dc5674a863aed54a4ee7f428aad681317, not saving cache.
2026-10-09T08:48:02.6370076Z Post job cleanup.
2026-10-09T08:48:02.7055670Z [command]/usr/bin/git version
2026-10-09T08:48:02.7105451Z git version 2.55.0
2026-10-09T08:48:02.7142646Z Temporarily overriding HOME='/home/runner/work/_temp/9a943868-7ed6-4117-ba34-186d7d3bed08' before making global git config changes
2026-10-09T08:48:02.7143778Z Adding repository directory to the temporary git global config as a safe directory
2026-10-09T08:48:02.7147708Z [command]/usr/bin/git config --global --add safe.directory /home/runner/work/partybox-game-cores/partybox-game-cores
2026-10-09T08:48:02.7183696Z [command]/usr/bin/git config --local --name-only --get-regexp core\.sshCommand
2026-10-09T08:48:02.7242335Z [command]/usr/bin/git submodule foreach --recursive sh -c "git config --local --name-only --get-regexp 'core\.sshCommand' && git config --local --unset-all 'core.sshCommand' || :"
2026-10-09T08:48:02.7519746Z [command]/usr/bin/git config --local --name-only --get-regexp http\.https\:\/\/github\.com\/\.extraheader
2026-10-09T08:48:02.7551711Z http.https://github.com/.extraheader
2026-10-09T08:48:02.7562039Z [command]/usr/bin/git config --local --unset-all http.https://github.com/.extraheader
2026-10-09T08:48:02.7603991Z [command]/usr/bin/git submodule foreach --recursive sh -c "git config --local --name-only --get-regexp 'http\.https\:\/\/github\.com\/\.extraheader' && git config --local --unset-all 'http.https://github.com/.extraheader' || :"
2026-10-09T08:48:02.7890914Z [command]/usr/bin/git config --local --name-only --get-regexp ^includeIf\.gitdir:
2026-10-09T08:48:02.7935803Z [command]/usr/bin/git submodule foreach --recursive git config --local --show-origin --name-only --get-regexp remote.origin.url
2026-10-09T08:48:02.8288857Z Cleaning up orphan processes
2026-10-09T08:48:02.8538259Z ##[warning]Node.js 20 is deprecated. The following actions target Node.js 20 but are being forced to run on Node.js 24: actions/checkout@v4, actions/setup-node@v4. For more information see: https://github.blog/changelog/2025-09-19-deprecation-of-node-20-on-github-actions-runners/
