✖ language-bearing quiz manifest preserves default English content metadata (2.188225ms)
ℹ tests 1
ℹ suites 0
ℹ pass 0
ℹ fail 1
ℹ cancelled 0
ℹ skipped 0
ℹ todo 0
ℹ duration_ms 475.063888

✖ failing tests:

test at test.ts:33:1
✖ language-bearing quiz manifest preserves default English content metadata (2.188225ms)
  AssertionError [ERR_ASSERTION]: noCards is reserved for games without cards, prompts or language text
  + actual - expected
  
  + true
  - undefined
  
      at TestContext.<anonymous> (file:///workspace/game-cores-G04-audit-20261009/jobs/G04-reality-check/test.ts:36:9)
      at Test.runInAsyncScope (node:async_hooks:227:14)
      at Test.run (node:internal/test_runner/test:1382:25)
      at Test.start (node:internal/test_runner/test:1242:17)
      at startSubtestAfterBootstrap (node:internal/test_runner/harness:387:17)
      at process.processTicksAndRejections (node:internal/process/task_queues:104:5) {
    generatedMessage: false,
    code: 'ERR_ASSERTION',
    actual: true,
    expected: undefined,
    operator: 'strictEqual',
    diff: 'simple'
  }
