2026-10-09T07:27:58.3352199Z Current runner version: '2.337.0'
2026-10-09T07:27:58.3379385Z ##[group]Runner Image Provisioner
2026-10-09T07:27:58.3380325Z Hosted Compute Agent
2026-10-09T07:27:58.3381141Z Version: 20261002.596
2026-10-09T07:27:58.3381888Z Commit: c3d12f3313a95f25162a1503be624f3b0617f8c0
2026-10-09T07:27:58.3382857Z Build Date: 2026-10-02T22:28:27Z
2026-10-09T07:27:58.3383687Z Worker ID: {f9c36790-6e19-45ca-b4b0-95b741fde9b0}
2026-10-09T07:27:58.3384538Z Region: eastus
2026-10-09T07:27:58.3385285Z Cloud: Azure
2026-10-09T07:27:58.3385933Z ##[endgroup]
2026-10-09T07:27:58.3387554Z ##[group]Operating System
2026-10-09T07:27:58.3388659Z Ubuntu
2026-10-09T07:27:58.3389295Z 24.04.5
2026-10-09T07:27:58.3390052Z LTS
2026-10-09T07:27:58.3390662Z ##[endgroup]
2026-10-09T07:27:58.3391403Z ##[group]Runner Image
2026-10-09T07:27:58.3392137Z Image: ubuntu-24.04
2026-10-09T07:27:58.3392817Z Version: 20261004.327.1
2026-10-09T07:27:58.3394464Z Included Software: https://github.com/actions/runner-images/blob/ubuntu24/20261004.327/images/ubuntu/Ubuntu2404-Readme.md
2026-10-09T07:27:58.3396471Z Image Release: https://github.com/actions/runner-images/releases/tag/ubuntu24%2F20261004.327
2026-10-09T07:27:58.3397821Z ##[endgroup]
2026-10-09T07:27:58.3399177Z ##[group]GITHUB_TOKEN Permissions
2026-10-09T07:27:58.3401261Z Contents: read
2026-10-09T07:27:58.3402027Z Metadata: read
2026-10-09T07:27:58.3402699Z ##[endgroup]
2026-10-09T07:27:58.3405015Z Secret source: Actions
2026-10-09T07:27:58.3406239Z Cache mode: write
2026-10-09T07:27:58.3407199Z Prepare workflow directory
2026-10-09T07:27:58.3979857Z Prepare all required actions
2026-10-09T07:27:58.4035394Z Getting action download info
2026-10-09T07:27:58.5480996Z Download action repository 'actions/checkout@v4' (SHA:11d5960a326750d5838078e36cf38b85af677262)
2026-10-09T07:27:58.6650714Z Download action repository 'actions/setup-node@v4' (SHA:49933ea5288caeca8642d1e84afbd3f7d6820020)
2026-10-09T07:27:58.7780619Z Download action repository 'actions/upload-artifact@v4' (SHA:ea165f8d65b6e75b540449e92b4886f43607fa02)
2026-10-09T07:27:59.0050459Z Complete job name: browser-bootstrap
2026-10-09T07:27:59.0640551Z ##[group]Run actions/checkout@v4
2026-10-09T07:27:59.0641266Z with:
2026-10-09T07:27:59.0641669Z   ref: f46153e6645cf22f1c66167a281c0e292155a329
2026-10-09T07:27:59.0642203Z   repository: luisitin/partybox-game-cores
2026-10-09T07:27:59.0645291Z   token: ***
2026-10-09T07:27:59.0645657Z   ssh-strict: true
2026-10-09T07:27:59.0646023Z   ssh-user: git
2026-10-09T07:27:59.0646396Z   persist-credentials: true
2026-10-09T07:27:59.0646810Z   clean: true
2026-10-09T07:27:59.0647180Z   sparse-checkout-cone-mode: true
2026-10-09T07:27:59.0647610Z   fetch-depth: 1
2026-10-09T07:27:59.0648129Z   fetch-tags: false
2026-10-09T07:27:59.0648505Z   show-progress: true
2026-10-09T07:27:59.0648880Z   lfs: false
2026-10-09T07:27:59.0649223Z   submodules: false
2026-10-09T07:27:59.0649596Z   set-safe-directory: true
2026-10-09T07:27:59.0650007Z   allow-unsafe-pr-checkout: false
2026-10-09T07:27:59.0650627Z env:
2026-10-09T07:27:59.0651067Z   G02_SOURCE_HEAD: f46153e6645cf22f1c66167a281c0e292155a329
2026-10-09T07:27:59.0651613Z ##[endgroup]
2026-10-09T07:27:59.1549708Z Syncing repository: luisitin/partybox-game-cores
2026-10-09T07:27:59.1551862Z ##[group]Getting Git version info
2026-10-09T07:27:59.1552586Z Working directory is '/home/runner/work/partybox-game-cores/partybox-game-cores'
2026-10-09T07:27:59.1553595Z [command]/usr/bin/git version
2026-10-09T07:27:59.1644063Z git version 2.55.0
2026-10-09T07:27:59.1661838Z ##[endgroup]
2026-10-09T07:27:59.1676784Z Temporarily overriding HOME='/home/runner/work/_temp/aa2b5d4d-5168-4e22-99c8-7e12070280d1' before making global git config changes
2026-10-09T07:27:59.1678697Z Adding repository directory to the temporary git global config as a safe directory
2026-10-09T07:27:59.1682446Z [command]/usr/bin/git config --global --add safe.directory /home/runner/work/partybox-game-cores/partybox-game-cores
2026-10-09T07:27:59.1752161Z Deleting the contents of '/home/runner/work/partybox-game-cores/partybox-game-cores'
2026-10-09T07:27:59.1757038Z ##[group]Initializing the repository
2026-10-09T07:27:59.1761064Z [command]/usr/bin/git init /home/runner/work/partybox-game-cores/partybox-game-cores
2026-10-09T07:27:59.2940835Z hint: Using 'master' as the name for the initial branch. This default branch name
2026-10-09T07:27:59.2942442Z hint: will change to "main" in Git 3.0. To configure the initial branch name
2026-10-09T07:27:59.2943215Z hint: to use in all of your new repositories, which will suppress this warning,
2026-10-09T07:27:59.2943853Z hint: call:
2026-10-09T07:27:59.2944212Z hint:
2026-10-09T07:27:59.2944662Z hint: 	git config --global init.defaultBranch <name>
2026-10-09T07:27:59.2945180Z hint:
2026-10-09T07:27:59.2945774Z hint: Names commonly chosen instead of 'master' are 'main', 'trunk' and
2026-10-09T07:27:59.2946712Z hint: 'development'. The just-created branch can be renamed via this command:
2026-10-09T07:27:59.2947322Z hint:
2026-10-09T07:27:59.2947830Z hint: 	git branch -m <name>
2026-10-09T07:27:59.2948301Z hint:
2026-10-09T07:27:59.2948836Z hint: Disable this message with "git config set advice.defaultBranchName false"
2026-10-09T07:27:59.2949791Z Initialized empty Git repository in /home/runner/work/partybox-game-cores/partybox-game-cores/.git/
2026-10-09T07:27:59.2951890Z [command]/usr/bin/git remote add origin https://github.com/luisitin/partybox-game-cores
2026-10-09T07:27:59.3005404Z ##[endgroup]
2026-10-09T07:27:59.3006091Z ##[group]Disabling automatic garbage collection
2026-10-09T07:27:59.3006660Z [command]/usr/bin/git config --local gc.auto 0
2026-10-09T07:27:59.3038686Z ##[endgroup]
2026-10-09T07:27:59.3039666Z ##[group]Setting up auth
2026-10-09T07:27:59.3044464Z [command]/usr/bin/git config --local --name-only --get-regexp core\.sshCommand
2026-10-09T07:27:59.3078028Z [command]/usr/bin/git submodule foreach --recursive sh -c "git config --local --name-only --get-regexp 'core\.sshCommand' && git config --local --unset-all 'core.sshCommand' || :"
2026-10-09T07:27:59.3458687Z [command]/usr/bin/git config --local --name-only --get-regexp http\.https\:\/\/github\.com\/\.extraheader
2026-10-09T07:27:59.3496293Z [command]/usr/bin/git submodule foreach --recursive sh -c "git config --local --name-only --get-regexp 'http\.https\:\/\/github\.com\/\.extraheader' && git config --local --unset-all 'http.https://github.com/.extraheader' || :"
2026-10-09T07:27:59.3716726Z [command]/usr/bin/git config --local --name-only --get-regexp ^includeIf\.gitdir:
2026-10-09T07:27:59.3758739Z [command]/usr/bin/git submodule foreach --recursive git config --local --show-origin --name-only --get-regexp remote.origin.url
2026-10-09T07:27:59.3962804Z [command]/usr/bin/git config --local http.https://github.com/.extraheader AUTHORIZATION: basic ***
2026-10-09T07:27:59.4018910Z ##[endgroup]
2026-10-09T07:27:59.4020077Z ##[group]Fetching the repository
2026-10-09T07:27:59.4033459Z [command]/usr/bin/git -c protocol.version=2 fetch --no-tags --prune --no-recurse-submodules --depth=1 origin f46153e6645cf22f1c66167a281c0e292155a329
2026-10-09T07:28:03.0289169Z From https://github.com/luisitin/partybox-game-cores
2026-10-09T07:28:03.0290638Z  * branch            f46153e6645cf22f1c66167a281c0e292155a329 -> FETCH_HEAD
2026-10-09T07:28:03.0300777Z ##[endgroup]
2026-10-09T07:28:03.0301538Z ##[group]Determining the checkout info
2026-10-09T07:28:03.0302331Z ##[endgroup]
2026-10-09T07:28:03.0303027Z [command]/usr/bin/git sparse-checkout disable
2026-10-09T07:28:03.0356973Z [command]/usr/bin/git config --local --unset-all extensions.worktreeConfig
2026-10-09T07:28:03.0394322Z ##[group]Checking out the ref
2026-10-09T07:28:03.0398073Z [command]/usr/bin/git checkout --progress --force f46153e6645cf22f1c66167a281c0e292155a329
2026-10-09T07:28:03.2659547Z Note: switching to 'f46153e6645cf22f1c66167a281c0e292155a329'.
2026-10-09T07:28:03.2660516Z 
2026-10-09T07:28:03.2661201Z You are in 'detached HEAD' state. You can look around, make experimental
2026-10-09T07:28:03.2662707Z changes and commit them, and you can discard any commits you make in this
2026-10-09T07:28:03.2664605Z state without impacting any branches by switching back to a branch.
2026-10-09T07:28:03.2665475Z 
2026-10-09T07:28:03.2666131Z If you want to create a new branch to retain commits you create, you may
2026-10-09T07:28:03.2667597Z do so (now or later) by using -c with the switch command. Example:
2026-10-09T07:28:03.2668680Z 
2026-10-09T07:28:03.2669106Z   git switch -c <new-branch-name>
2026-10-09T07:28:03.2669761Z 
2026-10-09T07:28:03.2670167Z Or undo this operation with:
2026-10-09T07:28:03.2670765Z 
2026-10-09T07:28:03.2671133Z   git switch -
2026-10-09T07:28:03.2671640Z 
2026-10-09T07:28:03.2672405Z Turn off this advice by setting config variable advice.detachedHead to false
2026-10-09T07:28:03.2673539Z 
2026-10-09T07:28:03.2674311Z HEAD is now at f46153e G02 deliver source-bound public-discard repair evidence
2026-10-09T07:28:03.2692005Z ##[endgroup]
2026-10-09T07:28:03.2737756Z [command]/usr/bin/git log -1 --format=%H
2026-10-09T07:28:03.2762460Z f46153e6645cf22f1c66167a281c0e292155a329
2026-10-09T07:28:03.3119457Z ##[group]Run actions/setup-node@v4
2026-10-09T07:28:03.3120428Z with:
2026-10-09T07:28:03.3121173Z   node-version: 22.16.0
2026-10-09T07:28:03.3121989Z   cache: npm
2026-10-09T07:28:03.3122965Z   cache-dependency-path: jobs/G02-gin-rummy/package-lock.json
2026-10-09T07:28:03.3124140Z   always-auth: false
2026-10-09T07:28:03.3124952Z   check-latest: false
2026-10-09T07:28:03.3131659Z   token: ***
2026-10-09T07:28:03.3132419Z env:
2026-10-09T07:28:03.3133285Z   G02_SOURCE_HEAD: f46153e6645cf22f1c66167a281c0e292155a329
2026-10-09T07:28:03.3134344Z ##[endgroup]
2026-10-09T07:28:03.4279458Z Attempting to download 22.16.0...
2026-10-09T07:28:03.4363691Z (node:2072) [DEP0040] DeprecationWarning: The `punycode` module is deprecated. Please use a userland alternative instead.
2026-10-09T07:28:03.4365940Z (Use `node --trace-deprecation ...` to show where the warning was created)
2026-10-09T07:28:04.0218848Z Acquiring 22.16.0 - x64 from https://github.com/actions/node-versions/releases/download/22.16.0-15177438473/node-22.16.0-linux-x64.tar.gz
2026-10-09T07:28:04.3792450Z Extracting ...
2026-10-09T07:28:04.3886490Z [command]/usr/bin/tar xz --strip 1 --warning=no-unknown-keyword --overwrite -C /home/runner/work/_temp/65c06ac5-0a91-48dc-9acb-ffb88d31a7a7 -f /home/runner/work/_temp/78468728-a2ee-40b6-a73f-421880782e79
2026-10-09T07:28:05.3836234Z Adding to the cache ...
2026-10-09T07:28:07.4600286Z ##[group]Environment details
2026-10-09T07:28:07.6443427Z node: v22.16.0
2026-10-09T07:28:07.6443786Z npm: 10.9.2
2026-10-09T07:28:07.6444060Z yarn: 1.22.22
2026-10-09T07:28:07.6444622Z ##[endgroup]
2026-10-09T07:28:07.6461364Z [command]/opt/hostedtoolcache/node/22.16.0/x64/bin/npm config get cache
2026-10-09T07:28:07.7173708Z /home/runner/.npm
2026-10-09T07:28:07.7848608Z Cache hit for: node-cache-Linux-x64-npm-d48b0073b1be2df746cbb2cab1dca64dc5674a863aed54a4ee7f428aad681317
2026-10-09T07:28:07.7929899Z (node:2072) [DEP0169] DeprecationWarning: `url.parse()` behavior is not standardized and prone to errors that have security implications. Use the WHATWG URL API instead. CVEs are not issued for `url.parse()` vulnerabilities.
2026-10-09T07:28:08.0424294Z Received 12676573 of 12676573 (100.0%), 58.4 MBs/sec
2026-10-09T07:28:08.0424808Z Cache Size: ~12 MB (12676573 B)
2026-10-09T07:28:08.0519060Z [command]/usr/bin/tar -xf /home/runner/work/_temp/2476b7c7-8312-40a6-bce2-5947b003d5dc/cache.tzst -P -C /home/runner/work/partybox-game-cores/partybox-game-cores --use-compress-program unzstd
2026-10-09T07:28:08.0742218Z Cache restored successfully
2026-10-09T07:28:08.0753029Z Cache restored from key: node-cache-Linux-x64-npm-d48b0073b1be2df746cbb2cab1dca64dc5674a863aed54a4ee7f428aad681317
2026-10-09T07:28:08.0918437Z ##[group]Run node --input-type=module <<'JS'
2026-10-09T07:28:08.0918823Z [36;1mnode --input-type=module <<'JS'[0m
2026-10-09T07:28:08.0919115Z [36;1mimport assert from 'node:assert/strict';[0m
2026-10-09T07:28:08.0919447Z [36;1mimport {readFile,appendFile} from 'node:fs/promises';[0m
2026-10-09T07:28:08.0919967Z [36;1mimport {createHash} from 'node:crypto';[0m
2026-10-09T07:28:08.0920407Z [36;1mconst request=JSON.parse(await readFile('evidence/audit-20261009/bootstrap-request.json','utf8'));[0m
2026-10-09T07:28:08.0920928Z [36;1massert.equal(request.version,1);assert.equal(typeof request.enabled,'boolean');[0m
2026-10-09T07:28:08.0921303Z [36;1mif(request.enabled){[0m
2026-10-09T07:28:08.0923031Z [36;1m assert(['mandatory one-workflow correction; first capture binding the corrected G02 workflow','verified material Strong Gin-priority repair; first capture for changed game source','verified material Gin draw repair; first capture for changed game source','verified material same-meld finishing knock repair; first capture for changed game source','verified material closed-meld finishing knock repair; first capture for changed game source','verified material public-discard closed-meld finishing knock repair; first capture for changed game source'].includes(request.reason),'explicit material/protocol bootstrap reason required');[0m
2026-10-09T07:28:08.0924770Z [36;1m const sha=bytes=>createHash('sha256').update(bytes).digest('hex');[0m
2026-10-09T07:28:08.0925172Z [36;1m assert.equal(sha(await readFile('src/core.ts')),request.coreSha256);[0m
2026-10-09T07:28:08.0925567Z [36;1m assert.equal(sha(await readFile('play.html')),request.htmlSha256);[0m
2026-10-09T07:28:08.0925888Z [36;1m}[0m
2026-10-09T07:28:08.0926208Z [36;1mawait appendFile(process.env.GITHUB_OUTPUT,'bootstrap='+String(request.enabled)+'\n');[0m
2026-10-09T07:28:08.0926809Z [36;1mconsole.log(JSON.stringify({nativeBootstrapRequested:request.enabled,samplersExecuted:false,reason:request.reason}));[0m
2026-10-09T07:28:08.0927294Z [36;1mJS[0m
2026-10-09T07:28:08.1600195Z shell: /usr/bin/bash -e {0}
2026-10-09T07:28:08.1600506Z env:
2026-10-09T07:28:08.1600766Z   G02_SOURCE_HEAD: f46153e6645cf22f1c66167a281c0e292155a329
2026-10-09T07:28:08.1601060Z ##[endgroup]
2026-10-09T07:28:08.1945538Z {"nativeBootstrapRequested":false,"samplersExecuted":false,"reason":"verified material public-discard closed-meld finishing knock repair; first capture for changed game source"}
2026-10-09T07:28:08.2155600Z Post job cleanup.
2026-10-09T07:28:08.3131379Z (node:2138) [DEP0040] DeprecationWarning: The `punycode` module is deprecated. Please use a userland alternative instead.
2026-10-09T07:28:08.3132109Z (Use `node --trace-deprecation ...` to show where the warning was created)
2026-10-09T07:28:08.3134072Z Cache hit occurred on the primary key node-cache-Linux-x64-npm-d48b0073b1be2df746cbb2cab1dca64dc5674a863aed54a4ee7f428aad681317, not saving cache.
2026-10-09T07:28:08.3270203Z Post job cleanup.
2026-10-09T07:28:08.3930383Z [command]/usr/bin/git version
2026-10-09T07:28:08.3964200Z git version 2.55.0
2026-10-09T07:28:08.3998234Z Temporarily overriding HOME='/home/runner/work/_temp/a13b86f3-89ab-4cfb-bbc1-a02b1b4abec1' before making global git config changes
2026-10-09T07:28:08.3999412Z Adding repository directory to the temporary git global config as a safe directory
2026-10-09T07:28:08.4003475Z [command]/usr/bin/git config --global --add safe.directory /home/runner/work/partybox-game-cores/partybox-game-cores
2026-10-09T07:28:08.4038338Z [command]/usr/bin/git config --local --name-only --get-regexp core\.sshCommand
2026-10-09T07:28:08.4067437Z [command]/usr/bin/git submodule foreach --recursive sh -c "git config --local --name-only --get-regexp 'core\.sshCommand' && git config --local --unset-all 'core.sshCommand' || :"
2026-10-09T07:28:08.4278459Z [command]/usr/bin/git config --local --name-only --get-regexp http\.https\:\/\/github\.com\/\.extraheader
2026-10-09T07:28:08.4674695Z http.https://github.com/.extraheader
2026-10-09T07:28:08.4685234Z [command]/usr/bin/git config --local --unset-all http.https://github.com/.extraheader
2026-10-09T07:28:08.4727517Z [command]/usr/bin/git submodule foreach --recursive sh -c "git config --local --name-only --get-regexp 'http\.https\:\/\/github\.com\/\.extraheader' && git config --local --unset-all 'http.https://github.com/.extraheader' || :"
2026-10-09T07:28:08.4921836Z [command]/usr/bin/git config --local --name-only --get-regexp ^includeIf\.gitdir:
2026-10-09T07:28:08.4951441Z [command]/usr/bin/git submodule foreach --recursive git config --local --show-origin --name-only --get-regexp remote.origin.url
2026-10-09T07:28:08.5257173Z Cleaning up orphan processes
2026-10-09T07:28:08.5495221Z ##[warning]Node.js 20 is deprecated. The following actions target Node.js 20 but are being forced to run on Node.js 24: actions/checkout@v4, actions/setup-node@v4. For more information see: https://github.blog/changelog/2025-09-19-deprecation-of-node-20-on-github-actions-runners/
