2026-10-09T07:27:58.3627311Z Current runner version: '2.337.0'
2026-10-09T07:27:58.3641960Z ##[group]Runner Image Provisioner
2026-10-09T07:27:58.3642449Z Hosted Compute Agent
2026-10-09T07:27:58.3642806Z Version: 20261002.596
2026-10-09T07:27:58.3643213Z Commit: c3d12f3313a95f25162a1503be624f3b0617f8c0
2026-10-09T07:27:58.3643618Z Build Date: 2026-10-02T22:28:27Z
2026-10-09T07:27:58.3644063Z Worker ID: {71a98d9e-796f-4416-88a0-ca653d78a6d3}
2026-10-09T07:27:58.3644456Z Region: centralus
2026-10-09T07:27:58.3644793Z Cloud: Azure
2026-10-09T07:27:58.3645454Z ##[endgroup]
2026-10-09T07:27:58.3646214Z ##[group]Operating System
2026-10-09T07:27:58.3646602Z Ubuntu
2026-10-09T07:27:58.3646912Z 24.04.5
2026-10-09T07:27:58.3647238Z LTS
2026-10-09T07:27:58.3647568Z ##[endgroup]
2026-10-09T07:27:58.3647884Z ##[group]Runner Image
2026-10-09T07:27:58.3648282Z Image: ubuntu-24.04
2026-10-09T07:27:58.3648616Z Version: 20261004.327.1
2026-10-09T07:27:58.3649386Z Included Software: https://github.com/actions/runner-images/blob/ubuntu24/20261004.327/images/ubuntu/Ubuntu2404-Readme.md
2026-10-09T07:27:58.3650214Z Image Release: https://github.com/actions/runner-images/releases/tag/ubuntu24%2F20261004.327
2026-10-09T07:27:58.3650790Z ##[endgroup]
2026-10-09T07:27:58.3651433Z ##[group]GITHUB_TOKEN Permissions
2026-10-09T07:27:58.3652590Z Contents: read
2026-10-09T07:27:58.3652924Z Metadata: read
2026-10-09T07:27:58.3653242Z ##[endgroup]
2026-10-09T07:27:58.3654473Z Secret source: Actions
2026-10-09T07:27:58.3655197Z Cache mode: write
2026-10-09T07:27:58.3655674Z Prepare workflow directory
2026-10-09T07:27:58.3894053Z Prepare all required actions
2026-10-09T07:27:58.3923319Z Getting action download info
2026-10-09T07:27:58.6040097Z Download action repository 'actions/checkout@v4' (SHA:11d5960a326750d5838078e36cf38b85af677262)
2026-10-09T07:27:58.6767249Z Download action repository 'actions/setup-node@v4' (SHA:49933ea5288caeca8642d1e84afbd3f7d6820020)
2026-10-09T07:27:58.7887307Z Download action repository 'actions/upload-artifact@v4' (SHA:ea165f8d65b6e75b540449e92b4886f43607fa02)
2026-10-09T07:27:58.9741390Z Complete job name: verify
2026-10-09T07:27:59.1268023Z ##[group]Run actions/checkout@v4
2026-10-09T07:27:59.1268469Z with:
2026-10-09T07:27:59.1268741Z   repository: luisitin/partybox-game-cores
2026-10-09T07:27:59.1271142Z   token: ***
2026-10-09T07:27:59.1271391Z   ssh-strict: true
2026-10-09T07:27:59.1271642Z   ssh-user: git
2026-10-09T07:27:59.1271903Z   persist-credentials: true
2026-10-09T07:27:59.1272191Z   clean: true
2026-10-09T07:27:59.1272452Z   sparse-checkout-cone-mode: true
2026-10-09T07:27:59.1272763Z   fetch-depth: 1
2026-10-09T07:27:59.1273009Z   fetch-tags: false
2026-10-09T07:27:59.1273264Z   show-progress: true
2026-10-09T07:27:59.1273527Z   lfs: false
2026-10-09T07:27:59.1273762Z   submodules: false
2026-10-09T07:27:59.1274029Z   set-safe-directory: true
2026-10-09T07:27:59.1274325Z   allow-unsafe-pr-checkout: false
2026-10-09T07:27:59.1274701Z ##[endgroup]
2026-10-09T07:27:59.1919637Z Syncing repository: luisitin/partybox-game-cores
2026-10-09T07:27:59.1921188Z ##[group]Getting Git version info
2026-10-09T07:27:59.1921759Z Working directory is '/home/runner/work/partybox-game-cores/partybox-game-cores'
2026-10-09T07:27:59.1922805Z [command]/usr/bin/git version
2026-10-09T07:27:59.2148937Z git version 2.55.0
2026-10-09T07:27:59.2169539Z ##[endgroup]
2026-10-09T07:27:59.2178463Z Temporarily overriding HOME='/home/runner/work/_temp/e3819e3d-2d59-4629-8115-db9b050e3a95' before making global git config changes
2026-10-09T07:27:59.2180143Z Adding repository directory to the temporary git global config as a safe directory
2026-10-09T07:27:59.2181631Z [command]/usr/bin/git config --global --add safe.directory /home/runner/work/partybox-game-cores/partybox-game-cores
2026-10-09T07:27:59.2320879Z Deleting the contents of '/home/runner/work/partybox-game-cores/partybox-game-cores'
2026-10-09T07:27:59.2322405Z ##[group]Initializing the repository
2026-10-09T07:27:59.2323218Z [command]/usr/bin/git init /home/runner/work/partybox-game-cores/partybox-game-cores
2026-10-09T07:27:59.2819767Z hint: Using 'master' as the name for the initial branch. This default branch name
2026-10-09T07:27:59.2820866Z hint: will change to "main" in Git 3.0. To configure the initial branch name
2026-10-09T07:27:59.2821476Z hint: to use in all of your new repositories, which will suppress this warning,
2026-10-09T07:27:59.2821955Z hint: call:
2026-10-09T07:27:59.2822622Z hint:
2026-10-09T07:27:59.2823121Z hint: 	git config --global init.defaultBranch <name>
2026-10-09T07:27:59.2823645Z hint:
2026-10-09T07:27:59.2824094Z hint: Names commonly chosen instead of 'master' are 'main', 'trunk' and
2026-10-09T07:27:59.2825142Z hint: 'development'. The just-created branch can be renamed via this command:
2026-10-09T07:27:59.2825832Z hint:
2026-10-09T07:27:59.2826071Z hint: 	git branch -m <name>
2026-10-09T07:27:59.2826355Z hint:
2026-10-09T07:27:59.2826846Z hint: Disable this message with "git config set advice.defaultBranchName false"
2026-10-09T07:27:59.2827576Z Initialized empty Git repository in /home/runner/work/partybox-game-cores/partybox-game-cores/.git/
2026-10-09T07:27:59.2830870Z [command]/usr/bin/git remote add origin https://github.com/luisitin/partybox-game-cores
2026-10-09T07:27:59.3008173Z ##[endgroup]
2026-10-09T07:27:59.3008984Z ##[group]Disabling automatic garbage collection
2026-10-09T07:27:59.3010166Z [command]/usr/bin/git config --local gc.auto 0
2026-10-09T07:27:59.3116349Z ##[endgroup]
2026-10-09T07:27:59.3117006Z ##[group]Setting up auth
2026-10-09T07:27:59.3120898Z [command]/usr/bin/git config --local --name-only --get-regexp core\.sshCommand
2026-10-09T07:27:59.3147611Z [command]/usr/bin/git submodule foreach --recursive sh -c "git config --local --name-only --get-regexp 'core\.sshCommand' && git config --local --unset-all 'core.sshCommand' || :"
2026-10-09T07:27:59.3419084Z [command]/usr/bin/git config --local --name-only --get-regexp http\.https\:\/\/github\.com\/\.extraheader
2026-10-09T07:27:59.3449923Z [command]/usr/bin/git submodule foreach --recursive sh -c "git config --local --name-only --get-regexp 'http\.https\:\/\/github\.com\/\.extraheader' && git config --local --unset-all 'http.https://github.com/.extraheader' || :"
2026-10-09T07:27:59.3621041Z [command]/usr/bin/git config --local --name-only --get-regexp ^includeIf\.gitdir:
2026-10-09T07:27:59.3647183Z [command]/usr/bin/git submodule foreach --recursive git config --local --show-origin --name-only --get-regexp remote.origin.url
2026-10-09T07:27:59.3818744Z [command]/usr/bin/git config --local http.https://github.com/.extraheader AUTHORIZATION: basic ***
2026-10-09T07:27:59.4094407Z ##[endgroup]
2026-10-09T07:27:59.4095633Z ##[group]Fetching the repository
2026-10-09T07:27:59.4121800Z [command]/usr/bin/git -c protocol.version=2 fetch --no-tags --prune --no-recurse-submodules --depth=1 origin +e30f32b772be1fdbd479d4cbc470477d46e607bb:refs/remotes/pull/12/merge
2026-10-09T07:28:03.2380441Z From https://github.com/luisitin/partybox-game-cores
2026-10-09T07:28:03.2382266Z  * [new ref]         e30f32b772be1fdbd479d4cbc470477d46e607bb -> pull/12/merge
2026-10-09T07:28:03.2386121Z ##[endgroup]
2026-10-09T07:28:03.2387464Z ##[group]Determining the checkout info
2026-10-09T07:28:03.2388866Z ##[endgroup]
2026-10-09T07:28:03.2390209Z [command]/usr/bin/git sparse-checkout disable
2026-10-09T07:28:03.2434594Z [command]/usr/bin/git config --local --unset-all extensions.worktreeConfig
2026-10-09T07:28:03.2460748Z ##[group]Checking out the ref
2026-10-09T07:28:03.2462352Z [command]/usr/bin/git checkout --progress --force refs/remotes/pull/12/merge
2026-10-09T07:28:03.4340254Z Note: switching to 'refs/remotes/pull/12/merge'.
2026-10-09T07:28:03.4340897Z 
2026-10-09T07:28:03.4341374Z You are in 'detached HEAD' state. You can look around, make experimental
2026-10-09T07:28:03.4342554Z changes and commit them, and you can discard any commits you make in this
2026-10-09T07:28:03.4343757Z state without impacting any branches by switching back to a branch.
2026-10-09T07:28:03.4344437Z 
2026-10-09T07:28:03.4344942Z If you want to create a new branch to retain commits you create, you may
2026-10-09T07:28:03.4346614Z do so (now or later) by using -c with the switch command. Example:
2026-10-09T07:28:03.4347199Z 
2026-10-09T07:28:03.4347463Z   git switch -c <new-branch-name>
2026-10-09T07:28:03.4347922Z 
2026-10-09T07:28:03.4348262Z Or undo this operation with:
2026-10-09T07:28:03.4348758Z 
2026-10-09T07:28:03.4349125Z   git switch -
2026-10-09T07:28:03.4349538Z 
2026-10-09T07:28:03.4350151Z Turn off this advice by setting config variable advice.detachedHead to false
2026-10-09T07:28:03.4351023Z 
2026-10-09T07:28:03.4351989Z HEAD is now at e30f32b Merge f46153e6645cf22f1c66167a281c0e292155a329 into d5fbb39746f8f7900bee57506e8133e8675f48ed
2026-10-09T07:28:03.4370378Z ##[endgroup]
2026-10-09T07:28:03.4408879Z [command]/usr/bin/git log -1 --format=%H
2026-10-09T07:28:03.4430124Z e30f32b772be1fdbd479d4cbc470477d46e607bb
2026-10-09T07:28:03.4736516Z ##[group]Run actions/setup-node@v4
2026-10-09T07:28:03.4737173Z with:
2026-10-09T07:28:03.4737683Z   node-version: 22.16.0
2026-10-09T07:28:03.4738251Z   cache: npm
2026-10-09T07:28:03.4738944Z   cache-dependency-path: jobs/G02-gin-rummy/package-lock.json
2026-10-09T07:28:03.4739808Z   always-auth: false
2026-10-09T07:28:03.4740371Z   check-latest: false
2026-10-09T07:28:03.4745334Z   token: ***
2026-10-09T07:28:03.4745859Z ##[endgroup]
2026-10-09T07:28:03.5557532Z Attempting to download 22.16.0...
2026-10-09T07:28:03.5619309Z (node:2073) [DEP0040] DeprecationWarning: The `punycode` module is deprecated. Please use a userland alternative instead.
2026-10-09T07:28:03.5620888Z (Use `node --trace-deprecation ...` to show where the warning was created)
2026-10-09T07:28:04.3710413Z Acquiring 22.16.0 - x64 from https://github.com/actions/node-versions/releases/download/22.16.0-15177438473/node-22.16.0-linux-x64.tar.gz
2026-10-09T07:28:04.8736661Z Extracting ...
2026-10-09T07:28:04.8815255Z [command]/usr/bin/tar xz --strip 1 --warning=no-unknown-keyword --overwrite -C /home/runner/work/_temp/553f4f88-5ce6-424e-9b42-c75ae74debb6 -f /home/runner/work/_temp/b357999a-5b57-4ae2-a307-aac1d2d45ea5
2026-10-09T07:28:05.7075768Z Adding to the cache ...
2026-10-09T07:28:08.0338029Z ##[group]Environment details
2026-10-09T07:28:08.1989069Z node: v22.16.0
2026-10-09T07:28:08.1989319Z npm: 10.9.2
2026-10-09T07:28:08.1989434Z yarn: 1.22.22
2026-10-09T07:28:08.1989810Z ##[endgroup]
2026-10-09T07:28:08.2000894Z [command]/opt/hostedtoolcache/node/22.16.0/x64/bin/npm config get cache
2026-10-09T07:28:08.2563922Z /home/runner/.npm
2026-10-09T07:28:08.3796694Z Cache hit for: node-cache-Linux-x64-npm-d48b0073b1be2df746cbb2cab1dca64dc5674a863aed54a4ee7f428aad681317
2026-10-09T07:28:08.3859541Z (node:2073) [DEP0169] DeprecationWarning: `url.parse()` behavior is not standardized and prone to errors that have security implications. Use the WHATWG URL API instead. CVEs are not issued for `url.parse()` vulnerabilities.
2026-10-09T07:28:09.1236223Z Received 12676573 of 12676573 (100.0%), 20.7 MBs/sec
2026-10-09T07:28:09.1236837Z Cache Size: ~12 MB (12676573 B)
2026-10-09T07:28:09.1251115Z [command]/usr/bin/tar -xf /home/runner/work/_temp/f83d1d19-bf3c-42b4-8637-67aedf5a1511/cache.tzst -P -C /home/runner/work/partybox-game-cores/partybox-game-cores --use-compress-program unzstd
2026-10-09T07:28:09.1410905Z Cache restored successfully
2026-10-09T07:28:09.1418019Z Cache restored from key: node-cache-Linux-x64-npm-d48b0073b1be2df746cbb2cab1dca64dc5674a863aed54a4ee7f428aad681317
2026-10-09T07:28:09.1563787Z ##[group]Run npm ci --ignore-scripts --no-audit --no-fund
2026-10-09T07:28:09.1564061Z [36;1mnpm ci --ignore-scripts --no-audit --no-fund[0m
2026-10-09T07:28:09.1783607Z shell: /usr/bin/bash -e {0}
2026-10-09T07:28:09.1783771Z ##[endgroup]
2026-10-09T07:28:09.6881747Z 
2026-10-09T07:28:09.6886942Z added 6 packages in 474ms
2026-10-09T07:28:09.7257971Z ##[group]Run npx playwright install --with-deps chromium
2026-10-09T07:28:09.7258224Z [36;1mnpx playwright install --with-deps chromium[0m
2026-10-09T07:28:09.7308673Z shell: /usr/bin/bash -e {0}
2026-10-09T07:28:09.7308954Z ##[endgroup]
2026-10-09T07:28:10.1986550Z Installing dependencies...
2026-10-09T07:28:10.2024876Z Switching to root user to install dependencies...
2026-10-09T07:28:10.3896981Z Get:1 file:/etc/apt/apt-mirrors.txt Mirrorlist [144 B]
2026-10-09T07:28:10.3987365Z Get:6 https://packages.microsoft.com/ubuntu/24.04/prod noble InRelease [3600 B]
2026-10-09T07:28:10.4187144Z Hit:2 http://azure.archive.ubuntu.com/ubuntu noble InRelease
2026-10-09T07:28:10.4210726Z Get:3 http://azure.archive.ubuntu.com/ubuntu noble-updates InRelease [126 kB]
2026-10-09T07:28:10.4278877Z Get:4 http://azure.archive.ubuntu.com/ubuntu noble-backports InRelease [126 kB]
2026-10-09T07:28:10.4332337Z Get:5 http://azure.archive.ubuntu.com/ubuntu noble-security InRelease [126 kB]
2026-10-09T07:28:10.5384187Z Get:7 https://packages.microsoft.com/ubuntu/24.04/prod noble/main amd64 Packages [531 kB]
2026-10-09T07:28:10.5556260Z Get:8 https://packages.microsoft.com/ubuntu/24.04/prod noble/main arm64 Packages [475 kB]
2026-10-09T07:28:10.5613243Z Get:9 https://packages.microsoft.com/ubuntu/24.04/prod noble/main all Packages [640 B]
2026-10-09T07:28:10.5646900Z Get:10 https://packages.microsoft.com/ubuntu/24.04/prod noble/main armhf Packages [12.3 kB]
2026-10-09T07:28:10.6329985Z Get:11 http://azure.archive.ubuntu.com/ubuntu noble-updates/main amd64 Packages [1375 kB]
2026-10-09T07:28:10.6405922Z Get:12 http://azure.archive.ubuntu.com/ubuntu noble-updates/main Translation-en [306 kB]
2026-10-09T07:28:10.6433832Z Get:13 http://azure.archive.ubuntu.com/ubuntu noble-updates/universe amd64 Packages [1702 kB]
2026-10-09T07:28:10.6460287Z Get:14 http://azure.archive.ubuntu.com/ubuntu noble-updates/universe Translation-en [342 kB]
2026-10-09T07:28:10.6479901Z Get:15 http://azure.archive.ubuntu.com/ubuntu noble-updates/restricted amd64 Packages [1761 kB]
2026-10-09T07:28:10.6540519Z Get:16 http://azure.archive.ubuntu.com/ubuntu noble-updates/restricted Translation-en [401 kB]
2026-10-09T07:28:10.6558921Z Get:17 http://azure.archive.ubuntu.com/ubuntu noble-updates/multiverse amd64 Packages [55.0 kB]
2026-10-09T07:28:10.6568923Z Get:18 http://azure.archive.ubuntu.com/ubuntu noble-updates/multiverse Translation-en [14.3 kB]
2026-10-09T07:28:10.7316105Z Get:19 http://azure.archive.ubuntu.com/ubuntu noble-security/main amd64 Packages [1118 kB]
2026-10-09T07:28:10.7381302Z Get:20 http://azure.archive.ubuntu.com/ubuntu noble-security/main Translation-en [228 kB]
2026-10-09T07:28:10.7841362Z Get:21 http://azure.archive.ubuntu.com/ubuntu noble-security/universe amd64 Packages [1220 kB]
2026-10-09T07:28:10.7882233Z Get:22 http://azure.archive.ubuntu.com/ubuntu noble-security/universe Translation-en [245 kB]
2026-10-09T07:28:10.7897555Z Get:23 http://azure.archive.ubuntu.com/ubuntu noble-security/restricted amd64 Packages [1667 kB]
2026-10-09T07:28:10.7950908Z Get:24 http://azure.archive.ubuntu.com/ubuntu noble-security/restricted Translation-en [383 kB]
2026-10-09T07:28:10.7968383Z Get:25 http://azure.archive.ubuntu.com/ubuntu noble-security/multiverse amd64 Packages [49.8 kB]
2026-10-09T07:28:10.7976883Z Get:26 http://azure.archive.ubuntu.com/ubuntu noble-security/multiverse Translation-en [12.4 kB]
2026-10-09T07:28:18.4555611Z Fetched 12.3 MB in 1s (11.4 MB/s)
2026-10-09T07:28:18.9296453Z Reading package lists...
2026-10-09T07:28:18.9474990Z Reading package lists...
2026-10-09T07:28:19.0711591Z Building dependency tree...
2026-10-09T07:28:19.0716491Z Reading state information...
2026-10-09T07:28:19.1722665Z libasound2t64 is already the newest version (1.2.11-1ubuntu0.3).
2026-10-09T07:28:19.1723234Z libasound2t64 set to manually installed.
2026-10-09T07:28:19.1723780Z libatk-bridge2.0-0t64 is already the newest version (2.52.0-1build1).
2026-10-09T07:28:19.1724307Z libatk-bridge2.0-0t64 set to manually installed.
2026-10-09T07:28:19.1725347Z libatk1.0-0t64 is already the newest version (2.52.0-1build1).
2026-10-09T07:28:19.1725664Z libatk1.0-0t64 set to manually installed.
2026-10-09T07:28:19.1726042Z libatspi2.0-0t64 is already the newest version (2.52.0-1build1).
2026-10-09T07:28:19.1726540Z libatspi2.0-0t64 set to manually installed.
2026-10-09T07:28:19.1726880Z libcairo2 is already the newest version (1.18.0-3build1).
2026-10-09T07:28:19.1727202Z libcairo2 set to manually installed.
2026-10-09T07:28:19.1727556Z libcups2t64 is already the newest version (2.4.7-1.2ubuntu7.14).
2026-10-09T07:28:19.1727893Z libcups2t64 set to manually installed.
2026-10-09T07:28:19.1728242Z libdbus-1-3 is already the newest version (1.14.10-4ubuntu4.1).
2026-10-09T07:28:19.1728572Z libdbus-1-3 set to manually installed.
2026-10-09T07:28:19.1728952Z libdrm2 is already the newest version (2.4.125-1ubuntu0.1~24.04.2).
2026-10-09T07:28:19.1729292Z libdrm2 set to manually installed.
2026-10-09T07:28:19.1729594Z libgbm1 is already the newest version (25.2.8-0ubuntu0.24.04.4).
2026-10-09T07:28:19.1729802Z libgbm1 set to manually installed.
2026-10-09T07:28:19.1730028Z libglib2.0-0t64 is already the newest version (2.80.0-6ubuntu3.9).
2026-10-09T07:28:19.1730249Z libglib2.0-0t64 set to manually installed.
2026-10-09T07:28:19.1730479Z libnspr4 is already the newest version (2:4.35-1.1build1).
2026-10-09T07:28:19.1730787Z libnspr4 set to manually installed.
2026-10-09T07:28:19.1731031Z libnss3 is already the newest version (2:3.98-1ubuntu0.2).
2026-10-09T07:28:19.1731239Z libnss3 set to manually installed.
2026-10-09T07:28:19.1731463Z libpango-1.0-0 is already the newest version (1.52.1+ds-1build1).
2026-10-09T07:28:19.1731682Z libpango-1.0-0 set to manually installed.
2026-10-09T07:28:19.1731952Z libx11-6 is already the newest version (2:1.8.7-1build1).
2026-10-09T07:28:19.1732154Z libx11-6 set to manually installed.
2026-10-09T07:28:19.1732352Z libxcb1 is already the newest version (1.15-1ubuntu2).
2026-10-09T07:28:19.1732551Z libxcb1 set to manually installed.
2026-10-09T07:28:19.1732771Z libxcomposite1 is already the newest version (1:0.4.5-1build3).
2026-10-09T07:28:19.1732996Z libxcomposite1 set to manually installed.
2026-10-09T07:28:19.1733220Z libxdamage1 is already the newest version (1:1.1.6-1build1).
2026-10-09T07:28:19.1733433Z libxdamage1 set to manually installed.
2026-10-09T07:28:19.1733644Z libxext6 is already the newest version (2:1.3.4-1build2).
2026-10-09T07:28:19.1733843Z libxext6 set to manually installed.
2026-10-09T07:28:19.1734053Z libxfixes3 is already the newest version (1:6.0.0-2build1).
2026-10-09T07:28:19.1734264Z libxfixes3 set to manually installed.
2026-10-09T07:28:19.1734500Z libxkbcommon0 is already the newest version (1.6.0-1build1).
2026-10-09T07:28:19.1734711Z libxkbcommon0 set to manually installed.
2026-10-09T07:28:19.1734927Z libxrandr2 is already the newest version (2:1.5.2-2build1).
2026-10-09T07:28:19.1735267Z libxrandr2 set to manually installed.
2026-10-09T07:28:19.1735484Z xvfb is already the newest version (2:21.1.12-1ubuntu1.8).
2026-10-09T07:28:19.1735769Z fonts-noto-color-emoji is already the newest version (2.047-0ubuntu0.24.04.1).
2026-10-09T07:28:19.1736063Z libfontconfig1 is already the newest version (2.15.0-1.1ubuntu2).
2026-10-09T07:28:19.1736288Z libfontconfig1 set to manually installed.
2026-10-09T07:28:19.1736509Z fonts-liberation is already the newest version (1:2.1.5-3).
2026-10-09T07:28:19.1736724Z fonts-liberation set to manually installed.
2026-10-09T07:28:19.1736940Z The following additional packages will be installed:
2026-10-09T07:28:19.1737135Z   xfonts-encodings xfonts-utils
2026-10-09T07:28:19.1737288Z Recommended packages:
2026-10-09T07:28:19.1737447Z   fonts-ipafont-mincho fonts-tlwg-loma
2026-10-09T07:28:19.2303632Z The following NEW packages will be installed:
2026-10-09T07:28:19.2304217Z   fonts-freefont-ttf fonts-ipafont-gothic fonts-tlwg-loma-otf fonts-unifont
2026-10-09T07:28:19.2306613Z   fonts-wqy-zenhei xfonts-cyrillic xfonts-encodings xfonts-scalable
2026-10-09T07:28:19.2307341Z   xfonts-utils
2026-10-09T07:28:19.2308963Z The following packages will be upgraded:
2026-10-09T07:28:19.2311180Z   libfreetype6
2026-10-09T07:28:19.2430590Z 1 upgraded, 9 newly installed, 0 to remove and 22 not upgraded.
2026-10-09T07:28:19.2431016Z Need to get 21.5 MB of archives.
2026-10-09T07:28:19.2431248Z After this operation, 79.5 MB of additional disk space will be used.
2026-10-09T07:28:19.2431571Z Get:1 file:/etc/apt/apt-mirrors.txt Mirrorlist [144 B]
2026-10-09T07:28:19.3190820Z Get:2 http://azure.archive.ubuntu.com/ubuntu noble/universe amd64 fonts-ipafont-gothic all 00303-21ubuntu1 [3513 kB]
2026-10-09T07:28:19.3767818Z Get:3 http://azure.archive.ubuntu.com/ubuntu noble/main amd64 fonts-freefont-ttf all 20211204+svn4273-2 [5641 kB]
2026-10-09T07:28:19.4614513Z Get:4 http://azure.archive.ubuntu.com/ubuntu noble/universe amd64 fonts-tlwg-loma-otf all 1:0.7.3-1 [107 kB]
2026-10-09T07:28:19.4895183Z Get:5 http://azure.archive.ubuntu.com/ubuntu noble/universe amd64 fonts-unifont all 1:15.1.01-1build1 [2993 kB]
2026-10-09T07:28:19.5458124Z Get:6 http://azure.archive.ubuntu.com/ubuntu noble/universe amd64 fonts-wqy-zenhei all 0.9.45-8 [7472 kB]
2026-10-09T07:28:19.6436494Z Get:7 http://azure.archive.ubuntu.com/ubuntu noble-updates/main amd64 libfreetype6 amd64 2.13.2+dfsg-1ubuntu0.2 [403 kB]
2026-10-09T07:28:19.6799407Z Get:8 http://azure.archive.ubuntu.com/ubuntu noble/main amd64 xfonts-encodings all 1:1.0.5-0ubuntu2 [578 kB]
2026-10-09T07:28:19.7171217Z Get:9 http://azure.archive.ubuntu.com/ubuntu noble/main amd64 xfonts-utils amd64 1:7.7+6build3 [94.4 kB]
2026-10-09T07:28:19.7521059Z Get:10 http://azure.archive.ubuntu.com/ubuntu noble/universe amd64 xfonts-cyrillic all 1:1.0.5+nmu1 [384 kB]
2026-10-09T07:28:19.7882266Z Get:11 http://azure.archive.ubuntu.com/ubuntu noble/main amd64 xfonts-scalable all 1:1.0.3-1.3 [304 kB]
2026-10-09T07:28:19.9812901Z Fetched 21.5 MB in 1s (38.8 MB/s)
2026-10-09T07:28:20.0320665Z Selecting previously unselected package fonts-ipafont-gothic.
2026-10-09T07:28:20.1272033Z (Reading database ... 
2026-10-09T07:28:20.1272268Z (Reading database ... 5%
2026-10-09T07:28:20.1272438Z (Reading database ... 10%
2026-10-09T07:28:20.1272611Z (Reading database ... 15%
2026-10-09T07:28:20.1272756Z (Reading database ... 20%
2026-10-09T07:28:20.1272906Z (Reading database ... 25%
2026-10-09T07:28:20.1273081Z (Reading database ... 30%
2026-10-09T07:28:20.1273222Z (Reading database ... 35%
2026-10-09T07:28:20.1273382Z (Reading database ... 40%
2026-10-09T07:28:20.1273529Z (Reading database ... 45%
2026-10-09T07:28:20.1273688Z (Reading database ... 50%
2026-10-09T07:28:20.2185567Z (Reading database ... 55%
2026-10-09T07:28:20.6615656Z (Reading database ... 60%
2026-10-09T07:28:20.9263756Z (Reading database ... 65%
2026-10-09T07:28:21.1820276Z (Reading database ... 70%
2026-10-09T07:28:21.5438224Z (Reading database ... 75%
2026-10-09T07:28:22.0299515Z (Reading database ... 80%
2026-10-09T07:28:23.0263279Z (Reading database ... 85%
2026-10-09T07:28:24.3674160Z (Reading database ... 90%
2026-10-09T07:28:25.8234206Z (Reading database ... 95%
2026-10-09T07:28:25.8234430Z (Reading database ... 100%
2026-10-09T07:28:25.8234682Z (Reading database ... 203191 files and directories currently installed.)
2026-10-09T07:28:25.8272172Z Preparing to unpack .../0-fonts-ipafont-gothic_00303-21ubuntu1_all.deb ...
2026-10-09T07:28:25.8416723Z Unpacking fonts-ipafont-gothic (00303-21ubuntu1) ...
2026-10-09T07:28:26.0434892Z Selecting previously unselected package fonts-freefont-ttf.
2026-10-09T07:28:26.0533688Z Preparing to unpack .../1-fonts-freefont-ttf_20211204+svn4273-2_all.deb ...
2026-10-09T07:28:26.0538781Z Unpacking fonts-freefont-ttf (20211204+svn4273-2) ...
2026-10-09T07:28:26.1607503Z Selecting previously unselected package fonts-tlwg-loma-otf.
2026-10-09T07:28:26.1704443Z Preparing to unpack .../2-fonts-tlwg-loma-otf_1%3a0.7.3-1_all.deb ...
2026-10-09T07:28:26.1709453Z Unpacking fonts-tlwg-loma-otf (1:0.7.3-1) ...
2026-10-09T07:28:26.1939332Z Selecting previously unselected package fonts-unifont.
2026-10-09T07:28:26.2031944Z Preparing to unpack .../3-fonts-unifont_1%3a15.1.01-1build1_all.deb ...
2026-10-09T07:28:26.2038165Z Unpacking fonts-unifont (1:15.1.01-1build1) ...
2026-10-09T07:28:26.4139033Z Selecting previously unselected package fonts-wqy-zenhei.
2026-10-09T07:28:26.4238362Z Preparing to unpack .../4-fonts-wqy-zenhei_0.9.45-8_all.deb ...
2026-10-09T07:28:26.4317669Z Unpacking fonts-wqy-zenhei (0.9.45-8) ...
2026-10-09T07:28:26.8766256Z Preparing to unpack .../5-libfreetype6_2.13.2+dfsg-1ubuntu0.2_amd64.deb ...
2026-10-09T07:28:26.8790612Z Unpacking libfreetype6:amd64 (2.13.2+dfsg-1ubuntu0.2) over (2.13.2+dfsg-1ubuntu0.1) ...
2026-10-09T07:28:26.8985424Z Selecting previously unselected package xfonts-encodings.
2026-10-09T07:28:26.9078452Z Preparing to unpack .../6-xfonts-encodings_1%3a1.0.5-0ubuntu2_all.deb ...
2026-10-09T07:28:26.9084043Z Unpacking xfonts-encodings (1:1.0.5-0ubuntu2) ...
2026-10-09T07:28:26.9289307Z Selecting previously unselected package xfonts-utils.
2026-10-09T07:28:26.9379444Z Preparing to unpack .../7-xfonts-utils_1%3a7.7+6build3_amd64.deb ...
2026-10-09T07:28:26.9384455Z Unpacking xfonts-utils (1:7.7+6build3) ...
2026-10-09T07:28:27.0237121Z Selecting previously unselected package xfonts-cyrillic.
2026-10-09T07:28:27.0326503Z Preparing to unpack .../8-xfonts-cyrillic_1%3a1.0.5+nmu1_all.deb ...
2026-10-09T07:28:27.0332150Z Unpacking xfonts-cyrillic (1:1.0.5+nmu1) ...
2026-10-09T07:28:27.0570764Z Selecting previously unselected package xfonts-scalable.
2026-10-09T07:28:27.0659848Z Preparing to unpack .../9-xfonts-scalable_1%3a1.0.3-1.3_all.deb ...
2026-10-09T07:28:27.0666307Z Unpacking xfonts-scalable (1:1.0.3-1.3) ...
2026-10-09T07:28:27.1016382Z Setting up fonts-wqy-zenhei (0.9.45-8) ...
2026-10-09T07:28:27.1103509Z Setting up fonts-freefont-ttf (20211204+svn4273-2) ...
2026-10-09T07:28:27.1118589Z Setting up fonts-tlwg-loma-otf (1:0.7.3-1) ...
2026-10-09T07:28:27.1133162Z Setting up libfreetype6:amd64 (2.13.2+dfsg-1ubuntu0.2) ...
2026-10-09T07:28:27.1147003Z Setting up xfonts-encodings (1:1.0.5-0ubuntu2) ...
2026-10-09T07:28:27.1161344Z Setting up fonts-ipafont-gothic (00303-21ubuntu1) ...
2026-10-09T07:28:27.1207636Z update-alternatives: using /usr/share/fonts/opentype/ipafont-gothic/ipag.ttf to provide /usr/share/fonts/truetype/fonts-japanese-gothic.ttf (fonts-japanese-gothic.ttf) in auto mode
2026-10-09T07:28:27.1219390Z Setting up fonts-unifont (1:15.1.01-1build1) ...
2026-10-09T07:28:27.1232949Z Setting up xfonts-utils (1:7.7+6build3) ...
2026-10-09T07:28:27.1263100Z Setting up xfonts-cyrillic (1:1.0.5+nmu1) ...
2026-10-09T07:28:27.1505439Z Setting up xfonts-scalable (1:1.0.3-1.3) ...
2026-10-09T07:28:27.1961544Z Processing triggers for libc-bin (2.39-0ubuntu8.9) ...
2026-10-09T07:28:31.1885144Z Processing triggers for man-db (2.12.0-4build2) ...
2026-10-09T07:28:31.1904417Z Not building database; man-db/auto-update is not 'true'.
2026-10-09T07:28:31.1912732Z Processing triggers for fontconfig (2.15.0-1.1ubuntu2) ...
2026-10-09T07:28:32.7750413Z 
2026-10-09T07:28:32.7751067Z Running kernel seems to be up-to-date.
2026-10-09T07:28:32.7751311Z 
2026-10-09T07:28:32.7751417Z Restarting services...
2026-10-09T07:28:32.7805998Z  systemctl restart php8.3-fpm.service
2026-10-09T07:28:32.8617416Z 
2026-10-09T07:28:32.8618547Z No containers need to be restarted.
2026-10-09T07:28:32.8618836Z 
2026-10-09T07:28:32.8619053Z No user sessions are running outdated binaries.
2026-10-09T07:28:32.8619286Z 
2026-10-09T07:28:32.8619666Z No VM guests are running outdated hypervisor (qemu) binaries on this host.
2026-10-09T07:28:33.4701339Z Downloading Chromium 141.0.7390.37 (playwright build v1194) from https://cdn.playwright.dev/dbazure/download/playwright/builds/chromium/1194/chromium-linux.zip
2026-10-09T07:28:33.6083416Z |                                                                                |   0% of 173.9 MiB
2026-10-09T07:28:33.8049682Z |■■■■■■■■                                                                        |  10% of 173.9 MiB
2026-10-09T07:28:33.8490499Z |■■■■■■■■■■■■■■■■                                                                |  20% of 173.9 MiB
2026-10-09T07:28:33.8915671Z |■■■■■■■■■■■■■■■■■■■■■■■■                                                        |  30% of 173.9 MiB
2026-10-09T07:28:33.9371903Z |■■■■■■■■■■■■■■■■■■■■■■■■■■■■■■■■                                                |  40% of 173.9 MiB
2026-10-09T07:28:33.9753458Z |■■■■■■■■■■■■■■■■■■■■■■■■■■■■■■■■■■■■■■■■                                        |  50% of 173.9 MiB
2026-10-09T07:28:34.0118324Z |■■■■■■■■■■■■■■■■■■■■■■■■■■■■■■■■■■■■■■■■■■■■■■■■                                |  60% of 173.9 MiB
2026-10-09T07:28:34.0541226Z |■■■■■■■■■■■■■■■■■■■■■■■■■■■■■■■■■■■■■■■■■■■■■■■■■■■■■■■■                        |  70% of 173.9 MiB
2026-10-09T07:28:34.0944214Z |■■■■■■■■■■■■■■■■■■■■■■■■■■■■■■■■■■■■■■■■■■■■■■■■■■■■■■■■■■■■■■■■                |  80% of 173.9 MiB
2026-10-09T07:28:34.1336507Z |■■■■■■■■■■■■■■■■■■■■■■■■■■■■■■■■■■■■■■■■■■■■■■■■■■■■■■■■■■■■■■■■■■■■■■■■        |  90% of 173.9 MiB
2026-10-09T07:28:34.1744347Z |■■■■■■■■■■■■■■■■■■■■■■■■■■■■■■■■■■■■■■■■■■■■■■■■■■■■■■■■■■■■■■■■■■■■■■■■■■■■■■■■| 100% of 173.9 MiB
2026-10-09T07:28:36.3483674Z Chromium 141.0.7390.37 (playwright build v1194) downloaded to /home/runner/.cache/ms-playwright/chromium-1194
2026-10-09T07:28:36.3485779Z Downloading FFMPEG playwright build v1011 from https://cdn.playwright.dev/dbazure/download/playwright/builds/ffmpeg/1011/ffmpeg-linux.zip
2026-10-09T07:28:36.4776762Z |                                                                                |   0% of 2.3 MiB
2026-10-09T07:28:36.5169050Z |■■■■■■■■                                                                        |  10% of 2.3 MiB
2026-10-09T07:28:36.5323080Z |■■■■■■■■■■■■■■■■                                                                |  20% of 2.3 MiB
2026-10-09T07:28:36.5451828Z |■■■■■■■■■■■■■■■■■■■■■■■■                                                        |  30% of 2.3 MiB
2026-10-09T07:28:36.5570863Z |■■■■■■■■■■■■■■■■■■■■■■■■■■■■■■■■                                                |  40% of 2.3 MiB
2026-10-09T07:28:36.5603225Z |■■■■■■■■■■■■■■■■■■■■■■■■■■■■■■■■■■■■■■■■                                        |  50% of 2.3 MiB
2026-10-09T07:28:36.5707873Z |■■■■■■■■■■■■■■■■■■■■■■■■■■■■■■■■■■■■■■■■■■■■■■■■                                |  60% of 2.3 MiB
2026-10-09T07:28:36.5727271Z |■■■■■■■■■■■■■■■■■■■■■■■■■■■■■■■■■■■■■■■■■■■■■■■■■■■■■■■■                        |  70% of 2.3 MiB
2026-10-09T07:28:36.5746372Z |■■■■■■■■■■■■■■■■■■■■■■■■■■■■■■■■■■■■■■■■■■■■■■■■■■■■■■■■■■■■■■■■                |  80% of 2.3 MiB
2026-10-09T07:28:36.5840350Z |■■■■■■■■■■■■■■■■■■■■■■■■■■■■■■■■■■■■■■■■■■■■■■■■■■■■■■■■■■■■■■■■■■■■■■■■        |  90% of 2.3 MiB
2026-10-09T07:28:36.5858954Z |■■■■■■■■■■■■■■■■■■■■■■■■■■■■■■■■■■■■■■■■■■■■■■■■■■■■■■■■■■■■■■■■■■■■■■■■■■■■■■■■| 100% of 2.3 MiB
2026-10-09T07:28:36.6198006Z FFMPEG playwright build v1011 downloaded to /home/runner/.cache/ms-playwright/ffmpeg-1011
2026-10-09T07:28:36.6201954Z Downloading Chromium Headless Shell 141.0.7390.37 (playwright build v1194) from https://cdn.playwright.dev/dbazure/download/playwright/builds/chromium/1194/chromium-headless-shell-linux.zip
2026-10-09T07:28:36.7547212Z |                                                                                |   0% of 104.3 MiB
2026-10-09T07:28:36.9334392Z |■■■■■■■■                                                                        |  10% of 104.3 MiB
2026-10-09T07:28:36.9740119Z |■■■■■■■■■■■■■■■■                                                                |  20% of 104.3 MiB
2026-10-09T07:28:37.0096276Z |■■■■■■■■■■■■■■■■■■■■■■■■                                                        |  30% of 104.3 MiB
2026-10-09T07:28:37.0402483Z |■■■■■■■■■■■■■■■■■■■■■■■■■■■■■■■■                                                |  40% of 104.3 MiB
2026-10-09T07:28:37.0677128Z |■■■■■■■■■■■■■■■■■■■■■■■■■■■■■■■■■■■■■■■■                                        |  50% of 104.3 MiB
2026-10-09T07:28:37.0896783Z |■■■■■■■■■■■■■■■■■■■■■■■■■■■■■■■■■■■■■■■■■■■■■■■■                                |  60% of 104.3 MiB
2026-10-09T07:28:37.1118964Z |■■■■■■■■■■■■■■■■■■■■■■■■■■■■■■■■■■■■■■■■■■■■■■■■■■■■■■■■                        |  70% of 104.3 MiB
2026-10-09T07:28:37.1419705Z |■■■■■■■■■■■■■■■■■■■■■■■■■■■■■■■■■■■■■■■■■■■■■■■■■■■■■■■■■■■■■■■■                |  80% of 104.3 MiB
2026-10-09T07:28:37.1686401Z |■■■■■■■■■■■■■■■■■■■■■■■■■■■■■■■■■■■■■■■■■■■■■■■■■■■■■■■■■■■■■■■■■■■■■■■■        |  90% of 104.3 MiB
2026-10-09T07:28:37.1913813Z |■■■■■■■■■■■■■■■■■■■■■■■■■■■■■■■■■■■■■■■■■■■■■■■■■■■■■■■■■■■■■■■■■■■■■■■■■■■■■■■■| 100% of 104.3 MiB
2026-10-09T07:28:38.3785718Z Chromium Headless Shell 141.0.7390.37 (playwright build v1194) downloaded to /home/runner/.cache/ms-playwright/chromium_headless_shell-1194
2026-10-09T07:28:38.4421625Z ##[group]Run npm test
2026-10-09T07:28:38.4421788Z [36;1mnpm test[0m
2026-10-09T07:28:38.4471256Z shell: /usr/bin/bash -e {0}
2026-10-09T07:28:38.4471404Z ##[endgroup]
2026-10-09T07:28:38.5073267Z 
2026-10-09T07:28:38.5073667Z > partybox-g02-gin-rummy@1.2.1 test
2026-10-09T07:28:38.5074776Z > npm run build && node --test tests/*.test.mjs && node scripts/league.mjs && node scripts/mutations.mjs && node scripts/browser-check.mjs && node scripts/capture.mjs ci-current --public-history --ci-output && node scripts/integrity.mjs
2026-10-09T07:28:38.5075655Z 
2026-10-09T07:28:38.5631462Z 
2026-10-09T07:28:38.5631904Z > partybox-g02-gin-rummy@1.2.1 build
2026-10-09T07:28:38.5632315Z > tsc --noEmit && node scripts/build.mjs
2026-10-09T07:28:38.5632499Z 
2026-10-09T07:28:39.7221805Z TAP version 13
2026-10-09T07:28:39.7903688Z # {"suite":"all-phases","phases":6,"cases":408}
2026-10-09T07:28:39.7917421Z # Subtest: every event family, roster id and bot skill in every delivered phase
2026-10-09T07:28:39.7925403Z ok 1 - every event family, roster id and bot skill in every delivered phase
2026-10-09T07:28:39.7925782Z   ---
2026-10-09T07:28:39.7926007Z   duration_ms: 20.813267
2026-10-09T07:28:39.7926220Z   type: 'test'
2026-10-09T07:28:39.7926398Z   ...
2026-10-09T07:28:39.7926805Z # Subtest: registered prototype-looking ids remain valid players and finite result keys
2026-10-09T07:28:39.7927397Z ok 2 - registered prototype-looking ids remain valid players and finite result keys
2026-10-09T07:28:39.7927757Z   ---
2026-10-09T07:28:39.7927937Z   duration_ms: 1.262739
2026-10-09T07:28:39.7928543Z   type: 'test'
2026-10-09T07:28:39.7928720Z   ...
2026-10-09T07:28:42.1651960Z # {"suite":"batch-discard-proof","hands":1000,"outcomes":10500,"exactLayouts":true}
2026-10-09T07:28:42.1652935Z # Subtest: 10500 batch outcomes retain exact standalone layouts and independent minima
2026-10-09T07:28:42.1659385Z ok 3 - 10500 batch outcomes retain exact standalone layouts and independent minima
2026-10-09T07:28:42.1659910Z   ---
2026-10-09T07:28:42.1660206Z   duration_ms: 2378.176408
2026-10-09T07:28:42.1660523Z   type: 'test'
2026-10-09T07:28:42.1660814Z   ...
2026-10-09T07:28:46.2611777Z # {"suite":"boundary-fuzz","seed":912701,"invalidInputs":1000,"phases":6,"rejectedInputs":6000,"metadataChecks":282,"viewChecks":66}
2026-10-09T07:28:46.2636300Z # Subtest: 1000 seeded invalid JSON inputs and malformed event/identity metadata in every phase
2026-10-09T07:28:46.2661257Z ok 4 - 1000 seeded invalid JSON inputs and malformed event/identity metadata in every phase
2026-10-09T07:28:46.2676425Z   ---
2026-10-09T07:28:46.2683835Z   duration_ms: 37.212998
2026-10-09T07:28:46.2685588Z   type: 'test'
2026-10-09T07:28:46.2685778Z   ...
2026-10-09T07:28:46.2686652Z # {"suite":"mixed-event-replay","phaseStarts":6,"seedsPerPhase":100,"transitions":48000,"changed":12742,"eventFamilies":["input","player","speech","speechStart","timer","vip"]}
2026-10-09T07:28:46.2687619Z # Subtest: mixed event families replay through JSON after every transition from every phase
2026-10-09T07:28:46.2688291Z ok 5 - mixed event families replay through JSON after every transition from every phase
2026-10-09T07:28:46.2688711Z   ---
2026-10-09T07:28:46.2688908Z   duration_ms: 6434.664346
2026-10-09T07:28:46.2689161Z   type: 'test'
2026-10-09T07:28:46.2689349Z   ...
2026-10-09T07:28:46.2777183Z # Subtest: branching target ends retain exact minima, legal chains, layouts and all cards
2026-10-09T07:28:46.2807381Z ok 6 - branching target ends retain exact minima, legal chains, layouts and all cards
2026-10-09T07:28:46.2807774Z   ---
2026-10-09T07:28:46.2808009Z   duration_ms: 20.131836
2026-10-09T07:28:46.2808217Z   type: 'test'
2026-10-09T07:28:46.2808550Z   ...
2026-10-09T07:28:46.2808949Z # Subtest: current source-bound raw proof passes without discarding its largest interval
2026-10-09T07:28:46.2809563Z ok 7 - current source-bound raw proof passes without discarding its largest interval
2026-10-09T07:28:46.2809952Z   ---
2026-10-09T07:28:46.2810642Z   duration_ms: 1.617413
2026-10-09T07:28:46.2810883Z   type: 'test'
2026-10-09T07:28:46.2811060Z   ...
2026-10-09T07:28:46.2811453Z # Subtest: a refreshed inventory cannot accept stale browser or recording source hashes
2026-10-09T07:28:46.2812057Z ok 8 - a refreshed inventory cannot accept stale browser or recording source hashes
2026-10-09T07:28:46.2812437Z   ---
2026-10-09T07:28:46.2812617Z   duration_ms: 5.890558
2026-10-09T07:28:46.2812843Z   type: 'test'
2026-10-09T07:28:46.2813019Z   ...
2026-10-09T07:28:46.2813326Z # Subtest: changed end guards and failed snapshots are rejected
2026-10-09T07:28:46.2813779Z ok 9 - changed end guards and failed snapshots are rejected
2026-10-09T07:28:46.2814088Z   ---
2026-10-09T07:28:46.2816653Z   duration_ms: 5.695735
2026-10-09T07:28:46.2816907Z   type: 'test'
2026-10-09T07:28:46.2817099Z   ...
2026-10-09T07:28:46.2817532Z # Subtest: missing, altered and invalid raw intervals cannot be hidden by good summary fields
2026-10-09T07:28:46.2818157Z ok 10 - missing, altered and invalid raw intervals cannot be hidden by good summary fields
2026-10-09T07:28:46.2818518Z   ---
2026-10-09T07:28:46.2818704Z   duration_ms: 4.052003
2026-10-09T07:28:46.2818912Z   type: 'test'
2026-10-09T07:28:46.2819090Z   ...
2026-10-09T07:28:46.2819447Z # Subtest: reported statistics are recomputed from all retained intervals
2026-10-09T07:28:46.2819934Z ok 11 - reported statistics are recomputed from all retained intervals
2026-10-09T07:28:46.2820257Z   ---
2026-10-09T07:28:46.2820440Z   duration_ms: 5.647503
2026-10-09T07:28:46.2820642Z   type: 'test'
2026-10-09T07:28:46.2820817Z   ...
2026-10-09T07:28:46.2821473Z # Subtest: an honestly recomputed slow raw sample still fails the original frame gate
2026-10-09T07:28:46.2822047Z ok 12 - an honestly recomputed slow raw sample still fails the original frame gate
2026-10-09T07:28:46.2822404Z   ---
2026-10-09T07:28:46.2822589Z   duration_ms: 1.413065
2026-10-09T07:28:46.2822796Z   type: 'test'
2026-10-09T07:28:46.2822978Z   ...
2026-10-09T07:28:46.2823376Z # Subtest: profile dimensions, CPU rates and encoder separation must remain truthful
2026-10-09T07:28:46.2823954Z ok 13 - profile dimensions, CPU rates and encoder separation must remain truthful
2026-10-09T07:28:46.2824308Z   ---
2026-10-09T07:28:46.2824481Z   duration_ms: 3.42265
2026-10-09T07:28:46.2824679Z   type: 'test'
2026-10-09T07:28:46.2824861Z   ...
2026-10-09T07:28:46.2825464Z # Subtest: changed, oversized and falsely labeled recordings are rejected
2026-10-09T07:28:46.2825964Z ok 14 - changed, oversized and falsely labeled recordings are rejected
2026-10-09T07:28:46.2826280Z   ---
2026-10-09T07:28:46.2826538Z   duration_ms: 8.609897
2026-10-09T07:28:46.2826773Z   type: 'test'
2026-10-09T07:28:46.2826955Z   ...
2026-10-09T07:28:46.2827410Z # Subtest: actual capture CLI refuses invalid tags and existing media/report before any browser launch
2026-10-09T07:28:46.2828102Z ok 15 - actual capture CLI refuses invalid tags and existing media/report before any browser launch
2026-10-09T07:28:46.2828514Z   ---
2026-10-09T07:28:46.2828702Z   duration_ms: 471.502513
2026-10-09T07:28:46.2828913Z   type: 'test'
2026-10-09T07:28:46.2829096Z   ...
2026-10-09T07:28:46.2829536Z # Subtest: meld validation rejects impossible card IDs while preserving legitimate edge runs/sets
2026-10-09T07:28:46.2830209Z ok 16 - meld validation rejects impossible card IDs while preserving legitimate edge runs/sets
2026-10-09T07:28:46.2830614Z   ---
2026-10-09T07:28:46.2830791Z   duration_ms: 0.602396
2026-10-09T07:28:46.2830993Z   type: 'test'
2026-10-09T07:28:46.2831171Z   ...
2026-10-09T07:28:46.2831792Z # {"suite":"closed-meld-knock-settings","cases":1152,"minGain":11,"maxGain":60,"classicSignedBefore":-14,"classicSignedAfter":1}
2026-10-09T07:28:46.2832825Z # {"suite":"closed-meld-knock-independent-hidden-defenders","defenders":1000,"publicViewsByteIdentical":true,"minGain":5,"maxGain":5,"winningTransitions":0}
2026-10-09T07:28:46.2833552Z # {"suite":"closed-meld-knock-boundaries","controls":120}
2026-10-09T07:28:46.2834324Z # Subtest: Strong improves a finishing knock across different closed melds in every setting and suit
2026-10-09T07:28:46.2835102Z ok 17 - Strong improves a finishing knock across different closed melds in every setting and suit
2026-10-09T07:28:46.2835504Z   ---
2026-10-09T07:28:46.2835689Z   duration_ms: 630.419568
2026-10-09T07:28:46.2835899Z   type: 'test'
2026-10-09T07:28:46.2836081Z   ...
2026-10-09T07:28:46.2836519Z # Subtest: 1000 identical public views keep the same safe choice and independent joint-defense score
2026-10-09T07:28:46.2837181Z ok 18 - 1000 identical public views keep the same safe choice and independent joint-defense score
2026-10-09T07:28:46.2837585Z   ---
2026-10-09T07:28:46.2837767Z   duration_ms: 3314.857387
2026-10-09T07:28:46.2837979Z   type: 'test'
2026-10-09T07:28:46.2838159Z   ...
2026-10-09T07:28:46.2838609Z # Subtest: closed-target dominance preserves forbidden returns, no-knock, Gin and inactive boundaries
2026-10-09T07:28:46.2839311Z ok 19 - closed-target dominance preserves forbidden returns, no-knock, Gin and inactive boundaries
2026-10-09T07:28:46.2839719Z   ---
2026-10-09T07:28:46.2839895Z   duration_ms: 20.867932
2026-10-09T07:28:46.2840113Z   type: 'test'
2026-10-09T07:28:46.2840293Z   ...
2026-10-09T07:28:59.8997864Z # {"suite":"bot-contract","variant":"standard","players":2,"games":1000,"replays":1000,"totalEvents":260844,"maxEvents":612,"replayChecks":260844,"comparison":"every-event SHA256 and bytes; JSON-roundtrip replay"}
2026-10-09T07:29:14.1827518Z # {"suite":"bot-contract","variant":"standard","players":3,"games":1000,"replays":1000,"totalEvents":285455,"maxEvents":775,"replayChecks":285455,"comparison":"every-event SHA256 and bytes; JSON-roundtrip replay"}
2026-10-09T07:29:31.6305990Z # {"suite":"bot-contract","variant":"standard","players":4,"games":1000,"replays":1000,"totalEvents":344241,"maxEvents":825,"replayChecks":344241,"comparison":"every-event SHA256 and bytes; JSON-roundtrip replay"}
2026-10-09T07:29:44.4629920Z # {"suite":"bot-contract","variant":"oklahoma","players":2,"games":1000,"replays":1000,"totalEvents":255515,"maxEvents":755,"replayChecks":255515,"comparison":"every-event SHA256 and bytes; JSON-roundtrip replay"}
2026-10-09T07:29:58.7225314Z # {"suite":"bot-contract","variant":"oklahoma","players":3,"games":1000,"replays":1000,"totalEvents":268526,"maxEvents":812,"replayChecks":268526,"comparison":"every-event SHA256 and bytes; JSON-roundtrip replay"}
2026-10-09T07:30:15.9126558Z # {"suite":"bot-contract","variant":"oklahoma","players":4,"games":1000,"replays":1000,"totalEvents":315689,"maxEvents":929,"replayChecks":315689,"comparison":"every-event SHA256 and bytes; JSON-roundtrip replay"}
2026-10-09T07:30:22.0714343Z # {"suite":"properties","seeds":1003,"events":420546}
2026-10-09T07:30:23.8088518Z # {"suite":"secrecy","comparisons":7925}
2026-10-09T07:30:23.8237694Z # Subtest: 1000 finished seeded bot games at EACH valid count/edition, hash replay after EVERY event
2026-10-09T07:30:23.8241278Z ok 20 - 1000 finished seeded bot games at EACH valid count/edition, hash replay after EVERY event
2026-10-09T07:30:23.8241936Z   ---
2026-10-09T07:30:23.8242423Z   duration_ms: 93652.654732
2026-10-09T07:30:23.8242775Z   type: 'test'
2026-10-09T07:30:23.8243085Z   ...
2026-10-09T07:30:23.8243654Z # Subtest: property seeds 1,2,3 plus 1000 random seeds: adversarial event sequences and immutability
2026-10-09T07:30:23.8244414Z ok 21 - property seeds 1,2,3 plus 1000 random seeds: adversarial event sequences and immutability
2026-10-09T07:30:23.8244913Z   ---
2026-10-09T07:30:23.8245519Z   duration_ms: 6158.013677
2026-10-09T07:30:23.8245857Z   type: 'test'
2026-10-09T07:30:23.8246176Z   ...
2026-10-09T07:30:23.8246761Z # Subtest: hidden-card/order perturbations never change TV, another controller or bot decisions
2026-10-09T07:30:23.8247512Z ok 22 - hidden-card/order perturbations never change TV, another controller or bot decisions
2026-10-09T07:30:23.8248020Z   ---
2026-10-09T07:30:23.8248352Z   duration_ms: 1737.402325
2026-10-09T07:30:23.8248695Z   type: 'test'
2026-10-09T07:30:23.8249486Z   ...
2026-10-09T07:30:23.8250008Z # Subtest: idle/no-clock matches remain until explicit end, every phase can exit via VIP
2026-10-09T07:30:23.8250701Z ok 23 - idle/no-clock matches remain until explicit end, every phase can exit via VIP
2026-10-09T07:30:23.8251179Z   ---
2026-10-09T07:30:23.8251488Z   duration_ms: 12.330604
2026-10-09T07:30:23.8251824Z   type: 'test'
2026-10-09T07:30:23.8252128Z   ...
2026-10-09T07:30:23.8420352Z # {"suite":"departures","initialCases":1000,"completeMatches":120,"events":17184,"maxAutomatedTransitions":75}
2026-10-09T07:30:23.8421352Z # Subtest: departures in every live phase finish the absent turn without exposing its hand
2026-10-09T07:30:23.8422087Z ok 24 - departures in every live phase finish the absent turn without exposing its hand
2026-10-09T07:30:23.8422596Z   ---
2026-10-09T07:30:23.8422898Z   duration_ms: 10.12865
2026-10-09T07:30:23.8423183Z   type: 'test'
2026-10-09T07:30:23.8423473Z   ...
2026-10-09T07:30:23.8423998Z # Subtest: 1000 departure/drop cases and 120 full matches never leave an absent seat blocking play
2026-10-09T07:30:23.8426574Z ok 25 - 1000 departure/drop cases and 120 full matches never leave an absent seat blocking play
2026-10-09T07:30:23.8427332Z   ---
2026-10-09T07:30:23.8427639Z   duration_ms: 2367.058286
2026-10-09T07:30:23.8427968Z   type: 'test'
2026-10-09T07:30:23.8428265Z   ...
2026-10-09T07:30:23.8428878Z # Subtest: empty rooms pause, reconnect resumes only an automatic pause, and permanent leaves cannot rejoin
2026-10-09T07:30:23.8429727Z ok 26 - empty rooms pause, reconnect resumes only an automatic pause, and permanent leaves cannot rejoin
2026-10-09T07:30:23.8430571Z   ---
2026-10-09T07:30:23.8430701Z   duration_ms: 0.672326
2026-10-09T07:30:23.8430840Z   type: 'test'
2026-10-09T07:30:23.8430959Z   ...
2026-10-09T07:30:23.8431221Z # Subtest: departures during VIP pause drain only on resume; malformed control events do nothing
2026-10-09T07:30:23.8431606Z ok 27 - departures during VIP pause drain only on resume; malformed control events do nothing
2026-10-09T07:30:23.8431836Z   ---
2026-10-09T07:30:23.8431953Z   duration_ms: 0.319423
2026-10-09T07:30:23.8432080Z   type: 'test'
2026-10-09T07:30:23.8432194Z   ...
2026-10-09T07:30:23.8432470Z # {"suite":"deadwood-proof","hands":10000,"tenCard":5000,"elevenCard":5000,"seed":20261008,"checksum":584788}
2026-10-09T07:30:23.8432835Z # Subtest: independent exhaustive meld-subset packing proves 10000 exact minima
2026-10-09T07:30:23.8433153Z ok 28 - independent exhaustive meld-subset packing proves 10000 exact minima
2026-10-09T07:30:23.8433351Z   ---
2026-10-09T07:30:23.8433469Z   duration_ms: 3628.870412
2026-10-09T07:30:23.8433602Z   type: 'test'
2026-10-09T07:30:23.8433717Z   ...
2026-10-09T07:30:23.8433988Z # Subtest: actual Big Gin reducer keeps eleven cards, rejects disabled/incomplete claims and prevents layoffs
2026-10-09T07:30:23.8434402Z ok 29 - actual Big Gin reducer keeps eleven cards, rejects disabled/incomplete claims and prevents layoffs
2026-10-09T07:30:23.8434648Z   ---
2026-10-09T07:30:23.8434757Z   duration_ms: 4.577374
2026-10-09T07:30:23.8434881Z   type: 'test'
2026-10-09T07:30:23.8435128Z   ...
2026-10-09T07:30:23.8435540Z # Subtest: actual Gin/normal knock phases, custom layout rejection, match completion and Oklahoma boxes
2026-10-09T07:30:23.8436041Z ok 30 - actual Gin/normal knock phases, custom layout rejection, match completion and Oklahoma boxes
2026-10-09T07:30:23.8436277Z   ---
2026-10-09T07:30:23.8436384Z   duration_ms: 2.528499
2026-10-09T07:30:23.8436506Z   type: 'test'
2026-10-09T07:30:23.8436618Z   ...
2026-10-09T07:30:23.8436879Z # Subtest: winner-stays queue for every rotation size, drawn hand retains seats, each dealer setting
2026-10-09T07:30:23.8437320Z ok 31 - winner-stays queue for every rotation size, drawn hand retains seats, each dealer setting
2026-10-09T07:30:23.8437633Z   ---
2026-10-09T07:30:23.8437745Z   duration_ms: 1.04545
2026-10-09T07:30:23.8437870Z   type: 'test'
2026-10-09T07:30:23.8437980Z   ...
2026-10-09T07:30:23.8438646Z # {"frameWindow":"READY","profile":"desktop","sourceSha256":"aaaaaaaaaaaaaaaaaaaaaaaaaaaaaaaaaaaaaaaaaaaaaaaaaaaaaaaaaaaaaaaa","attemptNonce":"1a444089-1f0b-4d9c-a37b-31af099e8279","utc":"2026-10-09T07:28:47.133Z"}
2026-10-09T07:30:23.8439970Z # {"frameWindow":"CLOSED","profile":"desktop","sourceSha256":"aaaaaaaaaaaaaaaaaaaaaaaaaaaaaaaaaaaaaaaaaaaaaaaaaaaaaaaaaaaaaaaa","attemptNonce":"1a444089-1f0b-4d9c-a37b-31af099e8279","coordination":"root-granted","readyUtc":"2026-10-09T07:28:47.133Z","grantUtc":"2026-10-09T07:28:48.388Z","status":"closed","utc":"2026-10-09T07:28:48.388Z"}
2026-10-09T07:30:23.8441471Z # {"frameWindow":"READY","profile":"desktop","sourceSha256":"aaaaaaaaaaaaaaaaaaaaaaaaaaaaaaaaaaaaaaaaaaaaaaaaaaaaaaaaaaaaaaaa","attemptNonce":"a537b441-1858-4c5e-9911-01f0a2e48221","utc":"2026-10-09T07:28:48.389Z"}
2026-10-09T07:30:23.8442558Z # {"frameWindow":"CLOSED","profile":"desktop","sourceSha256":"aaaaaaaaaaaaaaaaaaaaaaaaaaaaaaaaaaaaaaaaaaaaaaaaaaaaaaaaaaaaaaaa","attemptNonce":"a537b441-1858-4c5e-9911-01f0a2e48221","coordination":"root-granted","readyUtc":"2026-10-09T07:28:48.389Z","grantUtc":"2026-10-09T07:28:48.590Z","status":"closed","utc":"2026-10-09T07:28:48.590Z"}
2026-10-09T07:30:23.8443264Z # {"actualGrantCorruptionControls":10,"sequentialAttempts":2}
2026-10-09T07:30:23.8443866Z # {"frameWindow":"READY","profile":"desktop","sourceSha256":"aaaaaaaaaaaaaaaaaaaaaaaaaaaaaaaaaaaaaaaaaaaaaaaaaaaaaaaaaaaaaaaa","attemptNonce":"a4902ca7-fb35-48da-92c0-e1998e474770","utc":"2026-10-09T07:28:48.592Z"}
2026-10-09T07:30:23.8444843Z # Subtest: actual temporary grants reject stale nonce/source/profile and malformed or extra fields
2026-10-09T07:30:23.8445785Z ok 32 - actual temporary grants reject stale nonce/source/profile and malformed or extra fields
2026-10-09T07:30:23.8446165Z   ---
2026-10-09T07:30:23.8446352Z   duration_ms: 1459.190562
2026-10-09T07:30:23.8446560Z   type: 'test'
2026-10-09T07:30:23.8446733Z   ...
2026-10-09T07:30:23.8448076Z # {"frameWindow":"CLOSED","profile":"desktop","sourceSha256":"aaaaaaaaaaaaaaaaaaaaaaaaaaaaaaaaaaaaaaaaaaaaaaaaaaaaaaaaaaaaaaaa","attemptNonce":"a4902ca7-fb35-48da-92c0-e1998e474770","coordination":"root-granted","readyUtc":"2026-10-09T07:28:48.592Z","grantUtc":null,"status":"failed","reason":"matching grant timed out","utc":"2026-10-09T07:28:48.693Z"}
2026-10-09T07:30:23.8449534Z # Subtest: actual missing grant fails and writes CLOSED; no configured barrier returns an explicit uncoordinated identity
2026-10-09T07:30:23.8450310Z ok 33 - actual missing grant fails and writes CLOSED; no configured barrier returns an explicit uncoordinated identity
2026-10-09T07:30:23.8450771Z   ---
2026-10-09T07:30:23.8450936Z   duration_ms: 102.529324
2026-10-09T07:30:23.8451132Z   type: 'test'
2026-10-09T07:30:23.8451313Z   ...
2026-10-09T07:30:23.8452016Z # {"suite":"preexisting-gin-draw-matrix","cases":6912,"actualLegalDrawPhaseRoutes":true,"skills":3,"variants":2,"counts":[2,3,4],"suits":4,"endpoints":2,"clockSettings":[0,10]}
2026-10-09T07:30:23.8453037Z # {"suite":"preexisting-gin-hidden-defenders","cases":1000,"choices":3000,"sha256":"2e50741934f3e2fc8cdb29eb066c29fe991f8fc1a2cd24123969b3121ec98db8"}
2026-10-09T07:30:23.8453685Z # {"suite":"preexisting-gin-draw-boundaries","controls":90}
2026-10-09T07:30:23.8454233Z # {"suite":"preexisting-gin-measured-gain","immediatePoints":31,"priorPassRoutePoints":20,"gain":11}
2026-10-09T07:30:23.8454816Z # Subtest: all skills take a guaranteed finishing discard even when ten-card deadwood is already zero
2026-10-09T07:30:23.8455341Z ok 34 - all skills take a guaranteed finishing discard even when ten-card deadwood is already zero
2026-10-09T07:30:23.8455575Z   ---
2026-10-09T07:30:23.8455691Z   duration_ms: 2172.723362
2026-10-09T07:30:23.8455822Z   type: 'test'
2026-10-09T07:30:23.8455934Z   ...
2026-10-09T07:30:23.8456218Z # Subtest: 1000 hidden defender completions keep the same guaranteed choice and exact independent finishing score
2026-10-09T07:30:23.8456788Z ok 35 - 1000 hidden defender completions keep the same guaranteed choice and exact independent finishing score
2026-10-09T07:30:23.8457041Z   ---
2026-10-09T07:30:23.8457153Z   duration_ms: 577.922028
2026-10-09T07:30:23.8457285Z   type: 'test'
2026-10-09T07:30:23.8457398Z   ...
2026-10-09T07:30:23.8457684Z # Subtest: forced stock, unavailable actors, pause and non-finishing discards retain the original legal boundaries
2026-10-09T07:30:23.8458127Z ok 36 - forced stock, unavailable actors, pause and non-finishing discards retain the original legal boundaries
2026-10-09T07:30:23.8458383Z   ---
2026-10-09T07:30:23.8458493Z   duration_ms: 4.741721
2026-10-09T07:30:23.8458621Z   type: 'test'
2026-10-09T07:30:23.8458735Z   ...
2026-10-09T07:30:23.8458981Z # Subtest: the reproduced opening takes 31-point Big Gin instead of passing into a 20-point Gin
2026-10-09T07:30:23.8459347Z ok 37 - the reproduced opening takes 31-point Big Gin instead of passing into a 20-point Gin
2026-10-09T07:30:23.8459569Z   ---
2026-10-09T07:30:23.8459678Z   duration_ms: 0.667319
2026-10-09T07:30:23.8459803Z   type: 'test'
2026-10-09T07:30:23.8459920Z   ...
2026-10-09T07:30:23.8460117Z # {"suite":"strong-guaranteed-gin","cases":72,"knownClassicPoints":22}
2026-10-09T07:30:23.8460629Z # {"suite":"gin-actual-score-dominance","defenders":1000,"ordinaryComparisons":6904,"minGain":21,"sha256":"d57bb9977c2b677288f79cc4dae664d82a2d9bf8316ccc658f30362fdc3130d5"}
2026-10-09T07:30:23.8461089Z # {"suite":"gin-policy-boundaries","forbiddenCases":52,"bigGinCases":12}
2026-10-09T07:30:23.8461439Z # Subtest: Strong takes guaranteed Gin despite public discard danger in every edition/profile/rotation
2026-10-09T07:30:23.8461912Z ok 38 - Strong takes guaranteed Gin despite public discard danger in every edition/profile/rotation
2026-10-09T07:30:23.8462151Z   ---
2026-10-09T07:30:23.8462263Z   duration_ms: 46.011852
2026-10-09T07:30:23.8462421Z   type: 'test'
2026-10-09T07:30:23.8462538Z   ...
2026-10-09T07:30:23.8462803Z # Subtest: actual Gin scoring dominates every legal ordinary knock against 1000 disjoint hidden defenders
2026-10-09T07:30:23.8463199Z ok 39 - actual Gin scoring dominates every legal ordinary knock against 1000 disjoint hidden defenders
2026-10-09T07:30:23.8463435Z   ---
2026-10-09T07:30:23.8463547Z   duration_ms: 951.185794
2026-10-09T07:30:23.8463675Z   type: 'test'
2026-10-09T07:30:23.8463785Z   ...
2026-10-09T07:30:23.8464050Z # Subtest: Gin priority respects immediate-return prohibition and preserves the existing Big Gin branch
2026-10-09T07:30:23.8464452Z ok 40 - Gin priority respects immediate-return prohibition and preserves the existing Big Gin branch
2026-10-09T07:30:23.8464690Z   ---
2026-10-09T07:30:23.8464805Z   duration_ms: 25.997279
2026-10-09T07:30:23.8464937Z   type: 'test'
2026-10-09T07:30:23.8465173Z   ...
2026-10-09T07:30:23.8465721Z # {"suite":"non-gin-policy-byte-equivalence","states":10000,"decisions":30000,"baselineHead":"72d0f3f4ad4f6b70a8ac6b0ed81121300aa54c1f"}
2026-10-09T07:30:23.8466380Z # Subtest: all 30000 non-Gin bot choices retain the accepted pre-repair behavior
2026-10-09T07:30:23.8466868Z ok 41 - all 30000 non-Gin bot choices retain the accepted pre-repair behavior
2026-10-09T07:30:23.8467173Z   ---
2026-10-09T07:30:23.8467345Z   duration_ms: 1790.672621
2026-10-09T07:30:23.8467544Z   type: 'test'
2026-10-09T07:30:23.8467712Z   ...
2026-10-09T07:30:23.8468266Z # {"suite":"initial-presence-exhaustive","cases":336,"connectionMasks":"all","counts":[2,3,4],"variants":["standard","oklahoma"],"clocks":[0,10]}
2026-10-09T07:30:23.8468624Z # {"suite":"initial-presence-seeded","cases":1000}
2026-10-09T07:30:23.8468919Z # Subtest: known initial presence is handled before either player needs to send an event
2026-10-09T07:30:23.8469260Z ok 42 - known initial presence is handled before either player needs to send an event
2026-10-09T07:30:23.8469474Z   ---
2026-10-09T07:30:23.8469584Z   duration_ms: 187.933625
2026-10-09T07:30:23.8469713Z   type: 'test'
2026-10-09T07:30:23.8469825Z   ...
2026-10-09T07:30:23.8470179Z # Subtest: 1000 seeded initial presence patterns are playable or paused without a duplicate drop event
2026-10-09T07:30:23.8470566Z ok 43 - 1000 seeded initial presence patterns are playable or paused without a duplicate drop event
2026-10-09T07:30:23.8470804Z   ---
2026-10-09T07:30:23.8470915Z   duration_ms: 236.511579
2026-10-09T07:30:23.8471041Z   type: 'test'
2026-10-09T07:30:23.8471152Z   ...
2026-10-09T07:30:23.8471471Z # {"suite":"connected-initialization-byte-equivalence","cases":6000,"baselineHead":"d5fbb39746f8f7900bee57506e8133e8675f48ed"}
2026-10-09T07:30:23.8471883Z # Subtest: all-connected opening states retain the exact 6000 pre-repair JSON states
2026-10-09T07:30:23.8472215Z ok 44 - all-connected opening states retain the exact 6000 pre-repair JSON states
2026-10-09T07:30:23.8472442Z   ---
2026-10-09T07:30:23.8472551Z   duration_ms: 95.327755
2026-10-09T07:30:23.8472678Z   type: 'test'
2026-10-09T07:30:23.8472786Z   ...
2026-10-09T07:30:23.8473077Z # {"suite":"same-meld-knock-configurations","cases":576,"minGain":1,"classicPointsBefore":1,"classicPointsAfter":2}
2026-10-09T07:30:23.8473715Z # {"suite":"same-meld-knock-hidden-defenders","defenders":1000,"minGain":1,"maxGain":2,"positiveKnocks":1000,"undercuts":0,"sha256":"8b7cd1f52b2b229393f43ad8ccd09056a2c496a42b5d8e277cf9436049027bd2"}
2026-10-09T07:30:23.8474183Z # {"suite":"same-meld-knock-boundaries","controls":120}
2026-10-09T07:30:23.8483008Z # {"suite":"same-meld-knock-score-boundaries","cases":144,"winningTransitions":36,"minGain":1,"maxGain":52,"defenderDeadwoods":[0,1,2,3]}
2026-10-09T07:30:23.8484014Z # Subtest: Strong takes the strictly better same-meld knock in all editions, profiles, rosters and suits
2026-10-09T07:30:23.8485448Z ok 45 - Strong takes the strictly better same-meld knock in all editions, profiles, rosters and suits
2026-10-09T07:30:23.8485991Z   ---
2026-10-09T07:30:23.8486224Z   duration_ms: 285.644182
2026-10-09T07:30:23.8486444Z   type: 'test'
2026-10-09T07:30:23.8486618Z   ...
2026-10-09T07:30:23.8487080Z # Subtest: the same public decision dominates against 1000 hidden defenders with independent joint layoff scoring
2026-10-09T07:30:23.8487778Z ok 46 - the same public decision dominates against 1000 hidden defenders with independent joint layoff scoring
2026-10-09T07:30:23.8488175Z   ---
2026-10-09T07:30:23.8488343Z   duration_ms: 2989.267165
2026-10-09T07:30:23.8488544Z   type: 'test'
2026-10-09T07:30:23.8488712Z   ...
2026-10-09T07:30:23.8489164Z # Subtest: ordinary-knock priority retains immediate-return, Gin, no-knock and unavailable-player boundaries
2026-10-09T07:30:23.8489635Z ok 47 - ordinary-knock priority retains immediate-return, Gin, no-knock and unavailable-player boundaries
2026-10-09T07:30:23.8489890Z   ---
2026-10-09T07:30:23.8489997Z   duration_ms: 13.950738
2026-10-09T07:30:23.8490144Z   type: 'test'
2026-10-09T07:30:23.8490253Z   ...
2026-10-09T07:30:23.8490526Z # Subtest: same-meld lower deadwood improves both undercuts and the transition from undercut to winning knock
2026-10-09T07:30:23.8490941Z ok 48 - same-meld lower deadwood improves both undercuts and the transition from undercut to winning knock
2026-10-09T07:30:23.8491185Z   ---
2026-10-09T07:30:23.8491293Z   duration_ms: 396.581975
2026-10-09T07:30:23.8491420Z   type: 'test'
2026-10-09T07:30:23.8491530Z   ...
2026-10-09T07:30:23.8491847Z # {"suite":"joint-layoff-proof","hands":2000,"twoTarget":1000,"threeTarget":1000,"seed":816777,"checksum":102460,"actualLaidCards":1534}
2026-10-09T07:30:23.8492270Z # Subtest: 2000 independent joint meld/layoff weighted packings including chained extensions
2026-10-09T07:30:23.8492622Z ok 49 - 2000 independent joint meld/layoff weighted packings including chained extensions
2026-10-09T07:30:23.8492844Z   ---
2026-10-09T07:30:23.8492954Z   duration_ms: 2851.599656
2026-10-09T07:30:23.8493084Z   type: 'test'
2026-10-09T07:30:23.8493192Z   ...
2026-10-09T07:30:23.8493548Z # {"suite":"public-discard-closed-meld-knock-settings","cases":1152,"minGain":11,"maxGain":52,"classicSignedBefore":-10,"classicSignedAfter":1}
2026-10-09T07:30:23.8494301Z # {"suite":"public-discard-closed-meld-knock-independent-hidden-defenders","defenders":1000,"publicViewsByteIdentical":true,"minGain":1,"maxGain":1,"winningTransitions":0}
2026-10-09T07:30:23.8494792Z # {"suite":"public-discard-closed-meld-knock-boundaries","controls":168}
2026-10-09T07:30:23.8495318Z # Subtest: Strong excludes publicly discarded cards from finishing layoff targets in every setting and suit
2026-10-09T07:30:23.8495763Z ok 50 - Strong excludes publicly discarded cards from finishing layoff targets in every setting and suit
2026-10-09T07:30:23.8496006Z   ---
2026-10-09T07:30:23.8496117Z   duration_ms: 847.836754
2026-10-09T07:30:23.8496247Z   type: 'test'
2026-10-09T07:30:23.8496355Z   ...
2026-10-09T07:30:23.8496606Z # Subtest: 1000 identical public views keep the same safe choice and independent joint-defense score
2026-10-09T07:30:23.8496980Z ok 51 - 1000 identical public views keep the same safe choice and independent joint-defense score
2026-10-09T07:30:23.8497207Z   ---
2026-10-09T07:30:23.8497319Z   duration_ms: 3212.155123
2026-10-09T07:30:23.8497453Z   type: 'test'
2026-10-09T07:30:23.8497562Z   ...
2026-10-09T07:30:23.8497847Z # Subtest: public discard closure preserves hidden-card uncertainty, forbidden returns, no-knock and Gin boundaries
2026-10-09T07:30:23.8498289Z ok 52 - public discard closure preserves hidden-card uncertainty, forbidden returns, no-knock and Gin boundaries
2026-10-09T07:30:23.8498544Z   ---
2026-10-09T07:30:23.8498650Z   duration_ms: 29.678174
2026-10-09T07:30:23.8498778Z   type: 'test'
2026-10-09T07:30:23.8498888Z   ...
2026-10-09T07:30:23.8499123Z # {"suite":"opening-pass-attribution","directPassCases":360,"editions":2,"counts":[2,3,4]}
2026-10-09T07:30:23.8499546Z # {"suite":"pass-valid-ids","cases":240,"ids":["","__proto__","constructor","last"]}
2026-10-09T07:30:23.8499848Z # {"suite":"automatic-pass-attribution","routes":["timer","vip","player"]}
2026-10-09T07:30:23.8500182Z # Subtest: both opening passes identify their actual actors across counts, editions and seeds
2026-10-09T07:30:23.8500544Z ok 53 - both opening passes identify their actual actors across counts, editions and seeds
2026-10-09T07:30:23.8500761Z   ---
2026-10-09T07:30:23.8500868Z   duration_ms: 63.525504
2026-10-09T07:30:23.8500998Z   type: 'test'
2026-10-09T07:30:23.8501106Z   ...
2026-10-09T07:30:23.8501333Z # Subtest: empty and prototype-shaped original IDs retain pass attribution as own keys
2026-10-09T07:30:23.8501672Z ok 54 - empty and prototype-shaped original IDs retain pass attribution as own keys
2026-10-09T07:30:23.8501882Z   ---
2026-10-09T07:30:23.8501990Z   duration_ms: 17.588859
2026-10-09T07:30:23.8502115Z   type: 'test'
2026-10-09T07:30:23.8502230Z   ...
2026-10-09T07:30:23.8502444Z # Subtest: timer, VIP skip and absent-seat automation identify the automatic passer
2026-10-09T07:30:23.8502758Z ok 55 - timer, VIP skip and absent-seat automation identify the automatic passer
2026-10-09T07:30:23.8502963Z   ---
2026-10-09T07:30:23.8503070Z   duration_ms: 1.374258
2026-10-09T07:30:23.8503194Z   type: 'test'
2026-10-09T07:30:23.8503306Z   ...
2026-10-09T07:30:23.8503549Z # Subtest: first raw target winner keeps the crown even when final box settlement reverses points
2026-10-09T07:30:23.8503912Z ok 56 - first raw target winner keeps the crown even when final box settlement reverses points
2026-10-09T07:30:23.8504136Z   ---
2026-10-09T07:30:23.8504242Z   duration_ms: 5.97773
2026-10-09T07:30:23.8504364Z   type: 'test'
2026-10-09T07:30:23.8504473Z   ...
2026-10-09T07:30:23.8504705Z # Subtest: every valid string ID, including empty, wins, earns bonuses and stays in rotation
2026-10-09T07:30:23.8505187Z ok 57 - every valid string ID, including empty, wins, earns bonuses and stays in rotation
2026-10-09T07:30:23.8505409Z   ---
2026-10-09T07:30:23.8505519Z   duration_ms: 10.798123
2026-10-09T07:30:23.8505644Z   type: 'test'
2026-10-09T07:30:23.8505754Z   ...
2026-10-09T07:30:23.8505990Z # Subtest: malformed identity metadata cannot coerce a registered ID, throw or reveal a hand
2026-10-09T07:30:23.8506433Z ok 58 - malformed identity metadata cannot coerce a registered ID, throw or reveal a hand
2026-10-09T07:30:23.8506652Z   ---
2026-10-09T07:30:23.8506759Z   duration_ms: 1.06506
2026-10-09T07:30:23.8506882Z   type: 'test'
2026-10-09T07:30:23.8506992Z   ...
2026-10-09T07:30:23.8507199Z # Subtest: early end preserves earned raw points and reports current standings
2026-10-09T07:30:23.8507500Z ok 59 - early end preserves earned raw points and reports current standings
2026-10-09T07:30:23.8507696Z   ---
2026-10-09T07:30:23.8507802Z   duration_ms: 0.389599
2026-10-09T07:30:23.8507928Z   type: 'test'
2026-10-09T07:30:23.8508035Z   ...
2026-10-09T07:30:23.8508196Z # Subtest: aces low, set cardinality, runs and overlap
2026-10-09T07:30:23.8508412Z ok 60 - aces low, set cardinality, runs and overlap
2026-10-09T07:30:23.8508570Z   ---
2026-10-09T07:30:23.8508677Z   duration_ms: 1.780042
2026-10-09T07:30:23.8508800Z   type: 'test'
2026-10-09T07:30:23.8508910Z   ...
2026-10-09T07:30:23.8509153Z # Subtest: joint meld/layoff optimizer finds chains and forbids gin/deadwood/four-card layoffs
2026-10-09T07:30:23.8509509Z ok 61 - joint meld/layoff optimizer finds chains and forbids gin/deadwood/four-card layoffs
2026-10-09T07:30:23.8509732Z   ---
2026-10-09T07:30:23.8509839Z   duration_ms: 1.552158
2026-10-09T07:30:23.8509961Z   type: 'test'
2026-10-09T07:30:23.8510073Z   ...
2026-10-09T07:30:23.8510269Z # Subtest: every score formula, tie undercut and spade whole-hand doubling
2026-10-09T07:30:23.8510552Z ok 62 - every score formula, tie undercut and spade whole-hand doubling
2026-10-09T07:30:23.8510741Z   ---
2026-10-09T07:30:23.8510847Z   duration_ms: 1.359116
2026-10-09T07:30:23.8511125Z   type: 'test'
2026-10-09T07:30:23.8511291Z   ...
2026-10-09T07:30:23.8511673Z # Subtest: opening offers, forced stock, exact immediate-return restriction, stock draw boundary
2026-10-09T07:30:23.8512037Z ok 63 - opening offers, forced stock, exact immediate-return restriction, stock draw boundary
2026-10-09T07:30:23.8512260Z   ---
2026-10-09T07:30:23.8512370Z   duration_ms: 8.572364
2026-10-09T07:30:23.8512495Z   type: 'test'
2026-10-09T07:30:23.8512603Z   ...
2026-10-09T07:30:23.8512847Z # Subtest: Oklahoma limits / ace / spade configurations from all 52 initial upcards
2026-10-09T07:30:23.8513159Z ok 64 - Oklahoma limits / ace / spade configurations from all 52 initial upcards
2026-10-09T07:30:23.8513359Z   ---
2026-10-09T07:30:23.8513470Z   duration_ms: 18.718628
2026-10-09T07:30:23.8513596Z   type: 'test'
2026-10-09T07:30:23.8513705Z   ...
2026-10-09T07:30:23.8513955Z # Subtest: pause, resume, stale/early timer, spectators, malformed input, late leaver, explicit end
2026-10-09T07:30:23.8514338Z ok 65 - pause, resume, stale/early timer, spectators, malformed input, late leaver, explicit end
2026-10-09T07:30:23.8514567Z   ---
2026-10-09T07:30:23.8514690Z   duration_ms: 1.617596
2026-10-09T07:30:23.8514816Z   type: 'test'
2026-10-09T07:30:23.8514927Z   ...
2026-10-09T07:30:23.8515295Z # Subtest: all required roster settings, default sanitization, exact phase fixtures and manifest
2026-10-09T07:30:23.8515681Z ok 66 - all required roster settings, default sanitization, exact phase fixtures and manifest
2026-10-09T07:30:23.8515918Z   ---
2026-10-09T07:30:23.8516027Z   duration_ms: 76.484599
2026-10-09T07:30:23.8516172Z   type: 'test'
2026-10-09T07:30:23.8516294Z   ...
2026-10-09T07:30:23.8516489Z # {"syntheticGuardCorruptionsRejected":175,"guardedSources":35}
2026-10-09T07:30:23.8516882Z # Subtest: synthetic positive control covers full identities, native timestamps, all hand witnesses and clips
2026-10-09T07:30:23.8517316Z ok 67 - synthetic positive control covers full identities, native timestamps, all hand witnesses and clips
2026-10-09T07:30:23.8517582Z   ---
2026-10-09T07:30:23.8517706Z   duration_ms: 6.481582
2026-10-09T07:30:23.8518060Z   type: 'test'
2026-10-09T07:30:23.8518314Z   ...
2026-10-09T07:30:23.8518674Z # Subtest: every guarded source and each start/end inventory entry rejects a stale hash or omission
2026-10-09T07:30:23.8519265Z ok 68 - every guarded source and each start/end inventory entry rejects a stale hash or omission
2026-10-09T07:30:23.8519606Z   ---
2026-10-09T07:30:23.8519828Z   duration_ms: 113.10297
2026-10-09T07:30:23.8520081Z   type: 'test'
2026-10-09T07:30:23.8520319Z   ...
2026-10-09T07:30:23.8530319Z # Subtest: wrong attempt/profile/page/transport/throttle, filtered samples and fake native clocks fail
2026-10-09T07:30:23.8530837Z ok 69 - wrong attempt/profile/page/transport/throttle, filtered samples and fake native clocks fail
2026-10-09T07:30:23.8531183Z   ---
2026-10-09T07:30:23.8531300Z   duration_ms: 14.502332
2026-10-09T07:30:23.8531481Z   type: 'test'
2026-10-09T07:30:23.8531658Z   ...
2026-10-09T07:30:23.8531934Z # Subtest: missing/invalid timestamp, raw interval or active-frame witness fails despite good summaries
2026-10-09T07:30:23.8532337Z ok 70 - missing/invalid timestamp, raw interval or active-frame witness fails despite good summaries
2026-10-09T07:30:23.8532579Z   ---
2026-10-09T07:30:23.8532694Z   duration_ms: 10.782557
2026-10-09T07:30:23.8532826Z   type: 'test'
2026-10-09T07:30:23.8532941Z   ...
2026-10-09T07:30:23.8533197Z # Subtest: all statistics are recomputed and an honestly reported long interval fails the fixed gate
2026-10-09T07:30:23.8533576Z ok 71 - all statistics are recomputed and an honestly reported long interval fails the fixed gate
2026-10-09T07:30:23.8533810Z   ---
2026-10-09T07:30:23.8533920Z   duration_ms: 8.274183
2026-10-09T07:30:23.8534047Z   type: 'test'
2026-10-09T07:30:23.8534161Z   ...
2026-10-09T07:30:23.8534421Z # Subtest: failed runs, mislabeled clips, altered bytes, outsize media and network/errors are rejected
2026-10-09T07:30:23.8534964Z ok 72 - failed runs, mislabeled clips, altered bytes, outsize media and network/errors are rejected
2026-10-09T07:30:23.8535366Z   ---
2026-10-09T07:30:23.8535476Z   duration_ms: 13.316849
2026-10-09T07:30:23.8535606Z   type: 'test'
2026-10-09T07:30:23.8535718Z   ...
2026-10-09T07:30:23.8535919Z # Subtest: same-timestamp turns cannot share timer instance identity
2026-10-09T07:30:23.8536193Z ok 73 - same-timestamp turns cannot share timer instance identity
2026-10-09T07:30:23.8536376Z   ---
2026-10-09T07:30:23.8536489Z   duration_ms: 7.49185
2026-10-09T07:30:23.8536617Z   type: 'test'
2026-10-09T07:30:23.8536722Z   ...
2026-10-09T07:30:23.8536825Z 1..73
2026-10-09T07:30:23.8536930Z # tests 73
2026-10-09T07:30:23.8537039Z # suites 0
2026-10-09T07:30:23.8537146Z # pass 73
2026-10-09T07:30:23.8537258Z # fail 0
2026-10-09T07:30:23.8537367Z # cancelled 0
2026-10-09T07:30:23.8537481Z # skipped 0
2026-10-09T07:30:23.8537585Z # todo 0
2026-10-09T07:30:23.8537705Z # duration_ms 104133.796647
2026-10-09T07:30:35.0951052Z {"stronger":"sharp","weaker":"normal","games":2000,"wins":1166,"losses":834,"ties":0,"winRate":0.583,"wilsonLower":0.5612515833637743,"events":524604,"pairedSeeds":true}
2026-10-09T07:30:45.0598857Z {"stronger":"normal","weaker":"easy","games":2000,"wins":1743,"losses":257,"ties":0,"winRate":0.8715,"wilsonLower":0.8561180625080238,"events":490034,"pairedSeeds":true}
2026-10-09T07:30:45.4373446Z M01 caught wrong rank
2026-10-09T07:30:45.6042364Z M02 caught wrong suit
2026-10-09T07:30:45.7725938Z M03 caught wrong face value
2026-10-09T07:30:45.9905980Z M04 caught reject three-card meld
2026-10-09T07:30:46.2177690Z M05 caught reject four-card set
2026-10-09T07:30:46.3992291Z M06 caught off-by-one run
2026-10-09T07:30:46.5795341Z M07 caught omit three-card candidate runs
2026-10-09T07:30:46.7607064Z M08 caught omit three-of-kind candidates
2026-10-09T07:30:46.9429631Z M09 caught maximize instead of minimize
2026-10-09T07:30:47.1171254Z M10 caught invert Gin layoff prohibition
2026-10-09T07:30:47.2932459Z M11 caught omit layoffs
2026-10-09T07:30:47.4760379Z M12 caught allow discard after two opening passes
2026-10-09T07:30:47.6461153Z M13 caught allow opening stock draw
2026-10-09T07:30:47.8191856Z M14 caught allow immediate returned upcard
2026-10-09T07:30:48.0040432Z M15 caught continue past two stock cards
2026-10-09T07:30:48.1769959Z M16 caught deny tie undercut
2026-10-09T07:30:48.3552520Z M17 caught subtract opponent Gin deadwood
2026-10-09T07:30:48.5360638Z M18 caught Big Gin wrong bonus
2026-10-09T07:30:48.7260720Z M19 caught reverse undercut difference
2026-10-09T07:30:48.9154720Z M20 caught wrong knock difference
2026-10-09T07:30:49.1046178Z M21 caught ignore double Big Gin
2026-10-09T07:30:49.2706420Z M22 caught Oklahoma ace wrong limit
2026-10-09T07:30:49.4411501Z M23 caught double hearts instead of spades
2026-10-09T07:30:49.6248795Z M24 caught accept stale timer
2026-10-09T07:30:49.8006005Z M25 caught resume omits pause duration
2026-10-09T07:30:49.9814969Z M26 caught attribute opening Pass to next player
2026-10-09T07:30:50.1915731Z {"kind":"full browser proof","started":"2026-10-09T07:30:50.190Z","pid":3831,"sourceStart":{"play.html":"efc3c233aa159b884fcc340fe083f942bbb8e001ac0664352fb487465830c9e0","src/core.ts":"5ec7c1f712eb17fffd784cde070a8df295f8545bd1e481d81b114e4ecc51abb7","src/cards.ts":"e309e103393bc1aaaf10b34e3994de815dd693d1828a61566723b8fba573fdb9","src/browser.ts":"56fb3b450aa29e9dda800a69b187d66d5446e056bf2b89b349a9bef1479131e4","src/play.template.html":"1b5188f105cfd9766f3f19c0a6f3cfa1b522cbd676ec5fde0dbfa1566a09f8c7","../../contract/contract.ts":"c0f999c153074769c99c67ab2a71ad66c879e45e834713f3367b2bde4a1873d5","../../contract/constants.ts":"27cdd23112ea03f344457e6f6e6b5839ff536ebeadbba189751520353aa085ef","../../contract/rng.ts":"7cfcf3024723607e8dd1ce6ccc5683a48d71fcc617947304cc5b9f6d3d7842fe","../../contract/minigame-schema.ts":"2438655eeb8ca658543b475070e6fb3ccb3947f154f57caa3f619c87853c9bbb","../../contract/player-count-schema.ts":"0748d9d9bcf795d0693c37a0f369b262fd8801dec9ab1e4a9a4f5ec23751a189","dist/core.mjs":"b2c7b4c93badc4f7c41214a5a5222c30b102e6f4a25166d6b026e52864833943","dist/cards.mjs":"1b8d994514e2de1464f361bddac143b99dfa328037152a89a476bcb1ce5f6c77","dist/contract.mjs":"0d477737fffa3503f35a19d174fce2f29de33bef1769ee5bba2c327ac592101a","scripts/browser-check.mjs":"536587be20208be80ec3bc081be7ff5a23ceeac9bc83ab3a67095084bbbd87dc","scripts/clock-check.mjs":"beba34324460280157fbdffd947f02731437e067fbb6ac816a7e49d2c4e6da19","scripts/meld-check.mjs":"d514a510f1972bdfa0b60d5148c1d42a82efeb4b21f3b799c4e0794054b4b7e4","scripts/results-check.mjs":"c478d1b3f32b71c94f2d5307f2c3b3e1e044edd84833d28e7ffc165f13bd310f","scripts/name-check.mjs":"3802ec077deee82176a892bcb51df0bb268c7ab765851d636faa5ab2228f531f","scripts/host-check.mjs":"e47e9a53aad166af54d78ea28e44ec5defff3e56d69139863113f5c132425b50","scripts/public-history-check.mjs":"5c887f46d5240f1434f173bbd495c560869441b074447d52f4a49878a66a0859","tests/browser-fixture.mjs":"f499940919128006bc90c4cb08eb766677c1bff3ea4dccf02645863a3bc50621","tests/helpers.mjs":"402515edb7b2a6af9548da2a2f1a7fa8f6b220b425da9664bd8c4a3e8b552b2e","scripts/browser-source-guard.mjs":"e5d9304a91ef04963133fe6bbae2c62189da28e917562da5a7cdb856596a1622","scripts/frame-coordination.mjs":"f1d34bfd418b5446a14c2ee3b3ba297eac18ed126d4ee261dffab57224399656","scripts/strict-browser-proof.mjs":"fae9a75d472307307c6eb4781c77f32845ebdade6f4104d859957ce62c1d43d9","scripts/browser-proof.mjs":"3ce834d0a764a4aefc93d0eaf7171f805d4ea5428563bcd976728f65222a8489","scripts/capture.mjs":"72077090f49f70e74c05ee925560a760f1f52b671ccb72d63570d609b9f80985","scripts/build.mjs":"3580cac9f713c9e4c3bfe8a83ec6bef33a64cd30be2c5d27c028b29a6a06fe8e","scripts/integrity.mjs":"7104c27be54110cac7b2d336e594ce0681a578fcb301a863540084619a7e42bb","scripts/check-evidence-links.mjs":"03484934e141e8e0b08e8928bf6f89f48a15f0cfe95b24e94273eebfb1a62842","package.json":"8855d609e12ca7990d525b64c285513acde1420fc6368ccca3a937979253a91b","package-lock.json":"bb2357fee1276cb24714d62a0a02d478e465806f5ec8978034da5594d6fa765a","tsconfig.json":"624efd829d3631cf6a6cc8d7b345e93bb47e713f05162b0ff511ef6cfc0a6ac3","manifest.json":"d079699772d442cda13bf8a41672e7de59d8a62966e07d0c87b8b8e991d84dbb","../../.github/workflows/G02.yml":"f5cb756d4029be69c41da39ccd3b8929849418956d96b6122db7598bf8f92a7d"}}
2026-10-09T07:31:01.8399757Z {"frameWindow":"CLOSED","profile":"desktop","sourceSha256":"efc3c233aa159b884fcc340fe083f942bbb8e001ac0664352fb487465830c9e0","attemptNonce":"7c45b5c9-285f-4c16-bfb6-8117bb82d550","coordination":"uncoordinated","readyUtc":null,"grantUtc":null,"status":"samples-written","rawIntervals":600,"utc":"2026-10-09T07:31:01.839Z"}
2026-10-09T07:31:02.0266151Z {"label":"desktop","fps":60.00300015000751,"meanMs":16.66583333333333,"p99Ms":16.800000000000182,"maxMs":16.80000000000109,"networkRequests":0,"pageErrors":0}
2026-10-09T07:31:12.7027238Z {"frameWindow":"CLOSED","profile":"phone4x","sourceSha256":"efc3c233aa159b884fcc340fe083f942bbb8e001ac0664352fb487465830c9e0","attemptNonce":"214f7f2d-207f-478c-b946-572109931c67","coordination":"uncoordinated","readyUtc":null,"grantUtc":null,"status":"samples-written","rawIntervals":600,"utc":"2026-10-09T07:31:12.700Z"}
2026-10-09T07:31:12.9068367Z {"label":"phone4x","fps":60.00300015000751,"meanMs":16.66583333333333,"p99Ms":16.800000000000182,"maxMs":16.80000000000109,"networkRequests":0,"pageErrors":0}
2026-10-09T07:31:13.1148877Z {"kind":"synthetic delayed-host-callback and pause regression","elapsedMs":20000,"configuredTurnMs":10000,"firstExpiredCallbackCount":1,"actionsBefore":0,"actionsAfter":1,"deadlineAdvancedOnElapsedTime":true,"visibleCountdown":true,"pausePreservesRemainingTime":true,"entropyCalls":1,"controlledTestSeed":7199}
2026-10-09T07:31:14.8690903Z {"customMeldRegression":[{"label":"desktop","cpuThrottle":1,"namedCardControls":10,"privateDraftCleared":true,"invalidGroupsPreventKnock":true,"closedControlsRestoreAutomaticKnock":true,"revealShowsDeclaredLayout":true,"defenderResolvedDeadwood":0,"undercutPoints":11,"pageErrors":0,"networkRequests":0,"fixture":"initial state only; production reducer, solver and renderer"},{"label":"phone4x","cpuThrottle":4,"namedCardControls":10,"privateDraftCleared":true,"invalidGroupsPreventKnock":true,"closedControlsRestoreAutomaticKnock":true,"revealShowsDeclaredLayout":true,"defenderResolvedDeadwood":0,"undercutPoints":11,"pageErrors":0,"networkRequests":0,"fixture":"initial state only; production reducer, solver and renderer"}]}
2026-10-09T07:31:15.5214977Z {"resultsRegression":[{"label":"desktop","cpuThrottle":1,"targetWinner":"p0","displayedWinner":"Target winner","finalPoints":{"p0":388,"p1":499},"explanationVisible":true,"pageErrors":0,"fixture":"initial state only; production reducer and renderer"},{"label":"phone4x","cpuThrottle":4,"targetWinner":"p0","displayedWinner":"Target winner","finalPoints":{"p0":388,"p1":499},"explanationVisible":true,"pageErrors":0,"fixture":"initial state only; production reducer and renderer"}]}
2026-10-09T07:31:15.9158814Z {"payload":"<svg onload=alert(1)>","renderedAsText":true,"insertedMarkupNodes":0,"dialogs":0,"pageErrors":0,"networkRequests":0,"cpuThrottle":4}
2026-10-09T07:31:17.7088821Z {"runId":"2026-10-09T07-30-50-190Z","passed":true,"sourceUnchanged":true,"extraHostChecks":5,"rows":[{"label":"desktop","fps":60.00300015000751,"p99Ms":16.800000000000182,"maxMs":16.80000000000109,"frameGatePassed":true},{"label":"phone4x","fps":60.00300015000751,"p99Ms":16.800000000000182,"maxMs":16.80000000000109,"frameGatePassed":true}]}
2026-10-09T07:31:17.8823899Z {"kind":"functional recordings","started":"2026-10-09T07:31:17.880Z","pid":4022,"sourceStart":{"play.html":"efc3c233aa159b884fcc340fe083f942bbb8e001ac0664352fb487465830c9e0","src/core.ts":"5ec7c1f712eb17fffd784cde070a8df295f8545bd1e481d81b114e4ecc51abb7","src/cards.ts":"e309e103393bc1aaaf10b34e3994de815dd693d1828a61566723b8fba573fdb9","src/browser.ts":"56fb3b450aa29e9dda800a69b187d66d5446e056bf2b89b349a9bef1479131e4","src/play.template.html":"1b5188f105cfd9766f3f19c0a6f3cfa1b522cbd676ec5fde0dbfa1566a09f8c7","../../contract/contract.ts":"c0f999c153074769c99c67ab2a71ad66c879e45e834713f3367b2bde4a1873d5","../../contract/constants.ts":"27cdd23112ea03f344457e6f6e6b5839ff536ebeadbba189751520353aa085ef","../../contract/rng.ts":"7cfcf3024723607e8dd1ce6ccc5683a48d71fcc617947304cc5b9f6d3d7842fe","../../contract/minigame-schema.ts":"2438655eeb8ca658543b475070e6fb3ccb3947f154f57caa3f619c87853c9bbb","../../contract/player-count-schema.ts":"0748d9d9bcf795d0693c37a0f369b262fd8801dec9ab1e4a9a4f5ec23751a189","dist/core.mjs":"b2c7b4c93badc4f7c41214a5a5222c30b102e6f4a25166d6b026e52864833943","dist/cards.mjs":"1b8d994514e2de1464f361bddac143b99dfa328037152a89a476bcb1ce5f6c77","dist/contract.mjs":"0d477737fffa3503f35a19d174fce2f29de33bef1769ee5bba2c327ac592101a","scripts/browser-check.mjs":"536587be20208be80ec3bc081be7ff5a23ceeac9bc83ab3a67095084bbbd87dc","scripts/clock-check.mjs":"beba34324460280157fbdffd947f02731437e067fbb6ac816a7e49d2c4e6da19","scripts/meld-check.mjs":"d514a510f1972bdfa0b60d5148c1d42a82efeb4b21f3b799c4e0794054b4b7e4","scripts/results-check.mjs":"c478d1b3f32b71c94f2d5307f2c3b3e1e044edd84833d28e7ffc165f13bd310f","scripts/name-check.mjs":"3802ec077deee82176a892bcb51df0bb268c7ab765851d636faa5ab2228f531f","scripts/host-check.mjs":"e47e9a53aad166af54d78ea28e44ec5defff3e56d69139863113f5c132425b50","scripts/public-history-check.mjs":"5c887f46d5240f1434f173bbd495c560869441b074447d52f4a49878a66a0859","tests/browser-fixture.mjs":"f499940919128006bc90c4cb08eb766677c1bff3ea4dccf02645863a3bc50621","tests/helpers.mjs":"402515edb7b2a6af9548da2a2f1a7fa8f6b220b425da9664bd8c4a3e8b552b2e","scripts/browser-source-guard.mjs":"e5d9304a91ef04963133fe6bbae2c62189da28e917562da5a7cdb856596a1622","scripts/frame-coordination.mjs":"f1d34bfd418b5446a14c2ee3b3ba297eac18ed126d4ee261dffab57224399656","scripts/strict-browser-proof.mjs":"fae9a75d472307307c6eb4781c77f32845ebdade6f4104d859957ce62c1d43d9","scripts/browser-proof.mjs":"3ce834d0a764a4aefc93d0eaf7171f805d4ea5428563bcd976728f65222a8489","scripts/capture.mjs":"72077090f49f70e74c05ee925560a760f1f52b671ccb72d63570d609b9f80985","scripts/build.mjs":"3580cac9f713c9e4c3bfe8a83ec6bef33a64cd30be2c5d27c028b29a6a06fe8e","scripts/integrity.mjs":"7104c27be54110cac7b2d336e594ce0681a578fcb301a863540084619a7e42bb","scripts/check-evidence-links.mjs":"03484934e141e8e0b08e8928bf6f89f48a15f0cfe95b24e94273eebfb1a62842","package.json":"8855d609e12ca7990d525b64c285513acde1420fc6368ccca3a937979253a91b","package-lock.json":"bb2357fee1276cb24714d62a0a02d478e465806f5ec8978034da5594d6fa765a","tsconfig.json":"624efd829d3631cf6a6cc8d7b345e93bb47e713f05162b0ff511ef6cfc0a6ac3","manifest.json":"d079699772d442cda13bf8a41672e7de59d8a62966e07d0c87b8b8e991d84dbb","../../.github/workflows/G02.yml":"f5cb756d4029be69c41da39ccd3b8929849418956d96b6122db7598bf8f92a7d"}}
2026-10-09T07:31:31.4256792Z {"path":".work/browser/ci-current-2026-10-09t07-31-17-871z-desktop.webm","bytes":712463,"sha256":"1184595fe63cb6800f419831ec38a8c4eab1e3feeb6d52f00fc69845d863f010","cpuThrottle":1,"viewport":{"width":1920,"height":1080},"performanceMeasurement":false,"newMatchPrivateDomCleared":true,"actualElapsedTimeoutCoveredHand":true,"publicPassHistoryShown":true,"passActors":["Player 1: pass","Player 2: pass"],"networkRequests":0,"pageErrors":0}
2026-10-09T07:31:45.2672455Z {"path":".work/browser/ci-current-2026-10-09t07-31-17-871z-phone4x.webm","bytes":644479,"sha256":"af26f92c8ba4f71408ab16d1518b5b42a1ac3df3f9066ecb0f3ee761ef91b1df","cpuThrottle":4,"viewport":{"width":390,"height":844},"performanceMeasurement":false,"newMatchPrivateDomCleared":true,"actualElapsedTimeoutCoveredHand":true,"publicPassHistoryShown":true,"passActors":["Player 1: pass","Player 2: pass"],"networkRequests":0,"pageErrors":0}
2026-10-09T07:31:45.4833873Z {"suite":"committed-browser-proof","sourceMatched":true,"profiles":2,"rawIntervals":1200,"unfiltered":true,"recordingsMatched":2}
2026-10-09T07:31:45.4855664Z {"suite":"evidence-links","localLinks":32,"allLocalFilesExist":true,"externalLinks":2,"externalLinksFetched":false}
2026-10-09T07:31:45.7043077Z {"suite":"integrity","fileHashes":853,"regenerationRuns":2,"byteIdentical":true,"coreNoIo":true,"mediaUnder10MB":true}
2026-10-09T07:31:45.7116935Z {"suite":"strict-current-browser-proof","guardedSources":35,"profiles":2,"rawIntervals":1200,"nativeTimestamps":1202,"activeHandWitnesses":1208,"unfiltered":true,"recordingsMatched":2}
2026-10-09T07:31:45.7251876Z ##[group]Run actions/upload-artifact@v4
2026-10-09T07:31:45.7252039Z with:
2026-10-09T07:31:45.7252157Z   name: G02-browser-evidence
2026-10-09T07:31:45.7253088Z   path: jobs/G02-gin-rummy/.work/browser/*-frames.json
jobs/G02-gin-rummy/.work/browser/report.json
jobs/G02-gin-rummy/.work/browser/captures.json
jobs/G02-gin-rummy/.work/browser/ci-current-*.webm
jobs/G02-gin-rummy/.work/clock-after.json
jobs/G02-gin-rummy/.work/custom-meld-after.json
jobs/G02-gin-rummy/.work/results-after.json
jobs/G02-gin-rummy/.work/name-check.json
jobs/G02-gin-rummy/media/strict-reverify-1900-*.webm
jobs/G02-gin-rummy/evidence/resume-20261008/strict-reverify-1900-captures.json

2026-10-09T07:31:45.7254031Z   include-hidden-files: true
2026-10-09T07:31:45.7254182Z   if-no-files-found: warn
2026-10-09T07:31:45.7254313Z   compression-level: 6
2026-10-09T07:31:45.7254437Z   overwrite: false
2026-10-09T07:31:45.7254555Z ##[endgroup]
2026-10-09T07:31:45.8249228Z (node:4147) [DEP0040] DeprecationWarning: The `punycode` module is deprecated. Please use a userland alternative instead.
2026-10-09T07:31:45.8249696Z (Use `node --trace-deprecation ...` to show where the warning was created)
2026-10-09T07:31:45.8358791Z Multiple search paths detected. Calculating the least common ancestor of all paths
2026-10-09T07:31:45.8360566Z The least common ancestor is /home/runner/work/partybox-game-cores/partybox-game-cores/jobs/G02-gin-rummy. This will be the root directory of the artifact
2026-10-09T07:31:45.8361265Z With the provided path, there will be 13 files uploaded
2026-10-09T07:31:45.8361718Z Artifact name is valid!
2026-10-09T07:31:45.8361978Z Root directory input is valid!
2026-10-09T07:31:46.1121280Z Beginning upload of artifact content to blob storage
2026-10-09T07:31:46.1817767Z (node:4147) [DEP0169] DeprecationWarning: `url.parse()` behavior is not standardized and prone to errors that have security implications. Use the WHATWG URL API instead. CVEs are not issued for `url.parse()` vulnerabilities.
2026-10-09T07:31:46.6474215Z Uploaded bytes 2163465
2026-10-09T07:31:46.6850561Z Finished uploading artifact content to blob storage!
2026-10-09T07:31:46.6851206Z SHA256 digest of uploaded artifact zip is 668bbf97f3f616dd9efb168fd93ea519b52c17651b0eb65ac0edbb1b1e82fcdd
2026-10-09T07:31:46.6852390Z Finalizing artifact upload
2026-10-09T07:31:46.8903294Z Artifact G02-browser-evidence.zip successfully finalized. Artifact ID 11601880810
2026-10-09T07:31:46.8903953Z Artifact G02-browser-evidence has been successfully uploaded! Final size is 2163465 bytes. Artifact ID is 11601880810
2026-10-09T07:31:46.8908206Z Artifact download URL: https://github.com/luisitin/partybox-game-cores/actions/runs/37899163025/artifacts/11601880810
2026-10-09T07:31:46.9047286Z Post job cleanup.
2026-10-09T07:31:46.9784029Z (node:4160) [DEP0040] DeprecationWarning: The `punycode` module is deprecated. Please use a userland alternative instead.
2026-10-09T07:31:46.9784746Z (Use `node --trace-deprecation ...` to show where the warning was created)
2026-10-09T07:31:46.9786608Z Cache hit occurred on the primary key node-cache-Linux-x64-npm-d48b0073b1be2df746cbb2cab1dca64dc5674a863aed54a4ee7f428aad681317, not saving cache.
2026-10-09T07:31:46.9885581Z Post job cleanup.
2026-10-09T07:31:47.0385707Z [command]/usr/bin/git version
2026-10-09T07:31:47.0416057Z git version 2.55.0
2026-10-09T07:31:47.0438572Z Temporarily overriding HOME='/home/runner/work/_temp/d460cf52-4eca-4447-b134-5406cc18a496' before making global git config changes
2026-10-09T07:31:47.0439381Z Adding repository directory to the temporary git global config as a safe directory
2026-10-09T07:31:47.0441385Z [command]/usr/bin/git config --global --add safe.directory /home/runner/work/partybox-game-cores/partybox-game-cores
2026-10-09T07:31:47.0470827Z [command]/usr/bin/git config --local --name-only --get-regexp core\.sshCommand
2026-10-09T07:31:47.0498212Z [command]/usr/bin/git submodule foreach --recursive sh -c "git config --local --name-only --get-regexp 'core\.sshCommand' && git config --local --unset-all 'core.sshCommand' || :"
2026-10-09T07:31:47.0694696Z [command]/usr/bin/git config --local --name-only --get-regexp http\.https\:\/\/github\.com\/\.extraheader
2026-10-09T07:31:47.0721258Z http.https://github.com/.extraheader
2026-10-09T07:31:47.0729485Z [command]/usr/bin/git config --local --unset-all http.https://github.com/.extraheader
2026-10-09T07:31:47.0772601Z [command]/usr/bin/git submodule foreach --recursive sh -c "git config --local --name-only --get-regexp 'http\.https\:\/\/github\.com\/\.extraheader' && git config --local --unset-all 'http.https://github.com/.extraheader' || :"
2026-10-09T07:31:47.0969727Z [command]/usr/bin/git config --local --name-only --get-regexp ^includeIf\.gitdir:
2026-10-09T07:31:47.0999478Z [command]/usr/bin/git submodule foreach --recursive git config --local --show-origin --name-only --get-regexp remote.origin.url
2026-10-09T07:31:47.1320297Z Cleaning up orphan processes
2026-10-09T07:31:47.1542298Z ##[warning]Node.js 20 is deprecated. The following actions target Node.js 20 but are being forced to run on Node.js 24: actions/checkout@v4, actions/setup-node@v4, actions/upload-artifact@v4. For more information see: https://github.blog/changelog/2025-09-19-deprecation-of-node-20-on-github-actions-runners/
