✔ historical positive is bound to the actual identified old runner (39.936146ms)
✔ current validator refuses the historical report without current guards (2.783525ms)
✔ historical validation refuses a different runner identity (1.869136ms)
✔ reject empty profiles (1.244231ms)
✔ reject desktop only (1.606658ms)
✔ reject duplicate desktop (1.35324ms)
✔ reject wrong phone CPU (1.85108ms)
✔ reject wrong phone width (5.820574ms)
✔ reject wrong phone height (1.49263ms)
✔ reject wrong phone label (1.178144ms)
✔ reject partial functional scope (0.826451ms)
✔ reject partial performance scope (0.676371ms)
✔ reject failed report (0.904025ms)
✔ reject missing checks (0.707212ms)
✔ reject missing one functional check (0.703176ms)
✔ reject duplicated functional name (1.5666ms)
✔ reject wrong check profile (1.138689ms)
✔ reject failed check hidden behind report pass (0.79381ms)
✔ reject error hidden behind successful check (0.787386ms)
✔ reject wrong page source (0.734213ms)
✔ reject wrong core bundle (0.507834ms)
✔ reject wrong session bundle (0.723756ms)
✔ reject source changed after run (1.20639ms)
✔ reject browser identity absent (13.619331ms)
✔ reject invalid run ID (1.226645ms)
✔ reject wrong benchmark players (1.480987ms)
✔ reject wrong existing bid (3.476266ms)
✔ reject closed private dice (1.500587ms)
✔ reject different interaction (1.220738ms)
✔ reject changed seed (4.173024ms)
✔ reject claimed physical phone (1.497263ms)
✔ reject recorded performance (0.71321ms)
✔ reject relaxed FPS gate (1.453047ms)
✔ reject relaxed p99 gate (1.493256ms)
✔ reject hidden frame filtering (0.642333ms)
✔ reject wrong raw profile (3.014594ms)
✔ reject raw CPU mismatch (1.099042ms)
✔ reject missing raw phone (0.898266ms)
✔ reject extra raw profile (1.142286ms)
✔ reject raw recorded video (1.04446ms)
✔ reject raw filtered intervals (1.358909ms)
✔ reject truncated timestamps (1.371829ms)
✔ reject truncated intervals (1.143754ms)
✔ reject wrong sample count (1.117329ms)
✔ reject nonfinite timestamp (1.189087ms)
✔ reject nonfinite interval (1.420722ms)
✔ reject zero interval (0.667379ms)
✔ reject negative interval (0.755549ms)
✔ reject changed consecutive timestamp (1.913499ms)
✔ reject raw mean differs from frames (1.179698ms)
✔ reject report FPS differs from frames (1.011869ms)
✔ reject report p99 differs from frames (1.391907ms)
✔ reject raw dropped count differs (2.61488ms)
✔ reject wrong raw file path (2.705152ms)
✔ reject wrong archived run (1.556737ms)
✔ reject late networkRequests hidden behind offline pass (1.164382ms)
✔ reject late additionalResources hidden behind offline pass (0.815488ms)
✔ reject late pageErrors hidden behind offline pass (0.701673ms)
✔ reject late dialogs hidden behind offline pass (0.746702ms)
✔ CI without a shared barrier returns immediately (3.252333ms)
✔ matching nonce grants and CLOSED marker retain the exact attempt identity (82.315829ms)
✔ ignores wrong nonce until the matching grant arrives (174.038981ms)
✔ ignores wrong source until the matching grant arrives (205.208709ms)
✔ ignores wrong profile until the matching grant arrives (179.40059ms)
✔ ignores extra grant field until the matching grant arrives (181.755096ms)
✔ ignores missing nonce until the matching grant arrives (214.756182ms)
✔ ignores array grant until the matching grant arrives (153.474962ms)
✔ malformed JSON is ignored, not mistaken for permission (164.327181ms)
✔ each attempt removes stale own markers and keeps the other profile intact (116.498311ms)
✔ a timed-out wait writes honest unsampled failure and never runs a frame test (80.638598ms)
ℹ tests 70
ℹ suites 0
ℹ pass 70
ℹ fail 0
ℹ cancelled 0
ℹ skipped 0
ℹ todo 0
ℹ duration_ms 1791.62394
