✔ historical positive is bound to the actual identified old runner (18.239005ms)
✔ current validator refuses the historical report without current guards (2.465614ms)
✔ historical validation refuses a different runner identity (1.57529ms)
✔ reject empty profiles (1.488811ms)
✔ reject desktop only (1.801249ms)
✔ reject duplicate desktop (1.932324ms)
✔ reject wrong phone CPU (3.807849ms)
✔ reject wrong phone width (1.164783ms)
✔ reject wrong phone height (2.09136ms)
✔ reject wrong phone label (1.157425ms)
✔ reject partial functional scope (0.8649ms)
✔ reject partial performance scope (0.729488ms)
✔ reject failed report (0.92012ms)
✔ reject missing checks (1.319907ms)
✔ reject missing one functional check (0.586986ms)
✔ reject duplicated functional name (1.126222ms)
✔ reject wrong check profile (1.021452ms)
✔ reject failed check hidden behind report pass (0.715009ms)
✔ reject error hidden behind successful check (0.621729ms)
✔ reject wrong page source (0.533803ms)
✔ reject wrong core bundle (0.578004ms)
✔ reject wrong session bundle (0.487661ms)
✔ reject source changed after run (1.614179ms)
✔ reject browser identity absent (6.081564ms)
✔ reject invalid run ID (0.683532ms)
✔ reject wrong benchmark players (0.858776ms)
✔ reject wrong existing bid (0.941634ms)
✔ reject closed private dice (0.806924ms)
✔ reject different interaction (3.947025ms)
✔ reject changed seed (0.798666ms)
✔ reject claimed physical phone (1.415758ms)
✔ reject recorded performance (0.630628ms)
✔ reject relaxed FPS gate (0.904452ms)
✔ reject relaxed p99 gate (0.799617ms)
✔ reject hidden frame filtering (1.392842ms)
✔ reject wrong raw profile (1.775363ms)
✔ reject raw CPU mismatch (1.658913ms)
✔ reject missing raw phone (1.129889ms)
✔ reject extra raw profile (0.860054ms)
✔ reject raw recorded video (1.020161ms)
✔ reject raw filtered intervals (1.466279ms)
✔ reject truncated timestamps (0.66658ms)
✔ reject truncated intervals (0.692401ms)
✔ reject wrong sample count (1.389363ms)
✔ reject nonfinite timestamp (0.87921ms)
✔ reject nonfinite interval (2.163733ms)
✔ reject zero interval (1.008063ms)
✔ reject negative interval (0.81322ms)
✔ reject changed consecutive timestamp (0.698102ms)
✔ reject raw mean differs from frames (0.987443ms)
✔ reject report FPS differs from frames (1.098991ms)
✔ reject report p99 differs from frames (1.837938ms)
✔ reject raw dropped count differs (1.251222ms)
✔ reject wrong raw file path (0.86523ms)
✔ reject wrong archived run (1.281228ms)
✔ reject late networkRequests hidden behind offline pass (0.755555ms)
✔ reject late additionalResources hidden behind offline pass (0.655974ms)
✔ reject late pageErrors hidden behind offline pass (0.712445ms)
✔ reject late dialogs hidden behind offline pass (0.988848ms)
✔ current positive uses actual fresh report and actual guarded source bytes (2.821612ms)
✔ current reject missing start guard (1.389814ms)
✔ current reject wrong final checker guard (1.047464ms)
✔ current reject wrong raw source guard (2.433591ms)
✔ current reject wrong raw final guard (2.075454ms)
✔ current reject raw run identity (2.326414ms)
✔ current reject raw page identity (1.279199ms)
✔ current reject wrong start timestamp (0.821598ms)
✔ current reject completion before start (1.440727ms)
✔ current reject missing actual clock observations (0.737381ms)
✔ current reject duplicated clock observation (0.80857ms)
✔ current reject untrusted Resume click (1.761388ms)
✔ current reject post-clock before click (1.010174ms)
✔ current reject wrong resumed deadline (1.01386ms)
✔ current reject relaxed live-clock allowance (0.945903ms)
✔ current reject saved clock did not genuinely elapse (1.65494ms)
✔ current reject nonfinite saved elapsed (1.165661ms)
✔ current reject inconsistent saved duration (1.081971ms)
✔ current reject reset-to-full saved turn (1.073844ms)
✔ current reject relaxed saved-clock allowance (1.080666ms)
✔ current reject missing actual sampling workload (1.310069ms)
✔ current reject sampling fixture already finished (2.096075ms)
✔ current reject sampling fixture timer enabled (1.488177ms)
✔ current reject sampling fixture deadline changed (1.656439ms)
✔ current reject sampling fixture cup closed (1.754595ms)
✔ current reject sampling fixture exact odds absent (3.445594ms)
✔ current reject sampling fixture bid changed (1.80862ms)
✔ current reject sampling fixture lost dice (4.620451ms)
✔ current reject sampling fixture state changed during grant (6.245895ms)
ℹ tests 88
ℹ suites 0
ℹ pass 88
ℹ fail 0
ℹ cancelled 0
ℹ skipped 0
ℹ todo 0
ℹ duration_ms 314.351671
