{"profile":"desktop","name":"lobby supports every roster from 2 through 8 and explicit settings","passed":true}
{"profile":"desktop","name":"private cup disappears on hide, pass, pause and resume","passed":true}
{"profile":"desktop","name":"changing the device holder clears private dice, odds and bid choices","passed":true}
{"profile":"desktop","name":"legal bid selectors cover normal, wild-one and palifico raises","passed":true}
{"profile":"desktop","name":"palifico help matches first-loss, once-only and survivor conditions in actual play","passed":true}
{"profile":"desktop","name":"palifico exceptions require prior own experience and preserve wild-off face locking","passed":true}
{"profile":"desktop","name":"dudo reveals cups, applies loss and continues to a fresh round","passed":true}
{"profile":"desktop","name":"optional calza is available only when legal and exact claims gain a die","passed":true}
{"profile":"desktop","name":"final loss reaches a visible winner and a new game can start","passed":true}
{"profile":"desktop","name":"natural last-die standings agree with the real core results","passed":true}
{"profile":"desktop","name":"early host-end standings include all eight seats and unequal remaining dice","passed":true}
{"profile":"desktop","name":"early tied standings retain competition places and safe long player names","passed":true}
{"profile":"desktop","name":"bots automate turns for easy, normal and sharp skills","passed":true}
{"profile":"desktop","name":"the manual bot-step control is reachable while a human holds the device","passed":true}
{"profile":"desktop","name":"eligible bots make actual interrupt-only calza calls before the active turn","passed":true}
{"profile":"desktop","name":"an all-bot table holds its reveal until explicitly acknowledged","passed":true}
{"profile":"desktop","name":"an eliminated human can read and explicitly acknowledge the reveal","passed":true}
{"profile":"desktop","name":"normal, fast and slow bot pacing use actual selected delays","passed":true}
{"profile":"desktop","name":"manual pacing holds regular bot actions until one explicit step","passed":true}
{"profile":"desktop","name":"manual pacing exposes an eligible bot calza even during a human turn","passed":true}
{"profile":"desktop","name":"live pace changes synchronize controls, cover the cup and restart scheduling","passed":true}
{"profile":"desktop","name":"pause holds bot actions and resume starts a fresh selected wait","passed":true}
{"profile":"desktop","name":"a human can call calza after reading for over 900ms at normal pace","passed":true}
{"profile":"desktop","name":"a visible one-second core clock takes priority over normal and manual pacing","passed":true}
