2026-10-09T04:09:37.0659782Z Current runner version: '2.337.0'
2026-10-09T04:09:37.0687795Z ##[group]Runner Image Provisioner
2026-10-09T04:09:37.0688820Z Hosted Compute Agent
2026-10-09T04:09:37.0689950Z Version: 20261002.596
2026-10-09T04:09:37.0690648Z Commit: c3d12f3313a95f25162a1503be624f3b0617f8c0
2026-10-09T04:09:37.0691469Z Build Date: 2026-10-02T22:28:27Z
2026-10-09T04:09:37.0692254Z Worker ID: {47adf08d-fb85-4b71-93cd-7c1c4e7e3d10}
2026-10-09T04:09:37.0692977Z Region: eastus2
2026-10-09T04:09:37.0693822Z Cloud: Azure
2026-10-09T04:09:37.0694387Z ##[endgroup]
2026-10-09T04:09:37.0695943Z ##[group]Operating System
2026-10-09T04:09:37.0696696Z Ubuntu
2026-10-09T04:09:37.0697349Z 24.04.5
2026-10-09T04:09:37.0697900Z LTS
2026-10-09T04:09:37.0698474Z ##[endgroup]
2026-10-09T04:09:37.0699071Z ##[group]Runner Image
2026-10-09T04:09:37.0699785Z Image: ubuntu-24.04
2026-10-09T04:09:37.0700423Z Version: 20261004.327.1
2026-10-09T04:09:37.0701758Z Included Software: https://github.com/actions/runner-images/blob/ubuntu24/20261004.327/images/ubuntu/Ubuntu2404-Readme.md
2026-10-09T04:09:37.0703883Z Image Release: https://github.com/actions/runner-images/releases/tag/ubuntu24%2F20261004.327
2026-10-09T04:09:37.0705041Z ##[endgroup]
2026-10-09T04:09:37.0706161Z ##[group]GITHUB_TOKEN Permissions
2026-10-09T04:09:37.0708592Z Contents: read
2026-10-09T04:09:37.0709221Z Metadata: read
2026-10-09T04:09:37.0709858Z ##[endgroup]
2026-10-09T04:09:37.0712111Z Secret source: Actions
2026-10-09T04:09:37.0713400Z Cache mode: write
2026-10-09T04:09:37.0714411Z Prepare workflow directory
2026-10-09T04:09:37.1132893Z Prepare all required actions
2026-10-09T04:09:37.1185502Z Getting action download info
2026-10-09T04:09:37.3632958Z Download action repository 'actions/checkout@v4' (SHA:11d5960a326750d5838078e36cf38b85af677262)
2026-10-09T04:09:37.4699099Z Download action repository 'actions/setup-node@v4' (SHA:49933ea5288caeca8642d1e84afbd3f7d6820020)
2026-10-09T04:09:37.5726787Z Download action repository 'actions/upload-artifact@v4' (SHA:ea165f8d65b6e75b540449e92b4886f43607fa02)
2026-10-09T04:09:37.7793912Z Complete job name: verify
2026-10-09T04:09:37.8612711Z ##[group]Run actions/checkout@v4
2026-10-09T04:09:37.8613906Z with:
2026-10-09T04:09:37.8614414Z   repository: luisitin/partybox-game-cores
2026-10-09T04:09:37.8618173Z   token: ***
2026-10-09T04:09:37.8618617Z   ssh-strict: true
2026-10-09T04:09:37.8619074Z   ssh-user: git
2026-10-09T04:09:37.8619533Z   persist-credentials: true
2026-10-09T04:09:37.8620038Z   clean: true
2026-10-09T04:09:37.8620491Z   sparse-checkout-cone-mode: true
2026-10-09T04:09:37.8621018Z   fetch-depth: 1
2026-10-09T04:09:37.8621459Z   fetch-tags: false
2026-10-09T04:09:37.8621897Z   show-progress: true
2026-10-09T04:09:37.8622361Z   lfs: false
2026-10-09T04:09:37.8622775Z   submodules: false
2026-10-09T04:09:37.8623429Z   set-safe-directory: true
2026-10-09T04:09:37.8623958Z   allow-unsafe-pr-checkout: false
2026-10-09T04:09:37.8624769Z ##[endgroup]
2026-10-09T04:09:37.9662597Z Syncing repository: luisitin/partybox-game-cores
2026-10-09T04:09:37.9665803Z ##[group]Getting Git version info
2026-10-09T04:09:37.9667262Z Working directory is '/home/runner/work/partybox-game-cores/partybox-game-cores'
2026-10-09T04:09:37.9669299Z [command]/usr/bin/git version
2026-10-09T04:09:37.9742099Z git version 2.55.0
2026-10-09T04:09:37.9765681Z ##[endgroup]
2026-10-09T04:09:37.9791646Z Temporarily overriding HOME='/home/runner/work/_temp/97a73dda-1166-4789-bb9d-223b253f8e46' before making global git config changes
2026-10-09T04:09:37.9794285Z Adding repository directory to the temporary git global config as a safe directory
2026-10-09T04:09:37.9796348Z [command]/usr/bin/git config --global --add safe.directory /home/runner/work/partybox-game-cores/partybox-game-cores
2026-10-09T04:09:37.9852676Z Deleting the contents of '/home/runner/work/partybox-game-cores/partybox-game-cores'
2026-10-09T04:09:37.9857412Z ##[group]Initializing the repository
2026-10-09T04:09:37.9861502Z [command]/usr/bin/git init /home/runner/work/partybox-game-cores/partybox-game-cores
2026-10-09T04:09:37.9991556Z hint: Using 'master' as the name for the initial branch. This default branch name
2026-10-09T04:09:37.9993660Z hint: will change to "main" in Git 3.0. To configure the initial branch name
2026-10-09T04:09:37.9995235Z hint: to use in all of your new repositories, which will suppress this warning,
2026-10-09T04:09:37.9996502Z hint: call:
2026-10-09T04:09:37.9997442Z hint:
2026-10-09T04:09:37.9998275Z hint: 	git config --global init.defaultBranch <name>
2026-10-09T04:09:37.9999321Z hint:
2026-10-09T04:09:38.0000243Z hint: Names commonly chosen instead of 'master' are 'main', 'trunk' and
2026-10-09T04:09:38.0001793Z hint: 'development'. The just-created branch can be renamed via this command:
2026-10-09T04:09:38.0003300Z hint:
2026-10-09T04:09:38.0004080Z hint: 	git branch -m <name>
2026-10-09T04:09:38.0004849Z hint:
2026-10-09T04:09:38.0005847Z hint: Disable this message with "git config set advice.defaultBranchName false"
2026-10-09T04:09:38.0007764Z Initialized empty Git repository in /home/runner/work/partybox-game-cores/partybox-game-cores/.git/
2026-10-09T04:09:38.0011084Z [command]/usr/bin/git remote add origin https://github.com/luisitin/partybox-game-cores
2026-10-09T04:09:38.0065578Z ##[endgroup]
2026-10-09T04:09:38.0066869Z ##[group]Disabling automatic garbage collection
2026-10-09T04:09:38.0070103Z [command]/usr/bin/git config --local gc.auto 0
2026-10-09T04:09:38.0105772Z ##[endgroup]
2026-10-09T04:09:38.0113381Z ##[group]Setting up auth
2026-10-09T04:09:38.0114554Z [command]/usr/bin/git config --local --name-only --get-regexp core\.sshCommand
2026-10-09T04:09:38.0172943Z [command]/usr/bin/git submodule foreach --recursive sh -c "git config --local --name-only --get-regexp 'core\.sshCommand' && git config --local --unset-all 'core.sshCommand' || :"
2026-10-09T04:09:38.0614999Z [command]/usr/bin/git config --local --name-only --get-regexp http\.https\:\/\/github\.com\/\.extraheader
2026-10-09T04:09:38.0658945Z [command]/usr/bin/git submodule foreach --recursive sh -c "git config --local --name-only --get-regexp 'http\.https\:\/\/github\.com\/\.extraheader' && git config --local --unset-all 'http.https://github.com/.extraheader' || :"
2026-10-09T04:09:38.0927679Z [command]/usr/bin/git config --local --name-only --get-regexp ^includeIf\.gitdir:
2026-10-09T04:09:38.0971154Z [command]/usr/bin/git submodule foreach --recursive git config --local --show-origin --name-only --get-regexp remote.origin.url
2026-10-09T04:09:38.1243350Z [command]/usr/bin/git config --local http.https://github.com/.extraheader AUTHORIZATION: basic ***
2026-10-09T04:09:38.1288207Z ##[endgroup]
2026-10-09T04:09:38.1289111Z ##[group]Fetching the repository
2026-10-09T04:09:38.1299709Z [command]/usr/bin/git -c protocol.version=2 fetch --no-tags --prune --no-recurse-submodules --depth=1 origin +67d9c0966103293e4de4aadaf981af927bb74c25:refs/remotes/pull/12/merge
2026-10-09T04:09:39.6709120Z From https://github.com/luisitin/partybox-game-cores
2026-10-09T04:09:39.6710402Z  * [new ref]         67d9c0966103293e4de4aadaf981af927bb74c25 -> pull/12/merge
2026-10-09T04:09:39.6714333Z ##[endgroup]
2026-10-09T04:09:39.6715904Z ##[group]Determining the checkout info
2026-10-09T04:09:39.6717224Z ##[endgroup]
2026-10-09T04:09:39.6725415Z [command]/usr/bin/git sparse-checkout disable
2026-10-09T04:09:39.6787108Z [command]/usr/bin/git config --local --unset-all extensions.worktreeConfig
2026-10-09T04:09:39.6828236Z ##[group]Checking out the ref
2026-10-09T04:09:39.6836007Z [command]/usr/bin/git checkout --progress --force refs/remotes/pull/12/merge
2026-10-09T04:09:39.8260689Z Note: switching to 'refs/remotes/pull/12/merge'.
2026-10-09T04:09:39.8261914Z 
2026-10-09T04:09:39.8262828Z You are in 'detached HEAD' state. You can look around, make experimental
2026-10-09T04:09:39.8265211Z changes and commit them, and you can discard any commits you make in this
2026-10-09T04:09:39.8267298Z state without impacting any branches by switching back to a branch.
2026-10-09T04:09:39.8268500Z 
2026-10-09T04:09:39.8269378Z If you want to create a new branch to retain commits you create, you may
2026-10-09T04:09:39.8271806Z do so (now or later) by using -c with the switch command. Example:
2026-10-09T04:09:39.8273281Z 
2026-10-09T04:09:39.8273875Z   git switch -c <new-branch-name>
2026-10-09T04:09:39.8274780Z 
2026-10-09T04:09:39.8275348Z Or undo this operation with:
2026-10-09T04:09:39.8276162Z 
2026-10-09T04:09:39.8276505Z   git switch -
2026-10-09T04:09:39.8276933Z 
2026-10-09T04:09:39.8277603Z Turn off this advice by setting config variable advice.detachedHead to false
2026-10-09T04:09:39.8278608Z 
2026-10-09T04:09:39.8279666Z HEAD is now at 67d9c09 Merge 8a349d40de81afb48f85b63cd1590d5a3c9d847d into d5fbb39746f8f7900bee57506e8133e8675f48ed
2026-10-09T04:09:39.8284153Z ##[endgroup]
2026-10-09T04:09:39.8331125Z [command]/usr/bin/git log -1 --format=%H
2026-10-09T04:09:39.8359985Z 67d9c0966103293e4de4aadaf981af927bb74c25
2026-10-09T04:09:39.8812931Z ##[group]Run actions/setup-node@v4
2026-10-09T04:09:39.8814474Z with:
2026-10-09T04:09:39.8815364Z   node-version: 22.16.0
2026-10-09T04:09:39.8816372Z   cache: npm
2026-10-09T04:09:39.8817565Z   cache-dependency-path: jobs/G02-gin-rummy/package-lock.json
2026-10-09T04:09:39.8819007Z   always-auth: false
2026-10-09T04:09:39.8819982Z   check-latest: false
2026-10-09T04:09:39.8828606Z   token: ***
2026-10-09T04:09:39.8829520Z ##[endgroup]
2026-10-09T04:09:40.0316095Z Attempting to download 22.16.0...
2026-10-09T04:09:40.0431589Z (node:2381) [DEP0040] DeprecationWarning: The `punycode` module is deprecated. Please use a userland alternative instead.
2026-10-09T04:09:40.0432560Z (Use `node --trace-deprecation ...` to show where the warning was created)
2026-10-09T04:09:40.7262303Z Acquiring 22.16.0 - x64 from https://github.com/actions/node-versions/releases/download/22.16.0-15177438473/node-22.16.0-linux-x64.tar.gz
2026-10-09T04:09:41.1614250Z Extracting ...
2026-10-09T04:09:41.1743228Z [command]/usr/bin/tar xz --strip 1 --warning=no-unknown-keyword --overwrite -C /home/runner/work/_temp/9eaf7c45-a238-4836-863b-a48dcab734b5 -f /home/runner/work/_temp/7a95a125-8bc7-425b-9b4f-e2bce51c5a7a
2026-10-09T04:09:42.3611531Z Adding to the cache ...
2026-10-09T04:09:44.3892619Z ##[group]Environment details
2026-10-09T04:09:44.6161027Z node: v22.16.0
2026-10-09T04:09:44.6161715Z npm: 10.9.2
2026-10-09T04:09:44.6162097Z yarn: 1.22.22
2026-10-09T04:09:44.6162909Z ##[endgroup]
2026-10-09T04:09:44.6187513Z [command]/opt/hostedtoolcache/node/22.16.0/x64/bin/npm config get cache
2026-10-09T04:09:44.7139251Z /home/runner/.npm
2026-10-09T04:09:44.8038655Z Cache hit for: node-cache-Linux-x64-npm-d48b0073b1be2df746cbb2cab1dca64dc5674a863aed54a4ee7f428aad681317
2026-10-09T04:09:44.8165182Z (node:2381) [DEP0169] DeprecationWarning: `url.parse()` behavior is not standardized and prone to errors that have security implications. Use the WHATWG URL API instead. CVEs are not issued for `url.parse()` vulnerabilities.
2026-10-09T04:09:44.9556509Z Received 12676573 of 12676573 (100.0%), 101.6 MBs/sec
2026-10-09T04:09:44.9557470Z Cache Size: ~12 MB (12676573 B)
2026-10-09T04:09:44.9589270Z [command]/usr/bin/tar -xf /home/runner/work/_temp/1f4e4440-7301-4a4a-bfbb-faf3b4662365/cache.tzst -P -C /home/runner/work/partybox-game-cores/partybox-game-cores --use-compress-program unzstd
2026-10-09T04:09:44.9867609Z Cache restored successfully
2026-10-09T04:09:44.9878884Z Cache restored from key: node-cache-Linux-x64-npm-d48b0073b1be2df746cbb2cab1dca64dc5674a863aed54a4ee7f428aad681317
2026-10-09T04:09:45.0100515Z ##[group]Run npm ci --ignore-scripts --no-audit --no-fund
2026-10-09T04:09:45.0101081Z [36;1mnpm ci --ignore-scripts --no-audit --no-fund[0m
2026-10-09T04:09:45.0408465Z shell: /usr/bin/bash -e {0}
2026-10-09T04:09:45.0408857Z ##[endgroup]
2026-10-09T04:09:46.0157526Z 
2026-10-09T04:09:46.0168481Z added 6 packages in 914ms
2026-10-09T04:09:46.0640640Z ##[group]Run npx playwright install --with-deps chromium
2026-10-09T04:09:46.0641143Z [36;1mnpx playwright install --with-deps chromium[0m
2026-10-09T04:09:46.0709299Z shell: /usr/bin/bash -e {0}
2026-10-09T04:09:46.0709813Z ##[endgroup]
2026-10-09T04:09:46.9483004Z Installing dependencies...
2026-10-09T04:09:46.9541607Z Switching to root user to install dependencies...
2026-10-09T04:09:47.0295180Z Get:1 file:/etc/apt/apt-mirrors.txt Mirrorlist [144 B]
2026-10-09T04:09:47.0630689Z Hit:2 http://azure.archive.ubuntu.com/ubuntu noble InRelease
2026-10-09T04:09:47.0663687Z Get:3 http://azure.archive.ubuntu.com/ubuntu noble-updates InRelease [126 kB]
2026-10-09T04:09:47.0665160Z Get:6 https://packages.microsoft.com/ubuntu/24.04/prod noble InRelease [3600 B]
2026-10-09T04:09:47.0704440Z Get:4 http://azure.archive.ubuntu.com/ubuntu noble-backports InRelease [126 kB]
2026-10-09T04:09:47.0738002Z Get:5 http://azure.archive.ubuntu.com/ubuntu noble-security InRelease [126 kB]
2026-10-09T04:09:47.1989358Z Get:7 https://packages.microsoft.com/ubuntu/24.04/prod noble/main arm64 Packages [475 kB]
2026-10-09T04:09:47.2143386Z Get:8 https://packages.microsoft.com/ubuntu/24.04/prod noble/main armhf Packages [12.3 kB]
2026-10-09T04:09:47.2174009Z Get:9 https://packages.microsoft.com/ubuntu/24.04/prod noble/main all Packages [640 B]
2026-10-09T04:09:47.2228964Z Get:10 https://packages.microsoft.com/ubuntu/24.04/prod noble/main amd64 Packages [531 kB]
2026-10-09T04:09:47.2478365Z Get:11 http://azure.archive.ubuntu.com/ubuntu noble-updates/main amd64 Packages [1375 kB]
2026-10-09T04:09:47.2555638Z Get:12 http://azure.archive.ubuntu.com/ubuntu noble-updates/main Translation-en [306 kB]
2026-10-09T04:09:47.2574595Z Get:13 http://azure.archive.ubuntu.com/ubuntu noble-updates/universe amd64 Packages [1702 kB]
2026-10-09T04:09:47.2673029Z Get:14 http://azure.archive.ubuntu.com/ubuntu noble-updates/universe Translation-en [342 kB]
2026-10-09T04:09:47.2697419Z Get:15 http://azure.archive.ubuntu.com/ubuntu noble-updates/restricted amd64 Packages [1761 kB]
2026-10-09T04:09:47.2797897Z Get:16 http://azure.archive.ubuntu.com/ubuntu noble-updates/restricted Translation-en [401 kB]
2026-10-09T04:09:47.2822898Z Get:17 http://azure.archive.ubuntu.com/ubuntu noble-updates/multiverse amd64 Packages [55.0 kB]
2026-10-09T04:09:47.2835805Z Get:18 http://azure.archive.ubuntu.com/ubuntu noble-updates/multiverse Translation-en [14.3 kB]
2026-10-09T04:09:47.3560994Z Get:19 http://azure.archive.ubuntu.com/ubuntu noble-security/main amd64 Packages [1118 kB]
2026-10-09T04:09:47.3615972Z Get:20 http://azure.archive.ubuntu.com/ubuntu noble-security/main Translation-en [228 kB]
2026-10-09T04:09:47.4061063Z Get:21 http://azure.archive.ubuntu.com/ubuntu noble-security/universe amd64 Packages [1220 kB]
2026-10-09T04:09:47.4128211Z Get:22 http://azure.archive.ubuntu.com/ubuntu noble-security/universe Translation-en [245 kB]
2026-10-09T04:09:47.4133329Z Get:23 http://azure.archive.ubuntu.com/ubuntu noble-security/restricted amd64 Packages [1667 kB]
2026-10-09T04:09:47.4209290Z Get:24 http://azure.archive.ubuntu.com/ubuntu noble-security/restricted Translation-en [383 kB]
2026-10-09T04:09:47.4236578Z Get:25 http://azure.archive.ubuntu.com/ubuntu noble-security/multiverse amd64 Packages [49.8 kB]
2026-10-09T04:09:47.4240845Z Get:26 http://azure.archive.ubuntu.com/ubuntu noble-security/multiverse Translation-en [12.4 kB]
2026-10-09T04:09:50.4238825Z Fetched 12.3 MB in 1s (9695 kB/s)
2026-10-09T04:09:51.3023542Z Reading package lists...
2026-10-09T04:09:51.3268589Z Reading package lists...
2026-10-09T04:09:51.5472167Z Building dependency tree...
2026-10-09T04:09:51.5480285Z Reading state information...
2026-10-09T04:09:51.7062017Z libasound2t64 is already the newest version (1.2.11-1ubuntu0.3).
2026-10-09T04:09:51.7062906Z libasound2t64 set to manually installed.
2026-10-09T04:09:51.7063839Z libatk-bridge2.0-0t64 is already the newest version (2.52.0-1build1).
2026-10-09T04:09:51.7064434Z libatk-bridge2.0-0t64 set to manually installed.
2026-10-09T04:09:51.7065679Z libatk1.0-0t64 is already the newest version (2.52.0-1build1).
2026-10-09T04:09:51.7066194Z libatk1.0-0t64 set to manually installed.
2026-10-09T04:09:51.7067022Z libatspi2.0-0t64 is already the newest version (2.52.0-1build1).
2026-10-09T04:09:51.7068029Z libatspi2.0-0t64 set to manually installed.
2026-10-09T04:09:51.7068805Z libcairo2 is already the newest version (1.18.0-3build1).
2026-10-09T04:09:51.7069557Z libcairo2 set to manually installed.
2026-10-09T04:09:51.7070414Z libcups2t64 is already the newest version (2.4.7-1.2ubuntu7.14).
2026-10-09T04:09:51.7071216Z libcups2t64 set to manually installed.
2026-10-09T04:09:51.7072002Z libdbus-1-3 is already the newest version (1.14.10-4ubuntu4.1).
2026-10-09T04:09:51.7072749Z libdbus-1-3 set to manually installed.
2026-10-09T04:09:51.7073761Z libdrm2 is already the newest version (2.4.125-1ubuntu0.1~24.04.2).
2026-10-09T04:09:51.7074285Z libdrm2 set to manually installed.
2026-10-09T04:09:51.7074782Z libgbm1 is already the newest version (25.2.8-0ubuntu0.24.04.4).
2026-10-09T04:09:51.7075239Z libgbm1 set to manually installed.
2026-10-09T04:09:51.7075717Z libglib2.0-0t64 is already the newest version (2.80.0-6ubuntu3.9).
2026-10-09T04:09:51.7076213Z libglib2.0-0t64 set to manually installed.
2026-10-09T04:09:51.7076704Z libnspr4 is already the newest version (2:4.35-1.1build1).
2026-10-09T04:09:51.7077149Z libnspr4 set to manually installed.
2026-10-09T04:09:51.7077899Z libnss3 is already the newest version (2:3.98-1ubuntu0.2).
2026-10-09T04:09:51.7078604Z libnss3 set to manually installed.
2026-10-09T04:09:51.7079403Z libpango-1.0-0 is already the newest version (1.52.1+ds-1build1).
2026-10-09T04:09:51.7080175Z libpango-1.0-0 set to manually installed.
2026-10-09T04:09:51.7081028Z libx11-6 is already the newest version (2:1.8.7-1build1).
2026-10-09T04:09:51.7081737Z libx11-6 set to manually installed.
2026-10-09T04:09:51.7082439Z libxcb1 is already the newest version (1.15-1ubuntu2).
2026-10-09T04:09:51.7083401Z libxcb1 set to manually installed.
2026-10-09T04:09:51.7084219Z libxcomposite1 is already the newest version (1:0.4.5-1build3).
2026-10-09T04:09:51.7085004Z libxcomposite1 set to manually installed.
2026-10-09T04:09:51.7085781Z libxdamage1 is already the newest version (1:1.1.6-1build1).
2026-10-09T04:09:51.7086530Z libxdamage1 set to manually installed.
2026-10-09T04:09:51.7087259Z libxext6 is already the newest version (2:1.3.4-1build2).
2026-10-09T04:09:51.7087943Z libxext6 set to manually installed.
2026-10-09T04:09:51.7088685Z libxfixes3 is already the newest version (1:6.0.0-2build1).
2026-10-09T04:09:51.7089419Z libxfixes3 set to manually installed.
2026-10-09T04:09:51.7090163Z libxkbcommon0 is already the newest version (1.6.0-1build1).
2026-10-09T04:09:51.7090906Z libxkbcommon0 set to manually installed.
2026-10-09T04:09:51.7091655Z libxrandr2 is already the newest version (2:1.5.2-2build1).
2026-10-09T04:09:51.7092489Z libxrandr2 set to manually installed.
2026-10-09T04:09:51.7093572Z xvfb is already the newest version (2:21.1.12-1ubuntu1.8).
2026-10-09T04:09:51.7094585Z fonts-noto-color-emoji is already the newest version (2.047-0ubuntu0.24.04.1).
2026-10-09T04:09:51.7095687Z libfontconfig1 is already the newest version (2.15.0-1.1ubuntu2).
2026-10-09T04:09:51.7096526Z libfontconfig1 set to manually installed.
2026-10-09T04:09:51.7097326Z fonts-liberation is already the newest version (1:2.1.5-3).
2026-10-09T04:09:51.7098104Z fonts-liberation set to manually installed.
2026-10-09T04:09:51.7098851Z The following additional packages will be installed:
2026-10-09T04:09:51.7099543Z   xfonts-encodings xfonts-utils
2026-10-09T04:09:51.7100075Z Recommended packages:
2026-10-09T04:09:51.7100623Z   fonts-ipafont-mincho fonts-tlwg-loma
2026-10-09T04:09:51.7301678Z The following NEW packages will be installed:
2026-10-09T04:09:51.7302453Z   fonts-freefont-ttf fonts-ipafont-gothic fonts-tlwg-loma-otf fonts-unifont
2026-10-09T04:09:51.7311550Z   fonts-wqy-zenhei xfonts-cyrillic xfonts-encodings xfonts-scalable
2026-10-09T04:09:51.7312614Z   xfonts-utils
2026-10-09T04:09:51.7318129Z The following packages will be upgraded:
2026-10-09T04:09:51.7327255Z   libfreetype6
2026-10-09T04:09:51.7505039Z 1 upgraded, 9 newly installed, 0 to remove and 22 not upgraded.
2026-10-09T04:09:51.7505834Z Need to get 21.5 MB of archives.
2026-10-09T04:09:51.7506298Z After this operation, 79.5 MB of additional disk space will be used.
2026-10-09T04:09:51.7506825Z Get:1 file:/etc/apt/apt-mirrors.txt Mirrorlist [144 B]
2026-10-09T04:09:51.8665314Z Get:2 http://azure.archive.ubuntu.com/ubuntu noble/universe amd64 fonts-ipafont-gothic all 00303-21ubuntu1 [3513 kB]
2026-10-09T04:09:52.0786681Z Get:3 http://azure.archive.ubuntu.com/ubuntu noble/main amd64 fonts-freefont-ttf all 20211204+svn4273-2 [5641 kB]
2026-10-09T04:09:52.3572943Z Get:4 http://azure.archive.ubuntu.com/ubuntu noble/universe amd64 fonts-tlwg-loma-otf all 1:0.7.3-1 [107 kB]
2026-10-09T04:09:52.4596471Z Get:5 http://azure.archive.ubuntu.com/ubuntu noble/universe amd64 fonts-unifont all 1:15.1.01-1build1 [2993 kB]
2026-10-09T04:09:52.6535010Z Get:6 http://azure.archive.ubuntu.com/ubuntu noble/universe amd64 fonts-wqy-zenhei all 0.9.45-8 [7472 kB]
2026-10-09T04:09:52.9891956Z Get:7 http://azure.archive.ubuntu.com/ubuntu noble-updates/main amd64 libfreetype6 amd64 2.13.2+dfsg-1ubuntu0.2 [403 kB]
2026-10-09T04:09:53.1022305Z Get:8 http://azure.archive.ubuntu.com/ubuntu noble/main amd64 xfonts-encodings all 1:1.0.5-0ubuntu2 [578 kB]
2026-10-09T04:09:53.2124694Z Get:9 http://azure.archive.ubuntu.com/ubuntu noble/main amd64 xfonts-utils amd64 1:7.7+6build3 [94.4 kB]
2026-10-09T04:09:53.3142634Z Get:10 http://azure.archive.ubuntu.com/ubuntu noble/universe amd64 xfonts-cyrillic all 1:1.0.5+nmu1 [384 kB]
2026-10-09T04:09:53.4191126Z Get:11 http://azure.archive.ubuntu.com/ubuntu noble/main amd64 xfonts-scalable all 1:1.0.3-1.3 [304 kB]
2026-10-09T04:09:53.6881587Z Fetched 21.5 MB in 2s (12.8 MB/s)
2026-10-09T04:09:53.7120214Z Selecting previously unselected package fonts-ipafont-gothic.
2026-10-09T04:09:53.7482124Z (Reading database ... 
2026-10-09T04:09:53.7482561Z (Reading database ... 5%
2026-10-09T04:09:53.7482892Z (Reading database ... 10%
2026-10-09T04:09:53.7483517Z (Reading database ... 15%
2026-10-09T04:09:53.7483831Z (Reading database ... 20%
2026-10-09T04:09:53.7484160Z (Reading database ... 25%
2026-10-09T04:09:53.7484459Z (Reading database ... 30%
2026-10-09T04:09:53.7484756Z (Reading database ... 35%
2026-10-09T04:09:53.7485053Z (Reading database ... 40%
2026-10-09T04:09:53.7485360Z (Reading database ... 45%
2026-10-09T04:09:53.7485655Z (Reading database ... 50%
2026-10-09T04:09:53.7542963Z (Reading database ... 55%
2026-10-09T04:09:53.8611559Z (Reading database ... 60%
2026-10-09T04:09:54.1050489Z (Reading database ... 65%
2026-10-09T04:09:54.2562542Z (Reading database ... 70%
2026-10-09T04:09:54.4568361Z (Reading database ... 75%
2026-10-09T04:09:54.6002112Z (Reading database ... 80%
2026-10-09T04:09:54.7501661Z (Reading database ... 85%
2026-10-09T04:09:54.8677753Z (Reading database ... 90%
2026-10-09T04:09:55.0206329Z (Reading database ... 95%
2026-10-09T04:09:55.0206881Z (Reading database ... 100%
2026-10-09T04:09:55.0207644Z (Reading database ... 203191 files and directories currently installed.)
2026-10-09T04:09:55.0252291Z Preparing to unpack .../0-fonts-ipafont-gothic_00303-21ubuntu1_all.deb ...
2026-10-09T04:09:55.0345443Z Unpacking fonts-ipafont-gothic (00303-21ubuntu1) ...
2026-10-09T04:09:55.2738499Z Selecting previously unselected package fonts-freefont-ttf.
2026-10-09T04:09:55.2864564Z Preparing to unpack .../1-fonts-freefont-ttf_20211204+svn4273-2_all.deb ...
2026-10-09T04:09:55.2873629Z Unpacking fonts-freefont-ttf (20211204+svn4273-2) ...
2026-10-09T04:09:55.3707279Z Selecting previously unselected package fonts-tlwg-loma-otf.
2026-10-09T04:09:55.3836630Z Preparing to unpack .../2-fonts-tlwg-loma-otf_1%3a0.7.3-1_all.deb ...
2026-10-09T04:09:55.3846047Z Unpacking fonts-tlwg-loma-otf (1:0.7.3-1) ...
2026-10-09T04:09:55.4059288Z Selecting previously unselected package fonts-unifont.
2026-10-09T04:09:55.4185088Z Preparing to unpack .../3-fonts-unifont_1%3a15.1.01-1build1_all.deb ...
2026-10-09T04:09:55.4193590Z Unpacking fonts-unifont (1:15.1.01-1build1) ...
2026-10-09T04:09:55.5229432Z Selecting previously unselected package fonts-wqy-zenhei.
2026-10-09T04:09:55.5356349Z Preparing to unpack .../4-fonts-wqy-zenhei_0.9.45-8_all.deb ...
2026-10-09T04:09:55.5461314Z Unpacking fonts-wqy-zenhei (0.9.45-8) ...
2026-10-09T04:09:56.0330822Z Preparing to unpack .../5-libfreetype6_2.13.2+dfsg-1ubuntu0.2_amd64.deb ...
2026-10-09T04:09:56.0367881Z Unpacking libfreetype6:amd64 (2.13.2+dfsg-1ubuntu0.2) over (2.13.2+dfsg-1ubuntu0.1) ...
2026-10-09T04:09:56.0645226Z Selecting previously unselected package xfonts-encodings.
2026-10-09T04:09:56.0777443Z Preparing to unpack .../6-xfonts-encodings_1%3a1.0.5-0ubuntu2_all.deb ...
2026-10-09T04:09:56.0785947Z Unpacking xfonts-encodings (1:1.0.5-0ubuntu2) ...
2026-10-09T04:09:56.1080916Z Selecting previously unselected package xfonts-utils.
2026-10-09T04:09:56.1208465Z Preparing to unpack .../7-xfonts-utils_1%3a7.7+6build3_amd64.deb ...
2026-10-09T04:09:56.1216221Z Unpacking xfonts-utils (1:7.7+6build3) ...
2026-10-09T04:09:56.1632476Z Selecting previously unselected package xfonts-cyrillic.
2026-10-09T04:09:56.1759534Z Preparing to unpack .../8-xfonts-cyrillic_1%3a1.0.5+nmu1_all.deb ...
2026-10-09T04:09:56.1767660Z Unpacking xfonts-cyrillic (1:1.0.5+nmu1) ...
2026-10-09T04:09:56.2118180Z Selecting previously unselected package xfonts-scalable.
2026-10-09T04:09:56.2245048Z Preparing to unpack .../9-xfonts-scalable_1%3a1.0.3-1.3_all.deb ...
2026-10-09T04:09:56.2252455Z Unpacking xfonts-scalable (1:1.0.3-1.3) ...
2026-10-09T04:09:56.2695269Z Setting up fonts-wqy-zenhei (0.9.45-8) ...
2026-10-09T04:09:56.2809690Z Setting up fonts-freefont-ttf (20211204+svn4273-2) ...
2026-10-09T04:09:56.2830410Z Setting up fonts-tlwg-loma-otf (1:0.7.3-1) ...
2026-10-09T04:09:56.2847373Z Setting up libfreetype6:amd64 (2.13.2+dfsg-1ubuntu0.2) ...
2026-10-09T04:09:56.2866936Z Setting up xfonts-encodings (1:1.0.5-0ubuntu2) ...
2026-10-09T04:09:56.2882791Z Setting up fonts-ipafont-gothic (00303-21ubuntu1) ...
2026-10-09T04:09:56.2950785Z update-alternatives: using /usr/share/fonts/opentype/ipafont-gothic/ipag.ttf to provide /usr/share/fonts/truetype/fonts-japanese-gothic.ttf (fonts-japanese-gothic.ttf) in auto mode
2026-10-09T04:09:56.2969753Z Setting up fonts-unifont (1:15.1.01-1build1) ...
2026-10-09T04:09:56.2989055Z Setting up xfonts-utils (1:7.7+6build3) ...
2026-10-09T04:09:56.3030372Z Setting up xfonts-cyrillic (1:1.0.5+nmu1) ...
2026-10-09T04:09:56.3321240Z Setting up xfonts-scalable (1:1.0.3-1.3) ...
2026-10-09T04:09:56.3594350Z Processing triggers for libc-bin (2.39-0ubuntu8.9) ...
2026-10-09T04:09:56.3954194Z Processing triggers for man-db (2.12.0-4build2) ...
2026-10-09T04:09:56.3975937Z Not building database; man-db/auto-update is not 'true'.
2026-10-09T04:09:56.3989433Z Processing triggers for fontconfig (2.15.0-1.1ubuntu2) ...
2026-10-09T04:09:57.1420293Z 
2026-10-09T04:09:57.1421214Z Running kernel seems to be up-to-date.
2026-10-09T04:09:57.1421593Z 
2026-10-09T04:09:57.1421773Z Restarting services...
2026-10-09T04:09:57.1514228Z  systemctl restart php8.3-fpm.service
2026-10-09T04:09:57.2517597Z 
2026-10-09T04:09:57.2518995Z No containers need to be restarted.
2026-10-09T04:09:57.2519429Z 
2026-10-09T04:09:57.2519896Z No user sessions are running outdated binaries.
2026-10-09T04:09:57.2520359Z 
2026-10-09T04:09:57.2521010Z No VM guests are running outdated hypervisor (qemu) binaries on this host.
2026-10-09T04:09:58.2760687Z Downloading Chromium 141.0.7390.37 (playwright build v1194) from https://cdn.playwright.dev/dbazure/download/playwright/builds/chromium/1194/chromium-linux.zip
2026-10-09T04:09:58.4491018Z |                                                                                |   0% of 173.9 MiB
2026-10-09T04:09:58.5896865Z |■■■■■■■■                                                                        |  10% of 173.9 MiB
2026-10-09T04:09:58.6750322Z |■■■■■■■■■■■■■■■■                                                                |  20% of 173.9 MiB
2026-10-09T04:09:58.7542510Z |■■■■■■■■■■■■■■■■■■■■■■■■                                                        |  30% of 173.9 MiB
2026-10-09T04:09:58.8206769Z |■■■■■■■■■■■■■■■■■■■■■■■■■■■■■■■■                                                |  40% of 173.9 MiB
2026-10-09T04:09:58.8857703Z |■■■■■■■■■■■■■■■■■■■■■■■■■■■■■■■■■■■■■■■■                                        |  50% of 173.9 MiB
2026-10-09T04:09:58.9455456Z |■■■■■■■■■■■■■■■■■■■■■■■■■■■■■■■■■■■■■■■■■■■■■■■■                                |  60% of 173.9 MiB
2026-10-09T04:09:59.0052655Z |■■■■■■■■■■■■■■■■■■■■■■■■■■■■■■■■■■■■■■■■■■■■■■■■■■■■■■■■                        |  70% of 173.9 MiB
2026-10-09T04:09:59.0639765Z |■■■■■■■■■■■■■■■■■■■■■■■■■■■■■■■■■■■■■■■■■■■■■■■■■■■■■■■■■■■■■■■■                |  80% of 173.9 MiB
2026-10-09T04:09:59.1271788Z |■■■■■■■■■■■■■■■■■■■■■■■■■■■■■■■■■■■■■■■■■■■■■■■■■■■■■■■■■■■■■■■■■■■■■■■■        |  90% of 173.9 MiB
2026-10-09T04:09:59.1845507Z |■■■■■■■■■■■■■■■■■■■■■■■■■■■■■■■■■■■■■■■■■■■■■■■■■■■■■■■■■■■■■■■■■■■■■■■■■■■■■■■■| 100% of 173.9 MiB
2026-10-09T04:10:02.9330526Z Chromium 141.0.7390.37 (playwright build v1194) downloaded to /home/runner/.cache/ms-playwright/chromium-1194
2026-10-09T04:10:02.9344919Z Downloading FFMPEG playwright build v1011 from https://cdn.playwright.dev/dbazure/download/playwright/builds/ffmpeg/1011/ffmpeg-linux.zip
2026-10-09T04:10:03.1010881Z |                                                                                |   0% of 2.3 MiB
2026-10-09T04:10:03.1152793Z |■■■■■■■■                                                                        |  10% of 2.3 MiB
2026-10-09T04:10:03.1214461Z |■■■■■■■■■■■■■■■■                                                                |  20% of 2.3 MiB
2026-10-09T04:10:03.1267405Z |■■■■■■■■■■■■■■■■■■■■■■■■                                                        |  30% of 2.3 MiB
2026-10-09T04:10:03.1304589Z |■■■■■■■■■■■■■■■■■■■■■■■■■■■■■■■■                                                |  40% of 2.3 MiB
2026-10-09T04:10:03.1327159Z |■■■■■■■■■■■■■■■■■■■■■■■■■■■■■■■■■■■■■■■■                                        |  50% of 2.3 MiB
2026-10-09T04:10:03.1369052Z |■■■■■■■■■■■■■■■■■■■■■■■■■■■■■■■■■■■■■■■■■■■■■■■■                                |  60% of 2.3 MiB
2026-10-09T04:10:03.1390694Z |■■■■■■■■■■■■■■■■■■■■■■■■■■■■■■■■■■■■■■■■■■■■■■■■■■■■■■■■                        |  70% of 2.3 MiB
2026-10-09T04:10:03.1414922Z |■■■■■■■■■■■■■■■■■■■■■■■■■■■■■■■■■■■■■■■■■■■■■■■■■■■■■■■■■■■■■■■■                |  80% of 2.3 MiB
2026-10-09T04:10:03.1437011Z |■■■■■■■■■■■■■■■■■■■■■■■■■■■■■■■■■■■■■■■■■■■■■■■■■■■■■■■■■■■■■■■■■■■■■■■■        |  90% of 2.3 MiB
2026-10-09T04:10:03.1453697Z |■■■■■■■■■■■■■■■■■■■■■■■■■■■■■■■■■■■■■■■■■■■■■■■■■■■■■■■■■■■■■■■■■■■■■■■■■■■■■■■■| 100% of 2.3 MiB
2026-10-09T04:10:03.2110061Z FFMPEG playwright build v1011 downloaded to /home/runner/.cache/ms-playwright/ffmpeg-1011
2026-10-09T04:10:03.2115029Z Downloading Chromium Headless Shell 141.0.7390.37 (playwright build v1194) from https://cdn.playwright.dev/dbazure/download/playwright/builds/chromium/1194/chromium-headless-shell-linux.zip
2026-10-09T04:10:03.3764162Z |                                                                                |   0% of 104.3 MiB
2026-10-09T04:10:03.4921343Z |■■■■■■■■                                                                        |  10% of 104.3 MiB
2026-10-09T04:10:03.5580618Z |■■■■■■■■■■■■■■■■                                                                |  20% of 104.3 MiB
2026-10-09T04:10:03.6188875Z |■■■■■■■■■■■■■■■■■■■■■■■■                                                        |  30% of 104.3 MiB
2026-10-09T04:10:03.6717772Z |■■■■■■■■■■■■■■■■■■■■■■■■■■■■■■■■                                                |  40% of 104.3 MiB
2026-10-09T04:10:03.7262898Z |■■■■■■■■■■■■■■■■■■■■■■■■■■■■■■■■■■■■■■■■                                        |  50% of 104.3 MiB
2026-10-09T04:10:03.7687408Z |■■■■■■■■■■■■■■■■■■■■■■■■■■■■■■■■■■■■■■■■■■■■■■■■                                |  60% of 104.3 MiB
2026-10-09T04:10:03.8102346Z |■■■■■■■■■■■■■■■■■■■■■■■■■■■■■■■■■■■■■■■■■■■■■■■■■■■■■■■■                        |  70% of 104.3 MiB
2026-10-09T04:10:03.8575352Z |■■■■■■■■■■■■■■■■■■■■■■■■■■■■■■■■■■■■■■■■■■■■■■■■■■■■■■■■■■■■■■■■                |  80% of 104.3 MiB
2026-10-09T04:10:03.9002738Z |■■■■■■■■■■■■■■■■■■■■■■■■■■■■■■■■■■■■■■■■■■■■■■■■■■■■■■■■■■■■■■■■■■■■■■■■        |  90% of 104.3 MiB
2026-10-09T04:10:03.9454785Z |■■■■■■■■■■■■■■■■■■■■■■■■■■■■■■■■■■■■■■■■■■■■■■■■■■■■■■■■■■■■■■■■■■■■■■■■■■■■■■■■| 100% of 104.3 MiB
2026-10-09T04:10:06.0979502Z Chromium Headless Shell 141.0.7390.37 (playwright build v1194) downloaded to /home/runner/.cache/ms-playwright/chromium_headless_shell-1194
2026-10-09T04:10:06.2157064Z ##[group]Run npm test
2026-10-09T04:10:06.2157360Z [36;1mnpm test[0m
2026-10-09T04:10:06.2222396Z shell: /usr/bin/bash -e {0}
2026-10-09T04:10:06.2222676Z ##[endgroup]
2026-10-09T04:10:06.3284799Z 
2026-10-09T04:10:06.3285715Z > partybox-g02-gin-rummy@1.2.1 test
2026-10-09T04:10:06.3288094Z > npm run build && node --test tests/*.test.mjs && node scripts/league.mjs && node scripts/mutations.mjs && node scripts/browser-check.mjs && node scripts/capture.mjs ci-current --public-history --ci-output && node scripts/integrity.mjs
2026-10-09T04:10:06.3289913Z 
2026-10-09T04:10:06.4246354Z 
2026-10-09T04:10:06.4247223Z > partybox-g02-gin-rummy@1.2.1 build
2026-10-09T04:10:06.4248401Z > tsc --noEmit && node scripts/build.mjs
2026-10-09T04:10:06.4248935Z 
2026-10-09T04:10:08.5114389Z TAP version 13
2026-10-09T04:10:08.6751977Z # {"suite":"all-phases","phases":6,"cases":408}
2026-10-09T04:10:08.6854566Z # Subtest: every event family, roster id and bot skill in every delivered phase
2026-10-09T04:10:08.6874372Z ok 1 - every event family, roster id and bot skill in every delivered phase
2026-10-09T04:10:08.6894154Z   ---
2026-10-09T04:10:08.6920249Z   duration_ms: 50.578575
2026-10-09T04:10:08.6921195Z   type: 'test'
2026-10-09T04:10:08.6921779Z   ...
2026-10-09T04:10:08.6922833Z # Subtest: registered prototype-looking ids remain valid players and finite result keys
2026-10-09T04:10:08.6924722Z ok 2 - registered prototype-looking ids remain valid players and finite result keys
2026-10-09T04:10:08.6925683Z   ---
2026-10-09T04:10:08.6926234Z   duration_ms: 2.539461
2026-10-09T04:10:08.6927390Z   type: 'test'
2026-10-09T04:10:08.6927952Z   ...
2026-10-09T04:10:13.3468767Z # {"suite":"batch-discard-proof","hands":1000,"outcomes":10500,"exactLayouts":true}
2026-10-09T04:10:13.3510692Z # Subtest: 10500 batch outcomes retain exact standalone layouts and independent minima
2026-10-09T04:10:13.3517095Z ok 3 - 10500 batch outcomes retain exact standalone layouts and independent minima
2026-10-09T04:10:13.3518312Z   ---
2026-10-09T04:10:13.3518916Z   duration_ms: 4708.387634
2026-10-09T04:10:13.3577053Z   type: 'test'
2026-10-09T04:10:13.3577895Z   ...
2026-10-09T04:10:20.3514126Z # {"suite":"boundary-fuzz","seed":912701,"invalidInputs":1000,"phases":6,"rejectedInputs":6000,"metadataChecks":282,"viewChecks":66}
2026-10-09T04:10:20.3525175Z # Subtest: 1000 seeded invalid JSON inputs and malformed event/identity metadata in every phase
2026-10-09T04:10:20.3526896Z ok 4 - 1000 seeded invalid JSON inputs and malformed event/identity metadata in every phase
2026-10-09T04:10:20.3528066Z   ---
2026-10-09T04:10:20.3528833Z   duration_ms: 57.283168
2026-10-09T04:10:20.3529533Z   type: 'test'
2026-10-09T04:10:20.3530420Z   ...
2026-10-09T04:10:20.3532256Z # {"suite":"mixed-event-replay","phaseStarts":6,"seedsPerPhase":100,"transitions":48000,"changed":12742,"eventFamilies":["input","player","speech","speechStart","timer","vip"]}
2026-10-09T04:10:20.3535084Z # Subtest: mixed event families replay through JSON after every transition from every phase
2026-10-09T04:10:20.3551678Z ok 5 - mixed event families replay through JSON after every transition from every phase
2026-10-09T04:10:20.3552749Z   ---
2026-10-09T04:10:20.3553622Z   duration_ms: 11692.237777
2026-10-09T04:10:20.3554316Z   type: 'test'
2026-10-09T04:10:20.3554885Z   ...
2026-10-09T04:10:20.3695526Z # Subtest: branching target ends retain exact minima, legal chains, layouts and all cards
2026-10-09T04:10:20.3724514Z ok 6 - branching target ends retain exact minima, legal chains, layouts and all cards
2026-10-09T04:10:20.3725947Z   ---
2026-10-09T04:10:20.3734260Z   duration_ms: 35.145582
2026-10-09T04:10:20.3734966Z   type: 'test'
2026-10-09T04:10:20.3735496Z   ...
2026-10-09T04:10:20.3736537Z # Subtest: current source-bound raw proof passes without discarding its largest interval
2026-10-09T04:10:20.3738046Z ok 7 - current source-bound raw proof passes without discarding its largest interval
2026-10-09T04:10:20.3739044Z   ---
2026-10-09T04:10:20.3740117Z   duration_ms: 3.488766
2026-10-09T04:10:20.3740741Z   type: 'test'
2026-10-09T04:10:20.3741285Z   ...
2026-10-09T04:10:20.3742263Z # Subtest: a refreshed inventory cannot accept stale browser or recording source hashes
2026-10-09T04:10:20.3743918Z ok 8 - a refreshed inventory cannot accept stale browser or recording source hashes
2026-10-09T04:10:20.3744988Z   ---
2026-10-09T04:10:20.3745557Z   duration_ms: 16.390073
2026-10-09T04:10:20.3746164Z   type: 'test'
2026-10-09T04:10:20.3746709Z   ...
2026-10-09T04:10:20.3747549Z # Subtest: changed end guards and failed snapshots are rejected
2026-10-09T04:10:20.3748844Z ok 9 - changed end guards and failed snapshots are rejected
2026-10-09T04:10:20.3749588Z   ---
2026-10-09T04:10:20.3750126Z   duration_ms: 12.583608
2026-10-09T04:10:20.3750703Z   type: 'test'
2026-10-09T04:10:20.3751197Z   ...
2026-10-09T04:10:20.3752232Z # Subtest: missing, altered and invalid raw intervals cannot be hidden by good summary fields
2026-10-09T04:10:20.3754843Z ok 10 - missing, altered and invalid raw intervals cannot be hidden by good summary fields
2026-10-09T04:10:20.3755864Z   ---
2026-10-09T04:10:20.3756408Z   duration_ms: 13.535386
2026-10-09T04:10:20.3756973Z   type: 'test'
2026-10-09T04:10:20.3757506Z   ...
2026-10-09T04:10:20.3758406Z # Subtest: reported statistics are recomputed from all retained intervals
2026-10-09T04:10:20.3759696Z ok 11 - reported statistics are recomputed from all retained intervals
2026-10-09T04:10:20.3760539Z   ---
2026-10-09T04:10:20.3761078Z   duration_ms: 19.396598
2026-10-09T04:10:20.3761654Z   type: 'test'
2026-10-09T04:10:20.3762153Z   ...
2026-10-09T04:10:20.3763747Z # Subtest: an honestly recomputed slow raw sample still fails the original frame gate
2026-10-09T04:10:20.3794431Z ok 12 - an honestly recomputed slow raw sample still fails the original frame gate
2026-10-09T04:10:20.3813989Z   ---
2026-10-09T04:10:20.3814740Z   duration_ms: 4.777661
2026-10-09T04:10:20.3815370Z   type: 'test'
2026-10-09T04:10:20.3815976Z   ...
2026-10-09T04:10:20.3817086Z # Subtest: profile dimensions, CPU rates and encoder separation must remain truthful
2026-10-09T04:10:20.3818575Z ok 13 - profile dimensions, CPU rates and encoder separation must remain truthful
2026-10-09T04:10:20.3819541Z   ---
2026-10-09T04:10:20.3820145Z   duration_ms: 12.283639
2026-10-09T04:10:20.3820737Z   type: 'test'
2026-10-09T04:10:20.3821336Z   ...
2026-10-09T04:10:20.3822291Z # Subtest: changed, oversized and falsely labeled recordings are rejected
2026-10-09T04:10:20.3823819Z ok 14 - changed, oversized and falsely labeled recordings are rejected
2026-10-09T04:10:20.3824741Z   ---
2026-10-09T04:10:20.3825378Z   duration_ms: 26.026224
2026-10-09T04:10:20.3826048Z   type: 'test'
2026-10-09T04:10:20.3826586Z   ...
2026-10-09T04:10:20.3827820Z # Subtest: actual capture CLI refuses invalid tags and existing media/report before any browser launch
2026-10-09T04:10:20.3829526Z ok 15 - actual capture CLI refuses invalid tags and existing media/report before any browser launch
2026-10-09T04:10:20.3830631Z   ---
2026-10-09T04:10:20.3831248Z   duration_ms: 703.218471
2026-10-09T04:10:20.3831899Z   type: 'test'
2026-10-09T04:10:20.3832449Z   ...
2026-10-09T04:10:20.3833895Z # Subtest: meld validation rejects impossible card IDs while preserving legitimate edge runs/sets
2026-10-09T04:10:20.3835767Z ok 16 - meld validation rejects impossible card IDs while preserving legitimate edge runs/sets
2026-10-09T04:10:20.3836818Z   ---
2026-10-09T04:10:20.3837434Z   duration_ms: 1.122936
2026-10-09T04:10:20.3838056Z   type: 'test'
2026-10-09T04:10:20.3838602Z   ...
2026-10-09T04:10:42.7291616Z # {"suite":"bot-contract","variant":"standard","players":2,"games":1000,"replays":1000,"totalEvents":261076,"maxEvents":612,"replayChecks":261076,"comparison":"every-event SHA256 and bytes; JSON-roundtrip replay"}
2026-10-09T04:11:13.6552593Z # {"suite":"bot-contract","variant":"standard","players":3,"games":1000,"replays":1000,"totalEvents":286054,"maxEvents":775,"replayChecks":286054,"comparison":"every-event SHA256 and bytes; JSON-roundtrip replay"}
2026-10-09T04:11:51.0956939Z # {"suite":"bot-contract","variant":"standard","players":4,"games":1000,"replays":1000,"totalEvents":343986,"maxEvents":825,"replayChecks":343986,"comparison":"every-event SHA256 and bytes; JSON-roundtrip replay"}
2026-10-09T04:12:18.9057273Z # {"suite":"bot-contract","variant":"oklahoma","players":2,"games":1000,"replays":1000,"totalEvents":256417,"maxEvents":755,"replayChecks":256417,"comparison":"every-event SHA256 and bytes; JSON-roundtrip replay"}
2026-10-09T04:12:49.3785336Z # {"suite":"bot-contract","variant":"oklahoma","players":3,"games":1000,"replays":1000,"totalEvents":269238,"maxEvents":812,"replayChecks":269238,"comparison":"every-event SHA256 and bytes; JSON-roundtrip replay"}
2026-10-09T04:13:25.9418309Z # {"suite":"bot-contract","variant":"oklahoma","players":4,"games":1000,"replays":1000,"totalEvents":316463,"maxEvents":929,"replayChecks":316463,"comparison":"every-event SHA256 and bytes; JSON-roundtrip replay"}
2026-10-09T04:13:38.7824757Z # {"suite":"properties","seeds":1003,"events":420546}
2026-10-09T04:13:42.1851478Z # {"suite":"secrecy","comparisons":7925}
2026-10-09T04:13:42.2108010Z # Subtest: 1000 finished seeded bot games at EACH valid count/edition, hash replay after EVERY event
2026-10-09T04:13:42.2109760Z ok 17 - 1000 finished seeded bot games at EACH valid count/edition, hash replay after EVERY event
2026-10-09T04:13:42.2111090Z   ---
2026-10-09T04:13:42.2111741Z   duration_ms: 195884.319821
2026-10-09T04:13:42.2112188Z   type: 'test'
2026-10-09T04:13:42.2112533Z   ...
2026-10-09T04:13:42.2119656Z # Subtest: property seeds 1,2,3 plus 1000 random seeds: adversarial event sequences and immutability
2026-10-09T04:13:42.2124264Z ok 18 - property seeds 1,2,3 plus 1000 random seeds: adversarial event sequences and immutability
2026-10-09T04:13:42.2125013Z   ---
2026-10-09T04:13:42.2125239Z   duration_ms: 12839.56998
2026-10-09T04:13:42.2125666Z   type: 'test'
2026-10-09T04:13:42.2126021Z   ...
2026-10-09T04:13:42.2136685Z # Subtest: hidden-card/order perturbations never change TV, another controller or bot decisions
2026-10-09T04:13:42.2176761Z ok 19 - hidden-card/order perturbations never change TV, another controller or bot decisions
2026-10-09T04:13:42.2177270Z   ---
2026-10-09T04:13:42.2177502Z   duration_ms: 3402.674153
2026-10-09T04:13:42.2177759Z   type: 'test'
2026-10-09T04:13:42.2177971Z   ...
2026-10-09T04:13:42.2178444Z # Subtest: idle/no-clock matches remain until explicit end, every phase can exit via VIP
2026-10-09T04:13:42.2179144Z ok 20 - idle/no-clock matches remain until explicit end, every phase can exit via VIP
2026-10-09T04:13:42.2179585Z   ---
2026-10-09T04:13:42.2179790Z   duration_ms: 22.455147
2026-10-09T04:13:42.2180026Z   type: 'test'
2026-10-09T04:13:42.2180225Z   ...
2026-10-09T04:13:42.2378254Z # {"suite":"departures","initialCases":1000,"completeMatches":120,"events":17184,"maxAutomatedTransitions":75}
2026-10-09T04:13:42.2379347Z # Subtest: departures in every live phase finish the absent turn without exposing its hand
2026-10-09T04:13:42.2380198Z ok 21 - departures in every live phase finish the absent turn without exposing its hand
2026-10-09T04:13:42.2380756Z   ---
2026-10-09T04:13:42.2381073Z   duration_ms: 25.092583
2026-10-09T04:13:42.2381326Z   type: 'test'
2026-10-09T04:13:42.2381537Z   ...
2026-10-09T04:13:42.2382147Z # Subtest: 1000 departure/drop cases and 120 full matches never leave an absent seat blocking play
2026-10-09T04:13:42.2383358Z ok 22 - 1000 departure/drop cases and 120 full matches never leave an absent seat blocking play
2026-10-09T04:13:42.2383994Z   ---
2026-10-09T04:13:42.2384223Z   duration_ms: 4621.010596
2026-10-09T04:13:42.2384466Z   type: 'test'
2026-10-09T04:13:42.2384673Z   ...
2026-10-09T04:13:42.2385360Z # Subtest: empty rooms pause, reconnect resumes only an automatic pause, and permanent leaves cannot rejoin
2026-10-09T04:13:42.2386554Z ok 23 - empty rooms pause, reconnect resumes only an automatic pause, and permanent leaves cannot rejoin
2026-10-09T04:13:42.2387170Z   ---
2026-10-09T04:13:42.2388176Z   duration_ms: 1.086727
2026-10-09T04:13:42.2388534Z   type: 'test'
2026-10-09T04:13:42.2388748Z   ...
2026-10-09T04:13:42.2389431Z # Subtest: departures during VIP pause drain only on resume; malformed control events do nothing
2026-10-09T04:13:42.2390247Z ok 24 - departures during VIP pause drain only on resume; malformed control events do nothing
2026-10-09T04:13:42.2390707Z   ---
2026-10-09T04:13:42.2390911Z   duration_ms: 0.476429
2026-10-09T04:13:42.2391265Z   type: 'test'
2026-10-09T04:13:42.2391472Z   ...
2026-10-09T04:13:42.2392153Z # {"suite":"deadwood-proof","hands":10000,"tenCard":5000,"elevenCard":5000,"seed":20261008,"checksum":584788}
2026-10-09T04:13:42.2393241Z # Subtest: independent exhaustive meld-subset packing proves 10000 exact minima
2026-10-09T04:13:42.2393981Z ok 25 - independent exhaustive meld-subset packing proves 10000 exact minima
2026-10-09T04:13:42.2394522Z   ---
2026-10-09T04:13:42.2394860Z   duration_ms: 8581.139986
2026-10-09T04:13:42.2395121Z   type: 'test'
2026-10-09T04:13:42.2395322Z   ...
2026-10-09T04:13:42.2395999Z # Subtest: actual Big Gin reducer keeps eleven cards, rejects disabled/incomplete claims and prevents layoffs
2026-10-09T04:13:42.2397050Z ok 26 - actual Big Gin reducer keeps eleven cards, rejects disabled/incomplete claims and prevents layoffs
2026-10-09T04:13:42.2397635Z   ---
2026-10-09T04:13:42.2397841Z   duration_ms: 12.164092
2026-10-09T04:13:42.2398077Z   type: 'test'
2026-10-09T04:13:42.2398278Z   ...
2026-10-09T04:13:42.2398921Z # Subtest: actual Gin/normal knock phases, custom layout rejection, match completion and Oklahoma boxes
2026-10-09T04:13:42.2400158Z ok 27 - actual Gin/normal knock phases, custom layout rejection, match completion and Oklahoma boxes
2026-10-09T04:13:42.2400738Z   ---
2026-10-09T04:13:42.2400937Z   duration_ms: 6.542595
2026-10-09T04:13:42.2401164Z   type: 'test'
2026-10-09T04:13:42.2401363Z   ...
2026-10-09T04:13:42.2401864Z # Subtest: winner-stays queue for every rotation size, drawn hand retains seats, each dealer setting
2026-10-09T04:13:42.2402744Z ok 28 - winner-stays queue for every rotation size, drawn hand retains seats, each dealer setting
2026-10-09T04:13:42.2403683Z   ---
2026-10-09T04:13:42.2404126Z   duration_ms: 3.016848
2026-10-09T04:13:42.2404507Z   type: 'test'
2026-10-09T04:13:42.2404820Z   ...
2026-10-09T04:13:42.2406697Z # {"frameWindow":"READY","profile":"desktop","sourceSha256":"aaaaaaaaaaaaaaaaaaaaaaaaaaaaaaaaaaaaaaaaaaaaaaaaaaaaaaaaaaaaaaaa","attemptNonce":"9a1d45c1-8b5b-4b70-bdd9-197c376f8d98","utc":"2026-10-09T04:10:20.615Z"}
2026-10-09T04:13:42.2410007Z # {"frameWindow":"CLOSED","profile":"desktop","sourceSha256":"aaaaaaaaaaaaaaaaaaaaaaaaaaaaaaaaaaaaaaaaaaaaaaaaaaaaaaaaaaaaaaaa","attemptNonce":"9a1d45c1-8b5b-4b70-bdd9-197c376f8d98","coordination":"root-granted","readyUtc":"2026-10-09T04:10:20.615Z","grantUtc":"2026-10-09T04:10:21.717Z","status":"closed","utc":"2026-10-09T04:10:21.718Z"}
2026-10-09T04:13:42.2413958Z # {"frameWindow":"READY","profile":"desktop","sourceSha256":"aaaaaaaaaaaaaaaaaaaaaaaaaaaaaaaaaaaaaaaaaaaaaaaaaaaaaaaaaaaaaaaa","attemptNonce":"d7ec694c-a3c0-46fc-80db-5ebcfc878d06","utc":"2026-10-09T04:10:21.719Z"}
2026-10-09T04:13:42.2417080Z # {"frameWindow":"CLOSED","profile":"desktop","sourceSha256":"aaaaaaaaaaaaaaaaaaaaaaaaaaaaaaaaaaaaaaaaaaaaaaaaaaaaaaaaaaaaaaaa","attemptNonce":"d7ec694c-a3c0-46fc-80db-5ebcfc878d06","coordination":"root-granted","readyUtc":"2026-10-09T04:10:21.719Z","grantUtc":"2026-10-09T04:10:21.919Z","status":"closed","utc":"2026-10-09T04:10:21.920Z"}
2026-10-09T04:13:42.2418972Z # {"actualGrantCorruptionControls":10,"sequentialAttempts":2}
2026-10-09T04:13:42.2420775Z # {"frameWindow":"READY","profile":"desktop","sourceSha256":"aaaaaaaaaaaaaaaaaaaaaaaaaaaaaaaaaaaaaaaaaaaaaaaaaaaaaaaaaaaaaaaa","attemptNonce":"10da199e-7945-4bdf-ad2d-c1be11aaaf68","utc":"2026-10-09T04:10:21.923Z"}
2026-10-09T04:13:42.2422107Z # Subtest: actual temporary grants reject stale nonce/source/profile and malformed or extra fields
2026-10-09T04:13:42.2423288Z ok 29 - actual temporary grants reject stale nonce/source/profile and malformed or extra fields
2026-10-09T04:13:42.2423920Z   ---
2026-10-09T04:13:42.2424209Z   duration_ms: 1308.84772
2026-10-09T04:13:42.2424492Z   type: 'test'
2026-10-09T04:13:42.2424694Z   ...
2026-10-09T04:13:42.2426470Z # {"frameWindow":"CLOSED","profile":"desktop","sourceSha256":"aaaaaaaaaaaaaaaaaaaaaaaaaaaaaaaaaaaaaaaaaaaaaaaaaaaaaaaaaaaaaaaa","attemptNonce":"10da199e-7945-4bdf-ad2d-c1be11aaaf68","coordination":"root-granted","readyUtc":"2026-10-09T04:10:21.923Z","grantUtc":null,"status":"failed","reason":"matching grant timed out","utc":"2026-10-09T04:10:22.024Z"}
2026-10-09T04:13:42.2428582Z # Subtest: actual missing grant fails and writes CLOSED; no configured barrier returns an explicit uncoordinated identity
2026-10-09T04:13:42.2429745Z ok 30 - actual missing grant fails and writes CLOSED; no configured barrier returns an explicit uncoordinated identity
2026-10-09T04:13:42.2430354Z   ---
2026-10-09T04:13:42.2430602Z   duration_ms: 102.886297
2026-10-09T04:13:42.2430910Z   type: 'test'
2026-10-09T04:13:42.2431158Z   ...
2026-10-09T04:13:42.2431541Z # {"suite":"strong-guaranteed-gin","cases":72,"knownClassicPoints":22}
2026-10-09T04:13:42.2432692Z # {"suite":"gin-actual-score-dominance","defenders":1000,"ordinaryComparisons":6904,"minGain":21,"sha256":"d57bb9977c2b677288f79cc4dae664d82a2d9bf8316ccc658f30362fdc3130d5"}
2026-10-09T04:13:42.2434288Z # {"suite":"gin-policy-boundaries","forbiddenCases":52,"bigGinCases":12}
2026-10-09T04:13:42.2435244Z # Subtest: Strong takes guaranteed Gin despite public discard danger in every edition/profile/rotation
2026-10-09T04:13:42.2436464Z ok 31 - Strong takes guaranteed Gin despite public discard danger in every edition/profile/rotation
2026-10-09T04:13:42.2437032Z   ---
2026-10-09T04:13:42.2437246Z   duration_ms: 100.096048
2026-10-09T04:13:42.2437536Z   type: 'test'
2026-10-09T04:13:42.2437792Z   ...
2026-10-09T04:13:42.2438435Z # Subtest: actual Gin scoring dominates every legal ordinary knock against 1000 disjoint hidden defenders
2026-10-09T04:13:42.2439358Z ok 32 - actual Gin scoring dominates every legal ordinary knock against 1000 disjoint hidden defenders
2026-10-09T04:13:42.2439943Z   ---
2026-10-09T04:13:42.2440149Z   duration_ms: 1916.45669
2026-10-09T04:13:42.2440492Z   type: 'test'
2026-10-09T04:13:42.2440781Z   ...
2026-10-09T04:13:42.2441413Z # Subtest: Gin priority respects immediate-return prohibition and preserves the existing Big Gin branch
2026-10-09T04:13:42.2442392Z ok 33 - Gin priority respects immediate-return prohibition and preserves the existing Big Gin branch
2026-10-09T04:13:42.2442997Z   ---
2026-10-09T04:13:42.2443470Z   duration_ms: 15.177033
2026-10-09T04:13:42.2443715Z   type: 'test'
2026-10-09T04:13:42.2443915Z   ...
2026-10-09T04:13:42.2444702Z # {"suite":"non-gin-policy-byte-equivalence","states":10000,"decisions":30000,"baselineHead":"72d0f3f4ad4f6b70a8ac6b0ed81121300aa54c1f"}
2026-10-09T04:13:42.2445758Z # Subtest: all 30000 non-Gin bot choices retain the accepted pre-repair behavior
2026-10-09T04:13:42.2446496Z ok 34 - all 30000 non-Gin bot choices retain the accepted pre-repair behavior
2026-10-09T04:13:42.2446973Z   ---
2026-10-09T04:13:42.2447272Z   duration_ms: 3328.1661
2026-10-09T04:13:42.2447531Z   type: 'test'
2026-10-09T04:13:42.2447741Z   ...
2026-10-09T04:13:42.2448809Z # {"suite":"initial-presence-exhaustive","cases":336,"connectionMasks":"all","counts":[2,3,4],"variants":["standard","oklahoma"],"clocks":[0,10]}
2026-10-09T04:13:42.2450025Z # {"suite":"initial-presence-seeded","cases":1000}
2026-10-09T04:13:42.2451001Z # Subtest: known initial presence is handled before either player needs to send an event
2026-10-09T04:13:42.2452152Z ok 35 - known initial presence is handled before either player needs to send an event
2026-10-09T04:13:42.2452841Z   ---
2026-10-09T04:13:42.2453457Z   duration_ms: 400.742104
2026-10-09T04:13:42.2453848Z   type: 'test'
2026-10-09T04:13:42.2454172Z   ...
2026-10-09T04:13:42.2455265Z # Subtest: 1000 seeded initial presence patterns are playable or paused without a duplicate drop event
2026-10-09T04:13:42.2456121Z ok 36 - 1000 seeded initial presence patterns are playable or paused without a duplicate drop event
2026-10-09T04:13:42.2456588Z   ---
2026-10-09T04:13:42.2456793Z   duration_ms: 534.922356
2026-10-09T04:13:42.2457035Z   type: 'test'
2026-10-09T04:13:42.2457241Z   ...
2026-10-09T04:13:42.2457887Z # {"suite":"connected-initialization-byte-equivalence","cases":6000,"baselineHead":"d5fbb39746f8f7900bee57506e8133e8675f48ed"}
2026-10-09T04:13:42.2458711Z # Subtest: all-connected opening states retain the exact 6000 pre-repair JSON states
2026-10-09T04:13:42.2459370Z ok 37 - all-connected opening states retain the exact 6000 pre-repair JSON states
2026-10-09T04:13:42.2459794Z   ---
2026-10-09T04:13:42.2460004Z   duration_ms: 192.749485
2026-10-09T04:13:42.2460244Z   type: 'test'
2026-10-09T04:13:42.2460451Z   ...
2026-10-09T04:13:42.2461099Z # {"suite":"joint-layoff-proof","hands":2000,"twoTarget":1000,"threeTarget":1000,"seed":816777,"checksum":102460,"actualLaidCards":1534}
2026-10-09T04:13:42.2461954Z # Subtest: 2000 independent joint meld/layoff weighted packings including chained extensions
2026-10-09T04:13:42.2462656Z ok 38 - 2000 independent joint meld/layoff weighted packings including chained extensions
2026-10-09T04:13:42.2463358Z   ---
2026-10-09T04:13:42.2463752Z   duration_ms: 5243.467917
2026-10-09T04:13:42.2464169Z   type: 'test'
2026-10-09T04:13:42.2464506Z   ...
2026-10-09T04:13:42.2465050Z # {"suite":"opening-pass-attribution","directPassCases":360,"editions":2,"counts":[2,3,4]}
2026-10-09T04:13:42.2465901Z # {"suite":"pass-valid-ids","cases":240,"ids":["","__proto__","constructor","last"]}
2026-10-09T04:13:42.2466775Z # {"suite":"automatic-pass-attribution","routes":["timer","vip","player"]}
2026-10-09T04:13:42.2467836Z # Subtest: both opening passes identify their actual actors across counts, editions and seeds
2026-10-09T04:13:42.2468558Z ok 39 - both opening passes identify their actual actors across counts, editions and seeds
2026-10-09T04:13:42.2468994Z   ---
2026-10-09T04:13:42.2469201Z   duration_ms: 131.140195
2026-10-09T04:13:42.2469440Z   type: 'test'
2026-10-09T04:13:42.2469639Z   ...
2026-10-09T04:13:42.2470081Z # Subtest: empty and prototype-shaped original IDs retain pass attribution as own keys
2026-10-09T04:13:42.2470747Z ok 40 - empty and prototype-shaped original IDs retain pass attribution as own keys
2026-10-09T04:13:42.2471153Z   ---
2026-10-09T04:13:42.2471369Z   duration_ms: 59.78148
2026-10-09T04:13:42.2471601Z   type: 'test'
2026-10-09T04:13:42.2471799Z   ...
2026-10-09T04:13:42.2472222Z # Subtest: timer, VIP skip and absent-seat automation identify the automatic passer
2026-10-09T04:13:42.2472850Z ok 41 - timer, VIP skip and absent-seat automation identify the automatic passer
2026-10-09T04:13:42.2473618Z   ---
2026-10-09T04:13:42.2473975Z   duration_ms: 2.479174
2026-10-09T04:13:42.2474304Z   type: 'test'
2026-10-09T04:13:42.2474680Z   ...
2026-10-09T04:13:42.2475200Z # Subtest: first raw target winner keeps the crown even when final box settlement reverses points
2026-10-09T04:13:42.2476272Z ok 42 - first raw target winner keeps the crown even when final box settlement reverses points
2026-10-09T04:13:42.2476875Z   ---
2026-10-09T04:13:42.2477080Z   duration_ms: 12.217147
2026-10-09T04:13:42.2477372Z   type: 'test'
2026-10-09T04:13:42.2477682Z   ...
2026-10-09T04:13:42.2478487Z # Subtest: every valid string ID, including empty, wins, earns bonuses and stays in rotation
2026-10-09T04:13:42.2479895Z ok 43 - every valid string ID, including empty, wins, earns bonuses and stays in rotation
2026-10-09T04:13:42.2480718Z   ---
2026-10-09T04:13:42.2481091Z   duration_ms: 18.55608
2026-10-09T04:13:42.2481517Z   type: 'test'
2026-10-09T04:13:42.2481881Z   ...
2026-10-09T04:13:42.2482741Z # Subtest: malformed identity metadata cannot coerce a registered ID, throw or reveal a hand
2026-10-09T04:13:42.2484297Z ok 44 - malformed identity metadata cannot coerce a registered ID, throw or reveal a hand
2026-10-09T04:13:42.2485321Z   ---
2026-10-09T04:13:42.2485701Z   duration_ms: 1.734304
2026-10-09T04:13:42.2486133Z   type: 'test'
2026-10-09T04:13:42.2486521Z   ...
2026-10-09T04:13:42.2487302Z # Subtest: early end preserves earned raw points and reports current standings
2026-10-09T04:13:42.2488474Z ok 45 - early end preserves earned raw points and reports current standings
2026-10-09T04:13:42.2488882Z   ---
2026-10-09T04:13:42.2489097Z   duration_ms: 0.506605
2026-10-09T04:13:42.2489333Z   type: 'test'
2026-10-09T04:13:42.2489533Z   ...
2026-10-09T04:13:42.2489844Z # Subtest: aces low, set cardinality, runs and overlap
2026-10-09T04:13:42.2490283Z ok 46 - aces low, set cardinality, runs and overlap
2026-10-09T04:13:42.2490588Z   ---
2026-10-09T04:13:42.2490790Z   duration_ms: 2.936677
2026-10-09T04:13:42.2491013Z   type: 'test'
2026-10-09T04:13:42.2491211Z   ...
2026-10-09T04:13:42.2491689Z # Subtest: joint meld/layoff optimizer finds chains and forbids gin/deadwood/four-card layoffs
2026-10-09T04:13:42.2492418Z ok 47 - joint meld/layoff optimizer finds chains and forbids gin/deadwood/four-card layoffs
2026-10-09T04:13:42.2492862Z   ---
2026-10-09T04:13:42.2493370Z   duration_ms: 4.707641
2026-10-09T04:13:42.2493763Z   type: 'test'
2026-10-09T04:13:42.2494105Z   ...
2026-10-09T04:13:42.2494773Z # Subtest: every score formula, tie undercut and spade whole-hand doubling
2026-10-09T04:13:42.2495361Z ok 48 - every score formula, tie undercut and spade whole-hand doubling
2026-10-09T04:13:42.2504064Z   ---
2026-10-09T04:13:42.2504575Z   duration_ms: 3.105513
2026-10-09T04:13:42.2505024Z   type: 'test'
2026-10-09T04:13:42.2505657Z   ...
2026-10-09T04:13:42.2506581Z # Subtest: opening offers, forced stock, exact immediate-return restriction, stock draw boundary
2026-10-09T04:13:42.2507985Z ok 49 - opening offers, forced stock, exact immediate-return restriction, stock draw boundary
2026-10-09T04:13:42.2508830Z   ---
2026-10-09T04:13:42.2509205Z   duration_ms: 25.143987
2026-10-09T04:13:42.2509631Z   type: 'test'
2026-10-09T04:13:42.2509988Z   ...
2026-10-09T04:13:42.2510761Z # Subtest: Oklahoma limits / ace / spade configurations from all 52 initial upcards
2026-10-09T04:13:42.2511934Z ok 50 - Oklahoma limits / ace / spade configurations from all 52 initial upcards
2026-10-09T04:13:42.2512631Z   ---
2026-10-09T04:13:42.2512849Z   duration_ms: 25.249494
2026-10-09T04:13:42.2513554Z   type: 'test'
2026-10-09T04:13:42.2513820Z   ...
2026-10-09T04:13:42.2514336Z # Subtest: pause, resume, stale/early timer, spectators, malformed input, late leaver, explicit end
2026-10-09T04:13:42.2515121Z ok 51 - pause, resume, stale/early timer, spectators, malformed input, late leaver, explicit end
2026-10-09T04:13:42.2515585Z   ---
2026-10-09T04:13:42.2515787Z   duration_ms: 2.789193
2026-10-09T04:13:42.2516018Z   type: 'test'
2026-10-09T04:13:42.2516284Z   ...
2026-10-09T04:13:42.2516942Z # Subtest: all required roster settings, default sanitization, exact phase fixtures and manifest
2026-10-09T04:13:42.2517692Z ok 52 - all required roster settings, default sanitization, exact phase fixtures and manifest
2026-10-09T04:13:42.2518135Z   ---
2026-10-09T04:13:42.2518335Z   duration_ms: 144.27896
2026-10-09T04:13:42.2518571Z   type: 'test'
2026-10-09T04:13:42.2518818Z   ...
2026-10-09T04:13:42.2519208Z # {"syntheticGuardCorruptionsRejected":175,"guardedSources":35}
2026-10-09T04:13:42.2520008Z # Subtest: synthetic positive control covers full identities, native timestamps, all hand witnesses and clips
2026-10-09T04:13:42.2520929Z ok 53 - synthetic positive control covers full identities, native timestamps, all hand witnesses and clips
2026-10-09T04:13:42.2521461Z   ---
2026-10-09T04:13:42.2521678Z   duration_ms: 9.749484
2026-10-09T04:13:42.2521933Z   type: 'test'
2026-10-09T04:13:42.2522147Z   ...
2026-10-09T04:13:42.2522658Z # Subtest: every guarded source and each start/end inventory entry rejects a stale hash or omission
2026-10-09T04:13:42.2523946Z ok 54 - every guarded source and each start/end inventory entry rejects a stale hash or omission
2026-10-09T04:13:42.2524654Z   ---
2026-10-09T04:13:42.2524878Z   duration_ms: 195.877882
2026-10-09T04:13:42.2525162Z   type: 'test'
2026-10-09T04:13:42.2525417Z   ...
2026-10-09T04:13:42.2525976Z # Subtest: wrong attempt/profile/page/transport/throttle, filtered samples and fake native clocks fail
2026-10-09T04:13:42.2526846Z ok 55 - wrong attempt/profile/page/transport/throttle, filtered samples and fake native clocks fail
2026-10-09T04:13:42.2527375Z   ---
2026-10-09T04:13:42.2527601Z   duration_ms: 20.098326
2026-10-09T04:13:42.2527860Z   type: 'test'
2026-10-09T04:13:42.2528083Z   ...
2026-10-09T04:13:42.2528654Z # Subtest: missing/invalid timestamp, raw interval or active-frame witness fails despite good summaries
2026-10-09T04:13:42.2529490Z ok 56 - missing/invalid timestamp, raw interval or active-frame witness fails despite good summaries
2026-10-09T04:13:42.2529956Z   ---
2026-10-09T04:13:42.2530154Z   duration_ms: 16.896835
2026-10-09T04:13:42.2530404Z   type: 'test'
2026-10-09T04:13:42.2530618Z   ...
2026-10-09T04:13:42.2531125Z # Subtest: all statistics are recomputed and an honestly reported long interval fails the fixed gate
2026-10-09T04:13:42.2534094Z ok 57 - all statistics are recomputed and an honestly reported long interval fails the fixed gate
2026-10-09T04:13:42.2535030Z   ---
2026-10-09T04:13:42.2535371Z   duration_ms: 8.66954
2026-10-09T04:13:42.2535734Z   type: 'test'
2026-10-09T04:13:42.2536043Z   ...
2026-10-09T04:13:42.2536914Z # Subtest: failed runs, mislabeled clips, altered bytes, outsize media and network/errors are rejected
2026-10-09T04:13:42.2538220Z ok 58 - failed runs, mislabeled clips, altered bytes, outsize media and network/errors are rejected
2026-10-09T04:13:42.2539261Z   ---
2026-10-09T04:13:42.2539580Z   duration_ms: 22.452928
2026-10-09T04:13:42.2539950Z   type: 'test'
2026-10-09T04:13:42.2540266Z   ...
2026-10-09T04:13:42.2540866Z # Subtest: same-timestamp turns cannot share timer instance identity
2026-10-09T04:13:42.2541686Z ok 59 - same-timestamp turns cannot share timer instance identity
2026-10-09T04:13:42.2542240Z   ---
2026-10-09T04:13:42.2542544Z   duration_ms: 12.207268
2026-10-09T04:13:42.2542939Z   type: 'test'
2026-10-09T04:13:42.2543522Z   ...
2026-10-09T04:13:42.2543829Z 1..59
2026-10-09T04:13:42.2544141Z # tests 59
2026-10-09T04:13:42.2544456Z # suites 0
2026-10-09T04:13:42.2544780Z # pass 59
2026-10-09T04:13:42.2545093Z # fail 0
2026-10-09T04:13:42.2545411Z # cancelled 0
2026-10-09T04:13:42.2545740Z # skipped 0
2026-10-09T04:13:42.2546038Z # todo 0
2026-10-09T04:13:42.2546382Z # duration_ms 213752.485553
2026-10-09T04:14:02.4297493Z {"stronger":"sharp","weaker":"normal","games":2000,"wins":1154,"losses":846,"ties":0,"winRate":0.577,"wilsonLower":0.5552205858805168,"events":526685,"pairedSeeds":true}
2026-10-09T04:14:20.9834276Z {"stronger":"normal","weaker":"easy","games":2000,"wins":1743,"losses":257,"ties":0,"winRate":0.8715,"wilsonLower":0.8561180625080238,"events":490034,"pairedSeeds":true}
2026-10-09T04:14:21.6531375Z M01 caught wrong rank
2026-10-09T04:14:21.9588979Z M02 caught wrong suit
2026-10-09T04:14:22.2619957Z M03 caught wrong face value
2026-10-09T04:14:22.5982248Z M04 caught reject three-card meld
2026-10-09T04:14:22.9308601Z M05 caught reject four-card set
2026-10-09T04:14:23.2631043Z M06 caught off-by-one run
2026-10-09T04:14:23.5828351Z M07 caught omit three-card candidate runs
2026-10-09T04:14:23.9004975Z M08 caught omit three-of-kind candidates
2026-10-09T04:14:24.2228244Z M09 caught maximize instead of minimize
2026-10-09T04:14:24.5343825Z M10 caught invert Gin layoff prohibition
2026-10-09T04:14:24.8677203Z M11 caught omit layoffs
2026-10-09T04:14:25.1787354Z M12 caught allow discard after two opening passes
2026-10-09T04:14:25.4880313Z M13 caught allow opening stock draw
2026-10-09T04:14:25.7925919Z M14 caught allow immediate returned upcard
2026-10-09T04:14:26.1083085Z M15 caught continue past two stock cards
2026-10-09T04:14:26.4205993Z M16 caught deny tie undercut
2026-10-09T04:14:26.7341905Z M17 caught subtract opponent Gin deadwood
2026-10-09T04:14:27.0561177Z M18 caught Big Gin wrong bonus
2026-10-09T04:14:27.3703688Z M19 caught reverse undercut difference
2026-10-09T04:14:27.6829848Z M20 caught wrong knock difference
2026-10-09T04:14:27.9994398Z M21 caught ignore double Big Gin
2026-10-09T04:14:28.2974140Z M22 caught Oklahoma ace wrong limit
2026-10-09T04:14:28.5941583Z M23 caught double hearts instead of spades
2026-10-09T04:14:28.9077231Z M24 caught accept stale timer
2026-10-09T04:14:29.2337596Z M25 caught resume omits pause duration
2026-10-09T04:14:29.5578721Z M26 caught attribute opening Pass to next player
2026-10-09T04:14:29.9442041Z {"kind":"full browser proof","started":"2026-10-09T04:14:29.940Z","pid":4145,"sourceStart":{"play.html":"224b361daadcadba137416c0311712d93acdaf35f9f9576385eaf873739cc017","src/core.ts":"389fda6be764fcaf753f8153c0d0e54b400b652198608a79966128eae72e5d76","src/cards.ts":"e309e103393bc1aaaf10b34e3994de815dd693d1828a61566723b8fba573fdb9","src/browser.ts":"56fb3b450aa29e9dda800a69b187d66d5446e056bf2b89b349a9bef1479131e4","src/play.template.html":"1b5188f105cfd9766f3f19c0a6f3cfa1b522cbd676ec5fde0dbfa1566a09f8c7","../../contract/contract.ts":"c0f999c153074769c99c67ab2a71ad66c879e45e834713f3367b2bde4a1873d5","../../contract/constants.ts":"27cdd23112ea03f344457e6f6e6b5839ff536ebeadbba189751520353aa085ef","../../contract/rng.ts":"7cfcf3024723607e8dd1ce6ccc5683a48d71fcc617947304cc5b9f6d3d7842fe","../../contract/minigame-schema.ts":"2438655eeb8ca658543b475070e6fb3ccb3947f154f57caa3f619c87853c9bbb","../../contract/player-count-schema.ts":"0748d9d9bcf795d0693c37a0f369b262fd8801dec9ab1e4a9a4f5ec23751a189","dist/core.mjs":"18796a2c67f34b5fdb5cf0fdfdba67bb7d1896a5206079e30a280c02f3a72417","dist/cards.mjs":"1b8d994514e2de1464f361bddac143b99dfa328037152a89a476bcb1ce5f6c77","dist/contract.mjs":"0d477737fffa3503f35a19d174fce2f29de33bef1769ee5bba2c327ac592101a","scripts/browser-check.mjs":"536587be20208be80ec3bc081be7ff5a23ceeac9bc83ab3a67095084bbbd87dc","scripts/clock-check.mjs":"beba34324460280157fbdffd947f02731437e067fbb6ac816a7e49d2c4e6da19","scripts/meld-check.mjs":"d514a510f1972bdfa0b60d5148c1d42a82efeb4b21f3b799c4e0794054b4b7e4","scripts/results-check.mjs":"c478d1b3f32b71c94f2d5307f2c3b3e1e044edd84833d28e7ffc165f13bd310f","scripts/name-check.mjs":"3802ec077deee82176a892bcb51df0bb268c7ab765851d636faa5ab2228f531f","scripts/host-check.mjs":"e47e9a53aad166af54d78ea28e44ec5defff3e56d69139863113f5c132425b50","scripts/public-history-check.mjs":"5c887f46d5240f1434f173bbd495c560869441b074447d52f4a49878a66a0859","tests/browser-fixture.mjs":"f499940919128006bc90c4cb08eb766677c1bff3ea4dccf02645863a3bc50621","tests/helpers.mjs":"402515edb7b2a6af9548da2a2f1a7fa8f6b220b425da9664bd8c4a3e8b552b2e","scripts/browser-source-guard.mjs":"e5d9304a91ef04963133fe6bbae2c62189da28e917562da5a7cdb856596a1622","scripts/frame-coordination.mjs":"f1d34bfd418b5446a14c2ee3b3ba297eac18ed126d4ee261dffab57224399656","scripts/strict-browser-proof.mjs":"fae9a75d472307307c6eb4781c77f32845ebdade6f4104d859957ce62c1d43d9","scripts/browser-proof.mjs":"3ce834d0a764a4aefc93d0eaf7171f805d4ea5428563bcd976728f65222a8489","scripts/capture.mjs":"72077090f49f70e74c05ee925560a760f1f52b671ccb72d63570d609b9f80985","scripts/build.mjs":"3580cac9f713c9e4c3bfe8a83ec6bef33a64cd30be2c5d27c028b29a6a06fe8e","scripts/integrity.mjs":"7104c27be54110cac7b2d336e594ce0681a578fcb301a863540084619a7e42bb","scripts/check-evidence-links.mjs":"03484934e141e8e0b08e8928bf6f89f48a15f0cfe95b24e94273eebfb1a62842","package.json":"8855d609e12ca7990d525b64c285513acde1420fc6368ccca3a937979253a91b","package-lock.json":"bb2357fee1276cb24714d62a0a02d478e465806f5ec8978034da5594d6fa765a","tsconfig.json":"624efd829d3631cf6a6cc8d7b345e93bb47e713f05162b0ff511ef6cfc0a6ac3","manifest.json":"d079699772d442cda13bf8a41672e7de59d8a62966e07d0c87b8b8e991d84dbb","../../.github/workflows/G02.yml":"d177727723ba04faf8d36b43011e80462d7f48150ee65c7411cae053c3414c77"}}
2026-10-09T04:14:40.7582204Z {"frameWindow":"CLOSED","profile":"desktop","sourceSha256":"224b361daadcadba137416c0311712d93acdaf35f9f9576385eaf873739cc017","attemptNonce":"54a0b2ac-e100-4eee-aecf-a83b2c7ad9c5","coordination":"uncoordinated","readyUtc":null,"grantUtc":null,"status":"samples-written","rawIntervals":600,"utc":"2026-10-09T04:14:40.757Z"}
2026-10-09T04:14:40.9776668Z {"label":"desktop","fps":60.00240009600384,"meanMs":16.666,"p99Ms":16.800000000000182,"maxMs":16.80000000000109,"networkRequests":0,"pageErrors":0}
2026-10-09T04:14:51.9833965Z {"frameWindow":"CLOSED","profile":"phone4x","sourceSha256":"224b361daadcadba137416c0311712d93acdaf35f9f9576385eaf873739cc017","attemptNonce":"e4b279e7-18a8-44c3-81ec-de07d4d1d481","coordination":"uncoordinated","readyUtc":null,"grantUtc":null,"status":"samples-written","rawIntervals":600,"utc":"2026-10-09T04:14:51.982Z"}
2026-10-09T04:14:52.2410147Z {"label":"phone4x","fps":60.00240009600385,"meanMs":16.665999999999997,"p99Ms":16.800000000000182,"maxMs":16.80000000000109,"networkRequests":0,"pageErrors":0}
2026-10-09T04:14:52.5095786Z {"kind":"synthetic delayed-host-callback and pause regression","elapsedMs":20000,"configuredTurnMs":10000,"firstExpiredCallbackCount":1,"actionsBefore":0,"actionsAfter":1,"deadlineAdvancedOnElapsedTime":true,"visibleCountdown":true,"pausePreservesRemainingTime":true,"entropyCalls":1,"controlledTestSeed":7199}
2026-10-09T04:14:54.9186905Z {"customMeldRegression":[{"label":"desktop","cpuThrottle":1,"namedCardControls":10,"privateDraftCleared":true,"invalidGroupsPreventKnock":true,"closedControlsRestoreAutomaticKnock":true,"revealShowsDeclaredLayout":true,"defenderResolvedDeadwood":0,"undercutPoints":11,"pageErrors":0,"networkRequests":0,"fixture":"initial state only; production reducer, solver and renderer"},{"label":"phone4x","cpuThrottle":4,"namedCardControls":10,"privateDraftCleared":true,"invalidGroupsPreventKnock":true,"closedControlsRestoreAutomaticKnock":true,"revealShowsDeclaredLayout":true,"defenderResolvedDeadwood":0,"undercutPoints":11,"pageErrors":0,"networkRequests":0,"fixture":"initial state only; production reducer, solver and renderer"}]}
2026-10-09T04:14:55.9520159Z {"resultsRegression":[{"label":"desktop","cpuThrottle":1,"targetWinner":"p0","displayedWinner":"Target winner","finalPoints":{"p0":388,"p1":499},"explanationVisible":true,"pageErrors":0,"fixture":"initial state only; production reducer and renderer"},{"label":"phone4x","cpuThrottle":4,"targetWinner":"p0","displayedWinner":"Target winner","finalPoints":{"p0":388,"p1":499},"explanationVisible":true,"pageErrors":0,"fixture":"initial state only; production reducer and renderer"}]}
2026-10-09T04:14:56.5616040Z {"payload":"<svg onload=alert(1)>","renderedAsText":true,"insertedMarkupNodes":0,"dialogs":0,"pageErrors":0,"networkRequests":0,"cpuThrottle":4}
2026-10-09T04:14:58.7719072Z {"runId":"2026-10-09T04-14-29-940Z","passed":true,"sourceUnchanged":true,"extraHostChecks":5,"rows":[{"label":"desktop","fps":60.00240009600384,"p99Ms":16.800000000000182,"maxMs":16.80000000000109,"frameGatePassed":true},{"label":"phone4x","fps":60.00240009600385,"p99Ms":16.800000000000182,"maxMs":16.80000000000109,"frameGatePassed":true}]}
2026-10-09T04:14:59.0890192Z {"kind":"functional recordings","started":"2026-10-09T04:14:59.085Z","pid":4340,"sourceStart":{"play.html":"224b361daadcadba137416c0311712d93acdaf35f9f9576385eaf873739cc017","src/core.ts":"389fda6be764fcaf753f8153c0d0e54b400b652198608a79966128eae72e5d76","src/cards.ts":"e309e103393bc1aaaf10b34e3994de815dd693d1828a61566723b8fba573fdb9","src/browser.ts":"56fb3b450aa29e9dda800a69b187d66d5446e056bf2b89b349a9bef1479131e4","src/play.template.html":"1b5188f105cfd9766f3f19c0a6f3cfa1b522cbd676ec5fde0dbfa1566a09f8c7","../../contract/contract.ts":"c0f999c153074769c99c67ab2a71ad66c879e45e834713f3367b2bde4a1873d5","../../contract/constants.ts":"27cdd23112ea03f344457e6f6e6b5839ff536ebeadbba189751520353aa085ef","../../contract/rng.ts":"7cfcf3024723607e8dd1ce6ccc5683a48d71fcc617947304cc5b9f6d3d7842fe","../../contract/minigame-schema.ts":"2438655eeb8ca658543b475070e6fb3ccb3947f154f57caa3f619c87853c9bbb","../../contract/player-count-schema.ts":"0748d9d9bcf795d0693c37a0f369b262fd8801dec9ab1e4a9a4f5ec23751a189","dist/core.mjs":"18796a2c67f34b5fdb5cf0fdfdba67bb7d1896a5206079e30a280c02f3a72417","dist/cards.mjs":"1b8d994514e2de1464f361bddac143b99dfa328037152a89a476bcb1ce5f6c77","dist/contract.mjs":"0d477737fffa3503f35a19d174fce2f29de33bef1769ee5bba2c327ac592101a","scripts/browser-check.mjs":"536587be20208be80ec3bc081be7ff5a23ceeac9bc83ab3a67095084bbbd87dc","scripts/clock-check.mjs":"beba34324460280157fbdffd947f02731437e067fbb6ac816a7e49d2c4e6da19","scripts/meld-check.mjs":"d514a510f1972bdfa0b60d5148c1d42a82efeb4b21f3b799c4e0794054b4b7e4","scripts/results-check.mjs":"c478d1b3f32b71c94f2d5307f2c3b3e1e044edd84833d28e7ffc165f13bd310f","scripts/name-check.mjs":"3802ec077deee82176a892bcb51df0bb268c7ab765851d636faa5ab2228f531f","scripts/host-check.mjs":"e47e9a53aad166af54d78ea28e44ec5defff3e56d69139863113f5c132425b50","scripts/public-history-check.mjs":"5c887f46d5240f1434f173bbd495c560869441b074447d52f4a49878a66a0859","tests/browser-fixture.mjs":"f499940919128006bc90c4cb08eb766677c1bff3ea4dccf02645863a3bc50621","tests/helpers.mjs":"402515edb7b2a6af9548da2a2f1a7fa8f6b220b425da9664bd8c4a3e8b552b2e","scripts/browser-source-guard.mjs":"e5d9304a91ef04963133fe6bbae2c62189da28e917562da5a7cdb856596a1622","scripts/frame-coordination.mjs":"f1d34bfd418b5446a14c2ee3b3ba297eac18ed126d4ee261dffab57224399656","scripts/strict-browser-proof.mjs":"fae9a75d472307307c6eb4781c77f32845ebdade6f4104d859957ce62c1d43d9","scripts/browser-proof.mjs":"3ce834d0a764a4aefc93d0eaf7171f805d4ea5428563bcd976728f65222a8489","scripts/capture.mjs":"72077090f49f70e74c05ee925560a760f1f52b671ccb72d63570d609b9f80985","scripts/build.mjs":"3580cac9f713c9e4c3bfe8a83ec6bef33a64cd30be2c5d27c028b29a6a06fe8e","scripts/integrity.mjs":"7104c27be54110cac7b2d336e594ce0681a578fcb301a863540084619a7e42bb","scripts/check-evidence-links.mjs":"03484934e141e8e0b08e8928bf6f89f48a15f0cfe95b24e94273eebfb1a62842","package.json":"8855d609e12ca7990d525b64c285513acde1420fc6368ccca3a937979253a91b","package-lock.json":"bb2357fee1276cb24714d62a0a02d478e465806f5ec8978034da5594d6fa765a","tsconfig.json":"624efd829d3631cf6a6cc8d7b345e93bb47e713f05162b0ff511ef6cfc0a6ac3","manifest.json":"d079699772d442cda13bf8a41672e7de59d8a62966e07d0c87b8b8e991d84dbb","../../.github/workflows/G02.yml":"d177727723ba04faf8d36b43011e80462d7f48150ee65c7411cae053c3414c77"}}
2026-10-09T04:15:12.8388373Z {"path":".work/browser/ci-current-2026-10-09t04-14-59-071z-desktop.webm","bytes":720188,"sha256":"1f5b794763dafda4dbb38364f4367d1008a10770548194bf078a9f7a40e318cb","cpuThrottle":1,"viewport":{"width":1920,"height":1080},"performanceMeasurement":false,"newMatchPrivateDomCleared":true,"actualElapsedTimeoutCoveredHand":true,"publicPassHistoryShown":true,"passActors":["Player 1: pass","Player 2: pass"],"networkRequests":0,"pageErrors":0}
2026-10-09T04:15:26.8138897Z {"path":".work/browser/ci-current-2026-10-09t04-14-59-071z-phone4x.webm","bytes":678710,"sha256":"4cc28d2b67fd26d217debd83f2251b0ce6d41f659457eae9c5f2a48a7c9b0e12","cpuThrottle":4,"viewport":{"width":390,"height":844},"performanceMeasurement":false,"newMatchPrivateDomCleared":true,"actualElapsedTimeoutCoveredHand":true,"publicPassHistoryShown":true,"passActors":["Player 1: pass","Player 2: pass"],"networkRequests":0,"pageErrors":0}
2026-10-09T04:15:27.0288477Z {"suite":"committed-browser-proof","sourceMatched":true,"profiles":2,"rawIntervals":1200,"unfiltered":true,"recordingsMatched":2}
2026-10-09T04:15:27.0329239Z {"suite":"evidence-links","localLinks":32,"allLocalFilesExist":true,"externalLinks":2,"externalLinksFetched":false}
2026-10-09T04:15:27.3947315Z {"suite":"integrity","fileHashes":464,"regenerationRuns":2,"byteIdentical":true,"coreNoIo":true,"mediaUnder10MB":true}
2026-10-09T04:15:27.4075787Z {"suite":"strict-current-browser-proof","guardedSources":35,"profiles":2,"rawIntervals":1200,"nativeTimestamps":1202,"activeHandWitnesses":1208,"unfiltered":true,"recordingsMatched":2}
2026-10-09T04:15:27.4234658Z ##[group]Run actions/upload-artifact@v4
2026-10-09T04:15:27.4234978Z with:
2026-10-09T04:15:27.4235188Z   name: G02-browser-evidence
2026-10-09T04:15:27.4237065Z   path: jobs/G02-gin-rummy/.work/browser/*-frames.json
jobs/G02-gin-rummy/.work/browser/report.json
jobs/G02-gin-rummy/.work/browser/captures.json
jobs/G02-gin-rummy/.work/browser/ci-current-*.webm
jobs/G02-gin-rummy/.work/clock-after.json
jobs/G02-gin-rummy/.work/custom-meld-after.json
jobs/G02-gin-rummy/.work/results-after.json
jobs/G02-gin-rummy/.work/name-check.json
jobs/G02-gin-rummy/media/strict-reverify-1900-*.webm
jobs/G02-gin-rummy/evidence/resume-20261008/strict-reverify-1900-captures.json

2026-10-09T04:15:27.4238961Z   include-hidden-files: true
2026-10-09T04:15:27.4239208Z   if-no-files-found: warn
2026-10-09T04:15:27.4239458Z   compression-level: 6
2026-10-09T04:15:27.4239678Z   overwrite: false
2026-10-09T04:15:27.4239883Z ##[endgroup]
2026-10-09T04:15:27.6022004Z (node:4468) [DEP0040] DeprecationWarning: The `punycode` module is deprecated. Please use a userland alternative instead.
2026-10-09T04:15:27.6023574Z (Use `node --trace-deprecation ...` to show where the warning was created)
2026-10-09T04:15:27.6223732Z Multiple search paths detected. Calculating the least common ancestor of all paths
2026-10-09T04:15:27.6232817Z The least common ancestor is /home/runner/work/partybox-game-cores/partybox-game-cores/jobs/G02-gin-rummy. This will be the root directory of the artifact
2026-10-09T04:15:27.6234991Z With the provided path, there will be 13 files uploaded
2026-10-09T04:15:27.6236571Z Artifact name is valid!
2026-10-09T04:15:27.6237320Z Root directory input is valid!
2026-10-09T04:15:27.8384985Z Beginning upload of artifact content to blob storage
2026-10-09T04:15:27.9588114Z (node:4468) [DEP0169] DeprecationWarning: `url.parse()` behavior is not standardized and prone to errors that have security implications. Use the WHATWG URL API instead. CVEs are not issued for `url.parse()` vulnerabilities.
2026-10-09T04:15:28.0941180Z Uploaded bytes 2208271
2026-10-09T04:15:28.1142417Z Finished uploading artifact content to blob storage!
2026-10-09T04:15:28.1143911Z SHA256 digest of uploaded artifact zip is 51c566166b58520b7f9b2faacbac2defb31a75922ff1a9ff2a6d2213550deb5a
2026-10-09T04:15:28.1146326Z Finalizing artifact upload
2026-10-09T04:15:28.3513651Z Artifact G02-browser-evidence.zip successfully finalized. Artifact ID 11594383615
2026-10-09T04:15:28.3515346Z Artifact G02-browser-evidence has been successfully uploaded! Final size is 2208271 bytes. Artifact ID is 11594383615
2026-10-09T04:15:28.3521669Z Artifact download URL: https://github.com/luisitin/partybox-game-cores/actions/runs/37882520974/artifacts/11594383615
2026-10-09T04:15:28.3711658Z Post job cleanup.
2026-10-09T04:15:28.4944535Z (node:4482) [DEP0040] DeprecationWarning: The `punycode` module is deprecated. Please use a userland alternative instead.
2026-10-09T04:15:28.4945527Z (Use `node --trace-deprecation ...` to show where the warning was created)
2026-10-09T04:15:28.4948673Z Cache hit occurred on the primary key node-cache-Linux-x64-npm-d48b0073b1be2df746cbb2cab1dca64dc5674a863aed54a4ee7f428aad681317, not saving cache.
2026-10-09T04:15:28.5085188Z Post job cleanup.
2026-10-09T04:15:28.6034249Z [command]/usr/bin/git version
2026-10-09T04:15:28.6082302Z git version 2.55.0
2026-10-09T04:15:28.6130990Z Temporarily overriding HOME='/home/runner/work/_temp/76b18983-9596-43c0-98d4-173f56bc5916' before making global git config changes
2026-10-09T04:15:28.6135229Z Adding repository directory to the temporary git global config as a safe directory
2026-10-09T04:15:28.6137371Z [command]/usr/bin/git config --global --add safe.directory /home/runner/work/partybox-game-cores/partybox-game-cores
2026-10-09T04:15:28.6193472Z [command]/usr/bin/git config --local --name-only --get-regexp core\.sshCommand
2026-10-09T04:15:28.6241964Z [command]/usr/bin/git submodule foreach --recursive sh -c "git config --local --name-only --get-regexp 'core\.sshCommand' && git config --local --unset-all 'core.sshCommand' || :"
2026-10-09T04:15:28.6621289Z [command]/usr/bin/git config --local --name-only --get-regexp http\.https\:\/\/github\.com\/\.extraheader
2026-10-09T04:15:28.6654094Z http.https://github.com/.extraheader
2026-10-09T04:15:28.6673288Z [command]/usr/bin/git config --local --unset-all http.https://github.com/.extraheader
2026-10-09T04:15:28.6709907Z [command]/usr/bin/git submodule foreach --recursive sh -c "git config --local --name-only --get-regexp 'http\.https\:\/\/github\.com\/\.extraheader' && git config --local --unset-all 'http.https://github.com/.extraheader' || :"
2026-10-09T04:15:28.6978546Z [command]/usr/bin/git config --local --name-only --get-regexp ^includeIf\.gitdir:
2026-10-09T04:15:28.7033911Z [command]/usr/bin/git submodule foreach --recursive git config --local --show-origin --name-only --get-regexp remote.origin.url
2026-10-09T04:15:28.7483634Z Cleaning up orphan processes
2026-10-09T04:15:28.7869731Z ##[warning]Node.js 20 is deprecated. The following actions target Node.js 20 but are being forced to run on Node.js 24: actions/checkout@v4, actions/setup-node@v4, actions/upload-artifact@v4. For more information see: https://github.blog/changelog/2025-09-19-deprecation-of-node-20-on-github-actions-runners/
