2026-10-09T02:43:31.9340436Z Current runner version: '2.337.0'
2026-10-09T02:43:31.9363846Z ##[group]Runner Image Provisioner
2026-10-09T02:43:31.9364708Z Hosted Compute Agent
2026-10-09T02:43:31.9365421Z Version: 20261002.596
2026-10-09T02:43:31.9366095Z Commit: c3d12f3313a95f25162a1503be624f3b0617f8c0
2026-10-09T02:43:31.9367260Z Build Date: 2026-10-02T22:28:27Z
2026-10-09T02:43:31.9368011Z Worker ID: {5f5c6a3f-c1a0-4e91-a6a6-6f58fa9422dc}
2026-10-09T02:43:31.9368743Z Region: westcentralus
2026-10-09T02:43:31.9369664Z Cloud: Azure
2026-10-09T02:43:31.9370261Z ##[endgroup]
2026-10-09T02:43:31.9371768Z ##[group]Operating System
2026-10-09T02:43:31.9372541Z Ubuntu
2026-10-09T02:43:31.9373062Z 24.04.5
2026-10-09T02:43:31.9373627Z LTS
2026-10-09T02:43:31.9374141Z ##[endgroup]
2026-10-09T02:43:31.9374714Z ##[group]Runner Image
2026-10-09T02:43:31.9375379Z Image: ubuntu-24.04
2026-10-09T02:43:31.9375941Z Version: 20261004.327.1
2026-10-09T02:43:31.9377224Z Included Software: https://github.com/actions/runner-images/blob/ubuntu24/20261004.327/images/ubuntu/Ubuntu2404-Readme.md
2026-10-09T02:43:31.9378821Z Image Release: https://github.com/actions/runner-images/releases/tag/ubuntu24%2F20261004.327
2026-10-09T02:43:31.9380096Z ##[endgroup]
2026-10-09T02:43:31.9381185Z ##[group]GITHUB_TOKEN Permissions
2026-10-09T02:43:31.9383173Z Contents: read
2026-10-09T02:43:31.9383827Z Metadata: read
2026-10-09T02:43:31.9384452Z ##[endgroup]
2026-10-09T02:43:31.9386857Z Secret source: Actions
2026-10-09T02:43:31.9387840Z Cache mode: write
2026-10-09T02:43:31.9388543Z Prepare workflow directory
2026-10-09T02:43:31.9787213Z Prepare all required actions
2026-10-09T02:43:31.9834572Z Getting action download info
2026-10-09T02:43:32.2970505Z Download action repository 'actions/checkout@v4' (SHA:11d5960a326750d5838078e36cf38b85af677262)
2026-10-09T02:43:32.4246609Z Download action repository 'actions/setup-node@v4' (SHA:49933ea5288caeca8642d1e84afbd3f7d6820020)
2026-10-09T02:43:32.5128725Z Download action repository 'actions/upload-artifact@v4' (SHA:ea165f8d65b6e75b540449e92b4886f43607fa02)
2026-10-09T02:43:32.7229281Z Complete job name: original-browser-once
2026-10-09T02:43:32.8029916Z ##[group]Run actions/checkout@v4
2026-10-09T02:43:32.8030904Z with:
2026-10-09T02:43:32.8031381Z   repository: luisitin/partybox-game-cores
2026-10-09T02:43:32.8035031Z   token: ***
2026-10-09T02:43:32.8035517Z   ssh-strict: true
2026-10-09T02:43:32.8035955Z   ssh-user: git
2026-10-09T02:43:32.8036440Z   persist-credentials: true
2026-10-09T02:43:32.8036924Z   clean: true
2026-10-09T02:43:32.8037400Z   sparse-checkout-cone-mode: true
2026-10-09T02:43:32.8037956Z   fetch-depth: 1
2026-10-09T02:43:32.8038444Z   fetch-tags: false
2026-10-09T02:43:32.8038878Z   show-progress: true
2026-10-09T02:43:32.8039517Z   lfs: false
2026-10-09T02:43:32.8039928Z   submodules: false
2026-10-09T02:43:32.8040370Z   set-safe-directory: true
2026-10-09T02:43:32.8040872Z   allow-unsafe-pr-checkout: false
2026-10-09T02:43:32.8041665Z ##[endgroup]
2026-10-09T02:43:32.9044861Z Syncing repository: luisitin/partybox-game-cores
2026-10-09T02:43:32.9048018Z ##[group]Getting Git version info
2026-10-09T02:43:32.9049652Z Working directory is '/home/runner/work/partybox-game-cores/partybox-game-cores'
2026-10-09T02:43:32.9050921Z [command]/usr/bin/git version
2026-10-09T02:43:32.9159555Z git version 2.55.0
2026-10-09T02:43:32.9182673Z ##[endgroup]
2026-10-09T02:43:32.9197221Z Temporarily overriding HOME='/home/runner/work/_temp/14745900-f0c8-4e69-b45a-1d104091efdf' before making global git config changes
2026-10-09T02:43:32.9200529Z Adding repository directory to the temporary git global config as a safe directory
2026-10-09T02:43:32.9203392Z [command]/usr/bin/git config --global --add safe.directory /home/runner/work/partybox-game-cores/partybox-game-cores
2026-10-09T02:43:32.9251530Z Deleting the contents of '/home/runner/work/partybox-game-cores/partybox-game-cores'
2026-10-09T02:43:32.9255726Z ##[group]Initializing the repository
2026-10-09T02:43:32.9259816Z [command]/usr/bin/git init /home/runner/work/partybox-game-cores/partybox-game-cores
2026-10-09T02:43:32.9360301Z hint: Using 'master' as the name for the initial branch. This default branch name
2026-10-09T02:43:32.9361972Z hint: will change to "main" in Git 3.0. To configure the initial branch name
2026-10-09T02:43:32.9368224Z hint: to use in all of your new repositories, which will suppress this warning,
2026-10-09T02:43:32.9369990Z hint: call:
2026-10-09T02:43:32.9371177Z hint:
2026-10-09T02:43:32.9372236Z hint: 	git config --global init.defaultBranch <name>
2026-10-09T02:43:32.9373549Z hint:
2026-10-09T02:43:32.9374722Z hint: Names commonly chosen instead of 'master' are 'main', 'trunk' and
2026-10-09T02:43:32.9377280Z hint: 'development'. The just-created branch can be renamed via this command:
2026-10-09T02:43:32.9378682Z hint:
2026-10-09T02:43:32.9379861Z hint: 	git branch -m <name>
2026-10-09T02:43:32.9380691Z hint:
2026-10-09T02:43:32.9381863Z hint: Disable this message with "git config set advice.defaultBranchName false"
2026-10-09T02:43:32.9383894Z Initialized empty Git repository in /home/runner/work/partybox-game-cores/partybox-game-cores/.git/
2026-10-09T02:43:32.9387063Z [command]/usr/bin/git remote add origin https://github.com/luisitin/partybox-game-cores
2026-10-09T02:43:32.9422517Z ##[endgroup]
2026-10-09T02:43:32.9423697Z ##[group]Disabling automatic garbage collection
2026-10-09T02:43:32.9426620Z [command]/usr/bin/git config --local gc.auto 0
2026-10-09T02:43:32.9458193Z ##[endgroup]
2026-10-09T02:43:32.9459553Z ##[group]Setting up auth
2026-10-09T02:43:32.9465309Z [command]/usr/bin/git config --local --name-only --get-regexp core\.sshCommand
2026-10-09T02:43:32.9500547Z [command]/usr/bin/git submodule foreach --recursive sh -c "git config --local --name-only --get-regexp 'core\.sshCommand' && git config --local --unset-all 'core.sshCommand' || :"
2026-10-09T02:43:32.9887913Z [command]/usr/bin/git config --local --name-only --get-regexp http\.https\:\/\/github\.com\/\.extraheader
2026-10-09T02:43:32.9931284Z [command]/usr/bin/git submodule foreach --recursive sh -c "git config --local --name-only --get-regexp 'http\.https\:\/\/github\.com\/\.extraheader' && git config --local --unset-all 'http.https://github.com/.extraheader' || :"
2026-10-09T02:43:33.0181872Z [command]/usr/bin/git config --local --name-only --get-regexp ^includeIf\.gitdir:
2026-10-09T02:43:33.0223152Z [command]/usr/bin/git submodule foreach --recursive git config --local --show-origin --name-only --get-regexp remote.origin.url
2026-10-09T02:43:33.0503332Z [command]/usr/bin/git config --local http.https://github.com/.extraheader AUTHORIZATION: basic ***
2026-10-09T02:43:33.0546191Z ##[endgroup]
2026-10-09T02:43:33.0547037Z ##[group]Fetching the repository
2026-10-09T02:43:33.0556244Z [command]/usr/bin/git -c protocol.version=2 fetch --no-tags --prune --no-recurse-submodules --depth=1 origin +5fe5d08e16606b80e02bc88014476343f16851ff:refs/remotes/origin/job/G02-gin-rummy-audit-20261009
2026-10-09T02:43:34.6361750Z From https://github.com/luisitin/partybox-game-cores
2026-10-09T02:43:34.6363222Z  * [new ref]         5fe5d08e16606b80e02bc88014476343f16851ff -> origin/job/G02-gin-rummy-audit-20261009
2026-10-09T02:43:34.6367075Z ##[endgroup]
2026-10-09T02:43:34.6368325Z ##[group]Determining the checkout info
2026-10-09T02:43:34.6370578Z ##[endgroup]
2026-10-09T02:43:34.6379863Z [command]/usr/bin/git sparse-checkout disable
2026-10-09T02:43:34.6440144Z [command]/usr/bin/git config --local --unset-all extensions.worktreeConfig
2026-10-09T02:43:34.6476704Z ##[group]Checking out the ref
2026-10-09T02:43:34.6483318Z [command]/usr/bin/git checkout --progress --force -B job/G02-gin-rummy-audit-20261009 refs/remotes/origin/job/G02-gin-rummy-audit-20261009
2026-10-09T02:43:34.7664863Z Switched to a new branch 'job/G02-gin-rummy-audit-20261009'
2026-10-09T02:43:34.7670568Z branch 'job/G02-gin-rummy-audit-20261009' set up to track 'origin/job/G02-gin-rummy-audit-20261009'.
2026-10-09T02:43:34.7683417Z ##[endgroup]
2026-10-09T02:43:34.7727921Z [command]/usr/bin/git log -1 --format=%H
2026-10-09T02:43:34.7754200Z 5fe5d08e16606b80e02bc88014476343f16851ff
2026-10-09T02:43:34.8203799Z ##[group]Run actions/setup-node@v4
2026-10-09T02:43:34.8205108Z with:
2026-10-09T02:43:34.8206044Z   node-version: 22.16.0
2026-10-09T02:43:34.8207116Z   cache: npm
2026-10-09T02:43:34.8208438Z   cache-dependency-path: jobs/G02-gin-rummy/package-lock.json
2026-10-09T02:43:34.8210365Z   always-auth: false
2026-10-09T02:43:34.8211434Z   check-latest: false
2026-10-09T02:43:34.8221314Z   token: ***
2026-10-09T02:43:34.8222283Z ##[endgroup]
2026-10-09T02:43:34.9599172Z Attempting to download 22.16.0...
2026-10-09T02:43:34.9705939Z (node:3021) [DEP0040] DeprecationWarning: The `punycode` module is deprecated. Please use a userland alternative instead.
2026-10-09T02:43:34.9709094Z (Use `node --trace-deprecation ...` to show where the warning was created)
2026-10-09T02:43:35.8955868Z Acquiring 22.16.0 - x64 from https://github.com/actions/node-versions/releases/download/22.16.0-15177438473/node-22.16.0-linux-x64.tar.gz
2026-10-09T02:43:36.6930740Z Extracting ...
2026-10-09T02:43:36.7072874Z [command]/usr/bin/tar xz --strip 1 --warning=no-unknown-keyword --overwrite -C /home/runner/work/_temp/5c174c0d-61b4-4bf4-8e61-4ce7417d4e6a -f /home/runner/work/_temp/621a3a1e-944a-443a-b5e3-71f1e143144f
2026-10-09T02:43:37.8712705Z Adding to the cache ...
2026-10-09T02:43:39.8013654Z ##[group]Environment details
2026-10-09T02:43:40.0279806Z node: v22.16.0
2026-10-09T02:43:40.0280307Z npm: 10.9.2
2026-10-09T02:43:40.0280654Z yarn: 1.22.22
2026-10-09T02:43:40.0281336Z ##[endgroup]
2026-10-09T02:43:40.0302910Z [command]/opt/hostedtoolcache/node/22.16.0/x64/bin/npm config get cache
2026-10-09T02:43:40.1197095Z /home/runner/.npm
2026-10-09T02:43:40.3045972Z npm cache is not found
2026-10-09T02:43:40.3210950Z ##[group]Run mkdir -p .work/initial-presence-bootstrap
2026-10-09T02:43:40.3211451Z [36;1mmkdir -p .work/initial-presence-bootstrap[0m
2026-10-09T02:43:40.3211821Z [36;1mnode --input-type=module <<'JS'[0m
2026-10-09T02:43:40.3212185Z [36;1mimport {writeFile} from 'node:fs/promises';[0m
2026-10-09T02:43:40.3212549Z [36;1mimport assert from 'node:assert/strict';[0m
2026-10-09T02:43:40.3214238Z [36;1mconst identity={version:1,head:process.env.GITHUB_SHA,ref:process.env.GITHUB_REF,runId:process.env.GITHUB_RUN_ID,runAttempt:process.env.GITHUB_RUN_ATTEMPT,job:process.env.GITHUB_JOB,repository:process.env.GITHUB_REPOSITORY,startedUtc:new Date().toISOString(),purpose:'Fresh original browser evidence for the initial-presence repair; not full npm-test acceptance.',originalWorkflowUnchanged:true,physicalPhoneTested:false};[0m
2026-10-09T02:43:40.3216125Z [36;1mawait writeFile('.work/initial-presence-bootstrap/run.json',JSON.stringify(identity,null,2)+'\n');[0m
2026-10-09T02:43:40.3216892Z [36;1massert.equal(identity.runAttempt,'1','this bootstrap must not be rerun to chase a frame pass');[0m
2026-10-09T02:43:40.3217514Z [36;1massert.equal(identity.ref,'refs/heads/job/G02-gin-rummy-audit-20261009');[0m
2026-10-09T02:43:40.3217909Z [36;1mJS[0m
2026-10-09T02:43:40.3454410Z shell: /usr/bin/bash -e {0}
2026-10-09T02:43:40.3454731Z ##[endgroup]
2026-10-09T02:43:40.3882201Z ##[group]Run npm ci --ignore-scripts --no-audit --no-fund
2026-10-09T02:43:40.3882680Z [36;1mnpm ci --ignore-scripts --no-audit --no-fund[0m
2026-10-09T02:43:40.3945277Z shell: /usr/bin/bash -e {0}
2026-10-09T02:43:40.3945545Z ##[endgroup]
2026-10-09T02:43:41.6995983Z 
2026-10-09T02:43:41.7001758Z added 6 packages in 1s
2026-10-09T02:43:41.8151438Z ##[group]Run npx playwright install --with-deps chromium
2026-10-09T02:43:41.8152147Z [36;1mnpx playwright install --with-deps chromium[0m
2026-10-09T02:43:41.8221106Z shell: /usr/bin/bash -e {0}
2026-10-09T02:43:41.8221409Z ##[endgroup]
2026-10-09T02:43:42.7307483Z Installing dependencies...
2026-10-09T02:43:42.7364393Z Switching to root user to install dependencies...
2026-10-09T02:43:42.8270883Z Get:1 file:/etc/apt/apt-mirrors.txt Mirrorlist [144 B]
2026-10-09T02:43:42.8572372Z Hit:2 http://azure.archive.ubuntu.com/ubuntu noble InRelease
2026-10-09T02:43:42.8574108Z Get:6 https://packages.microsoft.com/ubuntu/24.04/prod noble InRelease [3600 B]
2026-10-09T02:43:42.8612306Z Get:3 http://azure.archive.ubuntu.com/ubuntu noble-updates InRelease [126 kB]
2026-10-09T02:43:42.8650506Z Get:4 http://azure.archive.ubuntu.com/ubuntu noble-backports InRelease [126 kB]
2026-10-09T02:43:42.8720134Z Get:5 http://azure.archive.ubuntu.com/ubuntu noble-security InRelease [126 kB]
2026-10-09T02:43:42.9804074Z Get:7 https://packages.microsoft.com/ubuntu/24.04/prod noble/main arm64 Packages [475 kB]
2026-10-09T02:43:42.9916196Z Get:8 https://packages.microsoft.com/ubuntu/24.04/prod noble/main armhf Packages [12.3 kB]
2026-10-09T02:43:42.9926977Z Get:9 https://packages.microsoft.com/ubuntu/24.04/prod noble/main all Packages [640 B]
2026-10-09T02:43:42.9942965Z Get:10 https://packages.microsoft.com/ubuntu/24.04/prod noble/main amd64 Packages [531 kB]
2026-10-09T02:43:43.0287131Z Get:11 http://azure.archive.ubuntu.com/ubuntu noble-updates/main amd64 Packages [1375 kB]
2026-10-09T02:43:43.0362338Z Get:12 http://azure.archive.ubuntu.com/ubuntu noble-updates/main Translation-en [306 kB]
2026-10-09T02:43:43.0390510Z Get:13 http://azure.archive.ubuntu.com/ubuntu noble-updates/universe amd64 Packages [1702 kB]
2026-10-09T02:43:43.0491586Z Get:14 http://azure.archive.ubuntu.com/ubuntu noble-updates/universe Translation-en [342 kB]
2026-10-09T02:43:43.0560436Z Get:15 http://azure.archive.ubuntu.com/ubuntu noble-updates/restricted amd64 Packages [1761 kB]
2026-10-09T02:43:43.0640493Z Get:16 http://azure.archive.ubuntu.com/ubuntu noble-updates/restricted Translation-en [401 kB]
2026-10-09T02:43:43.0651938Z Get:17 http://azure.archive.ubuntu.com/ubuntu noble-updates/multiverse amd64 Packages [55.0 kB]
2026-10-09T02:43:43.0666657Z Get:18 http://azure.archive.ubuntu.com/ubuntu noble-updates/multiverse Translation-en [14.3 kB]
2026-10-09T02:43:43.1429524Z Get:19 http://azure.archive.ubuntu.com/ubuntu noble-security/main amd64 Packages [1118 kB]
2026-10-09T02:43:43.1493834Z Get:20 http://azure.archive.ubuntu.com/ubuntu noble-security/main Translation-en [228 kB]
2026-10-09T02:43:43.1933009Z Get:21 http://azure.archive.ubuntu.com/ubuntu noble-security/universe amd64 Packages [1220 kB]
2026-10-09T02:43:43.2000781Z Get:22 http://azure.archive.ubuntu.com/ubuntu noble-security/universe Translation-en [245 kB]
2026-10-09T02:43:43.2021930Z Get:23 http://azure.archive.ubuntu.com/ubuntu noble-security/restricted amd64 Packages [1667 kB]
2026-10-09T02:43:43.2109264Z Get:24 http://azure.archive.ubuntu.com/ubuntu noble-security/restricted Translation-en [383 kB]
2026-10-09T02:43:43.2134637Z Get:25 http://azure.archive.ubuntu.com/ubuntu noble-security/multiverse amd64 Packages [49.8 kB]
2026-10-09T02:43:43.2148407Z Get:26 http://azure.archive.ubuntu.com/ubuntu noble-security/multiverse Translation-en [12.4 kB]
2026-10-09T02:43:46.1084769Z Fetched 12.3 MB in 1s (9975 kB/s)
2026-10-09T02:43:46.9640456Z Reading package lists...
2026-10-09T02:43:46.9873567Z Reading package lists...
2026-10-09T02:43:47.1795286Z Building dependency tree...
2026-10-09T02:43:47.1802183Z Reading state information...
2026-10-09T02:43:47.3249790Z libasound2t64 is already the newest version (1.2.11-1ubuntu0.3).
2026-10-09T02:43:47.3250808Z libasound2t64 set to manually installed.
2026-10-09T02:43:47.3251768Z libatk-bridge2.0-0t64 is already the newest version (2.52.0-1build1).
2026-10-09T02:43:47.3252633Z libatk-bridge2.0-0t64 set to manually installed.
2026-10-09T02:43:47.3253927Z libatk1.0-0t64 is already the newest version (2.52.0-1build1).
2026-10-09T02:43:47.3254605Z libatk1.0-0t64 set to manually installed.
2026-10-09T02:43:47.3255062Z libatspi2.0-0t64 is already the newest version (2.52.0-1build1).
2026-10-09T02:43:47.3255495Z libatspi2.0-0t64 set to manually installed.
2026-10-09T02:43:47.3255916Z libcairo2 is already the newest version (1.18.0-3build1).
2026-10-09T02:43:47.3256304Z libcairo2 set to manually installed.
2026-10-09T02:43:47.3256727Z libcups2t64 is already the newest version (2.4.7-1.2ubuntu7.14).
2026-10-09T02:43:47.3257366Z libcups2t64 set to manually installed.
2026-10-09T02:43:47.3257795Z libdbus-1-3 is already the newest version (1.14.10-4ubuntu4.1).
2026-10-09T02:43:47.3258454Z libdbus-1-3 set to manually installed.
2026-10-09T02:43:47.3259532Z libdrm2 is already the newest version (2.4.125-1ubuntu0.1~24.04.2).
2026-10-09T02:43:47.3260280Z libdrm2 set to manually installed.
2026-10-09T02:43:47.3261032Z libgbm1 is already the newest version (25.2.8-0ubuntu0.24.04.4).
2026-10-09T02:43:47.3261736Z libgbm1 set to manually installed.
2026-10-09T02:43:47.3262481Z libglib2.0-0t64 is already the newest version (2.80.0-6ubuntu3.9).
2026-10-09T02:43:47.3263233Z libglib2.0-0t64 set to manually installed.
2026-10-09T02:43:47.3263940Z libnspr4 is already the newest version (2:4.35-1.1build1).
2026-10-09T02:43:47.3264344Z libnspr4 set to manually installed.
2026-10-09T02:43:47.3265054Z libnss3 is already the newest version (2:3.98-1ubuntu0.2).
2026-10-09T02:43:47.3265745Z libnss3 set to manually installed.
2026-10-09T02:43:47.3266535Z libpango-1.0-0 is already the newest version (1.52.1+ds-1build1).
2026-10-09T02:43:47.3267331Z libpango-1.0-0 set to manually installed.
2026-10-09T02:43:47.3268144Z libx11-6 is already the newest version (2:1.8.7-1build1).
2026-10-09T02:43:47.3268831Z libx11-6 set to manually installed.
2026-10-09T02:43:47.3271380Z libxcb1 is already the newest version (1.15-1ubuntu2).
2026-10-09T02:43:47.3272072Z libxcb1 set to manually installed.
2026-10-09T02:43:47.3272852Z libxcomposite1 is already the newest version (1:0.4.5-1build3).
2026-10-09T02:43:47.3273616Z libxcomposite1 set to manually installed.
2026-10-09T02:43:47.3274390Z libxdamage1 is already the newest version (1:1.1.6-1build1).
2026-10-09T02:43:47.3275125Z libxdamage1 set to manually installed.
2026-10-09T02:43:47.3275846Z libxext6 is already the newest version (2:1.3.4-1build2).
2026-10-09T02:43:47.3276537Z libxext6 set to manually installed.
2026-10-09T02:43:47.3277257Z libxfixes3 is already the newest version (1:6.0.0-2build1).
2026-10-09T02:43:47.3277973Z libxfixes3 set to manually installed.
2026-10-09T02:43:47.3278823Z libxkbcommon0 is already the newest version (1.6.0-1build1).
2026-10-09T02:43:47.3279791Z libxkbcommon0 set to manually installed.
2026-10-09T02:43:47.3280567Z libxrandr2 is already the newest version (2:1.5.2-2build1).
2026-10-09T02:43:47.3281295Z libxrandr2 set to manually installed.
2026-10-09T02:43:47.3282053Z xvfb is already the newest version (2:21.1.12-1ubuntu1.8).
2026-10-09T02:43:47.3283071Z fonts-noto-color-emoji is already the newest version (2.047-0ubuntu0.24.04.1).
2026-10-09T02:43:47.3284129Z libfontconfig1 is already the newest version (2.15.0-1.1ubuntu2).
2026-10-09T02:43:47.3284960Z libfontconfig1 set to manually installed.
2026-10-09T02:43:47.3285772Z fonts-liberation is already the newest version (1:2.1.5-3).
2026-10-09T02:43:47.3286556Z fonts-liberation set to manually installed.
2026-10-09T02:43:47.3287321Z The following additional packages will be installed:
2026-10-09T02:43:47.3288003Z   xfonts-encodings xfonts-utils
2026-10-09T02:43:47.3288625Z Recommended packages:
2026-10-09T02:43:47.3289392Z   fonts-ipafont-mincho fonts-tlwg-loma
2026-10-09T02:43:47.3455943Z The following NEW packages will be installed:
2026-10-09T02:43:47.3456517Z   fonts-freefont-ttf fonts-ipafont-gothic fonts-tlwg-loma-otf fonts-unifont
2026-10-09T02:43:47.3462845Z   fonts-wqy-zenhei xfonts-cyrillic xfonts-encodings xfonts-scalable
2026-10-09T02:43:47.3463624Z   xfonts-utils
2026-10-09T02:43:47.3467295Z The following packages will be upgraded:
2026-10-09T02:43:47.3472197Z   libfreetype6
2026-10-09T02:43:47.3635052Z 1 upgraded, 9 newly installed, 0 to remove and 22 not upgraded.
2026-10-09T02:43:47.3635821Z Need to get 21.5 MB of archives.
2026-10-09T02:43:47.3636597Z After this operation, 79.5 MB of additional disk space will be used.
2026-10-09T02:43:47.3637464Z Get:1 file:/etc/apt/apt-mirrors.txt Mirrorlist [144 B]
2026-10-09T02:43:47.4269895Z Get:2 http://azure.archive.ubuntu.com/ubuntu noble/universe amd64 fonts-ipafont-gothic all 00303-21ubuntu1 [3513 kB]
2026-10-09T02:43:47.5493876Z Get:3 http://azure.archive.ubuntu.com/ubuntu noble/main amd64 fonts-freefont-ttf all 20211204+svn4273-2 [5641 kB]
2026-10-09T02:43:47.7224078Z Get:4 http://azure.archive.ubuntu.com/ubuntu noble/universe amd64 fonts-tlwg-loma-otf all 1:0.7.3-1 [107 kB]
2026-10-09T02:43:47.7743668Z Get:5 http://azure.archive.ubuntu.com/ubuntu noble/universe amd64 fonts-unifont all 1:15.1.01-1build1 [2993 kB]
2026-10-09T02:43:47.9512310Z Get:6 http://azure.archive.ubuntu.com/ubuntu noble/universe amd64 fonts-wqy-zenhei all 0.9.45-8 [7472 kB]
2026-10-09T02:43:48.1536991Z Get:7 http://azure.archive.ubuntu.com/ubuntu noble-updates/main amd64 libfreetype6 amd64 2.13.2+dfsg-1ubuntu0.2 [403 kB]
2026-10-09T02:43:48.2096540Z Get:8 http://azure.archive.ubuntu.com/ubuntu noble/main amd64 xfonts-encodings all 1:1.0.5-0ubuntu2 [578 kB]
2026-10-09T02:43:48.2721709Z Get:9 http://azure.archive.ubuntu.com/ubuntu noble/main amd64 xfonts-utils amd64 1:7.7+6build3 [94.4 kB]
2026-10-09T02:43:48.3221290Z Get:10 http://azure.archive.ubuntu.com/ubuntu noble/universe amd64 xfonts-cyrillic all 1:1.0.5+nmu1 [384 kB]
2026-10-09T02:43:48.3783705Z Get:11 http://azure.archive.ubuntu.com/ubuntu noble/main amd64 xfonts-scalable all 1:1.0.3-1.3 [304 kB]
2026-10-09T02:43:48.6317450Z Fetched 21.5 MB in 1s (20.7 MB/s)
2026-10-09T02:43:48.6540138Z Selecting previously unselected package fonts-ipafont-gothic.
2026-10-09T02:43:48.6772584Z (Reading database ... 
2026-10-09T02:43:48.6773249Z (Reading database ... 5%
2026-10-09T02:43:48.6773810Z (Reading database ... 10%
2026-10-09T02:43:48.6774258Z (Reading database ... 15%
2026-10-09T02:43:48.6774596Z (Reading database ... 20%
2026-10-09T02:43:48.6775068Z (Reading database ... 25%
2026-10-09T02:43:48.6775513Z (Reading database ... 30%
2026-10-09T02:43:48.6775954Z (Reading database ... 35%
2026-10-09T02:43:48.6776311Z (Reading database ... 40%
2026-10-09T02:43:48.6776552Z (Reading database ... 45%
2026-10-09T02:43:48.6776796Z (Reading database ... 50%
2026-10-09T02:43:48.6815110Z (Reading database ... 55%
2026-10-09T02:43:48.7701918Z (Reading database ... 60%
2026-10-09T02:43:48.9796227Z (Reading database ... 65%
2026-10-09T02:43:49.3382982Z (Reading database ... 70%
2026-10-09T02:43:49.5092983Z (Reading database ... 75%
2026-10-09T02:43:49.6293315Z (Reading database ... 80%
2026-10-09T02:43:49.7661231Z (Reading database ... 85%
2026-10-09T02:43:49.9256545Z (Reading database ... 90%
2026-10-09T02:43:50.0636957Z (Reading database ... 95%
2026-10-09T02:43:50.0637367Z (Reading database ... 100%
2026-10-09T02:43:50.0637964Z (Reading database ... 203191 files and directories currently installed.)
2026-10-09T02:43:50.0680226Z Preparing to unpack .../0-fonts-ipafont-gothic_00303-21ubuntu1_all.deb ...
2026-10-09T02:43:50.0777375Z Unpacking fonts-ipafont-gothic (00303-21ubuntu1) ...
2026-10-09T02:43:50.3059673Z Selecting previously unselected package fonts-freefont-ttf.
2026-10-09T02:43:50.3182391Z Preparing to unpack .../1-fonts-freefont-ttf_20211204+svn4273-2_all.deb ...
2026-10-09T02:43:50.3188704Z Unpacking fonts-freefont-ttf (20211204+svn4273-2) ...
2026-10-09T02:43:50.3986204Z Selecting previously unselected package fonts-tlwg-loma-otf.
2026-10-09T02:43:50.4109550Z Preparing to unpack .../2-fonts-tlwg-loma-otf_1%3a0.7.3-1_all.deb ...
2026-10-09T02:43:50.4115406Z Unpacking fonts-tlwg-loma-otf (1:0.7.3-1) ...
2026-10-09T02:43:50.4313100Z Selecting previously unselected package fonts-unifont.
2026-10-09T02:43:50.4437753Z Preparing to unpack .../3-fonts-unifont_1%3a15.1.01-1build1_all.deb ...
2026-10-09T02:43:50.4443460Z Unpacking fonts-unifont (1:15.1.01-1build1) ...
2026-10-09T02:43:50.5510906Z Selecting previously unselected package fonts-wqy-zenhei.
2026-10-09T02:43:50.5634684Z Preparing to unpack .../4-fonts-wqy-zenhei_0.9.45-8_all.deb ...
2026-10-09T02:43:50.5730391Z Unpacking fonts-wqy-zenhei (0.9.45-8) ...
2026-10-09T02:43:51.0536519Z Preparing to unpack .../5-libfreetype6_2.13.2+dfsg-1ubuntu0.2_amd64.deb ...
2026-10-09T02:43:51.0567190Z Unpacking libfreetype6:amd64 (2.13.2+dfsg-1ubuntu0.2) over (2.13.2+dfsg-1ubuntu0.1) ...
2026-10-09T02:43:51.0808037Z Selecting previously unselected package xfonts-encodings.
2026-10-09T02:43:51.0932893Z Preparing to unpack .../6-xfonts-encodings_1%3a1.0.5-0ubuntu2_all.deb ...
2026-10-09T02:43:51.0939674Z Unpacking xfonts-encodings (1:1.0.5-0ubuntu2) ...
2026-10-09T02:43:51.1215467Z Selecting previously unselected package xfonts-utils.
2026-10-09T02:43:51.1339461Z Preparing to unpack .../7-xfonts-utils_1%3a7.7+6build3_amd64.deb ...
2026-10-09T02:43:51.1345920Z Unpacking xfonts-utils (1:7.7+6build3) ...
2026-10-09T02:43:51.1616661Z Selecting previously unselected package xfonts-cyrillic.
2026-10-09T02:43:51.1740545Z Preparing to unpack .../8-xfonts-cyrillic_1%3a1.0.5+nmu1_all.deb ...
2026-10-09T02:43:51.1747109Z Unpacking xfonts-cyrillic (1:1.0.5+nmu1) ...
2026-10-09T02:43:51.2077629Z Selecting previously unselected package xfonts-scalable.
2026-10-09T02:43:51.2201199Z Preparing to unpack .../9-xfonts-scalable_1%3a1.0.3-1.3_all.deb ...
2026-10-09T02:43:51.2208594Z Unpacking xfonts-scalable (1:1.0.3-1.3) ...
2026-10-09T02:43:51.2621017Z Setting up fonts-wqy-zenhei (0.9.45-8) ...
2026-10-09T02:43:51.2727555Z Setting up fonts-freefont-ttf (20211204+svn4273-2) ...
2026-10-09T02:43:51.2742336Z Setting up fonts-tlwg-loma-otf (1:0.7.3-1) ...
2026-10-09T02:43:51.2758505Z Setting up libfreetype6:amd64 (2.13.2+dfsg-1ubuntu0.2) ...
2026-10-09T02:43:51.2775216Z Setting up xfonts-encodings (1:1.0.5-0ubuntu2) ...
2026-10-09T02:43:51.2791163Z Setting up fonts-ipafont-gothic (00303-21ubuntu1) ...
2026-10-09T02:43:51.2852923Z update-alternatives: using /usr/share/fonts/opentype/ipafont-gothic/ipag.ttf to provide /usr/share/fonts/truetype/fonts-japanese-gothic.ttf (fonts-japanese-gothic.ttf) in auto mode
2026-10-09T02:43:51.2867748Z Setting up fonts-unifont (1:15.1.01-1build1) ...
2026-10-09T02:43:51.2885764Z Setting up xfonts-utils (1:7.7+6build3) ...
2026-10-09T02:43:51.2921567Z Setting up xfonts-cyrillic (1:1.0.5+nmu1) ...
2026-10-09T02:43:51.3190785Z Setting up xfonts-scalable (1:1.0.3-1.3) ...
2026-10-09T02:43:51.3451353Z Processing triggers for libc-bin (2.39-0ubuntu8.9) ...
2026-10-09T02:43:51.3751913Z Processing triggers for man-db (2.12.0-4build2) ...
2026-10-09T02:43:51.3771294Z Not building database; man-db/auto-update is not 'true'.
2026-10-09T02:43:51.3781908Z Processing triggers for fontconfig (2.15.0-1.1ubuntu2) ...
2026-10-09T02:43:52.0708645Z 
2026-10-09T02:43:52.0709587Z Running kernel seems to be up-to-date.
2026-10-09T02:43:52.0709983Z 
2026-10-09T02:43:52.0710182Z Restarting services...
2026-10-09T02:43:52.0784102Z  systemctl restart php8.3-fpm.service
2026-10-09T02:43:52.1883668Z 
2026-10-09T02:43:52.1885173Z No containers need to be restarted.
2026-10-09T02:43:52.1885575Z 
2026-10-09T02:43:52.1885924Z No user sessions are running outdated binaries.
2026-10-09T02:43:52.1886303Z 
2026-10-09T02:43:52.1886812Z No VM guests are running outdated hypervisor (qemu) binaries on this host.
2026-10-09T02:43:53.0492128Z Downloading Chromium 141.0.7390.37 (playwright build v1194) from https://cdn.playwright.dev/dbazure/download/playwright/builds/chromium/1194/chromium-linux.zip
2026-10-09T02:43:53.2457955Z |                                                                                |   0% of 173.9 MiB
2026-10-09T02:43:53.6127043Z |■■■■■■■■                                                                        |  10% of 173.9 MiB
2026-10-09T02:43:53.7735763Z |■■■■■■■■■■■■■■■■                                                                |  20% of 173.9 MiB
2026-10-09T02:43:53.9948202Z |■■■■■■■■■■■■■■■■■■■■■■■■                                                        |  30% of 173.9 MiB
2026-10-09T02:43:54.1900245Z |■■■■■■■■■■■■■■■■■■■■■■■■■■■■■■■■                                                |  40% of 173.9 MiB
2026-10-09T02:43:54.3622199Z |■■■■■■■■■■■■■■■■■■■■■■■■■■■■■■■■■■■■■■■■                                        |  50% of 173.9 MiB
2026-10-09T02:43:54.5142489Z |■■■■■■■■■■■■■■■■■■■■■■■■■■■■■■■■■■■■■■■■■■■■■■■■                                |  60% of 173.9 MiB
2026-10-09T02:43:54.6717470Z |■■■■■■■■■■■■■■■■■■■■■■■■■■■■■■■■■■■■■■■■■■■■■■■■■■■■■■■■                        |  70% of 173.9 MiB
2026-10-09T02:43:54.8293697Z |■■■■■■■■■■■■■■■■■■■■■■■■■■■■■■■■■■■■■■■■■■■■■■■■■■■■■■■■■■■■■■■■                |  80% of 173.9 MiB
2026-10-09T02:43:54.9936846Z |■■■■■■■■■■■■■■■■■■■■■■■■■■■■■■■■■■■■■■■■■■■■■■■■■■■■■■■■■■■■■■■■■■■■■■■■        |  90% of 173.9 MiB
2026-10-09T02:43:55.2566176Z |■■■■■■■■■■■■■■■■■■■■■■■■■■■■■■■■■■■■■■■■■■■■■■■■■■■■■■■■■■■■■■■■■■■■■■■■■■■■■■■■| 100% of 173.9 MiB
2026-10-09T02:43:58.8378599Z Chromium 141.0.7390.37 (playwright build v1194) downloaded to /home/runner/.cache/ms-playwright/chromium-1194
2026-10-09T02:43:58.8381709Z Downloading FFMPEG playwright build v1011 from https://cdn.playwright.dev/dbazure/download/playwright/builds/ffmpeg/1011/ffmpeg-linux.zip
2026-10-09T02:43:59.0263400Z |                                                                                |   0% of 2.3 MiB
2026-10-09T02:43:59.0760988Z |■■■■■■■■                                                                        |  10% of 2.3 MiB
2026-10-09T02:43:59.0960057Z |■■■■■■■■■■■■■■■■                                                                |  20% of 2.3 MiB
2026-10-09T02:43:59.1121762Z |■■■■■■■■■■■■■■■■■■■■■■■■                                                        |  30% of 2.3 MiB
2026-10-09T02:43:59.1270131Z |■■■■■■■■■■■■■■■■■■■■■■■■■■■■■■■■                                                |  40% of 2.3 MiB
2026-10-09T02:43:59.1308478Z |■■■■■■■■■■■■■■■■■■■■■■■■■■■■■■■■■■■■■■■■                                        |  50% of 2.3 MiB
2026-10-09T02:43:59.1449407Z |■■■■■■■■■■■■■■■■■■■■■■■■■■■■■■■■■■■■■■■■■■■■■■■■                                |  60% of 2.3 MiB
2026-10-09T02:43:59.1471963Z |■■■■■■■■■■■■■■■■■■■■■■■■■■■■■■■■■■■■■■■■■■■■■■■■■■■■■■■■                        |  70% of 2.3 MiB
2026-10-09T02:43:59.1494345Z |■■■■■■■■■■■■■■■■■■■■■■■■■■■■■■■■■■■■■■■■■■■■■■■■■■■■■■■■■■■■■■■■                |  80% of 2.3 MiB
2026-10-09T02:43:59.1620945Z |■■■■■■■■■■■■■■■■■■■■■■■■■■■■■■■■■■■■■■■■■■■■■■■■■■■■■■■■■■■■■■■■■■■■■■■■        |  90% of 2.3 MiB
2026-10-09T02:43:59.1636514Z |■■■■■■■■■■■■■■■■■■■■■■■■■■■■■■■■■■■■■■■■■■■■■■■■■■■■■■■■■■■■■■■■■■■■■■■■■■■■■■■■| 100% of 2.3 MiB
2026-10-09T02:43:59.2332309Z FFMPEG playwright build v1011 downloaded to /home/runner/.cache/ms-playwright/ffmpeg-1011
2026-10-09T02:43:59.2335965Z Downloading Chromium Headless Shell 141.0.7390.37 (playwright build v1194) from https://cdn.playwright.dev/dbazure/download/playwright/builds/chromium/1194/chromium-headless-shell-linux.zip
2026-10-09T02:43:59.4476769Z |                                                                                |   0% of 104.3 MiB
2026-10-09T02:43:59.6710601Z |■■■■■■■■                                                                        |  10% of 104.3 MiB
2026-10-09T02:43:59.7381203Z |■■■■■■■■■■■■■■■■                                                                |  20% of 104.3 MiB
2026-10-09T02:43:59.9987132Z |■■■■■■■■■■■■■■■■■■■■■■■■                                                        |  30% of 104.3 MiB
2026-10-09T02:44:00.0680156Z |■■■■■■■■■■■■■■■■■■■■■■■■■■■■■■■■                                                |  40% of 104.3 MiB
2026-10-09T02:44:00.2992265Z |■■■■■■■■■■■■■■■■■■■■■■■■■■■■■■■■■■■■■■■■                                        |  50% of 104.3 MiB
2026-10-09T02:44:00.3784917Z |■■■■■■■■■■■■■■■■■■■■■■■■■■■■■■■■■■■■■■■■■■■■■■■■                                |  60% of 104.3 MiB
2026-10-09T02:44:00.4591905Z |■■■■■■■■■■■■■■■■■■■■■■■■■■■■■■■■■■■■■■■■■■■■■■■■■■■■■■■■                        |  70% of 104.3 MiB
2026-10-09T02:44:00.5608167Z |■■■■■■■■■■■■■■■■■■■■■■■■■■■■■■■■■■■■■■■■■■■■■■■■■■■■■■■■■■■■■■■■                |  80% of 104.3 MiB
2026-10-09T02:44:00.7586860Z |■■■■■■■■■■■■■■■■■■■■■■■■■■■■■■■■■■■■■■■■■■■■■■■■■■■■■■■■■■■■■■■■■■■■■■■■        |  90% of 104.3 MiB
2026-10-09T02:44:00.8520175Z |■■■■■■■■■■■■■■■■■■■■■■■■■■■■■■■■■■■■■■■■■■■■■■■■■■■■■■■■■■■■■■■■■■■■■■■■■■■■■■■■| 100% of 104.3 MiB
2026-10-09T02:44:02.8093080Z Chromium Headless Shell 141.0.7390.37 (playwright build v1194) downloaded to /home/runner/.cache/ms-playwright/chromium_headless_shell-1194
2026-10-09T02:44:02.8913969Z ##[group]Run npm run build
2026-10-09T02:44:02.8914290Z [36;1mnpm run build[0m
2026-10-09T02:44:02.8977921Z shell: /usr/bin/bash -e {0}
2026-10-09T02:44:02.8978180Z ##[endgroup]
2026-10-09T02:44:02.9953291Z 
2026-10-09T02:44:02.9953902Z > partybox-g02-gin-rummy@1.2.1 build
2026-10-09T02:44:02.9954644Z > tsc --noEmit && node scripts/build.mjs
2026-10-09T02:44:02.9955001Z 
2026-10-09T02:44:05.1283342Z ##[group]Run git diff --exit-code -- play.html
2026-10-09T02:44:05.1283724Z [36;1mgit diff --exit-code -- play.html[0m
2026-10-09T02:44:05.1345987Z shell: /usr/bin/bash -e {0}
2026-10-09T02:44:05.1346247Z ##[endgroup]
2026-10-09T02:44:05.2400754Z ##[group]Run node --input-type=module <<'JS'
2026-10-09T02:44:05.2401437Z [36;1mnode --input-type=module <<'JS'[0m
2026-10-09T02:44:05.2402016Z [36;1mimport assert from 'node:assert/strict';[0m
2026-10-09T02:44:05.2402746Z [36;1mimport {readFile,writeFile,mkdir} from 'node:fs/promises';[0m
2026-10-09T02:44:05.2403473Z [36;1mimport {dirname} from 'node:path';[0m
2026-10-09T02:44:05.2404510Z [36;1mimport {browserSourcePaths,browserSourceHashes,sha256} from './scripts/browser-source-guard.mjs';[0m
2026-10-09T02:44:05.2405886Z [36;1mconst base='.work/initial-presence-bootstrap',sources=await browserSourceHashes(),copied=[];[0m
2026-10-09T02:44:05.2406842Z [36;1mconst destination=path=>{[0m
2026-10-09T02:44:05.2407780Z [36;1m  if(path.startsWith('../../contract/'))return base+'/sources/contract/'+path.slice('../../contract/'.length);[0m
2026-10-09T02:44:05.2409272Z [36;1m  if(path==='../../.github/workflows/G02.yml')return base+'/sources/workflow/G02.yml';[0m
2026-10-09T02:44:05.2410417Z [36;1m  assert(!path.startsWith('../')&&!path.startsWith('/'));return base+'/sources/job/'+path;[0m
2026-10-09T02:44:05.2411238Z [36;1m};[0m
2026-10-09T02:44:05.2411706Z [36;1mfor(const path of browserSourcePaths){[0m
2026-10-09T02:44:05.2412684Z [36;1m  const bytes=await readFile(path),target=destination(path);assert.equal(sha256(bytes),sources[path]);[0m
2026-10-09T02:44:05.2414208Z [36;1m  await mkdir(dirname(target),{recursive:true});await writeFile(target,bytes);[0m
2026-10-09T02:44:05.2415392Z [36;1m  copied.push({originalPath:path,artifactPath:target,bytes:bytes.length,sha256:sha256(bytes)});[0m
2026-10-09T02:44:05.2416307Z [36;1m}[0m
2026-10-09T02:44:05.2417051Z [36;1mconst bootstrap=await readFile('../../.github/workflows/G02-initial-presence-browser.yml');[0m
2026-10-09T02:44:05.2418094Z [36;1mawait writeFile(base+'/bootstrap-workflow.yml',bootstrap);[0m
2026-10-09T02:44:05.2419314Z [36;1mawait writeFile(base+'/source-start.json',JSON.stringify(sources,null,2)+'\n');[0m
2026-10-09T02:44:05.2421380Z [36;1mawait writeFile(base+'/source-copy-index.json',JSON.stringify({version:1,head:process.env.GITHUB_SHA,originalGuardedSources:browserSourcePaths.length,bootstrapWorkflowSha256:sha256(bootstrap),copied},null,2)+'\n');[0m
2026-10-09T02:44:05.2423247Z [36;1massert.equal(copied.length,35);[0m
2026-10-09T02:44:05.2424225Z [36;1mconsole.log(JSON.stringify({preservedOriginalInputs:copied.length,head:process.env.GITHUB_SHA}));[0m
2026-10-09T02:44:05.2425162Z [36;1mJS[0m
2026-10-09T02:44:05.2502241Z shell: /usr/bin/bash -e {0}
2026-10-09T02:44:05.2502513Z ##[endgroup]
2026-10-09T02:44:05.3181970Z {"preservedOriginalInputs":35,"head":"5fe5d08e16606b80e02bc88014476343f16851ff"}
2026-10-09T02:44:05.3244636Z ##[group]Run node scripts/browser-check.mjs
2026-10-09T02:44:05.3245005Z [36;1mnode scripts/browser-check.mjs[0m
2026-10-09T02:44:05.3307197Z shell: /usr/bin/bash -e {0}
2026-10-09T02:44:05.3307453Z ##[endgroup]
2026-10-09T02:44:05.7203475Z {"kind":"full browser proof","started":"2026-10-09T02:44:05.718Z","pid":3939,"sourceStart":{"play.html":"df0dcd628e146a875194042a4909a4bdcb8a3ad482a95d6b442eea548c5f8375","src/core.ts":"3a275679866d4822d8f41cf450e0f4883756ba9498ad026feb5395d8618ffc9b","src/cards.ts":"e309e103393bc1aaaf10b34e3994de815dd693d1828a61566723b8fba573fdb9","src/browser.ts":"56fb3b450aa29e9dda800a69b187d66d5446e056bf2b89b349a9bef1479131e4","src/play.template.html":"1b5188f105cfd9766f3f19c0a6f3cfa1b522cbd676ec5fde0dbfa1566a09f8c7","../../contract/contract.ts":"c0f999c153074769c99c67ab2a71ad66c879e45e834713f3367b2bde4a1873d5","../../contract/constants.ts":"27cdd23112ea03f344457e6f6e6b5839ff536ebeadbba189751520353aa085ef","../../contract/rng.ts":"7cfcf3024723607e8dd1ce6ccc5683a48d71fcc617947304cc5b9f6d3d7842fe","../../contract/minigame-schema.ts":"2438655eeb8ca658543b475070e6fb3ccb3947f154f57caa3f619c87853c9bbb","../../contract/player-count-schema.ts":"0748d9d9bcf795d0693c37a0f369b262fd8801dec9ab1e4a9a4f5ec23751a189","dist/core.mjs":"3e19e5ef083eab3761a95b2d51edc26991ec6c5041545f3892b30787dee98705","dist/cards.mjs":"1b8d994514e2de1464f361bddac143b99dfa328037152a89a476bcb1ce5f6c77","dist/contract.mjs":"0d477737fffa3503f35a19d174fce2f29de33bef1769ee5bba2c327ac592101a","scripts/browser-check.mjs":"536587be20208be80ec3bc081be7ff5a23ceeac9bc83ab3a67095084bbbd87dc","scripts/clock-check.mjs":"beba34324460280157fbdffd947f02731437e067fbb6ac816a7e49d2c4e6da19","scripts/meld-check.mjs":"d514a510f1972bdfa0b60d5148c1d42a82efeb4b21f3b799c4e0794054b4b7e4","scripts/results-check.mjs":"c478d1b3f32b71c94f2d5307f2c3b3e1e044edd84833d28e7ffc165f13bd310f","scripts/name-check.mjs":"3802ec077deee82176a892bcb51df0bb268c7ab765851d636faa5ab2228f531f","scripts/host-check.mjs":"e47e9a53aad166af54d78ea28e44ec5defff3e56d69139863113f5c132425b50","scripts/public-history-check.mjs":"5c887f46d5240f1434f173bbd495c560869441b074447d52f4a49878a66a0859","tests/browser-fixture.mjs":"f499940919128006bc90c4cb08eb766677c1bff3ea4dccf02645863a3bc50621","tests/helpers.mjs":"402515edb7b2a6af9548da2a2f1a7fa8f6b220b425da9664bd8c4a3e8b552b2e","scripts/browser-source-guard.mjs":"e5d9304a91ef04963133fe6bbae2c62189da28e917562da5a7cdb856596a1622","scripts/frame-coordination.mjs":"f1d34bfd418b5446a14c2ee3b3ba297eac18ed126d4ee261dffab57224399656","scripts/strict-browser-proof.mjs":"fae9a75d472307307c6eb4781c77f32845ebdade6f4104d859957ce62c1d43d9","scripts/browser-proof.mjs":"3ce834d0a764a4aefc93d0eaf7171f805d4ea5428563bcd976728f65222a8489","scripts/capture.mjs":"72077090f49f70e74c05ee925560a760f1f52b671ccb72d63570d609b9f80985","scripts/build.mjs":"3580cac9f713c9e4c3bfe8a83ec6bef33a64cd30be2c5d27c028b29a6a06fe8e","scripts/integrity.mjs":"7104c27be54110cac7b2d336e594ce0681a578fcb301a863540084619a7e42bb","scripts/check-evidence-links.mjs":"03484934e141e8e0b08e8928bf6f89f48a15f0cfe95b24e94273eebfb1a62842","package.json":"8855d609e12ca7990d525b64c285513acde1420fc6368ccca3a937979253a91b","package-lock.json":"bb2357fee1276cb24714d62a0a02d478e465806f5ec8978034da5594d6fa765a","tsconfig.json":"624efd829d3631cf6a6cc8d7b345e93bb47e713f05162b0ff511ef6cfc0a6ac3","manifest.json":"d079699772d442cda13bf8a41672e7de59d8a62966e07d0c87b8b8e991d84dbb","../../.github/workflows/G02.yml":"438061d4cd18c18cc09ade9cf587830b9788dd1541f8ea33ad066edf58830bbb"}}
2026-10-09T02:44:16.6665534Z {"frameWindow":"CLOSED","profile":"desktop","sourceSha256":"df0dcd628e146a875194042a4909a4bdcb8a3ad482a95d6b442eea548c5f8375","attemptNonce":"57a1d9f8-777f-4897-b936-b5b7a8aa4ffe","coordination":"uncoordinated","readyUtc":null,"grantUtc":null,"status":"samples-written","rawIntervals":600,"utc":"2026-10-09T02:44:16.666Z"}
2026-10-09T02:44:16.8901650Z {"label":"desktop","fps":60.00300015000751,"meanMs":16.66583333333333,"p99Ms":16.800000000000182,"maxMs":16.80000000000109,"networkRequests":0,"pageErrors":0}
2026-10-09T02:44:27.8775774Z {"frameWindow":"CLOSED","profile":"phone4x","sourceSha256":"df0dcd628e146a875194042a4909a4bdcb8a3ad482a95d6b442eea548c5f8375","attemptNonce":"d0dfafd1-fbbc-4511-b421-8a92a83dee09","coordination":"uncoordinated","readyUtc":null,"grantUtc":null,"status":"samples-written","rawIntervals":600,"utc":"2026-10-09T02:44:27.876Z"}
2026-10-09T02:44:28.1201239Z {"label":"phone4x","fps":60.00180005400161,"meanMs":16.66616666666667,"p99Ms":16.800000000000182,"maxMs":16.80000000000109,"networkRequests":0,"pageErrors":0}
2026-10-09T02:44:28.3755744Z {"kind":"synthetic delayed-host-callback and pause regression","elapsedMs":20000,"configuredTurnMs":10000,"firstExpiredCallbackCount":1,"actionsBefore":0,"actionsAfter":1,"deadlineAdvancedOnElapsedTime":true,"visibleCountdown":true,"pausePreservesRemainingTime":true,"entropyCalls":1,"controlledTestSeed":7199}
2026-10-09T02:44:30.7138610Z {"customMeldRegression":[{"label":"desktop","cpuThrottle":1,"namedCardControls":10,"privateDraftCleared":true,"invalidGroupsPreventKnock":true,"closedControlsRestoreAutomaticKnock":true,"revealShowsDeclaredLayout":true,"defenderResolvedDeadwood":0,"undercutPoints":11,"pageErrors":0,"networkRequests":0,"fixture":"initial state only; production reducer, solver and renderer"},{"label":"phone4x","cpuThrottle":4,"namedCardControls":10,"privateDraftCleared":true,"invalidGroupsPreventKnock":true,"closedControlsRestoreAutomaticKnock":true,"revealShowsDeclaredLayout":true,"defenderResolvedDeadwood":0,"undercutPoints":11,"pageErrors":0,"networkRequests":0,"fixture":"initial state only; production reducer, solver and renderer"}]}
2026-10-09T02:44:31.6946804Z {"resultsRegression":[{"label":"desktop","cpuThrottle":1,"targetWinner":"p0","displayedWinner":"Target winner","finalPoints":{"p0":388,"p1":499},"explanationVisible":true,"pageErrors":0,"fixture":"initial state only; production reducer and renderer"},{"label":"phone4x","cpuThrottle":4,"targetWinner":"p0","displayedWinner":"Target winner","finalPoints":{"p0":388,"p1":499},"explanationVisible":true,"pageErrors":0,"fixture":"initial state only; production reducer and renderer"}]}
2026-10-09T02:44:32.2589533Z {"payload":"<svg onload=alert(1)>","renderedAsText":true,"insertedMarkupNodes":0,"dialogs":0,"pageErrors":0,"networkRequests":0,"cpuThrottle":4}
2026-10-09T02:44:34.4007396Z {"runId":"2026-10-09T02-44-05-718Z","passed":true,"sourceUnchanged":true,"extraHostChecks":5,"rows":[{"label":"desktop","fps":60.00300015000751,"p99Ms":16.800000000000182,"maxMs":16.80000000000109,"frameGatePassed":true},{"label":"phone4x","fps":60.00180005400161,"p99Ms":16.800000000000182,"maxMs":16.80000000000109,"frameGatePassed":true}]}
2026-10-09T02:44:34.4136867Z ##[group]Run node scripts/capture.mjs initial-presence-bootstrap --public-history --ci-output
2026-10-09T02:44:34.4137679Z [36;1mnode scripts/capture.mjs initial-presence-bootstrap --public-history --ci-output[0m
2026-10-09T02:44:34.4200872Z shell: /usr/bin/bash -e {0}
2026-10-09T02:44:34.4201134Z ##[endgroup]
2026-10-09T02:44:34.7333686Z {"kind":"functional recordings","started":"2026-10-09T02:44:34.729Z","pid":4133,"sourceStart":{"play.html":"df0dcd628e146a875194042a4909a4bdcb8a3ad482a95d6b442eea548c5f8375","src/core.ts":"3a275679866d4822d8f41cf450e0f4883756ba9498ad026feb5395d8618ffc9b","src/cards.ts":"e309e103393bc1aaaf10b34e3994de815dd693d1828a61566723b8fba573fdb9","src/browser.ts":"56fb3b450aa29e9dda800a69b187d66d5446e056bf2b89b349a9bef1479131e4","src/play.template.html":"1b5188f105cfd9766f3f19c0a6f3cfa1b522cbd676ec5fde0dbfa1566a09f8c7","../../contract/contract.ts":"c0f999c153074769c99c67ab2a71ad66c879e45e834713f3367b2bde4a1873d5","../../contract/constants.ts":"27cdd23112ea03f344457e6f6e6b5839ff536ebeadbba189751520353aa085ef","../../contract/rng.ts":"7cfcf3024723607e8dd1ce6ccc5683a48d71fcc617947304cc5b9f6d3d7842fe","../../contract/minigame-schema.ts":"2438655eeb8ca658543b475070e6fb3ccb3947f154f57caa3f619c87853c9bbb","../../contract/player-count-schema.ts":"0748d9d9bcf795d0693c37a0f369b262fd8801dec9ab1e4a9a4f5ec23751a189","dist/core.mjs":"3e19e5ef083eab3761a95b2d51edc26991ec6c5041545f3892b30787dee98705","dist/cards.mjs":"1b8d994514e2de1464f361bddac143b99dfa328037152a89a476bcb1ce5f6c77","dist/contract.mjs":"0d477737fffa3503f35a19d174fce2f29de33bef1769ee5bba2c327ac592101a","scripts/browser-check.mjs":"536587be20208be80ec3bc081be7ff5a23ceeac9bc83ab3a67095084bbbd87dc","scripts/clock-check.mjs":"beba34324460280157fbdffd947f02731437e067fbb6ac816a7e49d2c4e6da19","scripts/meld-check.mjs":"d514a510f1972bdfa0b60d5148c1d42a82efeb4b21f3b799c4e0794054b4b7e4","scripts/results-check.mjs":"c478d1b3f32b71c94f2d5307f2c3b3e1e044edd84833d28e7ffc165f13bd310f","scripts/name-check.mjs":"3802ec077deee82176a892bcb51df0bb268c7ab765851d636faa5ab2228f531f","scripts/host-check.mjs":"e47e9a53aad166af54d78ea28e44ec5defff3e56d69139863113f5c132425b50","scripts/public-history-check.mjs":"5c887f46d5240f1434f173bbd495c560869441b074447d52f4a49878a66a0859","tests/browser-fixture.mjs":"f499940919128006bc90c4cb08eb766677c1bff3ea4dccf02645863a3bc50621","tests/helpers.mjs":"402515edb7b2a6af9548da2a2f1a7fa8f6b220b425da9664bd8c4a3e8b552b2e","scripts/browser-source-guard.mjs":"e5d9304a91ef04963133fe6bbae2c62189da28e917562da5a7cdb856596a1622","scripts/frame-coordination.mjs":"f1d34bfd418b5446a14c2ee3b3ba297eac18ed126d4ee261dffab57224399656","scripts/strict-browser-proof.mjs":"fae9a75d472307307c6eb4781c77f32845ebdade6f4104d859957ce62c1d43d9","scripts/browser-proof.mjs":"3ce834d0a764a4aefc93d0eaf7171f805d4ea5428563bcd976728f65222a8489","scripts/capture.mjs":"72077090f49f70e74c05ee925560a760f1f52b671ccb72d63570d609b9f80985","scripts/build.mjs":"3580cac9f713c9e4c3bfe8a83ec6bef33a64cd30be2c5d27c028b29a6a06fe8e","scripts/integrity.mjs":"7104c27be54110cac7b2d336e594ce0681a578fcb301a863540084619a7e42bb","scripts/check-evidence-links.mjs":"03484934e141e8e0b08e8928bf6f89f48a15f0cfe95b24e94273eebfb1a62842","package.json":"8855d609e12ca7990d525b64c285513acde1420fc6368ccca3a937979253a91b","package-lock.json":"bb2357fee1276cb24714d62a0a02d478e465806f5ec8978034da5594d6fa765a","tsconfig.json":"624efd829d3631cf6a6cc8d7b345e93bb47e713f05162b0ff511ef6cfc0a6ac3","manifest.json":"d079699772d442cda13bf8a41672e7de59d8a62966e07d0c87b8b8e991d84dbb","../../.github/workflows/G02.yml":"438061d4cd18c18cc09ade9cf587830b9788dd1541f8ea33ad066edf58830bbb"}}
2026-10-09T02:44:48.4579867Z {"path":".work/browser/initial-presence-bootstrap-2026-10-09t02-44-34-714z-desktop.webm","bytes":713362,"sha256":"a1b236db0f74cb39e4ae16b10f5fe48296f2322fbb04198025ca5cc40d49e157","cpuThrottle":1,"viewport":{"width":1920,"height":1080},"performanceMeasurement":false,"newMatchPrivateDomCleared":true,"actualElapsedTimeoutCoveredHand":true,"publicPassHistoryShown":true,"passActors":["Player 1: pass","Player 2: pass"],"networkRequests":0,"pageErrors":0}
2026-10-09T02:45:02.4193063Z {"path":".work/browser/initial-presence-bootstrap-2026-10-09t02-44-34-714z-phone4x.webm","bytes":684756,"sha256":"a5ce5dc1de8e6d6e52f2c899278705476ce3b2203803074ed281a7f4452482b0","cpuThrottle":4,"viewport":{"width":390,"height":844},"performanceMeasurement":false,"newMatchPrivateDomCleared":true,"actualElapsedTimeoutCoveredHand":true,"publicPassHistoryShown":true,"passActors":["Player 1: pass","Player 2: pass"],"networkRequests":0,"pageErrors":0}
2026-10-09T02:45:02.4564491Z ##[group]Run node scripts/strict-browser-proof.mjs --live
2026-10-09T02:45:02.4564938Z [36;1mnode scripts/strict-browser-proof.mjs --live[0m
2026-10-09T02:45:02.4626804Z shell: /usr/bin/bash -e {0}
2026-10-09T02:45:02.4627068Z ##[endgroup]
2026-10-09T02:45:02.5154329Z {"suite":"strict-current-browser-proof","guardedSources":35,"profiles":2,"rawIntervals":1200,"nativeTimestamps":1202,"activeHandWitnesses":1208,"unfiltered":true,"recordingsMatched":2}
2026-10-09T02:45:02.5230036Z ##[group]Run node --input-type=module <<'JS'
2026-10-09T02:45:02.5230477Z [36;1mnode --input-type=module <<'JS'[0m
2026-10-09T02:45:02.5230800Z [36;1mimport assert from 'node:assert/strict';[0m
2026-10-09T02:45:02.5231240Z [36;1mimport {readFile,writeFile,mkdir,readdir} from 'node:fs/promises';[0m
2026-10-09T02:45:02.5231813Z [36;1mimport {browserSourceHashes,sha256} from './scripts/browser-source-guard.mjs';[0m
2026-10-09T02:45:02.5232438Z [36;1mconst base='.work/initial-presence-bootstrap';await mkdir(base,{recursive:true});[0m
2026-10-09T02:45:02.5233179Z [36;1mlet sources=null,sourceError=null;try{sources=await browserSourceHashes();}catch(error){sourceError=String(error);}[0m
2026-10-09T02:45:02.5234421Z [36;1mlet bootstrapWorkflowSha256=null,bootstrapWorkflowError=null;try{bootstrapWorkflowSha256=sha256(await readFile('../../.github/workflows/G02-initial-presence-browser.yml'));}catch(error){bootstrapWorkflowError=String(error);}[0m
2026-10-09T02:45:02.5235832Z [36;1mawait writeFile(base+'/source-end.json',JSON.stringify({sources,sourceError,bootstrapWorkflowSha256,bootstrapWorkflowError},null,2)+'\n');[0m
2026-10-09T02:45:02.5237044Z [36;1mlet before=null,beforeIndex=null;try{before=JSON.parse(await readFile(base+'/source-start.json','utf8'));beforeIndex=JSON.parse(await readFile(base+'/source-copy-index.json','utf8'));}catch{}[0m
2026-10-09T02:45:02.5237839Z [36;1mconst files=[];[0m
2026-10-09T02:45:02.5238319Z [36;1masync function walk(path){let entries;try{entries=await readdir(path,{withFileTypes:true});}catch{return;}[0m
2026-10-09T02:45:02.5239454Z [36;1m  for(const entry of entries.sort((a,b)=>a.name.localeCompare(b.name))){const next=path+'/'+entry.name;[0m
2026-10-09T02:45:02.5240367Z [36;1m    if(entry.isDirectory())await walk(next);else if(entry.isFile()){const bytes=await readFile(next);files.push({path:next,bytes:bytes.length,sha256:sha256(bytes)});}[0m
2026-10-09T02:45:02.5241046Z [36;1m  }[0m
2026-10-09T02:45:02.5241231Z [36;1m}[0m
2026-10-09T02:45:02.5241467Z [36;1mawait walk('.work/browser');await walk(base);[0m
2026-10-09T02:45:02.5242088Z [36;1mfor(const path of ['.work/clock-after.json','.work/custom-meld-after.json','.work/results-after.json','.work/name-check.json']){[0m
2026-10-09T02:45:02.5242895Z [36;1m  try{const bytes=await readFile(path);files.push({path,bytes:bytes.length,sha256:sha256(bytes)});}catch{}[0m
2026-10-09T02:45:02.5243382Z [36;1m}[0m
2026-10-09T02:45:02.5243798Z [36;1mconst sourceUnchanged=before!==null&&sources!==null&&JSON.stringify(before)===JSON.stringify(sources);[0m
2026-10-09T02:45:02.5244609Z [36;1mconst bootstrapWorkflowUnchanged=beforeIndex!==null&&bootstrapWorkflowSha256===beforeIndex.bootstrapWorkflowSha256;[0m
2026-10-09T02:45:02.5246523Z [36;1mconst closed={version:1,head:process.env.GITHUB_SHA,runId:process.env.GITHUB_RUN_ID,runAttempt:process.env.GITHUB_RUN_ATTEMPT,closedUtc:new Date().toISOString(),statusBeforeClosure:process.env.BOOTSTRAP_STATUS,sourceUnchanged,sourceError,bootstrapWorkflowUnchanged,bootstrapWorkflowSha256,bootstrapWorkflowError,files,rawFiltering:'none',fullNpmTestAccepted:false};[0m
2026-10-09T02:45:02.5248546Z [36;1mawait writeFile(base+'/CLOSED.json',JSON.stringify(closed,null,2)+'\n');[0m
2026-10-09T02:45:02.5249708Z [36;1mconsole.log(JSON.stringify({closedUtc:closed.closedUtc,head:closed.head,files:files.length,sourceUnchanged,statusBeforeClosure:closed.statusBeforeClosure}));[0m
2026-10-09T02:45:02.5251123Z [36;1mif(before!==null){assert(sourceUnchanged,'guarded inputs changed during the bootstrap');assert(bootstrapWorkflowUnchanged,'the bootstrap workflow changed during execution');}[0m
2026-10-09T02:45:02.5251988Z [36;1mJS[0m
2026-10-09T02:45:02.5313938Z shell: /usr/bin/bash -e {0}
2026-10-09T02:45:02.5314317Z env:
2026-10-09T02:45:02.5314704Z   BOOTSTRAP_STATUS: success
2026-10-09T02:45:02.5315031Z ##[endgroup]
2026-10-09T02:45:02.6032858Z {"closedUtc":"2026-10-09T02:45:02.602Z","head":"5fe5d08e16606b80e02bc88014476343f16851ff","files":57,"sourceUnchanged":true,"statusBeforeClosure":"success"}
2026-10-09T02:45:02.6146406Z ##[group]Run actions/upload-artifact@v4
2026-10-09T02:45:02.6146710Z with:
2026-10-09T02:45:02.6147068Z   name: G02-initial-presence-bootstrap-5fe5d08e16606b80e02bc88014476343f16851ff
2026-10-09T02:45:02.6148318Z   path: jobs/G02-gin-rummy/.work/initial-presence-bootstrap/**
jobs/G02-gin-rummy/.work/browser/**
jobs/G02-gin-rummy/.work/clock-after.json
jobs/G02-gin-rummy/.work/custom-meld-after.json
jobs/G02-gin-rummy/.work/results-after.json
jobs/G02-gin-rummy/.work/name-check.json

2026-10-09T02:45:02.6149790Z   include-hidden-files: true
2026-10-09T02:45:02.6150046Z   if-no-files-found: error
2026-10-09T02:45:02.6150290Z   compression-level: 6
2026-10-09T02:45:02.6150508Z   overwrite: false
2026-10-09T02:45:02.6150707Z ##[endgroup]
2026-10-09T02:45:02.7846087Z (node:4255) [DEP0040] DeprecationWarning: The `punycode` module is deprecated. Please use a userland alternative instead.
2026-10-09T02:45:02.7847621Z (Use `node --trace-deprecation ...` to show where the warning was created)
2026-10-09T02:45:02.8197382Z Multiple search paths detected. Calculating the least common ancestor of all paths
2026-10-09T02:45:02.8243365Z The least common ancestor is /home/runner/work/partybox-game-cores/partybox-game-cores/jobs/G02-gin-rummy/.work. This will be the root directory of the artifact
2026-10-09T02:45:02.8245228Z With the provided path, there will be 58 files uploaded
2026-10-09T02:45:02.8246576Z Artifact name is valid!
2026-10-09T02:45:02.8247320Z Root directory input is valid!
2026-10-09T02:45:03.1067224Z Beginning upload of artifact content to blob storage
2026-10-09T02:45:03.2808672Z (node:4255) [DEP0169] DeprecationWarning: `url.parse()` behavior is not standardized and prone to errors that have security implications. Use the WHATWG URL API instead. CVEs are not issued for `url.parse()` vulnerabilities.
2026-10-09T02:45:03.7794921Z Uploaded bytes 1784093
2026-10-09T02:45:03.8358441Z Finished uploading artifact content to blob storage!
2026-10-09T02:45:03.8360711Z SHA256 digest of uploaded artifact zip is b4b42795233bfc1afbb13e2083bdf111c2daaaca3041a2bc59b94313a0eba38f
2026-10-09T02:45:03.8362220Z Finalizing artifact upload
2026-10-09T02:45:04.0662201Z Artifact G02-initial-presence-bootstrap-5fe5d08e16606b80e02bc88014476343f16851ff.zip successfully finalized. Artifact ID 11592227548
2026-10-09T02:45:04.0663863Z Artifact G02-initial-presence-bootstrap-5fe5d08e16606b80e02bc88014476343f16851ff has been successfully uploaded! Final size is 1784093 bytes. Artifact ID is 11592227548
2026-10-09T02:45:04.0670284Z Artifact download URL: https://github.com/luisitin/partybox-game-cores/actions/runs/37875913629/artifacts/11592227548
2026-10-09T02:45:04.0845795Z Post job cleanup.
2026-10-09T02:45:04.2073860Z (node:4267) [DEP0040] DeprecationWarning: The `punycode` module is deprecated. Please use a userland alternative instead.
2026-10-09T02:45:04.2074801Z (Use `node --trace-deprecation ...` to show where the warning was created)
2026-10-09T02:45:04.2290623Z [command]/usr/bin/tar --posix -cf cache.tzst --exclude cache.tzst -P -C /home/runner/work/partybox-game-cores/partybox-game-cores --files-from manifest.txt --use-compress-program zstdmt
2026-10-09T02:45:04.4427879Z (node:4267) [DEP0169] DeprecationWarning: `url.parse()` behavior is not standardized and prone to errors that have security implications. Use the WHATWG URL API instead. CVEs are not issued for `url.parse()` vulnerabilities.
2026-10-09T02:45:05.1381238Z Sent 12676675 of 12676675 (100.0%), 17.2 MBs/sec
2026-10-09T02:45:05.3380497Z Cache saved with the key: node-cache-Linux-x64-npm-d48b0073b1be2df746cbb2cab1dca64dc5674a863aed54a4ee7f428aad681317
2026-10-09T02:45:05.3568404Z Post job cleanup.
2026-10-09T02:45:05.4416779Z [command]/usr/bin/git version
2026-10-09T02:45:05.4462240Z git version 2.55.0
2026-10-09T02:45:05.4505189Z Temporarily overriding HOME='/home/runner/work/_temp/ef1af8d3-1fe1-492c-8cbb-0a8fc80139fc' before making global git config changes
2026-10-09T02:45:05.4506681Z Adding repository directory to the temporary git global config as a safe directory
2026-10-09T02:45:05.4510358Z [command]/usr/bin/git config --global --add safe.directory /home/runner/work/partybox-game-cores/partybox-game-cores
2026-10-09T02:45:05.4548674Z [command]/usr/bin/git config --local --name-only --get-regexp core\.sshCommand
2026-10-09T02:45:05.4584948Z [command]/usr/bin/git submodule foreach --recursive sh -c "git config --local --name-only --get-regexp 'core\.sshCommand' && git config --local --unset-all 'core.sshCommand' || :"
2026-10-09T02:45:05.4854490Z [command]/usr/bin/git config --local --name-only --get-regexp http\.https\:\/\/github\.com\/\.extraheader
2026-10-09T02:45:05.4883040Z http.https://github.com/.extraheader
2026-10-09T02:45:05.4894130Z [command]/usr/bin/git config --local --unset-all http.https://github.com/.extraheader
2026-10-09T02:45:05.4931509Z [command]/usr/bin/git submodule foreach --recursive sh -c "git config --local --name-only --get-regexp 'http\.https\:\/\/github\.com\/\.extraheader' && git config --local --unset-all 'http.https://github.com/.extraheader' || :"
2026-10-09T02:45:05.5191870Z [command]/usr/bin/git config --local --name-only --get-regexp ^includeIf\.gitdir:
2026-10-09T02:45:05.5261764Z [command]/usr/bin/git submodule foreach --recursive git config --local --show-origin --name-only --get-regexp remote.origin.url
2026-10-09T02:45:05.5640022Z Cleaning up orphan processes
2026-10-09T02:45:05.5979578Z ##[warning]Node.js 20 is deprecated. The following actions target Node.js 20 but are being forced to run on Node.js 24: actions/checkout@v4, actions/setup-node@v4, actions/upload-artifact@v4. For more information see: https://github.blog/changelog/2025-09-19-deprecation-of-node-20-on-github-actions-runners/
