TAP version 13
# Subtest: acquired full American corpus bytes/index match fixed primary-source hashes
ok 1 - acquired full American corpus bytes/index match fixed primary-source hashes
  ---
  duration_ms: 41.846319
  type: 'test'
  ...
# Subtest: both independent corpus readers match exact fully closed two-piece WDL where wire format applies
ok 2 - both independent corpus readers match exact fully closed two-piece WDL where wire format applies
  ---
  duration_ms: 639.894897
  type: 'test'
  ...
# Subtest: 10,000 mixed2–6piece production ranks/decodes equal independent enumeration and reject capture threats
ok 3 - 10,000 mixed2–6piece production ranks/decodes equal independent enumeration and reject capture threats
  ---
  duration_ms: 797.422993
  type: 'test'
  ...
# Subtest: production corpus factory snapshots inputs and rejects damaged or incompatible metadata
ok 4 - production corpus factory snapshots inputs and rejects damaged or incompatible metadata
  ---
  duration_ms: 1.429245
  type: 'test'
  ...
1..4
# tests 4
# suites 0
# pass 4
# fail 0
# cancelled 0
# skipped 0
# todo 0
# duration_ms 2147.795159
