TAP version 13
# Subtest: independent Chinook reader decodes high-to-low ternary digits
ok 1 - independent Chinook reader decodes high-to-low ternary digits
  ---
  duration_ms: 8.703544
  type: 'test'
  ...
# Subtest: independent Chinook reader consumes default runs before ordinary records
ok 2 - independent Chinook reader consumes default runs before ordinary records
  ---
  duration_ms: 1.278791
  type: 'test'
  ...
# Subtest: independent Chinook uniform records need no binary payload
ok 3 - independent Chinook uniform records need no binary payload
  ---
  duration_ms: 4.480972
  type: 'test'
  ...
# Subtest: independent Chinook raw stored probe rejects current-side and opponent-only captures
ok 4 - independent Chinook raw stored probe rejects current-side and opponent-only captures
  ---
  duration_ms: 1.168387
  type: 'test'
  ...
# Subtest: independent Chinook reader rejects malformed or out-of-bounds index records
ok 5 - independent Chinook reader rejects malformed or out-of-bounds index records
  ---
  duration_ms: 0.61736
  type: 'test'
  ...
# Subtest: contract manifest/counts/settings and deterministic initial boards
ok 6 - contract manifest/counts/settings and deterministic initial boards
  ---
  duration_ms: 5.402682
  type: 'test'
  ...
# Subtest: contract total immutable reducer ignores malformed/unknown events in both phases
ok 7 - contract total immutable reducer ignores malformed/unknown events in both phases
  ---
  duration_ms: 13.806908
  type: 'test'
  ...
# Subtest: contract live timer requires exact phase instance and elapsed deadline
ok 8 - contract live timer requires exact phase instance and elapsed deadline
  ---
  duration_ms: 2.912429
  type: 'test'
  ...
# Subtest: VIP pause/resume shifts only the deadline; skip/end remain available
ok 9 - VIP pause/resume shifts only the deadline; skip/end remain available
  ---
  duration_ms: 13.528913
  type: 'test'
  ...
# Subtest: presence auto-holds empty rooms, resumes clocks and permanently preserves leavers
ok 10 - presence auto-holds empty rooms, resumes clocks and permanently preserves leavers
  ---
  duration_ms: 7.093832
  type: 'test'
  ...
# Subtest: hostile seat IDs, public view equality, spectator safety and cloned projections
ok 11 - hostile seat IDs, public view equality, spectator safety and cloned projections
  ---
  duration_ms: 5.124045
  type: 'test'
  ...
# Subtest: complete legal inputs and terminal scores preserve every original seat
ok 12 - complete legal inputs and terminal scores preserve every original seat
  ---
  duration_ms: 5.333836
  type: 'test'
  ...
# Subtest: all three bot levels are schema-valid deterministic pure choices in every phase/role
ok 13 - all three bot levels are schema-valid deterministic pure choices in every phase/role
  ---
  duration_ms: 1242.977156
  type: 'test'
  ...
# Subtest: manifest and every generated phase fixture replay without throwing
ok 14 - manifest and every generated phase fixture replay without throwing
  ---
  duration_ms: 40.495558
  type: 'test'
  ...
# Subtest: authoritative state/data schemas validate generated files and reject corrupt rows
ok 15 - authoritative state/data schemas validate generated files and reject corrupt rows
  ---
  duration_ms: 764.497119
  type: 'test'
  ...
# Subtest: source-backed forty/25 move allowances use both players, with exact boundary
ok 16 - source-backed forty/25 move allowances use both players, with exact boundary
  ---
  duration_ms: 1.117907
  type: 'test'
  ...
# Subtest: quiet king moves increment while every man move and capture reset counters/history
ok 17 - quiet king moves increment while every man move and capture reset counters/history
  ---
  duration_ms: 4.372823
  type: 'test'
  ...
# Subtest: threefold includes side to move and can be disabled explicitly
ok 18 - threefold includes side to move and can be disabled explicitly
  ---
  duration_ms: 0.414451
  type: 'test'
  ...
# Subtest: official king windows start after creation, preserve old deadlines and intersect
ok 19 - official king windows start after creation, preserve old deadlines and intersect
  ---
  duration_ms: 4.408292
  type: 'test'
  ...
# Subtest: latest FMJD large diagonal has a five-each window only when occupied solely by weak king
ok 20 - latest FMJD large diagonal has a five-each window only when occupied solely by weak king
  ---
  duration_ms: 0.332676
  type: 'test'
  ...
# Subtest: published32-ply FMJD regression draws when original16-each window expires
ok 21 - published32-ply FMJD regression draws when original16-each window expires
  ---
  duration_ms: 13.137435
  type: 'test'
  ...
# Subtest: last permitted move capturing final opponent wins before a draw counter expires
ok 22 - last permitted move capturing final opponent wins before a draw counter expires
  ---
  duration_ms: 0.350897
  type: 'test'
  ...
# Subtest: production complete one-vs-one lookup matches independent WDL AND distance on every row
ok 23 - production complete one-vs-one lookup matches independent WDL AND distance on every row
  ---
  duration_ms: 1751.388733
  type: 'test'
  ...
# Subtest: every generated three-to-six witness is independently one-turn terminal win
ok 24 - every generated three-to-six witness is independently one-turn terminal win
  ---
  duration_ms: 113.460556
  type: 'test'
  ...
# Subtest: six-piece full multi-jumps are proved and unresolved quiet material remains honest
ok 25 - six-piece full multi-jumps are proved and unresolved quiet material remains honest
  ---
  duration_ms: 7.467617
  type: 'test'
  ...
# Subtest: exact generator/dataset includes all legal one-per-side roots and cloned coverage
ok 26 - exact generator/dataset includes all legal one-per-side roots and cloned coverage
  ---
  duration_ms: 69.53131
  type: 'test'
  ...
# Subtest: property seeds1,2,3 plus1,000 recorded random seeds conserve material and deterministic replay
ok 27 - property seeds1,2,3 plus1,000 recorded random seeds conserve material and deterministic replay
  ---
  duration_ms: 7707.233211
  type: 'test'
  ...
1..27
# tests 27
# suites 0
# pass 27
# fail 0
# cancelled 0
# skipped 0
# todo 0
# duration_ms 9278.25588
