✔ current source-bound raw proof passes without discarding its largest interval (3.109558ms)
✔ a refreshed inventory cannot accept stale browser or recording source hashes (11.096216ms)
✔ changed end guards and failed snapshots are rejected (10.445658ms)
✔ missing, altered and invalid raw intervals cannot be hidden by good summary fields (13.801514ms)
✔ reported statistics are recomputed from all retained intervals (16.230647ms)
✔ an honestly recomputed slow raw sample still fails the original frame gate (4.753323ms)
✔ profile dimensions, CPU rates and encoder separation must remain truthful (11.668381ms)
✔ changed, oversized and falsely labeled recordings are rejected (22.268686ms)
{"syntheticGuardCorruptionsRejected":175,"guardedSources":35}
✔ synthetic positive control covers full identities, native timestamps, all hand witnesses and clips (60.566316ms)
✔ every guarded source and each start/end inventory entry rejects a stale hash or omission (168.181103ms)
✔ wrong attempt/profile/page/transport/throttle, filtered samples and fake native clocks fail (15.584909ms)
✔ missing/invalid timestamp, raw interval or active-frame witness fails despite good summaries (9.09614ms)
✔ all statistics are recomputed and an honestly reported long interval fails the fixed gate (4.064009ms)
✔ failed runs, mislabeled clips, altered bytes, outsize media and network/errors are rejected (12.516914ms)
ℹ tests 14
ℹ suites 0
ℹ pass 14
ℹ fail 0
ℹ cancelled 0
ℹ skipped 0
ℹ todo 0
ℹ duration_ms 376.109264
