2026-10-09T06:33:13.2809184Z Current runner version: '2.337.0'
2026-10-09T06:33:13.2835427Z ##[group]Runner Image Provisioner
2026-10-09T06:33:13.2836290Z Hosted Compute Agent
2026-10-09T06:33:13.2837291Z Version: 20261002.596
2026-10-09T06:33:13.2837973Z Commit: c3d12f3313a95f25162a1503be624f3b0617f8c0
2026-10-09T06:33:13.2838744Z Build Date: 2026-10-02T22:28:27Z
2026-10-09T06:33:13.2839460Z Worker ID: {417710ae-c2c5-4de0-9b76-1e37378e69cc}
2026-10-09T06:33:13.2840173Z Region: eastus
2026-10-09T06:33:13.2840773Z Cloud: Azure
2026-10-09T06:33:13.2841307Z ##[endgroup]
2026-10-09T06:33:13.2842823Z ##[group]Operating System
2026-10-09T06:33:13.2843556Z Ubuntu
2026-10-09T06:33:13.2844075Z 24.04.5
2026-10-09T06:33:13.2844676Z LTS
2026-10-09T06:33:13.2845228Z ##[endgroup]
2026-10-09T06:33:13.2845819Z ##[group]Runner Image
2026-10-09T06:33:13.2846508Z Image: ubuntu-24.04
2026-10-09T06:33:13.2847454Z Version: 20261004.327.1
2026-10-09T06:33:13.2848814Z Included Software: https://github.com/actions/runner-images/blob/ubuntu24/20261004.327/images/ubuntu/Ubuntu2404-Readme.md
2026-10-09T06:33:13.2850485Z Image Release: https://github.com/actions/runner-images/releases/tag/ubuntu24%2F20261004.327
2026-10-09T06:33:13.2851480Z ##[endgroup]
2026-10-09T06:33:13.2852620Z ##[group]GITHUB_TOKEN Permissions
2026-10-09T06:33:13.2854778Z Contents: read
2026-10-09T06:33:13.2855436Z Metadata: read
2026-10-09T06:33:13.2856073Z ##[endgroup]
2026-10-09T06:33:13.2858544Z Secret source: Actions
2026-10-09T06:33:13.2859598Z Cache mode: write
2026-10-09T06:33:13.2860325Z Prepare workflow directory
2026-10-09T06:33:13.3260380Z Prepare all required actions
2026-10-09T06:33:13.3308176Z Getting action download info
2026-10-09T06:33:13.5750900Z Download action repository 'actions/checkout@v4' (SHA:11d5960a326750d5838078e36cf38b85af677262)
2026-10-09T06:33:13.6797262Z Download action repository 'actions/setup-node@v4' (SHA:49933ea5288caeca8642d1e84afbd3f7d6820020)
2026-10-09T06:33:13.7876084Z Download action repository 'actions/upload-artifact@v4' (SHA:ea165f8d65b6e75b540449e92b4886f43607fa02)
2026-10-09T06:33:13.9890858Z Complete job name: verify
2026-10-09T06:33:14.0672107Z ##[group]Run actions/checkout@v4
2026-10-09T06:33:14.0673028Z with:
2026-10-09T06:33:14.0673522Z   repository: luisitin/partybox-game-cores
2026-10-09T06:33:14.0677953Z   token: ***
2026-10-09T06:33:14.0678400Z   ssh-strict: true
2026-10-09T06:33:14.0678851Z   ssh-user: git
2026-10-09T06:33:14.0679303Z   persist-credentials: true
2026-10-09T06:33:14.0679799Z   clean: true
2026-10-09T06:33:14.0680255Z   sparse-checkout-cone-mode: true
2026-10-09T06:33:14.0680776Z   fetch-depth: 1
2026-10-09T06:33:14.0681209Z   fetch-tags: false
2026-10-09T06:33:14.0681659Z   show-progress: true
2026-10-09T06:33:14.0682113Z   lfs: false
2026-10-09T06:33:14.0682530Z   submodules: false
2026-10-09T06:33:14.0682982Z   set-safe-directory: true
2026-10-09T06:33:14.0683490Z   allow-unsafe-pr-checkout: false
2026-10-09T06:33:14.0684362Z ##[endgroup]
2026-10-09T06:33:14.1719248Z Syncing repository: luisitin/partybox-game-cores
2026-10-09T06:33:14.1721986Z ##[group]Getting Git version info
2026-10-09T06:33:14.1723402Z Working directory is '/home/runner/work/partybox-game-cores/partybox-game-cores'
2026-10-09T06:33:14.1725235Z [command]/usr/bin/git version
2026-10-09T06:33:14.1833500Z git version 2.55.0
2026-10-09T06:33:14.1860228Z ##[endgroup]
2026-10-09T06:33:14.1878737Z Temporarily overriding HOME='/home/runner/work/_temp/1d093bb8-f130-456e-a640-291ca2b9b7ff' before making global git config changes
2026-10-09T06:33:14.1881807Z Adding repository directory to the temporary git global config as a safe directory
2026-10-09T06:33:14.1884401Z [command]/usr/bin/git config --global --add safe.directory /home/runner/work/partybox-game-cores/partybox-game-cores
2026-10-09T06:33:14.1934290Z Deleting the contents of '/home/runner/work/partybox-game-cores/partybox-game-cores'
2026-10-09T06:33:14.1944156Z ##[group]Initializing the repository
2026-10-09T06:33:14.1945572Z [command]/usr/bin/git init /home/runner/work/partybox-game-cores/partybox-game-cores
2026-10-09T06:33:14.2059934Z hint: Using 'master' as the name for the initial branch. This default branch name
2026-10-09T06:33:14.2061168Z hint: will change to "main" in Git 3.0. To configure the initial branch name
2026-10-09T06:33:14.2062117Z hint: to use in all of your new repositories, which will suppress this warning,
2026-10-09T06:33:14.2062890Z hint: call:
2026-10-09T06:33:14.2063593Z hint:
2026-10-09T06:33:14.2064137Z hint: 	git config --global init.defaultBranch <name>
2026-10-09T06:33:14.2064756Z hint:
2026-10-09T06:33:14.2065342Z hint: Names commonly chosen instead of 'master' are 'main', 'trunk' and
2026-10-09T06:33:14.2068079Z hint: 'development'. The just-created branch can be renamed via this command:
2026-10-09T06:33:14.2069395Z hint:
2026-10-09T06:33:14.2070074Z hint: 	git branch -m <name>
2026-10-09T06:33:14.2070872Z hint:
2026-10-09T06:33:14.2071829Z hint: Disable this message with "git config set advice.defaultBranchName false"
2026-10-09T06:33:14.2073722Z Initialized empty Git repository in /home/runner/work/partybox-game-cores/partybox-game-cores/.git/
2026-10-09T06:33:14.2090465Z [command]/usr/bin/git remote add origin https://github.com/luisitin/partybox-game-cores
2026-10-09T06:33:14.2151635Z ##[endgroup]
2026-10-09T06:33:14.2153039Z ##[group]Disabling automatic garbage collection
2026-10-09T06:33:14.2156975Z [command]/usr/bin/git config --local gc.auto 0
2026-10-09T06:33:14.2190053Z ##[endgroup]
2026-10-09T06:33:14.2191472Z ##[group]Setting up auth
2026-10-09T06:33:14.2199592Z [command]/usr/bin/git config --local --name-only --get-regexp core\.sshCommand
2026-10-09T06:33:14.2238265Z [command]/usr/bin/git submodule foreach --recursive sh -c "git config --local --name-only --get-regexp 'core\.sshCommand' && git config --local --unset-all 'core.sshCommand' || :"
2026-10-09T06:33:14.2618685Z [command]/usr/bin/git config --local --name-only --get-regexp http\.https\:\/\/github\.com\/\.extraheader
2026-10-09T06:33:14.2665572Z [command]/usr/bin/git submodule foreach --recursive sh -c "git config --local --name-only --get-regexp 'http\.https\:\/\/github\.com\/\.extraheader' && git config --local --unset-all 'http.https://github.com/.extraheader' || :"
2026-10-09T06:33:14.2922399Z [command]/usr/bin/git config --local --name-only --get-regexp ^includeIf\.gitdir:
2026-10-09T06:33:14.2962990Z [command]/usr/bin/git submodule foreach --recursive git config --local --show-origin --name-only --get-regexp remote.origin.url
2026-10-09T06:33:14.3218898Z [command]/usr/bin/git config --local http.https://github.com/.extraheader AUTHORIZATION: basic ***
2026-10-09T06:33:14.3264274Z ##[endgroup]
2026-10-09T06:33:14.3265774Z ##[group]Fetching the repository
2026-10-09T06:33:14.3277511Z [command]/usr/bin/git -c protocol.version=2 fetch --no-tags --prune --no-recurse-submodules --depth=1 origin +bfd7d935ce61ae0532b040bcac192aeb793a92eb:refs/remotes/pull/12/merge
2026-10-09T06:33:16.4212809Z From https://github.com/luisitin/partybox-game-cores
2026-10-09T06:33:16.4214816Z  * [new ref]         bfd7d935ce61ae0532b040bcac192aeb793a92eb -> pull/12/merge
2026-10-09T06:33:16.4229332Z ##[endgroup]
2026-10-09T06:33:16.4230604Z ##[group]Determining the checkout info
2026-10-09T06:33:16.4232005Z ##[endgroup]
2026-10-09T06:33:16.4232808Z [command]/usr/bin/git sparse-checkout disable
2026-10-09T06:33:16.4294981Z [command]/usr/bin/git config --local --unset-all extensions.worktreeConfig
2026-10-09T06:33:16.4334836Z ##[group]Checking out the ref
2026-10-09T06:33:16.4339543Z [command]/usr/bin/git checkout --progress --force refs/remotes/pull/12/merge
2026-10-09T06:33:16.6430624Z Note: switching to 'refs/remotes/pull/12/merge'.
2026-10-09T06:33:16.6431830Z 
2026-10-09T06:33:16.6432715Z You are in 'detached HEAD' state. You can look around, make experimental
2026-10-09T06:33:16.6434737Z changes and commit them, and you can discard any commits you make in this
2026-10-09T06:33:16.6437088Z state without impacting any branches by switching back to a branch.
2026-10-09T06:33:16.6438337Z 
2026-10-09T06:33:16.6439213Z If you want to create a new branch to retain commits you create, you may
2026-10-09T06:33:16.6441555Z do so (now or later) by using -c with the switch command. Example:
2026-10-09T06:33:16.6442770Z 
2026-10-09T06:33:16.6443335Z   git switch -c <new-branch-name>
2026-10-09T06:33:16.6444206Z 
2026-10-09T06:33:16.6444762Z Or undo this operation with:
2026-10-09T06:33:16.6445555Z 
2026-10-09T06:33:16.6446083Z   git switch -
2026-10-09T06:33:16.6446960Z 
2026-10-09T06:33:16.6448102Z Turn off this advice by setting config variable advice.detachedHead to false
2026-10-09T06:33:16.6449681Z 
2026-10-09T06:33:16.6451407Z HEAD is now at bfd7d93 Merge 93f0f58284f3c0df6c6e4c8e055d208845748f15 into d5fbb39746f8f7900bee57506e8133e8675f48ed
2026-10-09T06:33:16.6467558Z ##[endgroup]
2026-10-09T06:33:16.6515490Z [command]/usr/bin/git log -1 --format=%H
2026-10-09T06:33:16.6542789Z bfd7d935ce61ae0532b040bcac192aeb793a92eb
2026-10-09T06:33:16.7016183Z ##[group]Run actions/setup-node@v4
2026-10-09T06:33:16.7017653Z with:
2026-10-09T06:33:16.7018545Z   node-version: 22.16.0
2026-10-09T06:33:16.7019554Z   cache: npm
2026-10-09T06:33:16.7020756Z   cache-dependency-path: jobs/G02-gin-rummy/package-lock.json
2026-10-09T06:33:16.7022216Z   always-auth: false
2026-10-09T06:33:16.7023205Z   check-latest: false
2026-10-09T06:33:16.7033118Z   token: ***
2026-10-09T06:33:16.7034045Z ##[endgroup]
2026-10-09T06:33:16.8494898Z Attempting to download 22.16.0...
2026-10-09T06:33:16.8604957Z (node:2274) [DEP0040] DeprecationWarning: The `punycode` module is deprecated. Please use a userland alternative instead.
2026-10-09T06:33:16.8608437Z (Use `node --trace-deprecation ...` to show where the warning was created)
2026-10-09T06:33:17.3543407Z Acquiring 22.16.0 - x64 from https://github.com/actions/node-versions/releases/download/22.16.0-15177438473/node-22.16.0-linux-x64.tar.gz
2026-10-09T06:33:17.7610125Z Extracting ...
2026-10-09T06:33:17.7740310Z [command]/usr/bin/tar xz --strip 1 --warning=no-unknown-keyword --overwrite -C /home/runner/work/_temp/f78b4537-c038-4487-862c-432ce785fb2d -f /home/runner/work/_temp/a6a727bd-29a5-4e85-98e0-eb1873b0bdff
2026-10-09T06:33:18.9788139Z Adding to the cache ...
2026-10-09T06:33:21.4085609Z ##[group]Environment details
2026-10-09T06:33:21.6412957Z node: v22.16.0
2026-10-09T06:33:21.6413723Z npm: 10.9.2
2026-10-09T06:33:21.6414123Z yarn: 1.22.22
2026-10-09T06:33:21.6414925Z ##[endgroup]
2026-10-09T06:33:21.6437344Z [command]/opt/hostedtoolcache/node/22.16.0/x64/bin/npm config get cache
2026-10-09T06:33:21.7383967Z /home/runner/.npm
2026-10-09T06:33:21.8129755Z Cache hit for: node-cache-Linux-x64-npm-d48b0073b1be2df746cbb2cab1dca64dc5674a863aed54a4ee7f428aad681317
2026-10-09T06:33:21.8251233Z (node:2274) [DEP0169] DeprecationWarning: `url.parse()` behavior is not standardized and prone to errors that have security implications. Use the WHATWG URL API instead. CVEs are not issued for `url.parse()` vulnerabilities.
2026-10-09T06:33:22.0640512Z Received 12676573 of 12676573 (100.0%), 62.0 MBs/sec
2026-10-09T06:33:22.0641424Z Cache Size: ~12 MB (12676573 B)
2026-10-09T06:33:22.0679243Z [command]/usr/bin/tar -xf /home/runner/work/_temp/1b03821b-f0b5-4658-8d0b-676fd9c3d08a/cache.tzst -P -C /home/runner/work/partybox-game-cores/partybox-game-cores --use-compress-program unzstd
2026-10-09T06:33:22.0926914Z Cache restored successfully
2026-10-09T06:33:22.0938131Z Cache restored from key: node-cache-Linux-x64-npm-d48b0073b1be2df746cbb2cab1dca64dc5674a863aed54a4ee7f428aad681317
2026-10-09T06:33:22.1142216Z ##[group]Run npm ci --ignore-scripts --no-audit --no-fund
2026-10-09T06:33:22.1142735Z [36;1mnpm ci --ignore-scripts --no-audit --no-fund[0m
2026-10-09T06:33:22.1403819Z shell: /usr/bin/bash -e {0}
2026-10-09T06:33:22.1404207Z ##[endgroup]
2026-10-09T06:33:23.1230945Z 
2026-10-09T06:33:23.1240683Z added 6 packages in 918ms
2026-10-09T06:33:23.1734810Z ##[group]Run npx playwright install --with-deps chromium
2026-10-09T06:33:23.1735318Z [36;1mnpx playwright install --with-deps chromium[0m
2026-10-09T06:33:23.1803476Z shell: /usr/bin/bash -e {0}
2026-10-09T06:33:23.1804003Z ##[endgroup]
2026-10-09T06:33:24.0395633Z Installing dependencies...
2026-10-09T06:33:24.0455538Z Switching to root user to install dependencies...
2026-10-09T06:33:24.1837542Z Get:1 file:/etc/apt/apt-mirrors.txt Mirrorlist [144 B]
2026-10-09T06:33:24.2088934Z Get:6 https://packages.microsoft.com/ubuntu/24.04/prod noble InRelease [3600 B]
2026-10-09T06:33:24.2313528Z Hit:2 http://azure.archive.ubuntu.com/ubuntu noble InRelease
2026-10-09T06:33:24.2331091Z Get:3 http://azure.archive.ubuntu.com/ubuntu noble-updates InRelease [126 kB]
2026-10-09T06:33:24.2422756Z Get:4 http://azure.archive.ubuntu.com/ubuntu noble-backports InRelease [126 kB]
2026-10-09T06:33:24.2470913Z Get:5 http://azure.archive.ubuntu.com/ubuntu noble-security InRelease [126 kB]
2026-10-09T06:33:24.3375834Z Get:7 https://packages.microsoft.com/ubuntu/24.04/prod noble/main armhf Packages [12.3 kB]
2026-10-09T06:33:24.3538483Z Get:8 https://packages.microsoft.com/ubuntu/24.04/prod noble/main amd64 Packages [531 kB]
2026-10-09T06:33:24.3688469Z Get:9 https://packages.microsoft.com/ubuntu/24.04/prod noble/main arm64 Packages [475 kB]
2026-10-09T06:33:24.3730564Z Get:10 https://packages.microsoft.com/ubuntu/24.04/prod noble/main all Packages [640 B]
2026-10-09T06:33:24.4589855Z Get:11 http://azure.archive.ubuntu.com/ubuntu noble-updates/main amd64 Packages [1375 kB]
2026-10-09T06:33:24.4678500Z Get:12 http://azure.archive.ubuntu.com/ubuntu noble-updates/main Translation-en [306 kB]
2026-10-09T06:33:24.4708619Z Get:13 http://azure.archive.ubuntu.com/ubuntu noble-updates/universe amd64 Packages [1702 kB]
2026-10-09T06:33:24.4810481Z Get:14 http://azure.archive.ubuntu.com/ubuntu noble-updates/universe Translation-en [342 kB]
2026-10-09T06:33:24.4817750Z Get:15 http://azure.archive.ubuntu.com/ubuntu noble-updates/restricted amd64 Packages [1761 kB]
2026-10-09T06:33:24.4905387Z Get:16 http://azure.archive.ubuntu.com/ubuntu noble-updates/restricted Translation-en [401 kB]
2026-10-09T06:33:24.4932849Z Get:17 http://azure.archive.ubuntu.com/ubuntu noble-updates/multiverse amd64 Packages [55.0 kB]
2026-10-09T06:33:24.4947810Z Get:18 http://azure.archive.ubuntu.com/ubuntu noble-updates/multiverse Translation-en [14.3 kB]
2026-10-09T06:33:24.5697260Z Get:19 http://azure.archive.ubuntu.com/ubuntu noble-security/main amd64 Packages [1118 kB]
2026-10-09T06:33:24.5757082Z Get:20 http://azure.archive.ubuntu.com/ubuntu noble-security/main Translation-en [228 kB]
2026-10-09T06:33:24.6220383Z Get:21 http://azure.archive.ubuntu.com/ubuntu noble-security/universe amd64 Packages [1220 kB]
2026-10-09T06:33:24.6280910Z Get:22 http://azure.archive.ubuntu.com/ubuntu noble-security/universe Translation-en [245 kB]
2026-10-09T06:33:24.6300107Z Get:23 http://azure.archive.ubuntu.com/ubuntu noble-security/restricted amd64 Packages [1667 kB]
2026-10-09T06:33:24.6378568Z Get:24 http://azure.archive.ubuntu.com/ubuntu noble-security/restricted Translation-en [383 kB]
2026-10-09T06:33:24.6404314Z Get:25 http://azure.archive.ubuntu.com/ubuntu noble-security/multiverse amd64 Packages [49.8 kB]
2026-10-09T06:33:24.6415072Z Get:26 http://azure.archive.ubuntu.com/ubuntu noble-security/multiverse Translation-en [12.4 kB]
2026-10-09T06:33:31.1593919Z Fetched 12.3 MB in 1s (9134 kB/s)
2026-10-09T06:33:32.0469836Z Reading package lists...
2026-10-09T06:33:32.0711108Z Reading package lists...
2026-10-09T06:33:32.2904535Z Building dependency tree...
2026-10-09T06:33:32.2912210Z Reading state information...
2026-10-09T06:33:32.4418370Z libasound2t64 is already the newest version (1.2.11-1ubuntu0.3).
2026-10-09T06:33:32.4419101Z libasound2t64 set to manually installed.
2026-10-09T06:33:32.4419765Z libatk-bridge2.0-0t64 is already the newest version (2.52.0-1build1).
2026-10-09T06:33:32.4420443Z libatk-bridge2.0-0t64 set to manually installed.
2026-10-09T06:33:32.4421726Z libatk1.0-0t64 is already the newest version (2.52.0-1build1).
2026-10-09T06:33:32.4422521Z libatk1.0-0t64 set to manually installed.
2026-10-09T06:33:32.4423166Z libatspi2.0-0t64 is already the newest version (2.52.0-1build1).
2026-10-09T06:33:32.4423995Z libatspi2.0-0t64 set to manually installed.
2026-10-09T06:33:32.4424570Z libcairo2 is already the newest version (1.18.0-3build1).
2026-10-09T06:33:32.4425115Z libcairo2 set to manually installed.
2026-10-09T06:33:32.4425689Z libcups2t64 is already the newest version (2.4.7-1.2ubuntu7.14).
2026-10-09T06:33:32.4426152Z libcups2t64 set to manually installed.
2026-10-09T06:33:32.4426849Z libdbus-1-3 is already the newest version (1.14.10-4ubuntu4.1).
2026-10-09T06:33:32.4427306Z libdbus-1-3 set to manually installed.
2026-10-09T06:33:32.4427790Z libdrm2 is already the newest version (2.4.125-1ubuntu0.1~24.04.2).
2026-10-09T06:33:32.4428258Z libdrm2 set to manually installed.
2026-10-09T06:33:32.4428725Z libgbm1 is already the newest version (25.2.8-0ubuntu0.24.04.4).
2026-10-09T06:33:32.4429168Z libgbm1 set to manually installed.
2026-10-09T06:33:32.4429652Z libglib2.0-0t64 is already the newest version (2.80.0-6ubuntu3.9).
2026-10-09T06:33:32.4430131Z libglib2.0-0t64 set to manually installed.
2026-10-09T06:33:32.4430637Z libnspr4 is already the newest version (2:4.35-1.1build1).
2026-10-09T06:33:32.4431073Z libnspr4 set to manually installed.
2026-10-09T06:33:32.4431548Z libnss3 is already the newest version (2:3.98-1ubuntu0.2).
2026-10-09T06:33:32.4431973Z libnss3 set to manually installed.
2026-10-09T06:33:32.4432434Z libpango-1.0-0 is already the newest version (1.52.1+ds-1build1).
2026-10-09T06:33:32.4432908Z libpango-1.0-0 set to manually installed.
2026-10-09T06:33:32.4433460Z libx11-6 is already the newest version (2:1.8.7-1build1).
2026-10-09T06:33:32.4433882Z libx11-6 set to manually installed.
2026-10-09T06:33:32.4434304Z libxcb1 is already the newest version (1.15-1ubuntu2).
2026-10-09T06:33:32.4434725Z libxcb1 set to manually installed.
2026-10-09T06:33:32.4435188Z libxcomposite1 is already the newest version (1:0.4.5-1build3).
2026-10-09T06:33:32.4435661Z libxcomposite1 set to manually installed.
2026-10-09T06:33:32.4436126Z libxdamage1 is already the newest version (1:1.1.6-1build1).
2026-10-09T06:33:32.4436660Z libxdamage1 set to manually installed.
2026-10-09T06:33:32.4437071Z libxext6 is already the newest version (2:1.3.4-1build2).
2026-10-09T06:33:32.4437454Z libxext6 set to manually installed.
2026-10-09T06:33:32.4437845Z libxfixes3 is already the newest version (1:6.0.0-2build1).
2026-10-09T06:33:32.4438228Z libxfixes3 set to manually installed.
2026-10-09T06:33:32.4438634Z libxkbcommon0 is already the newest version (1.6.0-1build1).
2026-10-09T06:33:32.4439027Z libxkbcommon0 set to manually installed.
2026-10-09T06:33:32.4439426Z libxrandr2 is already the newest version (2:1.5.2-2build1).
2026-10-09T06:33:32.4439813Z libxrandr2 set to manually installed.
2026-10-09T06:33:32.4440214Z xvfb is already the newest version (2:21.1.12-1ubuntu1.8).
2026-10-09T06:33:32.4440774Z fonts-noto-color-emoji is already the newest version (2.047-0ubuntu0.24.04.1).
2026-10-09T06:33:32.4441344Z libfontconfig1 is already the newest version (2.15.0-1.1ubuntu2).
2026-10-09T06:33:32.4441765Z libfontconfig1 set to manually installed.
2026-10-09T06:33:32.4442177Z fonts-liberation is already the newest version (1:2.1.5-3).
2026-10-09T06:33:32.4442587Z fonts-liberation set to manually installed.
2026-10-09T06:33:32.4442985Z The following additional packages will be installed:
2026-10-09T06:33:32.4443338Z   xfonts-encodings xfonts-utils
2026-10-09T06:33:32.4443626Z Recommended packages:
2026-10-09T06:33:32.4443902Z   fonts-ipafont-mincho fonts-tlwg-loma
2026-10-09T06:33:32.4791143Z The following NEW packages will be installed:
2026-10-09T06:33:32.4792175Z   fonts-freefont-ttf fonts-ipafont-gothic fonts-tlwg-loma-otf fonts-unifont
2026-10-09T06:33:32.4799338Z   fonts-wqy-zenhei xfonts-cyrillic xfonts-encodings xfonts-scalable
2026-10-09T06:33:32.4800664Z   xfonts-utils
2026-10-09T06:33:32.4804497Z The following packages will be upgraded:
2026-10-09T06:33:32.4810123Z   libfreetype6
2026-10-09T06:33:32.4973709Z 1 upgraded, 9 newly installed, 0 to remove and 22 not upgraded.
2026-10-09T06:33:32.4974827Z Need to get 21.5 MB of archives.
2026-10-09T06:33:32.4975627Z After this operation, 79.5 MB of additional disk space will be used.
2026-10-09T06:33:32.4976793Z Get:1 file:/etc/apt/apt-mirrors.txt Mirrorlist [144 B]
2026-10-09T06:33:32.5294397Z Get:2 http://azure.archive.ubuntu.com/ubuntu noble/universe amd64 fonts-ipafont-gothic all 00303-21ubuntu1 [3513 kB]
2026-10-09T06:33:32.5674501Z Get:3 http://azure.archive.ubuntu.com/ubuntu noble/main amd64 fonts-freefont-ttf all 20211204+svn4273-2 [5641 kB]
2026-10-09T06:33:32.6140902Z Get:4 http://azure.archive.ubuntu.com/ubuntu noble/universe amd64 fonts-tlwg-loma-otf all 1:0.7.3-1 [107 kB]
2026-10-09T06:33:32.6292755Z Get:5 http://azure.archive.ubuntu.com/ubuntu noble/universe amd64 fonts-unifont all 1:15.1.01-1build1 [2993 kB]
2026-10-09T06:33:32.6612576Z Get:6 http://azure.archive.ubuntu.com/ubuntu noble/universe amd64 fonts-wqy-zenhei all 0.9.45-8 [7472 kB]
2026-10-09T06:33:32.7184277Z Get:7 http://azure.archive.ubuntu.com/ubuntu noble-updates/main amd64 libfreetype6 amd64 2.13.2+dfsg-1ubuntu0.2 [403 kB]
2026-10-09T06:33:32.7358392Z Get:8 http://azure.archive.ubuntu.com/ubuntu noble/main amd64 xfonts-encodings all 1:1.0.5-0ubuntu2 [578 kB]
2026-10-09T06:33:32.7543693Z Get:9 http://azure.archive.ubuntu.com/ubuntu noble/main amd64 xfonts-utils amd64 1:7.7+6build3 [94.4 kB]
2026-10-09T06:33:32.7699329Z Get:10 http://azure.archive.ubuntu.com/ubuntu noble/universe amd64 xfonts-cyrillic all 1:1.0.5+nmu1 [384 kB]
2026-10-09T06:33:32.7870037Z Get:11 http://azure.archive.ubuntu.com/ubuntu noble/main amd64 xfonts-scalable all 1:1.0.3-1.3 [304 kB]
2026-10-09T06:33:33.0480030Z Fetched 21.5 MB in 0s (71.2 MB/s)
2026-10-09T06:33:33.0887283Z Selecting previously unselected package fonts-ipafont-gothic.
2026-10-09T06:33:33.1875699Z (Reading database ... 
2026-10-09T06:33:33.1876136Z (Reading database ... 5%
2026-10-09T06:33:33.1876466Z (Reading database ... 10%
2026-10-09T06:33:33.1877364Z (Reading database ... 15%
2026-10-09T06:33:33.1877935Z (Reading database ... 20%
2026-10-09T06:33:33.1878441Z (Reading database ... 25%
2026-10-09T06:33:33.1878942Z (Reading database ... 30%
2026-10-09T06:33:33.1879337Z (Reading database ... 35%
2026-10-09T06:33:33.1879635Z (Reading database ... 40%
2026-10-09T06:33:33.1879940Z (Reading database ... 45%
2026-10-09T06:33:33.1880239Z (Reading database ... 50%
2026-10-09T06:33:33.2843290Z (Reading database ... 55%
2026-10-09T06:33:33.7569911Z (Reading database ... 60%
2026-10-09T06:33:34.2127914Z (Reading database ... 65%
2026-10-09T06:33:34.4726689Z (Reading database ... 70%
2026-10-09T06:33:34.9195346Z (Reading database ... 75%
2026-10-09T06:33:35.5386975Z (Reading database ... 80%
2026-10-09T06:33:36.1573541Z (Reading database ... 85%
2026-10-09T06:33:36.7392860Z (Reading database ... 90%
2026-10-09T06:33:37.3745093Z (Reading database ... 95%
2026-10-09T06:33:37.3745769Z (Reading database ... 100%
2026-10-09T06:33:37.3746986Z (Reading database ... 203191 files and directories currently installed.)
2026-10-09T06:33:37.3790954Z Preparing to unpack .../0-fonts-ipafont-gothic_00303-21ubuntu1_all.deb ...
2026-10-09T06:33:37.3881851Z Unpacking fonts-ipafont-gothic (00303-21ubuntu1) ...
2026-10-09T06:33:37.6147096Z Selecting previously unselected package fonts-freefont-ttf.
2026-10-09T06:33:37.6272218Z Preparing to unpack .../1-fonts-freefont-ttf_20211204+svn4273-2_all.deb ...
2026-10-09T06:33:37.6279569Z Unpacking fonts-freefont-ttf (20211204+svn4273-2) ...
2026-10-09T06:33:37.7038569Z Selecting previously unselected package fonts-tlwg-loma-otf.
2026-10-09T06:33:37.7163677Z Preparing to unpack .../2-fonts-tlwg-loma-otf_1%3a0.7.3-1_all.deb ...
2026-10-09T06:33:37.7170263Z Unpacking fonts-tlwg-loma-otf (1:0.7.3-1) ...
2026-10-09T06:33:37.7411087Z Selecting previously unselected package fonts-unifont.
2026-10-09T06:33:37.7571855Z Preparing to unpack .../3-fonts-unifont_1%3a15.1.01-1build1_all.deb ...
2026-10-09T06:33:37.7584634Z Unpacking fonts-unifont (1:15.1.01-1build1) ...
2026-10-09T06:33:37.8733391Z Selecting previously unselected package fonts-wqy-zenhei.
2026-10-09T06:33:37.8856420Z Preparing to unpack .../4-fonts-wqy-zenhei_0.9.45-8_all.deb ...
2026-10-09T06:33:37.8958496Z Unpacking fonts-wqy-zenhei (0.9.45-8) ...
2026-10-09T06:33:38.3770762Z Preparing to unpack .../5-libfreetype6_2.13.2+dfsg-1ubuntu0.2_amd64.deb ...
2026-10-09T06:33:38.3810881Z Unpacking libfreetype6:amd64 (2.13.2+dfsg-1ubuntu0.2) over (2.13.2+dfsg-1ubuntu0.1) ...
2026-10-09T06:33:38.4068287Z Selecting previously unselected package xfonts-encodings.
2026-10-09T06:33:38.4197029Z Preparing to unpack .../6-xfonts-encodings_1%3a1.0.5-0ubuntu2_all.deb ...
2026-10-09T06:33:38.4203979Z Unpacking xfonts-encodings (1:1.0.5-0ubuntu2) ...
2026-10-09T06:33:38.4483868Z Selecting previously unselected package xfonts-utils.
2026-10-09T06:33:38.4611048Z Preparing to unpack .../7-xfonts-utils_1%3a7.7+6build3_amd64.deb ...
2026-10-09T06:33:38.4619405Z Unpacking xfonts-utils (1:7.7+6build3) ...
2026-10-09T06:33:38.5309132Z Selecting previously unselected package xfonts-cyrillic.
2026-10-09T06:33:38.5434070Z Preparing to unpack .../8-xfonts-cyrillic_1%3a1.0.5+nmu1_all.deb ...
2026-10-09T06:33:38.5441966Z Unpacking xfonts-cyrillic (1:1.0.5+nmu1) ...
2026-10-09T06:33:38.5773907Z Selecting previously unselected package xfonts-scalable.
2026-10-09T06:33:38.5899503Z Preparing to unpack .../9-xfonts-scalable_1%3a1.0.3-1.3_all.deb ...
2026-10-09T06:33:38.5907407Z Unpacking xfonts-scalable (1:1.0.3-1.3) ...
2026-10-09T06:33:38.6349527Z Setting up fonts-wqy-zenhei (0.9.45-8) ...
2026-10-09T06:33:38.6471204Z Setting up fonts-freefont-ttf (20211204+svn4273-2) ...
2026-10-09T06:33:38.6488132Z Setting up fonts-tlwg-loma-otf (1:0.7.3-1) ...
2026-10-09T06:33:38.6505998Z Setting up libfreetype6:amd64 (2.13.2+dfsg-1ubuntu0.2) ...
2026-10-09T06:33:38.6525341Z Setting up xfonts-encodings (1:1.0.5-0ubuntu2) ...
2026-10-09T06:33:38.6541757Z Setting up fonts-ipafont-gothic (00303-21ubuntu1) ...
2026-10-09T06:33:38.6605145Z update-alternatives: using /usr/share/fonts/opentype/ipafont-gothic/ipag.ttf to provide /usr/share/fonts/truetype/fonts-japanese-gothic.ttf (fonts-japanese-gothic.ttf) in auto mode
2026-10-09T06:33:38.6619112Z Setting up fonts-unifont (1:15.1.01-1build1) ...
2026-10-09T06:33:38.6638742Z Setting up xfonts-utils (1:7.7+6build3) ...
2026-10-09T06:33:38.6678088Z Setting up xfonts-cyrillic (1:1.0.5+nmu1) ...
2026-10-09T06:33:38.6988387Z Setting up xfonts-scalable (1:1.0.3-1.3) ...
2026-10-09T06:33:38.7291350Z Processing triggers for libc-bin (2.39-0ubuntu8.9) ...
2026-10-09T06:33:38.7816086Z Processing triggers for man-db (2.12.0-4build2) ...
2026-10-09T06:33:38.7837721Z Not building database; man-db/auto-update is not 'true'.
2026-10-09T06:33:38.7850475Z Processing triggers for fontconfig (2.15.0-1.1ubuntu2) ...
2026-10-09T06:33:40.5716269Z 
2026-10-09T06:33:40.5717667Z Running kernel seems to be up-to-date.
2026-10-09T06:33:40.5718083Z 
2026-10-09T06:33:40.5718280Z Restarting services...
2026-10-09T06:33:40.5798280Z  systemctl restart php8.3-fpm.service
2026-10-09T06:33:40.6889178Z 
2026-10-09T06:33:40.6890545Z No containers need to be restarted.
2026-10-09T06:33:40.6890977Z 
2026-10-09T06:33:40.6907867Z No user sessions are running outdated binaries.
2026-10-09T06:33:40.6908288Z 
2026-10-09T06:33:40.6908862Z No VM guests are running outdated hypervisor (qemu) binaries on this host.
2026-10-09T06:33:41.6551963Z Downloading Chromium 141.0.7390.37 (playwright build v1194) from https://cdn.playwright.dev/dbazure/download/playwright/builds/chromium/1194/chromium-linux.zip
2026-10-09T06:33:41.8014307Z |                                                                                |   0% of 173.9 MiB
2026-10-09T06:33:41.9218162Z |■■■■■■■■                                                                        |  10% of 173.9 MiB
2026-10-09T06:33:42.0098808Z |■■■■■■■■■■■■■■■■                                                                |  20% of 173.9 MiB
2026-10-09T06:33:42.0975442Z |■■■■■■■■■■■■■■■■■■■■■■■■                                                        |  30% of 173.9 MiB
2026-10-09T06:33:42.1591688Z |■■■■■■■■■■■■■■■■■■■■■■■■■■■■■■■■                                                |  40% of 173.9 MiB
2026-10-09T06:33:42.2217861Z |■■■■■■■■■■■■■■■■■■■■■■■■■■■■■■■■■■■■■■■■                                        |  50% of 173.9 MiB
2026-10-09T06:33:42.2827157Z |■■■■■■■■■■■■■■■■■■■■■■■■■■■■■■■■■■■■■■■■■■■■■■■■                                |  60% of 173.9 MiB
2026-10-09T06:33:42.3486855Z |■■■■■■■■■■■■■■■■■■■■■■■■■■■■■■■■■■■■■■■■■■■■■■■■■■■■■■■■                        |  70% of 173.9 MiB
2026-10-09T06:33:42.4165965Z |■■■■■■■■■■■■■■■■■■■■■■■■■■■■■■■■■■■■■■■■■■■■■■■■■■■■■■■■■■■■■■■■                |  80% of 173.9 MiB
2026-10-09T06:33:42.4783971Z |■■■■■■■■■■■■■■■■■■■■■■■■■■■■■■■■■■■■■■■■■■■■■■■■■■■■■■■■■■■■■■■■■■■■■■■■        |  90% of 173.9 MiB
2026-10-09T06:33:42.5439661Z |■■■■■■■■■■■■■■■■■■■■■■■■■■■■■■■■■■■■■■■■■■■■■■■■■■■■■■■■■■■■■■■■■■■■■■■■■■■■■■■■| 100% of 173.9 MiB
2026-10-09T06:33:46.1237501Z Chromium 141.0.7390.37 (playwright build v1194) downloaded to /home/runner/.cache/ms-playwright/chromium-1194
2026-10-09T06:33:46.1240479Z Downloading FFMPEG playwright build v1011 from https://cdn.playwright.dev/dbazure/download/playwright/builds/ffmpeg/1011/ffmpeg-linux.zip
2026-10-09T06:33:46.2714877Z |                                                                                |   0% of 2.3 MiB
2026-10-09T06:33:46.2787414Z |■■■■■■■■                                                                        |  10% of 2.3 MiB
2026-10-09T06:33:46.2818551Z |■■■■■■■■■■■■■■■■                                                                |  20% of 2.3 MiB
2026-10-09T06:33:46.2854539Z |■■■■■■■■■■■■■■■■■■■■■■■■                                                        |  30% of 2.3 MiB
2026-10-09T06:33:46.2872852Z |■■■■■■■■■■■■■■■■■■■■■■■■■■■■■■■■                                                |  40% of 2.3 MiB
2026-10-09T06:33:46.2889791Z |■■■■■■■■■■■■■■■■■■■■■■■■■■■■■■■■■■■■■■■■                                        |  50% of 2.3 MiB
2026-10-09T06:33:46.2912957Z |■■■■■■■■■■■■■■■■■■■■■■■■■■■■■■■■■■■■■■■■■■■■■■■■                                |  60% of 2.3 MiB
2026-10-09T06:33:46.2925883Z |■■■■■■■■■■■■■■■■■■■■■■■■■■■■■■■■■■■■■■■■■■■■■■■■■■■■■■■■                        |  70% of 2.3 MiB
2026-10-09T06:33:46.2954685Z |■■■■■■■■■■■■■■■■■■■■■■■■■■■■■■■■■■■■■■■■■■■■■■■■■■■■■■■■■■■■■■■■                |  80% of 2.3 MiB
2026-10-09T06:33:46.2971257Z |■■■■■■■■■■■■■■■■■■■■■■■■■■■■■■■■■■■■■■■■■■■■■■■■■■■■■■■■■■■■■■■■■■■■■■■■        |  90% of 2.3 MiB
2026-10-09T06:33:46.3004605Z |■■■■■■■■■■■■■■■■■■■■■■■■■■■■■■■■■■■■■■■■■■■■■■■■■■■■■■■■■■■■■■■■■■■■■■■■■■■■■■■■| 100% of 2.3 MiB
2026-10-09T06:33:46.3552934Z FFMPEG playwright build v1011 downloaded to /home/runner/.cache/ms-playwright/ffmpeg-1011
2026-10-09T06:33:46.3556923Z Downloading Chromium Headless Shell 141.0.7390.37 (playwright build v1194) from https://cdn.playwright.dev/dbazure/download/playwright/builds/chromium/1194/chromium-headless-shell-linux.zip
2026-10-09T06:33:46.5012613Z |                                                                                |   0% of 104.3 MiB
2026-10-09T06:33:46.5823811Z |■■■■■■■■                                                                        |  10% of 104.3 MiB
2026-10-09T06:33:46.6431697Z |■■■■■■■■■■■■■■■■                                                                |  20% of 104.3 MiB
2026-10-09T06:33:46.6985245Z |■■■■■■■■■■■■■■■■■■■■■■■■                                                        |  30% of 104.3 MiB
2026-10-09T06:33:46.7455411Z |■■■■■■■■■■■■■■■■■■■■■■■■■■■■■■■■                                                |  40% of 104.3 MiB
2026-10-09T06:33:46.8006256Z |■■■■■■■■■■■■■■■■■■■■■■■■■■■■■■■■■■■■■■■■                                        |  50% of 104.3 MiB
2026-10-09T06:33:46.8443461Z |■■■■■■■■■■■■■■■■■■■■■■■■■■■■■■■■■■■■■■■■■■■■■■■■                                |  60% of 104.3 MiB
2026-10-09T06:33:46.8869868Z |■■■■■■■■■■■■■■■■■■■■■■■■■■■■■■■■■■■■■■■■■■■■■■■■■■■■■■■■                        |  70% of 104.3 MiB
2026-10-09T06:33:46.9277418Z |■■■■■■■■■■■■■■■■■■■■■■■■■■■■■■■■■■■■■■■■■■■■■■■■■■■■■■■■■■■■■■■■                |  80% of 104.3 MiB
2026-10-09T06:33:46.9638826Z |■■■■■■■■■■■■■■■■■■■■■■■■■■■■■■■■■■■■■■■■■■■■■■■■■■■■■■■■■■■■■■■■■■■■■■■■        |  90% of 104.3 MiB
2026-10-09T06:33:47.0044486Z |■■■■■■■■■■■■■■■■■■■■■■■■■■■■■■■■■■■■■■■■■■■■■■■■■■■■■■■■■■■■■■■■■■■■■■■■■■■■■■■■| 100% of 104.3 MiB
2026-10-09T06:33:48.8709253Z Chromium Headless Shell 141.0.7390.37 (playwright build v1194) downloaded to /home/runner/.cache/ms-playwright/chromium_headless_shell-1194
2026-10-09T06:33:49.1133563Z ##[group]Run npm test
2026-10-09T06:33:49.1133846Z [36;1mnpm test[0m
2026-10-09T06:33:49.1197640Z shell: /usr/bin/bash -e {0}
2026-10-09T06:33:49.1197910Z ##[endgroup]
2026-10-09T06:33:49.2226837Z 
2026-10-09T06:33:49.2227710Z > partybox-g02-gin-rummy@1.2.1 test
2026-10-09T06:33:49.2229609Z > npm run build && node --test tests/*.test.mjs && node scripts/league.mjs && node scripts/mutations.mjs && node scripts/browser-check.mjs && node scripts/capture.mjs ci-current --public-history --ci-output && node scripts/integrity.mjs
2026-10-09T06:33:49.2230881Z 
2026-10-09T06:33:49.3197408Z 
2026-10-09T06:33:49.3198094Z > partybox-g02-gin-rummy@1.2.1 build
2026-10-09T06:33:49.3198679Z > tsc --noEmit && node scripts/build.mjs
2026-10-09T06:33:49.3198897Z 
2026-10-09T06:33:51.5453122Z TAP version 13
2026-10-09T06:33:51.7349551Z # {"suite":"all-phases","phases":6,"cases":408}
2026-10-09T06:33:51.7374198Z # Subtest: every event family, roster id and bot skill in every delivered phase
2026-10-09T06:33:51.7398418Z ok 1 - every event family, roster id and bot skill in every delivered phase
2026-10-09T06:33:51.7427403Z   ---
2026-10-09T06:33:51.7457691Z   duration_ms: 68.241832
2026-10-09T06:33:51.7487269Z   type: 'test'
2026-10-09T06:33:51.7487939Z   ...
2026-10-09T06:33:51.7518020Z # Subtest: registered prototype-looking ids remain valid players and finite result keys
2026-10-09T06:33:51.7537936Z ok 2 - registered prototype-looking ids remain valid players and finite result keys
2026-10-09T06:33:51.7548664Z   ---
2026-10-09T06:33:51.7549458Z   duration_ms: 2.40689
2026-10-09T06:33:51.7550834Z   type: 'test'
2026-10-09T06:33:51.7551425Z   ...
2026-10-09T06:33:56.6901050Z # {"suite":"batch-discard-proof","hands":1000,"outcomes":10500,"exactLayouts":true}
2026-10-09T06:33:56.6941921Z # Subtest: 10500 batch outcomes retain exact standalone layouts and independent minima
2026-10-09T06:33:56.6954064Z ok 3 - 10500 batch outcomes retain exact standalone layouts and independent minima
2026-10-09T06:33:56.6955159Z   ---
2026-10-09T06:33:56.6997779Z   duration_ms: 5014.833846
2026-10-09T06:33:56.7000266Z   type: 'test'
2026-10-09T06:33:56.7000924Z   ...
2026-10-09T06:34:05.5328905Z # {"suite":"boundary-fuzz","seed":912701,"invalidInputs":1000,"phases":6,"rejectedInputs":6000,"metadataChecks":282,"viewChecks":66}
2026-10-09T06:34:05.5331154Z # Subtest: 1000 seeded invalid JSON inputs and malformed event/identity metadata in every phase
2026-10-09T06:34:05.5369932Z ok 4 - 1000 seeded invalid JSON inputs and malformed event/identity metadata in every phase
2026-10-09T06:34:05.5371217Z   ---
2026-10-09T06:34:05.5373203Z   duration_ms: 68.927632
2026-10-09T06:34:05.5373861Z   type: 'test'
2026-10-09T06:34:05.5374358Z   ...
2026-10-09T06:34:05.5375997Z # {"suite":"mixed-event-replay","phaseStarts":6,"seedsPerPhase":100,"transitions":48000,"changed":12742,"eventFamilies":["input","player","speech","speechStart","timer","vip"]}
2026-10-09T06:34:05.5378401Z # Subtest: mixed event families replay through JSON after every transition from every phase
2026-10-09T06:34:05.5379710Z ok 5 - mixed event families replay through JSON after every transition from every phase
2026-10-09T06:34:05.5380588Z   ---
2026-10-09T06:34:05.5381028Z   duration_ms: 13781.035287
2026-10-09T06:34:05.5381544Z   type: 'test'
2026-10-09T06:34:05.5382018Z   ...
2026-10-09T06:34:05.5444529Z # Subtest: branching target ends retain exact minima, legal chains, layouts and all cards
2026-10-09T06:34:05.5454381Z ok 6 - branching target ends retain exact minima, legal chains, layouts and all cards
2026-10-09T06:34:05.5490730Z   ---
2026-10-09T06:34:05.5512338Z   duration_ms: 61.367852
2026-10-09T06:34:05.5547850Z   type: 'test'
2026-10-09T06:34:05.5573745Z   ...
2026-10-09T06:34:05.5574831Z # Subtest: current source-bound raw proof passes without discarding its largest interval
2026-10-09T06:34:05.5576359Z not ok 7 - current source-bound raw proof passes without discarding its largest interval
2026-10-09T06:34:05.5577582Z   ---
2026-10-09T06:34:05.5578581Z   duration_ms: 3.646753
2026-10-09T06:34:05.5579176Z   type: 'test'
2026-10-09T06:34:05.5580413Z   location: '/home/runner/work/partybox-game-cores/partybox-game-cores/jobs/G02-gin-rummy/tests/browser-proof.test.mjs:6:1'
2026-10-09T06:34:05.5581696Z   failureType: 'testCodeFailure'
2026-10-09T06:34:05.5582400Z   error: |-
2026-10-09T06:34:05.5582983Z     accepted proof has stale source hashes
2026-10-09T06:34:05.5583685Z     + actual - expected
2026-10-09T06:34:05.5584222Z     
2026-10-09T06:34:05.5584684Z       {
2026-10-09T06:34:05.5585498Z     +   'play.html': '0329573fde228c5d7bde7226f41914592a746fd934a8aeb4be9c4ba251bb66e2',
2026-10-09T06:34:05.5586963Z     -   'play.html': 'bb72277c2ea52dadfcf70595e41ac2e8039ddac9955611c99ced1da3403b6ff3',
2026-10-09T06:34:05.5588298Z         'src/browser.ts': '56fb3b450aa29e9dda800a69b187d66d5446e056bf2b89b349a9bef1479131e4',
2026-10-09T06:34:05.5589639Z         'src/cards.ts': 'e309e103393bc1aaaf10b34e3994de815dd693d1828a61566723b8fba573fdb9',
2026-10-09T06:34:05.5590895Z     +   'src/core.ts': '0ab6faaab888559655dc0ec866a58273cde4440a68db7c1d17c2c65762181bb0',
2026-10-09T06:34:05.5592114Z     -   'src/core.ts': '31a054d6702767595df7759487bc67e71ba3aec3f3b62b6fc35673268b15bef3',
2026-10-09T06:34:05.5593495Z         'src/play.template.html': '1b5188f105cfd9766f3f19c0a6f3cfa1b522cbd676ec5fde0dbfa1566a09f8c7'
2026-10-09T06:34:05.5594489Z       }
2026-10-09T06:34:05.5594928Z     
2026-10-09T06:34:05.5595379Z   code: 'ERR_ASSERTION'
2026-10-09T06:34:05.5595905Z   name: 'AssertionError'
2026-10-09T06:34:05.5596408Z   expected:
2026-10-09T06:34:05.5597450Z     play.html: 'bb72277c2ea52dadfcf70595e41ac2e8039ddac9955611c99ced1da3403b6ff3'
2026-10-09T06:34:05.5598964Z     src/core.ts: '31a054d6702767595df7759487bc67e71ba3aec3f3b62b6fc35673268b15bef3'
2026-10-09T06:34:05.5600158Z     src/cards.ts: 'e309e103393bc1aaaf10b34e3994de815dd693d1828a61566723b8fba573fdb9'
2026-10-09T06:34:05.5601427Z     src/browser.ts: '56fb3b450aa29e9dda800a69b187d66d5446e056bf2b89b349a9bef1479131e4'
2026-10-09T06:34:05.5602864Z     src/play.template.html: '1b5188f105cfd9766f3f19c0a6f3cfa1b522cbd676ec5fde0dbfa1566a09f8c7'
2026-10-09T06:34:05.5603854Z   actual:
2026-10-09T06:34:05.5604679Z     play.html: '0329573fde228c5d7bde7226f41914592a746fd934a8aeb4be9c4ba251bb66e2'
2026-10-09T06:34:05.5605913Z     src/core.ts: '0ab6faaab888559655dc0ec866a58273cde4440a68db7c1d17c2c65762181bb0'
2026-10-09T06:34:05.5607543Z     src/cards.ts: 'e309e103393bc1aaaf10b34e3994de815dd693d1828a61566723b8fba573fdb9'
2026-10-09T06:34:05.5608822Z     src/browser.ts: '56fb3b450aa29e9dda800a69b187d66d5446e056bf2b89b349a9bef1479131e4'
2026-10-09T06:34:05.5610117Z     src/play.template.html: '1b5188f105cfd9766f3f19c0a6f3cfa1b522cbd676ec5fde0dbfa1566a09f8c7'
2026-10-09T06:34:05.5611015Z   operator: 'deepStrictEqual'
2026-10-09T06:34:05.5611469Z   stack: |-
2026-10-09T06:34:05.5612600Z     sourceGuard (file:///home/runner/work/partybox-game-cores/partybox-game-cores/jobs/G02-gin-rummy/scripts/browser-proof.mjs:13:9)
2026-10-09T06:34:05.5614552Z     verifyBrowserProof (file:///home/runner/work/partybox-game-cores/partybox-game-cores/jobs/G02-gin-rummy/scripts/browser-proof.mjs:21:2)
2026-10-09T06:34:05.5616885Z     TestContext.<anonymous> (file:///home/runner/work/partybox-game-cores/partybox-game-cores/jobs/G02-gin-rummy/tests/browser-proof.test.mjs:8:19)
2026-10-09T06:34:05.5618269Z     Test.runInAsyncScope (node:async_hooks:214:14)
2026-10-09T06:34:05.5618990Z     Test.run (node:internal/test_runner/test:1047:25)
2026-10-09T06:34:05.5619714Z     Test.start (node:internal/test_runner/test:944:17)
2026-10-09T06:34:05.5620595Z     startSubtestAfterBootstrap (node:internal/test_runner/harness:296:17)
2026-10-09T06:34:05.5621313Z   ...
2026-10-09T06:34:05.5622163Z # Subtest: a refreshed inventory cannot accept stale browser or recording source hashes
2026-10-09T06:34:05.5623542Z ok 8 - a refreshed inventory cannot accept stale browser or recording source hashes
2026-10-09T06:34:05.5624298Z   ---
2026-10-09T06:34:05.5624651Z   duration_ms: 13.880071
2026-10-09T06:34:05.5625376Z   type: 'test'
2026-10-09T06:34:05.5625771Z   ...
2026-10-09T06:34:05.5626394Z # Subtest: changed end guards and failed snapshots are rejected
2026-10-09T06:34:05.5627562Z not ok 9 - changed end guards and failed snapshots are rejected
2026-10-09T06:34:05.5628178Z   ---
2026-10-09T06:34:05.5628536Z   duration_ms: 4.875194
2026-10-09T06:34:05.5628948Z   type: 'test'
2026-10-09T06:34:05.5630005Z   location: '/home/runner/work/partybox-game-cores/partybox-game-cores/jobs/G02-gin-rummy/tests/browser-proof.test.mjs:16:1'
2026-10-09T06:34:05.5631164Z   failureType: 'testCodeFailure'
2026-10-09T06:34:05.5631641Z   error: |-
2026-10-09T06:34:05.5632245Z     The input did not match the regular expression /end hashes/. Input:
2026-10-09T06:34:05.5634576Z     
2026-10-09T06:34:05.5635273Z     'AssertionError [ERR_ASSERTION]: accepted proof has stale source hashes\n' +
2026-10-09T06:34:05.5636099Z       '+ actual - expected\n' +
2026-10-09T06:34:05.5636809Z       '\n' +
2026-10-09T06:34:05.5637190Z       '  {\n' +
2026-10-09T06:34:05.5637999Z       "+   'play.html': '0329573fde228c5d7bde7226f41914592a746fd934a8aeb4be9c4ba251bb66e2',\n" +
2026-10-09T06:34:05.5639266Z       "-   'play.html': 'bb72277c2ea52dadfcf70595e41ac2e8039ddac9955611c99ced1da3403b6ff3',\n" +
2026-10-09T06:34:05.5640552Z       "    'src/browser.ts': '56fb3b450aa29e9dda800a69b187d66d5446e056bf2b89b349a9bef1479131e4',\n" +
2026-10-09T06:34:05.5641825Z       "    'src/cards.ts': 'e309e103393bc1aaaf10b34e3994de815dd693d1828a61566723b8fba573fdb9',\n" +
2026-10-09T06:34:05.5643088Z       "+   'src/core.ts': '0ab6faaab888559655dc0ec866a58273cde4440a68db7c1d17c2c65762181bb0',\n" +
2026-10-09T06:34:05.5644671Z       "-   'src/core.ts': '31a054d6702767595df7759487bc67e71ba3aec3f3b62b6fc35673268b15bef3',\n" +
2026-10-09T06:34:05.5646016Z       "    'src/play.template.html': '1b5188f105cfd9766f3f19c0a6f3cfa1b522cbd676ec5fde0dbfa1566a09f8c7'\n" +
2026-10-09T06:34:05.5647203Z       '  }\n'
2026-10-09T06:34:05.5647543Z     
2026-10-09T06:34:05.5647888Z   code: 'ERR_ASSERTION'
2026-10-09T06:34:05.5648330Z   name: 'AssertionError'
2026-10-09T06:34:05.5648743Z   expected:
2026-10-09T06:34:05.5649077Z   actual:
2026-10-09T06:34:05.5649397Z   error: |-
2026-10-09T06:34:05.5649839Z     accepted proof has stale source hashes
2026-10-09T06:34:05.5650345Z     + actual - expected
2026-10-09T06:34:05.5650730Z     
2026-10-09T06:34:05.5651049Z       {
2026-10-09T06:34:05.5651761Z     +   'play.html': '0329573fde228c5d7bde7226f41914592a746fd934a8aeb4be9c4ba251bb66e2',
2026-10-09T06:34:05.5652903Z     -   'play.html': 'bb72277c2ea52dadfcf70595e41ac2e8039ddac9955611c99ced1da3403b6ff3',
2026-10-09T06:34:05.5653957Z         'src/browser.ts': '56fb3b450aa29e9dda800a69b187d66d5446e056bf2b89b349a9bef1479131e4',
2026-10-09T06:34:05.5655009Z         'src/cards.ts': 'e309e103393bc1aaaf10b34e3994de815dd693d1828a61566723b8fba573fdb9',
2026-10-09T06:34:05.5656127Z     +   'src/core.ts': '0ab6faaab888559655dc0ec866a58273cde4440a68db7c1d17c2c65762181bb0',
2026-10-09T06:34:05.5663888Z     -   'src/core.ts': '31a054d6702767595df7759487bc67e71ba3aec3f3b62b6fc35673268b15bef3',
2026-10-09T06:34:05.5665177Z         'src/play.template.html': '1b5188f105cfd9766f3f19c0a6f3cfa1b522cbd676ec5fde0dbfa1566a09f8c7'
2026-10-09T06:34:05.5666042Z       }
2026-10-09T06:34:05.5666376Z     
2026-10-09T06:34:05.5666983Z   stack: |-
2026-10-09T06:34:05.5668104Z     sourceGuard (file:///home/runner/work/partybox-game-cores/partybox-game-cores/jobs/G02-gin-rummy/scripts/browser-proof.mjs:13:9)
2026-10-09T06:34:05.5670031Z     verifyBrowserProof (file:///home/runner/work/partybox-game-cores/partybox-game-cores/jobs/G02-gin-rummy/scripts/browser-proof.mjs:21:2)
2026-10-09T06:34:05.5671867Z     file:///home/runner/work/partybox-game-cores/partybox-game-cores/jobs/G02-gin-rummy/tests/browser-proof.test.mjs:17:85
2026-10-09T06:34:05.5672975Z     getActual (node:assert:531:5)
2026-10-09T06:34:05.5673536Z     Function.throws (node:assert:677:24)
2026-10-09T06:34:05.5675590Z     TestContext.<anonymous> (file:///home/runner/work/partybox-game-cores/partybox-game-cores/jobs/G02-gin-rummy/tests/browser-proof.test.mjs:17:74)
2026-10-09T06:34:05.5677273Z     Test.runInAsyncScope (node:async_hooks:214:14)
2026-10-09T06:34:05.5677997Z     Test.run (node:internal/test_runner/test:1047:25)
2026-10-09T06:34:05.5678850Z     Test.processPendingSubtests (node:internal/test_runner/test:744:18)
2026-10-09T06:34:05.5679703Z     Test.postRun (node:internal/test_runner/test:1173:19)
2026-10-09T06:34:05.5680294Z   operator: 'throws'
2026-10-09T06:34:05.5680696Z   stack: |-
2026-10-09T06:34:05.5681925Z     TestContext.<anonymous> (file:///home/runner/work/partybox-game-cores/partybox-game-cores/jobs/G02-gin-rummy/tests/browser-proof.test.mjs:17:74)
2026-10-09T06:34:05.5683306Z     Test.runInAsyncScope (node:async_hooks:214:14)
2026-10-09T06:34:05.5683998Z     Test.run (node:internal/test_runner/test:1047:25)
2026-10-09T06:34:05.5684855Z     Test.processPendingSubtests (node:internal/test_runner/test:744:18)
2026-10-09T06:34:05.5685738Z     Test.postRun (node:internal/test_runner/test:1173:19)
2026-10-09T06:34:05.5686471Z     Test.run (node:internal/test_runner/test:1101:12)
2026-10-09T06:34:05.5687641Z     async Test.processPendingSubtests (node:internal/test_runner/test:744:7)
2026-10-09T06:34:05.5688385Z   ...
2026-10-09T06:34:05.5689247Z # Subtest: missing, altered and invalid raw intervals cannot be hidden by good summary fields
2026-10-09T06:34:05.5690556Z ok 10 - missing, altered and invalid raw intervals cannot be hidden by good summary fields
2026-10-09T06:34:05.5691337Z   ---
2026-10-09T06:34:05.5691688Z   duration_ms: 12.05648
2026-10-09T06:34:05.5692347Z   type: 'test'
2026-10-09T06:34:05.5692710Z   ...
2026-10-09T06:34:05.5693428Z # Subtest: reported statistics are recomputed from all retained intervals
2026-10-09T06:34:05.5694515Z not ok 11 - reported statistics are recomputed from all retained intervals
2026-10-09T06:34:05.5695216Z   ---
2026-10-09T06:34:05.5695567Z   duration_ms: 3.766034
2026-10-09T06:34:05.5695981Z   type: 'test'
2026-10-09T06:34:05.5697327Z   location: '/home/runner/work/partybox-game-cores/partybox-game-cores/jobs/G02-gin-rummy/tests/browser-proof.test.mjs:26:1'
2026-10-09T06:34:05.5698490Z   failureType: 'testCodeFailure'
2026-10-09T06:34:05.5698957Z   error: |-
2026-10-09T06:34:05.5699619Z     The input did not match the regular expression /retained interval/. Input:
2026-10-09T06:34:05.5700310Z     
2026-10-09T06:34:05.5700987Z     'AssertionError [ERR_ASSERTION]: accepted proof has stale source hashes\n' +
2026-10-09T06:34:05.5701796Z       '+ actual - expected\n' +
2026-10-09T06:34:05.5702260Z       '\n' +
2026-10-09T06:34:05.5702619Z       '  {\n' +
2026-10-09T06:34:05.5703418Z       "+   'play.html': '0329573fde228c5d7bde7226f41914592a746fd934a8aeb4be9c4ba251bb66e2',\n" +
2026-10-09T06:34:05.5704667Z       "-   'play.html': 'bb72277c2ea52dadfcf70595e41ac2e8039ddac9955611c99ced1da3403b6ff3',\n" +
2026-10-09T06:34:05.5705954Z       "    'src/browser.ts': '56fb3b450aa29e9dda800a69b187d66d5446e056bf2b89b349a9bef1479131e4',\n" +
2026-10-09T06:34:05.5707498Z       "    'src/cards.ts': 'e309e103393bc1aaaf10b34e3994de815dd693d1828a61566723b8fba573fdb9',\n" +
2026-10-09T06:34:05.5708767Z       "+   'src/core.ts': '0ab6faaab888559655dc0ec866a58273cde4440a68db7c1d17c2c65762181bb0',\n" +
2026-10-09T06:34:05.5710003Z       "-   'src/core.ts': '31a054d6702767595df7759487bc67e71ba3aec3f3b62b6fc35673268b15bef3',\n" +
2026-10-09T06:34:05.5711354Z       "    'src/play.template.html': '1b5188f105cfd9766f3f19c0a6f3cfa1b522cbd676ec5fde0dbfa1566a09f8c7'\n" +
2026-10-09T06:34:05.5712269Z       '  }\n'
2026-10-09T06:34:05.5712637Z     
2026-10-09T06:34:05.5713004Z   code: 'ERR_ASSERTION'
2026-10-09T06:34:05.5713446Z   name: 'AssertionError'
2026-10-09T06:34:05.5713864Z   expected:
2026-10-09T06:34:05.5714214Z   actual:
2026-10-09T06:34:05.5714544Z   error: |-
2026-10-09T06:34:05.5714981Z     accepted proof has stale source hashes
2026-10-09T06:34:05.5715513Z     + actual - expected
2026-10-09T06:34:05.5715897Z     
2026-10-09T06:34:05.5716471Z       {
2026-10-09T06:34:05.5717504Z     +   'play.html': '0329573fde228c5d7bde7226f41914592a746fd934a8aeb4be9c4ba251bb66e2',
2026-10-09T06:34:05.5718676Z     -   'play.html': 'bb72277c2ea52dadfcf70595e41ac2e8039ddac9955611c99ced1da3403b6ff3',
2026-10-09T06:34:05.5719895Z         'src/browser.ts': '56fb3b450aa29e9dda800a69b187d66d5446e056bf2b89b349a9bef1479131e4',
2026-10-09T06:34:05.5721073Z         'src/cards.ts': 'e309e103393bc1aaaf10b34e3994de815dd693d1828a61566723b8fba573fdb9',
2026-10-09T06:34:05.5722227Z     +   'src/core.ts': '0ab6faaab888559655dc0ec866a58273cde4440a68db7c1d17c2c65762181bb0',
2026-10-09T06:34:05.5723384Z     -   'src/core.ts': '31a054d6702767595df7759487bc67e71ba3aec3f3b62b6fc35673268b15bef3',
2026-10-09T06:34:05.5724641Z         'src/play.template.html': '1b5188f105cfd9766f3f19c0a6f3cfa1b522cbd676ec5fde0dbfa1566a09f8c7'
2026-10-09T06:34:05.5725516Z       }
2026-10-09T06:34:05.5725842Z     
2026-10-09T06:34:05.5726161Z   stack: |-
2026-10-09T06:34:05.5727519Z     sourceGuard (file:///home/runner/work/partybox-game-cores/partybox-game-cores/jobs/G02-gin-rummy/scripts/browser-proof.mjs:13:9)
2026-10-09T06:34:05.5729808Z     verifyBrowserProof (file:///home/runner/work/partybox-game-cores/partybox-game-cores/jobs/G02-gin-rummy/scripts/browser-proof.mjs:21:2)
2026-10-09T06:34:05.5732007Z     file:///home/runner/work/partybox-game-cores/partybox-game-cores/jobs/G02-gin-rummy/tests/browser-proof.test.mjs:29:21
2026-10-09T06:34:05.5733127Z     getActual (node:assert:531:5)
2026-10-09T06:34:05.5733682Z     Function.throws (node:assert:677:24)
2026-10-09T06:34:05.5735335Z     TestContext.<anonymous> (file:///home/runner/work/partybox-game-cores/partybox-game-cores/jobs/G02-gin-rummy/tests/browser-proof.test.mjs:29:10)
2026-10-09T06:34:05.5736951Z     Test.runInAsyncScope (node:async_hooks:214:14)
2026-10-09T06:34:05.5737686Z     Test.run (node:internal/test_runner/test:1047:25)
2026-10-09T06:34:05.5738572Z     Test.processPendingSubtests (node:internal/test_runner/test:744:18)
2026-10-09T06:34:05.5739444Z     Test.postRun (node:internal/test_runner/test:1173:19)
2026-10-09T06:34:05.5740037Z   operator: 'throws'
2026-10-09T06:34:05.5740432Z   stack: |-
2026-10-09T06:34:05.5741705Z     TestContext.<anonymous> (file:///home/runner/work/partybox-game-cores/partybox-game-cores/jobs/G02-gin-rummy/tests/browser-proof.test.mjs:29:10)
2026-10-09T06:34:05.5743345Z     Test.runInAsyncScope (node:async_hooks:214:14)
2026-10-09T06:34:05.5744044Z     Test.run (node:internal/test_runner/test:1047:25)
2026-10-09T06:34:05.5744896Z     Test.processPendingSubtests (node:internal/test_runner/test:744:18)
2026-10-09T06:34:05.5745781Z     Test.postRun (node:internal/test_runner/test:1173:19)
2026-10-09T06:34:05.5746498Z     Test.run (node:internal/test_runner/test:1101:12)
2026-10-09T06:34:05.5747634Z     async Test.processPendingSubtests (node:internal/test_runner/test:744:7)
2026-10-09T06:34:05.5748362Z   ...
2026-10-09T06:34:05.5749171Z # Subtest: an honestly recomputed slow raw sample still fails the original frame gate
2026-10-09T06:34:05.5750379Z not ok 12 - an honestly recomputed slow raw sample still fails the original frame gate
2026-10-09T06:34:05.5751126Z   ---
2026-10-09T06:34:05.5751470Z   duration_ms: 5.685314
2026-10-09T06:34:05.5751874Z   type: 'test'
2026-10-09T06:34:05.5752964Z   location: '/home/runner/work/partybox-game-cores/partybox-game-cores/jobs/G02-gin-rummy/tests/browser-proof.test.mjs:32:1'
2026-10-09T06:34:05.5754103Z   failureType: 'testCodeFailure'
2026-10-09T06:34:05.5754568Z   error: |-
2026-10-09T06:34:05.5755242Z     The input did not match the regular expression /raw frame gate failed/. Input:
2026-10-09T06:34:05.5756027Z     
2026-10-09T06:34:05.5756922Z     'AssertionError [ERR_ASSERTION]: accepted proof has stale source hashes\n' +
2026-10-09T06:34:05.5757731Z       '+ actual - expected\n' +
2026-10-09T06:34:05.5758182Z       '\n' +
2026-10-09T06:34:05.5758527Z       '  {\n' +
2026-10-09T06:34:05.5759550Z       "+   'play.html': '0329573fde228c5d7bde7226f41914592a746fd934a8aeb4be9c4ba251bb66e2',\n" +
2026-10-09T06:34:05.5761181Z       "-   'play.html': 'bb72277c2ea52dadfcf70595e41ac2e8039ddac9955611c99ced1da3403b6ff3',\n" +
2026-10-09T06:34:05.5762474Z       "    'src/browser.ts': '56fb3b450aa29e9dda800a69b187d66d5446e056bf2b89b349a9bef1479131e4',\n" +
2026-10-09T06:34:05.5763748Z       "    'src/cards.ts': 'e309e103393bc1aaaf10b34e3994de815dd693d1828a61566723b8fba573fdb9',\n" +
2026-10-09T06:34:05.5764985Z       "+   'src/core.ts': '0ab6faaab888559655dc0ec866a58273cde4440a68db7c1d17c2c65762181bb0',\n" +
2026-10-09T06:34:05.5766202Z       "-   'src/core.ts': '31a054d6702767595df7759487bc67e71ba3aec3f3b62b6fc35673268b15bef3',\n" +
2026-10-09T06:34:05.5767838Z       "    'src/play.template.html': '1b5188f105cfd9766f3f19c0a6f3cfa1b522cbd676ec5fde0dbfa1566a09f8c7'\n" +
2026-10-09T06:34:05.5768747Z       '  }\n'
2026-10-09T06:34:05.5769091Z     
2026-10-09T06:34:05.5769444Z   code: 'ERR_ASSERTION'
2026-10-09T06:34:05.5769852Z   name: 'AssertionError'
2026-10-09T06:34:05.5770263Z   expected:
2026-10-09T06:34:05.5770597Z   actual:
2026-10-09T06:34:05.5770915Z   error: |-
2026-10-09T06:34:05.5771354Z     accepted proof has stale source hashes
2026-10-09T06:34:05.5771869Z     + actual - expected
2026-10-09T06:34:05.5772256Z     
2026-10-09T06:34:05.5772565Z       {
2026-10-09T06:34:05.5773262Z     +   'play.html': '0329573fde228c5d7bde7226f41914592a746fd934a8aeb4be9c4ba251bb66e2',
2026-10-09T06:34:05.5774415Z     -   'play.html': 'bb72277c2ea52dadfcf70595e41ac2e8039ddac9955611c99ced1da3403b6ff3',
2026-10-09T06:34:05.5775590Z         'src/browser.ts': '56fb3b450aa29e9dda800a69b187d66d5446e056bf2b89b349a9bef1479131e4',
2026-10-09T06:34:05.5777283Z         'src/cards.ts': 'e309e103393bc1aaaf10b34e3994de815dd693d1828a61566723b8fba573fdb9',
2026-10-09T06:34:05.5778508Z     +   'src/core.ts': '0ab6faaab888559655dc0ec866a58273cde4440a68db7c1d17c2c65762181bb0',
2026-10-09T06:34:05.5779667Z     -   'src/core.ts': '31a054d6702767595df7759487bc67e71ba3aec3f3b62b6fc35673268b15bef3',
2026-10-09T06:34:05.5780933Z         'src/play.template.html': '1b5188f105cfd9766f3f19c0a6f3cfa1b522cbd676ec5fde0dbfa1566a09f8c7'
2026-10-09T06:34:05.5781796Z       }
2026-10-09T06:34:05.5782115Z     
2026-10-09T06:34:05.5782445Z   stack: |-
2026-10-09T06:34:05.5783559Z     sourceGuard (file:///home/runner/work/partybox-game-cores/partybox-game-cores/jobs/G02-gin-rummy/scripts/browser-proof.mjs:13:9)
2026-10-09T06:34:05.5785470Z     verifyBrowserProof (file:///home/runner/work/partybox-game-cores/partybox-game-cores/jobs/G02-gin-rummy/scripts/browser-proof.mjs:21:2)
2026-10-09T06:34:05.5787572Z     file:///home/runner/work/partybox-game-cores/partybox-game-cores/jobs/G02-gin-rummy/tests/browser-proof.test.mjs:37:20
2026-10-09T06:34:05.5788700Z     getActual (node:assert:531:5)
2026-10-09T06:34:05.5789252Z     Function.throws (node:assert:677:24)
2026-10-09T06:34:05.5790613Z     TestContext.<anonymous> (file:///home/runner/work/partybox-game-cores/partybox-game-cores/jobs/G02-gin-rummy/tests/browser-proof.test.mjs:37:9)
2026-10-09T06:34:05.5791952Z     Test.runInAsyncScope (node:async_hooks:214:14)
2026-10-09T06:34:05.5792649Z     Test.run (node:internal/test_runner/test:1047:25)
2026-10-09T06:34:05.5793503Z     Test.processPendingSubtests (node:internal/test_runner/test:744:18)
2026-10-09T06:34:05.5794407Z     Test.postRun (node:internal/test_runner/test:1173:19)
2026-10-09T06:34:05.5794998Z   operator: 'throws'
2026-10-09T06:34:05.5795385Z   stack: |-
2026-10-09T06:34:05.5796842Z     TestContext.<anonymous> (file:///home/runner/work/partybox-game-cores/partybox-game-cores/jobs/G02-gin-rummy/tests/browser-proof.test.mjs:37:9)
2026-10-09T06:34:05.5798188Z     Test.runInAsyncScope (node:async_hooks:214:14)
2026-10-09T06:34:05.5798886Z     Test.run (node:internal/test_runner/test:1047:25)
2026-10-09T06:34:05.5799754Z     Test.processPendingSubtests (node:internal/test_runner/test:744:18)
2026-10-09T06:34:05.5800618Z     Test.postRun (node:internal/test_runner/test:1173:19)
2026-10-09T06:34:05.5801556Z     Test.run (node:internal/test_runner/test:1101:12)
2026-10-09T06:34:05.5802441Z     async Test.processPendingSubtests (node:internal/test_runner/test:744:7)
2026-10-09T06:34:05.5803165Z   ...
2026-10-09T06:34:05.5803955Z # Subtest: profile dimensions, CPU rates and encoder separation must remain truthful
2026-10-09T06:34:05.5805147Z ok 13 - profile dimensions, CPU rates and encoder separation must remain truthful
2026-10-09T06:34:05.5805863Z   ---
2026-10-09T06:34:05.5806210Z   duration_ms: 11.435842
2026-10-09T06:34:05.5806857Z   type: 'test'
2026-10-09T06:34:05.5807228Z   ...
2026-10-09T06:34:05.5807925Z # Subtest: changed, oversized and falsely labeled recordings are rejected
2026-10-09T06:34:05.5808946Z ok 14 - changed, oversized and falsely labeled recordings are rejected
2026-10-09T06:34:05.5809611Z   ---
2026-10-09T06:34:05.5809966Z   duration_ms: 11.581674
2026-10-09T06:34:05.5810381Z   type: 'test'
2026-10-09T06:34:05.5810734Z   ...
2026-10-09T06:34:05.5812450Z # Subtest: actual capture CLI refuses invalid tags and existing media/report before any browser launch
2026-10-09T06:34:05.5814476Z ok 15 - actual capture CLI refuses invalid tags and existing media/report before any browser launch
2026-10-09T06:34:05.5815309Z   ---
2026-10-09T06:34:05.5815669Z   duration_ms: 944.556211
2026-10-09T06:34:05.5816389Z   type: 'test'
2026-10-09T06:34:05.5816994Z   ...
2026-10-09T06:34:05.5817921Z # Subtest: meld validation rejects impossible card IDs while preserving legitimate edge runs/sets
2026-10-09T06:34:05.5819317Z ok 16 - meld validation rejects impossible card IDs while preserving legitimate edge runs/sets
2026-10-09T06:34:05.5820446Z   ---
2026-10-09T06:34:05.5820815Z   duration_ms: 1.393665
2026-10-09T06:34:05.5821220Z   type: 'test'
2026-10-09T06:34:05.5821576Z   ...
2026-10-09T06:34:05.5822746Z # {"suite":"closed-meld-knock-settings","cases":1152,"minGain":11,"maxGain":60,"classicSignedBefore":-14,"classicSignedAfter":1}
2026-10-09T06:34:05.5824895Z # {"suite":"closed-meld-knock-independent-hidden-defenders","defenders":1000,"publicViewsByteIdentical":true,"minGain":5,"maxGain":5,"winningTransitions":0}
2026-10-09T06:34:05.5826444Z # {"suite":"closed-meld-knock-boundaries","controls":120}
2026-10-09T06:34:05.5827893Z # Subtest: Strong improves a finishing knock across different closed melds in every setting and suit
2026-10-09T06:34:05.5829315Z ok 17 - Strong improves a finishing knock across different closed melds in every setting and suit
2026-10-09T06:34:05.5830138Z   ---
2026-10-09T06:34:05.5830502Z   duration_ms: 2223.875472
2026-10-09T06:34:05.5830925Z   type: 'test'
2026-10-09T06:34:05.5831273Z   ...
2026-10-09T06:34:05.5832434Z # Subtest: 1000 identical public views keep the same safe choice and independent joint-defense score
2026-10-09T06:34:05.5833827Z ok 18 - 1000 identical public views keep the same safe choice and independent joint-defense score
2026-10-09T06:34:05.5834852Z   ---
2026-10-09T06:34:05.5835369Z   duration_ms: 9033.943502
2026-10-09T06:34:05.5835989Z   type: 'test'
2026-10-09T06:34:05.5836474Z   ...
2026-10-09T06:34:05.5838227Z # Subtest: closed-target dominance preserves forbidden returns, no-knock, Gin and inactive boundaries
2026-10-09T06:34:05.5839709Z ok 19 - closed-target dominance preserves forbidden returns, no-knock, Gin and inactive boundaries
2026-10-09T06:34:05.5840590Z   ---
2026-10-09T06:34:05.5840957Z   duration_ms: 47.843678
2026-10-09T06:34:05.5841368Z   type: 'test'
2026-10-09T06:34:05.5841710Z   ...
2026-10-09T06:34:31.2327830Z # {"suite":"bot-contract","variant":"standard","players":2,"games":1000,"replays":1000,"totalEvents":260878,"maxEvents":612,"replayChecks":260878,"comparison":"every-event SHA256 and bytes; JSON-roundtrip replay"}
2026-10-09T06:35:02.0181722Z # {"suite":"bot-contract","variant":"standard","players":3,"games":1000,"replays":1000,"totalEvents":285455,"maxEvents":775,"replayChecks":285455,"comparison":"every-event SHA256 and bytes; JSON-roundtrip replay"}
2026-10-09T06:35:39.6424157Z # {"suite":"bot-contract","variant":"standard","players":4,"games":1000,"replays":1000,"totalEvents":344241,"maxEvents":825,"replayChecks":344241,"comparison":"every-event SHA256 and bytes; JSON-roundtrip replay"}
2026-10-09T06:36:07.7880980Z # {"suite":"bot-contract","variant":"oklahoma","players":2,"games":1000,"replays":1000,"totalEvents":255515,"maxEvents":755,"replayChecks":255515,"comparison":"every-event SHA256 and bytes; JSON-roundtrip replay"}
2026-10-09T06:36:38.0518059Z # {"suite":"bot-contract","variant":"oklahoma","players":3,"games":1000,"replays":1000,"totalEvents":268526,"maxEvents":812,"replayChecks":268526,"comparison":"every-event SHA256 and bytes; JSON-roundtrip replay"}
2026-10-09T06:37:14.0922144Z # {"suite":"bot-contract","variant":"oklahoma","players":4,"games":1000,"replays":1000,"totalEvents":315689,"maxEvents":929,"replayChecks":315689,"comparison":"every-event SHA256 and bytes; JSON-roundtrip replay"}
2026-10-09T06:37:27.1320885Z # {"suite":"properties","seeds":1003,"events":420546}
2026-10-09T06:37:30.5930058Z # {"suite":"secrecy","comparisons":7925}
2026-10-09T06:37:30.6263406Z # Subtest: 1000 finished seeded bot games at EACH valid count/edition, hash replay after EVERY event
2026-10-09T06:37:30.6264834Z ok 20 - 1000 finished seeded bot games at EACH valid count/edition, hash replay after EVERY event
2026-10-09T06:37:30.6265801Z   ---
2026-10-09T06:37:30.6266220Z   duration_ms: 197239.767198
2026-10-09T06:37:30.6266922Z   type: 'test'
2026-10-09T06:37:30.6267347Z   ...
2026-10-09T06:37:30.6271077Z # Subtest: property seeds 1,2,3 plus 1000 random seeds: adversarial event sequences and immutability
2026-10-09T06:37:30.6272745Z ok 21 - property seeds 1,2,3 plus 1000 random seeds: adversarial event sequences and immutability
2026-10-09T06:37:30.6274012Z   ---
2026-10-09T06:37:30.6274452Z   duration_ms: 13038.965748
2026-10-09T06:37:30.6274984Z   type: 'test'
2026-10-09T06:37:30.6275405Z   ...
2026-10-09T06:37:30.6278027Z # Subtest: hidden-card/order perturbations never change TV, another controller or bot decisions
2026-10-09T06:37:30.6280072Z ok 22 - hidden-card/order perturbations never change TV, another controller or bot decisions
2026-10-09T06:37:30.6280982Z   ---
2026-10-09T06:37:30.6281424Z   duration_ms: 3460.831871
2026-10-09T06:37:30.6281895Z   type: 'test'
2026-10-09T06:37:30.6282296Z   ...
2026-10-09T06:37:30.6283916Z # Subtest: idle/no-clock matches remain until explicit end, every phase can exit via VIP
2026-10-09T06:37:30.6285881Z ok 23 - idle/no-clock matches remain until explicit end, every phase can exit via VIP
2026-10-09T06:37:30.6286843Z   ---
2026-10-09T06:37:30.6287068Z   duration_ms: 30.141849
2026-10-09T06:37:30.6287302Z   type: 'test'
2026-10-09T06:37:30.6287510Z   ...
2026-10-09T06:37:30.6532563Z # {"suite":"departures","initialCases":1000,"completeMatches":120,"events":17184,"maxAutomatedTransitions":75}
2026-10-09T06:37:30.6534252Z # Subtest: departures in every live phase finish the absent turn without exposing its hand
2026-10-09T06:37:30.6535209Z ok 24 - departures in every live phase finish the absent turn without exposing its hand
2026-10-09T06:37:30.6535990Z   ---
2026-10-09T06:37:30.6536452Z   duration_ms: 23.013922
2026-10-09T06:37:30.6537169Z   type: 'test'
2026-10-09T06:37:30.6537557Z   ...
2026-10-09T06:37:30.6538508Z # Subtest: 1000 departure/drop cases and 120 full matches never leave an absent seat blocking play
2026-10-09T06:37:30.6539932Z ok 25 - 1000 departure/drop cases and 120 full matches never leave an absent seat blocking play
2026-10-09T06:37:30.6540744Z   ---
2026-10-09T06:37:30.6541101Z   duration_ms: 5985.709099
2026-10-09T06:37:30.6541529Z   type: 'test'
2026-10-09T06:37:30.6541907Z   ...
2026-10-09T06:37:30.6542926Z # Subtest: empty rooms pause, reconnect resumes only an automatic pause, and permanent leaves cannot rejoin
2026-10-09T06:37:30.6544502Z ok 26 - empty rooms pause, reconnect resumes only an automatic pause, and permanent leaves cannot rejoin
2026-10-09T06:37:30.6545389Z   ---
2026-10-09T06:37:30.6545760Z   duration_ms: 2.43078
2026-10-09T06:37:30.6546188Z   type: 'test'
2026-10-09T06:37:30.6546795Z   ...
2026-10-09T06:37:30.6548134Z # Subtest: departures during VIP pause drain only on resume; malformed control events do nothing
2026-10-09T06:37:30.6549426Z ok 27 - departures during VIP pause drain only on resume; malformed control events do nothing
2026-10-09T06:37:30.6550180Z   ---
2026-10-09T06:37:30.6550504Z   duration_ms: 0.572174
2026-10-09T06:37:30.6550884Z   type: 'test'
2026-10-09T06:37:30.6551203Z   ...
2026-10-09T06:37:30.6552053Z # {"suite":"deadwood-proof","hands":10000,"tenCard":5000,"elevenCard":5000,"seed":20261008,"checksum":584788}
2026-10-09T06:37:30.6553235Z # Subtest: independent exhaustive meld-subset packing proves 10000 exact minima
2026-10-09T06:37:30.6554366Z ok 28 - independent exhaustive meld-subset packing proves 10000 exact minima
2026-10-09T06:37:30.6555095Z   ---
2026-10-09T06:37:30.6555450Z   duration_ms: 7011.295877
2026-10-09T06:37:30.6555852Z   type: 'test'
2026-10-09T06:37:30.6556176Z   ...
2026-10-09T06:37:30.6558387Z # Subtest: actual Big Gin reducer keeps eleven cards, rejects disabled/incomplete claims and prevents layoffs
2026-10-09T06:37:30.6559909Z ok 29 - actual Big Gin reducer keeps eleven cards, rejects disabled/incomplete claims and prevents layoffs
2026-10-09T06:37:30.6560760Z   ---
2026-10-09T06:37:30.6561091Z   duration_ms: 11.67426
2026-10-09T06:37:30.6561489Z   type: 'test'
2026-10-09T06:37:30.6561818Z   ...
2026-10-09T06:37:30.6562736Z # Subtest: actual Gin/normal knock phases, custom layout rejection, match completion and Oklahoma boxes
2026-10-09T06:37:30.6564152Z ok 30 - actual Gin/normal knock phases, custom layout rejection, match completion and Oklahoma boxes
2026-10-09T06:37:30.6565301Z   ---
2026-10-09T06:37:30.6565656Z   duration_ms: 6.599751
2026-10-09T06:37:30.6566057Z   type: 'test'
2026-10-09T06:37:30.6566397Z   ...
2026-10-09T06:37:30.6567567Z # Subtest: winner-stays queue for every rotation size, drawn hand retains seats, each dealer setting
2026-10-09T06:37:30.6568982Z ok 31 - winner-stays queue for every rotation size, drawn hand retains seats, each dealer setting
2026-10-09T06:37:30.6569841Z   ---
2026-10-09T06:37:30.6570217Z   duration_ms: 3.234858
2026-10-09T06:37:30.6570645Z   type: 'test'
2026-10-09T06:37:30.6571016Z   ...
2026-10-09T06:37:30.6573031Z # {"frameWindow":"READY","profile":"desktop","sourceSha256":"aaaaaaaaaaaaaaaaaaaaaaaaaaaaaaaaaaaaaaaaaaaaaaaaaaaaaaaaaaaaaaaa","attemptNonce":"68dbf8b0-f2b4-464b-846b-916bf36856b7","utc":"2026-10-09T06:34:11.200Z"}
2026-10-09T06:37:30.6580156Z # {"frameWindow":"CLOSED","profile":"desktop","sourceSha256":"aaaaaaaaaaaaaaaaaaaaaaaaaaaaaaaaaaaaaaaaaaaaaaaaaaaaaaaaaaaaaaaa","attemptNonce":"68dbf8b0-f2b4-464b-846b-916bf36856b7","coordination":"root-granted","readyUtc":"2026-10-09T06:34:11.200Z","grantUtc":"2026-10-09T06:34:12.303Z","status":"closed","utc":"2026-10-09T06:34:12.303Z"}
2026-10-09T06:37:30.6584809Z # {"frameWindow":"READY","profile":"desktop","sourceSha256":"aaaaaaaaaaaaaaaaaaaaaaaaaaaaaaaaaaaaaaaaaaaaaaaaaaaaaaaaaaaaaaaa","attemptNonce":"0119fc1d-a6ce-4fca-8c2e-5bb75fe97b96","utc":"2026-10-09T06:34:12.304Z"}
2026-10-09T06:37:30.6589748Z # {"frameWindow":"CLOSED","profile":"desktop","sourceSha256":"aaaaaaaaaaaaaaaaaaaaaaaaaaaaaaaaaaaaaaaaaaaaaaaaaaaaaaaaaaaaaaaa","attemptNonce":"0119fc1d-a6ce-4fca-8c2e-5bb75fe97b96","coordination":"root-granted","readyUtc":"2026-10-09T06:34:12.304Z","grantUtc":"2026-10-09T06:34:12.505Z","status":"closed","utc":"2026-10-09T06:34:12.505Z"}
2026-10-09T06:37:30.6592875Z # {"actualGrantCorruptionControls":10,"sequentialAttempts":2}
2026-10-09T06:37:30.6595729Z # {"frameWindow":"READY","profile":"desktop","sourceSha256":"aaaaaaaaaaaaaaaaaaaaaaaaaaaaaaaaaaaaaaaaaaaaaaaaaaaaaaaaaaaaaaaa","attemptNonce":"bda7a6d0-692f-40b2-96ad-58ff63bd145d","utc":"2026-10-09T06:34:12.508Z"}
2026-10-09T06:37:30.6599000Z # Subtest: actual temporary grants reject stale nonce/source/profile and malformed or extra fields
2026-10-09T06:37:30.6600990Z ok 32 - actual temporary grants reject stale nonce/source/profile and malformed or extra fields
2026-10-09T06:37:30.6602316Z   ---
2026-10-09T06:37:30.6603459Z   duration_ms: 1309.824471
2026-10-09T06:37:30.6604172Z   type: 'test'
2026-10-09T06:37:30.6604860Z   ...
2026-10-09T06:37:30.6619477Z # {"frameWindow":"CLOSED","profile":"desktop","sourceSha256":"aaaaaaaaaaaaaaaaaaaaaaaaaaaaaaaaaaaaaaaaaaaaaaaaaaaaaaaaaaaaaaaa","attemptNonce":"bda7a6d0-692f-40b2-96ad-58ff63bd145d","coordination":"root-granted","readyUtc":"2026-10-09T06:34:12.508Z","grantUtc":null,"status":"failed","reason":"matching grant timed out","utc":"2026-10-09T06:34:12.609Z"}
2026-10-09T06:37:30.6622592Z # Subtest: actual missing grant fails and writes CLOSED; no configured barrier returns an explicit uncoordinated identity
2026-10-09T06:37:30.6624555Z ok 33 - actual missing grant fails and writes CLOSED; no configured barrier returns an explicit uncoordinated identity
2026-10-09T06:37:30.6625474Z   ---
2026-10-09T06:37:30.6625817Z   duration_ms: 103.035325
2026-10-09T06:37:30.6626222Z   type: 'test'
2026-10-09T06:37:30.6626758Z   ...
2026-10-09T06:37:30.6628227Z # {"suite":"preexisting-gin-draw-matrix","cases":6912,"actualLegalDrawPhaseRoutes":true,"skills":3,"variants":2,"counts":[2,3,4],"suits":4,"endpoints":2,"clockSettings":[0,10]}
2026-10-09T06:37:30.6630446Z # {"suite":"preexisting-gin-hidden-defenders","cases":1000,"choices":3000,"sha256":"2e50741934f3e2fc8cdb29eb066c29fe991f8fc1a2cd24123969b3121ec98db8"}
2026-10-09T06:37:30.6631820Z # {"suite":"preexisting-gin-draw-boundaries","controls":90}
2026-10-09T06:37:30.6632972Z # {"suite":"preexisting-gin-measured-gain","immediatePoints":31,"priorPassRoutePoints":20,"gain":11}
2026-10-09T06:37:30.6634366Z # Subtest: all skills take a guaranteed finishing discard even when ten-card deadwood is already zero
2026-10-09T06:37:30.6635982Z ok 34 - all skills take a guaranteed finishing discard even when ten-card deadwood is already zero
2026-10-09T06:37:30.6636946Z   ---
2026-10-09T06:37:30.6637292Z   duration_ms: 3841.225354
2026-10-09T06:37:30.6637685Z   type: 'test'
2026-10-09T06:37:30.6638015Z   ...
2026-10-09T06:37:30.6638612Z # Subtest: 1000 hidden defender completions keep the same guaranteed choice and exact independent finishing score
2026-10-09T06:37:30.6639479Z ok 35 - 1000 hidden defender completions keep the same guaranteed choice and exact independent finishing score
2026-10-09T06:37:30.6639968Z   ---
2026-10-09T06:37:30.6640171Z   duration_ms: 1022.393008
2026-10-09T06:37:30.6640409Z   type: 'test'
2026-10-09T06:37:30.6640601Z   ...
2026-10-09T06:37:30.6641156Z # Subtest: forced stock, unavailable actors, pause and non-finishing discards retain the original legal boundaries
2026-10-09T06:37:30.6642030Z ok 36 - forced stock, unavailable actors, pause and non-finishing discards retain the original legal boundaries
2026-10-09T06:37:30.6642534Z   ---
2026-10-09T06:37:30.6642734Z   duration_ms: 9.807516
2026-10-09T06:37:30.6642966Z   type: 'test'
2026-10-09T06:37:30.6643160Z   ...
2026-10-09T06:37:30.6643643Z # Subtest: the reproduced opening takes 31-point Big Gin instead of passing into a 20-point Gin
2026-10-09T06:37:30.6644363Z ok 37 - the reproduced opening takes 31-point Big Gin instead of passing into a 20-point Gin
2026-10-09T06:37:30.6644784Z   ---
2026-10-09T06:37:30.6644978Z   duration_ms: 2.878562
2026-10-09T06:37:30.6645201Z   type: 'test'
2026-10-09T06:37:30.6645389Z   ...
2026-10-09T06:37:30.6645762Z # {"suite":"strong-guaranteed-gin","cases":72,"knownClassicPoints":22}
2026-10-09T06:37:30.6647417Z # {"suite":"gin-actual-score-dominance","defenders":1000,"ordinaryComparisons":6904,"minGain":21,"sha256":"d57bb9977c2b677288f79cc4dae664d82a2d9bf8316ccc658f30362fdc3130d5"}
2026-10-09T06:37:30.6649042Z # {"suite":"gin-policy-boundaries","forbiddenCases":52,"bigGinCases":12}
2026-10-09T06:37:30.6650264Z # Subtest: Strong takes guaranteed Gin despite public discard danger in every edition/profile/rotation
2026-10-09T06:37:30.6651612Z ok 38 - Strong takes guaranteed Gin despite public discard danger in every edition/profile/rotation
2026-10-09T06:37:30.6652410Z   ---
2026-10-09T06:37:30.6652736Z   duration_ms: 115.502803
2026-10-09T06:37:30.6653347Z   type: 'test'
2026-10-09T06:37:30.6653683Z   ...
2026-10-09T06:37:30.6654581Z # Subtest: actual Gin scoring dominates every legal ordinary knock against 1000 disjoint hidden defenders
2026-10-09T06:37:30.6655948Z ok 39 - actual Gin scoring dominates every legal ordinary knock against 1000 disjoint hidden defenders
2026-10-09T06:37:30.6656935Z   ---
2026-10-09T06:37:30.6657274Z   duration_ms: 2918.927761
2026-10-09T06:37:30.6657658Z   type: 'test'
2026-10-09T06:37:30.6657980Z   ...
2026-10-09T06:37:30.6658880Z # Subtest: Gin priority respects immediate-return prohibition and preserves the existing Big Gin branch
2026-10-09T06:37:30.6660270Z ok 40 - Gin priority respects immediate-return prohibition and preserves the existing Big Gin branch
2026-10-09T06:37:30.6661064Z   ---
2026-10-09T06:37:30.6661386Z   duration_ms: 27.845566
2026-10-09T06:37:30.6661757Z   type: 'test'
2026-10-09T06:37:30.6662074Z   ...
2026-10-09T06:37:30.6663216Z # {"suite":"non-gin-policy-byte-equivalence","states":10000,"decisions":30000,"baselineHead":"72d0f3f4ad4f6b70a8ac6b0ed81121300aa54c1f"}
2026-10-09T06:37:30.6664615Z # Subtest: all 30000 non-Gin bot choices retain the accepted pre-repair behavior
2026-10-09T06:37:30.6665329Z ok 41 - all 30000 non-Gin bot choices retain the accepted pre-repair behavior
2026-10-09T06:37:30.6665698Z   ---
2026-10-09T06:37:30.6665911Z   duration_ms: 3752.76772
2026-10-09T06:37:30.6666136Z   type: 'test'
2026-10-09T06:37:30.6666327Z   ...
2026-10-09T06:37:30.6667321Z # {"suite":"initial-presence-exhaustive","cases":336,"connectionMasks":"all","counts":[2,3,4],"variants":["standard","oklahoma"],"clocks":[0,10]}
2026-10-09T06:37:30.6668202Z # {"suite":"initial-presence-seeded","cases":1000}
2026-10-09T06:37:30.6668806Z # Subtest: known initial presence is handled before either player needs to send an event
2026-10-09T06:37:30.6669452Z ok 42 - known initial presence is handled before either player needs to send an event
2026-10-09T06:37:30.6669852Z   ---
2026-10-09T06:37:30.6670047Z   duration_ms: 310.407469
2026-10-09T06:37:30.6670276Z   type: 'test'
2026-10-09T06:37:30.6670463Z   ...
2026-10-09T06:37:30.6670962Z # Subtest: 1000 seeded initial presence patterns are playable or paused without a duplicate drop event
2026-10-09T06:37:30.6671724Z ok 43 - 1000 seeded initial presence patterns are playable or paused without a duplicate drop event
2026-10-09T06:37:30.6672166Z   ---
2026-10-09T06:37:30.6672360Z   duration_ms: 356.354855
2026-10-09T06:37:30.6672587Z   type: 'test'
2026-10-09T06:37:30.6672775Z   ...
2026-10-09T06:37:30.6673393Z # {"suite":"connected-initialization-byte-equivalence","cases":6000,"baselineHead":"d5fbb39746f8f7900bee57506e8133e8675f48ed"}
2026-10-09T06:37:30.6674194Z # Subtest: all-connected opening states retain the exact 6000 pre-repair JSON states
2026-10-09T06:37:30.6675200Z ok 44 - all-connected opening states retain the exact 6000 pre-repair JSON states
2026-10-09T06:37:30.6675738Z   ---
2026-10-09T06:37:30.6675931Z   duration_ms: 111.733466
2026-10-09T06:37:30.6676151Z   type: 'test'
2026-10-09T06:37:30.6676349Z   ...
2026-10-09T06:37:30.6677081Z # {"suite":"same-meld-knock-configurations","cases":576,"minGain":1,"classicPointsBefore":1,"classicPointsAfter":2}
2026-10-09T06:37:30.6678449Z # {"suite":"same-meld-knock-hidden-defenders","defenders":1000,"minGain":1,"maxGain":2,"positiveKnocks":1000,"undercuts":0,"sha256":"8b7cd1f52b2b229393f43ad8ccd09056a2c496a42b5d8e277cf9436049027bd2"}
2026-10-09T06:37:30.6679452Z # {"suite":"same-meld-knock-boundaries","controls":120}
2026-10-09T06:37:30.6680302Z # {"suite":"same-meld-knock-score-boundaries","cases":144,"winningTransitions":36,"minGain":1,"maxGain":52,"defenderDeadwoods":[0,1,2,3]}
2026-10-09T06:37:30.6681294Z # Subtest: Strong takes the strictly better same-meld knock in all editions, profiles, rosters and suits
2026-10-09T06:37:30.6682133Z ok 45 - Strong takes the strictly better same-meld knock in all editions, profiles, rosters and suits
2026-10-09T06:37:30.6682621Z   ---
2026-10-09T06:37:30.6682838Z   duration_ms: 560.654098
2026-10-09T06:37:30.6683267Z   type: 'test'
2026-10-09T06:37:30.6683493Z   ...
2026-10-09T06:37:30.6684132Z # Subtest: the same public decision dominates against 1000 hidden defenders with independent joint layoff scoring
2026-10-09T06:37:30.6685057Z ok 46 - the same public decision dominates against 1000 hidden defenders with independent joint layoff scoring
2026-10-09T06:37:30.6685573Z   ---
2026-10-09T06:37:30.6685793Z   duration_ms: 5293.901656
2026-10-09T06:37:30.6686038Z   type: 'test'
2026-10-09T06:37:30.6686253Z   ...
2026-10-09T06:37:30.6687006Z # Subtest: ordinary-knock priority retains immediate-return, Gin, no-knock and unavailable-player boundaries
2026-10-09T06:37:30.6687915Z ok 47 - ordinary-knock priority retains immediate-return, Gin, no-knock and unavailable-player boundaries
2026-10-09T06:37:30.6688402Z   ---
2026-10-09T06:37:30.6688590Z   duration_ms: 29.503645
2026-10-09T06:37:30.6688830Z   type: 'test'
2026-10-09T06:37:30.6689025Z   ...
2026-10-09T06:37:30.6689576Z # Subtest: same-meld lower deadwood improves both undercuts and the transition from undercut to winning knock
2026-10-09T06:37:30.6691037Z ok 48 - same-meld lower deadwood improves both undercuts and the transition from undercut to winning knock
2026-10-09T06:37:30.6691906Z   ---
2026-10-09T06:37:30.6692132Z   duration_ms: 777.867138
2026-10-09T06:37:30.6692432Z   type: 'test'
2026-10-09T06:37:30.6692634Z   ...
2026-10-09T06:37:30.6693452Z # {"suite":"joint-layoff-proof","hands":2000,"twoTarget":1000,"threeTarget":1000,"seed":816777,"checksum":102460,"actualLaidCards":1534}
2026-10-09T06:37:30.6694306Z # Subtest: 2000 independent joint meld/layoff weighted packings including chained extensions
2026-10-09T06:37:30.6695197Z ok 49 - 2000 independent joint meld/layoff weighted packings including chained extensions
2026-10-09T06:37:30.6695617Z   ---
2026-10-09T06:37:30.6695811Z   duration_ms: 6461.598873
2026-10-09T06:37:30.6696036Z   type: 'test'
2026-10-09T06:37:30.6696226Z   ...
2026-10-09T06:37:30.6696973Z # {"suite":"opening-pass-attribution","directPassCases":360,"editions":2,"counts":[2,3,4]}
2026-10-09T06:37:30.6697645Z # {"suite":"pass-valid-ids","cases":240,"ids":["","__proto__","constructor","last"]}
2026-10-09T06:37:30.6698239Z # {"suite":"automatic-pass-attribution","routes":["timer","vip","player"]}
2026-10-09T06:37:30.6698896Z # Subtest: both opening passes identify their actual actors across counts, editions and seeds
2026-10-09T06:37:30.6699588Z ok 50 - both opening passes identify their actual actors across counts, editions and seeds
2026-10-09T06:37:30.6700010Z   ---
2026-10-09T06:37:30.6700202Z   duration_ms: 123.445429
2026-10-09T06:37:30.6700429Z   type: 'test'
2026-10-09T06:37:30.6700623Z   ...
2026-10-09T06:37:30.6701084Z # Subtest: empty and prototype-shaped original IDs retain pass attribution as own keys
2026-10-09T06:37:30.6701752Z ok 51 - empty and prototype-shaped original IDs retain pass attribution as own keys
2026-10-09T06:37:30.6702157Z   ---
2026-10-09T06:37:30.6702342Z   duration_ms: 59.034852
2026-10-09T06:37:30.6702563Z   type: 'test'
2026-10-09T06:37:30.6702748Z   ...
2026-10-09T06:37:30.6703177Z # Subtest: timer, VIP skip and absent-seat automation identify the automatic passer
2026-10-09T06:37:30.6704110Z ok 52 - timer, VIP skip and absent-seat automation identify the automatic passer
2026-10-09T06:37:30.6704783Z   ---
2026-10-09T06:37:30.6705164Z   duration_ms: 2.519235
2026-10-09T06:37:30.6705551Z   type: 'test'
2026-10-09T06:37:30.6705771Z   ...
2026-10-09T06:37:30.6706247Z # Subtest: first raw target winner keeps the crown even when final box settlement reverses points
2026-10-09T06:37:30.6707310Z ok 53 - first raw target winner keeps the crown even when final box settlement reverses points
2026-10-09T06:37:30.6707751Z   ---
2026-10-09T06:37:30.6707941Z   duration_ms: 12.722866
2026-10-09T06:37:30.6708166Z   type: 'test'
2026-10-09T06:37:30.6708358Z   ...
2026-10-09T06:37:30.6708799Z # Subtest: every valid string ID, including empty, wins, earns bonuses and stays in rotation
2026-10-09T06:37:30.6709636Z ok 54 - every valid string ID, including empty, wins, earns bonuses and stays in rotation
2026-10-09T06:37:30.6710056Z   ---
2026-10-09T06:37:30.6710242Z   duration_ms: 18.973643
2026-10-09T06:37:30.6710459Z   type: 'test'
2026-10-09T06:37:30.6710642Z   ...
2026-10-09T06:37:30.6711091Z # Subtest: malformed identity metadata cannot coerce a registered ID, throw or reveal a hand
2026-10-09T06:37:30.6711763Z ok 55 - malformed identity metadata cannot coerce a registered ID, throw or reveal a hand
2026-10-09T06:37:30.6712169Z   ---
2026-10-09T06:37:30.6712356Z   duration_ms: 1.868234
2026-10-09T06:37:30.6712578Z   type: 'test'
2026-10-09T06:37:30.6712764Z   ...
2026-10-09T06:37:30.6713159Z # Subtest: early end preserves earned raw points and reports current standings
2026-10-09T06:37:30.6713735Z ok 56 - early end preserves earned raw points and reports current standings
2026-10-09T06:37:30.6714097Z   ---
2026-10-09T06:37:30.6714310Z   duration_ms: 0.774904
2026-10-09T06:37:30.6714526Z   type: 'test'
2026-10-09T06:37:30.6714715Z   ...
2026-10-09T06:37:30.6715094Z # Subtest: aces low, set cardinality, runs and overlap
2026-10-09T06:37:30.6715689Z ok 57 - aces low, set cardinality, runs and overlap
2026-10-09T06:37:30.6715980Z   ---
2026-10-09T06:37:30.6716162Z   duration_ms: 4.598176
2026-10-09T06:37:30.6716376Z   type: 'test'
2026-10-09T06:37:30.6716863Z   ...
2026-10-09T06:37:30.6717487Z # Subtest: joint meld/layoff optimizer finds chains and forbids gin/deadwood/four-card layoffs
2026-10-09T06:37:30.6718314Z ok 58 - joint meld/layoff optimizer finds chains and forbids gin/deadwood/four-card layoffs
2026-10-09T06:37:30.6718898Z   ---
2026-10-09T06:37:30.6719084Z   duration_ms: 4.575868
2026-10-09T06:37:30.6719295Z   type: 'test'
2026-10-09T06:37:30.6719486Z   ...
2026-10-09T06:37:30.6719852Z # Subtest: every score formula, tie undercut and spade whole-hand doubling
2026-10-09T06:37:30.6720394Z ok 59 - every score formula, tie undercut and spade whole-hand doubling
2026-10-09T06:37:30.6720743Z   ---
2026-10-09T06:37:30.6720928Z   duration_ms: 2.899539
2026-10-09T06:37:30.6721139Z   type: 'test'
2026-10-09T06:37:30.6721331Z   ...
2026-10-09T06:37:30.6721792Z # Subtest: opening offers, forced stock, exact immediate-return restriction, stock draw boundary
2026-10-09T06:37:30.6722504Z ok 60 - opening offers, forced stock, exact immediate-return restriction, stock draw boundary
2026-10-09T06:37:30.6722974Z   ---
2026-10-09T06:37:30.6723160Z   duration_ms: 24.020128
2026-10-09T06:37:30.6723379Z   type: 'test'
2026-10-09T06:37:30.6723563Z   ...
2026-10-09T06:37:30.6723970Z # Subtest: Oklahoma limits / ace / spade configurations from all 52 initial upcards
2026-10-09T06:37:30.6724571Z ok 61 - Oklahoma limits / ace / spade configurations from all 52 initial upcards
2026-10-09T06:37:30.6724942Z   ---
2026-10-09T06:37:30.6725126Z   duration_ms: 27.547496
2026-10-09T06:37:30.6725339Z   type: 'test'
2026-10-09T06:37:30.6725521Z   ...
2026-10-09T06:37:30.6726007Z # Subtest: pause, resume, stale/early timer, spectators, malformed input, late leaver, explicit end
2026-10-09T06:37:30.6727102Z ok 62 - pause, resume, stale/early timer, spectators, malformed input, late leaver, explicit end
2026-10-09T06:37:30.6727643Z   ---
2026-10-09T06:37:30.6727837Z   duration_ms: 2.650863
2026-10-09T06:37:30.6728051Z   type: 'test'
2026-10-09T06:37:30.6728237Z   ...
2026-10-09T06:37:30.6728704Z # Subtest: all required roster settings, default sanitization, exact phase fixtures and manifest
2026-10-09T06:37:30.6729411Z ok 63 - all required roster settings, default sanitization, exact phase fixtures and manifest
2026-10-09T06:37:30.6729833Z   ---
2026-10-09T06:37:30.6730025Z   duration_ms: 133.454764
2026-10-09T06:37:30.6730252Z   type: 'test'
2026-10-09T06:37:30.6730433Z   ...
2026-10-09T06:37:30.6730776Z # {"syntheticGuardCorruptionsRejected":175,"guardedSources":35}
2026-10-09T06:37:30.6731481Z # Subtest: synthetic positive control covers full identities, native timestamps, all hand witnesses and clips
2026-10-09T06:37:30.6732445Z ok 64 - synthetic positive control covers full identities, native timestamps, all hand witnesses and clips
2026-10-09T06:37:30.6732925Z   ---
2026-10-09T06:37:30.6733117Z   duration_ms: 6.975085
2026-10-09T06:37:30.6733327Z   type: 'test'
2026-10-09T06:37:30.6733511Z   ...
2026-10-09T06:37:30.6733975Z # Subtest: every guarded source and each start/end inventory entry rejects a stale hash or omission
2026-10-09T06:37:30.6734698Z ok 65 - every guarded source and each start/end inventory entry rejects a stale hash or omission
2026-10-09T06:37:30.6735120Z   ---
2026-10-09T06:37:30.6735301Z   duration_ms: 135.079584
2026-10-09T06:37:30.6735531Z   type: 'test'
2026-10-09T06:37:30.6735712Z   ...
2026-10-09T06:37:30.6736210Z # Subtest: wrong attempt/profile/page/transport/throttle, filtered samples and fake native clocks fail
2026-10-09T06:37:30.6737524Z ok 66 - wrong attempt/profile/page/transport/throttle, filtered samples and fake native clocks fail
2026-10-09T06:37:30.6738114Z   ---
2026-10-09T06:37:30.6738315Z   duration_ms: 13.010657
2026-10-09T06:37:30.6738552Z   type: 'test'
2026-10-09T06:37:30.6738744Z   ...
2026-10-09T06:37:30.6739253Z # Subtest: missing/invalid timestamp, raw interval or active-frame witness fails despite good summaries
2026-10-09T06:37:30.6740030Z ok 67 - missing/invalid timestamp, raw interval or active-frame witness fails despite good summaries
2026-10-09T06:37:30.6740735Z   ---
2026-10-09T06:37:30.6740948Z   duration_ms: 8.57734
2026-10-09T06:37:30.6741299Z   type: 'test'
2026-10-09T06:37:30.6741633Z   ...
2026-10-09T06:37:30.6742607Z # Subtest: all statistics are recomputed and an honestly reported long interval fails the fixed gate
2026-10-09T06:37:30.6743833Z ok 68 - all statistics are recomputed and an honestly reported long interval fails the fixed gate
2026-10-09T06:37:30.6744321Z   ---
2026-10-09T06:37:30.6744518Z   duration_ms: 5.994005
2026-10-09T06:37:30.6744738Z   type: 'test'
2026-10-09T06:37:30.6744930Z   ...
2026-10-09T06:37:30.6745433Z # Subtest: failed runs, mislabeled clips, altered bytes, outsize media and network/errors are rejected
2026-10-09T06:37:30.6746183Z ok 69 - failed runs, mislabeled clips, altered bytes, outsize media and network/errors are rejected
2026-10-09T06:37:30.6746996Z   ---
2026-10-09T06:37:30.6747288Z   duration_ms: 21.927063
2026-10-09T06:37:30.6747522Z   type: 'test'
2026-10-09T06:37:30.6747714Z   ...
2026-10-09T06:37:30.6748077Z # Subtest: same-timestamp turns cannot share timer instance identity
2026-10-09T06:37:30.6748590Z ok 70 - same-timestamp turns cannot share timer instance identity
2026-10-09T06:37:30.6748921Z   ---
2026-10-09T06:37:30.6749111Z   duration_ms: 12.673685
2026-10-09T06:37:30.6749336Z   type: 'test'
2026-10-09T06:37:30.6749521Z   ...
2026-10-09T06:37:30.6749695Z 1..70
2026-10-09T06:37:30.6750005Z # tests 70
2026-10-09T06:37:30.6750318Z # suites 0
2026-10-09T06:37:30.6750629Z # pass 66
2026-10-09T06:37:30.6750943Z # fail 4
2026-10-09T06:37:30.6751252Z # cancelled 0
2026-10-09T06:37:30.6751584Z # skipped 0
2026-10-09T06:37:30.6751901Z # todo 0
2026-10-09T06:37:30.6752260Z # duration_ms 219139.497758
2026-10-09T06:37:30.6780484Z ##[error]Process completed with exit code 1.
2026-10-09T06:37:30.6862728Z ##[group]Run actions/upload-artifact@v4
2026-10-09T06:37:30.6863037Z with:
2026-10-09T06:37:30.6863243Z   name: G02-browser-evidence
2026-10-09T06:37:30.6865075Z   path: jobs/G02-gin-rummy/.work/browser/*-frames.json
jobs/G02-gin-rummy/.work/browser/report.json
jobs/G02-gin-rummy/.work/browser/captures.json
jobs/G02-gin-rummy/.work/browser/ci-current-*.webm
jobs/G02-gin-rummy/.work/clock-after.json
jobs/G02-gin-rummy/.work/custom-meld-after.json
jobs/G02-gin-rummy/.work/results-after.json
jobs/G02-gin-rummy/.work/name-check.json
jobs/G02-gin-rummy/media/strict-reverify-1900-*.webm
jobs/G02-gin-rummy/evidence/resume-20261008/strict-reverify-1900-captures.json

2026-10-09T06:37:30.6867275Z   include-hidden-files: true
2026-10-09T06:37:30.6867529Z   if-no-files-found: warn
2026-10-09T06:37:30.6867762Z   compression-level: 6
2026-10-09T06:37:30.6867982Z   overwrite: false
2026-10-09T06:37:30.6868191Z ##[endgroup]
2026-10-09T06:37:30.8579428Z (node:3532) [DEP0040] DeprecationWarning: The `punycode` module is deprecated. Please use a userland alternative instead.
2026-10-09T06:37:30.8580270Z (Use `node --trace-deprecation ...` to show where the warning was created)
2026-10-09T06:37:30.8798340Z Multiple search paths detected. Calculating the least common ancestor of all paths
2026-10-09T06:37:30.8803051Z The least common ancestor is /home/runner/work/partybox-game-cores/partybox-game-cores/jobs/G02-gin-rummy. This will be the root directory of the artifact
2026-10-09T06:37:30.8805104Z With the provided path, there will be 3 files uploaded
2026-10-09T06:37:30.8806760Z Artifact name is valid!
2026-10-09T06:37:30.8808952Z Root directory input is valid!
2026-10-09T06:37:31.0760285Z Beginning upload of artifact content to blob storage
2026-10-09T06:37:31.1439539Z (node:3532) [DEP0169] DeprecationWarning: `url.parse()` behavior is not standardized and prone to errors that have security implications. Use the WHATWG URL API instead. CVEs are not issued for `url.parse()` vulnerabilities.
2026-10-09T06:37:31.2571411Z Uploaded bytes 1015714
2026-10-09T06:37:31.2728353Z Finished uploading artifact content to blob storage!
2026-10-09T06:37:31.2729355Z SHA256 digest of uploaded artifact zip is 95ac186f366ef4cf672b3f6de4ac199a98c29baef0eafd292d04f17fd347df7a
2026-10-09T06:37:31.2730633Z Finalizing artifact upload
2026-10-09T06:37:31.4957761Z Artifact G02-browser-evidence.zip successfully finalized. Artifact ID 11598649271
2026-10-09T06:37:31.4959205Z Artifact G02-browser-evidence has been successfully uploaded! Final size is 1015714 bytes. Artifact ID is 11598649271
2026-10-09T06:37:31.4965351Z Artifact download URL: https://github.com/luisitin/partybox-game-cores/actions/runs/37894118428/artifacts/11598649271
2026-10-09T06:37:31.5170411Z Post job cleanup.
2026-10-09T06:37:31.6053201Z [command]/usr/bin/git version
2026-10-09T06:37:31.6099198Z git version 2.55.0
2026-10-09T06:37:31.6143522Z Temporarily overriding HOME='/home/runner/work/_temp/8f224502-671d-4500-bc13-45cfe605c74b' before making global git config changes
2026-10-09T06:37:31.6145128Z Adding repository directory to the temporary git global config as a safe directory
2026-10-09T06:37:31.6149807Z [command]/usr/bin/git config --global --add safe.directory /home/runner/work/partybox-game-cores/partybox-game-cores
2026-10-09T06:37:31.6199501Z [command]/usr/bin/git config --local --name-only --get-regexp core\.sshCommand
2026-10-09T06:37:31.6232897Z [command]/usr/bin/git submodule foreach --recursive sh -c "git config --local --name-only --get-regexp 'core\.sshCommand' && git config --local --unset-all 'core.sshCommand' || :"
2026-10-09T06:37:31.6529561Z [command]/usr/bin/git config --local --name-only --get-regexp http\.https\:\/\/github\.com\/\.extraheader
2026-10-09T06:37:31.6531258Z http.https://github.com/.extraheader
2026-10-09T06:37:31.6544520Z [command]/usr/bin/git config --local --unset-all http.https://github.com/.extraheader
2026-10-09T06:37:31.6582253Z [command]/usr/bin/git submodule foreach --recursive sh -c "git config --local --name-only --get-regexp 'http\.https\:\/\/github\.com\/\.extraheader' && git config --local --unset-all 'http.https://github.com/.extraheader' || :"
2026-10-09T06:37:31.6898818Z [command]/usr/bin/git config --local --name-only --get-regexp ^includeIf\.gitdir:
2026-10-09T06:37:31.6933028Z [command]/usr/bin/git submodule foreach --recursive git config --local --show-origin --name-only --get-regexp remote.origin.url
2026-10-09T06:37:31.7343465Z Cleaning up orphan processes
2026-10-09T06:37:31.7775700Z ##[warning]Node.js 20 is deprecated. The following actions target Node.js 20 but are being forced to run on Node.js 24: actions/checkout@v4, actions/setup-node@v4, actions/upload-artifact@v4. For more information see: https://github.blog/changelog/2025-09-19-deprecation-of-node-20-on-github-actions-runners/
