2026-10-09T06:33:13.3086557Z Current runner version: '2.337.0'
2026-10-09T06:33:13.3110492Z ##[group]Runner Image Provisioner
2026-10-09T06:33:13.3111362Z Hosted Compute Agent
2026-10-09T06:33:13.3111984Z Version: 20261002.596
2026-10-09T06:33:13.3112572Z Commit: c3d12f3313a95f25162a1503be624f3b0617f8c0
2026-10-09T06:33:13.3113236Z Build Date: 2026-10-02T22:28:27Z
2026-10-09T06:33:13.3113958Z Worker ID: {8bd7d2ab-815b-4e9f-86d9-e6829560b45e}
2026-10-09T06:33:13.3114626Z Region: northcentralus
2026-10-09T06:33:13.3115183Z Cloud: Azure
2026-10-09T06:33:13.3115694Z ##[endgroup]
2026-10-09T06:33:13.3116966Z ##[group]Operating System
2026-10-09T06:33:13.3118088Z Ubuntu
2026-10-09T06:33:13.3118603Z 24.04.5
2026-10-09T06:33:13.3119101Z LTS
2026-10-09T06:33:13.3119769Z ##[endgroup]
2026-10-09T06:33:13.3120301Z ##[group]Runner Image
2026-10-09T06:33:13.3120926Z Image: ubuntu-24.04
2026-10-09T06:33:13.3121463Z Version: 20261004.327.1
2026-10-09T06:33:13.3122703Z Included Software: https://github.com/actions/runner-images/blob/ubuntu24/20261004.327/images/ubuntu/Ubuntu2404-Readme.md
2026-10-09T06:33:13.3124115Z Image Release: https://github.com/actions/runner-images/releases/tag/ubuntu24%2F20261004.327
2026-10-09T06:33:13.3125049Z ##[endgroup]
2026-10-09T06:33:13.3126093Z ##[group]GITHUB_TOKEN Permissions
2026-10-09T06:33:13.3128489Z Contents: read
2026-10-09T06:33:13.3129052Z Metadata: read
2026-10-09T06:33:13.3129717Z ##[endgroup]
2026-10-09T06:33:13.3132130Z Secret source: Actions
2026-10-09T06:33:13.3133002Z Cache mode: write
2026-10-09T06:33:13.3133872Z Prepare workflow directory
2026-10-09T06:33:13.3630065Z Prepare all required actions
2026-10-09T06:33:13.3678411Z Getting action download info
2026-10-09T06:33:13.6150043Z Download action repository 'actions/checkout@v4' (SHA:11d5960a326750d5838078e36cf38b85af677262)
2026-10-09T06:33:13.7318318Z Download action repository 'actions/setup-node@v4' (SHA:49933ea5288caeca8642d1e84afbd3f7d6820020)
2026-10-09T06:33:13.8458504Z Download action repository 'actions/upload-artifact@v4' (SHA:ea165f8d65b6e75b540449e92b4886f43607fa02)
2026-10-09T06:33:14.1036363Z Complete job name: browser-bootstrap
2026-10-09T06:33:14.1762387Z ##[group]Run actions/checkout@v4
2026-10-09T06:33:14.1763211Z with:
2026-10-09T06:33:14.1763752Z   ref: 93f0f58284f3c0df6c6e4c8e055d208845748f15
2026-10-09T06:33:14.1764416Z   repository: luisitin/partybox-game-cores
2026-10-09T06:33:14.1768553Z   token: ***
2026-10-09T06:33:14.1769032Z   ssh-strict: true
2026-10-09T06:33:14.1769879Z   ssh-user: git
2026-10-09T06:33:14.1770403Z   persist-credentials: true
2026-10-09T06:33:14.1770931Z   clean: true
2026-10-09T06:33:14.1771470Z   sparse-checkout-cone-mode: true
2026-10-09T06:33:14.1772071Z   fetch-depth: 1
2026-10-09T06:33:14.1772555Z   fetch-tags: false
2026-10-09T06:33:14.1773052Z   show-progress: true
2026-10-09T06:33:14.1773542Z   lfs: false
2026-10-09T06:33:14.1774033Z   submodules: false
2026-10-09T06:33:14.1774522Z   set-safe-directory: true
2026-10-09T06:33:14.1775052Z   allow-unsafe-pr-checkout: false
2026-10-09T06:33:14.1775840Z env:
2026-10-09T06:33:14.1776414Z   G02_SOURCE_HEAD: 93f0f58284f3c0df6c6e4c8e055d208845748f15
2026-10-09T06:33:14.1777230Z ##[endgroup]
2026-10-09T06:33:14.2855072Z Syncing repository: luisitin/partybox-game-cores
2026-10-09T06:33:14.2857532Z ##[group]Getting Git version info
2026-10-09T06:33:14.2858891Z Working directory is '/home/runner/work/partybox-game-cores/partybox-game-cores'
2026-10-09T06:33:14.2860965Z [command]/usr/bin/git version
2026-10-09T06:33:14.2882829Z git version 2.55.0
2026-10-09T06:33:14.2903246Z ##[endgroup]
2026-10-09T06:33:14.2917497Z Temporarily overriding HOME='/home/runner/work/_temp/661830bd-5043-455a-a4cc-bb759f881216' before making global git config changes
2026-10-09T06:33:14.2919648Z Adding repository directory to the temporary git global config as a safe directory
2026-10-09T06:33:14.2923761Z [command]/usr/bin/git config --global --add safe.directory /home/runner/work/partybox-game-cores/partybox-game-cores
2026-10-09T06:33:14.2973548Z Deleting the contents of '/home/runner/work/partybox-game-cores/partybox-game-cores'
2026-10-09T06:33:14.2977937Z ##[group]Initializing the repository
2026-10-09T06:33:14.2983790Z [command]/usr/bin/git init /home/runner/work/partybox-game-cores/partybox-game-cores
2026-10-09T06:33:14.3074278Z hint: Using 'master' as the name for the initial branch. This default branch name
2026-10-09T06:33:14.3076274Z hint: will change to "main" in Git 3.0. To configure the initial branch name
2026-10-09T06:33:14.3077949Z hint: to use in all of your new repositories, which will suppress this warning,
2026-10-09T06:33:14.3079083Z hint: call:
2026-10-09T06:33:14.3080285Z hint:
2026-10-09T06:33:14.3081323Z hint: 	git config --global init.defaultBranch <name>
2026-10-09T06:33:14.3082302Z hint:
2026-10-09T06:33:14.3083427Z hint: Names commonly chosen instead of 'master' are 'main', 'trunk' and
2026-10-09T06:33:14.3084817Z hint: 'development'. The just-created branch can be renamed via this command:
2026-10-09T06:33:14.3085903Z hint:
2026-10-09T06:33:14.3086779Z hint: 	git branch -m <name>
2026-10-09T06:33:14.3087501Z hint:
2026-10-09T06:33:14.3088603Z hint: Disable this message with "git config set advice.defaultBranchName false"
2026-10-09T06:33:14.3090191Z Initialized empty Git repository in /home/runner/work/partybox-game-cores/partybox-game-cores/.git/
2026-10-09T06:33:14.3092127Z [command]/usr/bin/git remote add origin https://github.com/luisitin/partybox-game-cores
2026-10-09T06:33:14.3138642Z ##[endgroup]
2026-10-09T06:33:14.3140299Z ##[group]Disabling automatic garbage collection
2026-10-09T06:33:14.3141542Z [command]/usr/bin/git config --local gc.auto 0
2026-10-09T06:33:14.3177952Z ##[endgroup]
2026-10-09T06:33:14.3179060Z ##[group]Setting up auth
2026-10-09T06:33:14.3185575Z [command]/usr/bin/git config --local --name-only --get-regexp core\.sshCommand
2026-10-09T06:33:14.3214617Z [command]/usr/bin/git submodule foreach --recursive sh -c "git config --local --name-only --get-regexp 'core\.sshCommand' && git config --local --unset-all 'core.sshCommand' || :"
2026-10-09T06:33:14.3583865Z [command]/usr/bin/git config --local --name-only --get-regexp http\.https\:\/\/github\.com\/\.extraheader
2026-10-09T06:33:14.3691880Z [command]/usr/bin/git submodule foreach --recursive sh -c "git config --local --name-only --get-regexp 'http\.https\:\/\/github\.com\/\.extraheader' && git config --local --unset-all 'http.https://github.com/.extraheader' || :"
2026-10-09T06:33:14.3924134Z [command]/usr/bin/git config --local --name-only --get-regexp ^includeIf\.gitdir:
2026-10-09T06:33:14.3957404Z [command]/usr/bin/git submodule foreach --recursive git config --local --show-origin --name-only --get-regexp remote.origin.url
2026-10-09T06:33:14.4141267Z [command]/usr/bin/git config --local http.https://github.com/.extraheader AUTHORIZATION: basic ***
2026-10-09T06:33:14.4178848Z ##[endgroup]
2026-10-09T06:33:14.4181002Z ##[group]Fetching the repository
2026-10-09T06:33:14.4187618Z [command]/usr/bin/git -c protocol.version=2 fetch --no-tags --prune --no-recurse-submodules --depth=1 origin 93f0f58284f3c0df6c6e4c8e055d208845748f15
2026-10-09T06:33:17.0665982Z From https://github.com/luisitin/partybox-game-cores
2026-10-09T06:33:17.0667839Z  * branch            93f0f58284f3c0df6c6e4c8e055d208845748f15 -> FETCH_HEAD
2026-10-09T06:33:17.0670993Z ##[endgroup]
2026-10-09T06:33:17.0672527Z ##[group]Determining the checkout info
2026-10-09T06:33:17.0674446Z ##[endgroup]
2026-10-09T06:33:17.0691207Z [command]/usr/bin/git sparse-checkout disable
2026-10-09T06:33:17.0751583Z [command]/usr/bin/git config --local --unset-all extensions.worktreeConfig
2026-10-09T06:33:17.0784061Z ##[group]Checking out the ref
2026-10-09T06:33:17.0787483Z [command]/usr/bin/git checkout --progress --force 93f0f58284f3c0df6c6e4c8e055d208845748f15
2026-10-09T06:33:17.3052919Z Note: switching to '93f0f58284f3c0df6c6e4c8e055d208845748f15'.
2026-10-09T06:33:17.3054195Z 
2026-10-09T06:33:17.3055114Z You are in 'detached HEAD' state. You can look around, make experimental
2026-10-09T06:33:17.3057235Z changes and commit them, and you can discard any commits you make in this
2026-10-09T06:33:17.3059771Z state without impacting any branches by switching back to a branch.
2026-10-09T06:33:17.3060984Z 
2026-10-09T06:33:17.3061822Z If you want to create a new branch to retain commits you create, you may
2026-10-09T06:33:17.3063551Z do so (now or later) by using -c with the switch command. Example:
2026-10-09T06:33:17.3064511Z 
2026-10-09T06:33:17.3064935Z   git switch -c <new-branch-name>
2026-10-09T06:33:17.3065693Z 
2026-10-09T06:33:17.3066117Z Or undo this operation with:
2026-10-09T06:33:17.3066761Z 
2026-10-09T06:33:17.3067180Z   git switch -
2026-10-09T06:33:17.3067671Z 
2026-10-09T06:33:17.3068589Z Turn off this advice by setting config variable advice.detachedHead to false
2026-10-09T06:33:17.3069851Z 
2026-10-09T06:33:17.3070750Z HEAD is now at 93f0f58 G02 prefer equivalent live layoff targets in finishing knocks
2026-10-09T06:33:17.3075712Z ##[endgroup]
2026-10-09T06:33:17.3113623Z [command]/usr/bin/git log -1 --format=%H
2026-10-09T06:33:17.3136525Z 93f0f58284f3c0df6c6e4c8e055d208845748f15
2026-10-09T06:33:17.3486486Z ##[group]Run actions/setup-node@v4
2026-10-09T06:33:17.3487739Z with:
2026-10-09T06:33:17.3488721Z   node-version: 22.16.0
2026-10-09T06:33:17.3489952Z   cache: npm
2026-10-09T06:33:17.3491382Z   cache-dependency-path: jobs/G02-gin-rummy/package-lock.json
2026-10-09T06:33:17.3492843Z   always-auth: false
2026-10-09T06:33:17.3493875Z   check-latest: false
2026-10-09T06:33:17.3502681Z   token: ***
2026-10-09T06:33:17.3503672Z env:
2026-10-09T06:33:17.3505251Z   G02_SOURCE_HEAD: 93f0f58284f3c0df6c6e4c8e055d208845748f15
2026-10-09T06:33:17.3506594Z ##[endgroup]
2026-10-09T06:33:17.4893136Z Attempting to download 22.16.0...
2026-10-09T06:33:17.5030507Z (node:2289) [DEP0040] DeprecationWarning: The `punycode` module is deprecated. Please use a userland alternative instead.
2026-10-09T06:33:17.5033221Z (Use `node --trace-deprecation ...` to show where the warning was created)
2026-10-09T06:33:18.3017093Z Acquiring 22.16.0 - x64 from https://github.com/actions/node-versions/releases/download/22.16.0-15177438473/node-22.16.0-linux-x64.tar.gz
2026-10-09T06:33:18.6721187Z Extracting ...
2026-10-09T06:33:18.6827976Z [command]/usr/bin/tar xz --strip 1 --warning=no-unknown-keyword --overwrite -C /home/runner/work/_temp/ca9afdfe-9442-40d5-8841-8e0588a3e414 -f /home/runner/work/_temp/33827bb7-c724-440d-9397-daacccb5e267
2026-10-09T06:33:19.9422642Z Adding to the cache ...
2026-10-09T06:33:25.3986706Z ##[group]Environment details
2026-10-09T06:33:25.6152751Z node: v22.16.0
2026-10-09T06:33:25.6153460Z npm: 10.9.2
2026-10-09T06:33:25.6154081Z yarn: 1.22.22
2026-10-09T06:33:25.6155148Z ##[endgroup]
2026-10-09T06:33:25.6171752Z [command]/opt/hostedtoolcache/node/22.16.0/x64/bin/npm config get cache
2026-10-09T06:33:25.6992461Z /home/runner/.npm
2026-10-09T06:33:25.8165327Z Cache hit for: node-cache-Linux-x64-npm-d48b0073b1be2df746cbb2cab1dca64dc5674a863aed54a4ee7f428aad681317
2026-10-09T06:33:25.8276844Z (node:2289) [DEP0169] DeprecationWarning: `url.parse()` behavior is not standardized and prone to errors that have security implications. Use the WHATWG URL API instead. CVEs are not issued for `url.parse()` vulnerabilities.
2026-10-09T06:33:26.4297016Z Received 12676573 of 12676573 (100.0%), 24.6 MBs/sec
2026-10-09T06:33:26.4297804Z Cache Size: ~12 MB (12676573 B)
2026-10-09T06:33:26.4367720Z [command]/usr/bin/tar -xf /home/runner/work/_temp/115a70d0-760f-4925-b952-6df8164a847b/cache.tzst -P -C /home/runner/work/partybox-game-cores/partybox-game-cores --use-compress-program unzstd
2026-10-09T06:33:26.4558192Z Cache restored successfully
2026-10-09T06:33:26.4566944Z Cache restored from key: node-cache-Linux-x64-npm-d48b0073b1be2df746cbb2cab1dca64dc5674a863aed54a4ee7f428aad681317
2026-10-09T06:33:26.5179891Z ##[group]Run node --input-type=module <<'JS'
2026-10-09T06:33:26.5180684Z [36;1mnode --input-type=module <<'JS'[0m
2026-10-09T06:33:26.5181245Z [36;1mimport assert from 'node:assert/strict';[0m
2026-10-09T06:33:26.5181826Z [36;1mimport {readFile,appendFile} from 'node:fs/promises';[0m
2026-10-09T06:33:26.5182524Z [36;1mimport {createHash} from 'node:crypto';[0m
2026-10-09T06:33:26.5183229Z [36;1mconst request=JSON.parse(await readFile('evidence/audit-20261009/bootstrap-request.json','utf8'));[0m
2026-10-09T06:33:26.5183902Z [36;1massert.equal(request.version,1);assert.equal(typeof request.enabled,'boolean');[0m
2026-10-09T06:33:26.5184382Z [36;1mif(request.enabled){[0m
2026-10-09T06:33:26.5186178Z [36;1m assert(['mandatory one-workflow correction; first capture binding the corrected G02 workflow','verified material Strong Gin-priority repair; first capture for changed game source','verified material Gin draw repair; first capture for changed game source','verified material same-meld finishing knock repair; first capture for changed game source','verified material closed-meld finishing knock repair; first capture for changed game source'].includes(request.reason),'explicit material/protocol bootstrap reason required');[0m
2026-10-09T06:33:26.5187971Z [36;1m const sha=bytes=>createHash('sha256').update(bytes).digest('hex');[0m
2026-10-09T06:33:26.5188553Z [36;1m assert.equal(sha(await readFile('src/core.ts')),request.coreSha256);[0m
2026-10-09T06:33:26.5190479Z [36;1m assert.equal(sha(await readFile('play.html')),request.htmlSha256);[0m
2026-10-09T06:33:26.5191235Z [36;1m}[0m
2026-10-09T06:33:26.5191894Z [36;1mawait appendFile(process.env.GITHUB_OUTPUT,'bootstrap='+String(request.enabled)+'\n');[0m
2026-10-09T06:33:26.5193433Z [36;1mconsole.log(JSON.stringify({nativeBootstrapRequested:request.enabled,samplersExecuted:false,reason:request.reason}));[0m
2026-10-09T06:33:26.5194397Z [36;1mJS[0m
2026-10-09T06:33:26.5385787Z shell: /usr/bin/bash -e {0}
2026-10-09T06:33:26.5386344Z env:
2026-10-09T06:33:26.5386705Z   G02_SOURCE_HEAD: 93f0f58284f3c0df6c6e4c8e055d208845748f15
2026-10-09T06:33:26.5387125Z ##[endgroup]
2026-10-09T06:33:26.5776266Z {"nativeBootstrapRequested":true,"samplersExecuted":false,"reason":"verified material closed-meld finishing knock repair; first capture for changed game source"}
2026-10-09T06:33:26.5902947Z ##[group]Run mkdir -p .work/initial-presence-bootstrap
2026-10-09T06:33:26.5903516Z [36;1mmkdir -p .work/initial-presence-bootstrap[0m
2026-10-09T06:33:26.5903962Z [36;1mnode --input-type=module <<'JS'[0m
2026-10-09T06:33:26.5904358Z [36;1mimport {writeFile} from 'node:fs/promises';[0m
2026-10-09T06:33:26.5904812Z [36;1mimport assert from 'node:assert/strict';[0m
2026-10-09T06:33:26.5905234Z [36;1mimport {execFileSync} from 'node:child_process';[0m
2026-10-09T06:33:26.5907297Z [36;1mconst identity={version:1,head:process.env.G02_SOURCE_HEAD,ref:process.env.GITHUB_REF,sourceBranch:process.env.GITHUB_HEAD_REF,checkoutSha:execFileSync('git',['rev-parse','HEAD'],{encoding:'utf8'}).trim(),runId:process.env.GITHUB_RUN_ID,runAttempt:process.env.GITHUB_RUN_ATTEMPT,job:process.env.GITHUB_JOB,repository:process.env.GITHUB_REPOSITORY,startedUtc:new Date().toISOString(),purpose:'Fresh original browser evidence for an explicitly requested material G02 repair; not full npm-test acceptance.',originalVerifyJobUnchanged:true,physicalPhoneTested:false};[0m
2026-10-09T06:33:26.5909423Z [36;1mawait writeFile('.work/initial-presence-bootstrap/run.json',JSON.stringify(identity,null,2)+'\n');[0m
2026-10-09T06:33:26.5910173Z [36;1massert.equal(identity.runAttempt,'1','this bootstrap must not be rerun to chase a frame pass');[0m
2026-10-09T06:33:26.5910843Z [36;1massert.equal(identity.sourceBranch,'job/G02-gin-rummy-audit-20261009');[0m
2026-10-09T06:33:26.5911506Z [36;1massert.equal(identity.checkoutSha,identity.head,'bootstrap checkout must be the exact source head');[0m
2026-10-09T06:33:26.5912078Z [36;1mJS[0m
2026-10-09T06:33:26.5952271Z shell: /usr/bin/bash -e {0}
2026-10-09T06:33:26.5952648Z env:
2026-10-09T06:33:26.5953191Z   G02_SOURCE_HEAD: 93f0f58284f3c0df6c6e4c8e055d208845748f15
2026-10-09T06:33:26.5953601Z ##[endgroup]
2026-10-09T06:33:26.6552332Z ##[group]Run npm ci --ignore-scripts --no-audit --no-fund
2026-10-09T06:33:26.6552990Z [36;1mnpm ci --ignore-scripts --no-audit --no-fund[0m
2026-10-09T06:33:26.6594377Z shell: /usr/bin/bash -e {0}
2026-10-09T06:33:26.6594748Z env:
2026-10-09T06:33:26.6595253Z   G02_SOURCE_HEAD: 93f0f58284f3c0df6c6e4c8e055d208845748f15
2026-10-09T06:33:26.6595769Z ##[endgroup]
2026-10-09T06:33:27.4857687Z 
2026-10-09T06:33:27.4858946Z added 6 packages in 761ms
2026-10-09T06:33:27.5153653Z ##[group]Run npx playwright install --with-deps chromium
2026-10-09T06:33:27.5154197Z [36;1mnpx playwright install --with-deps chromium[0m
2026-10-09T06:33:27.5198269Z shell: /usr/bin/bash -e {0}
2026-10-09T06:33:27.5198643Z env:
2026-10-09T06:33:27.5199042Z   G02_SOURCE_HEAD: 93f0f58284f3c0df6c6e4c8e055d208845748f15
2026-10-09T06:33:27.5199539Z ##[endgroup]
2026-10-09T06:33:28.2292659Z Installing dependencies...
2026-10-09T06:33:28.2344580Z Switching to root user to install dependencies...
2026-10-09T06:33:28.2952369Z Get:1 file:/etc/apt/apt-mirrors.txt Mirrorlist [144 B]
2026-10-09T06:33:28.3335822Z Get:6 https://packages.microsoft.com/ubuntu/24.04/prod noble InRelease [3600 B]
2026-10-09T06:33:28.4010309Z Get:7 https://packages.microsoft.com/ubuntu/24.04/prod noble/main armhf Packages [12.3 kB]
2026-10-09T06:33:28.4091997Z Get:8 https://packages.microsoft.com/ubuntu/24.04/prod noble/main arm64 Packages [475 kB]
2026-10-09T06:33:28.4148982Z Get:9 https://packages.microsoft.com/ubuntu/24.04/prod noble/main amd64 Packages [531 kB]
2026-10-09T06:33:28.4203432Z Get:10 https://packages.microsoft.com/ubuntu/24.04/prod noble/main all Packages [640 B]
2026-10-09T06:33:28.4281065Z Hit:2 http://azure.archive.ubuntu.com/ubuntu noble InRelease
2026-10-09T06:33:28.4308276Z Get:3 http://azure.archive.ubuntu.com/ubuntu noble-updates InRelease [126 kB]
2026-10-09T06:33:28.4341332Z Get:4 http://azure.archive.ubuntu.com/ubuntu noble-backports InRelease [126 kB]
2026-10-09T06:33:28.4407162Z Get:5 http://azure.archive.ubuntu.com/ubuntu noble-security InRelease [126 kB]
2026-10-09T06:33:28.5201068Z Get:11 http://azure.archive.ubuntu.com/ubuntu noble-updates/main amd64 Packages [1375 kB]
2026-10-09T06:33:28.5271227Z Get:12 http://azure.archive.ubuntu.com/ubuntu noble-updates/main Translation-en [306 kB]
2026-10-09T06:33:28.5310499Z Get:13 http://azure.archive.ubuntu.com/ubuntu noble-updates/universe amd64 Packages [1702 kB]
2026-10-09T06:33:28.5377472Z Get:14 http://azure.archive.ubuntu.com/ubuntu noble-updates/universe Translation-en [342 kB]
2026-10-09T06:33:28.5399875Z Get:15 http://azure.archive.ubuntu.com/ubuntu noble-updates/restricted amd64 Packages [1761 kB]
2026-10-09T06:33:28.5498595Z Get:16 http://azure.archive.ubuntu.com/ubuntu noble-updates/restricted Translation-en [401 kB]
2026-10-09T06:33:28.5515796Z Get:17 http://azure.archive.ubuntu.com/ubuntu noble-updates/multiverse amd64 Packages [55.0 kB]
2026-10-09T06:33:28.5525482Z Get:18 http://azure.archive.ubuntu.com/ubuntu noble-updates/multiverse Translation-en [14.3 kB]
2026-10-09T06:33:28.6118224Z Get:19 http://azure.archive.ubuntu.com/ubuntu noble-security/main amd64 Packages [1118 kB]
2026-10-09T06:33:28.6181359Z Get:20 http://azure.archive.ubuntu.com/ubuntu noble-security/main Translation-en [228 kB]
2026-10-09T06:33:28.6643219Z Get:21 http://azure.archive.ubuntu.com/ubuntu noble-security/universe amd64 Packages [1220 kB]
2026-10-09T06:33:28.6704801Z Get:22 http://azure.archive.ubuntu.com/ubuntu noble-security/universe Translation-en [245 kB]
2026-10-09T06:33:28.6726237Z Get:23 http://azure.archive.ubuntu.com/ubuntu noble-security/restricted amd64 Packages [1667 kB]
2026-10-09T06:33:28.6811215Z Get:24 http://azure.archive.ubuntu.com/ubuntu noble-security/restricted Translation-en [383 kB]
2026-10-09T06:33:28.6838851Z Get:25 http://azure.archive.ubuntu.com/ubuntu noble-security/multiverse amd64 Packages [49.8 kB]
2026-10-09T06:33:28.6850015Z Get:26 http://azure.archive.ubuntu.com/ubuntu noble-security/multiverse Translation-en [12.4 kB]
2026-10-09T06:33:31.6734693Z Fetched 12.3 MB in 1s (9159 kB/s)
2026-10-09T06:33:32.5414087Z Reading package lists...
2026-10-09T06:33:32.5695703Z Reading package lists...
2026-10-09T06:33:32.7493192Z Building dependency tree...
2026-10-09T06:33:32.7500830Z Reading state information...
2026-10-09T06:33:32.9221854Z libasound2t64 is already the newest version (1.2.11-1ubuntu0.3).
2026-10-09T06:33:32.9222684Z libasound2t64 set to manually installed.
2026-10-09T06:33:32.9223815Z libatk-bridge2.0-0t64 is already the newest version (2.52.0-1build1).
2026-10-09T06:33:32.9224420Z libatk-bridge2.0-0t64 set to manually installed.
2026-10-09T06:33:32.9224933Z libatk1.0-0t64 is already the newest version (2.52.0-1build1).
2026-10-09T06:33:32.9225441Z libatk1.0-0t64 set to manually installed.
2026-10-09T06:33:32.9226214Z libatspi2.0-0t64 is already the newest version (2.52.0-1build1).
2026-10-09T06:33:32.9226736Z libatspi2.0-0t64 set to manually installed.
2026-10-09T06:33:32.9227216Z libcairo2 is already the newest version (1.18.0-3build1).
2026-10-09T06:33:32.9227680Z libcairo2 set to manually installed.
2026-10-09T06:33:32.9228224Z libcups2t64 is already the newest version (2.4.7-1.2ubuntu7.14).
2026-10-09T06:33:32.9228704Z libcups2t64 set to manually installed.
2026-10-09T06:33:32.9229227Z libdbus-1-3 is already the newest version (1.14.10-4ubuntu4.1).
2026-10-09T06:33:32.9230257Z libdbus-1-3 set to manually installed.
2026-10-09T06:33:32.9230725Z libdrm2 is already the newest version (2.4.125-1ubuntu0.1~24.04.2).
2026-10-09T06:33:32.9231281Z libdrm2 set to manually installed.
2026-10-09T06:33:32.9231761Z libgbm1 is already the newest version (25.2.8-0ubuntu0.24.04.4).
2026-10-09T06:33:32.9232226Z libgbm1 set to manually installed.
2026-10-09T06:33:32.9232726Z libglib2.0-0t64 is already the newest version (2.80.0-6ubuntu3.9).
2026-10-09T06:33:32.9233220Z libglib2.0-0t64 set to manually installed.
2026-10-09T06:33:32.9233694Z libnspr4 is already the newest version (2:4.35-1.1build1).
2026-10-09T06:33:32.9234175Z libnspr4 set to manually installed.
2026-10-09T06:33:32.9234660Z libnss3 is already the newest version (2:3.98-1ubuntu0.2).
2026-10-09T06:33:32.9235097Z libnss3 set to manually installed.
2026-10-09T06:33:32.9235632Z libpango-1.0-0 is already the newest version (1.52.1+ds-1build1).
2026-10-09T06:33:32.9236161Z libpango-1.0-0 set to manually installed.
2026-10-09T06:33:32.9236599Z libx11-6 is already the newest version (2:1.8.7-1build1).
2026-10-09T06:33:32.9237097Z libx11-6 set to manually installed.
2026-10-09T06:33:32.9237557Z libxcb1 is already the newest version (1.15-1ubuntu2).
2026-10-09T06:33:32.9237992Z libxcb1 set to manually installed.
2026-10-09T06:33:32.9238491Z libxcomposite1 is already the newest version (1:0.4.5-1build3).
2026-10-09T06:33:32.9238961Z libxcomposite1 set to manually installed.
2026-10-09T06:33:32.9239532Z libxdamage1 is already the newest version (1:1.1.6-1build1).
2026-10-09T06:33:32.9240027Z libxdamage1 set to manually installed.
2026-10-09T06:33:32.9240495Z libxext6 is already the newest version (2:1.3.4-1build2).
2026-10-09T06:33:32.9240920Z libxext6 set to manually installed.
2026-10-09T06:33:32.9241424Z libxfixes3 is already the newest version (1:6.0.0-2build1).
2026-10-09T06:33:32.9241868Z libxfixes3 set to manually installed.
2026-10-09T06:33:32.9242332Z libxkbcommon0 is already the newest version (1.6.0-1build1).
2026-10-09T06:33:32.9242837Z libxkbcommon0 set to manually installed.
2026-10-09T06:33:32.9243297Z libxrandr2 is already the newest version (2:1.5.2-2build1).
2026-10-09T06:33:32.9244299Z libxrandr2 set to manually installed.
2026-10-09T06:33:32.9244812Z xvfb is already the newest version (2:21.1.12-1ubuntu1.8).
2026-10-09T06:33:32.9245401Z fonts-noto-color-emoji is already the newest version (2.047-0ubuntu0.24.04.1).
2026-10-09T06:33:32.9246007Z libfontconfig1 is already the newest version (2.15.0-1.1ubuntu2).
2026-10-09T06:33:32.9246497Z libfontconfig1 set to manually installed.
2026-10-09T06:33:32.9246992Z fonts-liberation is already the newest version (1:2.1.5-3).
2026-10-09T06:33:32.9247472Z fonts-liberation set to manually installed.
2026-10-09T06:33:32.9247981Z The following additional packages will be installed:
2026-10-09T06:33:32.9248577Z   xfonts-encodings xfonts-utils
2026-10-09T06:33:32.9248931Z Recommended packages:
2026-10-09T06:33:32.9249668Z   fonts-ipafont-mincho fonts-tlwg-loma
2026-10-09T06:33:32.9392551Z The following NEW packages will be installed:
2026-10-09T06:33:32.9393411Z   fonts-freefont-ttf fonts-ipafont-gothic fonts-tlwg-loma-otf fonts-unifont
2026-10-09T06:33:32.9398851Z   fonts-wqy-zenhei xfonts-cyrillic xfonts-encodings xfonts-scalable
2026-10-09T06:33:32.9399449Z   xfonts-utils
2026-10-09T06:33:32.9403689Z The following packages will be upgraded:
2026-10-09T06:33:32.9408906Z   libfreetype6
2026-10-09T06:33:32.9565755Z 1 upgraded, 9 newly installed, 0 to remove and 22 not upgraded.
2026-10-09T06:33:32.9567110Z Need to get 21.5 MB of archives.
2026-10-09T06:33:32.9568292Z After this operation, 79.5 MB of additional disk space will be used.
2026-10-09T06:33:32.9569465Z Get:1 file:/etc/apt/apt-mirrors.txt Mirrorlist [144 B]
2026-10-09T06:33:33.0283763Z Get:2 http://azure.archive.ubuntu.com/ubuntu noble/universe amd64 fonts-ipafont-gothic all 00303-21ubuntu1 [3513 kB]
2026-10-09T06:33:33.2707908Z Get:3 http://azure.archive.ubuntu.com/ubuntu noble/main amd64 fonts-freefont-ttf all 20211204+svn4273-2 [5641 kB]
2026-10-09T06:33:33.3493811Z Get:4 http://azure.archive.ubuntu.com/ubuntu noble/universe amd64 fonts-tlwg-loma-otf all 1:0.7.3-1 [107 kB]
2026-10-09T06:33:33.3755766Z Get:5 http://azure.archive.ubuntu.com/ubuntu noble/universe amd64 fonts-unifont all 1:15.1.01-1build1 [2993 kB]
2026-10-09T06:33:33.4288760Z Get:6 http://azure.archive.ubuntu.com/ubuntu noble/universe amd64 fonts-wqy-zenhei all 0.9.45-8 [7472 kB]
2026-10-09T06:33:33.5434099Z Get:7 http://azure.archive.ubuntu.com/ubuntu noble-updates/main amd64 libfreetype6 amd64 2.13.2+dfsg-1ubuntu0.2 [403 kB]
2026-10-09T06:33:33.5716814Z Get:8 http://azure.archive.ubuntu.com/ubuntu noble/main amd64 xfonts-encodings all 1:1.0.5-0ubuntu2 [578 kB]
2026-10-09T06:33:33.6014159Z Get:9 http://azure.archive.ubuntu.com/ubuntu noble/main amd64 xfonts-utils amd64 1:7.7+6build3 [94.4 kB]
2026-10-09T06:33:33.6282137Z Get:10 http://azure.archive.ubuntu.com/ubuntu noble/universe amd64 xfonts-cyrillic all 1:1.0.5+nmu1 [384 kB]
2026-10-09T06:33:33.6566958Z Get:11 http://azure.archive.ubuntu.com/ubuntu noble/main amd64 xfonts-scalable all 1:1.0.3-1.3 [304 kB]
2026-10-09T06:33:33.9070508Z Fetched 21.5 MB in 1s (30.2 MB/s)
2026-10-09T06:33:33.9293491Z Selecting previously unselected package fonts-ipafont-gothic.
2026-10-09T06:33:33.9473689Z (Reading database ... 
2026-10-09T06:33:33.9474414Z (Reading database ... 5%
2026-10-09T06:33:33.9475008Z (Reading database ... 10%
2026-10-09T06:33:33.9475651Z (Reading database ... 15%
2026-10-09T06:33:33.9476864Z (Reading database ... 20%
2026-10-09T06:33:33.9477505Z (Reading database ... 25%
2026-10-09T06:33:33.9478023Z (Reading database ... 30%
2026-10-09T06:33:33.9478487Z (Reading database ... 35%
2026-10-09T06:33:33.9478860Z (Reading database ... 40%
2026-10-09T06:33:33.9479576Z (Reading database ... 45%
2026-10-09T06:33:33.9480137Z (Reading database ... 50%
2026-10-09T06:33:33.9514810Z (Reading database ... 55%
2026-10-09T06:33:34.0130635Z (Reading database ... 60%
2026-10-09T06:33:34.2602370Z (Reading database ... 65%
2026-10-09T06:33:34.4185011Z (Reading database ... 70%
2026-10-09T06:33:34.6207408Z (Reading database ... 75%
2026-10-09T06:33:34.7610105Z (Reading database ... 80%
2026-10-09T06:33:34.9195404Z (Reading database ... 85%
2026-10-09T06:33:35.0652597Z (Reading database ... 90%
2026-10-09T06:33:35.2068770Z (Reading database ... 95%
2026-10-09T06:33:35.2069644Z (Reading database ... 100%
2026-10-09T06:33:35.2070559Z (Reading database ... 203191 files and directories currently installed.)
2026-10-09T06:33:35.2114500Z Preparing to unpack .../0-fonts-ipafont-gothic_00303-21ubuntu1_all.deb ...
2026-10-09T06:33:35.2394588Z Unpacking fonts-ipafont-gothic (00303-21ubuntu1) ...
2026-10-09T06:33:35.5361061Z Selecting previously unselected package fonts-freefont-ttf.
2026-10-09T06:33:35.5482482Z Preparing to unpack .../1-fonts-freefont-ttf_20211204+svn4273-2_all.deb ...
2026-10-09T06:33:35.5493323Z Unpacking fonts-freefont-ttf (20211204+svn4273-2) ...
2026-10-09T06:33:35.6521344Z Selecting previously unselected package fonts-tlwg-loma-otf.
2026-10-09T06:33:35.6644411Z Preparing to unpack .../2-fonts-tlwg-loma-otf_1%3a0.7.3-1_all.deb ...
2026-10-09T06:33:35.6654024Z Unpacking fonts-tlwg-loma-otf (1:0.7.3-1) ...
2026-10-09T06:33:35.6831002Z Selecting previously unselected package fonts-unifont.
2026-10-09T06:33:35.6953938Z Preparing to unpack .../3-fonts-unifont_1%3a15.1.01-1build1_all.deb ...
2026-10-09T06:33:35.6963670Z Unpacking fonts-unifont (1:15.1.01-1build1) ...
2026-10-09T06:33:35.9335527Z Selecting previously unselected package fonts-wqy-zenhei.
2026-10-09T06:33:35.9458069Z Preparing to unpack .../4-fonts-wqy-zenhei_0.9.45-8_all.deb ...
2026-10-09T06:33:35.9543940Z Unpacking fonts-wqy-zenhei (0.9.45-8) ...
2026-10-09T06:33:36.5611535Z Preparing to unpack .../5-libfreetype6_2.13.2+dfsg-1ubuntu0.2_amd64.deb ...
2026-10-09T06:33:36.5647419Z Unpacking libfreetype6:amd64 (2.13.2+dfsg-1ubuntu0.2) over (2.13.2+dfsg-1ubuntu0.1) ...
2026-10-09T06:33:36.5915588Z Selecting previously unselected package xfonts-encodings.
2026-10-09T06:33:36.6040490Z Preparing to unpack .../6-xfonts-encodings_1%3a1.0.5-0ubuntu2_all.deb ...
2026-10-09T06:33:36.6050450Z Unpacking xfonts-encodings (1:1.0.5-0ubuntu2) ...
2026-10-09T06:33:36.6327191Z Selecting previously unselected package xfonts-utils.
2026-10-09T06:33:36.6448462Z Preparing to unpack .../7-xfonts-utils_1%3a7.7+6build3_amd64.deb ...
2026-10-09T06:33:36.6461094Z Unpacking xfonts-utils (1:7.7+6build3) ...
2026-10-09T06:33:36.6762258Z Selecting previously unselected package xfonts-cyrillic.
2026-10-09T06:33:36.6886907Z Preparing to unpack .../8-xfonts-cyrillic_1%3a1.0.5+nmu1_all.deb ...
2026-10-09T06:33:36.6897808Z Unpacking xfonts-cyrillic (1:1.0.5+nmu1) ...
2026-10-09T06:33:36.7147343Z Selecting previously unselected package xfonts-scalable.
2026-10-09T06:33:36.7270802Z Preparing to unpack .../9-xfonts-scalable_1%3a1.0.3-1.3_all.deb ...
2026-10-09T06:33:36.7279068Z Unpacking xfonts-scalable (1:1.0.3-1.3) ...
2026-10-09T06:33:36.7804072Z Setting up fonts-wqy-zenhei (0.9.45-8) ...
2026-10-09T06:33:36.7915258Z Setting up fonts-freefont-ttf (20211204+svn4273-2) ...
2026-10-09T06:33:36.7934359Z Setting up fonts-tlwg-loma-otf (1:0.7.3-1) ...
2026-10-09T06:33:36.7953228Z Setting up libfreetype6:amd64 (2.13.2+dfsg-1ubuntu0.2) ...
2026-10-09T06:33:36.7973278Z Setting up xfonts-encodings (1:1.0.5-0ubuntu2) ...
2026-10-09T06:33:36.7991597Z Setting up fonts-ipafont-gothic (00303-21ubuntu1) ...
2026-10-09T06:33:36.8049901Z update-alternatives: using /usr/share/fonts/opentype/ipafont-gothic/ipag.ttf to provide /usr/share/fonts/truetype/fonts-japanese-gothic.ttf (fonts-japanese-gothic.ttf) in auto mode
2026-10-09T06:33:36.8066175Z Setting up fonts-unifont (1:15.1.01-1build1) ...
2026-10-09T06:33:36.8085579Z Setting up xfonts-utils (1:7.7+6build3) ...
2026-10-09T06:33:36.8124065Z Setting up xfonts-cyrillic (1:1.0.5+nmu1) ...
2026-10-09T06:33:36.8377807Z Setting up xfonts-scalable (1:1.0.3-1.3) ...
2026-10-09T06:33:36.8604328Z Processing triggers for libc-bin (2.39-0ubuntu8.9) ...
2026-10-09T06:33:36.8868096Z Processing triggers for man-db (2.12.0-4build2) ...
2026-10-09T06:33:36.8890084Z Not building database; man-db/auto-update is not 'true'.
2026-10-09T06:33:36.8905160Z Processing triggers for fontconfig (2.15.0-1.1ubuntu2) ...
2026-10-09T06:33:37.5081419Z 
2026-10-09T06:33:37.5082932Z Running kernel seems to be up-to-date.
2026-10-09T06:33:37.5093589Z 
2026-10-09T06:33:37.5094105Z Restarting services...
2026-10-09T06:33:37.5151576Z  systemctl restart php8.3-fpm.service
2026-10-09T06:33:37.6050738Z 
2026-10-09T06:33:37.6051772Z No containers need to be restarted.
2026-10-09T06:33:37.6052269Z 
2026-10-09T06:33:37.6052991Z No user sessions are running outdated binaries.
2026-10-09T06:33:37.6053522Z 
2026-10-09T06:33:37.6053890Z No VM guests are running outdated hypervisor (qemu) binaries on this host.
2026-10-09T06:33:38.5225866Z Downloading Chromium 141.0.7390.37 (playwright build v1194) from https://cdn.playwright.dev/dbazure/download/playwright/builds/chromium/1194/chromium-linux.zip
2026-10-09T06:33:38.6776845Z |                                                                                |   0% of 173.9 MiB
2026-10-09T06:33:38.7711743Z |■■■■■■■■                                                                        |  10% of 173.9 MiB
2026-10-09T06:33:38.8364813Z |■■■■■■■■■■■■■■■■                                                                |  20% of 173.9 MiB
2026-10-09T06:33:38.8967941Z |■■■■■■■■■■■■■■■■■■■■■■■■                                                        |  30% of 173.9 MiB
2026-10-09T06:33:38.9438484Z |■■■■■■■■■■■■■■■■■■■■■■■■■■■■■■■■                                                |  40% of 173.9 MiB
2026-10-09T06:33:39.0409059Z |■■■■■■■■■■■■■■■■■■■■■■■■■■■■■■■■■■■■■■■■                                        |  50% of 173.9 MiB
2026-10-09T06:33:39.1034071Z |■■■■■■■■■■■■■■■■■■■■■■■■■■■■■■■■■■■■■■■■■■■■■■■■                                |  60% of 173.9 MiB
2026-10-09T06:33:39.1579451Z |■■■■■■■■■■■■■■■■■■■■■■■■■■■■■■■■■■■■■■■■■■■■■■■■■■■■■■■■                        |  70% of 173.9 MiB
2026-10-09T06:33:39.2324673Z |■■■■■■■■■■■■■■■■■■■■■■■■■■■■■■■■■■■■■■■■■■■■■■■■■■■■■■■■■■■■■■■■                |  80% of 173.9 MiB
2026-10-09T06:33:39.2966326Z |■■■■■■■■■■■■■■■■■■■■■■■■■■■■■■■■■■■■■■■■■■■■■■■■■■■■■■■■■■■■■■■■■■■■■■■■        |  90% of 173.9 MiB
2026-10-09T06:33:39.3414796Z |■■■■■■■■■■■■■■■■■■■■■■■■■■■■■■■■■■■■■■■■■■■■■■■■■■■■■■■■■■■■■■■■■■■■■■■■■■■■■■■■| 100% of 173.9 MiB
2026-10-09T06:33:43.0337312Z Chromium 141.0.7390.37 (playwright build v1194) downloaded to /home/runner/.cache/ms-playwright/chromium-1194
2026-10-09T06:33:43.0339026Z Downloading FFMPEG playwright build v1011 from https://cdn.playwright.dev/dbazure/download/playwright/builds/ffmpeg/1011/ffmpeg-linux.zip
2026-10-09T06:33:43.1714801Z |                                                                                |   0% of 2.3 MiB
2026-10-09T06:33:43.1759139Z |■■■■■■■■                                                                        |  10% of 2.3 MiB
2026-10-09T06:33:43.1810543Z |■■■■■■■■■■■■■■■■                                                                |  20% of 2.3 MiB
2026-10-09T06:33:43.1846476Z |■■■■■■■■■■■■■■■■■■■■■■■■                                                        |  30% of 2.3 MiB
2026-10-09T06:33:43.1858749Z |■■■■■■■■■■■■■■■■■■■■■■■■■■■■■■■■                                                |  40% of 2.3 MiB
2026-10-09T06:33:43.1877128Z |■■■■■■■■■■■■■■■■■■■■■■■■■■■■■■■■■■■■■■■■                                        |  50% of 2.3 MiB
2026-10-09T06:33:43.1888912Z |■■■■■■■■■■■■■■■■■■■■■■■■■■■■■■■■■■■■■■■■■■■■■■■■                                |  60% of 2.3 MiB
2026-10-09T06:33:43.1905220Z |■■■■■■■■■■■■■■■■■■■■■■■■■■■■■■■■■■■■■■■■■■■■■■■■■■■■■■■■                        |  70% of 2.3 MiB
2026-10-09T06:33:43.1917145Z |■■■■■■■■■■■■■■■■■■■■■■■■■■■■■■■■■■■■■■■■■■■■■■■■■■■■■■■■■■■■■■■■                |  80% of 2.3 MiB
2026-10-09T06:33:43.1928985Z |■■■■■■■■■■■■■■■■■■■■■■■■■■■■■■■■■■■■■■■■■■■■■■■■■■■■■■■■■■■■■■■■■■■■■■■■        |  90% of 2.3 MiB
2026-10-09T06:33:43.1936661Z |■■■■■■■■■■■■■■■■■■■■■■■■■■■■■■■■■■■■■■■■■■■■■■■■■■■■■■■■■■■■■■■■■■■■■■■■■■■■■■■■| 100% of 2.3 MiB
2026-10-09T06:33:43.2440346Z FFMPEG playwright build v1011 downloaded to /home/runner/.cache/ms-playwright/ffmpeg-1011
2026-10-09T06:33:43.2443640Z Downloading Chromium Headless Shell 141.0.7390.37 (playwright build v1194) from https://cdn.playwright.dev/dbazure/download/playwright/builds/chromium/1194/chromium-headless-shell-linux.zip
2026-10-09T06:33:43.4158406Z |                                                                                |   0% of 104.3 MiB
2026-10-09T06:33:43.4861301Z |■■■■■■■■                                                                        |  10% of 104.3 MiB
2026-10-09T06:33:43.5292470Z |■■■■■■■■■■■■■■■■                                                                |  20% of 104.3 MiB
2026-10-09T06:33:43.5584772Z |■■■■■■■■■■■■■■■■■■■■■■■■                                                        |  30% of 104.3 MiB
2026-10-09T06:33:43.5959945Z |■■■■■■■■■■■■■■■■■■■■■■■■■■■■■■■■                                                |  40% of 104.3 MiB
2026-10-09T06:33:43.6224425Z |■■■■■■■■■■■■■■■■■■■■■■■■■■■■■■■■■■■■■■■■                                        |  50% of 104.3 MiB
2026-10-09T06:33:43.6556941Z |■■■■■■■■■■■■■■■■■■■■■■■■■■■■■■■■■■■■■■■■■■■■■■■■                                |  60% of 104.3 MiB
2026-10-09T06:33:43.6905503Z |■■■■■■■■■■■■■■■■■■■■■■■■■■■■■■■■■■■■■■■■■■■■■■■■■■■■■■■■                        |  70% of 104.3 MiB
2026-10-09T06:33:43.7215015Z |■■■■■■■■■■■■■■■■■■■■■■■■■■■■■■■■■■■■■■■■■■■■■■■■■■■■■■■■■■■■■■■■                |  80% of 104.3 MiB
2026-10-09T06:33:43.7492984Z |■■■■■■■■■■■■■■■■■■■■■■■■■■■■■■■■■■■■■■■■■■■■■■■■■■■■■■■■■■■■■■■■■■■■■■■■        |  90% of 104.3 MiB
2026-10-09T06:33:43.7803516Z |■■■■■■■■■■■■■■■■■■■■■■■■■■■■■■■■■■■■■■■■■■■■■■■■■■■■■■■■■■■■■■■■■■■■■■■■■■■■■■■■| 100% of 104.3 MiB
2026-10-09T06:33:45.7601442Z Chromium Headless Shell 141.0.7390.37 (playwright build v1194) downloaded to /home/runner/.cache/ms-playwright/chromium_headless_shell-1194
2026-10-09T06:33:46.1241487Z ##[group]Run npm run build
2026-10-09T06:33:46.1241858Z [36;1mnpm run build[0m
2026-10-09T06:33:46.1284002Z shell: /usr/bin/bash -e {0}
2026-10-09T06:33:46.1284469Z env:
2026-10-09T06:33:46.1284871Z   G02_SOURCE_HEAD: 93f0f58284f3c0df6c6e4c8e055d208845748f15
2026-10-09T06:33:46.1285287Z ##[endgroup]
2026-10-09T06:33:46.2172652Z 
2026-10-09T06:33:46.2174065Z > partybox-g02-gin-rummy@1.2.1 build
2026-10-09T06:33:46.2175309Z > tsc --noEmit && node scripts/build.mjs
2026-10-09T06:33:46.2175968Z 
2026-10-09T06:33:48.0384811Z ##[group]Run git diff --exit-code -- play.html
2026-10-09T06:33:48.0385255Z [36;1mgit diff --exit-code -- play.html[0m
2026-10-09T06:33:48.0425984Z shell: /usr/bin/bash -e {0}
2026-10-09T06:33:48.0426372Z env:
2026-10-09T06:33:48.0426742Z   G02_SOURCE_HEAD: 93f0f58284f3c0df6c6e4c8e055d208845748f15
2026-10-09T06:33:48.0427379Z ##[endgroup]
2026-10-09T06:33:48.2665879Z ##[group]Run node --input-type=module <<'JS'
2026-10-09T06:33:48.2666599Z [36;1mnode --input-type=module <<'JS'[0m
2026-10-09T06:33:48.2667009Z [36;1mimport assert from 'node:assert/strict';[0m
2026-10-09T06:33:48.2667460Z [36;1mimport {readFile,writeFile,mkdir} from 'node:fs/promises';[0m
2026-10-09T06:33:48.2667950Z [36;1mimport {dirname} from 'node:path';[0m
2026-10-09T06:33:48.2668574Z [36;1mimport {browserSourcePaths,browserSourceHashes,sha256} from './scripts/browser-source-guard.mjs';[0m
2026-10-09T06:33:48.2669528Z [36;1mconst base='.work/initial-presence-bootstrap',sources=await browserSourceHashes(),copied=[];[0m
2026-10-09T06:33:48.2670111Z [36;1mconst destination=path=>{[0m
2026-10-09T06:33:48.2670703Z [36;1m  if(path.startsWith('../../contract/'))return base+'/sources/contract/'+path.slice('../../contract/'.length);[0m
2026-10-09T06:33:48.2671386Z [36;1m  if(path==='../../.github/workflows/G02.yml')return base+'/sources/workflow/G02.yml';[0m
2026-10-09T06:33:48.2672155Z [36;1m  assert(!path.startsWith('../')&&!path.startsWith('/'));return base+'/sources/job/'+path;[0m
2026-10-09T06:33:48.2672664Z [36;1m};[0m
2026-10-09T06:33:48.2672985Z [36;1mfor(const path of browserSourcePaths){[0m
2026-10-09T06:33:48.2673588Z [36;1m  const bytes=await readFile(path),target=destination(path);assert.equal(sha256(bytes),sources[path]);[0m
2026-10-09T06:33:48.2674241Z [36;1m  await mkdir(dirname(target),{recursive:true});await writeFile(target,bytes);[0m
2026-10-09T06:33:48.2675404Z [36;1m  copied.push({originalPath:path,artifactPath:target,bytes:bytes.length,sha256:sha256(bytes)});[0m
2026-10-09T06:33:48.2675982Z [36;1m}[0m
2026-10-09T06:33:48.2676305Z [36;1mconst additionalSources={},additionalCopied=[];[0m
2026-10-09T06:33:48.2677197Z [36;1mfor(const [originalPath,artifactPath] of [['../../contract/package.json',base+'/sources/contract/package.json'],['evidence/audit-20261009/bootstrap-request.json',base+'/bootstrap-request.json']]){[0m
2026-10-09T06:33:48.2678840Z [36;1m const bytes=await readFile(originalPath);additionalSources[originalPath]=sha256(bytes);await writeFile(artifactPath,bytes);additionalCopied.push({originalPath,artifactPath,bytes:bytes.length,sha256:sha256(bytes)});[0m
2026-10-09T06:33:48.2679882Z [36;1m}[0m
2026-10-09T06:33:48.2680271Z [36;1mconst bootstrap=await readFile('../../.github/workflows/G02.yml');[0m
2026-10-09T06:33:48.2680830Z [36;1mawait writeFile(base+'/bootstrap-workflow.yml',bootstrap);[0m
2026-10-09T06:33:48.2681387Z [36;1mawait writeFile(base+'/source-start.json',JSON.stringify(sources,null,2)+'\n');[0m
2026-10-09T06:33:48.2682526Z [36;1mawait writeFile(base+'/source-copy-index.json',JSON.stringify({version:1,head:process.env.G02_SOURCE_HEAD,originalGuardedSources:browserSourcePaths.length,bootstrapWorkflowSha256:sha256(bootstrap),additionalSources,additionalCopied,copied},null,2)+'\n');[0m
2026-10-09T06:33:48.2683625Z [36;1massert.equal(copied.length,35);[0m
2026-10-09T06:33:48.2684206Z [36;1mconsole.log(JSON.stringify({preservedOriginalInputs:copied.length,head:process.env.G02_SOURCE_HEAD}));[0m
2026-10-09T06:33:48.2684748Z [36;1mJS[0m
2026-10-09T06:33:48.2724606Z shell: /usr/bin/bash -e {0}
2026-10-09T06:33:48.2724989Z env:
2026-10-09T06:33:48.2725345Z   G02_SOURCE_HEAD: 93f0f58284f3c0df6c6e4c8e055d208845748f15
2026-10-09T06:33:48.2725767Z ##[endgroup]
2026-10-09T06:33:48.3336083Z {"preservedOriginalInputs":35,"head":"93f0f58284f3c0df6c6e4c8e055d208845748f15"}
2026-10-09T06:33:48.3407855Z ##[group]Run node scripts/browser-check.mjs
2026-10-09T06:33:48.3408286Z [36;1mnode scripts/browser-check.mjs[0m
2026-10-09T06:33:48.3448322Z shell: /usr/bin/bash -e {0}
2026-10-09T06:33:48.3448786Z env:
2026-10-09T06:33:48.3449134Z   G02_SOURCE_HEAD: 93f0f58284f3c0df6c6e4c8e055d208845748f15
2026-10-09T06:33:48.3449841Z ##[endgroup]
2026-10-09T06:33:48.6916434Z {"kind":"full browser proof","started":"2026-10-09T06:33:48.689Z","pid":3220,"sourceStart":{"play.html":"bb72277c2ea52dadfcf70595e41ac2e8039ddac9955611c99ced1da3403b6ff3","src/core.ts":"31a054d6702767595df7759487bc67e71ba3aec3f3b62b6fc35673268b15bef3","src/cards.ts":"e309e103393bc1aaaf10b34e3994de815dd693d1828a61566723b8fba573fdb9","src/browser.ts":"56fb3b450aa29e9dda800a69b187d66d5446e056bf2b89b349a9bef1479131e4","src/play.template.html":"1b5188f105cfd9766f3f19c0a6f3cfa1b522cbd676ec5fde0dbfa1566a09f8c7","../../contract/contract.ts":"c0f999c153074769c99c67ab2a71ad66c879e45e834713f3367b2bde4a1873d5","../../contract/constants.ts":"27cdd23112ea03f344457e6f6e6b5839ff536ebeadbba189751520353aa085ef","../../contract/rng.ts":"7cfcf3024723607e8dd1ce6ccc5683a48d71fcc617947304cc5b9f6d3d7842fe","../../contract/minigame-schema.ts":"2438655eeb8ca658543b475070e6fb3ccb3947f154f57caa3f619c87853c9bbb","../../contract/player-count-schema.ts":"0748d9d9bcf795d0693c37a0f369b262fd8801dec9ab1e4a9a4f5ec23751a189","dist/core.mjs":"07809ffc483f0430d7285e13aae3d5d2539e971675a76e4faeb8ca11887d0f9b","dist/cards.mjs":"1b8d994514e2de1464f361bddac143b99dfa328037152a89a476bcb1ce5f6c77","dist/contract.mjs":"0d477737fffa3503f35a19d174fce2f29de33bef1769ee5bba2c327ac592101a","scripts/browser-check.mjs":"536587be20208be80ec3bc081be7ff5a23ceeac9bc83ab3a67095084bbbd87dc","scripts/clock-check.mjs":"beba34324460280157fbdffd947f02731437e067fbb6ac816a7e49d2c4e6da19","scripts/meld-check.mjs":"d514a510f1972bdfa0b60d5148c1d42a82efeb4b21f3b799c4e0794054b4b7e4","scripts/results-check.mjs":"c478d1b3f32b71c94f2d5307f2c3b3e1e044edd84833d28e7ffc165f13bd310f","scripts/name-check.mjs":"3802ec077deee82176a892bcb51df0bb268c7ab765851d636faa5ab2228f531f","scripts/host-check.mjs":"e47e9a53aad166af54d78ea28e44ec5defff3e56d69139863113f5c132425b50","scripts/public-history-check.mjs":"5c887f46d5240f1434f173bbd495c560869441b074447d52f4a49878a66a0859","tests/browser-fixture.mjs":"f499940919128006bc90c4cb08eb766677c1bff3ea4dccf02645863a3bc50621","tests/helpers.mjs":"402515edb7b2a6af9548da2a2f1a7fa8f6b220b425da9664bd8c4a3e8b552b2e","scripts/browser-source-guard.mjs":"e5d9304a91ef04963133fe6bbae2c62189da28e917562da5a7cdb856596a1622","scripts/frame-coordination.mjs":"f1d34bfd418b5446a14c2ee3b3ba297eac18ed126d4ee261dffab57224399656","scripts/strict-browser-proof.mjs":"fae9a75d472307307c6eb4781c77f32845ebdade6f4104d859957ce62c1d43d9","scripts/browser-proof.mjs":"3ce834d0a764a4aefc93d0eaf7171f805d4ea5428563bcd976728f65222a8489","scripts/capture.mjs":"72077090f49f70e74c05ee925560a760f1f52b671ccb72d63570d609b9f80985","scripts/build.mjs":"3580cac9f713c9e4c3bfe8a83ec6bef33a64cd30be2c5d27c028b29a6a06fe8e","scripts/integrity.mjs":"7104c27be54110cac7b2d336e594ce0681a578fcb301a863540084619a7e42bb","scripts/check-evidence-links.mjs":"03484934e141e8e0b08e8928bf6f89f48a15f0cfe95b24e94273eebfb1a62842","package.json":"8855d609e12ca7990d525b64c285513acde1420fc6368ccca3a937979253a91b","package-lock.json":"bb2357fee1276cb24714d62a0a02d478e465806f5ec8978034da5594d6fa765a","tsconfig.json":"624efd829d3631cf6a6cc8d7b345e93bb47e713f05162b0ff511ef6cfc0a6ac3","manifest.json":"d079699772d442cda13bf8a41672e7de59d8a62966e07d0c87b8b8e991d84dbb","../../.github/workflows/G02.yml":"e9584c44b44c07248d36cbe71147b536f9a92756358c7bfa00495f6c975dce28"}}
2026-10-09T06:33:59.6633519Z {"frameWindow":"CLOSED","profile":"desktop","sourceSha256":"bb72277c2ea52dadfcf70595e41ac2e8039ddac9955611c99ced1da3403b6ff3","attemptNonce":"3ef24f57-9d8b-4abe-83a3-aaf40208d634","coordination":"uncoordinated","readyUtc":null,"grantUtc":null,"status":"samples-written","rawIntervals":600,"utc":"2026-10-09T06:33:59.662Z"}
2026-10-09T06:33:59.8678518Z {"label":"desktop","fps":60.00240009600384,"meanMs":16.666,"p99Ms":16.800000000000182,"maxMs":16.80000000000109,"networkRequests":0,"pageErrors":0}
2026-10-09T06:34:10.8413248Z {"frameWindow":"CLOSED","profile":"phone4x","sourceSha256":"bb72277c2ea52dadfcf70595e41ac2e8039ddac9955611c99ced1da3403b6ff3","attemptNonce":"9cc564d7-2614-407e-b377-c194201eef3b","coordination":"uncoordinated","readyUtc":null,"grantUtc":null,"status":"samples-written","rawIntervals":600,"utc":"2026-10-09T06:34:10.836Z"}
2026-10-09T06:34:11.1042094Z {"label":"phone4x","fps":60.00240009600384,"meanMs":16.666,"p99Ms":16.800000000000182,"maxMs":16.80000000000109,"networkRequests":0,"pageErrors":0}
2026-10-09T06:34:11.3428228Z {"kind":"synthetic delayed-host-callback and pause regression","elapsedMs":20000,"configuredTurnMs":10000,"firstExpiredCallbackCount":1,"actionsBefore":0,"actionsAfter":1,"deadlineAdvancedOnElapsedTime":true,"visibleCountdown":true,"pausePreservesRemainingTime":true,"entropyCalls":1,"controlledTestSeed":7199}
2026-10-09T06:34:13.6385323Z {"customMeldRegression":[{"label":"desktop","cpuThrottle":1,"namedCardControls":10,"privateDraftCleared":true,"invalidGroupsPreventKnock":true,"closedControlsRestoreAutomaticKnock":true,"revealShowsDeclaredLayout":true,"defenderResolvedDeadwood":0,"undercutPoints":11,"pageErrors":0,"networkRequests":0,"fixture":"initial state only; production reducer, solver and renderer"},{"label":"phone4x","cpuThrottle":4,"namedCardControls":10,"privateDraftCleared":true,"invalidGroupsPreventKnock":true,"closedControlsRestoreAutomaticKnock":true,"revealShowsDeclaredLayout":true,"defenderResolvedDeadwood":0,"undercutPoints":11,"pageErrors":0,"networkRequests":0,"fixture":"initial state only; production reducer, solver and renderer"}]}
2026-10-09T06:34:14.5482833Z {"resultsRegression":[{"label":"desktop","cpuThrottle":1,"targetWinner":"p0","displayedWinner":"Target winner","finalPoints":{"p0":388,"p1":499},"explanationVisible":true,"pageErrors":0,"fixture":"initial state only; production reducer and renderer"},{"label":"phone4x","cpuThrottle":4,"targetWinner":"p0","displayedWinner":"Target winner","finalPoints":{"p0":388,"p1":499},"explanationVisible":true,"pageErrors":0,"fixture":"initial state only; production reducer and renderer"}]}
2026-10-09T06:34:15.1109830Z {"payload":"<svg onload=alert(1)>","renderedAsText":true,"insertedMarkupNodes":0,"dialogs":0,"pageErrors":0,"networkRequests":0,"cpuThrottle":4}
2026-10-09T06:34:17.2197093Z {"runId":"2026-10-09T06-33-48-689Z","passed":true,"sourceUnchanged":true,"extraHostChecks":5,"rows":[{"label":"desktop","fps":60.00240009600384,"p99Ms":16.800000000000182,"maxMs":16.80000000000109,"frameGatePassed":true},{"label":"phone4x","fps":60.00240009600384,"p99Ms":16.800000000000182,"maxMs":16.80000000000109,"frameGatePassed":true}]}
2026-10-09T06:34:17.2317473Z ##[group]Run node scripts/capture.mjs initial-presence-bootstrap --public-history --ci-output
2026-10-09T06:34:17.2318217Z [36;1mnode scripts/capture.mjs initial-presence-bootstrap --public-history --ci-output[0m
2026-10-09T06:34:17.2358726Z shell: /usr/bin/bash -e {0}
2026-10-09T06:34:17.2359182Z env:
2026-10-09T06:34:17.2359698Z   G02_SOURCE_HEAD: 93f0f58284f3c0df6c6e4c8e055d208845748f15
2026-10-09T06:34:17.2360093Z ##[endgroup]
2026-10-09T06:34:17.5122890Z {"kind":"functional recordings","started":"2026-10-09T06:34:17.510Z","pid":3412,"sourceStart":{"play.html":"bb72277c2ea52dadfcf70595e41ac2e8039ddac9955611c99ced1da3403b6ff3","src/core.ts":"31a054d6702767595df7759487bc67e71ba3aec3f3b62b6fc35673268b15bef3","src/cards.ts":"e309e103393bc1aaaf10b34e3994de815dd693d1828a61566723b8fba573fdb9","src/browser.ts":"56fb3b450aa29e9dda800a69b187d66d5446e056bf2b89b349a9bef1479131e4","src/play.template.html":"1b5188f105cfd9766f3f19c0a6f3cfa1b522cbd676ec5fde0dbfa1566a09f8c7","../../contract/contract.ts":"c0f999c153074769c99c67ab2a71ad66c879e45e834713f3367b2bde4a1873d5","../../contract/constants.ts":"27cdd23112ea03f344457e6f6e6b5839ff536ebeadbba189751520353aa085ef","../../contract/rng.ts":"7cfcf3024723607e8dd1ce6ccc5683a48d71fcc617947304cc5b9f6d3d7842fe","../../contract/minigame-schema.ts":"2438655eeb8ca658543b475070e6fb3ccb3947f154f57caa3f619c87853c9bbb","../../contract/player-count-schema.ts":"0748d9d9bcf795d0693c37a0f369b262fd8801dec9ab1e4a9a4f5ec23751a189","dist/core.mjs":"07809ffc483f0430d7285e13aae3d5d2539e971675a76e4faeb8ca11887d0f9b","dist/cards.mjs":"1b8d994514e2de1464f361bddac143b99dfa328037152a89a476bcb1ce5f6c77","dist/contract.mjs":"0d477737fffa3503f35a19d174fce2f29de33bef1769ee5bba2c327ac592101a","scripts/browser-check.mjs":"536587be20208be80ec3bc081be7ff5a23ceeac9bc83ab3a67095084bbbd87dc","scripts/clock-check.mjs":"beba34324460280157fbdffd947f02731437e067fbb6ac816a7e49d2c4e6da19","scripts/meld-check.mjs":"d514a510f1972bdfa0b60d5148c1d42a82efeb4b21f3b799c4e0794054b4b7e4","scripts/results-check.mjs":"c478d1b3f32b71c94f2d5307f2c3b3e1e044edd84833d28e7ffc165f13bd310f","scripts/name-check.mjs":"3802ec077deee82176a892bcb51df0bb268c7ab765851d636faa5ab2228f531f","scripts/host-check.mjs":"e47e9a53aad166af54d78ea28e44ec5defff3e56d69139863113f5c132425b50","scripts/public-history-check.mjs":"5c887f46d5240f1434f173bbd495c560869441b074447d52f4a49878a66a0859","tests/browser-fixture.mjs":"f499940919128006bc90c4cb08eb766677c1bff3ea4dccf02645863a3bc50621","tests/helpers.mjs":"402515edb7b2a6af9548da2a2f1a7fa8f6b220b425da9664bd8c4a3e8b552b2e","scripts/browser-source-guard.mjs":"e5d9304a91ef04963133fe6bbae2c62189da28e917562da5a7cdb856596a1622","scripts/frame-coordination.mjs":"f1d34bfd418b5446a14c2ee3b3ba297eac18ed126d4ee261dffab57224399656","scripts/strict-browser-proof.mjs":"fae9a75d472307307c6eb4781c77f32845ebdade6f4104d859957ce62c1d43d9","scripts/browser-proof.mjs":"3ce834d0a764a4aefc93d0eaf7171f805d4ea5428563bcd976728f65222a8489","scripts/capture.mjs":"72077090f49f70e74c05ee925560a760f1f52b671ccb72d63570d609b9f80985","scripts/build.mjs":"3580cac9f713c9e4c3bfe8a83ec6bef33a64cd30be2c5d27c028b29a6a06fe8e","scripts/integrity.mjs":"7104c27be54110cac7b2d336e594ce0681a578fcb301a863540084619a7e42bb","scripts/check-evidence-links.mjs":"03484934e141e8e0b08e8928bf6f89f48a15f0cfe95b24e94273eebfb1a62842","package.json":"8855d609e12ca7990d525b64c285513acde1420fc6368ccca3a937979253a91b","package-lock.json":"bb2357fee1276cb24714d62a0a02d478e465806f5ec8978034da5594d6fa765a","tsconfig.json":"624efd829d3631cf6a6cc8d7b345e93bb47e713f05162b0ff511ef6cfc0a6ac3","manifest.json":"d079699772d442cda13bf8a41672e7de59d8a62966e07d0c87b8b8e991d84dbb","../../.github/workflows/G02.yml":"e9584c44b44c07248d36cbe71147b536f9a92756358c7bfa00495f6c975dce28"}}
2026-10-09T06:34:31.2183668Z {"path":".work/browser/initial-presence-bootstrap-2026-10-09t06-34-17-493z-desktop.webm","bytes":725703,"sha256":"deaf4321701086785bf6cedab79c065f6fc69121a926325269ad717435a53237","cpuThrottle":1,"viewport":{"width":1920,"height":1080},"performanceMeasurement":false,"newMatchPrivateDomCleared":true,"actualElapsedTimeoutCoveredHand":true,"publicPassHistoryShown":true,"passActors":["Player 1: pass","Player 2: pass"],"networkRequests":0,"pageErrors":0}
2026-10-09T06:34:45.1592484Z {"path":".work/browser/initial-presence-bootstrap-2026-10-09t06-34-17-493z-phone4x.webm","bytes":667119,"sha256":"12a0ca68a4d1dcbaaf1e0d002988ef56ce67ae7f73437762ea9a4eb947dc7ffb","cpuThrottle":4,"viewport":{"width":390,"height":844},"performanceMeasurement":false,"newMatchPrivateDomCleared":true,"actualElapsedTimeoutCoveredHand":true,"publicPassHistoryShown":true,"passActors":["Player 1: pass","Player 2: pass"],"networkRequests":0,"pageErrors":0}
2026-10-09T06:34:45.1981208Z ##[group]Run node scripts/strict-browser-proof.mjs --live
2026-10-09T06:34:45.1981745Z [36;1mnode scripts/strict-browser-proof.mjs --live[0m
2026-10-09T06:34:45.2021546Z shell: /usr/bin/bash -e {0}
2026-10-09T06:34:45.2022011Z env:
2026-10-09T06:34:45.2022405Z   G02_SOURCE_HEAD: 93f0f58284f3c0df6c6e4c8e055d208845748f15
2026-10-09T06:34:45.2022868Z ##[endgroup]
2026-10-09T06:34:45.2510103Z {"suite":"strict-current-browser-proof","guardedSources":35,"profiles":2,"rawIntervals":1200,"nativeTimestamps":1202,"activeHandWitnesses":1208,"unfiltered":true,"recordingsMatched":2}
2026-10-09T06:34:45.2582048Z ##[group]Run node --input-type=module <<'JS'
2026-10-09T06:34:45.2582661Z [36;1mnode --input-type=module <<'JS'[0m
2026-10-09T06:34:45.2583073Z [36;1mimport assert from 'node:assert/strict';[0m
2026-10-09T06:34:45.2583569Z [36;1mimport {readFile,writeFile,mkdir,readdir} from 'node:fs/promises';[0m
2026-10-09T06:34:45.2584219Z [36;1mimport {browserSourceHashes,sha256} from './scripts/browser-source-guard.mjs';[0m
2026-10-09T06:34:45.2584843Z [36;1mconst base='.work/initial-presence-bootstrap';await mkdir(base,{recursive:true});[0m
2026-10-09T06:34:45.2585784Z [36;1mlet sources=null,sourceError=null;try{sources=await browserSourceHashes();}catch(error){sourceError=String(error);}[0m
2026-10-09T06:34:45.2586869Z [36;1mlet bootstrapWorkflowSha256=null,bootstrapWorkflowError=null;try{bootstrapWorkflowSha256=sha256(await readFile('../../.github/workflows/G02.yml'));}catch(error){bootstrapWorkflowError=String(error);}[0m
2026-10-09T06:34:45.2588505Z [36;1mlet additionalSources=null,additionalSourceError=null;try{additionalSources={};for(const path of ['../../contract/package.json','evidence/audit-20261009/bootstrap-request.json'])additionalSources[path]=sha256(await readFile(path));}catch(error){additionalSourceError=String(error);}[0m
2026-10-09T06:34:45.2590278Z [36;1mawait writeFile(base+'/source-end.json',JSON.stringify({sources,sourceError,bootstrapWorkflowSha256,bootstrapWorkflowError,additionalSources,additionalSourceError},null,2)+'\n');[0m
2026-10-09T06:34:45.2591646Z [36;1mlet before=null,beforeIndex=null;try{before=JSON.parse(await readFile(base+'/source-start.json','utf8'));beforeIndex=JSON.parse(await readFile(base+'/source-copy-index.json','utf8'));}catch{}[0m
2026-10-09T06:34:45.2592431Z [36;1mconst files=[];[0m
2026-10-09T06:34:45.2592951Z [36;1masync function walk(path){let entries;try{entries=await readdir(path,{withFileTypes:true});}catch{return;}[0m
2026-10-09T06:34:45.2593727Z [36;1m  for(const entry of entries.sort((a,b)=>a.name.localeCompare(b.name))){const next=path+'/'+entry.name;[0m
2026-10-09T06:34:45.2594581Z [36;1m    if(entry.isDirectory())await walk(next);else if(entry.isFile()){const bytes=await readFile(next);files.push({path:next,bytes:bytes.length,sha256:sha256(bytes)});}[0m
2026-10-09T06:34:45.2595312Z [36;1m  }[0m
2026-10-09T06:34:45.2595625Z [36;1m}[0m
2026-10-09T06:34:45.2595966Z [36;1mawait walk('.work/browser');await walk(base);[0m
2026-10-09T06:34:45.2596610Z [36;1mfor(const path of ['.work/clock-after.json','.work/custom-meld-after.json','.work/results-after.json','.work/name-check.json']){[0m
2026-10-09T06:34:45.2597464Z [36;1m  try{const bytes=await readFile(path);files.push({path,bytes:bytes.length,sha256:sha256(bytes)});}catch{}[0m
2026-10-09T06:34:45.2597993Z [36;1m}[0m
2026-10-09T06:34:45.2598471Z [36;1mconst sourceUnchanged=before!==null&&sources!==null&&JSON.stringify(before)===JSON.stringify(sources);[0m
2026-10-09T06:34:45.2599507Z [36;1mconst bootstrapWorkflowUnchanged=beforeIndex!==null&&bootstrapWorkflowSha256===beforeIndex.bootstrapWorkflowSha256;[0m
2026-10-09T06:34:45.2600503Z [36;1mconst additionalSourceUnchanged=beforeIndex!==null&&additionalSources!==null&&JSON.stringify(additionalSources)===JSON.stringify(beforeIndex.additionalSources);[0m
2026-10-09T06:34:45.2602780Z [36;1mconst closed={version:1,head:process.env.G02_SOURCE_HEAD,runId:process.env.GITHUB_RUN_ID,runAttempt:process.env.GITHUB_RUN_ATTEMPT,closedUtc:new Date().toISOString(),statusBeforeClosure:process.env.BOOTSTRAP_STATUS,sourceUnchanged,sourceError,bootstrapWorkflowUnchanged,bootstrapWorkflowSha256,bootstrapWorkflowError,additionalSourceUnchanged,additionalSources,additionalSourceError,files,rawFiltering:'none',fullNpmTestAccepted:false};[0m
2026-10-09T06:34:45.2604756Z [36;1mawait writeFile(base+'/CLOSED.json',JSON.stringify(closed,null,2)+'\n');[0m
2026-10-09T06:34:45.2605701Z [36;1mconsole.log(JSON.stringify({closedUtc:closed.closedUtc,head:closed.head,files:files.length,sourceUnchanged,statusBeforeClosure:closed.statusBeforeClosure}));[0m
2026-10-09T06:34:45.2607177Z [36;1mif(before!==null){assert(sourceUnchanged,'guarded inputs changed during the bootstrap');assert(bootstrapWorkflowUnchanged,'the bootstrap workflow changed during execution');assert(additionalSourceUnchanged,'the contract package or explicit request changed during execution');}[0m
2026-10-09T06:34:45.2608219Z [36;1mJS[0m
2026-10-09T06:34:45.2647396Z shell: /usr/bin/bash -e {0}
2026-10-09T06:34:45.2647815Z env:
2026-10-09T06:34:45.2648215Z   G02_SOURCE_HEAD: 93f0f58284f3c0df6c6e4c8e055d208845748f15
2026-10-09T06:34:45.2648756Z   BOOTSTRAP_STATUS: success
2026-10-09T06:34:45.2649113Z ##[endgroup]
2026-10-09T06:34:45.3292074Z {"closedUtc":"2026-10-09T06:34:45.327Z","head":"93f0f58284f3c0df6c6e4c8e055d208845748f15","files":59,"sourceUnchanged":true,"statusBeforeClosure":"success"}
2026-10-09T06:34:45.3413852Z ##[group]Run actions/upload-artifact@v4
2026-10-09T06:34:45.3414256Z with:
2026-10-09T06:34:45.3414691Z   name: G02-initial-presence-current-93f0f58284f3c0df6c6e4c8e055d208845748f15
2026-10-09T06:34:45.3415876Z   path: jobs/G02-gin-rummy/.work/initial-presence-bootstrap/**
jobs/G02-gin-rummy/.work/browser/**
jobs/G02-gin-rummy/.work/clock-after.json
jobs/G02-gin-rummy/.work/custom-meld-after.json
jobs/G02-gin-rummy/.work/results-after.json
jobs/G02-gin-rummy/.work/name-check.json

2026-10-09T06:34:45.3416911Z   include-hidden-files: true
2026-10-09T06:34:45.3417278Z   if-no-files-found: error
2026-10-09T06:34:45.3417600Z   compression-level: 6
2026-10-09T06:34:45.3417913Z   overwrite: false
2026-10-09T06:34:45.3418260Z env:
2026-10-09T06:34:45.3418571Z   G02_SOURCE_HEAD: 93f0f58284f3c0df6c6e4c8e055d208845748f15
2026-10-09T06:34:45.3418991Z ##[endgroup]
2026-10-09T06:34:45.5106196Z (node:3531) [DEP0040] DeprecationWarning: The `punycode` module is deprecated. Please use a userland alternative instead.
2026-10-09T06:34:45.5107439Z (Use `node --trace-deprecation ...` to show where the warning was created)
2026-10-09T06:34:45.5528097Z Multiple search paths detected. Calculating the least common ancestor of all paths
2026-10-09T06:34:45.5530445Z The least common ancestor is /home/runner/work/partybox-game-cores/partybox-game-cores/jobs/G02-gin-rummy/.work. This will be the root directory of the artifact
2026-10-09T06:34:45.5531209Z With the provided path, there will be 60 files uploaded
2026-10-09T06:34:45.5531681Z Artifact name is valid!
2026-10-09T06:34:45.5531958Z Root directory input is valid!
2026-10-09T06:34:45.8061140Z Beginning upload of artifact content to blob storage
2026-10-09T06:34:45.9802112Z (node:3531) [DEP0169] DeprecationWarning: `url.parse()` behavior is not standardized and prone to errors that have security implications. Use the WHATWG URL API instead. CVEs are not issued for `url.parse()` vulnerabilities.
2026-10-09T06:34:46.3032762Z Uploaded bytes 1787663
2026-10-09T06:34:46.3413079Z Finished uploading artifact content to blob storage!
2026-10-09T06:34:46.3414219Z SHA256 digest of uploaded artifact zip is 107be6ff5347022197b8dffef6d29ceac11e39e8269dd5b3f2b02f7301a77fb7
2026-10-09T06:34:46.3416347Z Finalizing artifact upload
2026-10-09T06:34:46.5544430Z Artifact G02-initial-presence-current-93f0f58284f3c0df6c6e4c8e055d208845748f15.zip successfully finalized. Artifact ID 11599895348
2026-10-09T06:34:46.5546342Z Artifact G02-initial-presence-current-93f0f58284f3c0df6c6e4c8e055d208845748f15 has been successfully uploaded! Final size is 1787663 bytes. Artifact ID is 11599895348
2026-10-09T06:34:46.5551817Z Artifact download URL: https://github.com/luisitin/partybox-game-cores/actions/runs/37894118428/artifacts/11599895348
2026-10-09T06:34:46.5702913Z Post job cleanup.
2026-10-09T06:34:46.6872521Z (node:3543) [DEP0040] DeprecationWarning: The `punycode` module is deprecated. Please use a userland alternative instead.
2026-10-09T06:34:46.6873945Z (Use `node --trace-deprecation ...` to show where the warning was created)
2026-10-09T06:34:46.6875816Z Cache hit occurred on the primary key node-cache-Linux-x64-npm-d48b0073b1be2df746cbb2cab1dca64dc5674a863aed54a4ee7f428aad681317, not saving cache.
2026-10-09T06:34:46.7031885Z Post job cleanup.
2026-10-09T06:34:46.7884078Z [command]/usr/bin/git version
2026-10-09T06:34:46.7946787Z git version 2.55.0
2026-10-09T06:34:46.7988053Z Temporarily overriding HOME='/home/runner/work/_temp/bc922292-45b2-4a7e-9bf6-7de5d187dd34' before making global git config changes
2026-10-09T06:34:46.8000677Z Adding repository directory to the temporary git global config as a safe directory
2026-10-09T06:34:46.8002056Z [command]/usr/bin/git config --global --add safe.directory /home/runner/work/partybox-game-cores/partybox-game-cores
2026-10-09T06:34:46.8044140Z [command]/usr/bin/git config --local --name-only --get-regexp core\.sshCommand
2026-10-09T06:34:46.8077290Z [command]/usr/bin/git submodule foreach --recursive sh -c "git config --local --name-only --get-regexp 'core\.sshCommand' && git config --local --unset-all 'core.sshCommand' || :"
2026-10-09T06:34:46.8296704Z [command]/usr/bin/git config --local --name-only --get-regexp http\.https\:\/\/github\.com\/\.extraheader
2026-10-09T06:34:46.8322526Z http.https://github.com/.extraheader
2026-10-09T06:34:46.8332498Z [command]/usr/bin/git config --local --unset-all http.https://github.com/.extraheader
2026-10-09T06:34:46.8365768Z [command]/usr/bin/git submodule foreach --recursive sh -c "git config --local --name-only --get-regexp 'http\.https\:\/\/github\.com\/\.extraheader' && git config --local --unset-all 'http.https://github.com/.extraheader' || :"
2026-10-09T06:34:46.8570638Z [command]/usr/bin/git config --local --name-only --get-regexp ^includeIf\.gitdir:
2026-10-09T06:34:46.8598496Z [command]/usr/bin/git submodule foreach --recursive git config --local --show-origin --name-only --get-regexp remote.origin.url
2026-10-09T06:34:46.8942033Z Cleaning up orphan processes
2026-10-09T06:34:46.9199219Z ##[warning]Node.js 20 is deprecated. The following actions target Node.js 20 but are being forced to run on Node.js 24: actions/checkout@v4, actions/setup-node@v4, actions/upload-artifact@v4. For more information see: https://github.blog/changelog/2025-09-19-deprecation-of-node-20-on-github-actions-runners/
