2026-10-09T03:28:03.9472493Z Current runner version: '2.337.0'
2026-10-09T03:28:03.9498536Z ##[group]Runner Image Provisioner
2026-10-09T03:28:03.9499423Z Hosted Compute Agent
2026-10-09T03:28:03.9500144Z Version: 20261002.596
2026-10-09T03:28:03.9500836Z Commit: c3d12f3313a95f25162a1503be624f3b0617f8c0
2026-10-09T03:28:03.9501864Z Build Date: 2026-10-02T22:28:27Z
2026-10-09T03:28:03.9502547Z Worker ID: {706f1d8c-647c-4005-8a13-d1846db90f70}
2026-10-09T03:28:03.9503286Z Region: eastus
2026-10-09T03:28:03.9503878Z Cloud: Azure
2026-10-09T03:28:03.9504429Z ##[endgroup]
2026-10-09T03:28:03.9506169Z ##[group]Operating System
2026-10-09T03:28:03.9506807Z Ubuntu
2026-10-09T03:28:03.9507312Z 24.04.5
2026-10-09T03:28:03.9507950Z LTS
2026-10-09T03:28:03.9508512Z ##[endgroup]
2026-10-09T03:28:03.9509117Z ##[group]Runner Image
2026-10-09T03:28:03.9509725Z Image: ubuntu-24.04
2026-10-09T03:28:03.9510272Z Version: 20261004.327.1
2026-10-09T03:28:03.9512036Z Included Software: https://github.com/actions/runner-images/blob/ubuntu24/20261004.327/images/ubuntu/Ubuntu2404-Readme.md
2026-10-09T03:28:03.9513755Z Image Release: https://github.com/actions/runner-images/releases/tag/ubuntu24%2F20261004.327
2026-10-09T03:28:03.9514716Z ##[endgroup]
2026-10-09T03:28:03.9515910Z ##[group]GITHUB_TOKEN Permissions
2026-10-09T03:28:03.9518136Z Contents: read
2026-10-09T03:28:03.9518804Z Metadata: read
2026-10-09T03:28:03.9519381Z ##[endgroup]
2026-10-09T03:28:03.9522013Z Secret source: Actions
2026-10-09T03:28:03.9523118Z Cache mode: write
2026-10-09T03:28:03.9523840Z Prepare workflow directory
2026-10-09T03:28:03.9930807Z Prepare all required actions
2026-10-09T03:28:03.9979790Z Getting action download info
2026-10-09T03:28:04.2379453Z Download action repository 'actions/checkout@v4' (SHA:11d5960a326750d5838078e36cf38b85af677262)
2026-10-09T03:28:04.3274460Z Download action repository 'actions/setup-node@v4' (SHA:49933ea5288caeca8642d1e84afbd3f7d6820020)
2026-10-09T03:28:04.4127079Z Download action repository 'actions/upload-artifact@v4' (SHA:ea165f8d65b6e75b540449e92b4886f43607fa02)
2026-10-09T03:28:04.6223169Z Complete job name: verify
2026-10-09T03:28:04.6995113Z ##[group]Run actions/checkout@v4
2026-10-09T03:28:04.6995996Z with:
2026-10-09T03:28:04.6996483Z   repository: luisitin/partybox-game-cores
2026-10-09T03:28:04.7000250Z   token: ***
2026-10-09T03:28:04.7000692Z   ssh-strict: true
2026-10-09T03:28:04.7001419Z   ssh-user: git
2026-10-09T03:28:04.7001879Z   persist-credentials: true
2026-10-09T03:28:04.7002378Z   clean: true
2026-10-09T03:28:04.7002824Z   sparse-checkout-cone-mode: true
2026-10-09T03:28:04.7003348Z   fetch-depth: 1
2026-10-09T03:28:04.7003786Z   fetch-tags: false
2026-10-09T03:28:04.7004236Z   show-progress: true
2026-10-09T03:28:04.7004689Z   lfs: false
2026-10-09T03:28:04.7005099Z   submodules: false
2026-10-09T03:28:04.7005542Z   set-safe-directory: true
2026-10-09T03:28:04.7006056Z   allow-unsafe-pr-checkout: false
2026-10-09T03:28:04.7006875Z ##[endgroup]
2026-10-09T03:28:04.8026380Z Syncing repository: luisitin/partybox-game-cores
2026-10-09T03:28:04.8028655Z ##[group]Getting Git version info
2026-10-09T03:28:04.8029587Z Working directory is '/home/runner/work/partybox-game-cores/partybox-game-cores'
2026-10-09T03:28:04.8031851Z [command]/usr/bin/git version
2026-10-09T03:28:04.8111729Z git version 2.55.0
2026-10-09T03:28:04.8134947Z ##[endgroup]
2026-10-09T03:28:04.8150440Z Temporarily overriding HOME='/home/runner/work/_temp/484a8980-220f-48bd-9806-48754cbbd849' before making global git config changes
2026-10-09T03:28:04.8153034Z Adding repository directory to the temporary git global config as a safe directory
2026-10-09T03:28:04.8156851Z [command]/usr/bin/git config --global --add safe.directory /home/runner/work/partybox-game-cores/partybox-game-cores
2026-10-09T03:28:04.8225435Z Deleting the contents of '/home/runner/work/partybox-game-cores/partybox-game-cores'
2026-10-09T03:28:04.8229819Z ##[group]Initializing the repository
2026-10-09T03:28:04.8235223Z [command]/usr/bin/git init /home/runner/work/partybox-game-cores/partybox-game-cores
2026-10-09T03:28:04.8356780Z hint: Using 'master' as the name for the initial branch. This default branch name
2026-10-09T03:28:04.8357965Z hint: will change to "main" in Git 3.0. To configure the initial branch name
2026-10-09T03:28:04.8358929Z hint: to use in all of your new repositories, which will suppress this warning,
2026-10-09T03:28:04.8359664Z hint: call:
2026-10-09T03:28:04.8360362Z hint:
2026-10-09T03:28:04.8360895Z hint: 	git config --global init.defaultBranch <name>
2026-10-09T03:28:04.8361847Z hint:
2026-10-09T03:28:04.8362445Z hint: Names commonly chosen instead of 'master' are 'main', 'trunk' and
2026-10-09T03:28:04.8363375Z hint: 'development'. The just-created branch can be renamed via this command:
2026-10-09T03:28:04.8364123Z hint:
2026-10-09T03:28:04.8364551Z hint: 	git branch -m <name>
2026-10-09T03:28:04.8365033Z hint:
2026-10-09T03:28:04.8365656Z hint: Disable this message with "git config set advice.defaultBranchName false"
2026-10-09T03:28:04.8371742Z Initialized empty Git repository in /home/runner/work/partybox-game-cores/partybox-game-cores/.git/
2026-10-09T03:28:04.8383253Z [command]/usr/bin/git remote add origin https://github.com/luisitin/partybox-game-cores
2026-10-09T03:28:04.8435543Z ##[endgroup]
2026-10-09T03:28:04.8436379Z ##[group]Disabling automatic garbage collection
2026-10-09T03:28:04.8440485Z [command]/usr/bin/git config --local gc.auto 0
2026-10-09T03:28:04.8473644Z ##[endgroup]
2026-10-09T03:28:04.8474779Z ##[group]Setting up auth
2026-10-09T03:28:04.8482266Z [command]/usr/bin/git config --local --name-only --get-regexp core\.sshCommand
2026-10-09T03:28:04.8520585Z [command]/usr/bin/git submodule foreach --recursive sh -c "git config --local --name-only --get-regexp 'core\.sshCommand' && git config --local --unset-all 'core.sshCommand' || :"
2026-10-09T03:28:04.8898437Z [command]/usr/bin/git config --local --name-only --get-regexp http\.https\:\/\/github\.com\/\.extraheader
2026-10-09T03:28:04.8939764Z [command]/usr/bin/git submodule foreach --recursive sh -c "git config --local --name-only --get-regexp 'http\.https\:\/\/github\.com\/\.extraheader' && git config --local --unset-all 'http.https://github.com/.extraheader' || :"
2026-10-09T03:28:04.9191447Z [command]/usr/bin/git config --local --name-only --get-regexp ^includeIf\.gitdir:
2026-10-09T03:28:04.9230642Z [command]/usr/bin/git submodule foreach --recursive git config --local --show-origin --name-only --get-regexp remote.origin.url
2026-10-09T03:28:04.9466613Z [command]/usr/bin/git config --local http.https://github.com/.extraheader AUTHORIZATION: basic ***
2026-10-09T03:28:04.9509281Z ##[endgroup]
2026-10-09T03:28:04.9511832Z ##[group]Fetching the repository
2026-10-09T03:28:04.9522223Z [command]/usr/bin/git -c protocol.version=2 fetch --no-tags --prune --no-recurse-submodules --depth=1 origin +5429c75cce4eefb7454482c99441d23e1916b26d:refs/remotes/pull/12/merge
2026-10-09T03:28:06.1852455Z From https://github.com/luisitin/partybox-game-cores
2026-10-09T03:28:06.1853919Z  * [new ref]         5429c75cce4eefb7454482c99441d23e1916b26d -> pull/12/merge
2026-10-09T03:28:06.1883148Z ##[endgroup]
2026-10-09T03:28:06.1884533Z ##[group]Determining the checkout info
2026-10-09T03:28:06.1886273Z ##[endgroup]
2026-10-09T03:28:06.1887280Z [command]/usr/bin/git sparse-checkout disable
2026-10-09T03:28:06.1932314Z [command]/usr/bin/git config --local --unset-all extensions.worktreeConfig
2026-10-09T03:28:06.1972653Z ##[group]Checking out the ref
2026-10-09T03:28:06.1973560Z [command]/usr/bin/git checkout --progress --force refs/remotes/pull/12/merge
2026-10-09T03:28:06.3317406Z Note: switching to 'refs/remotes/pull/12/merge'.
2026-10-09T03:28:06.3318337Z 
2026-10-09T03:28:06.3318997Z You are in 'detached HEAD' state. You can look around, make experimental
2026-10-09T03:28:06.3320444Z changes and commit them, and you can discard any commits you make in this
2026-10-09T03:28:06.3322218Z state without impacting any branches by switching back to a branch.
2026-10-09T03:28:06.3323047Z 
2026-10-09T03:28:06.3323670Z If you want to create a new branch to retain commits you create, you may
2026-10-09T03:28:06.3325326Z do so (now or later) by using -c with the switch command. Example:
2026-10-09T03:28:06.3326186Z 
2026-10-09T03:28:06.3326572Z   git switch -c <new-branch-name>
2026-10-09T03:28:06.3327162Z 
2026-10-09T03:28:06.3327536Z Or undo this operation with:
2026-10-09T03:28:06.3328074Z 
2026-10-09T03:28:06.3328400Z   git switch -
2026-10-09T03:28:06.3328836Z 
2026-10-09T03:28:06.3329546Z Turn off this advice by setting config variable advice.detachedHead to false
2026-10-09T03:28:06.3330570Z 
2026-10-09T03:28:06.3332527Z HEAD is now at 5429c75 Merge 72d0f3f4ad4f6b70a8ac6b0ed81121300aa54c1f into d5fbb39746f8f7900bee57506e8133e8675f48ed
2026-10-09T03:28:06.3336537Z ##[endgroup]
2026-10-09T03:28:06.3383119Z [command]/usr/bin/git log -1 --format=%H
2026-10-09T03:28:06.3417381Z 5429c75cce4eefb7454482c99441d23e1916b26d
2026-10-09T03:28:06.3910781Z ##[group]Run actions/setup-node@v4
2026-10-09T03:28:06.3912450Z with:
2026-10-09T03:28:06.3913377Z   node-version: 22.16.0
2026-10-09T03:28:06.3914423Z   cache: npm
2026-10-09T03:28:06.3915690Z   cache-dependency-path: jobs/G02-gin-rummy/package-lock.json
2026-10-09T03:28:06.3917294Z   always-auth: false
2026-10-09T03:28:06.3918314Z   check-latest: false
2026-10-09T03:28:06.3928624Z   token: ***
2026-10-09T03:28:06.3929571Z ##[endgroup]
2026-10-09T03:28:06.5328411Z Attempting to download 22.16.0...
2026-10-09T03:28:06.5437414Z (node:2274) [DEP0040] DeprecationWarning: The `punycode` module is deprecated. Please use a userland alternative instead.
2026-10-09T03:28:06.5440813Z (Use `node --trace-deprecation ...` to show where the warning was created)
2026-10-09T03:28:07.2569813Z Acquiring 22.16.0 - x64 from https://github.com/actions/node-versions/releases/download/22.16.0-15177438473/node-22.16.0-linux-x64.tar.gz
2026-10-09T03:28:07.7464964Z Extracting ...
2026-10-09T03:28:07.7596558Z [command]/usr/bin/tar xz --strip 1 --warning=no-unknown-keyword --overwrite -C /home/runner/work/_temp/ae80ea24-3427-4d0f-a5ce-0201f04dc93c -f /home/runner/work/_temp/556ef0a6-743d-48df-b2be-14e3581e3b09
2026-10-09T03:28:08.9283343Z Adding to the cache ...
2026-10-09T03:28:10.8603871Z ##[group]Environment details
2026-10-09T03:28:11.1097617Z node: v22.16.0
2026-10-09T03:28:11.1098601Z npm: 10.9.2
2026-10-09T03:28:11.1099093Z yarn: 1.22.22
2026-10-09T03:28:11.1099918Z ##[endgroup]
2026-10-09T03:28:11.1127314Z [command]/opt/hostedtoolcache/node/22.16.0/x64/bin/npm config get cache
2026-10-09T03:28:11.3675847Z /home/runner/.npm
2026-10-09T03:28:11.6086291Z Cache hit for: node-cache-Linux-x64-npm-d48b0073b1be2df746cbb2cab1dca64dc5674a863aed54a4ee7f428aad681317
2026-10-09T03:28:11.6248063Z (node:2274) [DEP0169] DeprecationWarning: `url.parse()` behavior is not standardized and prone to errors that have security implications. Use the WHATWG URL API instead. CVEs are not issued for `url.parse()` vulnerabilities.
2026-10-09T03:28:11.8427707Z Received 12676573 of 12676573 (100.0%), 69.5 MBs/sec
2026-10-09T03:28:11.8428654Z Cache Size: ~12 MB (12676573 B)
2026-10-09T03:28:11.8459144Z [command]/usr/bin/tar -xf /home/runner/work/_temp/b94f7e6d-64c9-4a51-9bb2-4f5c7a785168/cache.tzst -P -C /home/runner/work/partybox-game-cores/partybox-game-cores --use-compress-program unzstd
2026-10-09T03:28:11.8706805Z Cache restored successfully
2026-10-09T03:28:11.8717402Z Cache restored from key: node-cache-Linux-x64-npm-d48b0073b1be2df746cbb2cab1dca64dc5674a863aed54a4ee7f428aad681317
2026-10-09T03:28:11.8941720Z ##[group]Run npm ci --ignore-scripts --no-audit --no-fund
2026-10-09T03:28:11.8942262Z [36;1mnpm ci --ignore-scripts --no-audit --no-fund[0m
2026-10-09T03:28:11.9215943Z shell: /usr/bin/bash -e {0}
2026-10-09T03:28:11.9216307Z ##[endgroup]
2026-10-09T03:28:12.8995720Z 
2026-10-09T03:28:12.9006249Z added 6 packages in 918ms
2026-10-09T03:28:12.9487101Z ##[group]Run npx playwright install --with-deps chromium
2026-10-09T03:28:12.9487587Z [36;1mnpx playwright install --with-deps chromium[0m
2026-10-09T03:28:12.9554145Z shell: /usr/bin/bash -e {0}
2026-10-09T03:28:12.9554657Z ##[endgroup]
2026-10-09T03:28:13.7982402Z Installing dependencies...
2026-10-09T03:28:13.8044711Z Switching to root user to install dependencies...
2026-10-09T03:28:13.8837563Z Get:1 file:/etc/apt/apt-mirrors.txt Mirrorlist [144 B]
2026-10-09T03:28:13.9343544Z Hit:2 http://azure.archive.ubuntu.com/ubuntu noble InRelease
2026-10-09T03:28:13.9363715Z Get:3 http://azure.archive.ubuntu.com/ubuntu noble-updates InRelease [126 kB]
2026-10-09T03:28:13.9412075Z Get:4 http://azure.archive.ubuntu.com/ubuntu noble-backports InRelease [126 kB]
2026-10-09T03:28:13.9426890Z Get:5 http://azure.archive.ubuntu.com/ubuntu noble-security InRelease [126 kB]
2026-10-09T03:28:13.9911677Z Get:6 https://packages.microsoft.com/ubuntu/24.04/prod noble InRelease [3600 B]
2026-10-09T03:28:14.0627795Z Get:7 http://azure.archive.ubuntu.com/ubuntu noble-updates/main amd64 Packages [1375 kB]
2026-10-09T03:28:14.0785312Z Get:8 http://azure.archive.ubuntu.com/ubuntu noble-updates/main Translation-en [306 kB]
2026-10-09T03:28:14.0787117Z Get:9 http://azure.archive.ubuntu.com/ubuntu noble-updates/universe amd64 Packages [1702 kB]
2026-10-09T03:28:14.0885815Z Get:10 http://azure.archive.ubuntu.com/ubuntu noble-updates/universe Translation-en [342 kB]
2026-10-09T03:28:14.0912930Z Get:11 http://azure.archive.ubuntu.com/ubuntu noble-updates/restricted amd64 Packages [1761 kB]
2026-10-09T03:28:14.0982208Z Get:12 http://azure.archive.ubuntu.com/ubuntu noble-updates/restricted Translation-en [401 kB]
2026-10-09T03:28:14.0998826Z Get:13 http://azure.archive.ubuntu.com/ubuntu noble-updates/multiverse amd64 Packages [55.0 kB]
2026-10-09T03:28:14.1002285Z Get:14 http://azure.archive.ubuntu.com/ubuntu noble-updates/multiverse Translation-en [14.3 kB]
2026-10-09T03:28:14.1693265Z Get:15 http://azure.archive.ubuntu.com/ubuntu noble-security/main amd64 Packages [1118 kB]
2026-10-09T03:28:14.1749902Z Get:16 http://azure.archive.ubuntu.com/ubuntu noble-security/main Translation-en [228 kB]
2026-10-09T03:28:14.2184731Z Get:17 http://azure.archive.ubuntu.com/ubuntu noble-security/universe amd64 Packages [1220 kB]
2026-10-09T03:28:14.2245094Z Get:18 http://azure.archive.ubuntu.com/ubuntu noble-security/universe Translation-en [245 kB]
2026-10-09T03:28:14.2263032Z Get:19 http://azure.archive.ubuntu.com/ubuntu noble-security/restricted amd64 Packages [1667 kB]
2026-10-09T03:28:14.2343426Z Get:20 http://azure.archive.ubuntu.com/ubuntu noble-security/restricted Translation-en [383 kB]
2026-10-09T03:28:14.2382868Z Get:21 http://azure.archive.ubuntu.com/ubuntu noble-security/multiverse amd64 Packages [49.8 kB]
2026-10-09T03:28:14.2384887Z Get:22 http://azure.archive.ubuntu.com/ubuntu noble-security/multiverse Translation-en [12.4 kB]
2026-10-09T03:28:14.2427096Z Get:23 https://packages.microsoft.com/ubuntu/24.04/prod noble/main amd64 Packages [531 kB]
2026-10-09T03:28:14.3721696Z Get:24 https://packages.microsoft.com/ubuntu/24.04/prod noble/main armhf Packages [12.3 kB]
2026-10-09T03:28:14.3851669Z Get:25 https://packages.microsoft.com/ubuntu/24.04/prod noble/main arm64 Packages [475 kB]
2026-10-09T03:28:14.5243005Z Get:26 https://packages.microsoft.com/ubuntu/24.04/prod noble/main all Packages [640 B]
2026-10-09T03:28:17.4081934Z Fetched 12.3 MB in 1s (9805 kB/s)
2026-10-09T03:28:18.3153220Z Reading package lists...
2026-10-09T03:28:18.3387570Z Reading package lists...
2026-10-09T03:28:18.5346857Z Building dependency tree...
2026-10-09T03:28:18.5354398Z Reading state information...
2026-10-09T03:28:18.6897153Z libasound2t64 is already the newest version (1.2.11-1ubuntu0.3).
2026-10-09T03:28:18.6898374Z libasound2t64 set to manually installed.
2026-10-09T03:28:18.6899581Z libatk-bridge2.0-0t64 is already the newest version (2.52.0-1build1).
2026-10-09T03:28:18.6900796Z libatk-bridge2.0-0t64 set to manually installed.
2026-10-09T03:28:18.6902958Z libatk1.0-0t64 is already the newest version (2.52.0-1build1).
2026-10-09T03:28:18.6904053Z libatk1.0-0t64 set to manually installed.
2026-10-09T03:28:18.6905104Z libatspi2.0-0t64 is already the newest version (2.52.0-1build1).
2026-10-09T03:28:18.6906288Z libatspi2.0-0t64 set to manually installed.
2026-10-09T03:28:18.6907000Z libcairo2 is already the newest version (1.18.0-3build1).
2026-10-09T03:28:18.6907513Z libcairo2 set to manually installed.
2026-10-09T03:28:18.6908068Z libcups2t64 is already the newest version (2.4.7-1.2ubuntu7.14).
2026-10-09T03:28:18.6908655Z libcups2t64 set to manually installed.
2026-10-09T03:28:18.6909272Z libdbus-1-3 is already the newest version (1.14.10-4ubuntu4.1).
2026-10-09T03:28:18.6909801Z libdbus-1-3 set to manually installed.
2026-10-09T03:28:18.6910369Z libdrm2 is already the newest version (2.4.125-1ubuntu0.1~24.04.2).
2026-10-09T03:28:18.6910911Z libdrm2 set to manually installed.
2026-10-09T03:28:18.6911737Z libgbm1 is already the newest version (25.2.8-0ubuntu0.24.04.4).
2026-10-09T03:28:18.6912259Z libgbm1 set to manually installed.
2026-10-09T03:28:18.6912811Z libglib2.0-0t64 is already the newest version (2.80.0-6ubuntu3.9).
2026-10-09T03:28:18.6913375Z libglib2.0-0t64 set to manually installed.
2026-10-09T03:28:18.6914034Z libnspr4 is already the newest version (2:4.35-1.1build1).
2026-10-09T03:28:18.6914547Z libnspr4 set to manually installed.
2026-10-09T03:28:18.6915179Z libnss3 is already the newest version (2:3.98-1ubuntu0.2).
2026-10-09T03:28:18.6915665Z libnss3 set to manually installed.
2026-10-09T03:28:18.6916081Z libpango-1.0-0 is already the newest version (1.52.1+ds-1build1).
2026-10-09T03:28:18.6916500Z libpango-1.0-0 set to manually installed.
2026-10-09T03:28:18.6916948Z libx11-6 is already the newest version (2:1.8.7-1build1).
2026-10-09T03:28:18.6917322Z libx11-6 set to manually installed.
2026-10-09T03:28:18.6917691Z libxcb1 is already the newest version (1.15-1ubuntu2).
2026-10-09T03:28:18.6918188Z libxcb1 set to manually installed.
2026-10-09T03:28:18.6918604Z libxcomposite1 is already the newest version (1:0.4.5-1build3).
2026-10-09T03:28:18.6919023Z libxcomposite1 set to manually installed.
2026-10-09T03:28:18.6919444Z libxdamage1 is already the newest version (1:1.1.6-1build1).
2026-10-09T03:28:18.6919848Z libxdamage1 set to manually installed.
2026-10-09T03:28:18.6920242Z libxext6 is already the newest version (2:1.3.4-1build2).
2026-10-09T03:28:18.6920613Z libxext6 set to manually installed.
2026-10-09T03:28:18.6921142Z libxfixes3 is already the newest version (1:6.0.0-2build1).
2026-10-09T03:28:18.6921535Z libxfixes3 set to manually installed.
2026-10-09T03:28:18.6921940Z libxkbcommon0 is already the newest version (1.6.0-1build1).
2026-10-09T03:28:18.6922336Z libxkbcommon0 set to manually installed.
2026-10-09T03:28:18.6922738Z libxrandr2 is already the newest version (2:1.5.2-2build1).
2026-10-09T03:28:18.6923140Z libxrandr2 set to manually installed.
2026-10-09T03:28:18.6923543Z xvfb is already the newest version (2:21.1.12-1ubuntu1.8).
2026-10-09T03:28:18.6924079Z fonts-noto-color-emoji is already the newest version (2.047-0ubuntu0.24.04.1).
2026-10-09T03:28:18.6924638Z libfontconfig1 is already the newest version (2.15.0-1.1ubuntu2).
2026-10-09T03:28:18.6925079Z libfontconfig1 set to manually installed.
2026-10-09T03:28:18.6925488Z fonts-liberation is already the newest version (1:2.1.5-3).
2026-10-09T03:28:18.6925895Z fonts-liberation set to manually installed.
2026-10-09T03:28:18.6926294Z The following additional packages will be installed:
2026-10-09T03:28:18.6926650Z   xfonts-encodings xfonts-utils
2026-10-09T03:28:18.6926939Z Recommended packages:
2026-10-09T03:28:18.6927215Z   fonts-ipafont-mincho fonts-tlwg-loma
2026-10-09T03:28:18.7113506Z The following NEW packages will be installed:
2026-10-09T03:28:18.7114566Z   fonts-freefont-ttf fonts-ipafont-gothic fonts-tlwg-loma-otf fonts-unifont
2026-10-09T03:28:18.7121646Z   fonts-wqy-zenhei xfonts-cyrillic xfonts-encodings xfonts-scalable
2026-10-09T03:28:18.7123248Z   xfonts-utils
2026-10-09T03:28:18.7127574Z The following packages will be upgraded:
2026-10-09T03:28:18.7133662Z   libfreetype6
2026-10-09T03:28:18.7296220Z 1 upgraded, 9 newly installed, 0 to remove and 22 not upgraded.
2026-10-09T03:28:18.7297377Z Need to get 21.5 MB of archives.
2026-10-09T03:28:18.7298187Z After this operation, 79.5 MB of additional disk space will be used.
2026-10-09T03:28:18.7299085Z Get:1 file:/etc/apt/apt-mirrors.txt Mirrorlist [144 B]
2026-10-09T03:28:18.8308154Z Get:2 http://azure.archive.ubuntu.com/ubuntu noble/universe amd64 fonts-ipafont-gothic all 00303-21ubuntu1 [3513 kB]
2026-10-09T03:28:19.0049370Z Get:3 http://azure.archive.ubuntu.com/ubuntu noble/main amd64 fonts-freefont-ttf all 20211204+svn4273-2 [5641 kB]
2026-10-09T03:28:19.2363026Z Get:4 http://azure.archive.ubuntu.com/ubuntu noble/universe amd64 fonts-tlwg-loma-otf all 1:0.7.3-1 [107 kB]
2026-10-09T03:28:19.3200557Z Get:5 http://azure.archive.ubuntu.com/ubuntu noble/universe amd64 fonts-unifont all 1:15.1.01-1build1 [2993 kB]
2026-10-09T03:28:19.4780194Z Get:6 http://azure.archive.ubuntu.com/ubuntu noble/universe amd64 fonts-wqy-zenhei all 0.9.45-8 [7472 kB]
2026-10-09T03:28:19.7526069Z Get:7 http://azure.archive.ubuntu.com/ubuntu noble-updates/main amd64 libfreetype6 amd64 2.13.2+dfsg-1ubuntu0.2 [403 kB]
2026-10-09T03:28:19.8434473Z Get:8 http://azure.archive.ubuntu.com/ubuntu noble/main amd64 xfonts-encodings all 1:1.0.5-0ubuntu2 [578 kB]
2026-10-09T03:28:19.9389333Z Get:9 http://azure.archive.ubuntu.com/ubuntu noble/main amd64 xfonts-utils amd64 1:7.7+6build3 [94.4 kB]
2026-10-09T03:28:20.0219375Z Get:10 http://azure.archive.ubuntu.com/ubuntu noble/universe amd64 xfonts-cyrillic all 1:1.0.5+nmu1 [384 kB]
2026-10-09T03:28:20.1117551Z Get:11 http://azure.archive.ubuntu.com/ubuntu noble/main amd64 xfonts-scalable all 1:1.0.3-1.3 [304 kB]
2026-10-09T03:28:20.3653690Z Fetched 21.5 MB in 1s (15.4 MB/s)
2026-10-09T03:28:20.3915573Z Selecting previously unselected package fonts-ipafont-gothic.
2026-10-09T03:28:20.4191269Z (Reading database ... 
2026-10-09T03:28:20.4192032Z (Reading database ... 5%
2026-10-09T03:28:20.4193193Z (Reading database ... 10%
2026-10-09T03:28:20.4193908Z (Reading database ... 15%
2026-10-09T03:28:20.4194482Z (Reading database ... 20%
2026-10-09T03:28:20.4195084Z (Reading database ... 25%
2026-10-09T03:28:20.4195670Z (Reading database ... 30%
2026-10-09T03:28:20.4196227Z (Reading database ... 35%
2026-10-09T03:28:20.4196588Z (Reading database ... 40%
2026-10-09T03:28:20.4196944Z (Reading database ... 45%
2026-10-09T03:28:20.4197293Z (Reading database ... 50%
2026-10-09T03:28:20.4251055Z (Reading database ... 55%
2026-10-09T03:28:20.5448888Z (Reading database ... 60%
2026-10-09T03:28:20.7477383Z (Reading database ... 65%
2026-10-09T03:28:20.9567447Z (Reading database ... 70%
2026-10-09T03:28:21.1399057Z (Reading database ... 75%
2026-10-09T03:28:21.2977689Z (Reading database ... 80%
2026-10-09T03:28:21.4203425Z (Reading database ... 85%
2026-10-09T03:28:21.5544985Z (Reading database ... 90%
2026-10-09T03:28:21.8982611Z (Reading database ... 95%
2026-10-09T03:28:21.8983288Z (Reading database ... 100%
2026-10-09T03:28:21.8984016Z (Reading database ... 203191 files and directories currently installed.)
2026-10-09T03:28:21.9026631Z Preparing to unpack .../0-fonts-ipafont-gothic_00303-21ubuntu1_all.deb ...
2026-10-09T03:28:21.9292444Z Unpacking fonts-ipafont-gothic (00303-21ubuntu1) ...
2026-10-09T03:28:22.1519523Z Selecting previously unselected package fonts-freefont-ttf.
2026-10-09T03:28:22.1643675Z Preparing to unpack .../1-fonts-freefont-ttf_20211204+svn4273-2_all.deb ...
2026-10-09T03:28:22.1649824Z Unpacking fonts-freefont-ttf (20211204+svn4273-2) ...
2026-10-09T03:28:22.2435131Z Selecting previously unselected package fonts-tlwg-loma-otf.
2026-10-09T03:28:22.2563701Z Preparing to unpack .../2-fonts-tlwg-loma-otf_1%3a0.7.3-1_all.deb ...
2026-10-09T03:28:22.2569884Z Unpacking fonts-tlwg-loma-otf (1:0.7.3-1) ...
2026-10-09T03:28:22.2770913Z Selecting previously unselected package fonts-unifont.
2026-10-09T03:28:22.2895114Z Preparing to unpack .../3-fonts-unifont_1%3a15.1.01-1build1_all.deb ...
2026-10-09T03:28:22.2901514Z Unpacking fonts-unifont (1:15.1.01-1build1) ...
2026-10-09T03:28:22.4027325Z Selecting previously unselected package fonts-wqy-zenhei.
2026-10-09T03:28:22.4153221Z Preparing to unpack .../4-fonts-wqy-zenhei_0.9.45-8_all.deb ...
2026-10-09T03:28:22.4251779Z Unpacking fonts-wqy-zenhei (0.9.45-8) ...
2026-10-09T03:28:22.9057901Z Preparing to unpack .../5-libfreetype6_2.13.2+dfsg-1ubuntu0.2_amd64.deb ...
2026-10-09T03:28:22.9090676Z Unpacking libfreetype6:amd64 (2.13.2+dfsg-1ubuntu0.2) over (2.13.2+dfsg-1ubuntu0.1) ...
2026-10-09T03:28:22.9327319Z Selecting previously unselected package xfonts-encodings.
2026-10-09T03:28:22.9452053Z Preparing to unpack .../6-xfonts-encodings_1%3a1.0.5-0ubuntu2_all.deb ...
2026-10-09T03:28:22.9458679Z Unpacking xfonts-encodings (1:1.0.5-0ubuntu2) ...
2026-10-09T03:28:22.9741343Z Selecting previously unselected package xfonts-utils.
2026-10-09T03:28:22.9925298Z Preparing to unpack .../7-xfonts-utils_1%3a7.7+6build3_amd64.deb ...
2026-10-09T03:28:22.9938581Z Unpacking xfonts-utils (1:7.7+6build3) ...
2026-10-09T03:28:23.0496986Z Selecting previously unselected package xfonts-cyrillic.
2026-10-09T03:28:23.0695739Z Preparing to unpack .../8-xfonts-cyrillic_1%3a1.0.5+nmu1_all.deb ...
2026-10-09T03:28:23.0714371Z Unpacking xfonts-cyrillic (1:1.0.5+nmu1) ...
2026-10-09T03:28:23.1135346Z Selecting previously unselected package xfonts-scalable.
2026-10-09T03:28:23.1259082Z Preparing to unpack .../9-xfonts-scalable_1%3a1.0.3-1.3_all.deb ...
2026-10-09T03:28:23.1267878Z Unpacking xfonts-scalable (1:1.0.3-1.3) ...
2026-10-09T03:28:23.1686373Z Setting up fonts-wqy-zenhei (0.9.45-8) ...
2026-10-09T03:28:23.1800600Z Setting up fonts-freefont-ttf (20211204+svn4273-2) ...
2026-10-09T03:28:23.1817778Z Setting up fonts-tlwg-loma-otf (1:0.7.3-1) ...
2026-10-09T03:28:23.1833554Z Setting up libfreetype6:amd64 (2.13.2+dfsg-1ubuntu0.2) ...
2026-10-09T03:28:23.1852446Z Setting up xfonts-encodings (1:1.0.5-0ubuntu2) ...
2026-10-09T03:28:23.1871169Z Setting up fonts-ipafont-gothic (00303-21ubuntu1) ...
2026-10-09T03:28:23.1935302Z update-alternatives: using /usr/share/fonts/opentype/ipafont-gothic/ipag.ttf to provide /usr/share/fonts/truetype/fonts-japanese-gothic.ttf (fonts-japanese-gothic.ttf) in auto mode
2026-10-09T03:28:23.1949919Z Setting up fonts-unifont (1:15.1.01-1build1) ...
2026-10-09T03:28:23.1968239Z Setting up xfonts-utils (1:7.7+6build3) ...
2026-10-09T03:28:23.2009652Z Setting up xfonts-cyrillic (1:1.0.5+nmu1) ...
2026-10-09T03:28:23.2285458Z Setting up xfonts-scalable (1:1.0.3-1.3) ...
2026-10-09T03:28:23.2546963Z Processing triggers for libc-bin (2.39-0ubuntu8.9) ...
2026-10-09T03:28:23.2857120Z Processing triggers for man-db (2.12.0-4build2) ...
2026-10-09T03:28:23.2878105Z Not building database; man-db/auto-update is not 'true'.
2026-10-09T03:28:23.2888402Z Processing triggers for fontconfig (2.15.0-1.1ubuntu2) ...
2026-10-09T03:28:24.0304670Z 
2026-10-09T03:28:24.0305436Z Running kernel seems to be up-to-date.
2026-10-09T03:28:24.0305746Z 
2026-10-09T03:28:24.0305900Z Restarting services...
2026-10-09T03:28:24.0377271Z  systemctl restart php8.3-fpm.service
2026-10-09T03:28:24.1482955Z 
2026-10-09T03:28:24.1484391Z No containers need to be restarted.
2026-10-09T03:28:24.1485029Z 
2026-10-09T03:28:24.1485953Z No user sessions are running outdated binaries.
2026-10-09T03:28:24.1486509Z 
2026-10-09T03:28:24.1487001Z No VM guests are running outdated hypervisor (qemu) binaries on this host.
2026-10-09T03:28:24.9809662Z Downloading Chromium 141.0.7390.37 (playwright build v1194) from https://cdn.playwright.dev/dbazure/download/playwright/builds/chromium/1194/chromium-linux.zip
2026-10-09T03:28:25.1972304Z |                                                                                |   0% of 173.9 MiB
2026-10-09T03:28:25.3314429Z |■■■■■■■■                                                                        |  10% of 173.9 MiB
2026-10-09T03:28:25.4114324Z |■■■■■■■■■■■■■■■■                                                                |  20% of 173.9 MiB
2026-10-09T03:28:25.4907424Z |■■■■■■■■■■■■■■■■■■■■■■■■                                                        |  30% of 173.9 MiB
2026-10-09T03:28:25.5672410Z |■■■■■■■■■■■■■■■■■■■■■■■■■■■■■■■■                                                |  40% of 173.9 MiB
2026-10-09T03:28:25.6337355Z |■■■■■■■■■■■■■■■■■■■■■■■■■■■■■■■■■■■■■■■■                                        |  50% of 173.9 MiB
2026-10-09T03:28:25.7218449Z |■■■■■■■■■■■■■■■■■■■■■■■■■■■■■■■■■■■■■■■■■■■■■■■■                                |  60% of 173.9 MiB
2026-10-09T03:28:25.7912239Z |■■■■■■■■■■■■■■■■■■■■■■■■■■■■■■■■■■■■■■■■■■■■■■■■■■■■■■■■                        |  70% of 173.9 MiB
2026-10-09T03:28:25.8743091Z |■■■■■■■■■■■■■■■■■■■■■■■■■■■■■■■■■■■■■■■■■■■■■■■■■■■■■■■■■■■■■■■■                |  80% of 173.9 MiB
2026-10-09T03:28:25.9717534Z |■■■■■■■■■■■■■■■■■■■■■■■■■■■■■■■■■■■■■■■■■■■■■■■■■■■■■■■■■■■■■■■■■■■■■■■■        |  90% of 173.9 MiB
2026-10-09T03:28:26.0494422Z |■■■■■■■■■■■■■■■■■■■■■■■■■■■■■■■■■■■■■■■■■■■■■■■■■■■■■■■■■■■■■■■■■■■■■■■■■■■■■■■■| 100% of 173.9 MiB
2026-10-09T03:28:29.6289558Z Chromium 141.0.7390.37 (playwright build v1194) downloaded to /home/runner/.cache/ms-playwright/chromium-1194
2026-10-09T03:28:29.6292813Z Downloading FFMPEG playwright build v1011 from https://cdn.playwright.dev/dbazure/download/playwright/builds/ffmpeg/1011/ffmpeg-linux.zip
2026-10-09T03:28:30.2522326Z |                                                                                |   0% of 2.3 MiB
2026-10-09T03:28:30.2569019Z |■■■■■■■■                                                                        |  10% of 2.3 MiB
2026-10-09T03:28:30.2606581Z |■■■■■■■■■■■■■■■■                                                                |  20% of 2.3 MiB
2026-10-09T03:28:30.2637117Z |■■■■■■■■■■■■■■■■■■■■■■■■                                                        |  30% of 2.3 MiB
2026-10-09T03:28:30.2663737Z |■■■■■■■■■■■■■■■■■■■■■■■■■■■■■■■■                                                |  40% of 2.3 MiB
2026-10-09T03:28:30.2678271Z |■■■■■■■■■■■■■■■■■■■■■■■■■■■■■■■■■■■■■■■■                                        |  50% of 2.3 MiB
2026-10-09T03:28:30.2694589Z |■■■■■■■■■■■■■■■■■■■■■■■■■■■■■■■■■■■■■■■■■■■■■■■■                                |  60% of 2.3 MiB
2026-10-09T03:28:30.2715403Z |■■■■■■■■■■■■■■■■■■■■■■■■■■■■■■■■■■■■■■■■■■■■■■■■■■■■■■■■                        |  70% of 2.3 MiB
2026-10-09T03:28:30.2728345Z |■■■■■■■■■■■■■■■■■■■■■■■■■■■■■■■■■■■■■■■■■■■■■■■■■■■■■■■■■■■■■■■■                |  80% of 2.3 MiB
2026-10-09T03:28:30.2743504Z |■■■■■■■■■■■■■■■■■■■■■■■■■■■■■■■■■■■■■■■■■■■■■■■■■■■■■■■■■■■■■■■■■■■■■■■■        |  90% of 2.3 MiB
2026-10-09T03:28:30.2774997Z |■■■■■■■■■■■■■■■■■■■■■■■■■■■■■■■■■■■■■■■■■■■■■■■■■■■■■■■■■■■■■■■■■■■■■■■■■■■■■■■■| 100% of 2.3 MiB
2026-10-09T03:28:30.3299240Z FFMPEG playwright build v1011 downloaded to /home/runner/.cache/ms-playwright/ffmpeg-1011
2026-10-09T03:28:30.3304327Z Downloading Chromium Headless Shell 141.0.7390.37 (playwright build v1194) from https://cdn.playwright.dev/dbazure/download/playwright/builds/chromium/1194/chromium-headless-shell-linux.zip
2026-10-09T03:28:30.4777913Z |                                                                                |   0% of 104.3 MiB
2026-10-09T03:28:30.5578683Z |■■■■■■■■                                                                        |  10% of 104.3 MiB
2026-10-09T03:28:30.6343054Z |■■■■■■■■■■■■■■■■                                                                |  20% of 104.3 MiB
2026-10-09T03:28:30.6891170Z |■■■■■■■■■■■■■■■■■■■■■■■■                                                        |  30% of 104.3 MiB
2026-10-09T03:28:30.7425348Z |■■■■■■■■■■■■■■■■■■■■■■■■■■■■■■■■                                                |  40% of 104.3 MiB
2026-10-09T03:28:30.7879152Z |■■■■■■■■■■■■■■■■■■■■■■■■■■■■■■■■■■■■■■■■                                        |  50% of 104.3 MiB
2026-10-09T03:28:30.8288526Z |■■■■■■■■■■■■■■■■■■■■■■■■■■■■■■■■■■■■■■■■■■■■■■■■                                |  60% of 104.3 MiB
2026-10-09T03:28:30.9016103Z |■■■■■■■■■■■■■■■■■■■■■■■■■■■■■■■■■■■■■■■■■■■■■■■■■■■■■■■■                        |  70% of 104.3 MiB
2026-10-09T03:28:30.9591420Z |■■■■■■■■■■■■■■■■■■■■■■■■■■■■■■■■■■■■■■■■■■■■■■■■■■■■■■■■■■■■■■■■                |  80% of 104.3 MiB
2026-10-09T03:28:31.0158305Z |■■■■■■■■■■■■■■■■■■■■■■■■■■■■■■■■■■■■■■■■■■■■■■■■■■■■■■■■■■■■■■■■■■■■■■■■        |  90% of 104.3 MiB
2026-10-09T03:28:31.0508757Z |■■■■■■■■■■■■■■■■■■■■■■■■■■■■■■■■■■■■■■■■■■■■■■■■■■■■■■■■■■■■■■■■■■■■■■■■■■■■■■■■| 100% of 104.3 MiB
2026-10-09T03:28:33.0919177Z Chromium Headless Shell 141.0.7390.37 (playwright build v1194) downloaded to /home/runner/.cache/ms-playwright/chromium_headless_shell-1194
2026-10-09T03:28:33.1964529Z ##[group]Run npm test
2026-10-09T03:28:33.1964962Z [36;1mnpm test[0m
2026-10-09T03:28:33.2047815Z shell: /usr/bin/bash -e {0}
2026-10-09T03:28:33.2048236Z ##[endgroup]
2026-10-09T03:28:33.3049838Z 
2026-10-09T03:28:33.3050257Z > partybox-g02-gin-rummy@1.2.1 test
2026-10-09T03:28:33.3052649Z > npm run build && node --test tests/*.test.mjs && node scripts/league.mjs && node scripts/mutations.mjs && node scripts/browser-check.mjs && node scripts/capture.mjs ci-current --public-history --ci-output && node scripts/integrity.mjs
2026-10-09T03:28:33.3054194Z 
2026-10-09T03:28:33.4069476Z 
2026-10-09T03:28:33.4070105Z > partybox-g02-gin-rummy@1.2.1 build
2026-10-09T03:28:33.4070787Z > tsc --noEmit && node scripts/build.mjs
2026-10-09T03:28:33.4071372Z 
2026-10-09T03:28:35.7513546Z TAP version 13
2026-10-09T03:28:35.9078880Z # {"suite":"all-phases","phases":6,"cases":408}
2026-10-09T03:28:35.9139306Z # Subtest: every event family, roster id and bot skill in every delivered phase
2026-10-09T03:28:35.9146051Z ok 1 - every event family, roster id and bot skill in every delivered phase
2026-10-09T03:28:35.9147112Z   ---
2026-10-09T03:28:35.9147763Z   duration_ms: 43.117951
2026-10-09T03:28:35.9148446Z   type: 'test'
2026-10-09T03:28:35.9149042Z   ...
2026-10-09T03:28:35.9150150Z # Subtest: registered prototype-looking ids remain valid players and finite result keys
2026-10-09T03:28:35.9152080Z ok 2 - registered prototype-looking ids remain valid players and finite result keys
2026-10-09T03:28:35.9153192Z   ---
2026-10-09T03:28:35.9153804Z   duration_ms: 2.378436
2026-10-09T03:28:35.9154880Z   type: 'test'
2026-10-09T03:28:35.9155479Z   ...
2026-10-09T03:28:39.9982309Z # {"suite":"batch-discard-proof","hands":1000,"outcomes":10500,"exactLayouts":true}
2026-10-09T03:28:40.0019060Z # Subtest: 10500 batch outcomes retain exact standalone layouts and independent minima
2026-10-09T03:28:40.0024935Z ok 3 - 10500 batch outcomes retain exact standalone layouts and independent minima
2026-10-09T03:28:40.0026090Z   ---
2026-10-09T03:28:40.0026689Z   duration_ms: 4126.704103
2026-10-09T03:28:40.0061603Z   type: 'test'
2026-10-09T03:28:40.0084468Z   ...
2026-10-09T03:28:49.2186059Z # {"suite":"boundary-fuzz","seed":912701,"invalidInputs":1000,"phases":6,"rejectedInputs":6000,"metadataChecks":282,"viewChecks":66}
2026-10-09T03:28:49.2203022Z # Subtest: 1000 seeded invalid JSON inputs and malformed event/identity metadata in every phase
2026-10-09T03:28:49.2213748Z ok 4 - 1000 seeded invalid JSON inputs and malformed event/identity metadata in every phase
2026-10-09T03:28:49.2233369Z   ---
2026-10-09T03:28:49.2242071Z   duration_ms: 77.526729
2026-10-09T03:28:49.2242695Z   type: 'test'
2026-10-09T03:28:49.2243229Z   ...
2026-10-09T03:28:49.2245010Z # {"suite":"mixed-event-replay","phaseStarts":6,"seedsPerPhase":100,"transitions":48000,"changed":12742,"eventFamilies":["input","player","speech","speechStart","timer","vip"]}
2026-10-09T03:28:49.2247262Z # Subtest: mixed event families replay through JSON after every transition from every phase
2026-10-09T03:28:49.2248913Z ok 5 - mixed event families replay through JSON after every transition from every phase
2026-10-09T03:28:49.2249967Z   ---
2026-10-09T03:28:49.2250535Z   duration_ms: 13271.927312
2026-10-09T03:28:49.2251385Z   type: 'test'
2026-10-09T03:28:49.2251951Z   ...
2026-10-09T03:28:49.2412799Z # Subtest: branching target ends retain exact minima, legal chains, layouts and all cards
2026-10-09T03:28:49.2415011Z ok 6 - branching target ends retain exact minima, legal chains, layouts and all cards
2026-10-09T03:28:49.2439691Z   ---
2026-10-09T03:28:49.2481913Z   duration_ms: 47.900812
2026-10-09T03:28:49.2491815Z   type: 'test'
2026-10-09T03:28:49.2492472Z   ...
2026-10-09T03:28:49.2493549Z # Subtest: current source-bound raw proof passes without discarding its largest interval
2026-10-09T03:28:49.2495057Z ok 7 - current source-bound raw proof passes without discarding its largest interval
2026-10-09T03:28:49.2496019Z   ---
2026-10-09T03:28:49.2497081Z   duration_ms: 4.088913
2026-10-09T03:28:49.2497752Z   type: 'test'
2026-10-09T03:28:49.2498286Z   ...
2026-10-09T03:28:49.2499303Z # Subtest: a refreshed inventory cannot accept stale browser or recording source hashes
2026-10-09T03:28:49.2500760Z ok 8 - a refreshed inventory cannot accept stale browser or recording source hashes
2026-10-09T03:28:49.2501939Z   ---
2026-10-09T03:28:49.2502472Z   duration_ms: 16.319626
2026-10-09T03:28:49.2503074Z   type: 'test'
2026-10-09T03:28:49.2503600Z   ...
2026-10-09T03:28:49.2504409Z # Subtest: changed end guards and failed snapshots are rejected
2026-10-09T03:28:49.2505542Z ok 9 - changed end guards and failed snapshots are rejected
2026-10-09T03:28:49.2506306Z   ---
2026-10-09T03:28:49.2506883Z   duration_ms: 12.458783
2026-10-09T03:28:49.2507491Z   type: 'test'
2026-10-09T03:28:49.2508011Z   ...
2026-10-09T03:28:49.2509053Z # Subtest: missing, altered and invalid raw intervals cannot be hidden by good summary fields
2026-10-09T03:28:49.2510617Z ok 10 - missing, altered and invalid raw intervals cannot be hidden by good summary fields
2026-10-09T03:28:49.2511881Z   ---
2026-10-09T03:28:49.2512413Z   duration_ms: 13.604223
2026-10-09T03:28:49.2513018Z   type: 'test'
2026-10-09T03:28:49.2513551Z   ...
2026-10-09T03:28:49.2514462Z # Subtest: reported statistics are recomputed from all retained intervals
2026-10-09T03:28:49.2515712Z ok 11 - reported statistics are recomputed from all retained intervals
2026-10-09T03:28:49.2516592Z   ---
2026-10-09T03:28:49.2517138Z   duration_ms: 17.944231
2026-10-09T03:28:49.2517740Z   type: 'test'
2026-10-09T03:28:49.2518276Z   ...
2026-10-09T03:28:49.2519584Z # Subtest: an honestly recomputed slow raw sample still fails the original frame gate
2026-10-09T03:28:49.2521217Z ok 12 - an honestly recomputed slow raw sample still fails the original frame gate
2026-10-09T03:28:49.2522174Z   ---
2026-10-09T03:28:49.2522705Z   duration_ms: 4.310311
2026-10-09T03:28:49.2523288Z   type: 'test'
2026-10-09T03:28:49.2523808Z   ...
2026-10-09T03:28:49.2524808Z # Subtest: profile dimensions, CPU rates and encoder separation must remain truthful
2026-10-09T03:28:49.2526201Z ok 13 - profile dimensions, CPU rates and encoder separation must remain truthful
2026-10-09T03:28:49.2527129Z   ---
2026-10-09T03:28:49.2527653Z   duration_ms: 9.800959
2026-10-09T03:28:49.2528263Z   type: 'test'
2026-10-09T03:28:49.2528798Z   ...
2026-10-09T03:28:49.2529686Z # Subtest: changed, oversized and falsely labeled recordings are rejected
2026-10-09T03:28:49.2530926Z ok 14 - changed, oversized and falsely labeled recordings are rejected
2026-10-09T03:28:49.2531991Z   ---
2026-10-09T03:28:49.2532668Z   duration_ms: 25.141788
2026-10-09T03:28:49.2533394Z   type: 'test'
2026-10-09T03:28:49.2533941Z   ...
2026-10-09T03:28:49.2535091Z # Subtest: actual capture CLI refuses invalid tags and existing media/report before any browser launch
2026-10-09T03:28:49.2536776Z ok 15 - actual capture CLI refuses invalid tags and existing media/report before any browser launch
2026-10-09T03:28:49.2537830Z   ---
2026-10-09T03:28:49.2538360Z   duration_ms: 726.270422
2026-10-09T03:28:49.2538955Z   type: 'test'
2026-10-09T03:28:49.2539478Z   ...
2026-10-09T03:28:49.2540596Z # Subtest: meld validation rejects impossible card IDs while preserving legitimate edge runs/sets
2026-10-09T03:28:49.2542376Z ok 16 - meld validation rejects impossible card IDs while preserving legitimate edge runs/sets
2026-10-09T03:28:49.2543600Z   ---
2026-10-09T03:28:49.2544133Z   duration_ms: 1.11844
2026-10-09T03:28:49.2544710Z   type: 'test'
2026-10-09T03:28:49.2545233Z   ...
2026-10-09T03:29:08.7095312Z # {"suite":"bot-contract","variant":"standard","players":2,"games":1000,"replays":1000,"totalEvents":261181,"maxEvents":612,"replayChecks":261181,"comparison":"every-event SHA256 and bytes; JSON-roundtrip replay"}
2026-10-09T03:29:38.8254039Z # {"suite":"bot-contract","variant":"standard","players":3,"games":1000,"replays":1000,"totalEvents":286246,"maxEvents":775,"replayChecks":286246,"comparison":"every-event SHA256 and bytes; JSON-roundtrip replay"}
2026-10-09T03:30:15.8052700Z # {"suite":"bot-contract","variant":"standard","players":4,"games":1000,"replays":1000,"totalEvents":343987,"maxEvents":825,"replayChecks":343987,"comparison":"every-event SHA256 and bytes; JSON-roundtrip replay"}
2026-10-09T03:30:43.1858670Z # {"suite":"bot-contract","variant":"oklahoma","players":2,"games":1000,"replays":1000,"totalEvents":258472,"maxEvents":755,"replayChecks":258472,"comparison":"every-event SHA256 and bytes; JSON-roundtrip replay"}
2026-10-09T03:31:12.5246446Z # {"suite":"bot-contract","variant":"oklahoma","players":3,"games":1000,"replays":1000,"totalEvents":269750,"maxEvents":812,"replayChecks":269750,"comparison":"every-event SHA256 and bytes; JSON-roundtrip replay"}
2026-10-09T03:31:47.8493840Z # {"suite":"bot-contract","variant":"oklahoma","players":4,"games":1000,"replays":1000,"totalEvents":317252,"maxEvents":929,"replayChecks":317252,"comparison":"every-event SHA256 and bytes; JSON-roundtrip replay"}
2026-10-09T03:32:00.3877352Z # {"suite":"properties","seeds":1003,"events":420546}
2026-10-09T03:32:03.7389573Z # {"suite":"secrecy","comparisons":7925}
2026-10-09T03:32:03.7638746Z # Subtest: 1000 finished seeded bot games at EACH valid count/edition, hash replay after EVERY event
2026-10-09T03:32:03.7640321Z ok 17 - 1000 finished seeded bot games at EACH valid count/edition, hash replay after EVERY event
2026-10-09T03:32:03.7641427Z   ---
2026-10-09T03:32:03.7644274Z   duration_ms: 190575.537077
2026-10-09T03:32:03.7644756Z   type: 'test'
2026-10-09T03:32:03.7645135Z   ...
2026-10-09T03:32:03.7646871Z # Subtest: property seeds 1,2,3 plus 1000 random seeds: adversarial event sequences and immutability
2026-10-09T03:32:03.7657757Z ok 18 - property seeds 1,2,3 plus 1000 random seeds: adversarial event sequences and immutability
2026-10-09T03:32:03.7658261Z   ---
2026-10-09T03:32:03.7658476Z   duration_ms: 12537.245729
2026-10-09T03:32:03.7658752Z   type: 'test'
2026-10-09T03:32:03.7658955Z   ...
2026-10-09T03:32:03.7659479Z # Subtest: hidden-card/order perturbations never change TV, another controller or bot decisions
2026-10-09T03:32:03.7660214Z ok 19 - hidden-card/order perturbations never change TV, another controller or bot decisions
2026-10-09T03:32:03.7660650Z   ---
2026-10-09T03:32:03.7660853Z   duration_ms: 3351.175147
2026-10-09T03:32:03.7661375Z   type: 'test'
2026-10-09T03:32:03.7661580Z   ...
2026-10-09T03:32:03.7662032Z # Subtest: idle/no-clock matches remain until explicit end, every phase can exit via VIP
2026-10-09T03:32:03.7662690Z ok 20 - idle/no-clock matches remain until explicit end, every phase can exit via VIP
2026-10-09T03:32:03.7663102Z   ---
2026-10-09T03:32:03.7663291Z   duration_ms: 21.83344
2026-10-09T03:32:03.7663515Z   type: 'test'
2026-10-09T03:32:03.7663708Z   ...
2026-10-09T03:32:03.7862129Z # {"suite":"departures","initialCases":1000,"completeMatches":120,"events":17184,"maxAutomatedTransitions":75}
2026-10-09T03:32:03.7872495Z # Subtest: departures in every live phase finish the absent turn without exposing its hand
2026-10-09T03:32:03.7883036Z ok 21 - departures in every live phase finish the absent turn without exposing its hand
2026-10-09T03:32:03.7884212Z   ---
2026-10-09T03:32:03.7884857Z   duration_ms: 15.93818
2026-10-09T03:32:03.7885437Z   type: 'test'
2026-10-09T03:32:03.7885960Z   ...
2026-10-09T03:32:03.7887065Z # Subtest: 1000 departure/drop cases and 120 full matches never leave an absent seat blocking play
2026-10-09T03:32:03.7888674Z ok 22 - 1000 departure/drop cases and 120 full matches never leave an absent seat blocking play
2026-10-09T03:32:03.7889786Z   ---
2026-10-09T03:32:03.7890428Z   duration_ms: 4846.59102
2026-10-09T03:32:03.7891355Z   type: 'test'
2026-10-09T03:32:03.7891965Z   ...
2026-10-09T03:32:03.7893195Z # Subtest: empty rooms pause, reconnect resumes only an automatic pause, and permanent leaves cannot rejoin
2026-10-09T03:32:03.7895005Z ok 23 - empty rooms pause, reconnect resumes only an automatic pause, and permanent leaves cannot rejoin
2026-10-09T03:32:03.7896137Z   ---
2026-10-09T03:32:03.7897234Z   duration_ms: 1.015751
2026-10-09T03:32:03.7897901Z   type: 'test'
2026-10-09T03:32:03.7898407Z   ...
2026-10-09T03:32:03.7899535Z # Subtest: departures during VIP pause drain only on resume; malformed control events do nothing
2026-10-09T03:32:03.7901341Z ok 24 - departures during VIP pause drain only on resume; malformed control events do nothing
2026-10-09T03:32:03.7902407Z   ---
2026-10-09T03:32:03.7902956Z   duration_ms: 0.500887
2026-10-09T03:32:03.7903569Z   type: 'test'
2026-10-09T03:32:03.7904139Z   ...
2026-10-09T03:32:03.7905356Z # {"suite":"deadwood-proof","hands":10000,"tenCard":5000,"elevenCard":5000,"seed":20261008,"checksum":584788}
2026-10-09T03:32:03.7906927Z # Subtest: independent exhaustive meld-subset packing proves 10000 exact minima
2026-10-09T03:32:03.7908336Z ok 25 - independent exhaustive meld-subset packing proves 10000 exact minima
2026-10-09T03:32:03.7909249Z   ---
2026-10-09T03:32:03.7909784Z   duration_ms: 5903.214368
2026-10-09T03:32:03.7910396Z   type: 'test'
2026-10-09T03:32:03.7910910Z   ...
2026-10-09T03:32:03.7912439Z # Subtest: actual Big Gin reducer keeps eleven cards, rejects disabled/incomplete claims and prevents layoffs
2026-10-09T03:32:03.7914376Z ok 26 - actual Big Gin reducer keeps eleven cards, rejects disabled/incomplete claims and prevents layoffs
2026-10-09T03:32:03.7915558Z   ---
2026-10-09T03:32:03.7916132Z   duration_ms: 11.321474
2026-10-09T03:32:03.7916785Z   type: 'test'
2026-10-09T03:32:03.7917383Z   ...
2026-10-09T03:32:03.7918592Z # Subtest: actual Gin/normal knock phases, custom layout rejection, match completion and Oklahoma boxes
2026-10-09T03:32:03.7920716Z ok 27 - actual Gin/normal knock phases, custom layout rejection, match completion and Oklahoma boxes
2026-10-09T03:32:03.7922185Z   ---
2026-10-09T03:32:03.7922798Z   duration_ms: 6.581204
2026-10-09T03:32:03.7923460Z   type: 'test'
2026-10-09T03:32:03.7924040Z   ...
2026-10-09T03:32:03.7925255Z # Subtest: winner-stays queue for every rotation size, drawn hand retains seats, each dealer setting
2026-10-09T03:32:03.7926977Z ok 28 - winner-stays queue for every rotation size, drawn hand retains seats, each dealer setting
2026-10-09T03:32:03.7928022Z   ---
2026-10-09T03:32:03.7928564Z   duration_ms: 3.082928
2026-10-09T03:32:03.7929154Z   type: 'test'
2026-10-09T03:32:03.7929661Z   ...
2026-10-09T03:32:03.7932251Z # {"frameWindow":"READY","profile":"desktop","sourceSha256":"aaaaaaaaaaaaaaaaaaaaaaaaaaaaaaaaaaaaaaaaaaaaaaaaaaaaaaaaaaaaaaaa","attemptNonce":"6957bb3d-7385-42ff-9110-28c6722699af","utc":"2026-10-09T03:28:49.474Z"}
2026-10-09T03:32:03.7936926Z # {"frameWindow":"CLOSED","profile":"desktop","sourceSha256":"aaaaaaaaaaaaaaaaaaaaaaaaaaaaaaaaaaaaaaaaaaaaaaaaaaaaaaaaaaaaaaaa","attemptNonce":"6957bb3d-7385-42ff-9110-28c6722699af","coordination":"root-granted","readyUtc":"2026-10-09T03:28:49.474Z","grantUtc":"2026-10-09T03:28:50.583Z","status":"closed","utc":"2026-10-09T03:28:50.583Z"}
2026-10-09T03:32:03.7941831Z # {"frameWindow":"READY","profile":"desktop","sourceSha256":"aaaaaaaaaaaaaaaaaaaaaaaaaaaaaaaaaaaaaaaaaaaaaaaaaaaaaaaaaaaaaaaa","attemptNonce":"9d170e68-bfaa-4ad3-9d38-5694e0372c38","utc":"2026-10-09T03:28:50.584Z"}
2026-10-09T03:32:03.7946678Z # {"frameWindow":"CLOSED","profile":"desktop","sourceSha256":"aaaaaaaaaaaaaaaaaaaaaaaaaaaaaaaaaaaaaaaaaaaaaaaaaaaaaaaaaaaaaaaa","attemptNonce":"9d170e68-bfaa-4ad3-9d38-5694e0372c38","coordination":"root-granted","readyUtc":"2026-10-09T03:28:50.584Z","grantUtc":"2026-10-09T03:28:50.785Z","status":"closed","utc":"2026-10-09T03:28:50.785Z"}
2026-10-09T03:32:03.7949826Z # {"actualGrantCorruptionControls":10,"sequentialAttempts":2}
2026-10-09T03:32:03.7952678Z # {"frameWindow":"READY","profile":"desktop","sourceSha256":"aaaaaaaaaaaaaaaaaaaaaaaaaaaaaaaaaaaaaaaaaaaaaaaaaaaaaaaaaaaaaaaa","attemptNonce":"40ab0cda-8fbc-4977-94a2-07d398553025","utc":"2026-10-09T03:28:50.788Z"}
2026-10-09T03:32:03.7955340Z # Subtest: actual temporary grants reject stale nonce/source/profile and malformed or extra fields
2026-10-09T03:32:03.7957460Z ok 29 - actual temporary grants reject stale nonce/source/profile and malformed or extra fields
2026-10-09T03:32:03.7958768Z   ---
2026-10-09T03:32:03.7959394Z   duration_ms: 1315.391011
2026-10-09T03:32:03.7959879Z   type: 'test'
2026-10-09T03:32:03.7960245Z   ...
2026-10-09T03:32:03.7963684Z # {"frameWindow":"CLOSED","profile":"desktop","sourceSha256":"aaaaaaaaaaaaaaaaaaaaaaaaaaaaaaaaaaaaaaaaaaaaaaaaaaaaaaaaaaaaaaaa","attemptNonce":"40ab0cda-8fbc-4977-94a2-07d398553025","coordination":"root-granted","readyUtc":"2026-10-09T03:28:50.788Z","grantUtc":null,"status":"failed","reason":"matching grant timed out","utc":"2026-10-09T03:28:50.889Z"}
2026-10-09T03:32:03.7967158Z # Subtest: actual missing grant fails and writes CLOSED; no configured barrier returns an explicit uncoordinated identity
2026-10-09T03:32:03.7968831Z ok 30 - actual missing grant fails and writes CLOSED; no configured barrier returns an explicit uncoordinated identity
2026-10-09T03:32:03.7969846Z   ---
2026-10-09T03:32:03.7970250Z   duration_ms: 103.082617
2026-10-09T03:32:03.7970700Z   type: 'test'
2026-10-09T03:32:03.7971318Z   ...
2026-10-09T03:32:03.7972679Z # {"suite":"initial-presence-exhaustive","cases":336,"connectionMasks":"all","counts":[2,3,4],"variants":["standard","oklahoma"],"clocks":[0,10]}
2026-10-09T03:32:03.7973961Z # {"suite":"initial-presence-seeded","cases":1000}
2026-10-09T03:32:03.7975051Z # Subtest: known initial presence is handled before either player needs to send an event
2026-10-09T03:32:03.7976337Z ok 31 - known initial presence is handled before either player needs to send an event
2026-10-09T03:32:03.7977123Z   ---
2026-10-09T03:32:03.7977755Z   duration_ms: 329.083318
2026-10-09T03:32:03.7978223Z   type: 'test'
2026-10-09T03:32:03.7978548Z   ...
2026-10-09T03:32:03.7979709Z # Subtest: 1000 seeded initial presence patterns are playable or paused without a duplicate drop event
2026-10-09T03:32:03.7981484Z ok 32 - 1000 seeded initial presence patterns are playable or paused without a duplicate drop event
2026-10-09T03:32:03.7982422Z   ---
2026-10-09T03:32:03.7982762Z   duration_ms: 475.899726
2026-10-09T03:32:03.7983217Z   type: 'test'
2026-10-09T03:32:03.7983549Z   ...
2026-10-09T03:32:03.7984790Z # {"suite":"connected-initialization-byte-equivalence","cases":6000,"baselineHead":"d5fbb39746f8f7900bee57506e8133e8675f48ed"}
2026-10-09T03:32:03.7986378Z # Subtest: all-connected opening states retain the exact 6000 pre-repair JSON states
2026-10-09T03:32:03.7987602Z ok 33 - all-connected opening states retain the exact 6000 pre-repair JSON states
2026-10-09T03:32:03.7988148Z   ---
2026-10-09T03:32:03.7988470Z   duration_ms: 175.438286
2026-10-09T03:32:03.7988904Z   type: 'test'
2026-10-09T03:32:03.7989253Z   ...
2026-10-09T03:32:03.7990045Z # {"suite":"joint-layoff-proof","hands":2000,"twoTarget":1000,"threeTarget":1000,"seed":816777,"checksum":102460,"actualLaidCards":1534}
2026-10-09T03:32:03.7990907Z # Subtest: 2000 independent joint meld/layoff weighted packings including chained extensions
2026-10-09T03:32:03.7991929Z ok 34 - 2000 independent joint meld/layoff weighted packings including chained extensions
2026-10-09T03:32:03.7992354Z   ---
2026-10-09T03:32:03.7992550Z   duration_ms: 5464.474434
2026-10-09T03:32:03.7992786Z   type: 'test'
2026-10-09T03:32:03.7992975Z   ...
2026-10-09T03:32:03.7993433Z # {"suite":"opening-pass-attribution","directPassCases":360,"editions":2,"counts":[2,3,4]}
2026-10-09T03:32:03.7994092Z # {"suite":"pass-valid-ids","cases":240,"ids":["","__proto__","constructor","last"]}
2026-10-09T03:32:03.7994678Z # {"suite":"automatic-pass-attribution","routes":["timer","vip","player"]}
2026-10-09T03:32:03.7995339Z # Subtest: both opening passes identify their actual actors across counts, editions and seeds
2026-10-09T03:32:03.7996035Z ok 35 - both opening passes identify their actual actors across counts, editions and seeds
2026-10-09T03:32:03.7996448Z   ---
2026-10-09T03:32:03.7996641Z   duration_ms: 133.08641
2026-10-09T03:32:03.7996889Z   type: 'test'
2026-10-09T03:32:03.7997079Z   ...
2026-10-09T03:32:03.7997711Z # Subtest: empty and prototype-shaped original IDs retain pass attribution as own keys
2026-10-09T03:32:03.7998383Z ok 36 - empty and prototype-shaped original IDs retain pass attribution as own keys
2026-10-09T03:32:03.7998783Z   ---
2026-10-09T03:32:03.7998976Z   duration_ms: 61.708815
2026-10-09T03:32:03.7999198Z   type: 'test'
2026-10-09T03:32:03.7999391Z   ...
2026-10-09T03:32:03.7999844Z # Subtest: timer, VIP skip and absent-seat automation identify the automatic passer
2026-10-09T03:32:03.8000455Z ok 37 - timer, VIP skip and absent-seat automation identify the automatic passer
2026-10-09T03:32:03.8000839Z   ---
2026-10-09T03:32:03.8001299Z   duration_ms: 2.443702
2026-10-09T03:32:03.8001530Z   type: 'test'
2026-10-09T03:32:03.8001719Z   ...
2026-10-09T03:32:03.8002185Z # Subtest: first raw target winner keeps the crown even when final box settlement reverses points
2026-10-09T03:32:03.8002933Z ok 38 - first raw target winner keeps the crown even when final box settlement reverses points
2026-10-09T03:32:03.8003385Z   ---
2026-10-09T03:32:03.8003573Z   duration_ms: 8.182288
2026-10-09T03:32:03.8003794Z   type: 'test'
2026-10-09T03:32:03.8003979Z   ...
2026-10-09T03:32:03.8004418Z # Subtest: every valid string ID, including empty, wins, earns bonuses and stays in rotation
2026-10-09T03:32:03.8005091Z ok 39 - every valid string ID, including empty, wins, earns bonuses and stays in rotation
2026-10-09T03:32:03.8005491Z   ---
2026-10-09T03:32:03.8005678Z   duration_ms: 12.627976
2026-10-09T03:32:03.8005920Z   type: 'test'
2026-10-09T03:32:03.8006115Z   ...
2026-10-09T03:32:03.8006578Z # Subtest: malformed identity metadata cannot coerce a registered ID, throw or reveal a hand
2026-10-09T03:32:03.8007424Z ok 40 - malformed identity metadata cannot coerce a registered ID, throw or reveal a hand
2026-10-09T03:32:03.8007846Z   ---
2026-10-09T03:32:03.8008037Z   duration_ms: 2.176963
2026-10-09T03:32:03.8008258Z   type: 'test'
2026-10-09T03:32:03.8008454Z   ...
2026-10-09T03:32:03.8008857Z # Subtest: early end preserves earned raw points and reports current standings
2026-10-09T03:32:03.8009457Z ok 41 - early end preserves earned raw points and reports current standings
2026-10-09T03:32:03.8009829Z   ---
2026-10-09T03:32:03.8010013Z   duration_ms: 0.750223
2026-10-09T03:32:03.8010227Z   type: 'test'
2026-10-09T03:32:03.8010418Z   ...
2026-10-09T03:32:03.8010706Z # Subtest: aces low, set cardinality, runs and overlap
2026-10-09T03:32:03.8011325Z ok 42 - aces low, set cardinality, runs and overlap
2026-10-09T03:32:03.8011615Z   ---
2026-10-09T03:32:03.8011808Z   duration_ms: 2.74162
2026-10-09T03:32:03.8012022Z   type: 'test'
2026-10-09T03:32:03.8012208Z   ...
2026-10-09T03:32:03.8012668Z # Subtest: joint meld/layoff optimizer finds chains and forbids gin/deadwood/four-card layoffs
2026-10-09T03:32:03.8013369Z ok 43 - joint meld/layoff optimizer finds chains and forbids gin/deadwood/four-card layoffs
2026-10-09T03:32:03.8013784Z   ---
2026-10-09T03:32:03.8013974Z   duration_ms: 2.774831
2026-10-09T03:32:03.8014192Z   type: 'test'
2026-10-09T03:32:03.8014378Z   ...
2026-10-09T03:32:03.8014743Z # Subtest: every score formula, tie undercut and spade whole-hand doubling
2026-10-09T03:32:03.8015290Z ok 44 - every score formula, tie undercut and spade whole-hand doubling
2026-10-09T03:32:03.8015637Z   ---
2026-10-09T03:32:03.8015819Z   duration_ms: 2.610674
2026-10-09T03:32:03.8016034Z   type: 'test'
2026-10-09T03:32:03.8016221Z   ...
2026-10-09T03:32:03.8016683Z # Subtest: opening offers, forced stock, exact immediate-return restriction, stock draw boundary
2026-10-09T03:32:03.8017406Z ok 45 - opening offers, forced stock, exact immediate-return restriction, stock draw boundary
2026-10-09T03:32:03.8017836Z   ---
2026-10-09T03:32:03.8018023Z   duration_ms: 17.286521
2026-10-09T03:32:03.8018247Z   type: 'test'
2026-10-09T03:32:03.8018429Z   ...
2026-10-09T03:32:03.8018832Z # Subtest: Oklahoma limits / ace / spade configurations from all 52 initial upcards
2026-10-09T03:32:03.8019568Z ok 46 - Oklahoma limits / ace / spade configurations from all 52 initial upcards
2026-10-09T03:32:03.8019956Z   ---
2026-10-09T03:32:03.8020140Z   duration_ms: 29.122855
2026-10-09T03:32:03.8020358Z   type: 'test'
2026-10-09T03:32:03.8020547Z   ...
2026-10-09T03:32:03.8021284Z # Subtest: pause, resume, stale/early timer, spectators, malformed input, late leaver, explicit end
2026-10-09T03:32:03.8022046Z ok 47 - pause, resume, stale/early timer, spectators, malformed input, late leaver, explicit end
2026-10-09T03:32:03.8022485Z   ---
2026-10-09T03:32:03.8022678Z   duration_ms: 1.772065
2026-10-09T03:32:03.8022896Z   type: 'test'
2026-10-09T03:32:03.8023101Z   ...
2026-10-09T03:32:03.8023567Z # Subtest: all required roster settings, default sanitization, exact phase fixtures and manifest
2026-10-09T03:32:03.8024282Z ok 48 - all required roster settings, default sanitization, exact phase fixtures and manifest
2026-10-09T03:32:03.8024710Z   ---
2026-10-09T03:32:03.8024897Z   duration_ms: 100.630358
2026-10-09T03:32:03.8025122Z   type: 'test'
2026-10-09T03:32:03.8025312Z   ...
2026-10-09T03:32:03.8025667Z # {"syntheticGuardCorruptionsRejected":175,"guardedSources":35}
2026-10-09T03:32:03.8026373Z # Subtest: synthetic positive control covers full identities, native timestamps, all hand witnesses and clips
2026-10-09T03:32:03.8027207Z ok 49 - synthetic positive control covers full identities, native timestamps, all hand witnesses and clips
2026-10-09T03:32:03.8027683Z   ---
2026-10-09T03:32:03.8028022Z   duration_ms: 7.352695
2026-10-09T03:32:03.8028238Z   type: 'test'
2026-10-09T03:32:03.8028429Z   ...
2026-10-09T03:32:03.8028903Z # Subtest: every guarded source and each start/end inventory entry rejects a stale hash or omission
2026-10-09T03:32:03.8029779Z ok 50 - every guarded source and each start/end inventory entry rejects a stale hash or omission
2026-10-09T03:32:03.8030213Z   ---
2026-10-09T03:32:03.8030396Z   duration_ms: 124.828681
2026-10-09T03:32:03.8030614Z   type: 'test'
2026-10-09T03:32:03.8030798Z   ...
2026-10-09T03:32:03.8031794Z # Subtest: wrong attempt/profile/page/transport/throttle, filtered samples and fake native clocks fail
2026-10-09T03:32:03.8032834Z ok 51 - wrong attempt/profile/page/transport/throttle, filtered samples and fake native clocks fail
2026-10-09T03:32:03.8033291Z   ---
2026-10-09T03:32:03.8033484Z   duration_ms: 18.642237
2026-10-09T03:32:03.8033706Z   type: 'test'
2026-10-09T03:32:03.8033894Z   ...
2026-10-09T03:32:03.8034403Z # Subtest: missing/invalid timestamp, raw interval or active-frame witness fails despite good summaries
2026-10-09T03:32:03.8035165Z ok 52 - missing/invalid timestamp, raw interval or active-frame witness fails despite good summaries
2026-10-09T03:32:03.8035616Z   ---
2026-10-09T03:32:03.8035806Z   duration_ms: 12.349735
2026-10-09T03:32:03.8036023Z   type: 'test'
2026-10-09T03:32:03.8036208Z   ...
2026-10-09T03:32:03.8036685Z # Subtest: all statistics are recomputed and an honestly reported long interval fails the fixed gate
2026-10-09T03:32:03.8037418Z ok 53 - all statistics are recomputed and an honestly reported long interval fails the fixed gate
2026-10-09T03:32:03.8037850Z   ---
2026-10-09T03:32:03.8038033Z   duration_ms: 8.186566
2026-10-09T03:32:03.8038252Z   type: 'test'
2026-10-09T03:32:03.8038436Z   ...
2026-10-09T03:32:03.8038918Z # Subtest: failed runs, mislabeled clips, altered bytes, outsize media and network/errors are rejected
2026-10-09T03:32:03.8039662Z ok 54 - failed runs, mislabeled clips, altered bytes, outsize media and network/errors are rejected
2026-10-09T03:32:03.8040105Z   ---
2026-10-09T03:32:03.8040287Z   duration_ms: 20.920891
2026-10-09T03:32:03.8040508Z   type: 'test'
2026-10-09T03:32:03.8040697Z   ...
2026-10-09T03:32:03.8041302Z # Subtest: same-timestamp turns cannot share timer instance identity
2026-10-09T03:32:03.8041827Z ok 55 - same-timestamp turns cannot share timer instance identity
2026-10-09T03:32:03.8042157Z   ---
2026-10-09T03:32:03.8042346Z   duration_ms: 8.377774
2026-10-09T03:32:03.8042556Z   type: 'test'
2026-10-09T03:32:03.8042746Z   ...
2026-10-09T03:32:03.8043078Z 1..55
2026-10-09T03:32:03.8043271Z # tests 55
2026-10-09T03:32:03.8043460Z # suites 0
2026-10-09T03:32:03.8043639Z # pass 55
2026-10-09T03:32:03.8043817Z # fail 0
2026-10-09T03:32:03.8044001Z # cancelled 0
2026-10-09T03:32:03.8044197Z # skipped 0
2026-10-09T03:32:03.8044377Z # todo 0
2026-10-09T03:32:03.8044578Z # duration_ms 208065.027121
2026-10-09T03:32:23.8531900Z {"stronger":"sharp","weaker":"normal","games":2000,"wins":1152,"losses":848,"ties":0,"winRate":0.576,"wilsonLower":0.5542157372425242,"events":527438,"pairedSeeds":true}
2026-10-09T03:32:42.4160280Z {"stronger":"normal","weaker":"easy","games":2000,"wins":1743,"losses":257,"ties":0,"winRate":0.8715,"wilsonLower":0.8561180625080238,"events":490034,"pairedSeeds":true}
2026-10-09T03:32:43.0877354Z M01 caught wrong rank
2026-10-09T03:32:43.3839400Z M02 caught wrong suit
2026-10-09T03:32:43.6897887Z M03 caught wrong face value
2026-10-09T03:32:44.0099056Z M04 caught reject three-card meld
2026-10-09T03:32:44.3495212Z M05 caught reject four-card set
2026-10-09T03:32:44.6765256Z M06 caught off-by-one run
2026-10-09T03:32:44.9924874Z M07 caught omit three-card candidate runs
2026-10-09T03:32:45.3163355Z M08 caught omit three-of-kind candidates
2026-10-09T03:32:45.6289377Z M09 caught maximize instead of minimize
2026-10-09T03:32:45.9525662Z M10 caught invert Gin layoff prohibition
2026-10-09T03:32:46.2743410Z M11 caught omit layoffs
2026-10-09T03:32:46.5877207Z M12 caught allow discard after two opening passes
2026-10-09T03:32:46.8963639Z M13 caught allow opening stock draw
2026-10-09T03:32:47.2159608Z M14 caught allow immediate returned upcard
2026-10-09T03:32:47.5325715Z M15 caught continue past two stock cards
2026-10-09T03:32:47.8527767Z M16 caught deny tie undercut
2026-10-09T03:32:48.1717114Z M17 caught subtract opponent Gin deadwood
2026-10-09T03:32:48.4922011Z M18 caught Big Gin wrong bonus
2026-10-09T03:32:48.8049258Z M19 caught reverse undercut difference
2026-10-09T03:32:49.1303889Z M20 caught wrong knock difference
2026-10-09T03:32:49.4450152Z M21 caught ignore double Big Gin
2026-10-09T03:32:49.7547378Z M22 caught Oklahoma ace wrong limit
2026-10-09T03:32:50.0732812Z M23 caught double hearts instead of spades
2026-10-09T03:32:50.3943195Z M24 caught accept stale timer
2026-10-09T03:32:50.7202356Z M25 caught resume omits pause duration
2026-10-09T03:32:51.0584356Z M26 caught attribute opening Pass to next player
2026-10-09T03:32:51.4586523Z {"kind":"full browser proof","started":"2026-10-09T03:32:51.456Z","pid":4034,"sourceStart":{"play.html":"df0dcd628e146a875194042a4909a4bdcb8a3ad482a95d6b442eea548c5f8375","src/core.ts":"3a275679866d4822d8f41cf450e0f4883756ba9498ad026feb5395d8618ffc9b","src/cards.ts":"e309e103393bc1aaaf10b34e3994de815dd693d1828a61566723b8fba573fdb9","src/browser.ts":"56fb3b450aa29e9dda800a69b187d66d5446e056bf2b89b349a9bef1479131e4","src/play.template.html":"1b5188f105cfd9766f3f19c0a6f3cfa1b522cbd676ec5fde0dbfa1566a09f8c7","../../contract/contract.ts":"c0f999c153074769c99c67ab2a71ad66c879e45e834713f3367b2bde4a1873d5","../../contract/constants.ts":"27cdd23112ea03f344457e6f6e6b5839ff536ebeadbba189751520353aa085ef","../../contract/rng.ts":"7cfcf3024723607e8dd1ce6ccc5683a48d71fcc617947304cc5b9f6d3d7842fe","../../contract/minigame-schema.ts":"2438655eeb8ca658543b475070e6fb3ccb3947f154f57caa3f619c87853c9bbb","../../contract/player-count-schema.ts":"0748d9d9bcf795d0693c37a0f369b262fd8801dec9ab1e4a9a4f5ec23751a189","dist/core.mjs":"3e19e5ef083eab3761a95b2d51edc26991ec6c5041545f3892b30787dee98705","dist/cards.mjs":"1b8d994514e2de1464f361bddac143b99dfa328037152a89a476bcb1ce5f6c77","dist/contract.mjs":"0d477737fffa3503f35a19d174fce2f29de33bef1769ee5bba2c327ac592101a","scripts/browser-check.mjs":"536587be20208be80ec3bc081be7ff5a23ceeac9bc83ab3a67095084bbbd87dc","scripts/clock-check.mjs":"beba34324460280157fbdffd947f02731437e067fbb6ac816a7e49d2c4e6da19","scripts/meld-check.mjs":"d514a510f1972bdfa0b60d5148c1d42a82efeb4b21f3b799c4e0794054b4b7e4","scripts/results-check.mjs":"c478d1b3f32b71c94f2d5307f2c3b3e1e044edd84833d28e7ffc165f13bd310f","scripts/name-check.mjs":"3802ec077deee82176a892bcb51df0bb268c7ab765851d636faa5ab2228f531f","scripts/host-check.mjs":"e47e9a53aad166af54d78ea28e44ec5defff3e56d69139863113f5c132425b50","scripts/public-history-check.mjs":"5c887f46d5240f1434f173bbd495c560869441b074447d52f4a49878a66a0859","tests/browser-fixture.mjs":"f499940919128006bc90c4cb08eb766677c1bff3ea4dccf02645863a3bc50621","tests/helpers.mjs":"402515edb7b2a6af9548da2a2f1a7fa8f6b220b425da9664bd8c4a3e8b552b2e","scripts/browser-source-guard.mjs":"e5d9304a91ef04963133fe6bbae2c62189da28e917562da5a7cdb856596a1622","scripts/frame-coordination.mjs":"f1d34bfd418b5446a14c2ee3b3ba297eac18ed126d4ee261dffab57224399656","scripts/strict-browser-proof.mjs":"fae9a75d472307307c6eb4781c77f32845ebdade6f4104d859957ce62c1d43d9","scripts/browser-proof.mjs":"3ce834d0a764a4aefc93d0eaf7171f805d4ea5428563bcd976728f65222a8489","scripts/capture.mjs":"72077090f49f70e74c05ee925560a760f1f52b671ccb72d63570d609b9f80985","scripts/build.mjs":"3580cac9f713c9e4c3bfe8a83ec6bef33a64cd30be2c5d27c028b29a6a06fe8e","scripts/integrity.mjs":"7104c27be54110cac7b2d336e594ce0681a578fcb301a863540084619a7e42bb","scripts/check-evidence-links.mjs":"03484934e141e8e0b08e8928bf6f89f48a15f0cfe95b24e94273eebfb1a62842","package.json":"8855d609e12ca7990d525b64c285513acde1420fc6368ccca3a937979253a91b","package-lock.json":"bb2357fee1276cb24714d62a0a02d478e465806f5ec8978034da5594d6fa765a","tsconfig.json":"624efd829d3631cf6a6cc8d7b345e93bb47e713f05162b0ff511ef6cfc0a6ac3","manifest.json":"d079699772d442cda13bf8a41672e7de59d8a62966e07d0c87b8b8e991d84dbb","../../.github/workflows/G02.yml":"06586d983db44bceb41d6316cfbb065decfade0c89b33eb8a9a6eff96ff571b4"}}
2026-10-09T03:33:02.3484633Z {"frameWindow":"CLOSED","profile":"desktop","sourceSha256":"df0dcd628e146a875194042a4909a4bdcb8a3ad482a95d6b442eea548c5f8375","attemptNonce":"ab90f426-28d5-4375-bc51-be22f96a54a2","coordination":"uncoordinated","readyUtc":null,"grantUtc":null,"status":"samples-written","rawIntervals":600,"utc":"2026-10-09T03:33:02.347Z"}
2026-10-09T03:33:02.5536429Z {"label":"desktop","fps":60.00240009600384,"meanMs":16.666,"p99Ms":16.800000000000182,"maxMs":16.80000000000109,"networkRequests":0,"pageErrors":0}
2026-10-09T03:33:13.5594101Z {"frameWindow":"CLOSED","profile":"phone4x","sourceSha256":"df0dcd628e146a875194042a4909a4bdcb8a3ad482a95d6b442eea548c5f8375","attemptNonce":"d0f45f1f-7be9-435d-8544-1e8a0508a5e1","coordination":"uncoordinated","readyUtc":null,"grantUtc":null,"status":"samples-written","rawIntervals":600,"utc":"2026-10-09T03:33:13.558Z"}
2026-10-09T03:33:13.8358840Z {"label":"phone4x","fps":60.00240009600384,"meanMs":16.666,"p99Ms":16.800000000000182,"maxMs":16.80000000000109,"networkRequests":0,"pageErrors":0}
2026-10-09T03:33:14.0894794Z {"kind":"synthetic delayed-host-callback and pause regression","elapsedMs":20000,"configuredTurnMs":10000,"firstExpiredCallbackCount":1,"actionsBefore":0,"actionsAfter":1,"deadlineAdvancedOnElapsedTime":true,"visibleCountdown":true,"pausePreservesRemainingTime":true,"entropyCalls":1,"controlledTestSeed":7199}
2026-10-09T03:33:16.3649216Z {"customMeldRegression":[{"label":"desktop","cpuThrottle":1,"namedCardControls":10,"privateDraftCleared":true,"invalidGroupsPreventKnock":true,"closedControlsRestoreAutomaticKnock":true,"revealShowsDeclaredLayout":true,"defenderResolvedDeadwood":0,"undercutPoints":11,"pageErrors":0,"networkRequests":0,"fixture":"initial state only; production reducer, solver and renderer"},{"label":"phone4x","cpuThrottle":4,"namedCardControls":10,"privateDraftCleared":true,"invalidGroupsPreventKnock":true,"closedControlsRestoreAutomaticKnock":true,"revealShowsDeclaredLayout":true,"defenderResolvedDeadwood":0,"undercutPoints":11,"pageErrors":0,"networkRequests":0,"fixture":"initial state only; production reducer, solver and renderer"}]}
2026-10-09T03:33:17.2947580Z {"resultsRegression":[{"label":"desktop","cpuThrottle":1,"targetWinner":"p0","displayedWinner":"Target winner","finalPoints":{"p0":388,"p1":499},"explanationVisible":true,"pageErrors":0,"fixture":"initial state only; production reducer and renderer"},{"label":"phone4x","cpuThrottle":4,"targetWinner":"p0","displayedWinner":"Target winner","finalPoints":{"p0":388,"p1":499},"explanationVisible":true,"pageErrors":0,"fixture":"initial state only; production reducer and renderer"}]}
2026-10-09T03:33:17.8725448Z {"payload":"<svg onload=alert(1)>","renderedAsText":true,"insertedMarkupNodes":0,"dialogs":0,"pageErrors":0,"networkRequests":0,"cpuThrottle":4}
2026-10-09T03:33:20.0317421Z {"runId":"2026-10-09T03-32-51-456Z","passed":true,"sourceUnchanged":true,"extraHostChecks":5,"rows":[{"label":"desktop","fps":60.00240009600384,"p99Ms":16.800000000000182,"maxMs":16.80000000000109,"frameGatePassed":true},{"label":"phone4x","fps":60.00240009600384,"p99Ms":16.800000000000182,"maxMs":16.80000000000109,"frameGatePassed":true}]}
2026-10-09T03:33:20.3620599Z {"kind":"functional recordings","started":"2026-10-09T03:33:20.359Z","pid":4250,"sourceStart":{"play.html":"df0dcd628e146a875194042a4909a4bdcb8a3ad482a95d6b442eea548c5f8375","src/core.ts":"3a275679866d4822d8f41cf450e0f4883756ba9498ad026feb5395d8618ffc9b","src/cards.ts":"e309e103393bc1aaaf10b34e3994de815dd693d1828a61566723b8fba573fdb9","src/browser.ts":"56fb3b450aa29e9dda800a69b187d66d5446e056bf2b89b349a9bef1479131e4","src/play.template.html":"1b5188f105cfd9766f3f19c0a6f3cfa1b522cbd676ec5fde0dbfa1566a09f8c7","../../contract/contract.ts":"c0f999c153074769c99c67ab2a71ad66c879e45e834713f3367b2bde4a1873d5","../../contract/constants.ts":"27cdd23112ea03f344457e6f6e6b5839ff536ebeadbba189751520353aa085ef","../../contract/rng.ts":"7cfcf3024723607e8dd1ce6ccc5683a48d71fcc617947304cc5b9f6d3d7842fe","../../contract/minigame-schema.ts":"2438655eeb8ca658543b475070e6fb3ccb3947f154f57caa3f619c87853c9bbb","../../contract/player-count-schema.ts":"0748d9d9bcf795d0693c37a0f369b262fd8801dec9ab1e4a9a4f5ec23751a189","dist/core.mjs":"3e19e5ef083eab3761a95b2d51edc26991ec6c5041545f3892b30787dee98705","dist/cards.mjs":"1b8d994514e2de1464f361bddac143b99dfa328037152a89a476bcb1ce5f6c77","dist/contract.mjs":"0d477737fffa3503f35a19d174fce2f29de33bef1769ee5bba2c327ac592101a","scripts/browser-check.mjs":"536587be20208be80ec3bc081be7ff5a23ceeac9bc83ab3a67095084bbbd87dc","scripts/clock-check.mjs":"beba34324460280157fbdffd947f02731437e067fbb6ac816a7e49d2c4e6da19","scripts/meld-check.mjs":"d514a510f1972bdfa0b60d5148c1d42a82efeb4b21f3b799c4e0794054b4b7e4","scripts/results-check.mjs":"c478d1b3f32b71c94f2d5307f2c3b3e1e044edd84833d28e7ffc165f13bd310f","scripts/name-check.mjs":"3802ec077deee82176a892bcb51df0bb268c7ab765851d636faa5ab2228f531f","scripts/host-check.mjs":"e47e9a53aad166af54d78ea28e44ec5defff3e56d69139863113f5c132425b50","scripts/public-history-check.mjs":"5c887f46d5240f1434f173bbd495c560869441b074447d52f4a49878a66a0859","tests/browser-fixture.mjs":"f499940919128006bc90c4cb08eb766677c1bff3ea4dccf02645863a3bc50621","tests/helpers.mjs":"402515edb7b2a6af9548da2a2f1a7fa8f6b220b425da9664bd8c4a3e8b552b2e","scripts/browser-source-guard.mjs":"e5d9304a91ef04963133fe6bbae2c62189da28e917562da5a7cdb856596a1622","scripts/frame-coordination.mjs":"f1d34bfd418b5446a14c2ee3b3ba297eac18ed126d4ee261dffab57224399656","scripts/strict-browser-proof.mjs":"fae9a75d472307307c6eb4781c77f32845ebdade6f4104d859957ce62c1d43d9","scripts/browser-proof.mjs":"3ce834d0a764a4aefc93d0eaf7171f805d4ea5428563bcd976728f65222a8489","scripts/capture.mjs":"72077090f49f70e74c05ee925560a760f1f52b671ccb72d63570d609b9f80985","scripts/build.mjs":"3580cac9f713c9e4c3bfe8a83ec6bef33a64cd30be2c5d27c028b29a6a06fe8e","scripts/integrity.mjs":"7104c27be54110cac7b2d336e594ce0681a578fcb301a863540084619a7e42bb","scripts/check-evidence-links.mjs":"03484934e141e8e0b08e8928bf6f89f48a15f0cfe95b24e94273eebfb1a62842","package.json":"8855d609e12ca7990d525b64c285513acde1420fc6368ccca3a937979253a91b","package-lock.json":"bb2357fee1276cb24714d62a0a02d478e465806f5ec8978034da5594d6fa765a","tsconfig.json":"624efd829d3631cf6a6cc8d7b345e93bb47e713f05162b0ff511ef6cfc0a6ac3","manifest.json":"d079699772d442cda13bf8a41672e7de59d8a62966e07d0c87b8b8e991d84dbb","../../.github/workflows/G02.yml":"06586d983db44bceb41d6316cfbb065decfade0c89b33eb8a9a6eff96ff571b4"}}
2026-10-09T03:33:34.1107572Z {"path":".work/browser/ci-current-2026-10-09t03-33-20-341z-desktop.webm","bytes":714618,"sha256":"2aa4bc6f768103cd8bea57125d8d970809f8e51b3df2761a88fbbc9c7bacb75b","cpuThrottle":1,"viewport":{"width":1920,"height":1080},"performanceMeasurement":false,"newMatchPrivateDomCleared":true,"actualElapsedTimeoutCoveredHand":true,"publicPassHistoryShown":true,"passActors":["Player 1: pass","Player 2: pass"],"networkRequests":0,"pageErrors":0}
2026-10-09T03:33:48.0806979Z {"path":".work/browser/ci-current-2026-10-09t03-33-20-341z-phone4x.webm","bytes":650930,"sha256":"d17e80b813ba9dcb4f6a53edfc0587f78d673b8dad2fb47c060ce78f017c28ef","cpuThrottle":4,"viewport":{"width":390,"height":844},"performanceMeasurement":false,"newMatchPrivateDomCleared":true,"actualElapsedTimeoutCoveredHand":true,"publicPassHistoryShown":true,"passActors":["Player 1: pass","Player 2: pass"],"networkRequests":0,"pageErrors":0}
2026-10-09T03:33:48.2878557Z {"suite":"committed-browser-proof","sourceMatched":true,"profiles":2,"rawIntervals":1200,"unfiltered":true,"recordingsMatched":2}
2026-10-09T03:33:48.2916284Z {"suite":"evidence-links","localLinks":32,"allLocalFilesExist":true,"externalLinks":2,"externalLinksFetched":false}
2026-10-09T03:33:48.6532022Z {"suite":"integrity","fileHashes":414,"regenerationRuns":2,"byteIdentical":true,"coreNoIo":true,"mediaUnder10MB":true}
2026-10-09T03:33:48.6667416Z {"suite":"strict-current-browser-proof","guardedSources":35,"profiles":2,"rawIntervals":1200,"nativeTimestamps":1202,"activeHandWitnesses":1208,"unfiltered":true,"recordingsMatched":2}
2026-10-09T03:33:48.6827632Z ##[group]Run actions/upload-artifact@v4
2026-10-09T03:33:48.6827956Z with:
2026-10-09T03:33:48.6828163Z   name: G02-browser-evidence
2026-10-09T03:33:48.6830005Z   path: jobs/G02-gin-rummy/.work/browser/*-frames.json
jobs/G02-gin-rummy/.work/browser/report.json
jobs/G02-gin-rummy/.work/browser/captures.json
jobs/G02-gin-rummy/.work/browser/ci-current-*.webm
jobs/G02-gin-rummy/.work/clock-after.json
jobs/G02-gin-rummy/.work/custom-meld-after.json
jobs/G02-gin-rummy/.work/results-after.json
jobs/G02-gin-rummy/.work/name-check.json
jobs/G02-gin-rummy/media/strict-reverify-1900-*.webm
jobs/G02-gin-rummy/evidence/resume-20261008/strict-reverify-1900-captures.json

2026-10-09T03:33:48.6832142Z   include-hidden-files: true
2026-10-09T03:33:48.6832410Z   if-no-files-found: warn
2026-10-09T03:33:48.6832644Z   compression-level: 6
2026-10-09T03:33:48.6832858Z   overwrite: false
2026-10-09T03:33:48.6833062Z ##[endgroup]
2026-10-09T03:33:48.8619546Z (node:4381) [DEP0040] DeprecationWarning: The `punycode` module is deprecated. Please use a userland alternative instead.
2026-10-09T03:33:48.8621374Z (Use `node --trace-deprecation ...` to show where the warning was created)
2026-10-09T03:33:48.8859206Z Multiple search paths detected. Calculating the least common ancestor of all paths
2026-10-09T03:33:48.8864622Z The least common ancestor is /home/runner/work/partybox-game-cores/partybox-game-cores/jobs/G02-gin-rummy. This will be the root directory of the artifact
2026-10-09T03:33:48.8866318Z With the provided path, there will be 13 files uploaded
2026-10-09T03:33:48.8870727Z Artifact name is valid!
2026-10-09T03:33:48.8872554Z Root directory input is valid!
2026-10-09T03:33:49.0952703Z Beginning upload of artifact content to blob storage
2026-10-09T03:33:49.2272239Z (node:4381) [DEP0169] DeprecationWarning: `url.parse()` behavior is not standardized and prone to errors that have security implications. Use the WHATWG URL API instead. CVEs are not issued for `url.parse()` vulnerabilities.
2026-10-09T03:33:49.3385604Z Uploaded bytes 2173021
2026-10-09T03:33:49.3582998Z Finished uploading artifact content to blob storage!
2026-10-09T03:33:49.3584911Z SHA256 digest of uploaded artifact zip is d64989b154df096f720e8307cbb15f12b68ad8fd0148bbdef392efed97c86923
2026-10-09T03:33:49.3586293Z Finalizing artifact upload
2026-10-09T03:33:49.5698063Z Artifact G02-browser-evidence.zip successfully finalized. Artifact ID 11594250244
2026-10-09T03:33:49.5699833Z Artifact G02-browser-evidence has been successfully uploaded! Final size is 2173021 bytes. Artifact ID is 11594250244
2026-10-09T03:33:49.5706538Z Artifact download URL: https://github.com/luisitin/partybox-game-cores/actions/runs/37879398204/artifacts/11594250244
2026-10-09T03:33:49.5902425Z Post job cleanup.
2026-10-09T03:33:49.7178433Z (node:4395) [DEP0040] DeprecationWarning: The `punycode` module is deprecated. Please use a userland alternative instead.
2026-10-09T03:33:49.7182229Z (Use `node --trace-deprecation ...` to show where the warning was created)
2026-10-09T03:33:49.7183341Z Cache hit occurred on the primary key node-cache-Linux-x64-npm-d48b0073b1be2df746cbb2cab1dca64dc5674a863aed54a4ee7f428aad681317, not saving cache.
2026-10-09T03:33:49.7314382Z Post job cleanup.
2026-10-09T03:33:49.8299938Z [command]/usr/bin/git version
2026-10-09T03:33:49.8355797Z git version 2.55.0
2026-10-09T03:33:49.8404974Z Temporarily overriding HOME='/home/runner/work/_temp/cd2039bf-d82e-4349-8bef-7a59f9fbb0db' before making global git config changes
2026-10-09T03:33:49.8406690Z Adding repository directory to the temporary git global config as a safe directory
2026-10-09T03:33:49.8413532Z [command]/usr/bin/git config --global --add safe.directory /home/runner/work/partybox-game-cores/partybox-game-cores
2026-10-09T03:33:49.8472766Z [command]/usr/bin/git config --local --name-only --get-regexp core\.sshCommand
2026-10-09T03:33:49.8524519Z [command]/usr/bin/git submodule foreach --recursive sh -c "git config --local --name-only --get-regexp 'core\.sshCommand' && git config --local --unset-all 'core.sshCommand' || :"
2026-10-09T03:33:49.8845225Z [command]/usr/bin/git config --local --name-only --get-regexp http\.https\:\/\/github\.com\/\.extraheader
2026-10-09T03:33:49.8879075Z http.https://github.com/.extraheader
2026-10-09T03:33:49.8901208Z [command]/usr/bin/git config --local --unset-all http.https://github.com/.extraheader
2026-10-09T03:33:49.8936615Z [command]/usr/bin/git submodule foreach --recursive sh -c "git config --local --name-only --get-regexp 'http\.https\:\/\/github\.com\/\.extraheader' && git config --local --unset-all 'http.https://github.com/.extraheader' || :"
2026-10-09T03:33:49.9207228Z [command]/usr/bin/git config --local --name-only --get-regexp ^includeIf\.gitdir:
2026-10-09T03:33:49.9252194Z [command]/usr/bin/git submodule foreach --recursive git config --local --show-origin --name-only --get-regexp remote.origin.url
2026-10-09T03:33:49.9701871Z Cleaning up orphan processes
2026-10-09T03:33:50.0142053Z ##[warning]Node.js 20 is deprecated. The following actions target Node.js 20 but are being forced to run on Node.js 24: actions/checkout@v4, actions/setup-node@v4, actions/upload-artifact@v4. For more information see: https://github.blog/changelog/2025-09-19-deprecation-of-node-20-on-github-actions-runners/
