2026-10-08T23:35:41.3221451Z Current runner version: '2.337.0'
2026-10-08T23:35:41.3246466Z ##[group]Runner Image Provisioner
2026-10-08T23:35:41.3247427Z Hosted Compute Agent
2026-10-08T23:35:41.3248044Z Version: 20261002.596
2026-10-08T23:35:41.3248667Z Commit: c3d12f3313a95f25162a1503be624f3b0617f8c0
2026-10-08T23:35:41.3249480Z Build Date: 2026-10-02T22:28:27Z
2026-10-08T23:35:41.3250200Z Worker ID: {b06f069c-8f00-4c56-9f0b-f6ded3be8f28}
2026-10-08T23:35:41.3250941Z Region: eastus
2026-10-08T23:35:41.3251497Z Cloud: Azure
2026-10-08T23:35:41.3252019Z ##[endgroup]
2026-10-08T23:35:41.3253843Z ##[group]Operating System
2026-10-08T23:35:41.3254490Z Ubuntu
2026-10-08T23:35:41.3255022Z 24.04.5
2026-10-08T23:35:41.3255627Z LTS
2026-10-08T23:35:41.3256135Z ##[endgroup]
2026-10-08T23:35:41.3256804Z ##[group]Runner Image
2026-10-08T23:35:41.3257443Z Image: ubuntu-24.04
2026-10-08T23:35:41.3258056Z Version: 20261004.327.1
2026-10-08T23:35:41.3259354Z Included Software: https://github.com/actions/runner-images/blob/ubuntu24/20261004.327/images/ubuntu/Ubuntu2404-Readme.md
2026-10-08T23:35:41.3260971Z Image Release: https://github.com/actions/runner-images/releases/tag/ubuntu24%2F20261004.327
2026-10-08T23:35:41.3261974Z ##[endgroup]
2026-10-08T23:35:41.3263564Z ##[group]GITHUB_TOKEN Permissions
2026-10-08T23:35:41.3265771Z Contents: read
2026-10-08T23:35:41.3266365Z Metadata: read
2026-10-08T23:35:41.3267012Z ##[endgroup]
2026-10-08T23:35:41.3269104Z Secret source: Actions
2026-10-08T23:35:41.3270168Z Cache mode: write
2026-10-08T23:35:41.3271069Z Prepare workflow directory
2026-10-08T23:35:41.3812278Z Prepare all required actions
2026-10-08T23:35:41.3860890Z Getting action download info
2026-10-08T23:35:41.6155997Z Download action repository 'actions/checkout@v4' (SHA:11d5960a326750d5838078e36cf38b85af677262)
2026-10-08T23:35:41.7108178Z Download action repository 'actions/setup-node@v4' (SHA:49933ea5288caeca8642d1e84afbd3f7d6820020)
2026-10-08T23:35:41.7975514Z Download action repository 'actions/upload-artifact@v4' (SHA:ea165f8d65b6e75b540449e92b4886f43607fa02)
2026-10-08T23:35:42.0060048Z Complete job name: checks (league-american)
2026-10-08T23:35:42.0790200Z ##[group]Run actions/checkout@v4
2026-10-08T23:35:42.0791071Z with:
2026-10-08T23:35:42.0791541Z   ref: e7a5c6463af2f0033ff08d333fb378ad160c1e43
2026-10-08T23:35:42.0792170Z   repository: luisitin/partybox-game-cores
2026-10-08T23:35:42.0796090Z   token: ***
2026-10-08T23:35:42.0796514Z   ssh-strict: true
2026-10-08T23:35:42.0796941Z   ssh-user: git
2026-10-08T23:35:42.0797372Z   persist-credentials: true
2026-10-08T23:35:42.0797862Z   clean: true
2026-10-08T23:35:42.0798308Z   sparse-checkout-cone-mode: true
2026-10-08T23:35:42.0798822Z   fetch-depth: 1
2026-10-08T23:35:42.0799256Z   fetch-tags: false
2026-10-08T23:35:42.0799694Z   show-progress: true
2026-10-08T23:35:42.0800142Z   lfs: false
2026-10-08T23:35:42.0800551Z   submodules: false
2026-10-08T23:35:42.0800993Z   set-safe-directory: true
2026-10-08T23:35:42.0801495Z   allow-unsafe-pr-checkout: false
2026-10-08T23:35:42.0802259Z env:
2026-10-08T23:35:42.0802986Z   G10_SOURCE_COMMIT: e7a5c6463af2f0033ff08d333fb378ad160c1e43
2026-10-08T23:35:42.0803631Z ##[endgroup]
2026-10-08T23:35:42.1798674Z Syncing repository: luisitin/partybox-game-cores
2026-10-08T23:35:42.1801455Z ##[group]Getting Git version info
2026-10-08T23:35:42.1802545Z Working directory is '/home/runner/work/partybox-game-cores/partybox-game-cores'
2026-10-08T23:35:42.1804034Z [command]/usr/bin/git version
2026-10-08T23:35:42.1914197Z git version 2.55.0
2026-10-08T23:35:42.1937890Z ##[endgroup]
2026-10-08T23:35:42.1954009Z Temporarily overriding HOME='/home/runner/work/_temp/419e1ce6-961a-4b2d-8f9d-fe201e22f508' before making global git config changes
2026-10-08T23:35:42.1956271Z Adding repository directory to the temporary git global config as a safe directory
2026-10-08T23:35:42.1959785Z [command]/usr/bin/git config --global --add safe.directory /home/runner/work/partybox-game-cores/partybox-game-cores
2026-10-08T23:35:42.2018291Z Deleting the contents of '/home/runner/work/partybox-game-cores/partybox-game-cores'
2026-10-08T23:35:42.2022191Z ##[group]Initializing the repository
2026-10-08T23:35:42.2027970Z [command]/usr/bin/git init /home/runner/work/partybox-game-cores/partybox-game-cores
2026-10-08T23:35:42.2158343Z hint: Using 'master' as the name for the initial branch. This default branch name
2026-10-08T23:35:42.2160312Z hint: will change to "main" in Git 3.0. To configure the initial branch name
2026-10-08T23:35:42.2161841Z hint: to use in all of your new repositories, which will suppress this warning,
2026-10-08T23:35:42.2163276Z hint: call:
2026-10-08T23:35:42.2163921Z hint:
2026-10-08T23:35:42.2164765Z hint: 	git config --global init.defaultBranch <name>
2026-10-08T23:35:42.2165786Z hint:
2026-10-08T23:35:42.2166741Z hint: Names commonly chosen instead of 'master' are 'main', 'trunk' and
2026-10-08T23:35:42.2168453Z hint: 'development'. The just-created branch can be renamed via this command:
2026-10-08T23:35:42.2169675Z hint:
2026-10-08T23:35:42.2170324Z hint: 	git branch -m <name>
2026-10-08T23:35:42.2171142Z hint:
2026-10-08T23:35:42.2172266Z hint: Disable this message with "git config set advice.defaultBranchName false"
2026-10-08T23:35:42.2174372Z Initialized empty Git repository in /home/runner/work/partybox-game-cores/partybox-game-cores/.git/
2026-10-08T23:35:42.2185534Z [command]/usr/bin/git remote add origin https://github.com/luisitin/partybox-game-cores
2026-10-08T23:35:42.2236238Z ##[endgroup]
2026-10-08T23:35:42.2239914Z ##[group]Disabling automatic garbage collection
2026-10-08T23:35:42.2240961Z [command]/usr/bin/git config --local gc.auto 0
2026-10-08T23:35:42.2276200Z ##[endgroup]
2026-10-08T23:35:42.2277010Z ##[group]Setting up auth
2026-10-08T23:35:42.2285975Z [command]/usr/bin/git config --local --name-only --get-regexp core\.sshCommand
2026-10-08T23:35:42.2322084Z [command]/usr/bin/git submodule foreach --recursive sh -c "git config --local --name-only --get-regexp 'core\.sshCommand' && git config --local --unset-all 'core.sshCommand' || :"
2026-10-08T23:35:42.2713881Z [command]/usr/bin/git config --local --name-only --get-regexp http\.https\:\/\/github\.com\/\.extraheader
2026-10-08T23:35:42.2752378Z [command]/usr/bin/git submodule foreach --recursive sh -c "git config --local --name-only --get-regexp 'http\.https\:\/\/github\.com\/\.extraheader' && git config --local --unset-all 'http.https://github.com/.extraheader' || :"
2026-10-08T23:35:42.2984014Z [command]/usr/bin/git config --local --name-only --get-regexp ^includeIf\.gitdir:
2026-10-08T23:35:42.3019600Z [command]/usr/bin/git submodule foreach --recursive git config --local --show-origin --name-only --get-regexp remote.origin.url
2026-10-08T23:35:42.3249184Z [command]/usr/bin/git config --local http.https://github.com/.extraheader AUTHORIZATION: basic ***
2026-10-08T23:35:42.3294666Z ##[endgroup]
2026-10-08T23:35:42.3296291Z ##[group]Fetching the repository
2026-10-08T23:35:42.3304568Z [command]/usr/bin/git -c protocol.version=2 fetch --no-tags --prune --no-recurse-submodules --depth=1 origin e7a5c6463af2f0033ff08d333fb378ad160c1e43
2026-10-08T23:36:01.6383812Z From https://github.com/luisitin/partybox-game-cores
2026-10-08T23:36:01.6386108Z  * branch            e7a5c6463af2f0033ff08d333fb378ad160c1e43 -> FETCH_HEAD
2026-10-08T23:36:01.6391082Z ##[endgroup]
2026-10-08T23:36:01.6392594Z ##[group]Determining the checkout info
2026-10-08T23:36:01.6395131Z ##[endgroup]
2026-10-08T23:36:01.6397320Z [command]/usr/bin/git sparse-checkout disable
2026-10-08T23:36:01.6460182Z [command]/usr/bin/git config --local --unset-all extensions.worktreeConfig
2026-10-08T23:36:01.6491745Z ##[group]Checking out the ref
2026-10-08T23:36:01.6495268Z [command]/usr/bin/git checkout --progress --force e7a5c6463af2f0033ff08d333fb378ad160c1e43
2026-10-08T23:36:02.7493394Z Updating files:  10% (180/1683)
2026-10-08T23:36:03.7277476Z Updating files:  11% (186/1683)
2026-10-08T23:36:03.9432564Z Updating files:  11% (199/1683)
2026-10-08T23:36:04.7411553Z Updating files:  12% (202/1683)
2026-10-08T23:36:04.9394577Z Updating files:  12% (216/1683)
2026-10-08T23:36:05.6873150Z Updating files:  13% (219/1683)
2026-10-08T23:36:06.0934963Z Updating files:  13% (226/1683)
2026-10-08T23:36:06.7122722Z Updating files:  14% (236/1683)
2026-10-08T23:36:07.0734807Z Updating files:  14% (243/1683)
2026-10-08T23:36:07.3009450Z Updating files:  15% (253/1683)
2026-10-08T23:36:07.3020042Z Updating files:  16% (270/1683)
2026-10-08T23:36:07.3032223Z Updating files:  17% (287/1683)
2026-10-08T23:36:07.3041013Z Updating files:  18% (303/1683)
2026-10-08T23:36:07.3240217Z Updating files:  19% (320/1683)
2026-10-08T23:36:07.3249015Z Updating files:  20% (337/1683)
2026-10-08T23:36:07.3267298Z Updating files:  21% (354/1683)
2026-10-08T23:36:07.3413640Z Updating files:  22% (371/1683)
2026-10-08T23:36:07.3419994Z Updating files:  23% (388/1683)
2026-10-08T23:36:07.3430176Z Updating files:  24% (404/1683)
2026-10-08T23:36:07.3437264Z Updating files:  25% (421/1683)
2026-10-08T23:36:07.3460138Z Updating files:  26% (438/1683)
2026-10-08T23:36:07.3473293Z Updating files:  27% (455/1683)
2026-10-08T23:36:07.3486305Z Updating files:  28% (472/1683)
2026-10-08T23:36:07.3498118Z Updating files:  29% (489/1683)
2026-10-08T23:36:07.3509538Z Updating files:  30% (505/1683)
2026-10-08T23:36:07.3518710Z Updating files:  31% (522/1683)
2026-10-08T23:36:07.3591872Z Updating files:  32% (539/1683)
2026-10-08T23:36:07.3608767Z Updating files:  33% (556/1683)
2026-10-08T23:36:07.3777788Z Updating files:  34% (573/1683)
2026-10-08T23:36:07.3947740Z Updating files:  35% (590/1683)
2026-10-08T23:36:07.4013172Z Updating files:  36% (606/1683)
2026-10-08T23:36:07.4055576Z Updating files:  37% (623/1683)
2026-10-08T23:36:07.4226099Z Updating files:  38% (640/1683)
2026-10-08T23:36:07.4394283Z Updating files:  39% (657/1683)
2026-10-08T23:36:07.4403935Z Updating files:  40% (674/1683)
2026-10-08T23:36:07.4579435Z Updating files:  41% (691/1683)
2026-10-08T23:36:07.4588393Z Updating files:  42% (707/1683)
2026-10-08T23:36:07.4599062Z Updating files:  43% (724/1683)
2026-10-08T23:36:07.4652154Z Updating files:  44% (741/1683)
2026-10-08T23:36:07.4662028Z Updating files:  45% (758/1683)
2026-10-08T23:36:07.4669724Z Updating files:  46% (775/1683)
2026-10-08T23:36:07.4689415Z Updating files:  47% (792/1683)
2026-10-08T23:36:07.4808136Z Updating files:  48% (808/1683)
2026-10-08T23:36:07.4960448Z Updating files:  49% (825/1683)
2026-10-08T23:36:07.5036027Z Updating files:  50% (842/1683)
2026-10-08T23:36:07.5235884Z Updating files:  51% (859/1683)
2026-10-08T23:36:07.5291783Z Updating files:  52% (876/1683)
2026-10-08T23:36:07.5308665Z Updating files:  53% (892/1683)
2026-10-08T23:36:07.5317821Z Updating files:  54% (909/1683)
2026-10-08T23:36:07.5364744Z Updating files:  55% (926/1683)
2026-10-08T23:36:07.5414607Z Updating files:  56% (943/1683)
2026-10-08T23:36:07.5429280Z Updating files:  57% (960/1683)
2026-10-08T23:36:07.5457535Z Updating files:  58% (977/1683)
2026-10-08T23:36:07.5497932Z Updating files:  59% (993/1683)
2026-10-08T23:36:07.5540284Z Updating files:  60% (1010/1683)
2026-10-08T23:36:07.5579551Z Updating files:  61% (1027/1683)
2026-10-08T23:36:07.5628243Z Updating files:  62% (1044/1683)
2026-10-08T23:36:07.5645680Z Updating files:  63% (1061/1683)
2026-10-08T23:36:07.5666407Z Updating files:  64% (1078/1683)
2026-10-08T23:36:07.5694988Z Updating files:  65% (1094/1683)
2026-10-08T23:36:07.5728414Z Updating files:  66% (1111/1683)
2026-10-08T23:36:07.5759302Z Updating files:  67% (1128/1683)
2026-10-08T23:36:07.5806376Z Updating files:  68% (1145/1683)
2026-10-08T23:36:07.5825504Z Updating files:  69% (1162/1683)
2026-10-08T23:36:07.5851095Z Updating files:  70% (1179/1683)
2026-10-08T23:36:07.5882533Z Updating files:  71% (1195/1683)
2026-10-08T23:36:07.5918843Z Updating files:  72% (1212/1683)
2026-10-08T23:36:07.5973709Z Updating files:  73% (1229/1683)
2026-10-08T23:36:07.5992690Z Updating files:  74% (1246/1683)
2026-10-08T23:36:07.6001845Z Updating files:  75% (1263/1683)
2026-10-08T23:36:07.6022584Z Updating files:  76% (1280/1683)
2026-10-08T23:36:07.6031697Z Updating files:  77% (1296/1683)
2026-10-08T23:36:07.6040080Z Updating files:  78% (1313/1683)
2026-10-08T23:36:07.6048293Z Updating files:  79% (1330/1683)
2026-10-08T23:36:07.6055228Z Updating files:  80% (1347/1683)
2026-10-08T23:36:07.6093520Z Updating files:  81% (1364/1683)
2026-10-08T23:36:07.6103755Z Updating files:  82% (1381/1683)
2026-10-08T23:36:07.6110408Z Updating files:  83% (1397/1683)
2026-10-08T23:36:07.6120013Z Updating files:  84% (1414/1683)
2026-10-08T23:36:07.6130865Z Updating files:  85% (1431/1683)
2026-10-08T23:36:07.6156039Z Updating files:  86% (1448/1683)
2026-10-08T23:36:07.6164974Z Updating files:  87% (1465/1683)
2026-10-08T23:36:07.6172870Z Updating files:  88% (1482/1683)
2026-10-08T23:36:07.6188320Z Updating files:  89% (1498/1683)
2026-10-08T23:36:07.6232897Z Updating files:  90% (1515/1683)
2026-10-08T23:36:07.6301041Z Updating files:  91% (1532/1683)
2026-10-08T23:36:07.6322645Z Updating files:  92% (1549/1683)
2026-10-08T23:36:07.6338813Z Updating files:  93% (1566/1683)
2026-10-08T23:36:07.6553435Z Updating files:  94% (1583/1683)
2026-10-08T23:36:07.6630395Z Updating files:  94% (1598/1683)
2026-10-08T23:36:07.9731071Z Updating files:  95% (1599/1683)
2026-10-08T23:36:07.9738122Z Updating files:  96% (1616/1683)
2026-10-08T23:36:07.9753277Z Updating files:  97% (1633/1683)
2026-10-08T23:36:07.9764468Z Updating files:  98% (1650/1683)
2026-10-08T23:36:07.9772319Z Updating files:  99% (1667/1683)
2026-10-08T23:36:07.9773085Z Updating files: 100% (1683/1683)
2026-10-08T23:36:07.9773532Z Updating files: 100% (1683/1683), done.
2026-10-08T23:36:07.9850744Z Note: switching to 'e7a5c6463af2f0033ff08d333fb378ad160c1e43'.
2026-10-08T23:36:07.9851248Z 
2026-10-08T23:36:07.9851596Z You are in 'detached HEAD' state. You can look around, make experimental
2026-10-08T23:36:07.9852477Z changes and commit them, and you can discard any commits you make in this
2026-10-08T23:36:07.9853578Z state without impacting any branches by switching back to a branch.
2026-10-08T23:36:07.9854096Z 
2026-10-08T23:36:07.9854482Z If you want to create a new branch to retain commits you create, you may
2026-10-08T23:36:07.9855554Z do so (now or later) by using -c with the switch command. Example:
2026-10-08T23:36:07.9856080Z 
2026-10-08T23:36:07.9856312Z   git switch -c <new-branch-name>
2026-10-08T23:36:07.9863639Z 
2026-10-08T23:36:07.9864097Z Or undo this operation with:
2026-10-08T23:36:07.9864415Z 
2026-10-08T23:36:07.9864618Z   git switch -
2026-10-08T23:36:07.9864843Z 
2026-10-08T23:36:07.9865210Z Turn off this advice by setting config variable advice.detachedHead to false
2026-10-08T23:36:07.9865565Z 
2026-10-08T23:36:07.9865828Z HEAD is now at e7a5c64 G10 verify recovered PR evidence and explicit readiness scope
2026-10-08T23:36:08.0063762Z ##[endgroup]
2026-10-08T23:36:08.0295578Z [command]/usr/bin/git log -1 --format=%H
2026-10-08T23:36:08.0324188Z e7a5c6463af2f0033ff08d333fb378ad160c1e43
2026-10-08T23:36:08.0724474Z ##[group]Run actions/setup-node@v4
2026-10-08T23:36:08.0724784Z with:
2026-10-08T23:36:08.0725001Z   node-version: 22.16.0
2026-10-08T23:36:08.0725223Z   cache: npm
2026-10-08T23:36:08.0725508Z   cache-dependency-path: jobs/G10-checkers/package-lock.json
2026-10-08T23:36:08.0725864Z   always-auth: false
2026-10-08T23:36:08.0726082Z   check-latest: false
2026-10-08T23:36:08.0728518Z   token: ***
2026-10-08T23:36:08.0728720Z env:
2026-10-08T23:36:08.0728973Z   G10_SOURCE_COMMIT: e7a5c6463af2f0033ff08d333fb378ad160c1e43
2026-10-08T23:36:08.0729308Z ##[endgroup]
2026-10-08T23:36:08.2072575Z Attempting to download 22.16.0...
2026-10-08T23:36:08.2177671Z (node:2285) [DEP0040] DeprecationWarning: The `punycode` module is deprecated. Please use a userland alternative instead.
2026-10-08T23:36:08.2179361Z (Use `node --trace-deprecation ...` to show where the warning was created)
2026-10-08T23:36:08.6737858Z Acquiring 22.16.0 - x64 from https://github.com/actions/node-versions/releases/download/22.16.0-15177438473/node-22.16.0-linux-x64.tar.gz
2026-10-08T23:36:09.1323119Z Extracting ...
2026-10-08T23:36:09.1439814Z [command]/usr/bin/tar xz --strip 1 --warning=no-unknown-keyword --overwrite -C /home/runner/work/_temp/f7361c82-6796-4dde-8430-b37d557d1895 -f /home/runner/work/_temp/5d98eb2f-f127-49e3-8698-1f31ccc532aa
2026-10-08T23:36:10.2917364Z Adding to the cache ...
2026-10-08T23:36:14.7248655Z ##[group]Environment details
2026-10-08T23:36:14.9429636Z node: v22.16.0
2026-10-08T23:36:14.9430044Z npm: 10.9.2
2026-10-08T23:36:14.9430358Z yarn: 1.22.22
2026-10-08T23:36:14.9431107Z ##[endgroup]
2026-10-08T23:36:14.9452060Z [command]/opt/hostedtoolcache/node/22.16.0/x64/bin/npm config get cache
2026-10-08T23:36:15.0376546Z /home/runner/.npm
2026-10-08T23:36:15.1117660Z Cache hit for: node-cache-Linux-x64-npm-b79e3f2344d4218dbbb2f93f566da8e1ac49738aa1184813b150890d461d0c8a
2026-10-08T23:36:15.1272002Z (node:2285) [DEP0169] DeprecationWarning: `url.parse()` behavior is not standardized and prone to errors that have security implications. Use the WHATWG URL API instead. CVEs are not issued for `url.parse()` vulnerabilities.
2026-10-08T23:36:15.3506758Z Received 12676330 of 12676330 (100.0%), 66.8 MBs/sec
2026-10-08T23:36:15.3507467Z Cache Size: ~12 MB (12676330 B)
2026-10-08T23:36:15.3557614Z [command]/usr/bin/tar -xf /home/runner/work/_temp/1d4d4b19-58ef-40e0-9365-f156560ab73d/cache.tzst -P -C /home/runner/work/partybox-game-cores/partybox-game-cores --use-compress-program unzstd
2026-10-08T23:36:15.3806860Z Cache restored successfully
2026-10-08T23:36:15.3817876Z Cache restored from key: node-cache-Linux-x64-npm-b79e3f2344d4218dbbb2f93f566da8e1ac49738aa1184813b150890d461d0c8a
2026-10-08T23:36:15.4003966Z ##[group]Run npm ci --ignore-scripts --no-audit --no-fund
2026-10-08T23:36:15.4004450Z [36;1mnpm ci --ignore-scripts --no-audit --no-fund[0m
2026-10-08T23:36:15.4295585Z shell: /usr/bin/bash -e {0}
2026-10-08T23:36:15.4295874Z env:
2026-10-08T23:36:15.4296167Z   G10_SOURCE_COMMIT: e7a5c6463af2f0033ff08d333fb378ad160c1e43
2026-10-08T23:36:15.4296543Z ##[endgroup]
2026-10-08T23:36:16.3693046Z 
2026-10-08T23:36:16.3700898Z added 6 packages in 881ms
2026-10-08T23:36:16.4181588Z ##[group]Run node --version
2026-10-08T23:36:16.4181918Z [36;1mnode --version[0m
2026-10-08T23:36:16.4182151Z [36;1mnproc[0m
2026-10-08T23:36:16.4182430Z [36;1mawk '/MemTotal/ { print }' /proc/meminfo[0m
2026-10-08T23:36:16.4183064Z [36;1mdf -Pk .[0m
2026-10-08T23:36:16.4247948Z shell: /usr/bin/bash -e {0}
2026-10-08T23:36:16.4248209Z env:
2026-10-08T23:36:16.4248492Z   G10_SOURCE_COMMIT: e7a5c6463af2f0033ff08d333fb378ad160c1e43
2026-10-08T23:36:16.4248843Z ##[endgroup]
2026-10-08T23:36:16.4360146Z v22.16.0
2026-10-08T23:36:16.4380022Z 4
2026-10-08T23:36:16.4399240Z MemTotal:       16373444 kB
2026-10-08T23:36:16.4423264Z Filesystem     1024-blocks     Used Available Capacity Mounted on
2026-10-08T23:36:16.4424160Z /dev/root        151263856 63928228  87319244      43% /
2026-10-08T23:36:16.4502414Z ##[group]Run set -o pipefail
2026-10-08T23:36:16.4503067Z [36;1mset -o pipefail[0m
2026-10-08T23:36:16.4503607Z [36;1mnode scripts/check.mjs --stage 'league-american' 2>&1 | tee '.work-stage-league-american.stdout'[0m
2026-10-08T23:36:16.4566860Z shell: /usr/bin/bash -e {0}
2026-10-08T23:36:16.4567129Z env:
2026-10-08T23:36:16.4567413Z   G10_SOURCE_COMMIT: e7a5c6463af2f0033ff08d333fb378ad160c1e43
2026-10-08T23:36:16.4567772Z ##[endgroup]
2026-10-08T23:36:16.5911132Z 
2026-10-08T23:36:16.5911611Z > partybox-g10-checkers@1.0.0 build
2026-10-08T23:36:16.5912059Z > tsc --noEmit && node scripts/build.mjs
2026-10-08T23:36:16.5912279Z 
2026-10-08T23:36:29.5821151Z PASS: complete offline single-page game written to /home/runner/work/partybox-game-cores/partybox-game-cores/jobs/G10-checkers/.work/play.html; original six-piece data is read in bounded blocks.
2026-10-08T23:36:47.9882481Z PASS: checksums, authoritative schemas/manifest, pure core source, fixed corpus provenance, original offline page (delivery execution gates explicitly excluded).
2026-10-08T23:36:53.4363053Z {"prewarm":"american","index":0,"kind":"ready","variant":"american","importSeconds":0.6695309570000002,"memory":{"rss":378531840,"heapTotal":169234432,"heapUsed":158262880,"external":99203571,"arrayBuffers":96274437}}
2026-10-08T23:36:54.0849149Z {"prewarm":"american","index":1,"kind":"ready","variant":"american","importSeconds":0.614248988,"memory":{"rss":698167296,"heapTotal":169758720,"heapUsed":157223368,"external":99203571,"arrayBuffers":96274437}}
2026-10-08T23:36:54.7243919Z {"prewarm":"american","index":2,"kind":"ready","variant":"american","importSeconds":0.6041963620000002,"memory":{"rss":984375296,"heapTotal":169758720,"heapUsed":156504008,"external":99203571,"arrayBuffers":96274437}}
2026-10-08T23:36:55.3570404Z {"prewarm":"american","index":3,"kind":"ready","variant":"american","importSeconds":0.5975993040000003,"memory":{"rss":1272467456,"heapTotal":170020864,"heapUsed":156385656,"external":99203571,"arrayBuffers":96274437}}
2026-10-08T23:37:35.8374644Z {"variant":"american","higher":"sharp","lower":"normal","start":0,"end":50,"games":50,"wins":45,"draws":5,"losses":0,"elapsedSeconds":40.460582867,"raw":"american-sharp-normal-0000.jsonl"}
2026-10-08T23:37:35.9070765Z {"variant":"american","higher":"sharp","lower":"normal","start":100,"end":150,"games":50,"wins":46,"draws":3,"losses":1,"elapsedSeconds":40.53335714199999,"raw":"american-sharp-normal-0100.jsonl"}
2026-10-08T23:37:36.4706459Z {"variant":"american","higher":"sharp","lower":"normal","start":150,"end":200,"games":50,"wins":46,"draws":2,"losses":2,"elapsedSeconds":41.098483445,"raw":"american-sharp-normal-0150.jsonl"}
2026-10-08T23:37:48.5915262Z {"variant":"american","higher":"sharp","lower":"normal","start":50,"end":100,"games":50,"wins":44,"draws":4,"losses":2,"elapsedSeconds":53.213647113,"raw":"american-sharp-normal-0050.jsonl"}
2026-10-08T23:38:14.6348956Z {"variant":"american","higher":"sharp","lower":"normal","start":250,"end":300,"games":50,"wins":47,"draws":1,"losses":2,"elapsedSeconds":38.709758719999996,"raw":"american-sharp-normal-0250.jsonl"}
2026-10-08T23:38:23.1346715Z {"variant":"american","higher":"sharp","lower":"normal","start":300,"end":350,"games":50,"wins":43,"draws":5,"losses":2,"elapsedSeconds":46.645319584999996,"raw":"american-sharp-normal-0300.jsonl"}
2026-10-08T23:38:27.0795349Z {"variant":"american","higher":"sharp","lower":"normal","start":200,"end":250,"games":50,"wins":42,"draws":5,"losses":3,"elapsedSeconds":51.217556467,"raw":"american-sharp-normal-0200.jsonl"}
2026-10-08T23:38:34.2725388Z {"variant":"american","higher":"sharp","lower":"normal","start":350,"end":400,"games":50,"wins":45,"draws":4,"losses":1,"elapsedSeconds":45.663450495000006,"raw":"american-sharp-normal-0350.jsonl"}
2026-10-08T23:38:58.1519562Z {"variant":"american","higher":"sharp","lower":"normal","start":400,"end":450,"games":50,"wins":43,"draws":6,"losses":1,"elapsedSeconds":43.498043298999995,"raw":"american-sharp-normal-0400.jsonl"}
2026-10-08T23:39:01.3618564Z {"variant":"american","higher":"sharp","lower":"normal","start":450,"end":500,"games":50,"wins":47,"draws":2,"losses":1,"elapsedSeconds":38.19623793199999,"raw":"american-sharp-normal-0450.jsonl"}
2026-10-08T23:39:07.8105471Z {"variant":"american","higher":"sharp","lower":"normal","start":500,"end":550,"games":50,"wins":41,"draws":7,"losses":2,"elapsedSeconds":40.718352535,"raw":"american-sharp-normal-0500.jsonl"}
2026-10-08T23:39:22.9945432Z {"variant":"american","higher":"sharp","lower":"normal","start":550,"end":600,"games":50,"wins":42,"draws":4,"losses":4,"elapsedSeconds":48.70539882599999,"raw":"american-sharp-normal-0550.jsonl"}
2026-10-08T23:39:35.6285992Z {"variant":"american","higher":"sharp","lower":"normal","start":600,"end":650,"games":50,"wins":44,"draws":3,"losses":3,"elapsedSeconds":37.444732896,"raw":"american-sharp-normal-0600.jsonl"}
2026-10-08T23:39:38.5355367Z {"variant":"american","higher":"sharp","lower":"normal","start":650,"end":700,"games":50,"wins":43,"draws":5,"losses":2,"elapsedSeconds":37.155858316,"raw":"american-sharp-normal-0650.jsonl"}
2026-10-08T23:39:47.4670544Z {"variant":"american","higher":"sharp","lower":"normal","start":700,"end":750,"games":50,"wins":46,"draws":3,"losses":1,"elapsedSeconds":39.635761202,"raw":"american-sharp-normal-0700.jsonl"}
2026-10-08T23:40:10.8675322Z {"variant":"american","higher":"sharp","lower":"normal","start":750,"end":800,"games":50,"wins":45,"draws":5,"losses":0,"elapsedSeconds":47.85265305599998,"raw":"american-sharp-normal-0750.jsonl"}
2026-10-08T23:40:14.5005302Z {"variant":"american","higher":"sharp","lower":"normal","start":800,"end":850,"games":50,"wins":41,"draws":6,"losses":3,"elapsedSeconds":38.83004309699999,"raw":"american-sharp-normal-0800.jsonl"}
2026-10-08T23:40:15.5403874Z {"variant":"american","higher":"normal","lower":"easy","start":0,"end":50,"games":50,"wins":50,"draws":0,"losses":0,"elapsedSeconds":1.0322664250000089,"raw":"american-normal-easy-0000.jsonl"}
2026-10-08T23:40:16.4422433Z {"variant":"american","higher":"normal","lower":"easy","start":50,"end":100,"games":50,"wins":50,"draws":0,"losses":0,"elapsedSeconds":0.8932573770000017,"raw":"american-normal-easy-0050.jsonl"}
2026-10-08T23:40:17.3105351Z {"variant":"american","higher":"normal","lower":"easy","start":100,"end":150,"games":50,"wins":50,"draws":0,"losses":0,"elapsedSeconds":0.8603787989999983,"raw":"american-normal-easy-0100.jsonl"}
2026-10-08T23:40:18.2368143Z {"variant":"american","higher":"normal","lower":"easy","start":150,"end":200,"games":50,"wins":50,"draws":0,"losses":0,"elapsedSeconds":0.9195068829999946,"raw":"american-normal-easy-0150.jsonl"}
2026-10-08T23:40:19.1151828Z {"variant":"american","higher":"normal","lower":"easy","start":200,"end":250,"games":50,"wins":50,"draws":0,"losses":0,"elapsedSeconds":0.8697372220000252,"raw":"american-normal-easy-0200.jsonl"}
2026-10-08T23:40:20.0211538Z {"variant":"american","higher":"normal","lower":"easy","start":250,"end":300,"games":50,"wins":50,"draws":0,"losses":0,"elapsedSeconds":0.8918521640000108,"raw":"american-normal-easy-0250.jsonl"}
2026-10-08T23:40:20.0687753Z {"variant":"american","higher":"sharp","lower":"normal","start":850,"end":900,"games":50,"wins":45,"draws":4,"losses":1,"elapsedSeconds":41.521426485000006,"raw":"american-sharp-normal-0850.jsonl"}
2026-10-08T23:40:20.9305615Z {"variant":"american","higher":"normal","lower":"easy","start":300,"end":350,"games":50,"wins":50,"draws":0,"losses":0,"elapsedSeconds":0.897553974999988,"raw":"american-normal-easy-0300.jsonl"}
2026-10-08T23:40:20.9995072Z {"variant":"american","higher":"normal","lower":"easy","start":350,"end":400,"games":50,"wins":50,"draws":0,"losses":0,"elapsedSeconds":0.9249043679999887,"raw":"american-normal-easy-0350.jsonl"}
2026-10-08T23:40:21.8966380Z {"variant":"american","higher":"normal","lower":"easy","start":400,"end":450,"games":50,"wins":50,"draws":0,"losses":0,"elapsedSeconds":0.9514688800000004,"raw":"american-normal-easy-0400.jsonl"}
2026-10-08T23:40:21.9209851Z {"variant":"american","higher":"normal","lower":"easy","start":450,"end":500,"games":50,"wins":49,"draws":0,"losses":1,"elapsedSeconds":0.9158738000000012,"raw":"american-normal-easy-0450.jsonl"}
2026-10-08T23:40:22.8404703Z {"variant":"american","higher":"normal","lower":"easy","start":500,"end":550,"games":50,"wins":50,"draws":0,"losses":0,"elapsedSeconds":0.9367856979999925,"raw":"american-normal-easy-0500.jsonl"}
2026-10-08T23:40:22.9246922Z {"variant":"american","higher":"normal","lower":"easy","start":550,"end":600,"games":50,"wins":50,"draws":0,"losses":0,"elapsedSeconds":0.9907573759999941,"raw":"american-normal-easy-0550.jsonl"}
2026-10-08T23:40:23.7628961Z {"variant":"american","higher":"normal","lower":"easy","start":600,"end":650,"games":50,"wins":50,"draws":0,"losses":0,"elapsedSeconds":0.9162611899999902,"raw":"american-normal-easy-0600.jsonl"}
2026-10-08T23:40:23.8115109Z {"variant":"american","higher":"normal","lower":"easy","start":650,"end":700,"games":50,"wins":50,"draws":0,"losses":0,"elapsedSeconds":0.8808184049999982,"raw":"american-normal-easy-0650.jsonl"}
2026-10-08T23:40:24.7061382Z {"variant":"american","higher":"normal","lower":"easy","start":700,"end":750,"games":50,"wins":50,"draws":0,"losses":0,"elapsedSeconds":0.9362114969999821,"raw":"american-normal-easy-0700.jsonl"}
2026-10-08T23:40:24.7704372Z {"variant":"american","higher":"normal","lower":"easy","start":750,"end":800,"games":50,"wins":50,"draws":0,"losses":0,"elapsedSeconds":0.949475958999974,"raw":"american-normal-easy-0750.jsonl"}
2026-10-08T23:40:25.6095226Z {"variant":"american","higher":"normal","lower":"easy","start":800,"end":850,"games":50,"wins":50,"draws":0,"losses":0,"elapsedSeconds":0.8865307020000182,"raw":"american-normal-easy-0800.jsonl"}
2026-10-08T23:40:25.7058758Z {"variant":"american","higher":"normal","lower":"easy","start":850,"end":900,"games":50,"wins":50,"draws":0,"losses":0,"elapsedSeconds":0.9283541079999995,"raw":"american-normal-easy-0850.jsonl"}
2026-10-08T23:40:26.4511231Z {"variant":"american","higher":"normal","lower":"easy","start":900,"end":950,"games":50,"wins":50,"draws":0,"losses":0,"elapsedSeconds":0.831782768999983,"raw":"american-normal-easy-0900.jsonl"}
2026-10-08T23:40:26.7132019Z {"variant":"american","higher":"normal","lower":"easy","start":950,"end":1000,"games":50,"wins":50,"draws":0,"losses":0,"elapsedSeconds":0.9995233049999807,"raw":"american-normal-easy-0950.jsonl"}
2026-10-08T23:40:29.4096891Z {"variant":"american","higher":"sharp","lower":"normal","start":900,"end":950,"games":50,"wins":45,"draws":4,"losses":1,"elapsedSeconds":41.933516432000005,"raw":"american-sharp-normal-0900.jsonl"}
2026-10-08T23:40:46.8516082Z {"variant":"american","higher":"sharp","lower":"normal","start":950,"end":1000,"games":50,"wins":43,"draws":4,"losses":3,"elapsedSeconds":35.97261052399999,"raw":"american-sharp-normal-0950.jsonl"}
2026-10-08T23:40:46.9267443Z {"command":"node scripts/league.mjs --variant american --ci-partition","gamesPerVariantComparison":1000,"gamesPerComparison":1000,"workers":4,"ciPartition":"american","opening":"Standard starting board; paired identical seed with stronger side alternated. No outcome-based opening selection.","startAt":"2026-10-08T23:36:51.671Z","comparisons":[{"variant":"american","higher":"sharp","lower":"normal","games":1000,"wins":883,"draws":82,"losses":35,"scoreShare":0.924,"decisiveWinRate":0.9618736383442266,"decisiveWilson95":[0.9474376150738386,0.9724601200685112],"moves":105277,"maximumPlies":332,"workerSeconds":849.006790434,"transcriptSha256":"f56714892ef061448c7c13302bc2a88d3870bc8a1eed37ab150e6dcf5fd51ada"},{"variant":"american","higher":"normal","lower":"easy","games":1000,"wins":999,"draws":0,"losses":1,"scoreShare":0.999,"decisiveWinRate":0.999,"decisiveWilson95":[0.9943572970398398,0.9998234581709429],"moves":50305,"maximumPlies":116,"workerSeconds":18.41330090199993,"transcriptSha256":"c32d24cc7b7ff46176330317b6a6880bbaafb3e4ae9abcd8ff546c726b96094e"}],"botSourceSha256":"450791148c7bb7c6c3d74dfa732917f51472c127abf2d32b9436376de3acc219","gameInputHashes":{"data/chinook/DB6.bin":"baee42a2b49390edd96e5a751189366275619c941d79021f3ca45774c3e7071f","data/chinook/DB6.idx":"10cb5cfc2a8c67e18c322563c17ceef0adeac87786a16c767c4616e9a574f4fd","data/endgames.json":"edb5d87a27caa83945e2a5587418fa6f246fb30dd3823652871a598272e0075d","data/international/db2.bin":"305a1e7eabb4bab13577774009592e1614ddf8a4efe334d6fe3cb8221000b4ed","data/international/db2.idx":"9622e861c67ea250396b384bb95fec00fd541964c3109bdc1b27ae7aae1f73f2","data/international/db3.bin":"9dd9170657b11b5e18e0a2d54b6475d9cfd2cf821c6f9e4e9ba78bdf130e10aa","data/international/db3.idx":"84862531a87da451037c3c1087b5c082c293ff508ffb447adbc8b7e020fa7aaa","data/international/db4.bin":"14e5a8fa159c33a2d7ca01538ca4cd088222c2f204a6b6ef174ffcebd28c72aa","data/international/db4.idx":"4514098c3a0fe91fb98ea1950eb53558f94017ed4c6553d10f117c94348e393e","data/international/db5.bin":"b3e65f71d2c801a68fe8928f62e32c40266f7d8ae4e5ab99b643805b1ace2e02","data/international/db5.idx":"4a94297121f50feca73beaea7ab10622942194d2b5c098d1c30c5cbe5b78715a","data/international/six/db6-0303.000.chunk":"75d63f54a4aefbb6a29871ac2c96fe8064239630c141c79298c99ede5af7bfae","data/international/six/db6-0303.idx":"9f6e7dddd055eb1234cc79750e749c9b2ef49bdf410d7761a0a27f76dc606b04","data/international/six/db6-0312.000.chunk":"a65ac7e0daf00efcb905cec95900ce8fe7c7afda3d242a693a229b2584fcdd89","data/international/six/db6-0312.idx":"9df486596addc03a3454c242a25198c35f0a371dbd0055ca1ad777bff28bc43a","data/international/six/db6-0321.000.chunk":"4f4af0182c39c3646128b9e17d2b283196e8cb4441452b4a01e9c2532e4b6b53","data/international/six/db6-0321.001.chunk":"b8d62083255a57d82395b04eddf6cf735700f3ead646b526fc9882bace3a0e40","data/international/six/db6-0321.idx":"af4c2df56553f4386223b11ad75e7ad4f5c26625be854d52b1e6f8760d8c3bee","data/international/six/db6-0330.000.chunk":"de1dfc76776fe69bf25a7e64b4f1800c17b196f7e9cf2258cb792f51d17fd5c1","data/international/six/db6-0330.idx":"ce6bba6b659d289f3823a0221a5927fe0cbdf313af052cadfbfe0259791590ca","data/international/six/db6-0402.000.chunk":"9508c060e20d0f01da854b4cd4e018f634241b5abb90e73ece71bd4ca69c2517","data/international/six/db6-0402.idx":"096c6e3b12ecf960f7012878baec51d00f1cafda9880d2b29128b21cb3821485","data/international/six/db6-0411.000.chunk":"d3a9300cbe73b288d4d897d20434b6f4373166f58cc69328043a835efbf03247","data/international/six/db6-0411.idx":"1c92044e7b38d59c1485a0b064ed22e5b685346a0d62ac8fce74c3d6d5130cf0","data/international/six/db6-0420.000.chunk":"26162642d1c3439d6e3abcef8c1a210857b371607d82a1714cb99a47ad803a6e","data/international/six/db6-0420.idx":"4d47ac027225d63cf773a0f5fe9258c5e5f3b3670b04de677bc0a10399e3a56d","data/international/six/db6-0501.000.chunk":"82881a78d8a5052037911bc0e1d33231fd1dce64f283fd5f53bb297c26e60221","data/international/six/db6-0501.idx":"d29f8d532adce5f2ba9befd66ae47413b3e91e0666b891c1f08b8b0c7eb4ea10","data/international/six/db6-0510.000.chunk":"28f286c57a29bac59c095d9efdbd2cd87ee648416a0d4e85099bd8c192bc8383","data/international/six/db6-0510.idx":"356a04a2d92ce1c614671b5e246d4c74215c55728480d79d24065252b1e3689a","data/international/six/db6-1212.000.chunk":"5f8cc263773a36546efb0af5e5f6e4bdb4bbd497a50bf00e477aec30e478923f","data/international/six/db6-1212.001.chunk":"578a53681f654ca3463c205428c02a2812751af0fc83aabb26912573bfeabf79","data/international/six/db6-1212.idx":"62c58abb6f24f8280d0f2b0d99cf2e78c85e4a8b8a37da142fdafce33911db7a","data/international/six/db6-1221.000.chunk":"acc65c6b904a669302b3f1dacf917f44852baa3febb2d33379ecdb9153dfd898","data/international/six/db6-1221.001.chunk":"44b31af46ccd5df50c10eea39107f33244be8d98ea39300c2ef739173573f775","data/international/six/db6-1221.002.chunk":"471ec101d7053b0029059f4ce617ffb88512a7d08d86f2be7e170abc29e8c2e9","data/international/six/db6-1221.003.chunk":"67460687baa048e40deaf19e4168f3fd644a9ffaad0475a02a7c65462a249738","data/international/six/db6-1221.idx":"893f2a20b42eb9b6a437b2a4c79635190b1b7d8303d67c2c6048ad762b654072","data/international/six/db6-1230.000.chunk":"45e595ea9c3279d783cf4632762912554f98103bb24fd3712ea5cd371ae077c6","data/international/six/db6-1230.001.chunk":"86282c8af312b2ee4e8a8c36a228ccd72b5a81ae7bd9e03ed86e63c92ba386cb","data/international/six/db6-1230.idx":"56f9a806af26475371ea04d7230e2316e6ce8206ea14fe28628b646ac5415d37","data/international/six/db6-1302.000.chunk":"a0bde8399fecc594fe8ad84b953018c2fd3796805de67f5361982b244027413f","data/international/six/db6-1302.001.chunk":"7398a50ae97329727420dca59b959f28ed295dbdd59e6dd54fb54d88554decfa","data/international/six/db6-1302.idx":"fc695c254e053157a79dfd22c287fcde716e887ba4a0e5765cc27be221efd7ab","data/international/six/db6-1311.000.chunk":"eac5625451bccbdee80bb5d98c1ae8b7d9dc7bcd218240d543e04ec76d692a36","data/international/six/db6-1311.001.chunk":"cc9e1d6f56f80b7f6fe73d30a878bd2c7e9be3cea795d0c64e2847976e57d88b","data/international/six/db6-1311.002.chunk":"33eb6b6262f6d2b248c2772ab41277231e227a0024007db766ae48edc31e7c6a","data/international/six/db6-1311.003.chunk":"d59c08b053c2d047da4cb9f793c9bcb905c689b0ada2108569428639f20eb107","data/international/six/db6-1311.idx":"824155526e1423c28dfc5a9e6ce803006fcdaabe5c5dcb72f52e4e0b29eb634a","data/international/six/db6-1320.000.chunk":"d37c461f883e519b95482bf38863e22c5cf71e3d4d26da2758aa06d8c5a69c1d","data/international/six/db6-1320.idx":"d9787b34307105c715e7b1f7cd463398386f5bdfa4d863fdee92af34b1dbf334","data/international/six/db6-1401.000.chunk":"45bb9b0339452bab7a464741003a168e43178944b286320b1eb70eb15458d17e","data/international/six/db6-1401.idx":"36c748d544a0d108e25f26a748f107ced6045229854dc0ec5cbabf39dccfd078","data/international/six/db6-1410.000.chunk":"6f3110cbbe9f88c12a01a7779b2034df76cc065e7767d153f17fd9d90efead51","data/international/six/db6-1410.idx":"f7a26d77bd12fb29b4d8492481e56c5c692a2c280062cc9518728882acd65890","data/international/six/db6-2121.000.chunk":"2b0d462e7d6f4e9188dec28fac5b91df1d93b655bd6f381e01dc7f82426dc742","data/international/six/db6-2121.001.chunk":"dd308ec8c23cb58e50f3be495b79934782cc3624036f88272a8526c87e6cd1f9","data/international/six/db6-2121.idx":"f3c643c2ac5d25da70b71339bc23d9c452e00244bd29562fd424b6a84ca3ad40","data/international/six/db6-2130.000.chunk":"320904de62832a1c6c9054c7650c61f10dd181da2e9b1b04aa86d2977656fde7","data/international/six/db6-2130.001.chunk":"a96061fbe9ec9d57d2edd5773fbd89145aafc7e5a5845c81bc58c5ecab63d2d6","data/international/six/db6-2130.idx":"9d6ed91ef56e08a1b98ee184839d9a880198c141aba47005a13587c572342a50","data/international/six/db6-2202.000.chunk":"43057f23a613a28f06bc9cd465b7ed44cf887dfe50e7001b7d1ef473cdbfd4b2","data/international/six/db6-2202.001.chunk":"585615fed0ec078a94e0ac32e3d52ac4d16b3eb7375663ff30d45e1293b3d44a","data/international/six/db6-2202.idx":"bae2e2b0a9709d4b46e397efdcdf322b2d461c492f221eb11f0638b2eb5951ec","data/international/six/db6-2211.000.chunk":"11dd5e990995f60597ec46e5f37a79429b072d11cf7353322dd95f7058c6d1ed","data/international/six/db6-2211.001.chunk":"8142e6725e68cefe12a42a8a8530a52182e9f44a2b85cb5ded48e445bc85bd7f","data/international/six/db6-2211.002.chunk":"c4d38e79e79b87802b26eded2a7c364946fea4d95450d35f10d7dcce343a8c69","data/international/six/db6-2211.003.chunk":"20b4af2d5329d20ebb3075c8cb31878935c15512cc2808546418879729f79402","data/international/six/db6-2211.004.chunk":"a4367099cfdacac510225de250b300e8fed1ba70d4438e14b311b7c796501089","data/international/six/db6-2211.005.chunk":"19b3a66dbf1497e2e455732a0f7ffb927c9e577f56c75419716439f524e9d514","data/international/six/db6-2211.006.chunk":"8bd6bc5bd76720a95a312bd8c6bae30701a6e99be19886e16126ca6abc3b2a7e","data/international/six/db6-2211.idx":"a525a93cfb7ccef53dce68366382a0c8764af216568b02b045edd8bd1230012a","data/international/six/db6-2220.000.chunk":"e1af2d5283389f43c81708a249e3c0b9968ed4aa322ac0bca48ca1ccc5d4dd7c","data/international/six/db6-2220.idx":"e3f4b23066c9f91d4a0f43984cbea7c01817d6a0e25c3705c7fb8327eb8a31a6","data/international/six/db6-2301.000.chunk":"0b6489a374a7680cb6697f2e78d0261558c15e5f6c629279b84f760cc5e2d4e4","data/international/six/db6-2301.idx":"fdcbc2bd251bf3b73822bd0e2b92cb8791deaa009bd2ab8730a25e3395ce7726","data/international/six/db6-2310.000.chunk":"13ae77b5d13ad94678dab0cfb4ca74f4db89190371eacc10bd92cadf10eb350f","data/international/six/db6-2310.idx":"1f8ece0f98423c4b9213ab41a2eec40fe32679fe71268bce240714d1b7896cda","data/international/six/db6-3030.000.chunk":"cecd125dd3e9f0e1fa8f42abd0d51c9b3f679839db56a60b50b380e764302569","data/international/six/db6-3030.idx":"c41521d134874aaa3151b4595373caf3a91afc0aea9e249c0d722612c0370a82","data/international/six/db6-3102.000.chunk":"c90c2e7384f00811e0445f566d7aa7243e861b65c71791df05f3679c1e6080c1","data/international/six/db6-3102.idx":"f0161e4b20319d077c04ae0e4607ac81a7b50315ea72ff456494b00072dac06d","data/international/six/db6-3111.000.chunk":"e62bab91ea59dbef862261975d320585d13f83fbaf709c7d686e0a085b594576","data/international/six/db6-3111.001.chunk":"49c653dccca0ad25d6c3e858f8dd55e540dfb48d6cee1dba749214d8d12b129b","data/international/six/db6-3111.002.chunk":"f3e3f75261fe41cc65d1ee5c3e4c391c5945e96c7635c091e384ed10d253043c","data/international/six/db6-3111.003.chunk":"5c6f451ee293fea2955580ac6717a2aeb991c58693c1f9a0aa5f7107c506d075","data/international/six/db6-3111.004.chunk":"53e58423b9d85e32bbb2eb3552df28124d5172ca983c214738558e7cf543234d","data/international/six/db6-3111.005.chunk":"6fa72cec7f0dcd4a79458b766c04f2fbbc3eeb1804f8ab8f1a3d546c1d0c04df","data/international/six/db6-3111.idx":"552cea6807e5de8bdaaa7430e48429d2876663c1c13bf8a80438ec3fc11222db","data/international/six/db6-3120.000.chunk":"4849d82cf6c7978ef034fc98ef90951d041b740fd79510c67f902a447061a5d2","data/international/six/db6-3120.idx":"b5243e519c0a2fb6f513062094758a95306e9144a48c7a555a79ed1887780c86","data/international/six/db6-3201.000.chunk":"8d899206c06202a55395530df8eab92bbd29b879e1310c0b704bdd26d1131772","data/international/six/db6-3201.idx":"f9b27e6e4cee762ed97a568b8f32673b1bfe5c22a64d0c5b47b7a18f39749958","data/international/six/db6-3210.000.chunk":"f829ad406b3b2b1f45e1ac30bc0e43440ce2b808025c27d3bfff2f704edeffb4","data/international/six/db6-3210.idx":"ab335ebeed4f38b97ad72512c77a84aa1a7a5b5d63f00278d205e9386b07c3be","data/international/six/db6-4002.000.chunk":"1f810fcb514771696b8b44d264a552607de2068b0595e165ee1b337f691d2530","data/international/six/db6-4002.idx":"7813f455b5b0225444c95e3424c3f30414373dae0cc6065d9b3e7bd07c304c67","data/international/six/db6-4011.000.chunk":"4e9176f2619ef1c62e5cbc5cb1e3ca7a0c45035148e4fb526eefc1266e1e7e38","data/international/six/db6-4011.idx":"84ad8d66b8560bdcf7a999b867381f36d93ee7724cf89d5abda8020ff9658e2d","data/international/six/db6-4020.000.chunk":"c1b0099c29929bd38f39e02b805bfa395e8b058bc73b3710bf6112efc2a56413","data/international/six/db6-4020.idx":"ed46094e80d77e4f27bdae4fe5678903eac0d72ff11bfbf0addf2d84205b7acd","data/international/six/db6-4101.000.chunk":"84e48039e29063ac53bb53f825c070190c6d424d91e41b3c6b8a5712d99dc07a","data/international/six/db6-4101.idx":"5b89058e3c8e2d225b5f80560b27f8001e42d648b410a616165747f2dc2f2a1b","data/international/six/db6-4110.000.chunk":"271c7e822c1a87b1a01c50a0705040d4e22f6f1a6850ba2baf547b09019a9e9c","data/international/six/db6-4110.idx":"99d0d61cfa656d9c84500f41892c66fbe9d24ebd96b873e63d8b3a3315a0fa78","data/international/six/db6-5001.000.chunk":"abb0af9db0c77accee65b836150e0eeed6c24d79d1c552ff21c9f1825e3846cf","data/international/six/db6-5001.idx":"3316a344e28cc3115daf8ed5d0dbf7f66dc57cafc39262172026d7efea6aab76","data/international/six/db6-5010.000.chunk":"b842fd58f936f742947a84e4587ba88fbc656ffa85371e2e75f57b79af612c5b","data/international/six/db6-5010.idx":"bd8c7a7853c0528d92799fbad5a1344a1ae4e7478598c9c82171afccef8cee41","data/international/six/manifest.json":"6532df5af4306b1b6b16723155b756faacef549bcc8292ccbf0e7663a707a28c","data/international/tunstall-v2.bin":"92fa921a410c270c3126811dc2d8af22e1691aedaaf0d020ee01adbe572d26a9","src/bots.ts":"450791148c7bb7c6c3d74dfa732917f51472c127abf2d32b9436376de3acc219","src/chinook-corpus.ts":"d38d8fc850c1d27d0e5d4b883bd87798278761a16ad5973dc78b3b3b867e08c8","src/chinook.ts":"97310193de9dda474899a027d3519bbd536db9ee2a6ca6530a7e218f7fe5f32a","src/core.ts":"516f8b970c8cd1298882b76b8e61552f74464ea4224207c304f436e2e3532c6b","src/draws.ts":"e256daaef8fb43b498e8adcb71a77451c55aa9b1c24fc0a44bc36ee613dda4d1","src/endgame.ts":"f9f6cea20233c09dbd4cc3cf1337300ecc0cd5b833674e94baa193d04db98821","src/international-corpus.ts":"356c00f5c25642a9393e73e16306f0e02bb31e10818e0cdcfd99e26534b84a8a","src/international-indexes.ts":"fb56f60992bbbb589bd4069d565672aba4f5a61227a5380a874e6001ee991625","src/international-search.ts":"67b4ba228bfbf4e122c65c3619a0d529be07a3e3423f1ad5c51227d5f99962ee","src/international-six-data.ts":"08566eb9e7c6d7b324ac3a26f72edf86f8b22634361ec052d099bdab88e851d6","src/international-six-indexes.ts":"641218fe08800d06c9ec0b592cbac46978cd0d64249cff4f32b32eff77797c99","src/international.ts":"832f0dc95b0d8ac14e61af29914796df3128856c1617dbd8c8c24d20319b21ce","src/moves.ts":"d4ea90d730fb1add4f3d8fb98401fb9030a3e1e5ab83eb209b4a7839bd0044e1","src/retrograde.ts":"62ac9082dd82914f4a39e29d448b2e2defb03d2292090a110d747545052eca03","src/schema.ts":"416cb6ea418a0c71eb31e4cf8452bb16fbf455d23bd338a0326a76c22e0670ee","src/types.ts":"079cd5dbb2e20329bf386c3f506c3009534d2afce98804a1a999a239fe1cb16a"},"workerAllocation":[[{"variant":"american","workers":4}]],"warmups":[{"kind":"ready","variant":"american","importSeconds":0.6695309570000002,"memory":{"rss":378531840,"heapTotal":169234432,"heapUsed":158262880,"external":99203571,"arrayBuffers":96274437}},{"kind":"ready","variant":"american","importSeconds":0.614248988,"memory":{"rss":698167296,"heapTotal":169758720,"heapUsed":157223368,"external":99203571,"arrayBuffers":96274437}},{"kind":"ready","variant":"american","importSeconds":0.6041963620000002,"memory":{"rss":984375296,"heapTotal":169758720,"heapUsed":156504008,"external":99203571,"arrayBuffers":96274437}},{"kind":"ready","variant":"american","importSeconds":0.5975993040000003,"memory":{"rss":1272467456,"heapTotal":170020864,"heapUsed":156385656,"external":99203571,"arrayBuffers":96274437}}],"wholeProcessPeakRssKiB":3125256,"totalGames":2000,"elapsedSeconds":234.18874085200002}
2026-10-08T23:40:50.4754348Z {"status":"PASS","stage":"league-american","sourceCommit":"e7a5c6463af2f0033ff08d333fb378ad160c1e43","elapsedSeconds":273.97628038100004}
2026-10-08T23:40:50.4893114Z ##[group]Run actions/upload-artifact@v4
2026-10-08T23:40:50.4893450Z with:
2026-10-08T23:40:50.4893807Z   name: G10-stage-league-american-e7a5c6463af2f0033ff08d333fb378ad160c1e43
2026-10-08T23:40:50.4894647Z   path: jobs/G10-checkers/.work-stage-league-american.stdout
jobs/G10-checkers/.work/checks
jobs/G10-checkers/.work/browser
jobs/G10-checkers/.work/media

2026-10-08T23:40:50.4895317Z   if-no-files-found: error
2026-10-08T23:40:50.4895562Z   include-hidden-files: true
2026-10-08T23:40:50.4895804Z   retention-days: 7
2026-10-08T23:40:50.4896038Z   compression-level: 6
2026-10-08T23:40:50.4896253Z   overwrite: false
2026-10-08T23:40:50.4896450Z env:
2026-10-08T23:40:50.4896699Z   G10_SOURCE_COMMIT: e7a5c6463af2f0033ff08d333fb378ad160c1e43
2026-10-08T23:40:50.4897037Z ##[endgroup]
2026-10-08T23:40:50.6617131Z (node:2620) [DEP0040] DeprecationWarning: The `punycode` module is deprecated. Please use a userland alternative instead.
2026-10-08T23:40:50.6618114Z (Use `node --trace-deprecation ...` to show where the warning was created)
2026-10-08T23:40:50.6793093Z Multiple search paths detected. Calculating the least common ancestor of all paths
2026-10-08T23:40:50.6796491Z The least common ancestor is /home/runner/work/partybox-game-cores/partybox-game-cores/jobs/G10-checkers. This will be the root directory of the artifact
2026-10-08T23:40:50.6798027Z With the provided path, there will be 43 files uploaded
2026-10-08T23:40:50.6803432Z Artifact name is valid!
2026-10-08T23:40:50.6803873Z Root directory input is valid!
2026-10-08T23:40:50.8699797Z Beginning upload of artifact content to blob storage
2026-10-08T23:40:51.0054517Z (node:2620) [DEP0169] DeprecationWarning: `url.parse()` behavior is not standardized and prone to errors that have security implications. Use the WHATWG URL API instead. CVEs are not issued for `url.parse()` vulnerabilities.
2026-10-08T23:40:51.0522388Z Uploaded bytes 372087
2026-10-08T23:40:51.0673756Z Finished uploading artifact content to blob storage!
2026-10-08T23:40:51.0675177Z SHA256 digest of uploaded artifact zip is 1d3dfd48b561cd21b248ced57ccb953b78325c4ffe036dd3d4cb93cb1ff7bcbb
2026-10-08T23:40:51.0676494Z Finalizing artifact upload
2026-10-08T23:40:51.2789805Z Artifact G10-stage-league-american-e7a5c6463af2f0033ff08d333fb378ad160c1e43.zip successfully finalized. Artifact ID 11585473300
2026-10-08T23:40:51.2791665Z Artifact G10-stage-league-american-e7a5c6463af2f0033ff08d333fb378ad160c1e43 has been successfully uploaded! Final size is 372087 bytes. Artifact ID is 11585473300
2026-10-08T23:40:51.2799796Z Artifact download URL: https://github.com/luisitin/partybox-game-cores/actions/runs/37860295647/artifacts/11585473300
2026-10-08T23:40:51.3003863Z Post job cleanup.
2026-10-08T23:40:51.4305025Z (node:2633) [DEP0040] DeprecationWarning: The `punycode` module is deprecated. Please use a userland alternative instead.
2026-10-08T23:40:51.4306536Z (Use `node --trace-deprecation ...` to show where the warning was created)
2026-10-08T23:40:51.4308939Z Cache hit occurred on the primary key node-cache-Linux-x64-npm-b79e3f2344d4218dbbb2f93f566da8e1ac49738aa1184813b150890d461d0c8a, not saving cache.
2026-10-08T23:40:51.4503934Z Post job cleanup.
2026-10-08T23:40:51.5386420Z [command]/usr/bin/git version
2026-10-08T23:40:51.5431916Z git version 2.55.0
2026-10-08T23:40:51.5471706Z Temporarily overriding HOME='/home/runner/work/_temp/58bd22e2-5699-448e-b051-e2d08bd50c4b' before making global git config changes
2026-10-08T23:40:51.5473814Z Adding repository directory to the temporary git global config as a safe directory
2026-10-08T23:40:51.5477921Z [command]/usr/bin/git config --global --add safe.directory /home/runner/work/partybox-game-cores/partybox-game-cores
2026-10-08T23:40:51.5519954Z [command]/usr/bin/git config --local --name-only --get-regexp core\.sshCommand
2026-10-08T23:40:51.5557518Z [command]/usr/bin/git submodule foreach --recursive sh -c "git config --local --name-only --get-regexp 'core\.sshCommand' && git config --local --unset-all 'core.sshCommand' || :"
2026-10-08T23:40:51.5818771Z [command]/usr/bin/git config --local --name-only --get-regexp http\.https\:\/\/github\.com\/\.extraheader
2026-10-08T23:40:51.5851471Z http.https://github.com/.extraheader
2026-10-08T23:40:51.5864037Z [command]/usr/bin/git config --local --unset-all http.https://github.com/.extraheader
2026-10-08T23:40:51.5904128Z [command]/usr/bin/git submodule foreach --recursive sh -c "git config --local --name-only --get-regexp 'http\.https\:\/\/github\.com\/\.extraheader' && git config --local --unset-all 'http.https://github.com/.extraheader' || :"
2026-10-08T23:40:51.6221702Z [command]/usr/bin/git config --local --name-only --get-regexp ^includeIf\.gitdir:
2026-10-08T23:40:51.6279527Z [command]/usr/bin/git submodule foreach --recursive git config --local --show-origin --name-only --get-regexp remote.origin.url
2026-10-08T23:40:51.6765527Z Cleaning up orphan processes
2026-10-08T23:40:51.7160856Z ##[warning]Node.js 20 is deprecated. The following actions target Node.js 20 but are being forced to run on Node.js 24: actions/checkout@v4, actions/setup-node@v4, actions/upload-artifact@v4. For more information see: https://github.blog/changelog/2025-09-19-deprecation-of-node-20-on-github-actions-runners/
