2026-10-09T07:10:51.4872872Z Current runner version: '2.337.0'
2026-10-09T07:10:51.4897000Z ##[group]Runner Image Provisioner
2026-10-09T07:10:51.4897897Z Hosted Compute Agent
2026-10-09T07:10:51.4898549Z Version: 20261002.596
2026-10-09T07:10:51.4899199Z Commit: c3d12f3313a95f25162a1503be624f3b0617f8c0
2026-10-09T07:10:51.4900399Z Build Date: 2026-10-02T22:28:27Z
2026-10-09T07:10:51.4901216Z Worker ID: {afb2deeb-4bc4-4a52-a37d-a55948c8fa41}
2026-10-09T07:10:51.4901929Z Region: westus
2026-10-09T07:10:51.4902452Z Cloud: Azure
2026-10-09T07:10:51.4903053Z ##[endgroup]
2026-10-09T07:10:51.4904591Z ##[group]Operating System
2026-10-09T07:10:51.4905345Z Ubuntu
2026-10-09T07:10:51.4905870Z 24.04.5
2026-10-09T07:10:51.4906414Z LTS
2026-10-09T07:10:51.4906994Z ##[endgroup]
2026-10-09T07:10:51.4907582Z ##[group]Runner Image
2026-10-09T07:10:51.4908216Z Image: ubuntu-24.04
2026-10-09T07:10:51.4908804Z Version: 20261004.327.1
2026-10-09T07:10:51.4910323Z Included Software: https://github.com/actions/runner-images/blob/ubuntu24/20261004.327/images/ubuntu/Ubuntu2404-Readme.md
2026-10-09T07:10:51.4911935Z Image Release: https://github.com/actions/runner-images/releases/tag/ubuntu24%2F20261004.327
2026-10-09T07:10:51.4912943Z ##[endgroup]
2026-10-09T07:10:51.4914066Z ##[group]GITHUB_TOKEN Permissions
2026-10-09T07:10:51.4916015Z Contents: read
2026-10-09T07:10:51.4916689Z Metadata: read
2026-10-09T07:10:51.4917250Z ##[endgroup]
2026-10-09T07:10:51.4919316Z Secret source: Actions
2026-10-09T07:10:51.4920527Z Cache mode: write
2026-10-09T07:10:51.4921406Z Prepare workflow directory
2026-10-09T07:10:51.6928328Z Prepare all required actions
2026-10-09T07:10:51.6976549Z Getting action download info
2026-10-09T07:10:52.0320842Z Download action repository 'actions/checkout@v4' (SHA:11d5960a326750d5838078e36cf38b85af677262)
2026-10-09T07:10:52.1289631Z Download action repository 'actions/setup-node@v4' (SHA:49933ea5288caeca8642d1e84afbd3f7d6820020)
2026-10-09T07:10:52.2133049Z Download action repository 'actions/upload-artifact@v4' (SHA:ea165f8d65b6e75b540449e92b4886f43607fa02)
2026-10-09T07:10:52.6695860Z Complete job name: browser-bootstrap
2026-10-09T07:10:53.1004276Z ##[group]Run actions/checkout@v4
2026-10-09T07:10:53.1005249Z with:
2026-10-09T07:10:53.1005783Z   ref: 75abc5dceae9fa2001f68b98fc7fa0b606931592
2026-10-09T07:10:53.1006457Z   repository: luisitin/partybox-game-cores
2026-10-09T07:10:53.1010874Z   token: ***
2026-10-09T07:10:53.1011369Z   ssh-strict: true
2026-10-09T07:10:53.1011833Z   ssh-user: git
2026-10-09T07:10:53.1012301Z   persist-credentials: true
2026-10-09T07:10:53.1012816Z   clean: true
2026-10-09T07:10:53.1013279Z   sparse-checkout-cone-mode: true
2026-10-09T07:10:53.1013824Z   fetch-depth: 1
2026-10-09T07:10:53.1014289Z   fetch-tags: false
2026-10-09T07:10:53.1014752Z   show-progress: true
2026-10-09T07:10:53.1015220Z   lfs: false
2026-10-09T07:10:53.1015662Z   submodules: false
2026-10-09T07:10:53.1016145Z   set-safe-directory: true
2026-10-09T07:10:53.1016680Z   allow-unsafe-pr-checkout: false
2026-10-09T07:10:53.1017553Z env:
2026-10-09T07:10:53.1018134Z   G02_SOURCE_HEAD: 75abc5dceae9fa2001f68b98fc7fa0b606931592
2026-10-09T07:10:53.1018833Z ##[endgroup]
2026-10-09T07:10:53.2042118Z Syncing repository: luisitin/partybox-game-cores
2026-10-09T07:10:53.2045051Z ##[group]Getting Git version info
2026-10-09T07:10:53.2046462Z Working directory is '/home/runner/work/partybox-game-cores/partybox-game-cores'
2026-10-09T07:10:53.2048405Z [command]/usr/bin/git version
2026-10-09T07:10:53.2100040Z git version 2.55.0
2026-10-09T07:10:53.2146233Z ##[endgroup]
2026-10-09T07:10:53.2156554Z Temporarily overriding HOME='/home/runner/work/_temp/50d81a0f-6633-4fc9-9914-74ff9d3b000a' before making global git config changes
2026-10-09T07:10:53.2159182Z Adding repository directory to the temporary git global config as a safe directory
2026-10-09T07:10:53.2161876Z [command]/usr/bin/git config --global --add safe.directory /home/runner/work/partybox-game-cores/partybox-game-cores
2026-10-09T07:10:53.2208386Z Deleting the contents of '/home/runner/work/partybox-game-cores/partybox-game-cores'
2026-10-09T07:10:53.2223704Z ##[group]Initializing the repository
2026-10-09T07:10:53.2225631Z [command]/usr/bin/git init /home/runner/work/partybox-game-cores/partybox-game-cores
2026-10-09T07:10:53.2349441Z hint: Using 'master' as the name for the initial branch. This default branch name
2026-10-09T07:10:53.2351120Z hint: will change to "main" in Git 3.0. To configure the initial branch name
2026-10-09T07:10:53.2352167Z hint: to use in all of your new repositories, which will suppress this warning,
2026-10-09T07:10:53.2352944Z hint: call:
2026-10-09T07:10:53.2353372Z hint:
2026-10-09T07:10:53.2353930Z hint: 	git config --global init.defaultBranch <name>
2026-10-09T07:10:53.2354576Z hint:
2026-10-09T07:10:53.2355185Z hint: Names commonly chosen instead of 'master' are 'main', 'trunk' and
2026-10-09T07:10:53.2356120Z hint: 'development'. The just-created branch can be renamed via this command:
2026-10-09T07:10:53.2356885Z hint:
2026-10-09T07:10:53.2357329Z hint: 	git branch -m <name>
2026-10-09T07:10:53.2357870Z hint:
2026-10-09T07:10:53.2358526Z hint: Disable this message with "git config set advice.defaultBranchName false"
2026-10-09T07:10:53.2363460Z Initialized empty Git repository in /home/runner/work/partybox-game-cores/partybox-game-cores/.git/
2026-10-09T07:10:53.2375523Z [command]/usr/bin/git remote add origin https://github.com/luisitin/partybox-game-cores
2026-10-09T07:10:53.2429095Z ##[endgroup]
2026-10-09T07:10:53.2430609Z ##[group]Disabling automatic garbage collection
2026-10-09T07:10:53.2432410Z [command]/usr/bin/git config --local gc.auto 0
2026-10-09T07:10:53.2467760Z ##[endgroup]
2026-10-09T07:10:53.2469454Z ##[group]Setting up auth
2026-10-09T07:10:53.2473592Z [command]/usr/bin/git config --local --name-only --get-regexp core\.sshCommand
2026-10-09T07:10:53.2513582Z [command]/usr/bin/git submodule foreach --recursive sh -c "git config --local --name-only --get-regexp 'core\.sshCommand' && git config --local --unset-all 'core.sshCommand' || :"
2026-10-09T07:10:53.2918786Z [command]/usr/bin/git config --local --name-only --get-regexp http\.https\:\/\/github\.com\/\.extraheader
2026-10-09T07:10:53.2955688Z [command]/usr/bin/git submodule foreach --recursive sh -c "git config --local --name-only --get-regexp 'http\.https\:\/\/github\.com\/\.extraheader' && git config --local --unset-all 'http.https://github.com/.extraheader' || :"
2026-10-09T07:10:53.3183896Z [command]/usr/bin/git config --local --name-only --get-regexp ^includeIf\.gitdir:
2026-10-09T07:10:53.3220917Z [command]/usr/bin/git submodule foreach --recursive git config --local --show-origin --name-only --get-regexp remote.origin.url
2026-10-09T07:10:53.3447672Z [command]/usr/bin/git config --local http.https://github.com/.extraheader AUTHORIZATION: basic ***
2026-10-09T07:10:53.3489506Z ##[endgroup]
2026-10-09T07:10:53.3491474Z ##[group]Fetching the repository
2026-10-09T07:10:53.3499527Z [command]/usr/bin/git -c protocol.version=2 fetch --no-tags --prune --no-recurse-submodules --depth=1 origin 75abc5dceae9fa2001f68b98fc7fa0b606931592
2026-10-09T07:10:57.2428177Z From https://github.com/luisitin/partybox-game-cores
2026-10-09T07:10:57.2429627Z  * branch            75abc5dceae9fa2001f68b98fc7fa0b606931592 -> FETCH_HEAD
2026-10-09T07:10:57.2432717Z ##[endgroup]
2026-10-09T07:10:57.2433879Z ##[group]Determining the checkout info
2026-10-09T07:10:57.2435944Z ##[endgroup]
2026-10-09T07:10:57.2443344Z [command]/usr/bin/git sparse-checkout disable
2026-10-09T07:10:57.2505852Z [command]/usr/bin/git config --local --unset-all extensions.worktreeConfig
2026-10-09T07:10:57.2537103Z ##[group]Checking out the ref
2026-10-09T07:10:57.2541183Z [command]/usr/bin/git checkout --progress --force 75abc5dceae9fa2001f68b98fc7fa0b606931592
2026-10-09T07:10:57.4962315Z Note: switching to '75abc5dceae9fa2001f68b98fc7fa0b606931592'.
2026-10-09T07:10:57.4962917Z 
2026-10-09T07:10:57.4963256Z You are in 'detached HEAD' state. You can look around, make experimental
2026-10-09T07:10:57.4963922Z changes and commit them, and you can discard any commits you make in this
2026-10-09T07:10:57.4965000Z state without impacting any branches by switching back to a branch.
2026-10-09T07:10:57.4965430Z 
2026-10-09T07:10:57.4965702Z If you want to create a new branch to retain commits you create, you may
2026-10-09T07:10:57.4966314Z do so (now or later) by using -c with the switch command. Example:
2026-10-09T07:10:57.4966696Z 
2026-10-09T07:10:57.4966835Z   git switch -c <new-branch-name>
2026-10-09T07:10:57.4967142Z 
2026-10-09T07:10:57.4967283Z Or undo this operation with:
2026-10-09T07:10:57.4967568Z 
2026-10-09T07:10:57.4967691Z   git switch -
2026-10-09T07:10:57.4967956Z 
2026-10-09T07:10:57.4968217Z Turn off this advice by setting config variable advice.detachedHead to false
2026-10-09T07:10:57.4968673Z 
2026-10-09T07:10:57.4968949Z HEAD is now at 75abc5d G02 exclude public discard cards from finishing layoff targets
2026-10-09T07:10:57.4994559Z ##[endgroup]
2026-10-09T07:10:57.5041941Z [command]/usr/bin/git log -1 --format=%H
2026-10-09T07:10:57.5068998Z 75abc5dceae9fa2001f68b98fc7fa0b606931592
2026-10-09T07:10:57.6709575Z ##[group]Run actions/setup-node@v4
2026-10-09T07:10:57.6710178Z with:
2026-10-09T07:10:57.6710465Z   node-version: 22.16.0
2026-10-09T07:10:57.6710794Z   cache: npm
2026-10-09T07:10:57.6711157Z   cache-dependency-path: jobs/G02-gin-rummy/package-lock.json
2026-10-09T07:10:57.6711576Z   always-auth: false
2026-10-09T07:10:57.6711850Z   check-latest: false
2026-10-09T07:10:57.6714379Z   token: ***
2026-10-09T07:10:57.6714637Z env:
2026-10-09T07:10:57.6714948Z   G02_SOURCE_HEAD: 75abc5dceae9fa2001f68b98fc7fa0b606931592
2026-10-09T07:10:57.6715330Z ##[endgroup]
2026-10-09T07:10:57.8060282Z Attempting to download 22.16.0...
2026-10-09T07:10:57.8166525Z (node:2308) [DEP0040] DeprecationWarning: The `punycode` module is deprecated. Please use a userland alternative instead.
2026-10-09T07:10:57.8168190Z (Use `node --trace-deprecation ...` to show where the warning was created)
2026-10-09T07:10:58.4647187Z Acquiring 22.16.0 - x64 from https://github.com/actions/node-versions/releases/download/22.16.0-15177438473/node-22.16.0-linux-x64.tar.gz
2026-10-09T07:10:59.0590804Z Extracting ...
2026-10-09T07:10:59.0714195Z [command]/usr/bin/tar xz --strip 1 --warning=no-unknown-keyword --overwrite -C /home/runner/work/_temp/e6089cc8-8941-4914-9395-ce8d836b46e3 -f /home/runner/work/_temp/385fcb85-8d8c-4310-9d26-42ed792b5466
2026-10-09T07:11:00.2881929Z Adding to the cache ...
2026-10-09T07:11:02.2633551Z ##[group]Environment details
2026-10-09T07:11:02.4795532Z node: v22.16.0
2026-10-09T07:11:02.4795816Z npm: 10.9.2
2026-10-09T07:11:02.4796137Z yarn: 1.22.22
2026-10-09T07:11:02.4797000Z ##[endgroup]
2026-10-09T07:11:02.4819088Z [command]/opt/hostedtoolcache/node/22.16.0/x64/bin/npm config get cache
2026-10-09T07:11:02.5753160Z /home/runner/.npm
2026-10-09T07:11:02.8378787Z Cache hit for: node-cache-Linux-x64-npm-d48b0073b1be2df746cbb2cab1dca64dc5674a863aed54a4ee7f428aad681317
2026-10-09T07:11:02.8496233Z (node:2308) [DEP0169] DeprecationWarning: `url.parse()` behavior is not standardized and prone to errors that have security implications. Use the WHATWG URL API instead. CVEs are not issued for `url.parse()` vulnerabilities.
2026-10-09T07:11:04.1099679Z Received 4287965 of 12676573 (33.8%), 4.1 MBs/sec
2026-10-09T07:11:04.5886037Z Received 12676573 of 12676573 (100.0%), 8.2 MBs/sec
2026-10-09T07:11:04.5886597Z Cache Size: ~12 MB (12676573 B)
2026-10-09T07:11:04.5914979Z [command]/usr/bin/tar -xf /home/runner/work/_temp/ddf59b15-2f75-46dd-9b72-9b46607b6a2b/cache.tzst -P -C /home/runner/work/partybox-game-cores/partybox-game-cores --use-compress-program unzstd
2026-10-09T07:11:04.6139669Z Cache restored successfully
2026-10-09T07:11:04.6150323Z Cache restored from key: node-cache-Linux-x64-npm-d48b0073b1be2df746cbb2cab1dca64dc5674a863aed54a4ee7f428aad681317
2026-10-09T07:11:04.6484096Z ##[group]Run node --input-type=module <<'JS'
2026-10-09T07:11:04.6484535Z [36;1mnode --input-type=module <<'JS'[0m
2026-10-09T07:11:04.6484900Z [36;1mimport assert from 'node:assert/strict';[0m
2026-10-09T07:11:04.6485490Z [36;1mimport {readFile,appendFile} from 'node:fs/promises';[0m
2026-10-09T07:11:04.6485874Z [36;1mimport {createHash} from 'node:crypto';[0m
2026-10-09T07:11:04.6486406Z [36;1mconst request=JSON.parse(await readFile('evidence/audit-20261009/bootstrap-request.json','utf8'));[0m
2026-10-09T07:11:04.6487080Z [36;1massert.equal(request.version,1);assert.equal(typeof request.enabled,'boolean');[0m
2026-10-09T07:11:04.6487519Z [36;1mif(request.enabled){[0m
2026-10-09T07:11:04.6490006Z [36;1m assert(['mandatory one-workflow correction; first capture binding the corrected G02 workflow','verified material Strong Gin-priority repair; first capture for changed game source','verified material Gin draw repair; first capture for changed game source','verified material same-meld finishing knock repair; first capture for changed game source','verified material closed-meld finishing knock repair; first capture for changed game source','verified material public-discard closed-meld finishing knock repair; first capture for changed game source'].includes(request.reason),'explicit material/protocol bootstrap reason required');[0m
2026-10-09T07:11:04.6492443Z [36;1m const sha=bytes=>createHash('sha256').update(bytes).digest('hex');[0m
2026-10-09T07:11:04.6492952Z [36;1m assert.equal(sha(await readFile('src/core.ts')),request.coreSha256);[0m
2026-10-09T07:11:04.6493455Z [36;1m assert.equal(sha(await readFile('play.html')),request.htmlSha256);[0m
2026-10-09T07:11:04.6493836Z [36;1m}[0m
2026-10-09T07:11:04.6494231Z [36;1mawait appendFile(process.env.GITHUB_OUTPUT,'bootstrap='+String(request.enabled)+'\n');[0m
2026-10-09T07:11:04.6494999Z [36;1mconsole.log(JSON.stringify({nativeBootstrapRequested:request.enabled,samplersExecuted:false,reason:request.reason}));[0m
2026-10-09T07:11:04.6495593Z [36;1mJS[0m
2026-10-09T07:11:04.6776860Z shell: /usr/bin/bash -e {0}
2026-10-09T07:11:04.6777235Z env:
2026-10-09T07:11:04.6777602Z   G02_SOURCE_HEAD: 75abc5dceae9fa2001f68b98fc7fa0b606931592
2026-10-09T07:11:04.6778111Z ##[endgroup]
2026-10-09T07:11:04.7183424Z {"nativeBootstrapRequested":true,"samplersExecuted":false,"reason":"verified material public-discard closed-meld finishing knock repair; first capture for changed game source"}
2026-10-09T07:11:04.7416317Z ##[group]Run mkdir -p .work/initial-presence-bootstrap
2026-10-09T07:11:04.7416778Z [36;1mmkdir -p .work/initial-presence-bootstrap[0m
2026-10-09T07:11:04.7417119Z [36;1mnode --input-type=module <<'JS'[0m
2026-10-09T07:11:04.7417439Z [36;1mimport {writeFile} from 'node:fs/promises';[0m
2026-10-09T07:11:04.7417771Z [36;1mimport assert from 'node:assert/strict';[0m
2026-10-09T07:11:04.7418133Z [36;1mimport {execFileSync} from 'node:child_process';[0m
2026-10-09T07:11:04.7420642Z [36;1mconst identity={version:1,head:process.env.G02_SOURCE_HEAD,ref:process.env.GITHUB_REF,sourceBranch:process.env.GITHUB_HEAD_REF,checkoutSha:execFileSync('git',['rev-parse','HEAD'],{encoding:'utf8'}).trim(),runId:process.env.GITHUB_RUN_ID,runAttempt:process.env.GITHUB_RUN_ATTEMPT,job:process.env.GITHUB_JOB,repository:process.env.GITHUB_REPOSITORY,startedUtc:new Date().toISOString(),purpose:'Fresh original browser evidence for an explicitly requested material G02 repair; not full npm-test acceptance.',originalVerifyJobUnchanged:true,physicalPhoneTested:false};[0m
2026-10-09T07:11:04.7423022Z [36;1mawait writeFile('.work/initial-presence-bootstrap/run.json',JSON.stringify(identity,null,2)+'\n');[0m
2026-10-09T07:11:04.7423778Z [36;1massert.equal(identity.runAttempt,'1','this bootstrap must not be rerun to chase a frame pass');[0m
2026-10-09T07:11:04.7424408Z [36;1massert.equal(identity.sourceBranch,'job/G02-gin-rummy-audit-20261009');[0m
2026-10-09T07:11:04.7425045Z [36;1massert.equal(identity.checkoutSha,identity.head,'bootstrap checkout must be the exact source head');[0m
2026-10-09T07:11:04.7425554Z [36;1mJS[0m
2026-10-09T07:11:04.7490598Z shell: /usr/bin/bash -e {0}
2026-10-09T07:11:04.7490860Z env:
2026-10-09T07:11:04.7491125Z   G02_SOURCE_HEAD: 75abc5dceae9fa2001f68b98fc7fa0b606931592
2026-10-09T07:11:04.7491629Z ##[endgroup]
2026-10-09T07:11:04.8153533Z ##[group]Run npm ci --ignore-scripts --no-audit --no-fund
2026-10-09T07:11:04.8153980Z [36;1mnpm ci --ignore-scripts --no-audit --no-fund[0m
2026-10-09T07:11:04.8220981Z shell: /usr/bin/bash -e {0}
2026-10-09T07:11:04.8221246Z env:
2026-10-09T07:11:04.8221526Z   G02_SOURCE_HEAD: 75abc5dceae9fa2001f68b98fc7fa0b606931592
2026-10-09T07:11:04.8221879Z ##[endgroup]
2026-10-09T07:11:06.2231853Z 
2026-10-09T07:11:06.2232423Z added 6 packages in 1s
2026-10-09T07:11:06.2924974Z ##[group]Run npx playwright install --with-deps chromium
2026-10-09T07:11:06.2925423Z [36;1mnpx playwright install --with-deps chromium[0m
2026-10-09T07:11:06.2989432Z shell: /usr/bin/bash -e {0}
2026-10-09T07:11:06.2989701Z env:
2026-10-09T07:11:06.2990149Z   G02_SOURCE_HEAD: 75abc5dceae9fa2001f68b98fc7fa0b606931592
2026-10-09T07:11:06.2990506Z ##[endgroup]
2026-10-09T07:11:07.1390342Z Installing dependencies...
2026-10-09T07:11:07.1450139Z Switching to root user to install dependencies...
2026-10-09T07:11:07.2323285Z Get:1 file:/etc/apt/apt-mirrors.txt Mirrorlist [144 B]
2026-10-09T07:11:07.2573403Z Get:6 https://packages.microsoft.com/ubuntu/24.04/prod noble InRelease [3600 B]
2026-10-09T07:11:07.2680508Z Hit:2 http://azure.archive.ubuntu.com/ubuntu noble InRelease
2026-10-09T07:11:07.2699316Z Get:3 http://azure.archive.ubuntu.com/ubuntu noble-updates InRelease [126 kB]
2026-10-09T07:11:07.2730512Z Get:4 http://azure.archive.ubuntu.com/ubuntu noble-backports InRelease [126 kB]
2026-10-09T07:11:07.2751269Z Get:5 http://azure.archive.ubuntu.com/ubuntu noble-security InRelease [126 kB]
2026-10-09T07:11:07.3367282Z Get:7 https://packages.microsoft.com/ubuntu/24.04/prod noble/main arm64 Packages [475 kB]
2026-10-09T07:11:07.3507068Z Get:8 https://packages.microsoft.com/ubuntu/24.04/prod noble/main all Packages [640 B]
2026-10-09T07:11:07.3534852Z Get:9 https://packages.microsoft.com/ubuntu/24.04/prod noble/main armhf Packages [12.3 kB]
2026-10-09T07:11:07.3554388Z Get:10 https://packages.microsoft.com/ubuntu/24.04/prod noble/main amd64 Packages [531 kB]
2026-10-09T07:11:07.4499113Z Get:11 http://azure.archive.ubuntu.com/ubuntu noble-updates/main amd64 Packages [1375 kB]
2026-10-09T07:11:07.4585723Z Get:12 http://azure.archive.ubuntu.com/ubuntu noble-updates/main Translation-en [306 kB]
2026-10-09T07:11:07.4589653Z Get:13 http://azure.archive.ubuntu.com/ubuntu noble-updates/universe amd64 Packages [1702 kB]
2026-10-09T07:11:07.4683105Z Get:14 http://azure.archive.ubuntu.com/ubuntu noble-updates/universe Translation-en [342 kB]
2026-10-09T07:11:07.4732207Z Get:15 http://azure.archive.ubuntu.com/ubuntu noble-updates/restricted amd64 Packages [1761 kB]
2026-10-09T07:11:07.4831894Z Get:16 http://azure.archive.ubuntu.com/ubuntu noble-updates/restricted Translation-en [401 kB]
2026-10-09T07:11:07.4837135Z Get:17 http://azure.archive.ubuntu.com/ubuntu noble-updates/multiverse amd64 Packages [55.0 kB]
2026-10-09T07:11:07.4845199Z Get:18 http://azure.archive.ubuntu.com/ubuntu noble-updates/multiverse Translation-en [14.3 kB]
2026-10-09T07:11:07.5528410Z Get:19 http://azure.archive.ubuntu.com/ubuntu noble-security/main amd64 Packages [1118 kB]
2026-10-09T07:11:07.5594531Z Get:20 http://azure.archive.ubuntu.com/ubuntu noble-security/main Translation-en [228 kB]
2026-10-09T07:11:07.6031762Z Get:21 http://azure.archive.ubuntu.com/ubuntu noble-security/universe amd64 Packages [1220 kB]
2026-10-09T07:11:07.6099036Z Get:22 http://azure.archive.ubuntu.com/ubuntu noble-security/universe Translation-en [245 kB]
2026-10-09T07:11:07.6131204Z Get:23 http://azure.archive.ubuntu.com/ubuntu noble-security/restricted amd64 Packages [1667 kB]
2026-10-09T07:11:07.6212321Z Get:24 http://azure.archive.ubuntu.com/ubuntu noble-security/restricted Translation-en [383 kB]
2026-10-09T07:11:07.6234291Z Get:25 http://azure.archive.ubuntu.com/ubuntu noble-security/multiverse amd64 Packages [49.8 kB]
2026-10-09T07:11:07.6241224Z Get:26 http://azure.archive.ubuntu.com/ubuntu noble-security/multiverse Translation-en [12.4 kB]
2026-10-09T07:11:10.4963184Z Fetched 12.3 MB in 1s (9773 kB/s)
2026-10-09T07:11:11.3260841Z Reading package lists...
2026-10-09T07:11:11.3497257Z Reading package lists...
2026-10-09T07:11:11.5829459Z Building dependency tree...
2026-10-09T07:11:11.5836684Z Reading state information...
2026-10-09T07:11:11.7257592Z libasound2t64 is already the newest version (1.2.11-1ubuntu0.3).
2026-10-09T07:11:11.7258496Z libasound2t64 set to manually installed.
2026-10-09T07:11:11.7260313Z libatk-bridge2.0-0t64 is already the newest version (2.52.0-1build1).
2026-10-09T07:11:11.7261274Z libatk-bridge2.0-0t64 set to manually installed.
2026-10-09T07:11:11.7261865Z libatk1.0-0t64 is already the newest version (2.52.0-1build1).
2026-10-09T07:11:11.7262542Z libatk1.0-0t64 set to manually installed.
2026-10-09T07:11:11.7263383Z libatspi2.0-0t64 is already the newest version (2.52.0-1build1).
2026-10-09T07:11:11.7264151Z libatspi2.0-0t64 set to manually installed.
2026-10-09T07:11:11.7264691Z libcairo2 is already the newest version (1.18.0-3build1).
2026-10-09T07:11:11.7265175Z libcairo2 set to manually installed.
2026-10-09T07:11:11.7266022Z libcups2t64 is already the newest version (2.4.7-1.2ubuntu7.14).
2026-10-09T07:11:11.7266664Z libcups2t64 set to manually installed.
2026-10-09T07:11:11.7267181Z libdbus-1-3 is already the newest version (1.14.10-4ubuntu4.1).
2026-10-09T07:11:11.7267642Z libdbus-1-3 set to manually installed.
2026-10-09T07:11:11.7268074Z libdrm2 is already the newest version (2.4.125-1ubuntu0.1~24.04.2).
2026-10-09T07:11:11.7268499Z libdrm2 set to manually installed.
2026-10-09T07:11:11.7268937Z libgbm1 is already the newest version (25.2.8-0ubuntu0.24.04.4).
2026-10-09T07:11:11.7269347Z libgbm1 set to manually installed.
2026-10-09T07:11:11.7269780Z libglib2.0-0t64 is already the newest version (2.80.0-6ubuntu3.9).
2026-10-09T07:11:11.7270789Z libglib2.0-0t64 set to manually installed.
2026-10-09T07:11:11.7271249Z libnspr4 is already the newest version (2:4.35-1.1build1).
2026-10-09T07:11:11.7271662Z libnspr4 set to manually installed.
2026-10-09T07:11:11.7272071Z libnss3 is already the newest version (2:3.98-1ubuntu0.2).
2026-10-09T07:11:11.7272468Z libnss3 set to manually installed.
2026-10-09T07:11:11.7272997Z libpango-1.0-0 is already the newest version (1.52.1+ds-1build1).
2026-10-09T07:11:11.7273503Z libpango-1.0-0 set to manually installed.
2026-10-09T07:11:11.7274267Z libx11-6 is already the newest version (2:1.8.7-1build1).
2026-10-09T07:11:11.7274922Z libx11-6 set to manually installed.
2026-10-09T07:11:11.7275640Z libxcb1 is already the newest version (1.15-1ubuntu2).
2026-10-09T07:11:11.7276297Z libxcb1 set to manually installed.
2026-10-09T07:11:11.7277028Z libxcomposite1 is already the newest version (1:0.4.5-1build3).
2026-10-09T07:11:11.7277560Z libxcomposite1 set to manually installed.
2026-10-09T07:11:11.7278007Z libxdamage1 is already the newest version (1:1.1.6-1build1).
2026-10-09T07:11:11.7278410Z libxdamage1 set to manually installed.
2026-10-09T07:11:11.7278814Z libxext6 is already the newest version (2:1.3.4-1build2).
2026-10-09T07:11:11.7279193Z libxext6 set to manually installed.
2026-10-09T07:11:11.7279596Z libxfixes3 is already the newest version (1:6.0.0-2build1).
2026-10-09T07:11:11.7280648Z libxfixes3 set to manually installed.
2026-10-09T07:11:11.7281405Z libxkbcommon0 is already the newest version (1.6.0-1build1).
2026-10-09T07:11:11.7282149Z libxkbcommon0 set to manually installed.
2026-10-09T07:11:11.7282582Z libxrandr2 is already the newest version (2:1.5.2-2build1).
2026-10-09T07:11:11.7282981Z libxrandr2 set to manually installed.
2026-10-09T07:11:11.7283385Z xvfb is already the newest version (2:21.1.12-1ubuntu1.8).
2026-10-09T07:11:11.7283928Z fonts-noto-color-emoji is already the newest version (2.047-0ubuntu0.24.04.1).
2026-10-09T07:11:11.7285128Z libfontconfig1 is already the newest version (2.15.0-1.1ubuntu2).
2026-10-09T07:11:11.7285951Z libfontconfig1 set to manually installed.
2026-10-09T07:11:11.7286728Z fonts-liberation is already the newest version (1:2.1.5-3).
2026-10-09T07:11:11.7287780Z fonts-liberation set to manually installed.
2026-10-09T07:11:11.7288506Z The following additional packages will be installed:
2026-10-09T07:11:11.7289135Z   xfonts-encodings xfonts-utils
2026-10-09T07:11:11.7289628Z Recommended packages:
2026-10-09T07:11:11.7290431Z   fonts-ipafont-mincho fonts-tlwg-loma
2026-10-09T07:11:11.7458431Z The following NEW packages will be installed:
2026-10-09T07:11:11.7459387Z   fonts-freefont-ttf fonts-ipafont-gothic fonts-tlwg-loma-otf fonts-unifont
2026-10-09T07:11:11.7465538Z   fonts-wqy-zenhei xfonts-cyrillic xfonts-encodings xfonts-scalable
2026-10-09T07:11:11.7466275Z   xfonts-utils
2026-10-09T07:11:11.7470231Z The following packages will be upgraded:
2026-10-09T07:11:11.7474870Z   libfreetype6
2026-10-09T07:11:11.7636198Z 1 upgraded, 9 newly installed, 0 to remove and 22 not upgraded.
2026-10-09T07:11:11.7636843Z Need to get 21.5 MB of archives.
2026-10-09T07:11:11.7637300Z After this operation, 79.5 MB of additional disk space will be used.
2026-10-09T07:11:11.7637861Z Get:1 file:/etc/apt/apt-mirrors.txt Mirrorlist [144 B]
2026-10-09T07:11:11.9183182Z Get:2 http://azure.archive.ubuntu.com/ubuntu noble/universe amd64 fonts-ipafont-gothic all 00303-21ubuntu1 [3513 kB]
2026-10-09T07:11:12.2147580Z Get:3 http://azure.archive.ubuntu.com/ubuntu noble/main amd64 fonts-freefont-ttf all 20211204+svn4273-2 [5641 kB]
2026-10-09T07:11:12.6054688Z Get:4 http://azure.archive.ubuntu.com/ubuntu noble/universe amd64 fonts-tlwg-loma-otf all 1:0.7.3-1 [107 kB]
2026-10-09T07:11:12.7484390Z Get:5 http://azure.archive.ubuntu.com/ubuntu noble/universe amd64 fonts-unifont all 1:15.1.01-1build1 [2993 kB]
2026-10-09T07:11:13.0198052Z Get:6 http://azure.archive.ubuntu.com/ubuntu noble/universe amd64 fonts-wqy-zenhei all 0.9.45-8 [7472 kB]
2026-10-09T07:11:13.4916642Z Get:7 http://azure.archive.ubuntu.com/ubuntu noble-updates/main amd64 libfreetype6 amd64 2.13.2+dfsg-1ubuntu0.2 [403 kB]
2026-10-09T07:11:13.6496319Z Get:8 http://azure.archive.ubuntu.com/ubuntu noble/main amd64 xfonts-encodings all 1:1.0.5-0ubuntu2 [578 kB]
2026-10-09T07:11:13.7989060Z Get:9 http://azure.archive.ubuntu.com/ubuntu noble/main amd64 xfonts-utils amd64 1:7.7+6build3 [94.4 kB]
2026-10-09T07:11:13.9404802Z Get:10 http://azure.archive.ubuntu.com/ubuntu noble/universe amd64 xfonts-cyrillic all 1:1.0.5+nmu1 [384 kB]
2026-10-09T07:11:14.0868706Z Get:11 http://azure.archive.ubuntu.com/ubuntu noble/main amd64 xfonts-scalable all 1:1.0.3-1.3 [304 kB]
2026-10-09T07:11:14.3455605Z Fetched 21.5 MB in 2s (9193 kB/s)
2026-10-09T07:11:14.3734375Z Selecting previously unselected package fonts-ipafont-gothic.
2026-10-09T07:11:14.4033677Z (Reading database ... 
2026-10-09T07:11:14.4034078Z (Reading database ... 5%
2026-10-09T07:11:14.4034366Z (Reading database ... 10%
2026-10-09T07:11:14.4034635Z (Reading database ... 15%
2026-10-09T07:11:14.4034903Z (Reading database ... 20%
2026-10-09T07:11:14.4035164Z (Reading database ... 25%
2026-10-09T07:11:14.4035417Z (Reading database ... 30%
2026-10-09T07:11:14.4035684Z (Reading database ... 35%
2026-10-09T07:11:14.4035940Z (Reading database ... 40%
2026-10-09T07:11:14.4036201Z (Reading database ... 45%
2026-10-09T07:11:14.4036772Z (Reading database ... 50%
2026-10-09T07:11:14.4086019Z (Reading database ... 55%
2026-10-09T07:11:14.5125395Z (Reading database ... 60%
2026-10-09T07:11:14.7218174Z (Reading database ... 65%
2026-10-09T07:11:14.9256437Z (Reading database ... 70%
2026-10-09T07:11:15.1264751Z (Reading database ... 75%
2026-10-09T07:11:15.2750775Z (Reading database ... 80%
2026-10-09T07:11:15.4741301Z (Reading database ... 85%
2026-10-09T07:11:15.6690216Z (Reading database ... 90%
2026-10-09T07:11:15.8370734Z (Reading database ... 95%
2026-10-09T07:11:15.8371236Z (Reading database ... 100%
2026-10-09T07:11:15.8371905Z (Reading database ... 203191 files and directories currently installed.)
2026-10-09T07:11:15.8413671Z Preparing to unpack .../0-fonts-ipafont-gothic_00303-21ubuntu1_all.deb ...
2026-10-09T07:11:15.8503678Z Unpacking fonts-ipafont-gothic (00303-21ubuntu1) ...
2026-10-09T07:11:16.0866552Z Selecting previously unselected package fonts-freefont-ttf.
2026-10-09T07:11:16.0992654Z Preparing to unpack .../1-fonts-freefont-ttf_20211204+svn4273-2_all.deb ...
2026-10-09T07:11:16.1000017Z Unpacking fonts-freefont-ttf (20211204+svn4273-2) ...
2026-10-09T07:11:16.1773785Z Selecting previously unselected package fonts-tlwg-loma-otf.
2026-10-09T07:11:16.1900528Z Preparing to unpack .../2-fonts-tlwg-loma-otf_1%3a0.7.3-1_all.deb ...
2026-10-09T07:11:16.1908032Z Unpacking fonts-tlwg-loma-otf (1:0.7.3-1) ...
2026-10-09T07:11:16.2114466Z Selecting previously unselected package fonts-unifont.
2026-10-09T07:11:16.2238875Z Preparing to unpack .../3-fonts-unifont_1%3a15.1.01-1build1_all.deb ...
2026-10-09T07:11:16.2245516Z Unpacking fonts-unifont (1:15.1.01-1build1) ...
2026-10-09T07:11:16.3280402Z Selecting previously unselected package fonts-wqy-zenhei.
2026-10-09T07:11:16.3407389Z Preparing to unpack .../4-fonts-wqy-zenhei_0.9.45-8_all.deb ...
2026-10-09T07:11:16.3505246Z Unpacking fonts-wqy-zenhei (0.9.45-8) ...
2026-10-09T07:11:16.8273441Z Preparing to unpack .../5-libfreetype6_2.13.2+dfsg-1ubuntu0.2_amd64.deb ...
2026-10-09T07:11:16.8305252Z Unpacking libfreetype6:amd64 (2.13.2+dfsg-1ubuntu0.2) over (2.13.2+dfsg-1ubuntu0.1) ...
2026-10-09T07:11:16.8551141Z Selecting previously unselected package xfonts-encodings.
2026-10-09T07:11:16.8677380Z Preparing to unpack .../6-xfonts-encodings_1%3a1.0.5-0ubuntu2_all.deb ...
2026-10-09T07:11:16.8683936Z Unpacking xfonts-encodings (1:1.0.5-0ubuntu2) ...
2026-10-09T07:11:16.8960421Z Selecting previously unselected package xfonts-utils.
2026-10-09T07:11:16.9085846Z Preparing to unpack .../7-xfonts-utils_1%3a7.7+6build3_amd64.deb ...
2026-10-09T07:11:16.9092567Z Unpacking xfonts-utils (1:7.7+6build3) ...
2026-10-09T07:11:16.9467657Z Selecting previously unselected package xfonts-cyrillic.
2026-10-09T07:11:16.9591558Z Preparing to unpack .../8-xfonts-cyrillic_1%3a1.0.5+nmu1_all.deb ...
2026-10-09T07:11:16.9598249Z Unpacking xfonts-cyrillic (1:1.0.5+nmu1) ...
2026-10-09T07:11:16.9935480Z Selecting previously unselected package xfonts-scalable.
2026-10-09T07:11:17.0059425Z Preparing to unpack .../9-xfonts-scalable_1%3a1.0.3-1.3_all.deb ...
2026-10-09T07:11:17.0066383Z Unpacking xfonts-scalable (1:1.0.3-1.3) ...
2026-10-09T07:11:17.0481204Z Setting up fonts-wqy-zenhei (0.9.45-8) ...
2026-10-09T07:11:17.0594558Z Setting up fonts-freefont-ttf (20211204+svn4273-2) ...
2026-10-09T07:11:17.0619711Z Setting up fonts-tlwg-loma-otf (1:0.7.3-1) ...
2026-10-09T07:11:17.0640674Z Setting up libfreetype6:amd64 (2.13.2+dfsg-1ubuntu0.2) ...
2026-10-09T07:11:17.0661028Z Setting up xfonts-encodings (1:1.0.5-0ubuntu2) ...
2026-10-09T07:11:17.0679629Z Setting up fonts-ipafont-gothic (00303-21ubuntu1) ...
2026-10-09T07:11:17.0745334Z update-alternatives: using /usr/share/fonts/opentype/ipafont-gothic/ipag.ttf to provide /usr/share/fonts/truetype/fonts-japanese-gothic.ttf (fonts-japanese-gothic.ttf) in auto mode
2026-10-09T07:11:17.0759612Z Setting up fonts-unifont (1:15.1.01-1build1) ...
2026-10-09T07:11:17.0776756Z Setting up xfonts-utils (1:7.7+6build3) ...
2026-10-09T07:11:17.0813803Z Setting up xfonts-cyrillic (1:1.0.5+nmu1) ...
2026-10-09T07:11:17.1096622Z Setting up xfonts-scalable (1:1.0.3-1.3) ...
2026-10-09T07:11:17.1377243Z Processing triggers for libc-bin (2.39-0ubuntu8.9) ...
2026-10-09T07:11:17.1717846Z Processing triggers for man-db (2.12.0-4build2) ...
2026-10-09T07:11:17.1739676Z Not building database; man-db/auto-update is not 'true'.
2026-10-09T07:11:17.1752516Z Processing triggers for fontconfig (2.15.0-1.1ubuntu2) ...
2026-10-09T07:11:17.9039443Z 
2026-10-09T07:11:17.9040356Z Running kernel seems to be up-to-date.
2026-10-09T07:11:17.9040821Z 
2026-10-09T07:11:17.9041059Z Restarting services...
2026-10-09T07:11:17.9115789Z  systemctl restart php8.3-fpm.service
2026-10-09T07:11:18.0193763Z 
2026-10-09T07:11:18.0196943Z No containers need to be restarted.
2026-10-09T07:11:18.0197284Z 
2026-10-09T07:11:18.0197826Z No user sessions are running outdated binaries.
2026-10-09T07:11:18.0198157Z 
2026-10-09T07:11:18.0198859Z No VM guests are running outdated hypervisor (qemu) binaries on this host.
2026-10-09T07:11:18.8585121Z Downloading Chromium 141.0.7390.37 (playwright build v1194) from https://cdn.playwright.dev/dbazure/download/playwright/builds/chromium/1194/chromium-linux.zip
2026-10-09T07:11:19.0228079Z |                                                                                |   0% of 173.9 MiB
2026-10-09T07:11:19.1982162Z |■■■■■■■■                                                                        |  10% of 173.9 MiB
2026-10-09T07:11:19.2823485Z |■■■■■■■■■■■■■■■■                                                                |  20% of 173.9 MiB
2026-10-09T07:11:19.3629512Z |■■■■■■■■■■■■■■■■■■■■■■■■                                                        |  30% of 173.9 MiB
2026-10-09T07:11:19.4292036Z |■■■■■■■■■■■■■■■■■■■■■■■■■■■■■■■■                                                |  40% of 173.9 MiB
2026-10-09T07:11:19.4960634Z |■■■■■■■■■■■■■■■■■■■■■■■■■■■■■■■■■■■■■■■■                                        |  50% of 173.9 MiB
2026-10-09T07:11:19.5601088Z |■■■■■■■■■■■■■■■■■■■■■■■■■■■■■■■■■■■■■■■■■■■■■■■■                                |  60% of 173.9 MiB
2026-10-09T07:11:19.6145324Z |■■■■■■■■■■■■■■■■■■■■■■■■■■■■■■■■■■■■■■■■■■■■■■■■■■■■■■■■                        |  70% of 173.9 MiB
2026-10-09T07:11:19.6742436Z |■■■■■■■■■■■■■■■■■■■■■■■■■■■■■■■■■■■■■■■■■■■■■■■■■■■■■■■■■■■■■■■■                |  80% of 173.9 MiB
2026-10-09T07:11:19.7350227Z |■■■■■■■■■■■■■■■■■■■■■■■■■■■■■■■■■■■■■■■■■■■■■■■■■■■■■■■■■■■■■■■■■■■■■■■■        |  90% of 173.9 MiB
2026-10-09T07:11:19.7967231Z |■■■■■■■■■■■■■■■■■■■■■■■■■■■■■■■■■■■■■■■■■■■■■■■■■■■■■■■■■■■■■■■■■■■■■■■■■■■■■■■■| 100% of 173.9 MiB
2026-10-09T07:11:23.3718566Z Chromium 141.0.7390.37 (playwright build v1194) downloaded to /home/runner/.cache/ms-playwright/chromium-1194
2026-10-09T07:11:23.3721696Z Downloading FFMPEG playwright build v1011 from https://cdn.playwright.dev/dbazure/download/playwright/builds/ffmpeg/1011/ffmpeg-linux.zip
2026-10-09T07:11:23.5639584Z |                                                                                |   0% of 2.3 MiB
2026-10-09T07:11:23.6185899Z |■■■■■■■■                                                                        |  10% of 2.3 MiB
2026-10-09T07:11:23.6396274Z |■■■■■■■■■■■■■■■■                                                                |  20% of 2.3 MiB
2026-10-09T07:11:23.6587257Z |■■■■■■■■■■■■■■■■■■■■■■■■                                                        |  30% of 2.3 MiB
2026-10-09T07:11:23.6756477Z |■■■■■■■■■■■■■■■■■■■■■■■■■■■■■■■■                                                |  40% of 2.3 MiB
2026-10-09T07:11:23.6791599Z |■■■■■■■■■■■■■■■■■■■■■■■■■■■■■■■■■■■■■■■■                                        |  50% of 2.3 MiB
2026-10-09T07:11:23.6952123Z |■■■■■■■■■■■■■■■■■■■■■■■■■■■■■■■■■■■■■■■■■■■■■■■■                                |  60% of 2.3 MiB
2026-10-09T07:11:23.6977427Z |■■■■■■■■■■■■■■■■■■■■■■■■■■■■■■■■■■■■■■■■■■■■■■■■■■■■■■■■                        |  70% of 2.3 MiB
2026-10-09T07:11:23.7120810Z |■■■■■■■■■■■■■■■■■■■■■■■■■■■■■■■■■■■■■■■■■■■■■■■■■■■■■■■■■■■■■■■■                |  80% of 2.3 MiB
2026-10-09T07:11:23.7149017Z |■■■■■■■■■■■■■■■■■■■■■■■■■■■■■■■■■■■■■■■■■■■■■■■■■■■■■■■■■■■■■■■■■■■■■■■■        |  90% of 2.3 MiB
2026-10-09T07:11:23.7166941Z |■■■■■■■■■■■■■■■■■■■■■■■■■■■■■■■■■■■■■■■■■■■■■■■■■■■■■■■■■■■■■■■■■■■■■■■■■■■■■■■■| 100% of 2.3 MiB
2026-10-09T07:11:23.7709037Z FFMPEG playwright build v1011 downloaded to /home/runner/.cache/ms-playwright/ffmpeg-1011
2026-10-09T07:11:23.7712895Z Downloading Chromium Headless Shell 141.0.7390.37 (playwright build v1194) from https://cdn.playwright.dev/dbazure/download/playwright/builds/chromium/1194/chromium-headless-shell-linux.zip
2026-10-09T07:11:23.9650173Z |                                                                                |   0% of 104.3 MiB
2026-10-09T07:11:24.2117112Z |■■■■■■■■                                                                        |  10% of 104.3 MiB
2026-10-09T07:11:24.2721834Z |■■■■■■■■■■■■■■■■                                                                |  20% of 104.3 MiB
2026-10-09T07:11:24.3195411Z |■■■■■■■■■■■■■■■■■■■■■■■■                                                        |  30% of 104.3 MiB
2026-10-09T07:11:24.3739276Z |■■■■■■■■■■■■■■■■■■■■■■■■■■■■■■■■                                                |  40% of 104.3 MiB
2026-10-09T07:11:24.4238888Z |■■■■■■■■■■■■■■■■■■■■■■■■■■■■■■■■■■■■■■■■                                        |  50% of 104.3 MiB
2026-10-09T07:11:24.4577310Z |■■■■■■■■■■■■■■■■■■■■■■■■■■■■■■■■■■■■■■■■■■■■■■■■                                |  60% of 104.3 MiB
2026-10-09T07:11:24.4952574Z |■■■■■■■■■■■■■■■■■■■■■■■■■■■■■■■■■■■■■■■■■■■■■■■■■■■■■■■■                        |  70% of 104.3 MiB
2026-10-09T07:11:24.5330877Z |■■■■■■■■■■■■■■■■■■■■■■■■■■■■■■■■■■■■■■■■■■■■■■■■■■■■■■■■■■■■■■■■                |  80% of 104.3 MiB
2026-10-09T07:11:24.5702157Z |■■■■■■■■■■■■■■■■■■■■■■■■■■■■■■■■■■■■■■■■■■■■■■■■■■■■■■■■■■■■■■■■■■■■■■■■        |  90% of 104.3 MiB
2026-10-09T07:11:24.6072899Z |■■■■■■■■■■■■■■■■■■■■■■■■■■■■■■■■■■■■■■■■■■■■■■■■■■■■■■■■■■■■■■■■■■■■■■■■■■■■■■■■| 100% of 104.3 MiB
2026-10-09T07:11:26.5292549Z Chromium Headless Shell 141.0.7390.37 (playwright build v1194) downloaded to /home/runner/.cache/ms-playwright/chromium_headless_shell-1194
2026-10-09T07:11:26.6711390Z ##[group]Run npm run build
2026-10-09T07:11:26.6711678Z [36;1mnpm run build[0m
2026-10-09T07:11:26.6775439Z shell: /usr/bin/bash -e {0}
2026-10-09T07:11:26.6775700Z env:
2026-10-09T07:11:26.6775963Z   G02_SOURCE_HEAD: 75abc5dceae9fa2001f68b98fc7fa0b606931592
2026-10-09T07:11:26.6776303Z ##[endgroup]
2026-10-09T07:11:26.7828920Z 
2026-10-09T07:11:26.7829769Z > partybox-g02-gin-rummy@1.2.1 build
2026-10-09T07:11:26.7830713Z > tsc --noEmit && node scripts/build.mjs
2026-10-09T07:11:26.7831092Z 
2026-10-09T07:11:29.1289171Z ##[group]Run git diff --exit-code -- play.html
2026-10-09T07:11:29.1290049Z [36;1mgit diff --exit-code -- play.html[0m
2026-10-09T07:11:29.1372185Z shell: /usr/bin/bash -e {0}
2026-10-09T07:11:29.1372585Z env:
2026-10-09T07:11:29.1373004Z   G02_SOURCE_HEAD: 75abc5dceae9fa2001f68b98fc7fa0b606931592
2026-10-09T07:11:29.1373566Z ##[endgroup]
2026-10-09T07:11:29.4634113Z ##[group]Run node --input-type=module <<'JS'
2026-10-09T07:11:29.4634734Z [36;1mnode --input-type=module <<'JS'[0m
2026-10-09T07:11:29.4635264Z [36;1mimport assert from 'node:assert/strict';[0m
2026-10-09T07:11:29.4635942Z [36;1mimport {readFile,writeFile,mkdir} from 'node:fs/promises';[0m
2026-10-09T07:11:29.4636602Z [36;1mimport {dirname} from 'node:path';[0m
2026-10-09T07:11:29.4637538Z [36;1mimport {browserSourcePaths,browserSourceHashes,sha256} from './scripts/browser-source-guard.mjs';[0m
2026-10-09T07:11:29.4638850Z [36;1mconst base='.work/initial-presence-bootstrap',sources=await browserSourceHashes(),copied=[];[0m
2026-10-09T07:11:29.4639730Z [36;1mconst destination=path=>{[0m
2026-10-09T07:11:29.4640845Z [36;1m  if(path.startsWith('../../contract/'))return base+'/sources/contract/'+path.slice('../../contract/'.length);[0m
2026-10-09T07:11:29.4642034Z [36;1m  if(path==='../../.github/workflows/G02.yml')return base+'/sources/workflow/G02.yml';[0m
2026-10-09T07:11:29.4643127Z [36;1m  assert(!path.startsWith('../')&&!path.startsWith('/'));return base+'/sources/job/'+path;[0m
2026-10-09T07:11:29.4643886Z [36;1m};[0m
2026-10-09T07:11:29.4644270Z [36;1mfor(const path of browserSourcePaths){[0m
2026-10-09T07:11:29.4645202Z [36;1m  const bytes=await readFile(path),target=destination(path);assert.equal(sha256(bytes),sources[path]);[0m
2026-10-09T07:11:29.4646329Z [36;1m  await mkdir(dirname(target),{recursive:true});await writeFile(target,bytes);[0m
2026-10-09T07:11:29.4647437Z [36;1m  copied.push({originalPath:path,artifactPath:target,bytes:bytes.length,sha256:sha256(bytes)});[0m
2026-10-09T07:11:29.4648270Z [36;1m}[0m
2026-10-09T07:11:29.4648699Z [36;1mconst additionalSources={},additionalCopied=[];[0m
2026-10-09T07:11:29.4650500Z [36;1mfor(const [originalPath,artifactPath] of [['../../contract/package.json',base+'/sources/contract/package.json'],['evidence/audit-20261009/bootstrap-request.json',base+'/bootstrap-request.json']]){[0m
2026-10-09T07:11:29.4653186Z [36;1m const bytes=await readFile(originalPath);additionalSources[originalPath]=sha256(bytes);await writeFile(artifactPath,bytes);additionalCopied.push({originalPath,artifactPath,bytes:bytes.length,sha256:sha256(bytes)});[0m
2026-10-09T07:11:29.4654849Z [36;1m}[0m
2026-10-09T07:11:29.4655368Z [36;1mconst bootstrap=await readFile('../../.github/workflows/G02.yml');[0m
2026-10-09T07:11:29.4656213Z [36;1mawait writeFile(base+'/bootstrap-workflow.yml',bootstrap);[0m
2026-10-09T07:11:29.4657119Z [36;1mawait writeFile(base+'/source-start.json',JSON.stringify(sources,null,2)+'\n');[0m
2026-10-09T07:11:29.4659365Z [36;1mawait writeFile(base+'/source-copy-index.json',JSON.stringify({version:1,head:process.env.G02_SOURCE_HEAD,originalGuardedSources:browserSourcePaths.length,bootstrapWorkflowSha256:sha256(bootstrap),additionalSources,additionalCopied,copied},null,2)+'\n');[0m
2026-10-09T07:11:29.4661541Z [36;1massert.equal(copied.length,35);[0m
2026-10-09T07:11:29.4662487Z [36;1mconsole.log(JSON.stringify({preservedOriginalInputs:copied.length,head:process.env.G02_SOURCE_HEAD}));[0m
2026-10-09T07:11:29.4663400Z [36;1mJS[0m
2026-10-09T07:11:29.4744724Z shell: /usr/bin/bash -e {0}
2026-10-09T07:11:29.4745126Z env:
2026-10-09T07:11:29.4745553Z   G02_SOURCE_HEAD: 75abc5dceae9fa2001f68b98fc7fa0b606931592
2026-10-09T07:11:29.4746104Z ##[endgroup]
2026-10-09T07:11:29.5476263Z {"preservedOriginalInputs":35,"head":"75abc5dceae9fa2001f68b98fc7fa0b606931592"}
2026-10-09T07:11:29.5834323Z ##[group]Run node scripts/browser-check.mjs
2026-10-09T07:11:29.5834697Z [36;1mnode scripts/browser-check.mjs[0m
2026-10-09T07:11:29.5896699Z shell: /usr/bin/bash -e {0}
2026-10-09T07:11:29.5896961Z env:
2026-10-09T07:11:29.5897244Z   G02_SOURCE_HEAD: 75abc5dceae9fa2001f68b98fc7fa0b606931592
2026-10-09T07:11:29.5897784Z ##[endgroup]
2026-10-09T07:11:29.9920663Z {"kind":"full browser proof","started":"2026-10-09T07:11:29.988Z","pid":3246,"sourceStart":{"play.html":"efc3c233aa159b884fcc340fe083f942bbb8e001ac0664352fb487465830c9e0","src/core.ts":"5ec7c1f712eb17fffd784cde070a8df295f8545bd1e481d81b114e4ecc51abb7","src/cards.ts":"e309e103393bc1aaaf10b34e3994de815dd693d1828a61566723b8fba573fdb9","src/browser.ts":"56fb3b450aa29e9dda800a69b187d66d5446e056bf2b89b349a9bef1479131e4","src/play.template.html":"1b5188f105cfd9766f3f19c0a6f3cfa1b522cbd676ec5fde0dbfa1566a09f8c7","../../contract/contract.ts":"c0f999c153074769c99c67ab2a71ad66c879e45e834713f3367b2bde4a1873d5","../../contract/constants.ts":"27cdd23112ea03f344457e6f6e6b5839ff536ebeadbba189751520353aa085ef","../../contract/rng.ts":"7cfcf3024723607e8dd1ce6ccc5683a48d71fcc617947304cc5b9f6d3d7842fe","../../contract/minigame-schema.ts":"2438655eeb8ca658543b475070e6fb3ccb3947f154f57caa3f619c87853c9bbb","../../contract/player-count-schema.ts":"0748d9d9bcf795d0693c37a0f369b262fd8801dec9ab1e4a9a4f5ec23751a189","dist/core.mjs":"b2c7b4c93badc4f7c41214a5a5222c30b102e6f4a25166d6b026e52864833943","dist/cards.mjs":"1b8d994514e2de1464f361bddac143b99dfa328037152a89a476bcb1ce5f6c77","dist/contract.mjs":"0d477737fffa3503f35a19d174fce2f29de33bef1769ee5bba2c327ac592101a","scripts/browser-check.mjs":"536587be20208be80ec3bc081be7ff5a23ceeac9bc83ab3a67095084bbbd87dc","scripts/clock-check.mjs":"beba34324460280157fbdffd947f02731437e067fbb6ac816a7e49d2c4e6da19","scripts/meld-check.mjs":"d514a510f1972bdfa0b60d5148c1d42a82efeb4b21f3b799c4e0794054b4b7e4","scripts/results-check.mjs":"c478d1b3f32b71c94f2d5307f2c3b3e1e044edd84833d28e7ffc165f13bd310f","scripts/name-check.mjs":"3802ec077deee82176a892bcb51df0bb268c7ab765851d636faa5ab2228f531f","scripts/host-check.mjs":"e47e9a53aad166af54d78ea28e44ec5defff3e56d69139863113f5c132425b50","scripts/public-history-check.mjs":"5c887f46d5240f1434f173bbd495c560869441b074447d52f4a49878a66a0859","tests/browser-fixture.mjs":"f499940919128006bc90c4cb08eb766677c1bff3ea4dccf02645863a3bc50621","tests/helpers.mjs":"402515edb7b2a6af9548da2a2f1a7fa8f6b220b425da9664bd8c4a3e8b552b2e","scripts/browser-source-guard.mjs":"e5d9304a91ef04963133fe6bbae2c62189da28e917562da5a7cdb856596a1622","scripts/frame-coordination.mjs":"f1d34bfd418b5446a14c2ee3b3ba297eac18ed126d4ee261dffab57224399656","scripts/strict-browser-proof.mjs":"fae9a75d472307307c6eb4781c77f32845ebdade6f4104d859957ce62c1d43d9","scripts/browser-proof.mjs":"3ce834d0a764a4aefc93d0eaf7171f805d4ea5428563bcd976728f65222a8489","scripts/capture.mjs":"72077090f49f70e74c05ee925560a760f1f52b671ccb72d63570d609b9f80985","scripts/build.mjs":"3580cac9f713c9e4c3bfe8a83ec6bef33a64cd30be2c5d27c028b29a6a06fe8e","scripts/integrity.mjs":"7104c27be54110cac7b2d336e594ce0681a578fcb301a863540084619a7e42bb","scripts/check-evidence-links.mjs":"03484934e141e8e0b08e8928bf6f89f48a15f0cfe95b24e94273eebfb1a62842","package.json":"8855d609e12ca7990d525b64c285513acde1420fc6368ccca3a937979253a91b","package-lock.json":"bb2357fee1276cb24714d62a0a02d478e465806f5ec8978034da5594d6fa765a","tsconfig.json":"624efd829d3631cf6a6cc8d7b345e93bb47e713f05162b0ff511ef6cfc0a6ac3","manifest.json":"d079699772d442cda13bf8a41672e7de59d8a62966e07d0c87b8b8e991d84dbb","../../.github/workflows/G02.yml":"f5cb756d4029be69c41da39ccd3b8929849418956d96b6122db7598bf8f92a7d"}}
2026-10-09T07:11:40.8011184Z {"frameWindow":"CLOSED","profile":"desktop","sourceSha256":"efc3c233aa159b884fcc340fe083f942bbb8e001ac0664352fb487465830c9e0","attemptNonce":"c089e210-7293-450a-8d87-869c3ee0783d","coordination":"uncoordinated","readyUtc":null,"grantUtc":null,"status":"samples-written","rawIntervals":600,"utc":"2026-10-09T07:11:40.800Z"}
2026-10-09T07:11:41.0223468Z {"label":"desktop","fps":60.00180005400161,"meanMs":16.66616666666667,"p99Ms":16.799999999999955,"maxMs":16.80000000000109,"networkRequests":0,"pageErrors":0}
2026-10-09T07:11:52.0530926Z {"frameWindow":"CLOSED","profile":"phone4x","sourceSha256":"efc3c233aa159b884fcc340fe083f942bbb8e001ac0664352fb487465830c9e0","attemptNonce":"62b7f8c2-644c-4013-b59e-82be9a79d87b","coordination":"uncoordinated","readyUtc":null,"grantUtc":null,"status":"samples-written","rawIntervals":600,"utc":"2026-10-09T07:11:52.050Z"}
2026-10-09T07:11:52.3016631Z {"label":"phone4x","fps":60.00240009600384,"meanMs":16.666,"p99Ms":16.800000000000182,"maxMs":16.80000000000109,"networkRequests":0,"pageErrors":0}
2026-10-09T07:11:52.5723988Z {"kind":"synthetic delayed-host-callback and pause regression","elapsedMs":20000,"configuredTurnMs":10000,"firstExpiredCallbackCount":1,"actionsBefore":0,"actionsAfter":1,"deadlineAdvancedOnElapsedTime":true,"visibleCountdown":true,"pausePreservesRemainingTime":true,"entropyCalls":1,"controlledTestSeed":7199}
2026-10-09T07:11:54.9512518Z {"customMeldRegression":[{"label":"desktop","cpuThrottle":1,"namedCardControls":10,"privateDraftCleared":true,"invalidGroupsPreventKnock":true,"closedControlsRestoreAutomaticKnock":true,"revealShowsDeclaredLayout":true,"defenderResolvedDeadwood":0,"undercutPoints":11,"pageErrors":0,"networkRequests":0,"fixture":"initial state only; production reducer, solver and renderer"},{"label":"phone4x","cpuThrottle":4,"namedCardControls":10,"privateDraftCleared":true,"invalidGroupsPreventKnock":true,"closedControlsRestoreAutomaticKnock":true,"revealShowsDeclaredLayout":true,"defenderResolvedDeadwood":0,"undercutPoints":11,"pageErrors":0,"networkRequests":0,"fixture":"initial state only; production reducer, solver and renderer"}]}
2026-10-09T07:11:55.9362942Z {"resultsRegression":[{"label":"desktop","cpuThrottle":1,"targetWinner":"p0","displayedWinner":"Target winner","finalPoints":{"p0":388,"p1":499},"explanationVisible":true,"pageErrors":0,"fixture":"initial state only; production reducer and renderer"},{"label":"phone4x","cpuThrottle":4,"targetWinner":"p0","displayedWinner":"Target winner","finalPoints":{"p0":388,"p1":499},"explanationVisible":true,"pageErrors":0,"fixture":"initial state only; production reducer and renderer"}]}
2026-10-09T07:11:56.5741457Z {"payload":"<svg onload=alert(1)>","renderedAsText":true,"insertedMarkupNodes":0,"dialogs":0,"pageErrors":0,"networkRequests":0,"cpuThrottle":4}
2026-10-09T07:11:58.8882152Z {"runId":"2026-10-09T07-11-29-988Z","passed":true,"sourceUnchanged":true,"extraHostChecks":5,"rows":[{"label":"desktop","fps":60.00180005400161,"p99Ms":16.799999999999955,"maxMs":16.80000000000109,"frameGatePassed":true},{"label":"phone4x","fps":60.00240009600384,"p99Ms":16.800000000000182,"maxMs":16.80000000000109,"frameGatePassed":true}]}
2026-10-09T07:11:58.9210420Z ##[group]Run node scripts/capture.mjs initial-presence-bootstrap --public-history --ci-output
2026-10-09T07:11:58.9211214Z [36;1mnode scripts/capture.mjs initial-presence-bootstrap --public-history --ci-output[0m
2026-10-09T07:11:58.9273090Z shell: /usr/bin/bash -e {0}
2026-10-09T07:11:58.9273354Z env:
2026-10-09T07:11:58.9273626Z   G02_SOURCE_HEAD: 75abc5dceae9fa2001f68b98fc7fa0b606931592
2026-10-09T07:11:58.9273966Z ##[endgroup]
2026-10-09T07:11:59.2634454Z {"kind":"functional recordings","started":"2026-10-09T07:11:59.260Z","pid":3442,"sourceStart":{"play.html":"efc3c233aa159b884fcc340fe083f942bbb8e001ac0664352fb487465830c9e0","src/core.ts":"5ec7c1f712eb17fffd784cde070a8df295f8545bd1e481d81b114e4ecc51abb7","src/cards.ts":"e309e103393bc1aaaf10b34e3994de815dd693d1828a61566723b8fba573fdb9","src/browser.ts":"56fb3b450aa29e9dda800a69b187d66d5446e056bf2b89b349a9bef1479131e4","src/play.template.html":"1b5188f105cfd9766f3f19c0a6f3cfa1b522cbd676ec5fde0dbfa1566a09f8c7","../../contract/contract.ts":"c0f999c153074769c99c67ab2a71ad66c879e45e834713f3367b2bde4a1873d5","../../contract/constants.ts":"27cdd23112ea03f344457e6f6e6b5839ff536ebeadbba189751520353aa085ef","../../contract/rng.ts":"7cfcf3024723607e8dd1ce6ccc5683a48d71fcc617947304cc5b9f6d3d7842fe","../../contract/minigame-schema.ts":"2438655eeb8ca658543b475070e6fb3ccb3947f154f57caa3f619c87853c9bbb","../../contract/player-count-schema.ts":"0748d9d9bcf795d0693c37a0f369b262fd8801dec9ab1e4a9a4f5ec23751a189","dist/core.mjs":"b2c7b4c93badc4f7c41214a5a5222c30b102e6f4a25166d6b026e52864833943","dist/cards.mjs":"1b8d994514e2de1464f361bddac143b99dfa328037152a89a476bcb1ce5f6c77","dist/contract.mjs":"0d477737fffa3503f35a19d174fce2f29de33bef1769ee5bba2c327ac592101a","scripts/browser-check.mjs":"536587be20208be80ec3bc081be7ff5a23ceeac9bc83ab3a67095084bbbd87dc","scripts/clock-check.mjs":"beba34324460280157fbdffd947f02731437e067fbb6ac816a7e49d2c4e6da19","scripts/meld-check.mjs":"d514a510f1972bdfa0b60d5148c1d42a82efeb4b21f3b799c4e0794054b4b7e4","scripts/results-check.mjs":"c478d1b3f32b71c94f2d5307f2c3b3e1e044edd84833d28e7ffc165f13bd310f","scripts/name-check.mjs":"3802ec077deee82176a892bcb51df0bb268c7ab765851d636faa5ab2228f531f","scripts/host-check.mjs":"e47e9a53aad166af54d78ea28e44ec5defff3e56d69139863113f5c132425b50","scripts/public-history-check.mjs":"5c887f46d5240f1434f173bbd495c560869441b074447d52f4a49878a66a0859","tests/browser-fixture.mjs":"f499940919128006bc90c4cb08eb766677c1bff3ea4dccf02645863a3bc50621","tests/helpers.mjs":"402515edb7b2a6af9548da2a2f1a7fa8f6b220b425da9664bd8c4a3e8b552b2e","scripts/browser-source-guard.mjs":"e5d9304a91ef04963133fe6bbae2c62189da28e917562da5a7cdb856596a1622","scripts/frame-coordination.mjs":"f1d34bfd418b5446a14c2ee3b3ba297eac18ed126d4ee261dffab57224399656","scripts/strict-browser-proof.mjs":"fae9a75d472307307c6eb4781c77f32845ebdade6f4104d859957ce62c1d43d9","scripts/browser-proof.mjs":"3ce834d0a764a4aefc93d0eaf7171f805d4ea5428563bcd976728f65222a8489","scripts/capture.mjs":"72077090f49f70e74c05ee925560a760f1f52b671ccb72d63570d609b9f80985","scripts/build.mjs":"3580cac9f713c9e4c3bfe8a83ec6bef33a64cd30be2c5d27c028b29a6a06fe8e","scripts/integrity.mjs":"7104c27be54110cac7b2d336e594ce0681a578fcb301a863540084619a7e42bb","scripts/check-evidence-links.mjs":"03484934e141e8e0b08e8928bf6f89f48a15f0cfe95b24e94273eebfb1a62842","package.json":"8855d609e12ca7990d525b64c285513acde1420fc6368ccca3a937979253a91b","package-lock.json":"bb2357fee1276cb24714d62a0a02d478e465806f5ec8978034da5594d6fa765a","tsconfig.json":"624efd829d3631cf6a6cc8d7b345e93bb47e713f05162b0ff511ef6cfc0a6ac3","manifest.json":"d079699772d442cda13bf8a41672e7de59d8a62966e07d0c87b8b8e991d84dbb","../../.github/workflows/G02.yml":"f5cb756d4029be69c41da39ccd3b8929849418956d96b6122db7598bf8f92a7d"}}
2026-10-09T07:12:13.2854717Z {"path":".work/browser/initial-presence-bootstrap-2026-10-09t07-11-59-241z-desktop.webm","bytes":728361,"sha256":"1f5a48ab430dd79b2ac79537ecbe4155302f3a20a87d56223a75b44eb142cb45","cpuThrottle":1,"viewport":{"width":1920,"height":1080},"performanceMeasurement":false,"newMatchPrivateDomCleared":true,"actualElapsedTimeoutCoveredHand":true,"publicPassHistoryShown":true,"passActors":["Player 1: pass","Player 2: pass"],"networkRequests":0,"pageErrors":0}
2026-10-09T07:12:27.2410589Z {"path":".work/browser/initial-presence-bootstrap-2026-10-09t07-11-59-241z-phone4x.webm","bytes":683176,"sha256":"87b15fdb3abb4815da04ba78358e49a2309ab41612782dee56ce6b71391e93c7","cpuThrottle":4,"viewport":{"width":390,"height":844},"performanceMeasurement":false,"newMatchPrivateDomCleared":true,"actualElapsedTimeoutCoveredHand":true,"publicPassHistoryShown":true,"passActors":["Player 1: pass","Player 2: pass"],"networkRequests":0,"pageErrors":0}
2026-10-09T07:12:27.2954875Z ##[group]Run node scripts/strict-browser-proof.mjs --live
2026-10-09T07:12:27.2955343Z [36;1mnode scripts/strict-browser-proof.mjs --live[0m
2026-10-09T07:12:27.3017355Z shell: /usr/bin/bash -e {0}
2026-10-09T07:12:27.3017622Z env:
2026-10-09T07:12:27.3017887Z   G02_SOURCE_HEAD: 75abc5dceae9fa2001f68b98fc7fa0b606931592
2026-10-09T07:12:27.3018224Z ##[endgroup]
2026-10-09T07:12:27.3536007Z {"suite":"strict-current-browser-proof","guardedSources":35,"profiles":2,"rawIntervals":1200,"nativeTimestamps":1202,"activeHandWitnesses":1208,"unfiltered":true,"recordingsMatched":2}
2026-10-09T07:12:27.3759246Z ##[group]Run node --input-type=module <<'JS'
2026-10-09T07:12:27.3759672Z [36;1mnode --input-type=module <<'JS'[0m
2026-10-09T07:12:27.3760316Z [36;1mimport assert from 'node:assert/strict';[0m
2026-10-09T07:12:27.3760758Z [36;1mimport {readFile,writeFile,mkdir,readdir} from 'node:fs/promises';[0m
2026-10-09T07:12:27.3761535Z [36;1mimport {browserSourceHashes,sha256} from './scripts/browser-source-guard.mjs';[0m
2026-10-09T07:12:27.3762177Z [36;1mconst base='.work/initial-presence-bootstrap';await mkdir(base,{recursive:true});[0m
2026-10-09T07:12:27.3762907Z [36;1mlet sources=null,sourceError=null;try{sources=await browserSourceHashes();}catch(error){sourceError=String(error);}[0m
2026-10-09T07:12:27.3764040Z [36;1mlet bootstrapWorkflowSha256=null,bootstrapWorkflowError=null;try{bootstrapWorkflowSha256=sha256(await readFile('../../.github/workflows/G02.yml'));}catch(error){bootstrapWorkflowError=String(error);}[0m
2026-10-09T07:12:27.3765771Z [36;1mlet additionalSources=null,additionalSourceError=null;try{additionalSources={};for(const path of ['../../contract/package.json','evidence/audit-20261009/bootstrap-request.json'])additionalSources[path]=sha256(await readFile(path));}catch(error){additionalSourceError=String(error);}[0m
2026-10-09T07:12:27.3767486Z [36;1mawait writeFile(base+'/source-end.json',JSON.stringify({sources,sourceError,bootstrapWorkflowSha256,bootstrapWorkflowError,additionalSources,additionalSourceError},null,2)+'\n');[0m
2026-10-09T07:12:27.3768885Z [36;1mlet before=null,beforeIndex=null;try{before=JSON.parse(await readFile(base+'/source-start.json','utf8'));beforeIndex=JSON.parse(await readFile(base+'/source-copy-index.json','utf8'));}catch{}[0m
2026-10-09T07:12:27.3769693Z [36;1mconst files=[];[0m
2026-10-09T07:12:27.3770437Z [36;1masync function walk(path){let entries;try{entries=await readdir(path,{withFileTypes:true});}catch{return;}[0m
2026-10-09T07:12:27.3771181Z [36;1m  for(const entry of entries.sort((a,b)=>a.name.localeCompare(b.name))){const next=path+'/'+entry.name;[0m
2026-10-09T07:12:27.3772109Z [36;1m    if(entry.isDirectory())await walk(next);else if(entry.isFile()){const bytes=await readFile(next);files.push({path:next,bytes:bytes.length,sha256:sha256(bytes)});}[0m
2026-10-09T07:12:27.3772787Z [36;1m  }[0m
2026-10-09T07:12:27.3772981Z [36;1m}[0m
2026-10-09T07:12:27.3773223Z [36;1mawait walk('.work/browser');await walk(base);[0m
2026-10-09T07:12:27.3773853Z [36;1mfor(const path of ['.work/clock-after.json','.work/custom-meld-after.json','.work/results-after.json','.work/name-check.json']){[0m
2026-10-09T07:12:27.3774663Z [36;1m  try{const bytes=await readFile(path);files.push({path,bytes:bytes.length,sha256:sha256(bytes)});}catch{}[0m
2026-10-09T07:12:27.3775154Z [36;1m}[0m
2026-10-09T07:12:27.3775584Z [36;1mconst sourceUnchanged=before!==null&&sources!==null&&JSON.stringify(before)===JSON.stringify(sources);[0m
2026-10-09T07:12:27.3776392Z [36;1mconst bootstrapWorkflowUnchanged=beforeIndex!==null&&bootstrapWorkflowSha256===beforeIndex.bootstrapWorkflowSha256;[0m
2026-10-09T07:12:27.3777415Z [36;1mconst additionalSourceUnchanged=beforeIndex!==null&&additionalSources!==null&&JSON.stringify(additionalSources)===JSON.stringify(beforeIndex.additionalSources);[0m
2026-10-09T07:12:27.3780070Z [36;1mconst closed={version:1,head:process.env.G02_SOURCE_HEAD,runId:process.env.GITHUB_RUN_ID,runAttempt:process.env.GITHUB_RUN_ATTEMPT,closedUtc:new Date().toISOString(),statusBeforeClosure:process.env.BOOTSTRAP_STATUS,sourceUnchanged,sourceError,bootstrapWorkflowUnchanged,bootstrapWorkflowSha256,bootstrapWorkflowError,additionalSourceUnchanged,additionalSources,additionalSourceError,files,rawFiltering:'none',fullNpmTestAccepted:false};[0m
2026-10-09T07:12:27.3782211Z [36;1mawait writeFile(base+'/CLOSED.json',JSON.stringify(closed,null,2)+'\n');[0m
2026-10-09T07:12:27.3783264Z [36;1mconsole.log(JSON.stringify({closedUtc:closed.closedUtc,head:closed.head,files:files.length,sourceUnchanged,statusBeforeClosure:closed.statusBeforeClosure}));[0m
2026-10-09T07:12:27.3784837Z [36;1mif(before!==null){assert(sourceUnchanged,'guarded inputs changed during the bootstrap');assert(bootstrapWorkflowUnchanged,'the bootstrap workflow changed during execution');assert(additionalSourceUnchanged,'the contract package or explicit request changed during execution');}[0m
2026-10-09T07:12:27.3786059Z [36;1mJS[0m
2026-10-09T07:12:27.3847541Z shell: /usr/bin/bash -e {0}
2026-10-09T07:12:27.3847803Z env:
2026-10-09T07:12:27.3848078Z   G02_SOURCE_HEAD: 75abc5dceae9fa2001f68b98fc7fa0b606931592
2026-10-09T07:12:27.3848441Z   BOOTSTRAP_STATUS: success
2026-10-09T07:12:27.3848685Z ##[endgroup]
2026-10-09T07:12:27.4549043Z {"closedUtc":"2026-10-09T07:12:27.453Z","head":"75abc5dceae9fa2001f68b98fc7fa0b606931592","files":59,"sourceUnchanged":true,"statusBeforeClosure":"success"}
2026-10-09T07:12:27.4975877Z ##[group]Run actions/upload-artifact@v4
2026-10-09T07:12:27.4976190Z with:
2026-10-09T07:12:27.4976541Z   name: G02-initial-presence-current-75abc5dceae9fa2001f68b98fc7fa0b606931592
2026-10-09T07:12:27.4977772Z   path: jobs/G02-gin-rummy/.work/initial-presence-bootstrap/**
jobs/G02-gin-rummy/.work/browser/**
jobs/G02-gin-rummy/.work/clock-after.json
jobs/G02-gin-rummy/.work/custom-meld-after.json
jobs/G02-gin-rummy/.work/results-after.json
jobs/G02-gin-rummy/.work/name-check.json

2026-10-09T07:12:27.4978865Z   include-hidden-files: true
2026-10-09T07:12:27.4979115Z   if-no-files-found: error
2026-10-09T07:12:27.4979350Z   compression-level: 6
2026-10-09T07:12:27.4979571Z   overwrite: false
2026-10-09T07:12:27.4980020Z env:
2026-10-09T07:12:27.4980344Z   G02_SOURCE_HEAD: 75abc5dceae9fa2001f68b98fc7fa0b606931592
2026-10-09T07:12:27.4980667Z ##[endgroup]
2026-10-09T07:12:27.6667526Z (node:3559) [DEP0040] DeprecationWarning: The `punycode` module is deprecated. Please use a userland alternative instead.
2026-10-09T07:12:27.6668383Z (Use `node --trace-deprecation ...` to show where the warning was created)
2026-10-09T07:12:27.6912075Z Multiple search paths detected. Calculating the least common ancestor of all paths
2026-10-09T07:12:27.6915264Z The least common ancestor is /home/runner/work/partybox-game-cores/partybox-game-cores/jobs/G02-gin-rummy/.work. This will be the root directory of the artifact
2026-10-09T07:12:27.6916278Z With the provided path, there will be 60 files uploaded
2026-10-09T07:12:27.6917059Z Artifact name is valid!
2026-10-09T07:12:27.6917623Z Root directory input is valid!
2026-10-09T07:12:28.0805068Z Beginning upload of artifact content to blob storage
2026-10-09T07:12:28.2552068Z (node:3559) [DEP0169] DeprecationWarning: `url.parse()` behavior is not standardized and prone to errors that have security implications. Use the WHATWG URL API instead. CVEs are not issued for `url.parse()` vulnerabilities.
2026-10-09T07:12:28.9277990Z Uploaded bytes 1804795
2026-10-09T07:12:28.9995822Z Finished uploading artifact content to blob storage!
2026-10-09T07:12:28.9997023Z SHA256 digest of uploaded artifact zip is 9026b0ddbd252e42fe09baa610e5825ac083cdaa2b592a25838a8b7d84bc6934
2026-10-09T07:12:28.9999252Z Finalizing artifact upload
2026-10-09T07:12:29.2981643Z Artifact G02-initial-presence-current-75abc5dceae9fa2001f68b98fc7fa0b606931592.zip successfully finalized. Artifact ID 11601191420
2026-10-09T07:12:29.2984505Z Artifact G02-initial-presence-current-75abc5dceae9fa2001f68b98fc7fa0b606931592 has been successfully uploaded! Final size is 1804795 bytes. Artifact ID is 11601191420
2026-10-09T07:12:29.2989587Z Artifact download URL: https://github.com/luisitin/partybox-game-cores/actions/runs/37897544523/artifacts/11601191420
2026-10-09T07:12:29.3688016Z Post job cleanup.
2026-10-09T07:12:29.4901520Z (node:3572) [DEP0040] DeprecationWarning: The `punycode` module is deprecated. Please use a userland alternative instead.
2026-10-09T07:12:29.4902646Z (Use `node --trace-deprecation ...` to show where the warning was created)
2026-10-09T07:12:29.4906344Z Cache hit occurred on the primary key node-cache-Linux-x64-npm-d48b0073b1be2df746cbb2cab1dca64dc5674a863aed54a4ee7f428aad681317, not saving cache.
2026-10-09T07:12:29.5934088Z Post job cleanup.
2026-10-09T07:12:29.6968324Z [command]/usr/bin/git version
2026-10-09T07:12:29.7024472Z git version 2.55.0
2026-10-09T07:12:29.7078317Z Temporarily overriding HOME='/home/runner/work/_temp/890c5e0d-c39b-4f90-bcf0-336222c836da' before making global git config changes
2026-10-09T07:12:29.7080469Z Adding repository directory to the temporary git global config as a safe directory
2026-10-09T07:12:29.7088512Z [command]/usr/bin/git config --global --add safe.directory /home/runner/work/partybox-game-cores/partybox-game-cores
2026-10-09T07:12:29.7142293Z [command]/usr/bin/git config --local --name-only --get-regexp core\.sshCommand
2026-10-09T07:12:29.7200781Z [command]/usr/bin/git submodule foreach --recursive sh -c "git config --local --name-only --get-regexp 'core\.sshCommand' && git config --local --unset-all 'core.sshCommand' || :"
2026-10-09T07:12:29.7499664Z [command]/usr/bin/git config --local --name-only --get-regexp http\.https\:\/\/github\.com\/\.extraheader
2026-10-09T07:12:29.7527862Z http.https://github.com/.extraheader
2026-10-09T07:12:29.7541195Z [command]/usr/bin/git config --local --unset-all http.https://github.com/.extraheader
2026-10-09T07:12:29.7576741Z [command]/usr/bin/git submodule foreach --recursive sh -c "git config --local --name-only --get-regexp 'http\.https\:\/\/github\.com\/\.extraheader' && git config --local --unset-all 'http.https://github.com/.extraheader' || :"
2026-10-09T07:12:29.7878549Z [command]/usr/bin/git config --local --name-only --get-regexp ^includeIf\.gitdir:
2026-10-09T07:12:29.7925918Z [command]/usr/bin/git submodule foreach --recursive git config --local --show-origin --name-only --get-regexp remote.origin.url
2026-10-09T07:12:29.8330804Z Cleaning up orphan processes
2026-10-09T07:12:29.8700099Z ##[warning]Node.js 20 is deprecated. The following actions target Node.js 20 but are being forced to run on Node.js 24: actions/checkout@v4, actions/setup-node@v4, actions/upload-artifact@v4. For more information see: https://github.blog/changelog/2025-09-19-deprecation-of-node-20-on-github-actions-runners/
