2026-10-09T07:10:49.8464415Z Current runner version: '2.337.0'
2026-10-09T07:10:49.8500044Z ##[group]Runner Image Provisioner
2026-10-09T07:10:49.8501007Z Hosted Compute Agent
2026-10-09T07:10:49.8501636Z Version: 20261002.596
2026-10-09T07:10:49.8502380Z Commit: c3d12f3313a95f25162a1503be624f3b0617f8c0
2026-10-09T07:10:49.8503141Z Build Date: 2026-10-02T22:28:27Z
2026-10-09T07:10:49.8503884Z Worker ID: {0945caab-b720-49c3-bc2c-47aab2944eae}
2026-10-09T07:10:49.8504971Z Region: northcentralus
2026-10-09T07:10:49.8505607Z Cloud: Azure
2026-10-09T07:10:49.8506309Z ##[endgroup]
2026-10-09T07:10:49.8507801Z ##[group]Operating System
2026-10-09T07:10:49.8508515Z Ubuntu
2026-10-09T07:10:49.8509118Z 24.04.5
2026-10-09T07:10:49.8509670Z LTS
2026-10-09T07:10:49.8510265Z ##[endgroup]
2026-10-09T07:10:49.8510848Z ##[group]Runner Image
2026-10-09T07:10:49.8511510Z Image: ubuntu-24.04
2026-10-09T07:10:49.8512206Z Version: 20261004.327.1
2026-10-09T07:10:49.8513518Z Included Software: https://github.com/actions/runner-images/blob/ubuntu24/20261004.327/images/ubuntu/Ubuntu2404-Readme.md
2026-10-09T07:10:49.8515422Z Image Release: https://github.com/actions/runner-images/releases/tag/ubuntu24%2F20261004.327
2026-10-09T07:10:49.8516434Z ##[endgroup]
2026-10-09T07:10:49.8517752Z ##[group]GITHUB_TOKEN Permissions
2026-10-09T07:10:49.8519686Z Contents: read
2026-10-09T07:10:49.8520435Z Metadata: read
2026-10-09T07:10:49.8521066Z ##[endgroup]
2026-10-09T07:10:49.8523419Z Secret source: Actions
2026-10-09T07:10:49.8524400Z Cache mode: write
2026-10-09T07:10:49.8525419Z Prepare workflow directory
2026-10-09T07:10:50.0676070Z Prepare all required actions
2026-10-09T07:10:50.0729460Z Getting action download info
2026-10-09T07:10:50.2722211Z Download action repository 'actions/checkout@v4' (SHA:11d5960a326750d5838078e36cf38b85af677262)
2026-10-09T07:10:50.8326485Z Download action repository 'actions/setup-node@v4' (SHA:49933ea5288caeca8642d1e84afbd3f7d6820020)
2026-10-09T07:10:50.9666120Z Download action repository 'actions/upload-artifact@v4' (SHA:ea165f8d65b6e75b540449e92b4886f43607fa02)
2026-10-09T07:10:51.4598496Z Complete job name: verify
2026-10-09T07:10:51.9075089Z ##[group]Run actions/checkout@v4
2026-10-09T07:10:51.9076509Z with:
2026-10-09T07:10:51.9077392Z   repository: luisitin/partybox-game-cores
2026-10-09T07:10:51.9086403Z   token: ***
2026-10-09T07:10:51.9087221Z   ssh-strict: true
2026-10-09T07:10:51.9088046Z   ssh-user: git
2026-10-09T07:10:51.9088882Z   persist-credentials: true
2026-10-09T07:10:51.9089798Z   clean: true
2026-10-09T07:10:51.9090635Z   sparse-checkout-cone-mode: true
2026-10-09T07:10:51.9091637Z   fetch-depth: 1
2026-10-09T07:10:51.9092457Z   fetch-tags: false
2026-10-09T07:10:51.9093316Z   show-progress: true
2026-10-09T07:10:51.9094173Z   lfs: false
2026-10-09T07:10:51.9095203Z   submodules: false
2026-10-09T07:10:51.9096078Z   set-safe-directory: true
2026-10-09T07:10:51.9097065Z   allow-unsafe-pr-checkout: false
2026-10-09T07:10:51.9098357Z ##[endgroup]
2026-10-09T07:10:52.0241436Z Syncing repository: luisitin/partybox-game-cores
2026-10-09T07:10:52.0244923Z ##[group]Getting Git version info
2026-10-09T07:10:52.0246911Z Working directory is '/home/runner/work/partybox-game-cores/partybox-game-cores'
2026-10-09T07:10:52.0249855Z [command]/usr/bin/git version
2026-10-09T07:10:52.2149985Z git version 2.55.0
2026-10-09T07:10:52.2171058Z ##[endgroup]
2026-10-09T07:10:52.2187016Z Temporarily overriding HOME='/home/runner/work/_temp/1a954c19-5010-47af-a41f-7b86ed607f59' before making global git config changes
2026-10-09T07:10:52.2190168Z Adding repository directory to the temporary git global config as a safe directory
2026-10-09T07:10:52.2193059Z [command]/usr/bin/git config --global --add safe.directory /home/runner/work/partybox-game-cores/partybox-game-cores
2026-10-09T07:10:52.2458515Z Deleting the contents of '/home/runner/work/partybox-game-cores/partybox-game-cores'
2026-10-09T07:10:52.2463182Z ##[group]Initializing the repository
2026-10-09T07:10:52.2468359Z [command]/usr/bin/git init /home/runner/work/partybox-game-cores/partybox-game-cores
2026-10-09T07:10:52.2999011Z hint: Using 'master' as the name for the initial branch. This default branch name
2026-10-09T07:10:52.3002497Z hint: will change to "main" in Git 3.0. To configure the initial branch name
2026-10-09T07:10:52.3005969Z hint: to use in all of your new repositories, which will suppress this warning,
2026-10-09T07:10:52.3008583Z hint: call:
2026-10-09T07:10:52.3009868Z hint:
2026-10-09T07:10:52.3011597Z hint: 	git config --global init.defaultBranch <name>
2026-10-09T07:10:52.3013792Z hint:
2026-10-09T07:10:52.3015825Z hint: Names commonly chosen instead of 'master' are 'main', 'trunk' and
2026-10-09T07:10:52.3018680Z hint: 'development'. The just-created branch can be renamed via this command:
2026-10-09T07:10:52.3021012Z hint:
2026-10-09T07:10:52.3022295Z hint: 	git branch -m <name>
2026-10-09T07:10:52.3023977Z hint:
2026-10-09T07:10:52.3025872Z hint: Disable this message with "git config set advice.defaultBranchName false"
2026-10-09T07:10:52.3029088Z Initialized empty Git repository in /home/runner/work/partybox-game-cores/partybox-game-cores/.git/
2026-10-09T07:10:52.3034474Z [command]/usr/bin/git remote add origin https://github.com/luisitin/partybox-game-cores
2026-10-09T07:10:52.3343119Z ##[endgroup]
2026-10-09T07:10:52.3345750Z ##[group]Disabling automatic garbage collection
2026-10-09T07:10:52.3348117Z [command]/usr/bin/git config --local gc.auto 0
2026-10-09T07:10:52.3388647Z ##[endgroup]
2026-10-09T07:10:52.3390782Z ##[group]Setting up auth
2026-10-09T07:10:52.3394951Z [command]/usr/bin/git config --local --name-only --get-regexp core\.sshCommand
2026-10-09T07:10:52.3435034Z [command]/usr/bin/git submodule foreach --recursive sh -c "git config --local --name-only --get-regexp 'core\.sshCommand' && git config --local --unset-all 'core.sshCommand' || :"
2026-10-09T07:10:52.6180280Z [command]/usr/bin/git config --local --name-only --get-regexp http\.https\:\/\/github\.com\/\.extraheader
2026-10-09T07:10:52.6220577Z [command]/usr/bin/git submodule foreach --recursive sh -c "git config --local --name-only --get-regexp 'http\.https\:\/\/github\.com\/\.extraheader' && git config --local --unset-all 'http.https://github.com/.extraheader' || :"
2026-10-09T07:10:52.6471978Z [command]/usr/bin/git config --local --name-only --get-regexp ^includeIf\.gitdir:
2026-10-09T07:10:52.6510490Z [command]/usr/bin/git submodule foreach --recursive git config --local --show-origin --name-only --get-regexp remote.origin.url
2026-10-09T07:10:52.6760802Z [command]/usr/bin/git config --local http.https://github.com/.extraheader AUTHORIZATION: basic ***
2026-10-09T07:10:52.6804397Z ##[endgroup]
2026-10-09T07:10:52.6805696Z ##[group]Fetching the repository
2026-10-09T07:10:52.6814155Z [command]/usr/bin/git -c protocol.version=2 fetch --no-tags --prune --no-recurse-submodules --depth=1 origin +abe9181eefc84b04ce4e62e4e27409bc2e9ab7ba:refs/remotes/pull/12/merge
2026-10-09T07:10:56.0486271Z From https://github.com/luisitin/partybox-game-cores
2026-10-09T07:10:56.0487270Z  * [new ref]         abe9181eefc84b04ce4e62e4e27409bc2e9ab7ba -> pull/12/merge
2026-10-09T07:10:56.0490572Z ##[endgroup]
2026-10-09T07:10:56.0491260Z ##[group]Determining the checkout info
2026-10-09T07:10:56.0493119Z ##[endgroup]
2026-10-09T07:10:56.0500349Z [command]/usr/bin/git sparse-checkout disable
2026-10-09T07:10:56.0745991Z [command]/usr/bin/git config --local --unset-all extensions.worktreeConfig
2026-10-09T07:10:56.0771543Z ##[group]Checking out the ref
2026-10-09T07:10:56.0777020Z [command]/usr/bin/git checkout --progress --force refs/remotes/pull/12/merge
2026-10-09T07:10:56.3371574Z Note: switching to 'refs/remotes/pull/12/merge'.
2026-10-09T07:10:56.3372028Z 
2026-10-09T07:10:56.3372387Z You are in 'detached HEAD' state. You can look around, make experimental
2026-10-09T07:10:56.3373039Z changes and commit them, and you can discard any commits you make in this
2026-10-09T07:10:56.3373520Z state without impacting any branches by switching back to a branch.
2026-10-09T07:10:56.3373823Z 
2026-10-09T07:10:56.3374066Z If you want to create a new branch to retain commits you create, you may
2026-10-09T07:10:56.3375257Z do so (now or later) by using -c with the switch command. Example:
2026-10-09T07:10:56.3375654Z 
2026-10-09T07:10:56.3375819Z   git switch -c <new-branch-name>
2026-10-09T07:10:56.3376184Z 
2026-10-09T07:10:56.3376354Z Or undo this operation with:
2026-10-09T07:10:56.3376608Z 
2026-10-09T07:10:56.3376747Z   git switch -
2026-10-09T07:10:56.3376920Z 
2026-10-09T07:10:56.3377225Z Turn off this advice by setting config variable advice.detachedHead to false
2026-10-09T07:10:56.3377563Z 
2026-10-09T07:10:56.3377912Z HEAD is now at abe9181 Merge 75abc5dceae9fa2001f68b98fc7fa0b606931592 into d5fbb39746f8f7900bee57506e8133e8675f48ed
2026-10-09T07:10:56.3413652Z ##[endgroup]
2026-10-09T07:10:56.3464962Z [command]/usr/bin/git log -1 --format=%H
2026-10-09T07:10:56.3494942Z abe9181eefc84b04ce4e62e4e27409bc2e9ab7ba
2026-10-09T07:10:56.6701694Z ##[group]Run actions/setup-node@v4
2026-10-09T07:10:56.6702034Z with:
2026-10-09T07:10:56.6702304Z   node-version: 22.16.0
2026-10-09T07:10:56.6702554Z   cache: npm
2026-10-09T07:10:56.6702857Z   cache-dependency-path: jobs/G02-gin-rummy/package-lock.json
2026-10-09T07:10:56.6703223Z   always-auth: false
2026-10-09T07:10:56.6703459Z   check-latest: false
2026-10-09T07:10:56.6706385Z   token: ***
2026-10-09T07:10:56.6706613Z ##[endgroup]
2026-10-09T07:10:56.8139973Z Attempting to download 22.16.0...
2026-10-09T07:10:56.8245795Z (node:2385) [DEP0040] DeprecationWarning: The `punycode` module is deprecated. Please use a userland alternative instead.
2026-10-09T07:10:56.8247198Z (Use `node --trace-deprecation ...` to show where the warning was created)
2026-10-09T07:10:57.4417106Z Acquiring 22.16.0 - x64 from https://github.com/actions/node-versions/releases/download/22.16.0-15177438473/node-22.16.0-linux-x64.tar.gz
2026-10-09T07:10:57.7951661Z Extracting ...
2026-10-09T07:10:57.8075291Z [command]/usr/bin/tar xz --strip 1 --warning=no-unknown-keyword --overwrite -C /home/runner/work/_temp/ffb06691-76ad-46ba-a13e-2757f047853e -f /home/runner/work/_temp/0197b84b-9263-40fb-b8b2-2352ae2f593d
2026-10-09T07:10:59.1009774Z Adding to the cache ...
2026-10-09T07:11:00.8340404Z ##[group]Environment details
2026-10-09T07:11:01.2377281Z node: v22.16.0
2026-10-09T07:11:01.2377676Z npm: 10.9.2
2026-10-09T07:11:01.2377974Z yarn: 1.22.22
2026-10-09T07:11:01.2378645Z ##[endgroup]
2026-10-09T07:11:01.2397005Z [command]/opt/hostedtoolcache/node/22.16.0/x64/bin/npm config get cache
2026-10-09T07:11:01.3330533Z /home/runner/.npm
2026-10-09T07:11:01.5045260Z Cache hit for: node-cache-Linux-x64-npm-d48b0073b1be2df746cbb2cab1dca64dc5674a863aed54a4ee7f428aad681317
2026-10-09T07:11:01.5148287Z (node:2385) [DEP0169] DeprecationWarning: `url.parse()` behavior is not standardized and prone to errors that have security implications. Use the WHATWG URL API instead. CVEs are not issued for `url.parse()` vulnerabilities.
2026-10-09T07:11:02.0603557Z Received 12676573 of 12676573 (100.0%), 27.7 MBs/sec
2026-10-09T07:11:02.0604185Z Cache Size: ~12 MB (12676573 B)
2026-10-09T07:11:02.0627405Z [command]/usr/bin/tar -xf /home/runner/work/_temp/5b1db036-c0a1-4ab5-8fed-022c51db9f03/cache.tzst -P -C /home/runner/work/partybox-game-cores/partybox-game-cores --use-compress-program unzstd
2026-10-09T07:11:02.1109975Z Cache restored successfully
2026-10-09T07:11:02.1121739Z Cache restored from key: node-cache-Linux-x64-npm-d48b0073b1be2df746cbb2cab1dca64dc5674a863aed54a4ee7f428aad681317
2026-10-09T07:11:02.1521944Z ##[group]Run npm ci --ignore-scripts --no-audit --no-fund
2026-10-09T07:11:02.1522460Z [36;1mnpm ci --ignore-scripts --no-audit --no-fund[0m
2026-10-09T07:11:02.5170798Z shell: /usr/bin/bash -e {0}
2026-10-09T07:11:02.5171280Z ##[endgroup]
2026-10-09T07:11:03.4372477Z 
2026-10-09T07:11:03.4379363Z added 6 packages in 856ms
2026-10-09T07:11:03.5050994Z ##[group]Run npx playwright install --with-deps chromium
2026-10-09T07:11:03.5051454Z [36;1mnpx playwright install --with-deps chromium[0m
2026-10-09T07:11:03.5121456Z shell: /usr/bin/bash -e {0}
2026-10-09T07:11:03.5121935Z ##[endgroup]
2026-10-09T07:11:04.3479427Z Installing dependencies...
2026-10-09T07:11:04.3536626Z Switching to root user to install dependencies...
2026-10-09T07:11:04.5323879Z Get:1 file:/etc/apt/apt-mirrors.txt Mirrorlist [144 B]
2026-10-09T07:11:04.5496949Z Get:6 https://packages.microsoft.com/ubuntu/24.04/prod noble InRelease [3600 B]
2026-10-09T07:11:04.5748710Z Hit:2 http://azure.archive.ubuntu.com/ubuntu noble InRelease
2026-10-09T07:11:04.5762208Z Get:3 http://azure.archive.ubuntu.com/ubuntu noble-updates InRelease [126 kB]
2026-10-09T07:11:04.5846387Z Get:4 http://azure.archive.ubuntu.com/ubuntu noble-backports InRelease [126 kB]
2026-10-09T07:11:04.5926092Z Get:5 http://azure.archive.ubuntu.com/ubuntu noble-security InRelease [126 kB]
2026-10-09T07:11:04.6828066Z Get:7 https://packages.microsoft.com/ubuntu/24.04/prod noble/main arm64 Packages [475 kB]
2026-10-09T07:11:04.7057157Z Get:8 https://packages.microsoft.com/ubuntu/24.04/prod noble/main amd64 Packages [531 kB]
2026-10-09T07:11:04.7096133Z Get:9 https://packages.microsoft.com/ubuntu/24.04/prod noble/main all Packages [640 B]
2026-10-09T07:11:04.7117452Z Get:10 https://packages.microsoft.com/ubuntu/24.04/prod noble/main armhf Packages [12.3 kB]
2026-10-09T07:11:04.8124818Z Get:11 http://azure.archive.ubuntu.com/ubuntu noble-updates/main amd64 Packages [1375 kB]
2026-10-09T07:11:04.8216404Z Get:12 http://azure.archive.ubuntu.com/ubuntu noble-updates/main Translation-en [306 kB]
2026-10-09T07:11:04.8244337Z Get:13 http://azure.archive.ubuntu.com/ubuntu noble-updates/universe amd64 Packages [1702 kB]
2026-10-09T07:11:04.8334889Z Get:14 http://azure.archive.ubuntu.com/ubuntu noble-updates/universe Translation-en [342 kB]
2026-10-09T07:11:04.8362831Z Get:15 http://azure.archive.ubuntu.com/ubuntu noble-updates/restricted amd64 Packages [1761 kB]
2026-10-09T07:11:04.8457440Z Get:16 http://azure.archive.ubuntu.com/ubuntu noble-updates/restricted Translation-en [401 kB]
2026-10-09T07:11:04.8489352Z Get:17 http://azure.archive.ubuntu.com/ubuntu noble-updates/multiverse amd64 Packages [55.0 kB]
2026-10-09T07:11:04.8503549Z Get:18 http://azure.archive.ubuntu.com/ubuntu noble-updates/multiverse Translation-en [14.3 kB]
2026-10-09T07:11:04.9267651Z Get:19 http://azure.archive.ubuntu.com/ubuntu noble-security/main amd64 Packages [1118 kB]
2026-10-09T07:11:04.9330036Z Get:20 http://azure.archive.ubuntu.com/ubuntu noble-security/main Translation-en [228 kB]
2026-10-09T07:11:04.9779035Z Get:21 http://azure.archive.ubuntu.com/ubuntu noble-security/universe amd64 Packages [1220 kB]
2026-10-09T07:11:04.9856713Z Get:22 http://azure.archive.ubuntu.com/ubuntu noble-security/universe Translation-en [245 kB]
2026-10-09T07:11:04.9880701Z Get:23 http://azure.archive.ubuntu.com/ubuntu noble-security/restricted amd64 Packages [1667 kB]
2026-10-09T07:11:04.9968030Z Get:24 http://azure.archive.ubuntu.com/ubuntu noble-security/restricted Translation-en [383 kB]
2026-10-09T07:11:04.9996096Z Get:25 http://azure.archive.ubuntu.com/ubuntu noble-security/multiverse amd64 Packages [49.8 kB]
2026-10-09T07:11:05.0010328Z Get:26 http://azure.archive.ubuntu.com/ubuntu noble-security/multiverse Translation-en [12.4 kB]
2026-10-09T07:11:10.7843519Z Fetched 12.3 MB in 1s (8731 kB/s)
2026-10-09T07:11:11.6268008Z Reading package lists...
2026-10-09T07:11:11.6529540Z Reading package lists...
2026-10-09T07:11:11.8867460Z Building dependency tree...
2026-10-09T07:11:11.8874957Z Reading state information...
2026-10-09T07:11:12.0479670Z libasound2t64 is already the newest version (1.2.11-1ubuntu0.3).
2026-10-09T07:11:12.0480356Z libasound2t64 set to manually installed.
2026-10-09T07:11:12.0480841Z libatk-bridge2.0-0t64 is already the newest version (2.52.0-1build1).
2026-10-09T07:11:12.0481322Z libatk-bridge2.0-0t64 set to manually installed.
2026-10-09T07:11:12.0482357Z libatk1.0-0t64 is already the newest version (2.52.0-1build1).
2026-10-09T07:11:12.0482779Z libatk1.0-0t64 set to manually installed.
2026-10-09T07:11:12.0483226Z libatspi2.0-0t64 is already the newest version (2.52.0-1build1).
2026-10-09T07:11:12.0483836Z libatspi2.0-0t64 set to manually installed.
2026-10-09T07:11:12.0484253Z libcairo2 is already the newest version (1.18.0-3build1).
2026-10-09T07:11:12.0484916Z libcairo2 set to manually installed.
2026-10-09T07:11:12.0485350Z libcups2t64 is already the newest version (2.4.7-1.2ubuntu7.14).
2026-10-09T07:11:12.0485759Z libcups2t64 set to manually installed.
2026-10-09T07:11:12.0486189Z libdbus-1-3 is already the newest version (1.14.10-4ubuntu4.1).
2026-10-09T07:11:12.0486588Z libdbus-1-3 set to manually installed.
2026-10-09T07:11:12.0487209Z libdrm2 is already the newest version (2.4.125-1ubuntu0.1~24.04.2).
2026-10-09T07:11:12.0487846Z libdrm2 set to manually installed.
2026-10-09T07:11:12.0488270Z libgbm1 is already the newest version (25.2.8-0ubuntu0.24.04.4).
2026-10-09T07:11:12.0488669Z libgbm1 set to manually installed.
2026-10-09T07:11:12.0489102Z libglib2.0-0t64 is already the newest version (2.80.0-6ubuntu3.9).
2026-10-09T07:11:12.0489576Z libglib2.0-0t64 set to manually installed.
2026-10-09T07:11:12.0490029Z libnspr4 is already the newest version (2:4.35-1.1build1).
2026-10-09T07:11:12.0490439Z libnspr4 set to manually installed.
2026-10-09T07:11:12.0490856Z libnss3 is already the newest version (2:3.98-1ubuntu0.2).
2026-10-09T07:11:12.0491248Z libnss3 set to manually installed.
2026-10-09T07:11:12.0491656Z libpango-1.0-0 is already the newest version (1.52.1+ds-1build1).
2026-10-09T07:11:12.0492076Z libpango-1.0-0 set to manually installed.
2026-10-09T07:11:12.0492570Z libx11-6 is already the newest version (2:1.8.7-1build1).
2026-10-09T07:11:12.0492951Z libx11-6 set to manually installed.
2026-10-09T07:11:12.0493317Z libxcb1 is already the newest version (1.15-1ubuntu2).
2026-10-09T07:11:12.0493713Z libxcb1 set to manually installed.
2026-10-09T07:11:12.0494143Z libxcomposite1 is already the newest version (1:0.4.5-1build3).
2026-10-09T07:11:12.0494556Z libxcomposite1 set to manually installed.
2026-10-09T07:11:12.0495090Z libxdamage1 is already the newest version (1:1.1.6-1build1).
2026-10-09T07:11:12.0495562Z libxdamage1 set to manually installed.
2026-10-09T07:11:12.0495992Z libxext6 is already the newest version (2:1.3.4-1build2).
2026-10-09T07:11:12.0496366Z libxext6 set to manually installed.
2026-10-09T07:11:12.0496766Z libxfixes3 is already the newest version (1:6.0.0-2build1).
2026-10-09T07:11:12.0497153Z libxfixes3 set to manually installed.
2026-10-09T07:11:12.0497557Z libxkbcommon0 is already the newest version (1.6.0-1build1).
2026-10-09T07:11:12.0497964Z libxkbcommon0 set to manually installed.
2026-10-09T07:11:12.0498369Z libxrandr2 is already the newest version (2:1.5.2-2build1).
2026-10-09T07:11:12.0498741Z libxrandr2 set to manually installed.
2026-10-09T07:11:12.0499147Z xvfb is already the newest version (2:21.1.12-1ubuntu1.8).
2026-10-09T07:11:12.0499680Z fonts-noto-color-emoji is already the newest version (2.047-0ubuntu0.24.04.1).
2026-10-09T07:11:12.0500235Z libfontconfig1 is already the newest version (2.15.0-1.1ubuntu2).
2026-10-09T07:11:12.0500662Z libfontconfig1 set to manually installed.
2026-10-09T07:11:12.0501109Z fonts-liberation is already the newest version (1:2.1.5-3).
2026-10-09T07:11:12.0501512Z fonts-liberation set to manually installed.
2026-10-09T07:11:12.0501939Z The following additional packages will be installed:
2026-10-09T07:11:12.0502311Z   xfonts-encodings xfonts-utils
2026-10-09T07:11:12.0502607Z Recommended packages:
2026-10-09T07:11:12.0502900Z   fonts-ipafont-mincho fonts-tlwg-loma
2026-10-09T07:11:12.0884944Z The following NEW packages will be installed:
2026-10-09T07:11:12.0885530Z   fonts-freefont-ttf fonts-ipafont-gothic fonts-tlwg-loma-otf fonts-unifont
2026-10-09T07:11:12.0890396Z   fonts-wqy-zenhei xfonts-cyrillic xfonts-encodings xfonts-scalable
2026-10-09T07:11:12.0891180Z   xfonts-utils
2026-10-09T07:11:12.0894514Z The following packages will be upgraded:
2026-10-09T07:11:12.0899068Z   libfreetype6
2026-10-09T07:11:12.1075266Z 1 upgraded, 9 newly installed, 0 to remove and 22 not upgraded.
2026-10-09T07:11:12.1076303Z Need to get 21.5 MB of archives.
2026-10-09T07:11:12.1077000Z After this operation, 79.5 MB of additional disk space will be used.
2026-10-09T07:11:12.1077821Z Get:1 file:/etc/apt/apt-mirrors.txt Mirrorlist [144 B]
2026-10-09T07:11:12.1578560Z Get:2 http://azure.archive.ubuntu.com/ubuntu noble/universe amd64 fonts-ipafont-gothic all 00303-21ubuntu1 [3513 kB]
2026-10-09T07:11:12.2689842Z Get:3 http://azure.archive.ubuntu.com/ubuntu noble/main amd64 fonts-freefont-ttf all 20211204+svn4273-2 [5641 kB]
2026-10-09T07:11:12.4439333Z Get:4 http://azure.archive.ubuntu.com/ubuntu noble/universe amd64 fonts-tlwg-loma-otf all 1:0.7.3-1 [107 kB]
2026-10-09T07:11:12.4728593Z Get:5 http://azure.archive.ubuntu.com/ubuntu noble/universe amd64 fonts-unifont all 1:15.1.01-1build1 [2993 kB]
2026-10-09T07:11:12.5292124Z Get:6 http://azure.archive.ubuntu.com/ubuntu noble/universe amd64 fonts-wqy-zenhei all 0.9.45-8 [7472 kB]
2026-10-09T07:11:12.6385213Z Get:7 http://azure.archive.ubuntu.com/ubuntu noble-updates/main amd64 libfreetype6 amd64 2.13.2+dfsg-1ubuntu0.2 [403 kB]
2026-10-09T07:11:12.6640742Z Get:8 http://azure.archive.ubuntu.com/ubuntu noble/main amd64 xfonts-encodings all 1:1.0.5-0ubuntu2 [578 kB]
2026-10-09T07:11:12.6915843Z Get:9 http://azure.archive.ubuntu.com/ubuntu noble/main amd64 xfonts-utils amd64 1:7.7+6build3 [94.4 kB]
2026-10-09T07:11:12.7142298Z Get:10 http://azure.archive.ubuntu.com/ubuntu noble/universe amd64 xfonts-cyrillic all 1:1.0.5+nmu1 [384 kB]
2026-10-09T07:11:12.7403247Z Get:11 http://azure.archive.ubuntu.com/ubuntu noble/main amd64 xfonts-scalable all 1:1.0.3-1.3 [304 kB]
2026-10-09T07:11:13.0237976Z Fetched 21.5 MB in 1s (33.1 MB/s)
2026-10-09T07:11:13.0666323Z Selecting previously unselected package fonts-ipafont-gothic.
2026-10-09T07:11:13.1277351Z (Reading database ... 
2026-10-09T07:11:13.1277829Z (Reading database ... 5%
2026-10-09T07:11:13.1278152Z (Reading database ... 10%
2026-10-09T07:11:13.1278604Z (Reading database ... 15%
2026-10-09T07:11:13.1278870Z (Reading database ... 20%
2026-10-09T07:11:13.1279316Z (Reading database ... 25%
2026-10-09T07:11:13.1279840Z (Reading database ... 30%
2026-10-09T07:11:13.1280361Z (Reading database ... 35%
2026-10-09T07:11:13.1280751Z (Reading database ... 40%
2026-10-09T07:11:13.1281076Z (Reading database ... 45%
2026-10-09T07:11:13.1281348Z (Reading database ... 50%
2026-10-09T07:11:13.1729240Z (Reading database ... 55%
2026-10-09T07:11:13.6006971Z (Reading database ... 60%
2026-10-09T07:11:13.9448285Z (Reading database ... 65%
2026-10-09T07:11:14.3154989Z (Reading database ... 70%
2026-10-09T07:11:14.7256298Z (Reading database ... 75%
2026-10-09T07:11:15.2159506Z (Reading database ... 80%
2026-10-09T07:11:16.0543916Z (Reading database ... 85%
2026-10-09T07:11:16.8381713Z (Reading database ... 90%
2026-10-09T07:11:17.6953342Z (Reading database ... 95%
2026-10-09T07:11:17.6953869Z (Reading database ... 100%
2026-10-09T07:11:17.6954538Z (Reading database ... 203191 files and directories currently installed.)
2026-10-09T07:11:17.7004436Z Preparing to unpack .../0-fonts-ipafont-gothic_00303-21ubuntu1_all.deb ...
2026-10-09T07:11:17.7104038Z Unpacking fonts-ipafont-gothic (00303-21ubuntu1) ...
2026-10-09T07:11:17.9470436Z Selecting previously unselected package fonts-freefont-ttf.
2026-10-09T07:11:17.9603893Z Preparing to unpack .../1-fonts-freefont-ttf_20211204+svn4273-2_all.deb ...
2026-10-09T07:11:17.9610834Z Unpacking fonts-freefont-ttf (20211204+svn4273-2) ...
2026-10-09T07:11:18.0414484Z Selecting previously unselected package fonts-tlwg-loma-otf.
2026-10-09T07:11:18.0547532Z Preparing to unpack .../2-fonts-tlwg-loma-otf_1%3a0.7.3-1_all.deb ...
2026-10-09T07:11:18.0554184Z Unpacking fonts-tlwg-loma-otf (1:0.7.3-1) ...
2026-10-09T07:11:18.0817069Z Selecting previously unselected package fonts-unifont.
2026-10-09T07:11:18.0949197Z Preparing to unpack .../3-fonts-unifont_1%3a15.1.01-1build1_all.deb ...
2026-10-09T07:11:18.0954346Z Unpacking fonts-unifont (1:15.1.01-1build1) ...
2026-10-09T07:11:18.2060359Z Selecting previously unselected package fonts-wqy-zenhei.
2026-10-09T07:11:18.2192818Z Preparing to unpack .../4-fonts-wqy-zenhei_0.9.45-8_all.deb ...
2026-10-09T07:11:18.2295844Z Unpacking fonts-wqy-zenhei (0.9.45-8) ...
2026-10-09T07:11:18.7142889Z Preparing to unpack .../5-libfreetype6_2.13.2+dfsg-1ubuntu0.2_amd64.deb ...
2026-10-09T07:11:18.7164989Z Unpacking libfreetype6:amd64 (2.13.2+dfsg-1ubuntu0.2) over (2.13.2+dfsg-1ubuntu0.1) ...
2026-10-09T07:11:18.7405491Z Selecting previously unselected package xfonts-encodings.
2026-10-09T07:11:18.7537753Z Preparing to unpack .../6-xfonts-encodings_1%3a1.0.5-0ubuntu2_all.deb ...
2026-10-09T07:11:18.7544041Z Unpacking xfonts-encodings (1:1.0.5-0ubuntu2) ...
2026-10-09T07:11:18.7819103Z Selecting previously unselected package xfonts-utils.
2026-10-09T07:11:18.7949653Z Preparing to unpack .../7-xfonts-utils_1%3a7.7+6build3_amd64.deb ...
2026-10-09T07:11:18.7955314Z Unpacking xfonts-utils (1:7.7+6build3) ...
2026-10-09T07:11:18.8691322Z Selecting previously unselected package xfonts-cyrillic.
2026-10-09T07:11:18.8823794Z Preparing to unpack .../8-xfonts-cyrillic_1%3a1.0.5+nmu1_all.deb ...
2026-10-09T07:11:18.8830886Z Unpacking xfonts-cyrillic (1:1.0.5+nmu1) ...
2026-10-09T07:11:18.9159740Z Selecting previously unselected package xfonts-scalable.
2026-10-09T07:11:18.9290870Z Preparing to unpack .../9-xfonts-scalable_1%3a1.0.3-1.3_all.deb ...
2026-10-09T07:11:18.9297417Z Unpacking xfonts-scalable (1:1.0.3-1.3) ...
2026-10-09T07:11:18.9722037Z Setting up fonts-wqy-zenhei (0.9.45-8) ...
2026-10-09T07:11:18.9831468Z Setting up fonts-freefont-ttf (20211204+svn4273-2) ...
2026-10-09T07:11:18.9844309Z Setting up fonts-tlwg-loma-otf (1:0.7.3-1) ...
2026-10-09T07:11:18.9858135Z Setting up libfreetype6:amd64 (2.13.2+dfsg-1ubuntu0.2) ...
2026-10-09T07:11:18.9871608Z Setting up xfonts-encodings (1:1.0.5-0ubuntu2) ...
2026-10-09T07:11:18.9885332Z Setting up fonts-ipafont-gothic (00303-21ubuntu1) ...
2026-10-09T07:11:18.9950496Z update-alternatives: using /usr/share/fonts/opentype/ipafont-gothic/ipag.ttf to provide /usr/share/fonts/truetype/fonts-japanese-gothic.ttf (fonts-japanese-gothic.ttf) in auto mode
2026-10-09T07:11:18.9963411Z Setting up fonts-unifont (1:15.1.01-1build1) ...
2026-10-09T07:11:18.9976839Z Setting up xfonts-utils (1:7.7+6build3) ...
2026-10-09T07:11:19.0013727Z Setting up xfonts-cyrillic (1:1.0.5+nmu1) ...
2026-10-09T07:11:19.0359091Z Setting up xfonts-scalable (1:1.0.3-1.3) ...
2026-10-09T07:11:19.1067385Z Processing triggers for libc-bin (2.39-0ubuntu8.9) ...
2026-10-09T07:11:19.2697655Z Processing triggers for man-db (2.12.0-4build2) ...
2026-10-09T07:11:19.2716086Z Not building database; man-db/auto-update is not 'true'.
2026-10-09T07:11:19.2726277Z Processing triggers for fontconfig (2.15.0-1.1ubuntu2) ...
2026-10-09T07:11:20.7278468Z 
2026-10-09T07:11:20.7279170Z Running kernel seems to be up-to-date.
2026-10-09T07:11:20.7279547Z 
2026-10-09T07:11:20.7279730Z Restarting services...
2026-10-09T07:11:20.7363828Z  systemctl restart php8.3-fpm.service
2026-10-09T07:11:20.8510198Z 
2026-10-09T07:11:20.8512158Z No containers need to be restarted.
2026-10-09T07:11:20.8512430Z 
2026-10-09T07:11:20.8512845Z No user sessions are running outdated binaries.
2026-10-09T07:11:20.8513236Z 
2026-10-09T07:11:20.8513730Z No VM guests are running outdated hypervisor (qemu) binaries on this host.
2026-10-09T07:11:21.8545304Z Downloading Chromium 141.0.7390.37 (playwright build v1194) from https://cdn.playwright.dev/dbazure/download/playwright/builds/chromium/1194/chromium-linux.zip
2026-10-09T07:11:22.1193444Z |                                                                                |   0% of 173.9 MiB
2026-10-09T07:11:22.2333575Z |■■■■■■■■                                                                        |  10% of 173.9 MiB
2026-10-09T07:11:22.3141302Z |■■■■■■■■■■■■■■■■                                                                |  20% of 173.9 MiB
2026-10-09T07:11:22.3896377Z |■■■■■■■■■■■■■■■■■■■■■■■■                                                        |  30% of 173.9 MiB
2026-10-09T07:11:22.4527183Z |■■■■■■■■■■■■■■■■■■■■■■■■■■■■■■■■                                                |  40% of 173.9 MiB
2026-10-09T07:11:22.5217894Z |■■■■■■■■■■■■■■■■■■■■■■■■■■■■■■■■■■■■■■■■                                        |  50% of 173.9 MiB
2026-10-09T07:11:22.5793004Z |■■■■■■■■■■■■■■■■■■■■■■■■■■■■■■■■■■■■■■■■■■■■■■■■                                |  60% of 173.9 MiB
2026-10-09T07:11:22.6316792Z |■■■■■■■■■■■■■■■■■■■■■■■■■■■■■■■■■■■■■■■■■■■■■■■■■■■■■■■■                        |  70% of 173.9 MiB
2026-10-09T07:11:22.6900673Z |■■■■■■■■■■■■■■■■■■■■■■■■■■■■■■■■■■■■■■■■■■■■■■■■■■■■■■■■■■■■■■■■                |  80% of 173.9 MiB
2026-10-09T07:11:22.7542670Z |■■■■■■■■■■■■■■■■■■■■■■■■■■■■■■■■■■■■■■■■■■■■■■■■■■■■■■■■■■■■■■■■■■■■■■■■        |  90% of 173.9 MiB
2026-10-09T07:11:22.8059205Z |■■■■■■■■■■■■■■■■■■■■■■■■■■■■■■■■■■■■■■■■■■■■■■■■■■■■■■■■■■■■■■■■■■■■■■■■■■■■■■■■| 100% of 173.9 MiB
2026-10-09T07:11:26.2380680Z Chromium 141.0.7390.37 (playwright build v1194) downloaded to /home/runner/.cache/ms-playwright/chromium-1194
2026-10-09T07:11:26.2384201Z Downloading FFMPEG playwright build v1011 from https://cdn.playwright.dev/dbazure/download/playwright/builds/ffmpeg/1011/ffmpeg-linux.zip
2026-10-09T07:11:26.4015543Z |                                                                                |   0% of 2.3 MiB
2026-10-09T07:11:26.4067572Z |■■■■■■■■                                                                        |  10% of 2.3 MiB
2026-10-09T07:11:26.4113674Z |■■■■■■■■■■■■■■■■                                                                |  20% of 2.3 MiB
2026-10-09T07:11:26.4134243Z |■■■■■■■■■■■■■■■■■■■■■■■■                                                        |  30% of 2.3 MiB
2026-10-09T07:11:26.4157136Z |■■■■■■■■■■■■■■■■■■■■■■■■■■■■■■■■                                                |  40% of 2.3 MiB
2026-10-09T07:11:26.4174298Z |■■■■■■■■■■■■■■■■■■■■■■■■■■■■■■■■■■■■■■■■                                        |  50% of 2.3 MiB
2026-10-09T07:11:26.4192433Z |■■■■■■■■■■■■■■■■■■■■■■■■■■■■■■■■■■■■■■■■■■■■■■■■                                |  60% of 2.3 MiB
2026-10-09T07:11:26.4213318Z |■■■■■■■■■■■■■■■■■■■■■■■■■■■■■■■■■■■■■■■■■■■■■■■■■■■■■■■■                        |  70% of 2.3 MiB
2026-10-09T07:11:26.4228632Z |■■■■■■■■■■■■■■■■■■■■■■■■■■■■■■■■■■■■■■■■■■■■■■■■■■■■■■■■■■■■■■■■                |  80% of 2.3 MiB
2026-10-09T07:11:26.4244276Z |■■■■■■■■■■■■■■■■■■■■■■■■■■■■■■■■■■■■■■■■■■■■■■■■■■■■■■■■■■■■■■■■■■■■■■■■        |  90% of 2.3 MiB
2026-10-09T07:11:26.4255565Z |■■■■■■■■■■■■■■■■■■■■■■■■■■■■■■■■■■■■■■■■■■■■■■■■■■■■■■■■■■■■■■■■■■■■■■■■■■■■■■■■| 100% of 2.3 MiB
2026-10-09T07:11:26.4811960Z FFMPEG playwright build v1011 downloaded to /home/runner/.cache/ms-playwright/ffmpeg-1011
2026-10-09T07:11:26.4816841Z Downloading Chromium Headless Shell 141.0.7390.37 (playwright build v1194) from https://cdn.playwright.dev/dbazure/download/playwright/builds/chromium/1194/chromium-headless-shell-linux.zip
2026-10-09T07:11:26.6310634Z |                                                                                |   0% of 104.3 MiB
2026-10-09T07:11:26.7173672Z |■■■■■■■■                                                                        |  10% of 104.3 MiB
2026-10-09T07:11:26.7852494Z |■■■■■■■■■■■■■■■■                                                                |  20% of 104.3 MiB
2026-10-09T07:11:26.8400622Z |■■■■■■■■■■■■■■■■■■■■■■■■                                                        |  30% of 104.3 MiB
2026-10-09T07:11:26.8937089Z |■■■■■■■■■■■■■■■■■■■■■■■■■■■■■■■■                                                |  40% of 104.3 MiB
2026-10-09T07:11:26.9386691Z |■■■■■■■■■■■■■■■■■■■■■■■■■■■■■■■■■■■■■■■■                                        |  50% of 104.3 MiB
2026-10-09T07:11:26.9853376Z |■■■■■■■■■■■■■■■■■■■■■■■■■■■■■■■■■■■■■■■■■■■■■■■■                                |  60% of 104.3 MiB
2026-10-09T07:11:27.0268797Z |■■■■■■■■■■■■■■■■■■■■■■■■■■■■■■■■■■■■■■■■■■■■■■■■■■■■■■■■                        |  70% of 104.3 MiB
2026-10-09T07:11:27.0679427Z |■■■■■■■■■■■■■■■■■■■■■■■■■■■■■■■■■■■■■■■■■■■■■■■■■■■■■■■■■■■■■■■■                |  80% of 104.3 MiB
2026-10-09T07:11:27.1125967Z |■■■■■■■■■■■■■■■■■■■■■■■■■■■■■■■■■■■■■■■■■■■■■■■■■■■■■■■■■■■■■■■■■■■■■■■■        |  90% of 104.3 MiB
2026-10-09T07:11:27.1519045Z |■■■■■■■■■■■■■■■■■■■■■■■■■■■■■■■■■■■■■■■■■■■■■■■■■■■■■■■■■■■■■■■■■■■■■■■■■■■■■■■■| 100% of 104.3 MiB
2026-10-09T07:11:29.1119381Z Chromium Headless Shell 141.0.7390.37 (playwright build v1194) downloaded to /home/runner/.cache/ms-playwright/chromium_headless_shell-1194
2026-10-09T07:11:30.3291468Z ##[group]Run npm test
2026-10-09T07:11:30.3291776Z [36;1mnpm test[0m
2026-10-09T07:11:30.3360578Z shell: /usr/bin/bash -e {0}
2026-10-09T07:11:30.3360852Z ##[endgroup]
2026-10-09T07:11:30.4355883Z 
2026-10-09T07:11:30.4356616Z > partybox-g02-gin-rummy@1.2.1 test
2026-10-09T07:11:30.4358633Z > npm run build && node --test tests/*.test.mjs && node scripts/league.mjs && node scripts/mutations.mjs && node scripts/browser-check.mjs && node scripts/capture.mjs ci-current --public-history --ci-output && node scripts/integrity.mjs
2026-10-09T07:11:30.4359922Z 
2026-10-09T07:11:30.5293327Z 
2026-10-09T07:11:30.5294048Z > partybox-g02-gin-rummy@1.2.1 build
2026-10-09T07:11:30.5294904Z > tsc --noEmit && node scripts/build.mjs
2026-10-09T07:11:30.5295343Z 
2026-10-09T07:11:32.5337689Z TAP version 13
2026-10-09T07:11:32.6571805Z # {"suite":"all-phases","phases":6,"cases":408}
2026-10-09T07:11:32.6632617Z # Subtest: every event family, roster id and bot skill in every delivered phase
2026-10-09T07:11:32.6639630Z ok 1 - every event family, roster id and bot skill in every delivered phase
2026-10-09T07:11:32.6640544Z   ---
2026-10-09T07:11:32.6641121Z   duration_ms: 43.202453
2026-10-09T07:11:32.6641713Z   type: 'test'
2026-10-09T07:11:32.6642220Z   ...
2026-10-09T07:11:32.6643199Z # Subtest: registered prototype-looking ids remain valid players and finite result keys
2026-10-09T07:11:32.6644536Z ok 2 - registered prototype-looking ids remain valid players and finite result keys
2026-10-09T07:11:32.6645611Z   ---
2026-10-09T07:11:32.6646093Z   duration_ms: 2.290797
2026-10-09T07:11:32.6647050Z   type: 'test'
2026-10-09T07:11:32.6647495Z   ...
2026-10-09T07:11:36.5893793Z # {"suite":"batch-discard-proof","hands":1000,"outcomes":10500,"exactLayouts":true}
2026-10-09T07:11:36.5946637Z # Subtest: 10500 batch outcomes retain exact standalone layouts and independent minima
2026-10-09T07:11:36.5974080Z ok 3 - 10500 batch outcomes retain exact standalone layouts and independent minima
2026-10-09T07:11:36.5975452Z   ---
2026-10-09T07:11:36.5976182Z   duration_ms: 3950.482246
2026-10-09T07:11:36.5976876Z   type: 'test'
2026-10-09T07:11:36.5977433Z   ...
2026-10-09T07:11:44.6884099Z # {"suite":"boundary-fuzz","seed":912701,"invalidInputs":1000,"phases":6,"rejectedInputs":6000,"metadataChecks":282,"viewChecks":66}
2026-10-09T07:11:44.6891644Z # Subtest: 1000 seeded invalid JSON inputs and malformed event/identity metadata in every phase
2026-10-09T07:11:44.6896410Z ok 4 - 1000 seeded invalid JSON inputs and malformed event/identity metadata in every phase
2026-10-09T07:11:44.6897434Z   ---
2026-10-09T07:11:44.6898057Z   duration_ms: 71.126129
2026-10-09T07:11:44.6898666Z   type: 'test'
2026-10-09T07:11:44.6899195Z   ...
2026-10-09T07:11:44.6900805Z # {"suite":"mixed-event-replay","phaseStarts":6,"seedsPerPhase":100,"transitions":48000,"changed":12742,"eventFamilies":["input","player","speech","speechStart","timer","vip"]}
2026-10-09T07:11:44.6902964Z # Subtest: mixed event families replay through JSON after every transition from every phase
2026-10-09T07:11:44.6905207Z ok 5 - mixed event families replay through JSON after every transition from every phase
2026-10-09T07:11:44.6906699Z   ---
2026-10-09T07:11:44.6907208Z   duration_ms: 11974.390904
2026-10-09T07:11:44.6907716Z   type: 'test'
2026-10-09T07:11:44.6908244Z   ...
2026-10-09T07:11:44.7043490Z # Subtest: branching target ends retain exact minima, legal chains, layouts and all cards
2026-10-09T07:11:44.7056309Z ok 6 - branching target ends retain exact minima, legal chains, layouts and all cards
2026-10-09T07:11:44.7076612Z   ---
2026-10-09T07:11:44.7105674Z   duration_ms: 43.604459
2026-10-09T07:11:44.7118280Z   type: 'test'
2026-10-09T07:11:44.7118855Z   ...
2026-10-09T07:11:44.7119791Z # Subtest: current source-bound raw proof passes without discarding its largest interval
2026-10-09T07:11:44.7121036Z not ok 7 - current source-bound raw proof passes without discarding its largest interval
2026-10-09T07:11:44.7135965Z   ---
2026-10-09T07:11:44.7137127Z   duration_ms: 3.758307
2026-10-09T07:11:44.7137737Z   type: 'test'
2026-10-09T07:11:44.7138925Z   location: '/home/runner/work/partybox-game-cores/partybox-game-cores/jobs/G02-gin-rummy/tests/browser-proof.test.mjs:6:1'
2026-10-09T07:11:44.7140110Z   failureType: 'testCodeFailure'
2026-10-09T07:11:44.7140745Z   error: |-
2026-10-09T07:11:44.7141327Z     accepted proof has stale source hashes
2026-10-09T07:11:44.7141976Z     + actual - expected
2026-10-09T07:11:44.7142513Z     
2026-10-09T07:11:44.7142988Z       {
2026-10-09T07:11:44.7143819Z     +   'play.html': 'bb72277c2ea52dadfcf70595e41ac2e8039ddac9955611c99ced1da3403b6ff3',
2026-10-09T07:11:44.7145235Z     -   'play.html': 'efc3c233aa159b884fcc340fe083f942bbb8e001ac0664352fb487465830c9e0',
2026-10-09T07:11:44.7146486Z         'src/browser.ts': '56fb3b450aa29e9dda800a69b187d66d5446e056bf2b89b349a9bef1479131e4',
2026-10-09T07:11:44.7147738Z         'src/cards.ts': 'e309e103393bc1aaaf10b34e3994de815dd693d1828a61566723b8fba573fdb9',
2026-10-09T07:11:44.7148948Z     +   'src/core.ts': '31a054d6702767595df7759487bc67e71ba3aec3f3b62b6fc35673268b15bef3',
2026-10-09T07:11:44.7150209Z     -   'src/core.ts': '5ec7c1f712eb17fffd784cde070a8df295f8545bd1e481d81b114e4ecc51abb7',
2026-10-09T07:11:44.7151574Z         'src/play.template.html': '1b5188f105cfd9766f3f19c0a6f3cfa1b522cbd676ec5fde0dbfa1566a09f8c7'
2026-10-09T07:11:44.7152570Z       }
2026-10-09T07:11:44.7153056Z     
2026-10-09T07:11:44.7153565Z   code: 'ERR_ASSERTION'
2026-10-09T07:11:44.7154139Z   name: 'AssertionError'
2026-10-09T07:11:44.7155005Z   expected:
2026-10-09T07:11:44.7155850Z     play.html: 'efc3c233aa159b884fcc340fe083f942bbb8e001ac0664352fb487465830c9e0'
2026-10-09T07:11:44.7157554Z     src/core.ts: '5ec7c1f712eb17fffd784cde070a8df295f8545bd1e481d81b114e4ecc51abb7'
2026-10-09T07:11:44.7162415Z     src/cards.ts: 'e309e103393bc1aaaf10b34e3994de815dd693d1828a61566723b8fba573fdb9'
2026-10-09T07:11:44.7163672Z     src/browser.ts: '56fb3b450aa29e9dda800a69b187d66d5446e056bf2b89b349a9bef1479131e4'
2026-10-09T07:11:44.7165236Z     src/play.template.html: '1b5188f105cfd9766f3f19c0a6f3cfa1b522cbd676ec5fde0dbfa1566a09f8c7'
2026-10-09T07:11:44.7166192Z   actual:
2026-10-09T07:11:44.7167011Z     play.html: 'bb72277c2ea52dadfcf70595e41ac2e8039ddac9955611c99ced1da3403b6ff3'
2026-10-09T07:11:44.7168161Z     src/core.ts: '31a054d6702767595df7759487bc67e71ba3aec3f3b62b6fc35673268b15bef3'
2026-10-09T07:11:44.7169327Z     src/cards.ts: 'e309e103393bc1aaaf10b34e3994de815dd693d1828a61566723b8fba573fdb9'
2026-10-09T07:11:44.7170508Z     src/browser.ts: '56fb3b450aa29e9dda800a69b187d66d5446e056bf2b89b349a9bef1479131e4'
2026-10-09T07:11:44.7171790Z     src/play.template.html: '1b5188f105cfd9766f3f19c0a6f3cfa1b522cbd676ec5fde0dbfa1566a09f8c7'
2026-10-09T07:11:44.7172749Z   operator: 'deepStrictEqual'
2026-10-09T07:11:44.7173331Z   stack: |-
2026-10-09T07:11:44.7174514Z     sourceGuard (file:///home/runner/work/partybox-game-cores/partybox-game-cores/jobs/G02-gin-rummy/scripts/browser-proof.mjs:13:9)
2026-10-09T07:11:44.7176552Z     verifyBrowserProof (file:///home/runner/work/partybox-game-cores/partybox-game-cores/jobs/G02-gin-rummy/scripts/browser-proof.mjs:21:2)
2026-10-09T07:11:44.7178545Z     TestContext.<anonymous> (file:///home/runner/work/partybox-game-cores/partybox-game-cores/jobs/G02-gin-rummy/tests/browser-proof.test.mjs:8:19)
2026-10-09T07:11:44.7179937Z     Test.runInAsyncScope (node:async_hooks:214:14)
2026-10-09T07:11:44.7180756Z     Test.run (node:internal/test_runner/test:1047:25)
2026-10-09T07:11:44.7181565Z     Test.start (node:internal/test_runner/test:944:17)
2026-10-09T07:11:44.7182518Z     startSubtestAfterBootstrap (node:internal/test_runner/harness:296:17)
2026-10-09T07:11:44.7183343Z   ...
2026-10-09T07:11:44.7184295Z # Subtest: a refreshed inventory cannot accept stale browser or recording source hashes
2026-10-09T07:11:44.7185725Z ok 8 - a refreshed inventory cannot accept stale browser or recording source hashes
2026-10-09T07:11:44.7186576Z   ---
2026-10-09T07:11:44.7187087Z   duration_ms: 13.517365
2026-10-09T07:11:44.7188121Z   type: 'test'
2026-10-09T07:11:44.7190475Z   ...
2026-10-09T07:11:44.7191220Z # Subtest: changed end guards and failed snapshots are rejected
2026-10-09T07:11:44.7192279Z not ok 9 - changed end guards and failed snapshots are rejected
2026-10-09T07:11:44.7192982Z   ---
2026-10-09T07:11:44.7193533Z   duration_ms: 4.763443
2026-10-09T07:11:44.7194114Z   type: 'test'
2026-10-09T07:11:44.7195415Z   location: '/home/runner/work/partybox-game-cores/partybox-game-cores/jobs/G02-gin-rummy/tests/browser-proof.test.mjs:16:1'
2026-10-09T07:11:44.7196609Z   failureType: 'testCodeFailure'
2026-10-09T07:11:44.7197355Z   error: |-
2026-10-09T07:11:44.7198101Z     The input did not match the regular expression /end hashes/. Input:
2026-10-09T07:11:44.7198862Z     
2026-10-09T07:11:44.7199644Z     'AssertionError [ERR_ASSERTION]: accepted proof has stale source hashes\n' +
2026-10-09T07:11:44.7200559Z       '+ actual - expected\n' +
2026-10-09T07:11:44.7211626Z       '\n' +
2026-10-09T07:11:44.7212649Z       '  {\n' +
2026-10-09T07:11:44.7213629Z       "+   'play.html': 'bb72277c2ea52dadfcf70595e41ac2e8039ddac9955611c99ced1da3403b6ff3',\n" +
2026-10-09T07:11:44.7215156Z       "-   'play.html': 'efc3c233aa159b884fcc340fe083f942bbb8e001ac0664352fb487465830c9e0',\n" +
2026-10-09T07:11:44.7216441Z       "    'src/browser.ts': '56fb3b450aa29e9dda800a69b187d66d5446e056bf2b89b349a9bef1479131e4',\n" +
2026-10-09T07:11:44.7217753Z       "    'src/cards.ts': 'e309e103393bc1aaaf10b34e3994de815dd693d1828a61566723b8fba573fdb9',\n" +
2026-10-09T07:11:44.7219039Z       "+   'src/core.ts': '31a054d6702767595df7759487bc67e71ba3aec3f3b62b6fc35673268b15bef3',\n" +
2026-10-09T07:11:44.7220577Z       "-   'src/core.ts': '5ec7c1f712eb17fffd784cde070a8df295f8545bd1e481d81b114e4ecc51abb7',\n" +
2026-10-09T07:11:44.7221963Z       "    'src/play.template.html': '1b5188f105cfd9766f3f19c0a6f3cfa1b522cbd676ec5fde0dbfa1566a09f8c7'\n" +
2026-10-09T07:11:44.7222942Z       '  }\n'
2026-10-09T07:11:44.7223442Z     
2026-10-09T07:11:44.7223941Z   code: 'ERR_ASSERTION'
2026-10-09T07:11:44.7224523Z   name: 'AssertionError'
2026-10-09T07:11:44.7225361Z   expected:
2026-10-09T07:11:44.7225858Z   actual:
2026-10-09T07:11:44.7226349Z   error: |-
2026-10-09T07:11:44.7226925Z     accepted proof has stale source hashes
2026-10-09T07:11:44.7227578Z     + actual - expected
2026-10-09T07:11:44.7228114Z     
2026-10-09T07:11:44.7228587Z       {
2026-10-09T07:11:44.7229416Z     +   'play.html': 'bb72277c2ea52dadfcf70595e41ac2e8039ddac9955611c99ced1da3403b6ff3',
2026-10-09T07:11:44.7230625Z     -   'play.html': 'efc3c233aa159b884fcc340fe083f942bbb8e001ac0664352fb487465830c9e0',
2026-10-09T07:11:44.7231865Z         'src/browser.ts': '56fb3b450aa29e9dda800a69b187d66d5446e056bf2b89b349a9bef1479131e4',
2026-10-09T07:11:44.7233090Z         'src/cards.ts': 'e309e103393bc1aaaf10b34e3994de815dd693d1828a61566723b8fba573fdb9',
2026-10-09T07:11:44.7234302Z     +   'src/core.ts': '31a054d6702767595df7759487bc67e71ba3aec3f3b62b6fc35673268b15bef3',
2026-10-09T07:11:44.7235803Z     -   'src/core.ts': '5ec7c1f712eb17fffd784cde070a8df295f8545bd1e481d81b114e4ecc51abb7',
2026-10-09T07:11:44.7237119Z         'src/play.template.html': '1b5188f105cfd9766f3f19c0a6f3cfa1b522cbd676ec5fde0dbfa1566a09f8c7'
2026-10-09T07:11:44.7238055Z       }
2026-10-09T07:11:44.7238528Z     
2026-10-09T07:11:44.7239015Z   stack: |-
2026-10-09T07:11:44.7240198Z     sourceGuard (file:///home/runner/work/partybox-game-cores/partybox-game-cores/jobs/G02-gin-rummy/scripts/browser-proof.mjs:13:9)
2026-10-09T07:11:44.7242058Z     verifyBrowserProof (file:///home/runner/work/partybox-game-cores/partybox-game-cores/jobs/G02-gin-rummy/scripts/browser-proof.mjs:21:2)
2026-10-09T07:11:44.7243851Z     file:///home/runner/work/partybox-game-cores/partybox-game-cores/jobs/G02-gin-rummy/tests/browser-proof.test.mjs:17:85
2026-10-09T07:11:44.7245169Z     getActual (node:assert:531:5)
2026-10-09T07:11:44.7245859Z     Function.throws (node:assert:677:24)
2026-10-09T07:11:44.7247458Z     TestContext.<anonymous> (file:///home/runner/work/partybox-game-cores/partybox-game-cores/jobs/G02-gin-rummy/tests/browser-proof.test.mjs:17:74)
2026-10-09T07:11:44.7248844Z     Test.runInAsyncScope (node:async_hooks:214:14)
2026-10-09T07:11:44.7249650Z     Test.run (node:internal/test_runner/test:1047:25)
2026-10-09T07:11:44.7250593Z     Test.processPendingSubtests (node:internal/test_runner/test:744:18)
2026-10-09T07:11:44.7251558Z     Test.postRun (node:internal/test_runner/test:1173:19)
2026-10-09T07:11:44.7252257Z   operator: 'throws'
2026-10-09T07:11:44.7254535Z   stack: |-
2026-10-09T07:11:44.7255966Z     TestContext.<anonymous> (file:///home/runner/work/partybox-game-cores/partybox-game-cores/jobs/G02-gin-rummy/tests/browser-proof.test.mjs:17:74)
2026-10-09T07:11:44.7257325Z     Test.runInAsyncScope (node:async_hooks:214:14)
2026-10-09T07:11:44.7258137Z     Test.run (node:internal/test_runner/test:1047:25)
2026-10-09T07:11:44.7259051Z     Test.processPendingSubtests (node:internal/test_runner/test:744:18)
2026-10-09T07:11:44.7260000Z     Test.postRun (node:internal/test_runner/test:1173:19)
2026-10-09T07:11:44.7260862Z     Test.run (node:internal/test_runner/test:1101:12)
2026-10-09T07:11:44.7261815Z     async Test.processPendingSubtests (node:internal/test_runner/test:744:7)
2026-10-09T07:11:44.7262626Z   ...
2026-10-09T07:11:44.7263575Z # Subtest: missing, altered and invalid raw intervals cannot be hidden by good summary fields
2026-10-09T07:11:44.7265057Z ok 10 - missing, altered and invalid raw intervals cannot be hidden by good summary fields
2026-10-09T07:11:44.7265938Z   ---
2026-10-09T07:11:44.7266448Z   duration_ms: 11.728351
2026-10-09T07:11:44.7267213Z   type: 'test'
2026-10-09T07:11:44.7267709Z   ...
2026-10-09T07:11:44.7268479Z # Subtest: reported statistics are recomputed from all retained intervals
2026-10-09T07:11:44.7269557Z not ok 11 - reported statistics are recomputed from all retained intervals
2026-10-09T07:11:44.7270277Z   ---
2026-10-09T07:11:44.7270803Z   duration_ms: 3.754992
2026-10-09T07:11:44.7271425Z   type: 'test'
2026-10-09T07:11:44.7272532Z   location: '/home/runner/work/partybox-game-cores/partybox-game-cores/jobs/G02-gin-rummy/tests/browser-proof.test.mjs:26:1'
2026-10-09T07:11:44.7273654Z   failureType: 'testCodeFailure'
2026-10-09T07:11:44.7274181Z   error: |-
2026-10-09T07:11:44.7275135Z     The input did not match the regular expression /retained interval/. Input:
2026-10-09T07:11:44.7275853Z     
2026-10-09T07:11:44.7276554Z     'AssertionError [ERR_ASSERTION]: accepted proof has stale source hashes\n' +
2026-10-09T07:11:44.7277390Z       '+ actual - expected\n' +
2026-10-09T07:11:44.7277950Z       '\n' +
2026-10-09T07:11:44.7278393Z       '  {\n' +
2026-10-09T07:11:44.7279237Z       "+   'play.html': 'bb72277c2ea52dadfcf70595e41ac2e8039ddac9955611c99ced1da3403b6ff3',\n" +
2026-10-09T07:11:44.7280492Z       "-   'play.html': 'efc3c233aa159b884fcc340fe083f942bbb8e001ac0664352fb487465830c9e0',\n" +
2026-10-09T07:11:44.7281818Z       "    'src/browser.ts': '56fb3b450aa29e9dda800a69b187d66d5446e056bf2b89b349a9bef1479131e4',\n" +
2026-10-09T07:11:44.7283093Z       "    'src/cards.ts': 'e309e103393bc1aaaf10b34e3994de815dd693d1828a61566723b8fba573fdb9',\n" +
2026-10-09T07:11:44.7284358Z       "+   'src/core.ts': '31a054d6702767595df7759487bc67e71ba3aec3f3b62b6fc35673268b15bef3',\n" +
2026-10-09T07:11:44.7285836Z       "-   'src/core.ts': '5ec7c1f712eb17fffd784cde070a8df295f8545bd1e481d81b114e4ecc51abb7',\n" +
2026-10-09T07:11:44.7287156Z       "    'src/play.template.html': '1b5188f105cfd9766f3f19c0a6f3cfa1b522cbd676ec5fde0dbfa1566a09f8c7'\n" +
2026-10-09T07:11:44.7288117Z       '  }\n'
2026-10-09T07:11:44.7288591Z     
2026-10-09T07:11:44.7289040Z   code: 'ERR_ASSERTION'
2026-10-09T07:11:44.7289576Z   name: 'AssertionError'
2026-10-09T07:11:44.7290093Z   expected:
2026-10-09T07:11:44.7290521Z   actual:
2026-10-09T07:11:44.7290967Z   error: |-
2026-10-09T07:11:44.7291527Z     accepted proof has stale source hashes
2026-10-09T07:11:44.7292152Z     + actual - expected
2026-10-09T07:11:44.7292633Z     
2026-10-09T07:11:44.7293339Z       {
2026-10-09T07:11:44.7294276Z     +   'play.html': 'bb72277c2ea52dadfcf70595e41ac2e8039ddac9955611c99ced1da3403b6ff3',
2026-10-09T07:11:44.7295869Z     -   'play.html': 'efc3c233aa159b884fcc340fe083f942bbb8e001ac0664352fb487465830c9e0',
2026-10-09T07:11:44.7297131Z         'src/browser.ts': '56fb3b450aa29e9dda800a69b187d66d5446e056bf2b89b349a9bef1479131e4',
2026-10-09T07:11:44.7298404Z         'src/cards.ts': 'e309e103393bc1aaaf10b34e3994de815dd693d1828a61566723b8fba573fdb9',
2026-10-09T07:11:44.7299645Z     +   'src/core.ts': '31a054d6702767595df7759487bc67e71ba3aec3f3b62b6fc35673268b15bef3',
2026-10-09T07:11:44.7300836Z     -   'src/core.ts': '5ec7c1f712eb17fffd784cde070a8df295f8545bd1e481d81b114e4ecc51abb7',
2026-10-09T07:11:44.7303186Z         'src/play.template.html': '1b5188f105cfd9766f3f19c0a6f3cfa1b522cbd676ec5fde0dbfa1566a09f8c7'
2026-10-09T07:11:44.7304199Z       }
2026-10-09T07:11:44.7304872Z     
2026-10-09T07:11:44.7305377Z   stack: |-
2026-10-09T07:11:44.7306563Z     sourceGuard (file:///home/runner/work/partybox-game-cores/partybox-game-cores/jobs/G02-gin-rummy/scripts/browser-proof.mjs:13:9)
2026-10-09T07:11:44.7308473Z     verifyBrowserProof (file:///home/runner/work/partybox-game-cores/partybox-game-cores/jobs/G02-gin-rummy/scripts/browser-proof.mjs:21:2)
2026-10-09T07:11:44.7310294Z     file:///home/runner/work/partybox-game-cores/partybox-game-cores/jobs/G02-gin-rummy/tests/browser-proof.test.mjs:29:21
2026-10-09T07:11:44.7311548Z     getActual (node:assert:531:5)
2026-10-09T07:11:44.7312254Z     Function.throws (node:assert:677:24)
2026-10-09T07:11:44.7313976Z     TestContext.<anonymous> (file:///home/runner/work/partybox-game-cores/partybox-game-cores/jobs/G02-gin-rummy/tests/browser-proof.test.mjs:29:10)
2026-10-09T07:11:44.7315593Z     Test.runInAsyncScope (node:async_hooks:214:14)
2026-10-09T07:11:44.7317919Z     Test.run (node:internal/test_runner/test:1047:25)
2026-10-09T07:11:44.7318974Z     Test.processPendingSubtests (node:internal/test_runner/test:744:18)
2026-10-09T07:11:44.7319941Z     Test.postRun (node:internal/test_runner/test:1173:19)
2026-10-09T07:11:44.7320624Z   operator: 'throws'
2026-10-09T07:11:44.7321134Z   stack: |-
2026-10-09T07:11:44.7322444Z     TestContext.<anonymous> (file:///home/runner/work/partybox-game-cores/partybox-game-cores/jobs/G02-gin-rummy/tests/browser-proof.test.mjs:29:10)
2026-10-09T07:11:44.7323793Z     Test.runInAsyncScope (node:async_hooks:214:14)
2026-10-09T07:11:44.7324556Z     Test.run (node:internal/test_runner/test:1047:25)
2026-10-09T07:11:44.7325753Z     Test.processPendingSubtests (node:internal/test_runner/test:744:18)
2026-10-09T07:11:44.7326690Z     Test.postRun (node:internal/test_runner/test:1173:19)
2026-10-09T07:11:44.7327458Z     Test.run (node:internal/test_runner/test:1101:12)
2026-10-09T07:11:44.7328395Z     async Test.processPendingSubtests (node:internal/test_runner/test:744:7)
2026-10-09T07:11:44.7329235Z   ...
2026-10-09T07:11:44.7330117Z # Subtest: an honestly recomputed slow raw sample still fails the original frame gate
2026-10-09T07:11:44.7331370Z not ok 12 - an honestly recomputed slow raw sample still fails the original frame gate
2026-10-09T07:11:44.7332228Z   ---
2026-10-09T07:11:44.7332720Z   duration_ms: 4.662253
2026-10-09T07:11:44.7333278Z   type: 'test'
2026-10-09T07:11:44.7334384Z   location: '/home/runner/work/partybox-game-cores/partybox-game-cores/jobs/G02-gin-rummy/tests/browser-proof.test.mjs:32:1'
2026-10-09T07:11:44.7335780Z   failureType: 'testCodeFailure'
2026-10-09T07:11:44.7336332Z   error: |-
2026-10-09T07:11:44.7336847Z     The input did not match the regular expression /raw frame gate failed/. Input:
2026-10-09T07:11:44.7337378Z     
2026-10-09T07:11:44.7337894Z     'AssertionError [ERR_ASSERTION]: accepted proof has stale source hashes\n' +
2026-10-09T07:11:44.7338456Z       '+ actual - expected\n' +
2026-10-09T07:11:44.7338840Z       '\n' +
2026-10-09T07:11:44.7339172Z       '  {\n' +
2026-10-09T07:11:44.7340017Z       "+   'play.html': 'bb72277c2ea52dadfcf70595e41ac2e8039ddac9955611c99ced1da3403b6ff3',\n" +
2026-10-09T07:11:44.7340823Z       "-   'play.html': 'efc3c233aa159b884fcc340fe083f942bbb8e001ac0664352fb487465830c9e0',\n" +
2026-10-09T07:11:44.7341635Z       "    'src/browser.ts': '56fb3b450aa29e9dda800a69b187d66d5446e056bf2b89b349a9bef1479131e4',\n" +
2026-10-09T07:11:44.7342530Z       "    'src/cards.ts': 'e309e103393bc1aaaf10b34e3994de815dd693d1828a61566723b8fba573fdb9',\n" +
2026-10-09T07:11:44.7343339Z       "+   'src/core.ts': '31a054d6702767595df7759487bc67e71ba3aec3f3b62b6fc35673268b15bef3',\n" +
2026-10-09T07:11:44.7344128Z       "-   'src/core.ts': '5ec7c1f712eb17fffd784cde070a8df295f8545bd1e481d81b114e4ecc51abb7',\n" +
2026-10-09T07:11:44.7345378Z       "    'src/play.template.html': '1b5188f105cfd9766f3f19c0a6f3cfa1b522cbd676ec5fde0dbfa1566a09f8c7'\n" +
2026-10-09T07:11:44.7346382Z       '  }\n'
2026-10-09T07:11:44.7346843Z     
2026-10-09T07:11:44.7347174Z   code: 'ERR_ASSERTION'
2026-10-09T07:11:44.7347548Z   name: 'AssertionError'
2026-10-09T07:11:44.7347916Z   expected:
2026-10-09T07:11:44.7348213Z   actual:
2026-10-09T07:11:44.7348507Z   error: |-
2026-10-09T07:11:44.7348776Z     accepted proof has stale source hashes
2026-10-09T07:11:44.7349083Z     + actual - expected
2026-10-09T07:11:44.7349319Z     
2026-10-09T07:11:44.7349511Z       {
2026-10-09T07:11:44.7349921Z     +   'play.html': 'bb72277c2ea52dadfcf70595e41ac2e8039ddac9955611c99ced1da3403b6ff3',
2026-10-09T07:11:44.7350542Z     -   'play.html': 'efc3c233aa159b884fcc340fe083f942bbb8e001ac0664352fb487465830c9e0',
2026-10-09T07:11:44.7351159Z         'src/browser.ts': '56fb3b450aa29e9dda800a69b187d66d5446e056bf2b89b349a9bef1479131e4',
2026-10-09T07:11:44.7351993Z         'src/cards.ts': 'e309e103393bc1aaaf10b34e3994de815dd693d1828a61566723b8fba573fdb9',
2026-10-09T07:11:44.7352617Z     +   'src/core.ts': '31a054d6702767595df7759487bc67e71ba3aec3f3b62b6fc35673268b15bef3',
2026-10-09T07:11:44.7353238Z     -   'src/core.ts': '5ec7c1f712eb17fffd784cde070a8df295f8545bd1e481d81b114e4ecc51abb7',
2026-10-09T07:11:44.7353907Z         'src/play.template.html': '1b5188f105cfd9766f3f19c0a6f3cfa1b522cbd676ec5fde0dbfa1566a09f8c7'
2026-10-09T07:11:44.7354385Z       }
2026-10-09T07:11:44.7354810Z     
2026-10-09T07:11:44.7355101Z   stack: |-
2026-10-09T07:11:44.7356094Z     sourceGuard (file:///home/runner/work/partybox-game-cores/partybox-game-cores/jobs/G02-gin-rummy/scripts/browser-proof.mjs:13:9)
2026-10-09T07:11:44.7357768Z     verifyBrowserProof (file:///home/runner/work/partybox-game-cores/partybox-game-cores/jobs/G02-gin-rummy/scripts/browser-proof.mjs:21:2)
2026-10-09T07:11:44.7359381Z     file:///home/runner/work/partybox-game-cores/partybox-game-cores/jobs/G02-gin-rummy/tests/browser-proof.test.mjs:37:20
2026-10-09T07:11:44.7360391Z     getActual (node:assert:531:5)
2026-10-09T07:11:44.7360906Z     Function.throws (node:assert:677:24)
2026-10-09T07:11:44.7362106Z     TestContext.<anonymous> (file:///home/runner/work/partybox-game-cores/partybox-game-cores/jobs/G02-gin-rummy/tests/browser-proof.test.mjs:37:9)
2026-10-09T07:11:44.7363230Z     Test.runInAsyncScope (node:async_hooks:214:14)
2026-10-09T07:11:44.7363853Z     Test.run (node:internal/test_runner/test:1047:25)
2026-10-09T07:11:44.7364550Z     Test.processPendingSubtests (node:internal/test_runner/test:744:18)
2026-10-09T07:11:44.7365440Z     Test.postRun (node:internal/test_runner/test:1173:19)
2026-10-09T07:11:44.7365935Z   operator: 'throws'
2026-10-09T07:11:44.7366258Z   stack: |-
2026-10-09T07:11:44.7367256Z     TestContext.<anonymous> (file:///home/runner/work/partybox-game-cores/partybox-game-cores/jobs/G02-gin-rummy/tests/browser-proof.test.mjs:37:9)
2026-10-09T07:11:44.7368352Z     Test.runInAsyncScope (node:async_hooks:214:14)
2026-10-09T07:11:44.7368945Z     Test.run (node:internal/test_runner/test:1047:25)
2026-10-09T07:11:44.7369652Z     Test.processPendingSubtests (node:internal/test_runner/test:744:18)
2026-10-09T07:11:44.7370372Z     Test.postRun (node:internal/test_runner/test:1173:19)
2026-10-09T07:11:44.7371247Z     Test.run (node:internal/test_runner/test:1101:12)
2026-10-09T07:11:44.7371957Z     async Test.processPendingSubtests (node:internal/test_runner/test:744:7)
2026-10-09T07:11:44.7372589Z   ...
2026-10-09T07:11:44.7373290Z # Subtest: profile dimensions, CPU rates and encoder separation must remain truthful
2026-10-09T07:11:44.7374311Z ok 13 - profile dimensions, CPU rates and encoder separation must remain truthful
2026-10-09T07:11:44.7375158Z   ---
2026-10-09T07:11:44.7375513Z   duration_ms: 7.954501
2026-10-09T07:11:44.7375868Z   type: 'test'
2026-10-09T07:11:44.7376162Z   ...
2026-10-09T07:11:44.7376802Z # Subtest: changed, oversized and falsely labeled recordings are rejected
2026-10-09T07:11:44.7377417Z ok 14 - changed, oversized and falsely labeled recordings are rejected
2026-10-09T07:11:44.7377774Z   ---
2026-10-09T07:11:44.7377987Z   duration_ms: 10.180152
2026-10-09T07:11:44.7378243Z   type: 'test'
2026-10-09T07:11:44.7378450Z   ...
2026-10-09T07:11:44.7378948Z # Subtest: actual capture CLI refuses invalid tags and existing media/report before any browser launch
2026-10-09T07:11:44.7379700Z ok 15 - actual capture CLI refuses invalid tags and existing media/report before any browser launch
2026-10-09T07:11:44.7380149Z   ---
2026-10-09T07:11:44.7380356Z   duration_ms: 675.317242
2026-10-09T07:11:44.7380606Z   type: 'test'
2026-10-09T07:11:44.7380811Z   ...
2026-10-09T07:11:44.7381295Z # Subtest: meld validation rejects impossible card IDs while preserving legitimate edge runs/sets
2026-10-09T07:11:44.7382029Z ok 16 - meld validation rejects impossible card IDs while preserving legitimate edge runs/sets
2026-10-09T07:11:44.7382709Z   ---
2026-10-09T07:11:44.7382915Z   duration_ms: 1.043552
2026-10-09T07:11:44.7383154Z   type: 'test'
2026-10-09T07:11:44.7383354Z   ...
2026-10-09T07:11:44.7383976Z # {"suite":"closed-meld-knock-settings","cases":1152,"minGain":11,"maxGain":60,"classicSignedBefore":-14,"classicSignedAfter":1}
2026-10-09T07:11:44.7385255Z # {"suite":"closed-meld-knock-independent-hidden-defenders","defenders":1000,"publicViewsByteIdentical":true,"minGain":5,"maxGain":5,"winningTransitions":0}
2026-10-09T07:11:44.7386069Z # {"suite":"closed-meld-knock-boundaries","controls":120}
2026-10-09T07:11:44.7386695Z # Subtest: Strong improves a finishing knock across different closed melds in every setting and suit
2026-10-09T07:11:44.7387444Z ok 17 - Strong improves a finishing knock across different closed melds in every setting and suit
2026-10-09T07:11:44.7387886Z   ---
2026-10-09T07:11:44.7388098Z   duration_ms: 1640.621996
2026-10-09T07:11:44.7388339Z   type: 'test'
2026-10-09T07:11:44.7388550Z   ...
2026-10-09T07:11:44.7389042Z # Subtest: 1000 identical public views keep the same safe choice and independent joint-defense score
2026-10-09T07:11:44.7389763Z ok 18 - 1000 identical public views keep the same safe choice and independent joint-defense score
2026-10-09T07:11:44.7390192Z   ---
2026-10-09T07:11:44.7390394Z   duration_ms: 7676.328698
2026-10-09T07:11:44.7390634Z   type: 'test'
2026-10-09T07:11:44.7390838Z   ...
2026-10-09T07:11:44.7391349Z # Subtest: closed-target dominance preserves forbidden returns, no-knock, Gin and inactive boundaries
2026-10-09T07:11:44.7392097Z ok 19 - closed-target dominance preserves forbidden returns, no-knock, Gin and inactive boundaries
2026-10-09T07:11:44.7392545Z   ---
2026-10-09T07:11:44.7392742Z   duration_ms: 40.45294
2026-10-09T07:11:44.7392969Z   type: 'test'
2026-10-09T07:11:44.7393163Z   ...
2026-10-09T07:12:08.8105099Z # {"suite":"bot-contract","variant":"standard","players":2,"games":1000,"replays":1000,"totalEvents":260844,"maxEvents":612,"replayChecks":260844,"comparison":"every-event SHA256 and bytes; JSON-roundtrip replay"}
2026-10-09T07:12:36.7691815Z # {"suite":"bot-contract","variant":"standard","players":3,"games":1000,"replays":1000,"totalEvents":285455,"maxEvents":775,"replayChecks":285455,"comparison":"every-event SHA256 and bytes; JSON-roundtrip replay"}
2026-10-09T07:13:10.8726974Z # {"suite":"bot-contract","variant":"standard","players":4,"games":1000,"replays":1000,"totalEvents":344241,"maxEvents":825,"replayChecks":344241,"comparison":"every-event SHA256 and bytes; JSON-roundtrip replay"}
2026-10-09T07:13:35.8133766Z # {"suite":"bot-contract","variant":"oklahoma","players":2,"games":1000,"replays":1000,"totalEvents":255515,"maxEvents":755,"replayChecks":255515,"comparison":"every-event SHA256 and bytes; JSON-roundtrip replay"}
2026-10-09T07:14:03.0983119Z # {"suite":"bot-contract","variant":"oklahoma","players":3,"games":1000,"replays":1000,"totalEvents":268526,"maxEvents":812,"replayChecks":268526,"comparison":"every-event SHA256 and bytes; JSON-roundtrip replay"}
2026-10-09T07:14:35.9474924Z # {"suite":"bot-contract","variant":"oklahoma","players":4,"games":1000,"replays":1000,"totalEvents":315689,"maxEvents":929,"replayChecks":315689,"comparison":"every-event SHA256 and bytes; JSON-roundtrip replay"}
2026-10-09T07:14:47.8801637Z # {"suite":"properties","seeds":1003,"events":420546}
2026-10-09T07:14:51.1584965Z # {"suite":"secrecy","comparisons":7925}
2026-10-09T07:14:51.1831246Z # Subtest: 1000 finished seeded bot games at EACH valid count/edition, hash replay after EVERY event
2026-10-09T07:14:51.1835847Z ok 20 - 1000 finished seeded bot games at EACH valid count/edition, hash replay after EVERY event
2026-10-09T07:14:51.1836957Z   ---
2026-10-09T07:14:51.1837493Z   duration_ms: 179205.7519
2026-10-09T07:14:51.1838068Z   type: 'test'
2026-10-09T07:14:51.1838576Z   ...
2026-10-09T07:14:51.1839650Z # Subtest: property seeds 1,2,3 plus 1000 random seeds: adversarial event sequences and immutability
2026-10-09T07:14:51.1841079Z ok 21 - property seeds 1,2,3 plus 1000 random seeds: adversarial event sequences and immutability
2026-10-09T07:14:51.1842517Z   ---
2026-10-09T07:14:51.1843030Z   duration_ms: 11931.679649
2026-10-09T07:14:51.1843600Z   type: 'test'
2026-10-09T07:14:51.1844105Z   ...
2026-10-09T07:14:51.1845300Z # Subtest: hidden-card/order perturbations never change TV, another controller or bot decisions
2026-10-09T07:14:51.1846751Z ok 22 - hidden-card/order perturbations never change TV, another controller or bot decisions
2026-10-09T07:14:51.1847694Z   ---
2026-10-09T07:14:51.1848196Z   duration_ms: 3278.261353
2026-10-09T07:14:51.1848754Z   type: 'test'
2026-10-09T07:14:51.1849261Z   ...
2026-10-09T07:14:51.1850194Z # Subtest: idle/no-clock matches remain until explicit end, every phase can exit via VIP
2026-10-09T07:14:51.1851455Z ok 23 - idle/no-clock matches remain until explicit end, every phase can exit via VIP
2026-10-09T07:14:51.1852314Z   ---
2026-10-09T07:14:51.1852815Z   duration_ms: 21.684242
2026-10-09T07:14:51.1853381Z   type: 'test'
2026-10-09T07:14:51.1853805Z   ...
2026-10-09T07:14:51.2109904Z # {"suite":"departures","initialCases":1000,"completeMatches":120,"events":17184,"maxAutomatedTransitions":75}
2026-10-09T07:14:51.2110734Z # Subtest: departures in every live phase finish the absent turn without exposing its hand
2026-10-09T07:14:51.2115774Z ok 24 - departures in every live phase finish the absent turn without exposing its hand
2026-10-09T07:14:51.2122855Z   ---
2026-10-09T07:14:51.2123203Z   duration_ms: 18.983938
2026-10-09T07:14:51.2123569Z   type: 'test'
2026-10-09T07:14:51.2123832Z   ...
2026-10-09T07:14:51.2124405Z # Subtest: 1000 departure/drop cases and 120 full matches never leave an absent seat blocking play
2026-10-09T07:14:51.2125760Z ok 25 - 1000 departure/drop cases and 120 full matches never leave an absent seat blocking play
2026-10-09T07:14:51.2126337Z   ---
2026-10-09T07:14:51.2126557Z   duration_ms: 3874.483565
2026-10-09T07:14:51.2126814Z   type: 'test'
2026-10-09T07:14:51.2127026Z   ...
2026-10-09T07:14:51.2127585Z # Subtest: empty rooms pause, reconnect resumes only an automatic pause, and permanent leaves cannot rejoin
2026-10-09T07:14:51.2128410Z ok 26 - empty rooms pause, reconnect resumes only an automatic pause, and permanent leaves cannot rejoin
2026-10-09T07:14:51.2129192Z   ---
2026-10-09T07:14:51.2129500Z   duration_ms: 1.040638
2026-10-09T07:14:51.2129861Z   type: 'test'
2026-10-09T07:14:51.2130166Z   ...
2026-10-09T07:14:51.2131406Z # Subtest: departures during VIP pause drain only on resume; malformed control events do nothing
2026-10-09T07:14:51.2132602Z ok 27 - departures during VIP pause drain only on resume; malformed control events do nothing
2026-10-09T07:14:51.2133296Z   ---
2026-10-09T07:14:51.2133611Z   duration_ms: 0.481832
2026-10-09T07:14:51.2133965Z   type: 'test'
2026-10-09T07:14:51.2134281Z   ...
2026-10-09T07:14:51.2135399Z # {"suite":"deadwood-proof","hands":10000,"tenCard":5000,"elevenCard":5000,"seed":20261008,"checksum":584788}
2026-10-09T07:14:51.2136550Z # Subtest: independent exhaustive meld-subset packing proves 10000 exact minima
2026-10-09T07:14:51.2137576Z ok 28 - independent exhaustive meld-subset packing proves 10000 exact minima
2026-10-09T07:14:51.2138199Z   ---
2026-10-09T07:14:51.2138526Z   duration_ms: 7897.716123
2026-10-09T07:14:51.2138906Z   type: 'test'
2026-10-09T07:14:51.2139223Z   ...
2026-10-09T07:14:51.2139823Z # Subtest: actual Big Gin reducer keeps eleven cards, rejects disabled/incomplete claims and prevents layoffs
2026-10-09T07:14:51.2140623Z ok 29 - actual Big Gin reducer keeps eleven cards, rejects disabled/incomplete claims and prevents layoffs
2026-10-09T07:14:51.2141081Z   ---
2026-10-09T07:14:51.2141292Z   duration_ms: 11.355185
2026-10-09T07:14:51.2141537Z   type: 'test'
2026-10-09T07:14:51.2141742Z   ...
2026-10-09T07:14:51.2142306Z # Subtest: actual Gin/normal knock phases, custom layout rejection, match completion and Oklahoma boxes
2026-10-09T07:14:51.2143071Z ok 30 - actual Gin/normal knock phases, custom layout rejection, match completion and Oklahoma boxes
2026-10-09T07:14:51.2143781Z   ---
2026-10-09T07:14:51.2143988Z   duration_ms: 6.208988
2026-10-09T07:14:51.2144220Z   type: 'test'
2026-10-09T07:14:51.2144428Z   ...
2026-10-09T07:14:51.2145577Z # Subtest: winner-stays queue for every rotation size, drawn hand retains seats, each dealer setting
2026-10-09T07:14:51.2146772Z ok 31 - winner-stays queue for every rotation size, drawn hand retains seats, each dealer setting
2026-10-09T07:14:51.2147466Z   ---
2026-10-09T07:14:51.2147783Z   duration_ms: 2.896552
2026-10-09T07:14:51.2148125Z   type: 'test'
2026-10-09T07:14:51.2148426Z   ...
2026-10-09T07:14:51.2150129Z # {"frameWindow":"READY","profile":"desktop","sourceSha256":"aaaaaaaaaaaaaaaaaaaaaaaaaaaaaaaaaaaaaaaaaaaaaaaaaaaaaaaaaaaaaaaa","attemptNonce":"34e844af-3b78-42a4-ad85-ccd0238b3fea","utc":"2026-10-09T07:11:47.625Z"}
2026-10-09T07:14:51.2152869Z # {"frameWindow":"CLOSED","profile":"desktop","sourceSha256":"aaaaaaaaaaaaaaaaaaaaaaaaaaaaaaaaaaaaaaaaaaaaaaaaaaaaaaaaaaaaaaaa","attemptNonce":"34e844af-3b78-42a4-ad85-ccd0238b3fea","coordination":"root-granted","readyUtc":"2026-10-09T07:11:47.625Z","grantUtc":"2026-10-09T07:11:48.730Z","status":"closed","utc":"2026-10-09T07:11:48.730Z"}
2026-10-09T07:14:51.2155487Z # {"frameWindow":"READY","profile":"desktop","sourceSha256":"aaaaaaaaaaaaaaaaaaaaaaaaaaaaaaaaaaaaaaaaaaaaaaaaaaaaaaaaaaaaaaaa","attemptNonce":"eb2ed351-5028-49a3-b65e-fa4d740c1286","utc":"2026-10-09T07:11:48.732Z"}
2026-10-09T07:14:51.2159099Z # {"frameWindow":"CLOSED","profile":"desktop","sourceSha256":"aaaaaaaaaaaaaaaaaaaaaaaaaaaaaaaaaaaaaaaaaaaaaaaaaaaaaaaaaaaaaaaa","attemptNonce":"eb2ed351-5028-49a3-b65e-fa4d740c1286","coordination":"root-granted","readyUtc":"2026-10-09T07:11:48.732Z","grantUtc":"2026-10-09T07:11:48.932Z","status":"closed","utc":"2026-10-09T07:11:48.933Z"}
2026-10-09T07:14:51.2161352Z # {"actualGrantCorruptionControls":10,"sequentialAttempts":2}
2026-10-09T07:14:51.2163246Z # {"frameWindow":"READY","profile":"desktop","sourceSha256":"aaaaaaaaaaaaaaaaaaaaaaaaaaaaaaaaaaaaaaaaaaaaaaaaaaaaaaaaaaaaaaaa","attemptNonce":"ee250f3a-2703-4ed3-8ace-766bee2f713f","utc":"2026-10-09T07:11:48.936Z"}
2026-10-09T07:14:51.2164432Z # Subtest: actual temporary grants reject stale nonce/source/profile and malformed or extra fields
2026-10-09T07:14:51.2165660Z ok 32 - actual temporary grants reject stale nonce/source/profile and malformed or extra fields
2026-10-09T07:14:51.2166358Z   ---
2026-10-09T07:14:51.2167029Z   duration_ms: 1312.023292
2026-10-09T07:14:51.2167392Z   type: 'test'
2026-10-09T07:14:51.2167687Z   ...
2026-10-09T07:14:51.2169880Z # {"frameWindow":"CLOSED","profile":"desktop","sourceSha256":"aaaaaaaaaaaaaaaaaaaaaaaaaaaaaaaaaaaaaaaaaaaaaaaaaaaaaaaaaaaaaaaa","attemptNonce":"ee250f3a-2703-4ed3-8ace-766bee2f713f","coordination":"root-granted","readyUtc":"2026-10-09T07:11:48.936Z","grantUtc":null,"status":"failed","reason":"matching grant timed out","utc":"2026-10-09T07:11:49.037Z"}
2026-10-09T07:14:51.2171553Z # Subtest: actual missing grant fails and writes CLOSED; no configured barrier returns an explicit uncoordinated identity
2026-10-09T07:14:51.2172452Z ok 33 - actual missing grant fails and writes CLOSED; no configured barrier returns an explicit uncoordinated identity
2026-10-09T07:14:51.2172948Z   ---
2026-10-09T07:14:51.2173155Z   duration_ms: 103.110479
2026-10-09T07:14:51.2173400Z   type: 'test'
2026-10-09T07:14:51.2173604Z   ...
2026-10-09T07:14:51.2174418Z # {"suite":"preexisting-gin-draw-matrix","cases":6912,"actualLegalDrawPhaseRoutes":true,"skills":3,"variants":2,"counts":[2,3,4],"suits":4,"endpoints":2,"clockSettings":[0,10]}
2026-10-09T07:14:51.2175917Z # {"suite":"preexisting-gin-hidden-defenders","cases":1000,"choices":3000,"sha256":"2e50741934f3e2fc8cdb29eb066c29fe991f8fc1a2cd24123969b3121ec98db8"}
2026-10-09T07:14:51.2176698Z # {"suite":"preexisting-gin-draw-boundaries","controls":90}
2026-10-09T07:14:51.2177347Z # {"suite":"preexisting-gin-measured-gain","immediatePoints":31,"priorPassRoutePoints":20,"gain":11}
2026-10-09T07:14:51.2178116Z # Subtest: all skills take a guaranteed finishing discard even when ten-card deadwood is already zero
2026-10-09T07:14:51.2179025Z ok 34 - all skills take a guaranteed finishing discard even when ten-card deadwood is already zero
2026-10-09T07:14:51.2179463Z   ---
2026-10-09T07:14:51.2179684Z   duration_ms: 2705.185724
2026-10-09T07:14:51.2179936Z   type: 'test'
2026-10-09T07:14:51.2180147Z   ...
2026-10-09T07:14:51.2180712Z # Subtest: 1000 hidden defender completions keep the same guaranteed choice and exact independent finishing score
2026-10-09T07:14:51.2181538Z ok 35 - 1000 hidden defender completions keep the same guaranteed choice and exact independent finishing score
2026-10-09T07:14:51.2182019Z   ---
2026-10-09T07:14:51.2182233Z   duration_ms: 952.034164
2026-10-09T07:14:51.2182470Z   type: 'test'
2026-10-09T07:14:51.2182671Z   ...
2026-10-09T07:14:51.2183222Z # Subtest: forced stock, unavailable actors, pause and non-finishing discards retain the original legal boundaries
2026-10-09T07:14:51.2184059Z ok 36 - forced stock, unavailable actors, pause and non-finishing discards retain the original legal boundaries
2026-10-09T07:14:51.2184548Z   ---
2026-10-09T07:14:51.2184956Z   duration_ms: 16.101742
2026-10-09T07:14:51.2185268Z   type: 'test'
2026-10-09T07:14:51.2185553Z   ...
2026-10-09T07:14:51.2186291Z # Subtest: the reproduced opening takes 31-point Big Gin instead of passing into a 20-point Gin
2026-10-09T07:14:51.2187410Z ok 37 - the reproduced opening takes 31-point Big Gin instead of passing into a 20-point Gin
2026-10-09T07:14:51.2188066Z   ---
2026-10-09T07:14:51.2188355Z   duration_ms: 1.803536
2026-10-09T07:14:51.2188700Z   type: 'test'
2026-10-09T07:14:51.2188989Z   ...
2026-10-09T07:14:51.2189462Z # {"suite":"strong-guaranteed-gin","cases":72,"knownClassicPoints":22}
2026-10-09T07:14:51.2190456Z # {"suite":"gin-actual-score-dominance","defenders":1000,"ordinaryComparisons":6904,"minGain":21,"sha256":"d57bb9977c2b677288f79cc4dae664d82a2d9bf8316ccc658f30362fdc3130d5"}
2026-10-09T07:14:51.2191320Z # {"suite":"gin-policy-boundaries","forbiddenCases":52,"bigGinCases":12}
2026-10-09T07:14:51.2192006Z # Subtest: Strong takes guaranteed Gin despite public discard danger in every edition/profile/rotation
2026-10-09T07:14:51.2192766Z ok 38 - Strong takes guaranteed Gin despite public discard danger in every edition/profile/rotation
2026-10-09T07:14:51.2193204Z   ---
2026-10-09T07:14:51.2193409Z   duration_ms: 81.489759
2026-10-09T07:14:51.2193877Z   type: 'test'
2026-10-09T07:14:51.2194077Z   ...
2026-10-09T07:14:51.2194578Z # Subtest: actual Gin scoring dominates every legal ordinary knock against 1000 disjoint hidden defenders
2026-10-09T07:14:51.2195516Z ok 39 - actual Gin scoring dominates every legal ordinary knock against 1000 disjoint hidden defenders
2026-10-09T07:14:51.2195959Z   ---
2026-10-09T07:14:51.2196165Z   duration_ms: 2359.674893
2026-10-09T07:14:51.2196405Z   type: 'test'
2026-10-09T07:14:51.2196611Z   ...
2026-10-09T07:14:51.2197121Z # Subtest: Gin priority respects immediate-return prohibition and preserves the existing Big Gin branch
2026-10-09T07:14:51.2197893Z ok 40 - Gin priority respects immediate-return prohibition and preserves the existing Big Gin branch
2026-10-09T07:14:51.2198339Z   ---
2026-10-09T07:14:51.2198537Z   duration_ms: 15.166082
2026-10-09T07:14:51.2198766Z   type: 'test'
2026-10-09T07:14:51.2198965Z   ...
2026-10-09T07:14:51.2199606Z # {"suite":"non-gin-policy-byte-equivalence","states":10000,"decisions":30000,"baselineHead":"72d0f3f4ad4f6b70a8ac6b0ed81121300aa54c1f"}
2026-10-09T07:14:51.2200370Z # Subtest: all 30000 non-Gin bot choices retain the accepted pre-repair behavior
2026-10-09T07:14:51.2200942Z ok 41 - all 30000 non-Gin bot choices retain the accepted pre-repair behavior
2026-10-09T07:14:51.2201304Z   ---
2026-10-09T07:14:51.2201501Z   duration_ms: 2995.735138
2026-10-09T07:14:51.2201733Z   type: 'test'
2026-10-09T07:14:51.2201929Z   ...
2026-10-09T07:14:51.2202580Z # {"suite":"initial-presence-exhaustive","cases":336,"connectionMasks":"all","counts":[2,3,4],"variants":["standard","oklahoma"],"clocks":[0,10]}
2026-10-09T07:14:51.2203402Z # {"suite":"initial-presence-seeded","cases":1000}
2026-10-09T07:14:51.2203957Z # Subtest: known initial presence is handled before either player needs to send an event
2026-10-09T07:14:51.2205669Z ok 42 - known initial presence is handled before either player needs to send an event
2026-10-09T07:14:51.2206315Z   ---
2026-10-09T07:14:51.2206612Z   duration_ms: 390.609812
2026-10-09T07:14:51.2206970Z   type: 'test'
2026-10-09T07:14:51.2207294Z   ...
2026-10-09T07:14:51.2208086Z # Subtest: 1000 seeded initial presence patterns are playable or paused without a duplicate drop event
2026-10-09T07:14:51.2209300Z ok 43 - 1000 seeded initial presence patterns are playable or paused without a duplicate drop event
2026-10-09T07:14:51.2210003Z   ---
2026-10-09T07:14:51.2210297Z   duration_ms: 438.140402
2026-10-09T07:14:51.2210643Z   type: 'test'
2026-10-09T07:14:51.2210933Z   ...
2026-10-09T07:14:51.2211683Z # {"suite":"connected-initialization-byte-equivalence","cases":6000,"baselineHead":"d5fbb39746f8f7900bee57506e8133e8675f48ed"}
2026-10-09T07:14:51.2212478Z # Subtest: all-connected opening states retain the exact 6000 pre-repair JSON states
2026-10-09T07:14:51.2213131Z ok 44 - all-connected opening states retain the exact 6000 pre-repair JSON states
2026-10-09T07:14:51.2213520Z   ---
2026-10-09T07:14:51.2213729Z   duration_ms: 163.424575
2026-10-09T07:14:51.2213963Z   type: 'test'
2026-10-09T07:14:51.2214171Z   ...
2026-10-09T07:14:51.2214972Z # {"suite":"same-meld-knock-configurations","cases":576,"minGain":1,"classicPointsBefore":1,"classicPointsAfter":2}
2026-10-09T07:14:51.2216315Z # {"suite":"same-meld-knock-hidden-defenders","defenders":1000,"minGain":1,"maxGain":2,"positiveKnocks":1000,"undercuts":0,"sha256":"8b7cd1f52b2b229393f43ad8ccd09056a2c496a42b5d8e277cf9436049027bd2"}
2026-10-09T07:14:51.2217184Z # {"suite":"same-meld-knock-boundaries","controls":120}
2026-10-09T07:14:51.2217954Z # {"suite":"same-meld-knock-score-boundaries","cases":144,"winningTransitions":36,"minGain":1,"maxGain":52,"defenderDeadwoods":[0,1,2,3]}
2026-10-09T07:14:51.2218837Z # Subtest: Strong takes the strictly better same-meld knock in all editions, profiles, rosters and suits
2026-10-09T07:14:51.2219581Z ok 45 - Strong takes the strictly better same-meld knock in all editions, profiles, rosters and suits
2026-10-09T07:14:51.2220026Z   ---
2026-10-09T07:14:51.2220232Z   duration_ms: 704.932584
2026-10-09T07:14:51.2220624Z   type: 'test'
2026-10-09T07:14:51.2220832Z   ...
2026-10-09T07:14:51.2221379Z # Subtest: the same public decision dominates against 1000 hidden defenders with independent joint layoff scoring
2026-10-09T07:14:51.2222198Z ok 46 - the same public decision dominates against 1000 hidden defenders with independent joint layoff scoring
2026-10-09T07:14:51.2222667Z   ---
2026-10-09T07:14:51.2222871Z   duration_ms: 4953.336707
2026-10-09T07:14:51.2223105Z   type: 'test'
2026-10-09T07:14:51.2223305Z   ...
2026-10-09T07:14:51.2223838Z # Subtest: ordinary-knock priority retains immediate-return, Gin, no-knock and unavailable-player boundaries
2026-10-09T07:14:51.2224821Z ok 47 - ordinary-knock priority retains immediate-return, Gin, no-knock and unavailable-player boundaries
2026-10-09T07:14:51.2225450Z   ---
2026-10-09T07:14:51.2225741Z   duration_ms: 29.358774
2026-10-09T07:14:51.2226081Z   type: 'test'
2026-10-09T07:14:51.2226370Z   ...
2026-10-09T07:14:51.2227225Z # Subtest: same-meld lower deadwood improves both undercuts and the transition from undercut to winning knock
2026-10-09T07:14:51.2228509Z ok 48 - same-meld lower deadwood improves both undercuts and the transition from undercut to winning knock
2026-10-09T07:14:51.2229243Z   ---
2026-10-09T07:14:51.2229469Z   duration_ms: 661.849786
2026-10-09T07:14:51.2229700Z   type: 'test'
2026-10-09T07:14:51.2229894Z   ...
2026-10-09T07:14:51.2230512Z # {"suite":"joint-layoff-proof","hands":2000,"twoTarget":1000,"threeTarget":1000,"seed":816777,"checksum":102460,"actualLaidCards":1534}
2026-10-09T07:14:51.2231324Z # Subtest: 2000 independent joint meld/layoff weighted packings including chained extensions
2026-10-09T07:14:51.2232155Z ok 49 - 2000 independent joint meld/layoff weighted packings including chained extensions
2026-10-09T07:14:51.2232574Z   ---
2026-10-09T07:14:51.2232779Z   duration_ms: 6180.044039
2026-10-09T07:14:51.2233014Z   type: 'test'
2026-10-09T07:14:51.2233208Z   ...
2026-10-09T07:14:51.2233890Z # {"suite":"public-discard-closed-meld-knock-settings","cases":1152,"minGain":11,"maxGain":52,"classicSignedBefore":-10,"classicSignedAfter":1}
2026-10-09T07:14:51.2235445Z # {"suite":"public-discard-closed-meld-knock-independent-hidden-defenders","defenders":1000,"publicViewsByteIdentical":true,"minGain":1,"maxGain":1,"winningTransitions":0}
2026-10-09T07:14:51.2236372Z # {"suite":"public-discard-closed-meld-knock-boundaries","controls":168}
2026-10-09T07:14:51.2237091Z # Subtest: Strong excludes publicly discarded cards from finishing layoff targets in every setting and suit
2026-10-09T07:14:51.2237866Z ok 50 - Strong excludes publicly discarded cards from finishing layoff targets in every setting and suit
2026-10-09T07:14:51.2238333Z   ---
2026-10-09T07:14:51.2238543Z   duration_ms: 1742.886523
2026-10-09T07:14:51.2238779Z   type: 'test'
2026-10-09T07:14:51.2238979Z   ...
2026-10-09T07:14:51.2239458Z # Subtest: 1000 identical public views keep the same safe choice and independent joint-defense score
2026-10-09T07:14:51.2240172Z ok 51 - 1000 identical public views keep the same safe choice and independent joint-defense score
2026-10-09T07:14:51.2240598Z   ---
2026-10-09T07:14:51.2240800Z   duration_ms: 6858.465249
2026-10-09T07:14:51.2241031Z   type: 'test'
2026-10-09T07:14:51.2241226Z   ...
2026-10-09T07:14:51.2241783Z # Subtest: public discard closure preserves hidden-card uncertainty, forbidden returns, no-knock and Gin boundaries
2026-10-09T07:14:51.2242673Z ok 52 - public discard closure preserves hidden-card uncertainty, forbidden returns, no-knock and Gin boundaries
2026-10-09T07:14:51.2243161Z   ---
2026-10-09T07:14:51.2243375Z   duration_ms: 49.867548
2026-10-09T07:14:51.2243609Z   type: 'test'
2026-10-09T07:14:51.2243806Z   ...
2026-10-09T07:14:51.2244259Z # {"suite":"opening-pass-attribution","directPassCases":360,"editions":2,"counts":[2,3,4]}
2026-10-09T07:14:51.2245013Z # {"suite":"pass-valid-ids","cases":240,"ids":["","__proto__","constructor","last"]}
2026-10-09T07:14:51.2245732Z # {"suite":"automatic-pass-attribution","routes":["timer","vip","player"]}
2026-10-09T07:14:51.2246384Z # Subtest: both opening passes identify their actual actors across counts, editions and seeds
2026-10-09T07:14:51.2247068Z ok 53 - both opening passes identify their actual actors across counts, editions and seeds
2026-10-09T07:14:51.2247483Z   ---
2026-10-09T07:14:51.2247686Z   duration_ms: 87.840491
2026-10-09T07:14:51.2247928Z   type: 'test'
2026-10-09T07:14:51.2248124Z   ...
2026-10-09T07:14:51.2248552Z # Subtest: empty and prototype-shaped original IDs retain pass attribution as own keys
2026-10-09T07:14:51.2249183Z ok 54 - empty and prototype-shaped original IDs retain pass attribution as own keys
2026-10-09T07:14:51.2249581Z   ---
2026-10-09T07:14:51.2249775Z   duration_ms: 33.197362
2026-10-09T07:14:51.2250005Z   type: 'test'
2026-10-09T07:14:51.2250200Z   ...
2026-10-09T07:14:51.2250598Z # Subtest: timer, VIP skip and absent-seat automation identify the automatic passer
2026-10-09T07:14:51.2251192Z ok 55 - timer, VIP skip and absent-seat automation identify the automatic passer
2026-10-09T07:14:51.2251579Z   ---
2026-10-09T07:14:51.2251778Z   duration_ms: 2.6313
2026-10-09T07:14:51.2252000Z   type: 'test'
2026-10-09T07:14:51.2252205Z   ...
2026-10-09T07:14:51.2252669Z # Subtest: first raw target winner keeps the crown even when final box settlement reverses points
2026-10-09T07:14:51.2253356Z ok 56 - first raw target winner keeps the crown even when final box settlement reverses points
2026-10-09T07:14:51.2253777Z   ---
2026-10-09T07:14:51.2253977Z   duration_ms: 8.004234
2026-10-09T07:14:51.2254204Z   type: 'test'
2026-10-09T07:14:51.2254542Z   ...
2026-10-09T07:14:51.2255171Z # Subtest: every valid string ID, including empty, wins, earns bonuses and stays in rotation
2026-10-09T07:14:51.2255829Z ok 57 - every valid string ID, including empty, wins, earns bonuses and stays in rotation
2026-10-09T07:14:51.2256230Z   ---
2026-10-09T07:14:51.2256473Z   duration_ms: 12.100961
2026-10-09T07:14:51.2256706Z   type: 'test'
2026-10-09T07:14:51.2256899Z   ...
2026-10-09T07:14:51.2257354Z # Subtest: malformed identity metadata cannot coerce a registered ID, throw or reveal a hand
2026-10-09T07:14:51.2258014Z ok 58 - malformed identity metadata cannot coerce a registered ID, throw or reveal a hand
2026-10-09T07:14:51.2258414Z   ---
2026-10-09T07:14:51.2258615Z   duration_ms: 1.727474
2026-10-09T07:14:51.2258839Z   type: 'test'
2026-10-09T07:14:51.2259035Z   ...
2026-10-09T07:14:51.2259436Z # Subtest: early end preserves earned raw points and reports current standings
2026-10-09T07:14:51.2260010Z ok 59 - early end preserves earned raw points and reports current standings
2026-10-09T07:14:51.2260385Z   ---
2026-10-09T07:14:51.2260583Z   duration_ms: 0.695218
2026-10-09T07:14:51.2260809Z   type: 'test'
2026-10-09T07:14:51.2261010Z   ...
2026-10-09T07:14:51.2261309Z # Subtest: aces low, set cardinality, runs and overlap
2026-10-09T07:14:51.2261713Z ok 60 - aces low, set cardinality, runs and overlap
2026-10-09T07:14:51.2262007Z   ---
2026-10-09T07:14:51.2262208Z   duration_ms: 2.697808
2026-10-09T07:14:51.2262430Z   type: 'test'
2026-10-09T07:14:51.2262624Z   ...
2026-10-09T07:14:51.2263073Z # Subtest: joint meld/layoff optimizer finds chains and forbids gin/deadwood/four-card layoffs
2026-10-09T07:14:51.2263749Z ok 61 - joint meld/layoff optimizer finds chains and forbids gin/deadwood/four-card layoffs
2026-10-09T07:14:51.2264171Z   ---
2026-10-09T07:14:51.2264371Z   duration_ms: 2.528929
2026-10-09T07:14:51.2264594Z   type: 'test'
2026-10-09T07:14:51.2264905Z   ...
2026-10-09T07:14:51.2265278Z # Subtest: every score formula, tie undercut and spade whole-hand doubling
2026-10-09T07:14:51.2265816Z ok 62 - every score formula, tie undercut and spade whole-hand doubling
2026-10-09T07:14:51.2266171Z   ---
2026-10-09T07:14:51.2266366Z   duration_ms: 2.153544
2026-10-09T07:14:51.2266585Z   type: 'test'
2026-10-09T07:14:51.2266785Z   ...
2026-10-09T07:14:51.2267246Z # Subtest: opening offers, forced stock, exact immediate-return restriction, stock draw boundary
2026-10-09T07:14:51.2268072Z ok 63 - opening offers, forced stock, exact immediate-return restriction, stock draw boundary
2026-10-09T07:14:51.2268502Z   ---
2026-10-09T07:14:51.2268716Z   duration_ms: 15.556259
2026-10-09T07:14:51.2268959Z   type: 'test'
2026-10-09T07:14:51.2269163Z   ...
2026-10-09T07:14:51.2269587Z # Subtest: Oklahoma limits / ace / spade configurations from all 52 initial upcards
2026-10-09T07:14:51.2270184Z ok 64 - Oklahoma limits / ace / spade configurations from all 52 initial upcards
2026-10-09T07:14:51.2270559Z   ---
2026-10-09T07:14:51.2270760Z   duration_ms: 24.333757
2026-10-09T07:14:51.2270995Z   type: 'test'
2026-10-09T07:14:51.2271193Z   ...
2026-10-09T07:14:51.2271680Z # Subtest: pause, resume, stale/early timer, spectators, malformed input, late leaver, explicit end
2026-10-09T07:14:51.2272389Z ok 65 - pause, resume, stale/early timer, spectators, malformed input, late leaver, explicit end
2026-10-09T07:14:51.2272808Z   ---
2026-10-09T07:14:51.2273011Z   duration_ms: 1.793972
2026-10-09T07:14:51.2273245Z   type: 'test'
2026-10-09T07:14:51.2273443Z   ...
2026-10-09T07:14:51.2273903Z # Subtest: all required roster settings, default sanitization, exact phase fixtures and manifest
2026-10-09T07:14:51.2274711Z ok 66 - all required roster settings, default sanitization, exact phase fixtures and manifest
2026-10-09T07:14:51.2275152Z   ---
2026-10-09T07:14:51.2275355Z   duration_ms: 88.107726
2026-10-09T07:14:51.2275588Z   type: 'test'
2026-10-09T07:14:51.2275789Z   ...
2026-10-09T07:14:51.2276151Z # {"syntheticGuardCorruptionsRejected":175,"guardedSources":35}
2026-10-09T07:14:51.2286520Z # Subtest: synthetic positive control covers full identities, native timestamps, all hand witnesses and clips
2026-10-09T07:14:51.2287818Z ok 67 - synthetic positive control covers full identities, native timestamps, all hand witnesses and clips
2026-10-09T07:14:51.2288345Z   ---
2026-10-09T07:14:51.2288591Z   duration_ms: 7.437286
2026-10-09T07:14:51.2288844Z   type: 'test'
2026-10-09T07:14:51.2289083Z   ...
2026-10-09T07:14:51.2289632Z # Subtest: every guarded source and each start/end inventory entry rejects a stale hash or omission
2026-10-09T07:14:51.2290405Z ok 68 - every guarded source and each start/end inventory entry rejects a stale hash or omission
2026-10-09T07:14:51.2290879Z   ---
2026-10-09T07:14:51.2291100Z   duration_ms: 121.03599
2026-10-09T07:14:51.2291380Z   type: 'test'
2026-10-09T07:14:51.2291598Z   ...
2026-10-09T07:14:51.2292169Z # Subtest: wrong attempt/profile/page/transport/throttle, filtered samples and fake native clocks fail
2026-10-09T07:14:51.2293062Z ok 69 - wrong attempt/profile/page/transport/throttle, filtered samples and fake native clocks fail
2026-10-09T07:14:51.2293555Z   ---
2026-10-09T07:14:51.2293792Z   duration_ms: 17.586861
2026-10-09T07:14:51.2294065Z   type: 'test'
2026-10-09T07:14:51.2294293Z   ...
2026-10-09T07:14:51.2295138Z # Subtest: missing/invalid timestamp, raw interval or active-frame witness fails despite good summaries
2026-10-09T07:14:51.2295980Z ok 70 - missing/invalid timestamp, raw interval or active-frame witness fails despite good summaries
2026-10-09T07:14:51.2296470Z   ---
2026-10-09T07:14:51.2296676Z   duration_ms: 12.37756
2026-10-09T07:14:51.2296938Z   type: 'test'
2026-10-09T07:14:51.2297162Z   ...
2026-10-09T07:14:51.2297688Z # Subtest: all statistics are recomputed and an honestly reported long interval fails the fixed gate
2026-10-09T07:14:51.2298417Z ok 71 - all statistics are recomputed and an honestly reported long interval fails the fixed gate
2026-10-09T07:14:51.2298877Z   ---
2026-10-09T07:14:51.2299076Z   duration_ms: 7.057745
2026-10-09T07:14:51.2299333Z   type: 'test'
2026-10-09T07:14:51.2299536Z   ...
2026-10-09T07:14:51.2300027Z # Subtest: failed runs, mislabeled clips, altered bytes, outsize media and network/errors are rejected
2026-10-09T07:14:51.2301190Z ok 72 - failed runs, mislabeled clips, altered bytes, outsize media and network/errors are rejected
2026-10-09T07:14:51.2301938Z   ---
2026-10-09T07:14:51.2302234Z   duration_ms: 22.524161
2026-10-09T07:14:51.2302722Z   type: 'test'
2026-10-09T07:14:51.2302957Z   ...
2026-10-09T07:14:51.2303367Z # Subtest: same-timestamp turns cannot share timer instance identity
2026-10-09T07:14:51.2303900Z ok 73 - same-timestamp turns cannot share timer instance identity
2026-10-09T07:14:51.2304254Z   ---
2026-10-09T07:14:51.2304461Z   duration_ms: 11.679758
2026-10-09T07:14:51.2304923Z   type: 'test'
2026-10-09T07:14:51.2305127Z   ...
2026-10-09T07:14:51.2305318Z 1..73
2026-10-09T07:14:51.2305512Z # tests 73
2026-10-09T07:14:51.2305710Z # suites 0
2026-10-09T07:14:51.2305908Z # pass 69
2026-10-09T07:14:51.2306110Z # fail 4
2026-10-09T07:14:51.2306310Z # cancelled 0
2026-10-09T07:14:51.2306517Z # skipped 0
2026-10-09T07:14:51.2306719Z # todo 0
2026-10-09T07:14:51.2306936Z # duration_ms 198702.064393
2026-10-09T07:14:51.2397107Z ##[error]Process completed with exit code 1.
2026-10-09T07:14:51.2782914Z ##[group]Run actions/upload-artifact@v4
2026-10-09T07:14:51.2783228Z with:
2026-10-09T07:14:51.2783445Z   name: G02-browser-evidence
2026-10-09T07:14:51.2785369Z   path: jobs/G02-gin-rummy/.work/browser/*-frames.json
jobs/G02-gin-rummy/.work/browser/report.json
jobs/G02-gin-rummy/.work/browser/captures.json
jobs/G02-gin-rummy/.work/browser/ci-current-*.webm
jobs/G02-gin-rummy/.work/clock-after.json
jobs/G02-gin-rummy/.work/custom-meld-after.json
jobs/G02-gin-rummy/.work/results-after.json
jobs/G02-gin-rummy/.work/name-check.json
jobs/G02-gin-rummy/media/strict-reverify-1900-*.webm
jobs/G02-gin-rummy/evidence/resume-20261008/strict-reverify-1900-captures.json

2026-10-09T07:14:51.2787175Z   include-hidden-files: true
2026-10-09T07:14:51.2787666Z   if-no-files-found: warn
2026-10-09T07:14:51.2787912Z   compression-level: 6
2026-10-09T07:14:51.2788132Z   overwrite: false
2026-10-09T07:14:51.2788343Z ##[endgroup]
2026-10-09T07:14:51.4504547Z (node:3648) [DEP0040] DeprecationWarning: The `punycode` module is deprecated. Please use a userland alternative instead.
2026-10-09T07:14:51.4505511Z (Use `node --trace-deprecation ...` to show where the warning was created)
2026-10-09T07:14:51.4661281Z Multiple search paths detected. Calculating the least common ancestor of all paths
2026-10-09T07:14:51.4664917Z The least common ancestor is /home/runner/work/partybox-game-cores/partybox-game-cores/jobs/G02-gin-rummy. This will be the root directory of the artifact
2026-10-09T07:14:51.4666341Z With the provided path, there will be 3 files uploaded
2026-10-09T07:14:51.4670457Z Artifact name is valid!
2026-10-09T07:14:51.4671435Z Root directory input is valid!
2026-10-09T07:14:51.7243452Z Beginning upload of artifact content to blob storage
2026-10-09T07:14:51.7865079Z (node:3648) [DEP0169] DeprecationWarning: `url.parse()` behavior is not standardized and prone to errors that have security implications. Use the WHATWG URL API instead. CVEs are not issued for `url.parse()` vulnerabilities.
2026-10-09T07:14:52.0450608Z Uploaded bytes 1015714
2026-10-09T07:14:52.0803581Z Finished uploading artifact content to blob storage!
2026-10-09T07:14:52.0804577Z SHA256 digest of uploaded artifact zip is 81d50910d451df28a28b09a66e427e9da7e3af6650615f0e442f689846a5b94e
2026-10-09T07:14:52.0806292Z Finalizing artifact upload
2026-10-09T07:14:52.4757144Z Artifact G02-browser-evidence.zip successfully finalized. Artifact ID 11601196842
2026-10-09T07:14:52.4758394Z Artifact G02-browser-evidence has been successfully uploaded! Final size is 1015714 bytes. Artifact ID is 11601196842
2026-10-09T07:14:52.4764188Z Artifact download URL: https://github.com/luisitin/partybox-game-cores/actions/runs/37897544523/artifacts/11601196842
2026-10-09T07:14:52.5890846Z Post job cleanup.
2026-10-09T07:14:52.6738778Z [command]/usr/bin/git version
2026-10-09T07:14:52.6800909Z git version 2.55.0
2026-10-09T07:14:52.6848386Z Temporarily overriding HOME='/home/runner/work/_temp/abadfc36-aedc-4687-a8bd-385bc5d4875b' before making global git config changes
2026-10-09T07:14:52.6850164Z Adding repository directory to the temporary git global config as a safe directory
2026-10-09T07:14:52.6855093Z [command]/usr/bin/git config --global --add safe.directory /home/runner/work/partybox-game-cores/partybox-game-cores
2026-10-09T07:14:52.6907103Z [command]/usr/bin/git config --local --name-only --get-regexp core\.sshCommand
2026-10-09T07:14:52.6957880Z [command]/usr/bin/git submodule foreach --recursive sh -c "git config --local --name-only --get-regexp 'core\.sshCommand' && git config --local --unset-all 'core.sshCommand' || :"
2026-10-09T07:14:52.7289283Z [command]/usr/bin/git config --local --name-only --get-regexp http\.https\:\/\/github\.com\/\.extraheader
2026-10-09T07:14:52.7325752Z http.https://github.com/.extraheader
2026-10-09T07:14:52.7339318Z [command]/usr/bin/git config --local --unset-all http.https://github.com/.extraheader
2026-10-09T07:14:52.7385274Z [command]/usr/bin/git submodule foreach --recursive sh -c "git config --local --name-only --get-regexp 'http\.https\:\/\/github\.com\/\.extraheader' && git config --local --unset-all 'http.https://github.com/.extraheader' || :"
2026-10-09T07:14:52.7755976Z [command]/usr/bin/git config --local --name-only --get-regexp ^includeIf\.gitdir:
2026-10-09T07:14:52.7807132Z [command]/usr/bin/git submodule foreach --recursive git config --local --show-origin --name-only --get-regexp remote.origin.url
2026-10-09T07:14:52.8228781Z Cleaning up orphan processes
2026-10-09T07:14:52.8576663Z ##[warning]Node.js 20 is deprecated. The following actions target Node.js 20 but are being forced to run on Node.js 24: actions/checkout@v4, actions/setup-node@v4, actions/upload-artifact@v4. For more information see: https://github.blog/changelog/2025-09-19-deprecation-of-node-20-on-github-actions-runners/
