2026-10-09T06:50:19.1815086Z Current runner version: '2.337.0'
2026-10-09T06:50:19.1840198Z ##[group]Runner Image Provisioner
2026-10-09T06:50:19.1841152Z Hosted Compute Agent
2026-10-09T06:50:19.1841778Z Version: 20261002.596
2026-10-09T06:50:19.1842415Z Commit: c3d12f3313a95f25162a1503be624f3b0617f8c0
2026-10-09T06:50:19.1843236Z Build Date: 2026-10-02T22:28:27Z
2026-10-09T06:50:19.1843927Z Worker ID: {0edd97b6-a71f-4090-91c7-128caafac80e}
2026-10-09T06:50:19.1844632Z Region: northcentralus
2026-10-09T06:50:19.1845279Z Cloud: Azure
2026-10-09T06:50:19.1845815Z ##[endgroup]
2026-10-09T06:50:19.1847332Z ##[group]Operating System
2026-10-09T06:50:19.1848043Z Ubuntu
2026-10-09T06:50:19.1848553Z 24.04.5
2026-10-09T06:50:19.1849425Z LTS
2026-10-09T06:50:19.1849993Z ##[endgroup]
2026-10-09T06:50:19.1850652Z ##[group]Runner Image
2026-10-09T06:50:19.1851289Z Image: ubuntu-24.04
2026-10-09T06:50:19.1851866Z Version: 20261004.327.1
2026-10-09T06:50:19.1853178Z Included Software: https://github.com/actions/runner-images/blob/ubuntu24/20261004.327/images/ubuntu/Ubuntu2404-Readme.md
2026-10-09T06:50:19.1854814Z Image Release: https://github.com/actions/runner-images/releases/tag/ubuntu24%2F20261004.327
2026-10-09T06:50:19.1855831Z ##[endgroup]
2026-10-09T06:50:19.1856982Z ##[group]GITHUB_TOKEN Permissions
2026-10-09T06:50:19.1858961Z Contents: read
2026-10-09T06:50:19.1859935Z Metadata: read
2026-10-09T06:50:19.1860617Z ##[endgroup]
2026-10-09T06:50:19.1862703Z Secret source: Actions
2026-10-09T06:50:19.1863781Z Cache mode: write
2026-10-09T06:50:19.1864819Z Prepare workflow directory
2026-10-09T06:50:19.2624633Z Prepare all required actions
2026-10-09T06:50:19.2697561Z Getting action download info
2026-10-09T06:50:19.4935958Z Download action repository 'actions/checkout@v4' (SHA:11d5960a326750d5838078e36cf38b85af677262)
2026-10-09T06:50:19.6160620Z Download action repository 'actions/setup-node@v4' (SHA:49933ea5288caeca8642d1e84afbd3f7d6820020)
2026-10-09T06:50:19.7088395Z Download action repository 'actions/upload-artifact@v4' (SHA:ea165f8d65b6e75b540449e92b4886f43607fa02)
2026-10-09T06:50:19.8984902Z Complete job name: browser-bootstrap
2026-10-09T06:50:19.9783800Z ##[group]Run actions/checkout@v4
2026-10-09T06:50:19.9784681Z with:
2026-10-09T06:50:19.9785152Z   ref: e228d522396392808575ab2254c74534c4f70453
2026-10-09T06:50:19.9785774Z   repository: luisitin/partybox-game-cores
2026-10-09T06:50:19.9789818Z   token: ***
2026-10-09T06:50:19.9790252Z   ssh-strict: true
2026-10-09T06:50:19.9790691Z   ssh-user: git
2026-10-09T06:50:19.9791133Z   persist-credentials: true
2026-10-09T06:50:19.9791610Z   clean: true
2026-10-09T06:50:19.9792063Z   sparse-checkout-cone-mode: true
2026-10-09T06:50:19.9792574Z   fetch-depth: 1
2026-10-09T06:50:19.9793010Z   fetch-tags: false
2026-10-09T06:50:19.9793468Z   show-progress: true
2026-10-09T06:50:19.9793920Z   lfs: false
2026-10-09T06:50:19.9794334Z   submodules: false
2026-10-09T06:50:19.9794773Z   set-safe-directory: true
2026-10-09T06:50:19.9795280Z   allow-unsafe-pr-checkout: false
2026-10-09T06:50:19.9796067Z env:
2026-10-09T06:50:19.9796582Z   G02_SOURCE_HEAD: e228d522396392808575ab2254c74534c4f70453
2026-10-09T06:50:19.9797225Z ##[endgroup]
2026-10-09T06:50:20.0813138Z Syncing repository: luisitin/partybox-game-cores
2026-10-09T06:50:20.0816190Z ##[group]Getting Git version info
2026-10-09T06:50:20.0817774Z Working directory is '/home/runner/work/partybox-game-cores/partybox-game-cores'
2026-10-09T06:50:20.0820331Z [command]/usr/bin/git version
2026-10-09T06:50:20.0935846Z git version 2.55.0
2026-10-09T06:50:20.0959899Z ##[endgroup]
2026-10-09T06:50:20.0977366Z Temporarily overriding HOME='/home/runner/work/_temp/8ce41e97-81f3-467b-9751-ded0c7a8f59f' before making global git config changes
2026-10-09T06:50:20.0980322Z Adding repository directory to the temporary git global config as a safe directory
2026-10-09T06:50:20.0984163Z [command]/usr/bin/git config --global --add safe.directory /home/runner/work/partybox-game-cores/partybox-game-cores
2026-10-09T06:50:20.1041171Z Deleting the contents of '/home/runner/work/partybox-game-cores/partybox-game-cores'
2026-10-09T06:50:20.1047027Z ##[group]Initializing the repository
2026-10-09T06:50:20.1048487Z [command]/usr/bin/git init /home/runner/work/partybox-game-cores/partybox-game-cores
2026-10-09T06:50:20.1168747Z hint: Using 'master' as the name for the initial branch. This default branch name
2026-10-09T06:50:20.1171404Z hint: will change to "main" in Git 3.0. To configure the initial branch name
2026-10-09T06:50:20.1173462Z hint: to use in all of your new repositories, which will suppress this warning,
2026-10-09T06:50:20.1174997Z hint: call:
2026-10-09T06:50:20.1176045Z hint:
2026-10-09T06:50:20.1177357Z hint: 	git config --global init.defaultBranch <name>
2026-10-09T06:50:20.1178660Z hint:
2026-10-09T06:50:20.1180056Z hint: Names commonly chosen instead of 'master' are 'main', 'trunk' and
2026-10-09T06:50:20.1181844Z hint: 'development'. The just-created branch can be renamed via this command:
2026-10-09T06:50:20.1183301Z hint:
2026-10-09T06:50:20.1184154Z hint: 	git branch -m <name>
2026-10-09T06:50:20.1185109Z hint:
2026-10-09T06:50:20.1186252Z hint: Disable this message with "git config set advice.defaultBranchName false"
2026-10-09T06:50:20.1188633Z Initialized empty Git repository in /home/runner/work/partybox-game-cores/partybox-game-cores/.git/
2026-10-09T06:50:20.1193487Z [command]/usr/bin/git remote add origin https://github.com/luisitin/partybox-game-cores
2026-10-09T06:50:20.1243898Z ##[endgroup]
2026-10-09T06:50:20.1245491Z ##[group]Disabling automatic garbage collection
2026-10-09T06:50:20.1249502Z [command]/usr/bin/git config --local gc.auto 0
2026-10-09T06:50:20.1291632Z ##[endgroup]
2026-10-09T06:50:20.1293144Z ##[group]Setting up auth
2026-10-09T06:50:20.1313649Z [command]/usr/bin/git config --local --name-only --get-regexp core\.sshCommand
2026-10-09T06:50:20.1357107Z [command]/usr/bin/git submodule foreach --recursive sh -c "git config --local --name-only --get-regexp 'core\.sshCommand' && git config --local --unset-all 'core.sshCommand' || :"
2026-10-09T06:50:20.1763990Z [command]/usr/bin/git config --local --name-only --get-regexp http\.https\:\/\/github\.com\/\.extraheader
2026-10-09T06:50:20.1802134Z [command]/usr/bin/git submodule foreach --recursive sh -c "git config --local --name-only --get-regexp 'http\.https\:\/\/github\.com\/\.extraheader' && git config --local --unset-all 'http.https://github.com/.extraheader' || :"
2026-10-09T06:50:20.2056114Z [command]/usr/bin/git config --local --name-only --get-regexp ^includeIf\.gitdir:
2026-10-09T06:50:20.2173894Z [command]/usr/bin/git submodule foreach --recursive git config --local --show-origin --name-only --get-regexp remote.origin.url
2026-10-09T06:50:20.2365873Z [command]/usr/bin/git config --local http.https://github.com/.extraheader AUTHORIZATION: basic ***
2026-10-09T06:50:20.2417017Z ##[endgroup]
2026-10-09T06:50:20.2417955Z ##[group]Fetching the repository
2026-10-09T06:50:20.2432813Z [command]/usr/bin/git -c protocol.version=2 fetch --no-tags --prune --no-recurse-submodules --depth=1 origin e228d522396392808575ab2254c74534c4f70453
2026-10-09T06:50:23.4007479Z From https://github.com/luisitin/partybox-game-cores
2026-10-09T06:50:23.4009976Z  * branch            e228d522396392808575ab2254c74534c4f70453 -> FETCH_HEAD
2026-10-09T06:50:23.4013677Z ##[endgroup]
2026-10-09T06:50:23.4015221Z ##[group]Determining the checkout info
2026-10-09T06:50:23.4017022Z ##[endgroup]
2026-10-09T06:50:23.4018105Z [command]/usr/bin/git sparse-checkout disable
2026-10-09T06:50:23.4088472Z [command]/usr/bin/git config --local --unset-all extensions.worktreeConfig
2026-10-09T06:50:23.4124508Z ##[group]Checking out the ref
2026-10-09T06:50:23.4128162Z [command]/usr/bin/git checkout --progress --force e228d522396392808575ab2254c74534c4f70453
2026-10-09T06:50:23.6512658Z Note: switching to 'e228d522396392808575ab2254c74534c4f70453'.
2026-10-09T06:50:23.6513670Z 
2026-10-09T06:50:23.6514335Z You are in 'detached HEAD' state. You can look around, make experimental
2026-10-09T06:50:23.6515866Z changes and commit them, and you can discard any commits you make in this
2026-10-09T06:50:23.6517959Z state without impacting any branches by switching back to a branch.
2026-10-09T06:50:23.6518806Z 
2026-10-09T06:50:23.6519840Z If you want to create a new branch to retain commits you create, you may
2026-10-09T06:50:23.6521136Z do so (now or later) by using -c with the switch command. Example:
2026-10-09T06:50:23.6521936Z 
2026-10-09T06:50:23.6522310Z   git switch -c <new-branch-name>
2026-10-09T06:50:23.6522884Z 
2026-10-09T06:50:23.6523252Z Or undo this operation with:
2026-10-09T06:50:23.6523791Z 
2026-10-09T06:50:23.6524100Z   git switch -
2026-10-09T06:50:23.6524543Z 
2026-10-09T06:50:23.6525199Z Turn off this advice by setting config variable advice.detachedHead to false
2026-10-09T06:50:23.6526257Z 
2026-10-09T06:50:23.6527128Z HEAD is now at e228d52 G02 preserve current closed-target native proof and full check receipts
2026-10-09T06:50:23.6545738Z ##[endgroup]
2026-10-09T06:50:23.6593783Z [command]/usr/bin/git log -1 --format=%H
2026-10-09T06:50:23.6622178Z e228d522396392808575ab2254c74534c4f70453
2026-10-09T06:50:23.6994459Z ##[group]Run actions/setup-node@v4
2026-10-09T06:50:23.6995768Z with:
2026-10-09T06:50:23.6996664Z   node-version: 22.16.0
2026-10-09T06:50:23.6997645Z   cache: npm
2026-10-09T06:50:23.6998863Z   cache-dependency-path: jobs/G02-gin-rummy/package-lock.json
2026-10-09T06:50:23.7000523Z   always-auth: false
2026-10-09T06:50:23.7001515Z   check-latest: false
2026-10-09T06:50:23.7010410Z   token: ***
2026-10-09T06:50:23.7011324Z env:
2026-10-09T06:50:23.7012363Z   G02_SOURCE_HEAD: e228d522396392808575ab2254c74534c4f70453
2026-10-09T06:50:23.7013679Z ##[endgroup]
2026-10-09T06:50:23.8415235Z Attempting to download 22.16.0...
2026-10-09T06:50:23.8523734Z (node:2283) [DEP0040] DeprecationWarning: The `punycode` module is deprecated. Please use a userland alternative instead.
2026-10-09T06:50:23.8526799Z (Use `node --trace-deprecation ...` to show where the warning was created)
2026-10-09T06:50:24.5244431Z Acquiring 22.16.0 - x64 from https://github.com/actions/node-versions/releases/download/22.16.0-15177438473/node-22.16.0-linux-x64.tar.gz
2026-10-09T06:50:24.9733435Z Extracting ...
2026-10-09T06:50:24.9864653Z [command]/usr/bin/tar xz --strip 1 --warning=no-unknown-keyword --overwrite -C /home/runner/work/_temp/47a104c5-9a5a-481a-aa92-a4ee2b0c6309 -f /home/runner/work/_temp/f2986388-8317-4b56-960e-47c44fde2d4c
2026-10-09T06:50:26.1719906Z Adding to the cache ...
2026-10-09T06:50:28.1258693Z ##[group]Environment details
2026-10-09T06:50:28.3659494Z node: v22.16.0
2026-10-09T06:50:28.3660164Z npm: 10.9.2
2026-10-09T06:50:28.3660484Z yarn: 1.22.22
2026-10-09T06:50:28.3675577Z ##[endgroup]
2026-10-09T06:50:28.3685489Z [command]/opt/hostedtoolcache/node/22.16.0/x64/bin/npm config get cache
2026-10-09T06:50:28.4621059Z /home/runner/.npm
2026-10-09T06:50:28.5789605Z Cache hit for: node-cache-Linux-x64-npm-d48b0073b1be2df746cbb2cab1dca64dc5674a863aed54a4ee7f428aad681317
2026-10-09T06:50:28.5910194Z (node:2283) [DEP0169] DeprecationWarning: `url.parse()` behavior is not standardized and prone to errors that have security implications. Use the WHATWG URL API instead. CVEs are not issued for `url.parse()` vulnerabilities.
2026-10-09T06:50:29.2034034Z Received 12676573 of 12676573 (100.0%), 25.1 MBs/sec
2026-10-09T06:50:29.2034864Z Cache Size: ~12 MB (12676573 B)
2026-10-09T06:50:29.2066309Z [command]/usr/bin/tar -xf /home/runner/work/_temp/3eda5bcd-237a-47cb-81cf-88fb407c3ea7/cache.tzst -P -C /home/runner/work/partybox-game-cores/partybox-game-cores --use-compress-program unzstd
2026-10-09T06:50:29.2307602Z Cache restored successfully
2026-10-09T06:50:29.2318090Z Cache restored from key: node-cache-Linux-x64-npm-d48b0073b1be2df746cbb2cab1dca64dc5674a863aed54a4ee7f428aad681317
2026-10-09T06:50:29.2523728Z ##[group]Run node --input-type=module <<'JS'
2026-10-09T06:50:29.2524169Z [36;1mnode --input-type=module <<'JS'[0m
2026-10-09T06:50:29.2524518Z [36;1mimport assert from 'node:assert/strict';[0m
2026-10-09T06:50:29.2524925Z [36;1mimport {readFile,appendFile} from 'node:fs/promises';[0m
2026-10-09T06:50:29.2525578Z [36;1mimport {createHash} from 'node:crypto';[0m
2026-10-09T06:50:29.2526131Z [36;1mconst request=JSON.parse(await readFile('evidence/audit-20261009/bootstrap-request.json','utf8'));[0m
2026-10-09T06:50:29.2526813Z [36;1massert.equal(request.version,1);assert.equal(typeof request.enabled,'boolean');[0m
2026-10-09T06:50:29.2527264Z [36;1mif(request.enabled){[0m
2026-10-09T06:50:29.2529606Z [36;1m assert(['mandatory one-workflow correction; first capture binding the corrected G02 workflow','verified material Strong Gin-priority repair; first capture for changed game source','verified material Gin draw repair; first capture for changed game source','verified material same-meld finishing knock repair; first capture for changed game source','verified material closed-meld finishing knock repair; first capture for changed game source'].includes(request.reason),'explicit material/protocol bootstrap reason required');[0m
2026-10-09T06:50:29.2531704Z [36;1m const sha=bytes=>createHash('sha256').update(bytes).digest('hex');[0m
2026-10-09T06:50:29.2532213Z [36;1m assert.equal(sha(await readFile('src/core.ts')),request.coreSha256);[0m
2026-10-09T06:50:29.2532726Z [36;1m assert.equal(sha(await readFile('play.html')),request.htmlSha256);[0m
2026-10-09T06:50:29.2533138Z [36;1m}[0m
2026-10-09T06:50:29.2533526Z [36;1mawait appendFile(process.env.GITHUB_OUTPUT,'bootstrap='+String(request.enabled)+'\n');[0m
2026-10-09T06:50:29.2534314Z [36;1mconsole.log(JSON.stringify({nativeBootstrapRequested:request.enabled,samplersExecuted:false,reason:request.reason}));[0m
2026-10-09T06:50:29.2534908Z [36;1mJS[0m
2026-10-09T06:50:29.2802151Z shell: /usr/bin/bash -e {0}
2026-10-09T06:50:29.2802543Z env:
2026-10-09T06:50:29.2802883Z   G02_SOURCE_HEAD: e228d522396392808575ab2254c74534c4f70453
2026-10-09T06:50:29.2803315Z ##[endgroup]
2026-10-09T06:50:29.3197072Z {"nativeBootstrapRequested":false,"samplersExecuted":false,"reason":"verified material closed-meld finishing knock repair; first capture for changed game source"}
2026-10-09T06:50:29.3443551Z Post job cleanup.
2026-10-09T06:50:29.4655618Z (node:2346) [DEP0040] DeprecationWarning: The `punycode` module is deprecated. Please use a userland alternative instead.
2026-10-09T06:50:29.4657197Z (Use `node --trace-deprecation ...` to show where the warning was created)
2026-10-09T06:50:29.4660319Z Cache hit occurred on the primary key node-cache-Linux-x64-npm-d48b0073b1be2df746cbb2cab1dca64dc5674a863aed54a4ee7f428aad681317, not saving cache.
2026-10-09T06:50:29.4817294Z Post job cleanup.
2026-10-09T06:50:29.5764761Z [command]/usr/bin/git version
2026-10-09T06:50:29.5813452Z git version 2.55.0
2026-10-09T06:50:29.5873713Z Temporarily overriding HOME='/home/runner/work/_temp/1b4ecacb-6e19-4603-9311-16a8beebdfcf' before making global git config changes
2026-10-09T06:50:29.5874635Z Adding repository directory to the temporary git global config as a safe directory
2026-10-09T06:50:29.5875502Z [command]/usr/bin/git config --global --add safe.directory /home/runner/work/partybox-game-cores/partybox-game-cores
2026-10-09T06:50:29.5910403Z [command]/usr/bin/git config --local --name-only --get-regexp core\.sshCommand
2026-10-09T06:50:29.5982046Z [command]/usr/bin/git submodule foreach --recursive sh -c "git config --local --name-only --get-regexp 'core\.sshCommand' && git config --local --unset-all 'core.sshCommand' || :"
2026-10-09T06:50:29.6292638Z [command]/usr/bin/git config --local --name-only --get-regexp http\.https\:\/\/github\.com\/\.extraheader
2026-10-09T06:50:29.6321105Z http.https://github.com/.extraheader
2026-10-09T06:50:29.6349674Z [command]/usr/bin/git config --local --unset-all http.https://github.com/.extraheader
2026-10-09T06:50:29.6410614Z [command]/usr/bin/git submodule foreach --recursive sh -c "git config --local --name-only --get-regexp 'http\.https\:\/\/github\.com\/\.extraheader' && git config --local --unset-all 'http.https://github.com/.extraheader' || :"
2026-10-09T06:50:29.6661509Z [command]/usr/bin/git config --local --name-only --get-regexp ^includeIf\.gitdir:
2026-10-09T06:50:29.6700309Z [command]/usr/bin/git submodule foreach --recursive git config --local --show-origin --name-only --get-regexp remote.origin.url
2026-10-09T06:50:29.7093795Z Cleaning up orphan processes
2026-10-09T06:50:29.7387007Z ##[warning]Node.js 20 is deprecated. The following actions target Node.js 20 but are being forced to run on Node.js 24: actions/checkout@v4, actions/setup-node@v4. For more information see: https://github.blog/changelog/2025-09-19-deprecation-of-node-20-on-github-actions-runners/
