2026-10-09T06:50:19.0854810Z Current runner version: '2.337.0'
2026-10-09T06:50:19.0879419Z ##[group]Runner Image Provisioner
2026-10-09T06:50:19.0880361Z Hosted Compute Agent
2026-10-09T06:50:19.0880963Z Version: 20261002.596
2026-10-09T06:50:19.0881617Z Commit: c3d12f3313a95f25162a1503be624f3b0617f8c0
2026-10-09T06:50:19.0882414Z Build Date: 2026-10-02T22:28:27Z
2026-10-09T06:50:19.0883112Z Worker ID: {c354e2ad-d82b-4728-bbf4-78448596c838}
2026-10-09T06:50:19.0884307Z Region: eastus
2026-10-09T06:50:19.0884926Z Cloud: Azure
2026-10-09T06:50:19.0885511Z ##[endgroup]
2026-10-09T06:50:19.0887244Z ##[group]Operating System
2026-10-09T06:50:19.0887896Z Ubuntu
2026-10-09T06:50:19.0888483Z 24.04.5
2026-10-09T06:50:19.0889020Z LTS
2026-10-09T06:50:19.0889572Z ##[endgroup]
2026-10-09T06:50:19.0890180Z ##[group]Runner Image
2026-10-09T06:50:19.0890784Z Image: ubuntu-24.04
2026-10-09T06:50:19.0891338Z Version: 20261004.327.1
2026-10-09T06:50:19.0892675Z Included Software: https://github.com/actions/runner-images/blob/ubuntu24/20261004.327/images/ubuntu/Ubuntu2404-Readme.md
2026-10-09T06:50:19.0894633Z Image Release: https://github.com/actions/runner-images/releases/tag/ubuntu24%2F20261004.327
2026-10-09T06:50:19.0895629Z ##[endgroup]
2026-10-09T06:50:19.0896831Z ##[group]GITHUB_TOKEN Permissions
2026-10-09T06:50:19.0899040Z Contents: read
2026-10-09T06:50:19.0899651Z Metadata: read
2026-10-09T06:50:19.0900411Z ##[endgroup]
2026-10-09T06:50:19.0903453Z Secret source: Actions
2026-10-09T06:50:19.0904719Z Cache mode: write
2026-10-09T06:50:19.0905662Z Prepare workflow directory
2026-10-09T06:50:19.1302471Z Prepare all required actions
2026-10-09T06:50:19.1350843Z Getting action download info
2026-10-09T06:50:19.3578451Z Download action repository 'actions/checkout@v4' (SHA:11d5960a326750d5838078e36cf38b85af677262)
2026-10-09T06:50:19.4841912Z Download action repository 'actions/setup-node@v4' (SHA:49933ea5288caeca8642d1e84afbd3f7d6820020)
2026-10-09T06:50:19.5712657Z Download action repository 'actions/upload-artifact@v4' (SHA:ea165f8d65b6e75b540449e92b4886f43607fa02)
2026-10-09T06:50:19.7768908Z Complete job name: verify
2026-10-09T06:50:19.8558989Z ##[group]Run actions/checkout@v4
2026-10-09T06:50:19.8559884Z with:
2026-10-09T06:50:19.8560374Z   repository: luisitin/partybox-game-cores
2026-10-09T06:50:19.8564287Z   token: ***
2026-10-09T06:50:19.8564734Z   ssh-strict: true
2026-10-09T06:50:19.8565177Z   ssh-user: git
2026-10-09T06:50:19.8565641Z   persist-credentials: true
2026-10-09T06:50:19.8566135Z   clean: true
2026-10-09T06:50:19.8566590Z   sparse-checkout-cone-mode: true
2026-10-09T06:50:19.8567115Z   fetch-depth: 1
2026-10-09T06:50:19.8567545Z   fetch-tags: false
2026-10-09T06:50:19.8567987Z   show-progress: true
2026-10-09T06:50:19.8568449Z   lfs: false
2026-10-09T06:50:19.8568863Z   submodules: false
2026-10-09T06:50:19.8569323Z   set-safe-directory: true
2026-10-09T06:50:19.8569837Z   allow-unsafe-pr-checkout: false
2026-10-09T06:50:19.8570640Z ##[endgroup]
2026-10-09T06:50:19.9586323Z Syncing repository: luisitin/partybox-game-cores
2026-10-09T06:50:19.9588940Z ##[group]Getting Git version info
2026-10-09T06:50:19.9590342Z Working directory is '/home/runner/work/partybox-game-cores/partybox-game-cores'
2026-10-09T06:50:19.9592204Z [command]/usr/bin/git version
2026-10-09T06:50:19.9668446Z git version 2.55.0
2026-10-09T06:50:19.9704623Z ##[endgroup]
2026-10-09T06:50:19.9725898Z Temporarily overriding HOME='/home/runner/work/_temp/2f410b4e-d10a-42b0-8056-645bd19fb004' before making global git config changes
2026-10-09T06:50:19.9728575Z Adding repository directory to the temporary git global config as a safe directory
2026-10-09T06:50:19.9731459Z [command]/usr/bin/git config --global --add safe.directory /home/runner/work/partybox-game-cores/partybox-game-cores
2026-10-09T06:50:19.9781177Z Deleting the contents of '/home/runner/work/partybox-game-cores/partybox-game-cores'
2026-10-09T06:50:19.9786674Z ##[group]Initializing the repository
2026-10-09T06:50:19.9790298Z [command]/usr/bin/git init /home/runner/work/partybox-game-cores/partybox-game-cores
2026-10-09T06:50:19.9897098Z hint: Using 'master' as the name for the initial branch. This default branch name
2026-10-09T06:50:19.9898988Z hint: will change to "main" in Git 3.0. To configure the initial branch name
2026-10-09T06:50:19.9900822Z hint: to use in all of your new repositories, which will suppress this warning,
2026-10-09T06:50:19.9902226Z hint: call:
2026-10-09T06:50:19.9903388Z hint:
2026-10-09T06:50:19.9904829Z hint: 	git config --global init.defaultBranch <name>
2026-10-09T06:50:19.9906034Z hint:
2026-10-09T06:50:19.9907081Z hint: Names commonly chosen instead of 'master' are 'main', 'trunk' and
2026-10-09T06:50:19.9908701Z hint: 'development'. The just-created branch can be renamed via this command:
2026-10-09T06:50:19.9909976Z hint:
2026-10-09T06:50:19.9910748Z hint: 	git branch -m <name>
2026-10-09T06:50:19.9911646Z hint:
2026-10-09T06:50:19.9912841Z hint: Disable this message with "git config set advice.defaultBranchName false"
2026-10-09T06:50:19.9915402Z Initialized empty Git repository in /home/runner/work/partybox-game-cores/partybox-game-cores/.git/
2026-10-09T06:50:19.9918513Z [command]/usr/bin/git remote add origin https://github.com/luisitin/partybox-game-cores
2026-10-09T06:50:19.9965949Z ##[endgroup]
2026-10-09T06:50:19.9967238Z ##[group]Disabling automatic garbage collection
2026-10-09T06:50:19.9974641Z [command]/usr/bin/git config --local gc.auto 0
2026-10-09T06:50:20.0002636Z ##[endgroup]
2026-10-09T06:50:20.0004036Z ##[group]Setting up auth
2026-10-09T06:50:20.0010045Z [command]/usr/bin/git config --local --name-only --get-regexp core\.sshCommand
2026-10-09T06:50:20.0043082Z [command]/usr/bin/git submodule foreach --recursive sh -c "git config --local --name-only --get-regexp 'core\.sshCommand' && git config --local --unset-all 'core.sshCommand' || :"
2026-10-09T06:50:20.0414792Z [command]/usr/bin/git config --local --name-only --get-regexp http\.https\:\/\/github\.com\/\.extraheader
2026-10-09T06:50:20.0454057Z [command]/usr/bin/git submodule foreach --recursive sh -c "git config --local --name-only --get-regexp 'http\.https\:\/\/github\.com\/\.extraheader' && git config --local --unset-all 'http.https://github.com/.extraheader' || :"
2026-10-09T06:50:20.0731287Z [command]/usr/bin/git config --local --name-only --get-regexp ^includeIf\.gitdir:
2026-10-09T06:50:20.0771434Z [command]/usr/bin/git submodule foreach --recursive git config --local --show-origin --name-only --get-regexp remote.origin.url
2026-10-09T06:50:20.1025589Z [command]/usr/bin/git config --local http.https://github.com/.extraheader AUTHORIZATION: basic ***
2026-10-09T06:50:20.1071410Z ##[endgroup]
2026-10-09T06:50:20.1073398Z ##[group]Fetching the repository
2026-10-09T06:50:20.1082962Z [command]/usr/bin/git -c protocol.version=2 fetch --no-tags --prune --no-recurse-submodules --depth=1 origin +e14978321290e69df618928ac3b3daf777ea8035:refs/remotes/pull/12/merge
2026-10-09T06:50:22.7631561Z From https://github.com/luisitin/partybox-game-cores
2026-10-09T06:50:22.7632770Z  * [new ref]         e14978321290e69df618928ac3b3daf777ea8035 -> pull/12/merge
2026-10-09T06:50:22.7649230Z ##[endgroup]
2026-10-09T06:50:22.7650065Z ##[group]Determining the checkout info
2026-10-09T06:50:22.7650948Z ##[endgroup]
2026-10-09T06:50:22.7651496Z [command]/usr/bin/git sparse-checkout disable
2026-10-09T06:50:22.7709103Z [command]/usr/bin/git config --local --unset-all extensions.worktreeConfig
2026-10-09T06:50:22.7743906Z ##[group]Checking out the ref
2026-10-09T06:50:22.7748493Z [command]/usr/bin/git checkout --progress --force refs/remotes/pull/12/merge
2026-10-09T06:50:23.0099169Z Note: switching to 'refs/remotes/pull/12/merge'.
2026-10-09T06:50:23.0100529Z 
2026-10-09T06:50:23.0101722Z You are in 'detached HEAD' state. You can look around, make experimental
2026-10-09T06:50:23.0104015Z changes and commit them, and you can discard any commits you make in this
2026-10-09T06:50:23.0105438Z state without impacting any branches by switching back to a branch.
2026-10-09T06:50:23.0106210Z 
2026-10-09T06:50:23.0106783Z If you want to create a new branch to retain commits you create, you may
2026-10-09T06:50:23.0108437Z do so (now or later) by using -c with the switch command. Example:
2026-10-09T06:50:23.0109229Z 
2026-10-09T06:50:23.0109588Z   git switch -c <new-branch-name>
2026-10-09T06:50:23.0110158Z 
2026-10-09T06:50:23.0110515Z Or undo this operation with:
2026-10-09T06:50:23.0111033Z 
2026-10-09T06:50:23.0111348Z   git switch -
2026-10-09T06:50:23.0111761Z 
2026-10-09T06:50:23.0112470Z Turn off this advice by setting config variable advice.detachedHead to false
2026-10-09T06:50:23.0113505Z 
2026-10-09T06:50:23.0114955Z HEAD is now at e149783 Merge e228d522396392808575ab2254c74534c4f70453 into d5fbb39746f8f7900bee57506e8133e8675f48ed
2026-10-09T06:50:23.0130036Z ##[endgroup]
2026-10-09T06:50:23.0177648Z [command]/usr/bin/git log -1 --format=%H
2026-10-09T06:50:23.0204677Z e14978321290e69df618928ac3b3daf777ea8035
2026-10-09T06:50:23.0648367Z ##[group]Run actions/setup-node@v4
2026-10-09T06:50:23.0649569Z with:
2026-10-09T06:50:23.0650447Z   node-version: 22.16.0
2026-10-09T06:50:23.0651439Z   cache: npm
2026-10-09T06:50:23.0652633Z   cache-dependency-path: jobs/G02-gin-rummy/package-lock.json
2026-10-09T06:50:23.0654349Z   always-auth: false
2026-10-09T06:50:23.0655327Z   check-latest: false
2026-10-09T06:50:23.0663817Z   token: ***
2026-10-09T06:50:23.0664749Z ##[endgroup]
2026-10-09T06:50:23.2069732Z Attempting to download 22.16.0...
2026-10-09T06:50:23.2177866Z (node:2308) [DEP0040] DeprecationWarning: The `punycode` module is deprecated. Please use a userland alternative instead.
2026-10-09T06:50:23.2181202Z (Use `node --trace-deprecation ...` to show where the warning was created)
2026-10-09T06:50:23.7630629Z Acquiring 22.16.0 - x64 from https://github.com/actions/node-versions/releases/download/22.16.0-15177438473/node-22.16.0-linux-x64.tar.gz
2026-10-09T06:50:24.1434388Z Extracting ...
2026-10-09T06:50:24.1549301Z [command]/usr/bin/tar xz --strip 1 --warning=no-unknown-keyword --overwrite -C /home/runner/work/_temp/6eb9dd94-b9bc-471e-8784-6e8326f1350f -f /home/runner/work/_temp/60026e2e-31c9-4d1b-8b8a-26994374d953
2026-10-09T06:50:25.3442580Z Adding to the cache ...
2026-10-09T06:50:27.8430997Z ##[group]Environment details
2026-10-09T06:50:28.8053884Z node: v22.16.0
2026-10-09T06:50:28.8054542Z npm: 10.9.2
2026-10-09T06:50:28.8055058Z yarn: 1.22.22
2026-10-09T06:50:28.8055759Z ##[endgroup]
2026-10-09T06:50:28.8080406Z [command]/opt/hostedtoolcache/node/22.16.0/x64/bin/npm config get cache
2026-10-09T06:50:28.9033965Z /home/runner/.npm
2026-10-09T06:50:29.0424925Z Cache hit for: node-cache-Linux-x64-npm-d48b0073b1be2df746cbb2cab1dca64dc5674a863aed54a4ee7f428aad681317
2026-10-09T06:50:29.0520341Z (node:2308) [DEP0169] DeprecationWarning: `url.parse()` behavior is not standardized and prone to errors that have security implications. Use the WHATWG URL API instead. CVEs are not issued for `url.parse()` vulnerabilities.
2026-10-09T06:50:29.2905489Z Received 12676573 of 12676573 (100.0%), 62.3 MBs/sec
2026-10-09T06:50:29.2906437Z Cache Size: ~12 MB (12676573 B)
2026-10-09T06:50:29.2938154Z [command]/usr/bin/tar -xf /home/runner/work/_temp/931fef5c-5327-4906-ada9-f658a9ff4b46/cache.tzst -P -C /home/runner/work/partybox-game-cores/partybox-game-cores --use-compress-program unzstd
2026-10-09T06:50:29.3175136Z Cache restored successfully
2026-10-09T06:50:29.3185283Z Cache restored from key: node-cache-Linux-x64-npm-d48b0073b1be2df746cbb2cab1dca64dc5674a863aed54a4ee7f428aad681317
2026-10-09T06:50:29.3386887Z ##[group]Run npm ci --ignore-scripts --no-audit --no-fund
2026-10-09T06:50:29.3387420Z [36;1mnpm ci --ignore-scripts --no-audit --no-fund[0m
2026-10-09T06:50:29.3671843Z shell: /usr/bin/bash -e {0}
2026-10-09T06:50:29.3672206Z ##[endgroup]
2026-10-09T06:50:30.3199759Z 
2026-10-09T06:50:30.3205331Z added 6 packages in 895ms
2026-10-09T06:50:30.3687286Z ##[group]Run npx playwright install --with-deps chromium
2026-10-09T06:50:30.3687769Z [36;1mnpx playwright install --with-deps chromium[0m
2026-10-09T06:50:30.3752558Z shell: /usr/bin/bash -e {0}
2026-10-09T06:50:30.3753063Z ##[endgroup]
2026-10-09T06:50:31.2215098Z Installing dependencies...
2026-10-09T06:50:31.2273943Z Switching to root user to install dependencies...
2026-10-09T06:50:31.3091501Z Get:1 file:/etc/apt/apt-mirrors.txt Mirrorlist [144 B]
2026-10-09T06:50:31.3431140Z Hit:2 http://azure.archive.ubuntu.com/ubuntu noble InRelease
2026-10-09T06:50:31.3450485Z Get:3 http://azure.archive.ubuntu.com/ubuntu noble-updates InRelease [126 kB]
2026-10-09T06:50:31.3477451Z Get:6 https://packages.microsoft.com/ubuntu/24.04/prod noble InRelease [3600 B]
2026-10-09T06:50:31.3503184Z Get:4 http://azure.archive.ubuntu.com/ubuntu noble-backports InRelease [126 kB]
2026-10-09T06:50:31.3535241Z Get:5 http://azure.archive.ubuntu.com/ubuntu noble-security InRelease [126 kB]
2026-10-09T06:50:31.4768778Z Get:7 http://azure.archive.ubuntu.com/ubuntu noble-updates/main amd64 Packages [1375 kB]
2026-10-09T06:50:31.4935481Z Get:8 http://azure.archive.ubuntu.com/ubuntu noble-updates/main Translation-en [306 kB]
2026-10-09T06:50:31.4965729Z Get:9 http://azure.archive.ubuntu.com/ubuntu noble-updates/universe amd64 Packages [1702 kB]
2026-10-09T06:50:31.5053554Z Get:10 http://azure.archive.ubuntu.com/ubuntu noble-updates/universe Translation-en [342 kB]
2026-10-09T06:50:31.5066068Z Get:11 http://azure.archive.ubuntu.com/ubuntu noble-updates/restricted amd64 Packages [1761 kB]
2026-10-09T06:50:31.5163164Z Get:12 http://azure.archive.ubuntu.com/ubuntu noble-updates/restricted Translation-en [401 kB]
2026-10-09T06:50:31.5196319Z Get:13 http://azure.archive.ubuntu.com/ubuntu noble-updates/multiverse amd64 Packages [55.0 kB]
2026-10-09T06:50:31.5217747Z Get:14 http://azure.archive.ubuntu.com/ubuntu noble-updates/multiverse Translation-en [14.3 kB]
2026-10-09T06:50:31.5337549Z Get:15 https://packages.microsoft.com/ubuntu/24.04/prod noble/main amd64 Packages [531 kB]
2026-10-09T06:50:31.5547879Z Get:16 https://packages.microsoft.com/ubuntu/24.04/prod noble/main arm64 Packages [475 kB]
2026-10-09T06:50:31.5638044Z Get:17 https://packages.microsoft.com/ubuntu/24.04/prod noble/main all Packages [640 B]
2026-10-09T06:50:31.5832284Z Get:18 https://packages.microsoft.com/ubuntu/24.04/prod noble/main armhf Packages [12.3 kB]
2026-10-09T06:50:31.6392324Z Get:19 http://azure.archive.ubuntu.com/ubuntu noble-security/main amd64 Packages [1118 kB]
2026-10-09T06:50:31.6453968Z Get:20 http://azure.archive.ubuntu.com/ubuntu noble-security/main Translation-en [228 kB]
2026-10-09T06:50:31.6923539Z Get:21 http://azure.archive.ubuntu.com/ubuntu noble-security/universe amd64 Packages [1220 kB]
2026-10-09T06:50:31.6984932Z Get:22 http://azure.archive.ubuntu.com/ubuntu noble-security/universe Translation-en [245 kB]
2026-10-09T06:50:31.7005933Z Get:23 http://azure.archive.ubuntu.com/ubuntu noble-security/restricted amd64 Packages [1667 kB]
2026-10-09T06:50:31.7085355Z Get:24 http://azure.archive.ubuntu.com/ubuntu noble-security/restricted Translation-en [383 kB]
2026-10-09T06:50:31.7113554Z Get:25 http://azure.archive.ubuntu.com/ubuntu noble-security/multiverse amd64 Packages [49.8 kB]
2026-10-09T06:50:31.7127754Z Get:26 http://azure.archive.ubuntu.com/ubuntu noble-security/multiverse Translation-en [12.4 kB]
2026-10-09T06:50:34.6590533Z Fetched 12.3 MB in 1s (9845 kB/s)
2026-10-09T06:50:35.5157407Z Reading package lists...
2026-10-09T06:50:35.5392421Z Reading package lists...
2026-10-09T06:50:35.7267327Z Building dependency tree...
2026-10-09T06:50:35.7274470Z Reading state information...
2026-10-09T06:50:35.8613563Z libasound2t64 is already the newest version (1.2.11-1ubuntu0.3).
2026-10-09T06:50:35.8614743Z libasound2t64 set to manually installed.
2026-10-09T06:50:35.8615363Z libatk-bridge2.0-0t64 is already the newest version (2.52.0-1build1).
2026-10-09T06:50:35.8615985Z libatk-bridge2.0-0t64 set to manually installed.
2026-10-09T06:50:35.8617127Z libatk1.0-0t64 is already the newest version (2.52.0-1build1).
2026-10-09T06:50:35.8617942Z libatk1.0-0t64 set to manually installed.
2026-10-09T06:50:35.8618826Z libatspi2.0-0t64 is already the newest version (2.52.0-1build1).
2026-10-09T06:50:35.8620066Z libatspi2.0-0t64 set to manually installed.
2026-10-09T06:50:35.8621260Z libcairo2 is already the newest version (1.18.0-3build1).
2026-10-09T06:50:35.8622130Z libcairo2 set to manually installed.
2026-10-09T06:50:35.8623235Z libcups2t64 is already the newest version (2.4.7-1.2ubuntu7.14).
2026-10-09T06:50:35.8624512Z libcups2t64 set to manually installed.
2026-10-09T06:50:35.8625350Z libdbus-1-3 is already the newest version (1.14.10-4ubuntu4.1).
2026-10-09T06:50:35.8626127Z libdbus-1-3 set to manually installed.
2026-10-09T06:50:35.8626638Z libdrm2 is already the newest version (2.4.125-1ubuntu0.1~24.04.2).
2026-10-09T06:50:35.8627110Z libdrm2 set to manually installed.
2026-10-09T06:50:35.8627588Z libgbm1 is already the newest version (25.2.8-0ubuntu0.24.04.4).
2026-10-09T06:50:35.8628040Z libgbm1 set to manually installed.
2026-10-09T06:50:35.8628511Z libglib2.0-0t64 is already the newest version (2.80.0-6ubuntu3.9).
2026-10-09T06:50:35.8628992Z libglib2.0-0t64 set to manually installed.
2026-10-09T06:50:35.8629485Z libnspr4 is already the newest version (2:4.35-1.1build1).
2026-10-09T06:50:35.8630010Z libnspr4 set to manually installed.
2026-10-09T06:50:35.8630725Z libnss3 is already the newest version (2:3.98-1ubuntu0.2).
2026-10-09T06:50:35.8631461Z libnss3 set to manually installed.
2026-10-09T06:50:35.8632277Z libpango-1.0-0 is already the newest version (1.52.1+ds-1build1).
2026-10-09T06:50:35.8633254Z libpango-1.0-0 set to manually installed.
2026-10-09T06:50:35.8634425Z libx11-6 is already the newest version (2:1.8.7-1build1).
2026-10-09T06:50:35.8635178Z libx11-6 set to manually installed.
2026-10-09T06:50:35.8635894Z libxcb1 is already the newest version (1.15-1ubuntu2).
2026-10-09T06:50:35.8636597Z libxcb1 set to manually installed.
2026-10-09T06:50:35.8637408Z libxcomposite1 is already the newest version (1:0.4.5-1build3).
2026-10-09T06:50:35.8638189Z libxcomposite1 set to manually installed.
2026-10-09T06:50:35.8638973Z libxdamage1 is already the newest version (1:1.1.6-1build1).
2026-10-09T06:50:35.8639759Z libxdamage1 set to manually installed.
2026-10-09T06:50:35.8640490Z libxext6 is already the newest version (2:1.3.4-1build2).
2026-10-09T06:50:35.8641184Z libxext6 set to manually installed.
2026-10-09T06:50:35.8641920Z libxfixes3 is already the newest version (1:6.0.0-2build1).
2026-10-09T06:50:35.8642641Z libxfixes3 set to manually installed.
2026-10-09T06:50:35.8643421Z libxkbcommon0 is already the newest version (1.6.0-1build1).
2026-10-09T06:50:35.8644443Z libxkbcommon0 set to manually installed.
2026-10-09T06:50:35.8645223Z libxrandr2 is already the newest version (2:1.5.2-2build1).
2026-10-09T06:50:35.8645946Z libxrandr2 set to manually installed.
2026-10-09T06:50:35.8646695Z xvfb is already the newest version (2:21.1.12-1ubuntu1.8).
2026-10-09T06:50:35.8647743Z fonts-noto-color-emoji is already the newest version (2.047-0ubuntu0.24.04.1).
2026-10-09T06:50:35.8648825Z libfontconfig1 is already the newest version (2.15.0-1.1ubuntu2).
2026-10-09T06:50:35.8649777Z libfontconfig1 set to manually installed.
2026-10-09T06:50:35.8650578Z fonts-liberation is already the newest version (1:2.1.5-3).
2026-10-09T06:50:35.8651338Z fonts-liberation set to manually installed.
2026-10-09T06:50:35.8652112Z The following additional packages will be installed:
2026-10-09T06:50:35.8652780Z   xfonts-encodings xfonts-utils
2026-10-09T06:50:35.8653309Z Recommended packages:
2026-10-09T06:50:35.8654093Z   fonts-ipafont-mincho fonts-tlwg-loma
2026-10-09T06:50:35.8802190Z The following NEW packages will be installed:
2026-10-09T06:50:35.8802757Z   fonts-freefont-ttf fonts-ipafont-gothic fonts-tlwg-loma-otf fonts-unifont
2026-10-09T06:50:35.8807948Z   fonts-wqy-zenhei xfonts-cyrillic xfonts-encodings xfonts-scalable
2026-10-09T06:50:35.8808742Z   xfonts-utils
2026-10-09T06:50:35.8812133Z The following packages will be upgraded:
2026-10-09T06:50:35.8816843Z   libfreetype6
2026-10-09T06:50:35.8975448Z 1 upgraded, 9 newly installed, 0 to remove and 22 not upgraded.
2026-10-09T06:50:35.8976159Z Need to get 21.5 MB of archives.
2026-10-09T06:50:35.8976719Z After this operation, 79.5 MB of additional disk space will be used.
2026-10-09T06:50:35.8977639Z Get:1 file:/etc/apt/apt-mirrors.txt Mirrorlist [144 B]
2026-10-09T06:50:35.9413963Z Get:2 http://azure.archive.ubuntu.com/ubuntu noble/universe amd64 fonts-ipafont-gothic all 00303-21ubuntu1 [3513 kB]
2026-10-09T06:50:36.0708519Z Get:3 http://azure.archive.ubuntu.com/ubuntu noble/main amd64 fonts-freefont-ttf all 20211204+svn4273-2 [5641 kB]
2026-10-09T06:50:36.1343299Z Get:4 http://azure.archive.ubuntu.com/ubuntu noble/universe amd64 fonts-tlwg-loma-otf all 1:0.7.3-1 [107 kB]
2026-10-09T06:50:36.1495834Z Get:5 http://azure.archive.ubuntu.com/ubuntu noble/universe amd64 fonts-unifont all 1:15.1.01-1build1 [2993 kB]
2026-10-09T06:50:36.1804289Z Get:6 http://azure.archive.ubuntu.com/ubuntu noble/universe amd64 fonts-wqy-zenhei all 0.9.45-8 [7472 kB]
2026-10-09T06:50:36.2384203Z Get:7 http://azure.archive.ubuntu.com/ubuntu noble-updates/main amd64 libfreetype6 amd64 2.13.2+dfsg-1ubuntu0.2 [403 kB]
2026-10-09T06:50:36.2557951Z Get:8 http://azure.archive.ubuntu.com/ubuntu noble/main amd64 xfonts-encodings all 1:1.0.5-0ubuntu2 [578 kB]
2026-10-09T06:50:36.2737163Z Get:9 http://azure.archive.ubuntu.com/ubuntu noble/main amd64 xfonts-utils amd64 1:7.7+6build3 [94.4 kB]
2026-10-09T06:50:36.2887739Z Get:10 http://azure.archive.ubuntu.com/ubuntu noble/universe amd64 xfonts-cyrillic all 1:1.0.5+nmu1 [384 kB]
2026-10-09T06:50:36.3055733Z Get:11 http://azure.archive.ubuntu.com/ubuntu noble/main amd64 xfonts-scalable all 1:1.0.3-1.3 [304 kB]
2026-10-09T06:50:36.5546459Z Fetched 21.5 MB in 0s (51.2 MB/s)
2026-10-09T06:50:36.5787177Z Selecting previously unselected package fonts-ipafont-gothic.
2026-10-09T06:50:36.6094037Z (Reading database ... 
2026-10-09T06:50:36.6094917Z (Reading database ... 5%
2026-10-09T06:50:36.6095614Z (Reading database ... 10%
2026-10-09T06:50:36.6096080Z (Reading database ... 15%
2026-10-09T06:50:36.6096384Z (Reading database ... 20%
2026-10-09T06:50:36.6096873Z (Reading database ... 25%
2026-10-09T06:50:36.6097354Z (Reading database ... 30%
2026-10-09T06:50:36.6097809Z (Reading database ... 35%
2026-10-09T06:50:36.6098204Z (Reading database ... 40%
2026-10-09T06:50:36.6098504Z (Reading database ... 45%
2026-10-09T06:50:36.6098801Z (Reading database ... 50%
2026-10-09T06:50:36.6143022Z (Reading database ... 55%
2026-10-09T06:50:36.7234775Z (Reading database ... 60%
2026-10-09T06:50:36.9306542Z (Reading database ... 65%
2026-10-09T06:50:37.1401822Z (Reading database ... 70%
2026-10-09T06:50:37.2885237Z (Reading database ... 75%
2026-10-09T06:50:37.4356632Z (Reading database ... 80%
2026-10-09T06:50:37.6771431Z (Reading database ... 85%
2026-10-09T06:50:37.8849819Z (Reading database ... 90%
2026-10-09T06:50:38.0480572Z (Reading database ... 95%
2026-10-09T06:50:38.0481038Z (Reading database ... 100%
2026-10-09T06:50:38.0481661Z (Reading database ... 203191 files and directories currently installed.)
2026-10-09T06:50:38.0523983Z Preparing to unpack .../0-fonts-ipafont-gothic_00303-21ubuntu1_all.deb ...
2026-10-09T06:50:38.0612187Z Unpacking fonts-ipafont-gothic (00303-21ubuntu1) ...
2026-10-09T06:50:38.2913230Z Selecting previously unselected package fonts-freefont-ttf.
2026-10-09T06:50:38.3036317Z Preparing to unpack .../1-fonts-freefont-ttf_20211204+svn4273-2_all.deb ...
2026-10-09T06:50:38.3056559Z Unpacking fonts-freefont-ttf (20211204+svn4273-2) ...
2026-10-09T06:50:38.3799439Z Selecting previously unselected package fonts-tlwg-loma-otf.
2026-10-09T06:50:38.3922362Z Preparing to unpack .../2-fonts-tlwg-loma-otf_1%3a0.7.3-1_all.deb ...
2026-10-09T06:50:38.3929301Z Unpacking fonts-tlwg-loma-otf (1:0.7.3-1) ...
2026-10-09T06:50:38.4125293Z Selecting previously unselected package fonts-unifont.
2026-10-09T06:50:38.4247357Z Preparing to unpack .../3-fonts-unifont_1%3a15.1.01-1build1_all.deb ...
2026-10-09T06:50:38.4255759Z Unpacking fonts-unifont (1:15.1.01-1build1) ...
2026-10-09T06:50:38.5277694Z Selecting previously unselected package fonts-wqy-zenhei.
2026-10-09T06:50:38.5401405Z Preparing to unpack .../4-fonts-wqy-zenhei_0.9.45-8_all.deb ...
2026-10-09T06:50:38.5500419Z Unpacking fonts-wqy-zenhei (0.9.45-8) ...
2026-10-09T06:50:39.0405573Z Preparing to unpack .../5-libfreetype6_2.13.2+dfsg-1ubuntu0.2_amd64.deb ...
2026-10-09T06:50:39.0435450Z Unpacking libfreetype6:amd64 (2.13.2+dfsg-1ubuntu0.2) over (2.13.2+dfsg-1ubuntu0.1) ...
2026-10-09T06:50:39.0669672Z Selecting previously unselected package xfonts-encodings.
2026-10-09T06:50:39.0797579Z Preparing to unpack .../6-xfonts-encodings_1%3a1.0.5-0ubuntu2_all.deb ...
2026-10-09T06:50:39.0816460Z Unpacking xfonts-encodings (1:1.0.5-0ubuntu2) ...
2026-10-09T06:50:39.1087138Z Selecting previously unselected package xfonts-utils.
2026-10-09T06:50:39.1217365Z Preparing to unpack .../7-xfonts-utils_1%3a7.7+6build3_amd64.deb ...
2026-10-09T06:50:39.1224005Z Unpacking xfonts-utils (1:7.7+6build3) ...
2026-10-09T06:50:39.1550677Z Selecting previously unselected package xfonts-cyrillic.
2026-10-09T06:50:39.1671864Z Preparing to unpack .../8-xfonts-cyrillic_1%3a1.0.5+nmu1_all.deb ...
2026-10-09T06:50:39.1678054Z Unpacking xfonts-cyrillic (1:1.0.5+nmu1) ...
2026-10-09T06:50:39.2013972Z Selecting previously unselected package xfonts-scalable.
2026-10-09T06:50:39.2134738Z Preparing to unpack .../9-xfonts-scalable_1%3a1.0.3-1.3_all.deb ...
2026-10-09T06:50:39.2141979Z Unpacking xfonts-scalable (1:1.0.3-1.3) ...
2026-10-09T06:50:39.2534966Z Setting up fonts-wqy-zenhei (0.9.45-8) ...
2026-10-09T06:50:39.2646253Z Setting up fonts-freefont-ttf (20211204+svn4273-2) ...
2026-10-09T06:50:39.2663003Z Setting up fonts-tlwg-loma-otf (1:0.7.3-1) ...
2026-10-09T06:50:39.2683440Z Setting up libfreetype6:amd64 (2.13.2+dfsg-1ubuntu0.2) ...
2026-10-09T06:50:39.2702599Z Setting up xfonts-encodings (1:1.0.5-0ubuntu2) ...
2026-10-09T06:50:39.2718931Z Setting up fonts-ipafont-gothic (00303-21ubuntu1) ...
2026-10-09T06:50:39.2781251Z update-alternatives: using /usr/share/fonts/opentype/ipafont-gothic/ipag.ttf to provide /usr/share/fonts/truetype/fonts-japanese-gothic.ttf (fonts-japanese-gothic.ttf) in auto mode
2026-10-09T06:50:39.2794835Z Setting up fonts-unifont (1:15.1.01-1build1) ...
2026-10-09T06:50:39.2811287Z Setting up xfonts-utils (1:7.7+6build3) ...
2026-10-09T06:50:39.2848748Z Setting up xfonts-cyrillic (1:1.0.5+nmu1) ...
2026-10-09T06:50:39.3119871Z Setting up xfonts-scalable (1:1.0.3-1.3) ...
2026-10-09T06:50:39.3496282Z Processing triggers for libc-bin (2.39-0ubuntu8.9) ...
2026-10-09T06:50:39.3851237Z Processing triggers for man-db (2.12.0-4build2) ...
2026-10-09T06:50:39.3872036Z Not building database; man-db/auto-update is not 'true'.
2026-10-09T06:50:39.3885063Z Processing triggers for fontconfig (2.15.0-1.1ubuntu2) ...
2026-10-09T06:50:40.1006986Z 
2026-10-09T06:50:40.1007910Z Running kernel seems to be up-to-date.
2026-10-09T06:50:40.1008264Z 
2026-10-09T06:50:40.1008427Z Restarting services...
2026-10-09T06:50:40.1085017Z  systemctl restart php8.3-fpm.service
2026-10-09T06:50:40.2117542Z 
2026-10-09T06:50:40.2119084Z No containers need to be restarted.
2026-10-09T06:50:40.2119465Z 
2026-10-09T06:50:40.2124815Z No user sessions are running outdated binaries.
2026-10-09T06:50:40.2125319Z 
2026-10-09T06:50:40.2125979Z No VM guests are running outdated hypervisor (qemu) binaries on this host.
2026-10-09T06:50:41.0944603Z Downloading Chromium 141.0.7390.37 (playwright build v1194) from https://cdn.playwright.dev/dbazure/download/playwright/builds/chromium/1194/chromium-linux.zip
2026-10-09T06:50:41.3459150Z |                                                                                |   0% of 173.9 MiB
2026-10-09T06:50:41.4809710Z |■■■■■■■■                                                                        |  10% of 173.9 MiB
2026-10-09T06:50:41.5595443Z |■■■■■■■■■■■■■■■■                                                                |  20% of 173.9 MiB
2026-10-09T06:50:41.6340585Z |■■■■■■■■■■■■■■■■■■■■■■■■                                                        |  30% of 173.9 MiB
2026-10-09T06:50:41.6982246Z |■■■■■■■■■■■■■■■■■■■■■■■■■■■■■■■■                                                |  40% of 173.9 MiB
2026-10-09T06:50:41.7602029Z |■■■■■■■■■■■■■■■■■■■■■■■■■■■■■■■■■■■■■■■■                                        |  50% of 173.9 MiB
2026-10-09T06:50:41.8171957Z |■■■■■■■■■■■■■■■■■■■■■■■■■■■■■■■■■■■■■■■■■■■■■■■■                                |  60% of 173.9 MiB
2026-10-09T06:50:41.8956707Z |■■■■■■■■■■■■■■■■■■■■■■■■■■■■■■■■■■■■■■■■■■■■■■■■■■■■■■■■                        |  70% of 173.9 MiB
2026-10-09T06:50:41.9755979Z |■■■■■■■■■■■■■■■■■■■■■■■■■■■■■■■■■■■■■■■■■■■■■■■■■■■■■■■■■■■■■■■■                |  80% of 173.9 MiB
2026-10-09T06:50:42.0320874Z |■■■■■■■■■■■■■■■■■■■■■■■■■■■■■■■■■■■■■■■■■■■■■■■■■■■■■■■■■■■■■■■■■■■■■■■■        |  90% of 173.9 MiB
2026-10-09T06:50:42.0905144Z |■■■■■■■■■■■■■■■■■■■■■■■■■■■■■■■■■■■■■■■■■■■■■■■■■■■■■■■■■■■■■■■■■■■■■■■■■■■■■■■■| 100% of 173.9 MiB
2026-10-09T06:50:45.8928807Z Chromium 141.0.7390.37 (playwright build v1194) downloaded to /home/runner/.cache/ms-playwright/chromium-1194
2026-10-09T06:50:45.8932048Z Downloading FFMPEG playwright build v1011 from https://cdn.playwright.dev/dbazure/download/playwright/builds/ffmpeg/1011/ffmpeg-linux.zip
2026-10-09T06:50:46.0483499Z |                                                                                |   0% of 2.3 MiB
2026-10-09T06:50:46.0537605Z |■■■■■■■■                                                                        |  10% of 2.3 MiB
2026-10-09T06:50:46.0582355Z |■■■■■■■■■■■■■■■■                                                                |  20% of 2.3 MiB
2026-10-09T06:50:46.0614849Z |■■■■■■■■■■■■■■■■■■■■■■■■                                                        |  30% of 2.3 MiB
2026-10-09T06:50:46.0643377Z |■■■■■■■■■■■■■■■■■■■■■■■■■■■■■■■■                                                |  40% of 2.3 MiB
2026-10-09T06:50:46.0665506Z |■■■■■■■■■■■■■■■■■■■■■■■■■■■■■■■■■■■■■■■■                                        |  50% of 2.3 MiB
2026-10-09T06:50:46.0683565Z |■■■■■■■■■■■■■■■■■■■■■■■■■■■■■■■■■■■■■■■■■■■■■■■■                                |  60% of 2.3 MiB
2026-10-09T06:50:46.0710918Z |■■■■■■■■■■■■■■■■■■■■■■■■■■■■■■■■■■■■■■■■■■■■■■■■■■■■■■■■                        |  70% of 2.3 MiB
2026-10-09T06:50:46.0726432Z |■■■■■■■■■■■■■■■■■■■■■■■■■■■■■■■■■■■■■■■■■■■■■■■■■■■■■■■■■■■■■■■■                |  80% of 2.3 MiB
2026-10-09T06:50:46.0744820Z |■■■■■■■■■■■■■■■■■■■■■■■■■■■■■■■■■■■■■■■■■■■■■■■■■■■■■■■■■■■■■■■■■■■■■■■■        |  90% of 2.3 MiB
2026-10-09T06:50:46.0760304Z |■■■■■■■■■■■■■■■■■■■■■■■■■■■■■■■■■■■■■■■■■■■■■■■■■■■■■■■■■■■■■■■■■■■■■■■■■■■■■■■■| 100% of 2.3 MiB
2026-10-09T06:50:46.1361474Z FFMPEG playwright build v1011 downloaded to /home/runner/.cache/ms-playwright/ffmpeg-1011
2026-10-09T06:50:46.1366024Z Downloading Chromium Headless Shell 141.0.7390.37 (playwright build v1194) from https://cdn.playwright.dev/dbazure/download/playwright/builds/chromium/1194/chromium-headless-shell-linux.zip
2026-10-09T06:50:46.2809918Z |                                                                                |   0% of 104.3 MiB
2026-10-09T06:50:46.3758574Z |■■■■■■■■                                                                        |  10% of 104.3 MiB
2026-10-09T06:50:46.4465794Z |■■■■■■■■■■■■■■■■                                                                |  20% of 104.3 MiB
2026-10-09T06:50:46.5039976Z |■■■■■■■■■■■■■■■■■■■■■■■■                                                        |  30% of 104.3 MiB
2026-10-09T06:50:46.5575589Z |■■■■■■■■■■■■■■■■■■■■■■■■■■■■■■■■                                                |  40% of 104.3 MiB
2026-10-09T06:50:46.6121412Z |■■■■■■■■■■■■■■■■■■■■■■■■■■■■■■■■■■■■■■■■                                        |  50% of 104.3 MiB
2026-10-09T06:50:46.6644018Z |■■■■■■■■■■■■■■■■■■■■■■■■■■■■■■■■■■■■■■■■■■■■■■■■                                |  60% of 104.3 MiB
2026-10-09T06:50:46.7108391Z |■■■■■■■■■■■■■■■■■■■■■■■■■■■■■■■■■■■■■■■■■■■■■■■■■■■■■■■■                        |  70% of 104.3 MiB
2026-10-09T06:50:46.7545635Z |■■■■■■■■■■■■■■■■■■■■■■■■■■■■■■■■■■■■■■■■■■■■■■■■■■■■■■■■■■■■■■■■                |  80% of 104.3 MiB
2026-10-09T06:50:46.8011218Z |■■■■■■■■■■■■■■■■■■■■■■■■■■■■■■■■■■■■■■■■■■■■■■■■■■■■■■■■■■■■■■■■■■■■■■■■        |  90% of 104.3 MiB
2026-10-09T06:50:46.8439300Z |■■■■■■■■■■■■■■■■■■■■■■■■■■■■■■■■■■■■■■■■■■■■■■■■■■■■■■■■■■■■■■■■■■■■■■■■■■■■■■■■| 100% of 104.3 MiB
2026-10-09T06:50:48.8252666Z Chromium Headless Shell 141.0.7390.37 (playwright build v1194) downloaded to /home/runner/.cache/ms-playwright/chromium_headless_shell-1194
2026-10-09T06:50:48.9145446Z ##[group]Run npm test
2026-10-09T06:50:48.9145739Z [36;1mnpm test[0m
2026-10-09T06:50:48.9208914Z shell: /usr/bin/bash -e {0}
2026-10-09T06:50:48.9209191Z ##[endgroup]
2026-10-09T06:50:49.0191615Z 
2026-10-09T06:50:49.0192319Z > partybox-g02-gin-rummy@1.2.1 test
2026-10-09T06:50:49.0194304Z > npm run build && node --test tests/*.test.mjs && node scripts/league.mjs && node scripts/mutations.mjs && node scripts/browser-check.mjs && node scripts/capture.mjs ci-current --public-history --ci-output && node scripts/integrity.mjs
2026-10-09T06:50:49.0195872Z 
2026-10-09T06:50:49.1196862Z 
2026-10-09T06:50:49.1197381Z > partybox-g02-gin-rummy@1.2.1 build
2026-10-09T06:50:49.1197919Z > tsc --noEmit && node scripts/build.mjs
2026-10-09T06:50:49.1198196Z 
2026-10-09T06:50:51.1735230Z TAP version 13
2026-10-09T06:50:51.3468315Z # {"suite":"all-phases","phases":6,"cases":408}
2026-10-09T06:50:51.3521943Z # Subtest: every event family, roster id and bot skill in every delivered phase
2026-10-09T06:50:51.3564724Z ok 1 - every event family, roster id and bot skill in every delivered phase
2026-10-09T06:50:51.3624453Z   ---
2026-10-09T06:50:51.3626052Z   duration_ms: 58.325483
2026-10-09T06:50:51.3628884Z   type: 'test'
2026-10-09T06:50:51.3629459Z   ...
2026-10-09T06:50:51.3630513Z # Subtest: registered prototype-looking ids remain valid players and finite result keys
2026-10-09T06:50:51.3632013Z ok 2 - registered prototype-looking ids remain valid players and finite result keys
2026-10-09T06:50:51.3632965Z   ---
2026-10-09T06:50:51.3633520Z   duration_ms: 2.540877
2026-10-09T06:50:51.3634994Z   type: 'test'
2026-10-09T06:50:51.3635526Z   ...
2026-10-09T06:50:55.4800738Z # {"suite":"batch-discard-proof","hands":1000,"outcomes":10500,"exactLayouts":true}
2026-10-09T06:50:55.4837262Z # Subtest: 10500 batch outcomes retain exact standalone layouts and independent minima
2026-10-09T06:50:55.4841192Z ok 3 - 10500 batch outcomes retain exact standalone layouts and independent minima
2026-10-09T06:50:55.4842284Z   ---
2026-10-09T06:50:55.4842844Z   duration_ms: 4196.102685
2026-10-09T06:50:55.4843417Z   type: 'test'
2026-10-09T06:50:55.4845636Z   ...
2026-10-09T06:51:03.4155711Z # {"suite":"boundary-fuzz","seed":912701,"invalidInputs":1000,"phases":6,"rejectedInputs":6000,"metadataChecks":282,"viewChecks":66}
2026-10-09T06:51:03.4188295Z # Subtest: 1000 seeded invalid JSON inputs and malformed event/identity metadata in every phase
2026-10-09T06:51:03.4190234Z ok 4 - 1000 seeded invalid JSON inputs and malformed event/identity metadata in every phase
2026-10-09T06:51:03.4191351Z   ---
2026-10-09T06:51:03.4192091Z   duration_ms: 52.513752
2026-10-09T06:51:03.4192814Z   type: 'test'
2026-10-09T06:51:03.4193467Z   ...
2026-10-09T06:51:03.4195757Z # {"suite":"mixed-event-replay","phaseStarts":6,"seedsPerPhase":100,"transitions":48000,"changed":12742,"eventFamilies":["input","player","speech","speechStart","timer","vip"]}
2026-10-09T06:51:03.4198059Z # Subtest: mixed event families replay through JSON after every transition from every phase
2026-10-09T06:51:03.4199745Z ok 5 - mixed event families replay through JSON after every transition from every phase
2026-10-09T06:51:03.4200837Z   ---
2026-10-09T06:51:03.4201475Z   duration_ms: 12093.966389
2026-10-09T06:51:03.4202208Z   type: 'test'
2026-10-09T06:51:03.4202836Z   ...
2026-10-09T06:51:03.4310617Z # Subtest: branching target ends retain exact minima, legal chains, layouts and all cards
2026-10-09T06:51:03.4325142Z ok 6 - branching target ends retain exact minima, legal chains, layouts and all cards
2026-10-09T06:51:03.4350868Z   ---
2026-10-09T06:51:03.4384226Z   duration_ms: 38.928815
2026-10-09T06:51:03.4400940Z   type: 'test'
2026-10-09T06:51:03.4401814Z   ...
2026-10-09T06:51:03.4403022Z # Subtest: current source-bound raw proof passes without discarding its largest interval
2026-10-09T06:51:03.4404654Z ok 7 - current source-bound raw proof passes without discarding its largest interval
2026-10-09T06:51:03.4405658Z   ---
2026-10-09T06:51:03.4406758Z   duration_ms: 3.421082
2026-10-09T06:51:03.4407446Z   type: 'test'
2026-10-09T06:51:03.4408020Z   ...
2026-10-09T06:51:03.4409078Z # Subtest: a refreshed inventory cannot accept stale browser or recording source hashes
2026-10-09T06:51:03.4410602Z ok 8 - a refreshed inventory cannot accept stale browser or recording source hashes
2026-10-09T06:51:03.4411573Z   ---
2026-10-09T06:51:03.4412147Z   duration_ms: 16.185388
2026-10-09T06:51:03.4412798Z   type: 'test'
2026-10-09T06:51:03.4413348Z   ...
2026-10-09T06:51:03.4414470Z # Subtest: changed end guards and failed snapshots are rejected
2026-10-09T06:51:03.4415614Z ok 9 - changed end guards and failed snapshots are rejected
2026-10-09T06:51:03.4416440Z   ---
2026-10-09T06:51:03.4417018Z   duration_ms: 12.400617
2026-10-09T06:51:03.4417650Z   type: 'test'
2026-10-09T06:51:03.4418220Z   ...
2026-10-09T06:51:03.4419297Z # Subtest: missing, altered and invalid raw intervals cannot be hidden by good summary fields
2026-10-09T06:51:03.4420861Z ok 10 - missing, altered and invalid raw intervals cannot be hidden by good summary fields
2026-10-09T06:51:03.4421874Z   ---
2026-10-09T06:51:03.4422442Z   duration_ms: 13.570203
2026-10-09T06:51:03.4423083Z   type: 'test'
2026-10-09T06:51:03.4423946Z   ...
2026-10-09T06:51:03.4424905Z # Subtest: reported statistics are recomputed from all retained intervals
2026-10-09T06:51:03.4426217Z ok 11 - reported statistics are recomputed from all retained intervals
2026-10-09T06:51:03.4427103Z   ---
2026-10-09T06:51:03.4427659Z   duration_ms: 17.36348
2026-10-09T06:51:03.4428281Z   type: 'test'
2026-10-09T06:51:03.4428828Z   ...
2026-10-09T06:51:03.4430175Z # Subtest: an honestly recomputed slow raw sample still fails the original frame gate
2026-10-09T06:51:03.4431595Z ok 12 - an honestly recomputed slow raw sample still fails the original frame gate
2026-10-09T06:51:03.4432553Z   ---
2026-10-09T06:51:03.4433101Z   duration_ms: 4.544701
2026-10-09T06:51:03.4433972Z   type: 'test'
2026-10-09T06:51:03.4434482Z   ...
2026-10-09T06:51:03.4435406Z # Subtest: profile dimensions, CPU rates and encoder separation must remain truthful
2026-10-09T06:51:03.4436743Z ok 13 - profile dimensions, CPU rates and encoder separation must remain truthful
2026-10-09T06:51:03.4437585Z   ---
2026-10-09T06:51:03.4438062Z   duration_ms: 11.986975
2026-10-09T06:51:03.4438580Z   type: 'test'
2026-10-09T06:51:03.4439052Z   ...
2026-10-09T06:51:03.4439827Z # Subtest: changed, oversized and falsely labeled recordings are rejected
2026-10-09T06:51:03.4440886Z ok 14 - changed, oversized and falsely labeled recordings are rejected
2026-10-09T06:51:03.4441629Z   ---
2026-10-09T06:51:03.4442155Z   duration_ms: 24.738789
2026-10-09T06:51:03.4442833Z   type: 'test'
2026-10-09T06:51:03.4443323Z   ...
2026-10-09T06:51:03.4444601Z # Subtest: actual capture CLI refuses invalid tags and existing media/report before any browser launch
2026-10-09T06:51:03.4446239Z ok 15 - actual capture CLI refuses invalid tags and existing media/report before any browser launch
2026-10-09T06:51:03.4447125Z   ---
2026-10-09T06:51:03.4447494Z   duration_ms: 764.052578
2026-10-09T06:51:03.4447921Z   type: 'test'
2026-10-09T06:51:03.4448330Z   ...
2026-10-09T06:51:03.4449236Z # Subtest: meld validation rejects impossible card IDs while preserving legitimate edge runs/sets
2026-10-09T06:51:03.4452617Z ok 16 - meld validation rejects impossible card IDs while preserving legitimate edge runs/sets
2026-10-09T06:51:03.4453477Z   ---
2026-10-09T06:51:03.4454080Z   duration_ms: 1.476689
2026-10-09T06:51:03.4454504Z   type: 'test'
2026-10-09T06:51:03.4454857Z   ...
2026-10-09T06:51:03.4456381Z # {"suite":"closed-meld-knock-settings","cases":1152,"minGain":11,"maxGain":60,"classicSignedBefore":-14,"classicSignedAfter":1}
2026-10-09T06:51:03.4458547Z # {"suite":"closed-meld-knock-independent-hidden-defenders","defenders":1000,"publicViewsByteIdentical":true,"minGain":5,"maxGain":5,"winningTransitions":0}
2026-10-09T06:51:03.4460073Z # {"suite":"closed-meld-knock-boundaries","controls":120}
2026-10-09T06:51:03.4461533Z # Subtest: Strong improves a finishing knock across different closed melds in every setting and suit
2026-10-09T06:51:03.4462970Z ok 17 - Strong improves a finishing knock across different closed melds in every setting and suit
2026-10-09T06:51:03.4464099Z   ---
2026-10-09T06:51:03.4464468Z   duration_ms: 1700.424646
2026-10-09T06:51:03.4464892Z   type: 'test'
2026-10-09T06:51:03.4465245Z   ...
2026-10-09T06:51:03.4466142Z # Subtest: 1000 identical public views keep the same safe choice and independent joint-defense score
2026-10-09T06:51:03.4467527Z ok 18 - 1000 identical public views keep the same safe choice and independent joint-defense score
2026-10-09T06:51:03.4468354Z   ---
2026-10-09T06:51:03.4468696Z   duration_ms: 7411.453313
2026-10-09T06:51:03.4469098Z   type: 'test'
2026-10-09T06:51:03.4469446Z   ...
2026-10-09T06:51:03.4470370Z # Subtest: closed-target dominance preserves forbidden returns, no-knock, Gin and inactive boundaries
2026-10-09T06:51:03.4471842Z ok 19 - closed-target dominance preserves forbidden returns, no-knock, Gin and inactive boundaries
2026-10-09T06:51:03.4472691Z   ---
2026-10-09T06:51:03.4473042Z   duration_ms: 52.654569
2026-10-09T06:51:03.4473439Z   type: 'test'
2026-10-09T06:51:03.4478010Z   ...
2026-10-09T06:51:30.6251061Z # {"suite":"bot-contract","variant":"standard","players":2,"games":1000,"replays":1000,"totalEvents":260878,"maxEvents":612,"replayChecks":260878,"comparison":"every-event SHA256 and bytes; JSON-roundtrip replay"}
2026-10-09T06:52:01.2175588Z # {"suite":"bot-contract","variant":"standard","players":3,"games":1000,"replays":1000,"totalEvents":285455,"maxEvents":775,"replayChecks":285455,"comparison":"every-event SHA256 and bytes; JSON-roundtrip replay"}
2026-10-09T06:52:38.3589893Z # {"suite":"bot-contract","variant":"standard","players":4,"games":1000,"replays":1000,"totalEvents":344241,"maxEvents":825,"replayChecks":344241,"comparison":"every-event SHA256 and bytes; JSON-roundtrip replay"}
2026-10-09T06:53:05.6070091Z # {"suite":"bot-contract","variant":"oklahoma","players":2,"games":1000,"replays":1000,"totalEvents":255515,"maxEvents":755,"replayChecks":255515,"comparison":"every-event SHA256 and bytes; JSON-roundtrip replay"}
2026-10-09T06:53:35.2209131Z # {"suite":"bot-contract","variant":"oklahoma","players":3,"games":1000,"replays":1000,"totalEvents":268526,"maxEvents":812,"replayChecks":268526,"comparison":"every-event SHA256 and bytes; JSON-roundtrip replay"}
2026-10-09T06:54:10.9347473Z # {"suite":"bot-contract","variant":"oklahoma","players":4,"games":1000,"replays":1000,"totalEvents":315689,"maxEvents":929,"replayChecks":315689,"comparison":"every-event SHA256 and bytes; JSON-roundtrip replay"}
2026-10-09T06:54:23.9375397Z # {"suite":"properties","seeds":1003,"events":420546}
2026-10-09T06:54:27.2906415Z # {"suite":"secrecy","comparisons":7925}
2026-10-09T06:54:27.3145600Z # Subtest: 1000 finished seeded bot games at EACH valid count/edition, hash replay after EVERY event
2026-10-09T06:54:27.3147378Z ok 20 - 1000 finished seeded bot games at EACH valid count/edition, hash replay after EVERY event
2026-10-09T06:54:27.3148416Z   ---
2026-10-09T06:54:27.3148850Z   duration_ms: 195291.557501
2026-10-09T06:54:27.3149463Z   type: 'test'
2026-10-09T06:54:27.3149876Z   ...
2026-10-09T06:54:27.3151325Z # Subtest: property seeds 1,2,3 plus 1000 random seeds: adversarial event sequences and immutability
2026-10-09T06:54:27.3152755Z ok 21 - property seeds 1,2,3 plus 1000 random seeds: adversarial event sequences and immutability
2026-10-09T06:54:27.3154001Z   ---
2026-10-09T06:54:27.3154505Z   duration_ms: 13001.740884
2026-10-09T06:54:27.3155082Z   type: 'test'
2026-10-09T06:54:27.3155561Z   ...
2026-10-09T06:54:27.3157326Z # Subtest: hidden-card/order perturbations never change TV, another controller or bot decisions
2026-10-09T06:54:27.3161585Z ok 22 - hidden-card/order perturbations never change TV, another controller or bot decisions
2026-10-09T06:54:27.3162694Z   ---
2026-10-09T06:54:27.3163346Z   duration_ms: 3353.056556
2026-10-09T06:54:27.3164201Z   type: 'test'
2026-10-09T06:54:27.3166483Z   ...
2026-10-09T06:54:27.3194606Z # Subtest: idle/no-clock matches remain until explicit end, every phase can exit via VIP
2026-10-09T06:54:27.3209480Z ok 23 - idle/no-clock matches remain until explicit end, every phase can exit via VIP
2026-10-09T06:54:27.3209941Z   ---
2026-10-09T06:54:27.3210148Z   duration_ms: 21.233766
2026-10-09T06:54:27.3210396Z   type: 'test'
2026-10-09T06:54:27.3210604Z   ...
2026-10-09T06:54:27.3422196Z # {"suite":"departures","initialCases":1000,"completeMatches":120,"events":17184,"maxAutomatedTransitions":75}
2026-10-09T06:54:27.3424017Z # Subtest: departures in every live phase finish the absent turn without exposing its hand
2026-10-09T06:54:27.3424958Z ok 24 - departures in every live phase finish the absent turn without exposing its hand
2026-10-09T06:54:27.3425490Z   ---
2026-10-09T06:54:27.3425738Z   duration_ms: 21.551939
2026-10-09T06:54:27.3426019Z   type: 'test'
2026-10-09T06:54:27.3426253Z   ...
2026-10-09T06:54:27.3426875Z # Subtest: 1000 departure/drop cases and 120 full matches never leave an absent seat blocking play
2026-10-09T06:54:27.3434979Z ok 25 - 1000 departure/drop cases and 120 full matches never leave an absent seat blocking play
2026-10-09T06:54:27.3454691Z   ---
2026-10-09T06:54:27.3455159Z   duration_ms: 4146.471926
2026-10-09T06:54:27.3455621Z   type: 'test'
2026-10-09T06:54:27.3456000Z   ...
2026-10-09T06:54:27.3457008Z # Subtest: empty rooms pause, reconnect resumes only an automatic pause, and permanent leaves cannot rejoin
2026-10-09T06:54:27.3458538Z ok 26 - empty rooms pause, reconnect resumes only an automatic pause, and permanent leaves cannot rejoin
2026-10-09T06:54:27.3459951Z   ---
2026-10-09T06:54:27.3460331Z   duration_ms: 1.015876
2026-10-09T06:54:27.3460761Z   type: 'test'
2026-10-09T06:54:27.3461143Z   ...
2026-10-09T06:54:27.3462063Z # Subtest: departures during VIP pause drain only on resume; malformed control events do nothing
2026-10-09T06:54:27.3463460Z ok 27 - departures during VIP pause drain only on resume; malformed control events do nothing
2026-10-09T06:54:27.3465517Z   ---
2026-10-09T06:54:27.3465894Z   duration_ms: 0.516484
2026-10-09T06:54:27.3466313Z   type: 'test'
2026-10-09T06:54:27.3466675Z   ...
2026-10-09T06:54:27.3467658Z # {"suite":"deadwood-proof","hands":10000,"tenCard":5000,"elevenCard":5000,"seed":20261008,"checksum":584788}
2026-10-09T06:54:27.3468987Z # Subtest: independent exhaustive meld-subset packing proves 10000 exact minima
2026-10-09T06:54:27.3470140Z ok 28 - independent exhaustive meld-subset packing proves 10000 exact minima
2026-10-09T06:54:27.3470875Z   ---
2026-10-09T06:54:27.3471259Z   duration_ms: 8494.74782
2026-10-09T06:54:27.3471694Z   type: 'test'
2026-10-09T06:54:27.3472066Z   ...
2026-10-09T06:54:27.3473068Z # Subtest: actual Big Gin reducer keeps eleven cards, rejects disabled/incomplete claims and prevents layoffs
2026-10-09T06:54:27.3474862Z ok 29 - actual Big Gin reducer keeps eleven cards, rejects disabled/incomplete claims and prevents layoffs
2026-10-09T06:54:27.3475799Z   ---
2026-10-09T06:54:27.3476169Z   duration_ms: 11.905599
2026-10-09T06:54:27.3476593Z   type: 'test'
2026-10-09T06:54:27.3476963Z   ...
2026-10-09T06:54:27.3477922Z # Subtest: actual Gin/normal knock phases, custom layout rejection, match completion and Oklahoma boxes
2026-10-09T06:54:27.3479397Z ok 30 - actual Gin/normal knock phases, custom layout rejection, match completion and Oklahoma boxes
2026-10-09T06:54:27.3480262Z   ---
2026-10-09T06:54:27.3480623Z   duration_ms: 6.56953
2026-10-09T06:54:27.3481036Z   type: 'test'
2026-10-09T06:54:27.3481385Z   ...
2026-10-09T06:54:27.3482328Z # Subtest: winner-stays queue for every rotation size, drawn hand retains seats, each dealer setting
2026-10-09T06:54:27.3483985Z ok 31 - winner-stays queue for every rotation size, drawn hand retains seats, each dealer setting
2026-10-09T06:54:27.3484840Z   ---
2026-10-09T06:54:27.3485220Z   duration_ms: 3.073997
2026-10-09T06:54:27.3485634Z   type: 'test'
2026-10-09T06:54:27.3485982Z   ...
2026-10-09T06:54:27.3488259Z # {"frameWindow":"READY","profile":"desktop","sourceSha256":"aaaaaaaaaaaaaaaaaaaaaaaaaaaaaaaaaaaaaaaaaaaaaaaaaaaaaaaaaaaaaaaa","attemptNonce":"398cdec7-3ca6-4a4f-a3c2-47f53e5d2bd6","utc":"2026-10-09T06:51:06.531Z"}
2026-10-09T06:54:27.3492510Z # {"frameWindow":"CLOSED","profile":"desktop","sourceSha256":"aaaaaaaaaaaaaaaaaaaaaaaaaaaaaaaaaaaaaaaaaaaaaaaaaaaaaaaaaaaaaaaa","attemptNonce":"398cdec7-3ca6-4a4f-a3c2-47f53e5d2bd6","coordination":"root-granted","readyUtc":"2026-10-09T06:51:06.531Z","grantUtc":"2026-10-09T06:51:07.538Z","status":"closed","utc":"2026-10-09T06:51:07.538Z"}
2026-10-09T06:54:27.3496782Z # {"frameWindow":"READY","profile":"desktop","sourceSha256":"aaaaaaaaaaaaaaaaaaaaaaaaaaaaaaaaaaaaaaaaaaaaaaaaaaaaaaaaaaaaaaaa","attemptNonce":"c20cc73f-e3b2-464d-8bca-2cf70106c772","utc":"2026-10-09T06:51:07.539Z"}
2026-10-09T06:54:27.3501168Z # {"frameWindow":"CLOSED","profile":"desktop","sourceSha256":"aaaaaaaaaaaaaaaaaaaaaaaaaaaaaaaaaaaaaaaaaaaaaaaaaaaaaaaaaaaaaaaa","attemptNonce":"c20cc73f-e3b2-464d-8bca-2cf70106c772","coordination":"root-granted","readyUtc":"2026-10-09T06:51:07.539Z","grantUtc":"2026-10-09T06:51:07.741Z","status":"closed","utc":"2026-10-09T06:51:07.741Z"}
2026-10-09T06:54:27.3504143Z # {"actualGrantCorruptionControls":10,"sequentialAttempts":2}
2026-10-09T06:54:27.3506452Z # {"frameWindow":"READY","profile":"desktop","sourceSha256":"aaaaaaaaaaaaaaaaaaaaaaaaaaaaaaaaaaaaaaaaaaaaaaaaaaaaaaaaaaaaaaaa","attemptNonce":"98fa7e69-ae36-419f-b775-5167c7a55e64","utc":"2026-10-09T06:51:07.745Z"}
2026-10-09T06:54:27.3508733Z # Subtest: actual temporary grants reject stale nonce/source/profile and malformed or extra fields
2026-10-09T06:54:27.3510447Z ok 32 - actual temporary grants reject stale nonce/source/profile and malformed or extra fields
2026-10-09T06:54:27.3511286Z   ---
2026-10-09T06:54:27.3511655Z   duration_ms: 1214.95378
2026-10-09T06:54:27.3512084Z   type: 'test'
2026-10-09T06:54:27.3512443Z   ...
2026-10-09T06:54:27.3515793Z # {"frameWindow":"CLOSED","profile":"desktop","sourceSha256":"aaaaaaaaaaaaaaaaaaaaaaaaaaaaaaaaaaaaaaaaaaaaaaaaaaaaaaaaaaaaaaaa","attemptNonce":"98fa7e69-ae36-419f-b775-5167c7a55e64","coordination":"root-granted","readyUtc":"2026-10-09T06:51:07.745Z","grantUtc":null,"status":"failed","reason":"matching grant timed out","utc":"2026-10-09T06:51:07.846Z"}
2026-10-09T06:54:27.3519065Z # Subtest: actual missing grant fails and writes CLOSED; no configured barrier returns an explicit uncoordinated identity
2026-10-09T06:54:27.3520783Z ok 33 - actual missing grant fails and writes CLOSED; no configured barrier returns an explicit uncoordinated identity
2026-10-09T06:54:27.3521758Z   ---
2026-10-09T06:54:27.3522118Z   duration_ms: 102.941982
2026-10-09T06:54:27.3522544Z   type: 'test'
2026-10-09T06:54:27.3522901Z   ...
2026-10-09T06:54:27.3524646Z # {"suite":"preexisting-gin-draw-matrix","cases":6912,"actualLegalDrawPhaseRoutes":true,"skills":3,"variants":2,"counts":[2,3,4],"suits":4,"endpoints":2,"clockSettings":[0,10]}
2026-10-09T06:54:27.3526982Z # {"suite":"preexisting-gin-hidden-defenders","cases":1000,"choices":3000,"sha256":"2e50741934f3e2fc8cdb29eb066c29fe991f8fc1a2cd24123969b3121ec98db8"}
2026-10-09T06:54:27.3528457Z # {"suite":"preexisting-gin-draw-boundaries","controls":90}
2026-10-09T06:54:27.3529708Z # {"suite":"preexisting-gin-measured-gain","immediatePoints":31,"priorPassRoutePoints":20,"gain":11}
2026-10-09T06:54:27.3531235Z # Subtest: all skills take a guaranteed finishing discard even when ten-card deadwood is already zero
2026-10-09T06:54:27.3532674Z ok 34 - all skills take a guaranteed finishing discard even when ten-card deadwood is already zero
2026-10-09T06:54:27.3533512Z   ---
2026-10-09T06:54:27.3534216Z   duration_ms: 4601.629487
2026-10-09T06:54:27.3534669Z   type: 'test'
2026-10-09T06:54:27.3535039Z   ...
2026-10-09T06:54:27.3536200Z # Subtest: 1000 hidden defender completions keep the same guaranteed choice and exact independent finishing score
2026-10-09T06:54:27.3538046Z ok 35 - 1000 hidden defender completions keep the same guaranteed choice and exact independent finishing score
2026-10-09T06:54:27.3538996Z   ---
2026-10-09T06:54:27.3539378Z   duration_ms: 1065.452418
2026-10-09T06:54:27.3539804Z   type: 'test'
2026-10-09T06:54:27.3540168Z   ...
2026-10-09T06:54:27.3541230Z # Subtest: forced stock, unavailable actors, pause and non-finishing discards retain the original legal boundaries
2026-10-09T06:54:27.3542927Z ok 36 - forced stock, unavailable actors, pause and non-finishing discards retain the original legal boundaries
2026-10-09T06:54:27.3544122Z   ---
2026-10-09T06:54:27.3544503Z   duration_ms: 11.086347
2026-10-09T06:54:27.3544966Z   type: 'test'
2026-10-09T06:54:27.3545323Z   ...
2026-10-09T06:54:27.3546284Z # Subtest: the reproduced opening takes 31-point Big Gin instead of passing into a 20-point Gin
2026-10-09T06:54:27.3547638Z ok 37 - the reproduced opening takes 31-point Big Gin instead of passing into a 20-point Gin
2026-10-09T06:54:27.3548448Z   ---
2026-10-09T06:54:27.3548797Z   duration_ms: 1.834964
2026-10-09T06:54:27.3549151Z   type: 'test'
2026-10-09T06:54:27.3549462Z   ...
2026-10-09T06:54:27.3550071Z # {"suite":"strong-guaranteed-gin","cases":72,"knownClassicPoints":22}
2026-10-09T06:54:27.3551857Z # {"suite":"gin-actual-score-dominance","defenders":1000,"ordinaryComparisons":6904,"minGain":21,"sha256":"d57bb9977c2b677288f79cc4dae664d82a2d9bf8316ccc658f30362fdc3130d5"}
2026-10-09T06:54:27.3553542Z # {"suite":"gin-policy-boundaries","forbiddenCases":52,"bigGinCases":12}
2026-10-09T06:54:27.3555115Z # Subtest: Strong takes guaranteed Gin despite public discard danger in every edition/profile/rotation
2026-10-09T06:54:27.3556830Z ok 38 - Strong takes guaranteed Gin despite public discard danger in every edition/profile/rotation
2026-10-09T06:54:27.3557659Z   ---
2026-10-09T06:54:27.3558005Z   duration_ms: 94.067158
2026-10-09T06:54:27.3558437Z   type: 'test'
2026-10-09T06:54:27.3558791Z   ...
2026-10-09T06:54:27.3559736Z # Subtest: actual Gin scoring dominates every legal ordinary knock against 1000 disjoint hidden defenders
2026-10-09T06:54:27.3561318Z ok 39 - actual Gin scoring dominates every legal ordinary knock against 1000 disjoint hidden defenders
2026-10-09T06:54:27.3562231Z   ---
2026-10-09T06:54:27.3562587Z   duration_ms: 2960.902531
2026-10-09T06:54:27.3562998Z   type: 'test'
2026-10-09T06:54:27.3563345Z   ...
2026-10-09T06:54:27.3564705Z # Subtest: Gin priority respects immediate-return prohibition and preserves the existing Big Gin branch
2026-10-09T06:54:27.3566207Z ok 40 - Gin priority respects immediate-return prohibition and preserves the existing Big Gin branch
2026-10-09T06:54:27.3567057Z   ---
2026-10-09T06:54:27.3567436Z   duration_ms: 27.831976
2026-10-09T06:54:27.3567811Z   type: 'test'
2026-10-09T06:54:27.3568128Z   ...
2026-10-09T06:54:27.3569312Z # {"suite":"non-gin-policy-byte-equivalence","states":10000,"decisions":30000,"baselineHead":"72d0f3f4ad4f6b70a8ac6b0ed81121300aa54c1f"}
2026-10-09T06:54:27.3570450Z # Subtest: all 30000 non-Gin bot choices retain the accepted pre-repair behavior
2026-10-09T06:54:27.3571747Z ok 41 - all 30000 non-Gin bot choices retain the accepted pre-repair behavior
2026-10-09T06:54:27.3572355Z   ---
2026-10-09T06:54:27.3572654Z   duration_ms: 3424.205887
2026-10-09T06:54:27.3573009Z   type: 'test'
2026-10-09T06:54:27.3573313Z   ...
2026-10-09T06:54:27.3574677Z # {"suite":"initial-presence-exhaustive","cases":336,"connectionMasks":"all","counts":[2,3,4],"variants":["standard","oklahoma"],"clocks":[0,10]}
2026-10-09T06:54:27.3575784Z # {"suite":"initial-presence-seeded","cases":1000}
2026-10-09T06:54:27.3576716Z # Subtest: known initial presence is handled before either player needs to send an event
2026-10-09T06:54:27.3577773Z ok 42 - known initial presence is handled before either player needs to send an event
2026-10-09T06:54:27.3578383Z   ---
2026-10-09T06:54:27.3578686Z   duration_ms: 354.362111
2026-10-09T06:54:27.3579055Z   type: 'test'
2026-10-09T06:54:27.3579363Z   ...
2026-10-09T06:54:27.3580463Z # Subtest: 1000 seeded initial presence patterns are playable or paused without a duplicate drop event
2026-10-09T06:54:27.3581839Z ok 43 - 1000 seeded initial presence patterns are playable or paused without a duplicate drop event
2026-10-09T06:54:27.3582576Z   ---
2026-10-09T06:54:27.3582872Z   duration_ms: 373.073551
2026-10-09T06:54:27.3583233Z   type: 'test'
2026-10-09T06:54:27.3583528Z   ...
2026-10-09T06:54:27.3584841Z # {"suite":"connected-initialization-byte-equivalence","cases":6000,"baselineHead":"d5fbb39746f8f7900bee57506e8133e8675f48ed"}
2026-10-09T06:54:27.3586283Z # Subtest: all-connected opening states retain the exact 6000 pre-repair JSON states
2026-10-09T06:54:27.3587318Z ok 44 - all-connected opening states retain the exact 6000 pre-repair JSON states
2026-10-09T06:54:27.3587955Z   ---
2026-10-09T06:54:27.3588273Z   duration_ms: 106.543334
2026-10-09T06:54:27.3588690Z   type: 'test'
2026-10-09T06:54:27.3588997Z   ...
2026-10-09T06:54:27.3590002Z # {"suite":"same-meld-knock-configurations","cases":576,"minGain":1,"classicPointsBefore":1,"classicPointsAfter":2}
2026-10-09T06:54:27.3591396Z # {"suite":"same-meld-knock-hidden-defenders","defenders":1000,"minGain":1,"maxGain":2,"positiveKnocks":1000,"undercuts":0,"sha256":"8b7cd1f52b2b229393f43ad8ccd09056a2c496a42b5d8e277cf9436049027bd2"}
2026-10-09T06:54:27.3592321Z # {"suite":"same-meld-knock-boundaries","controls":120}
2026-10-09T06:54:27.3593107Z # {"suite":"same-meld-knock-score-boundaries","cases":144,"winningTransitions":36,"minGain":1,"maxGain":52,"defenderDeadwoods":[0,1,2,3]}
2026-10-09T06:54:27.3594324Z # Subtest: Strong takes the strictly better same-meld knock in all editions, profiles, rosters and suits
2026-10-09T06:54:27.3595299Z ok 45 - Strong takes the strictly better same-meld knock in all editions, profiles, rosters and suits
2026-10-09T06:54:27.3595751Z   ---
2026-10-09T06:54:27.3595950Z   duration_ms: 567.344305
2026-10-09T06:54:27.3596173Z   type: 'test'
2026-10-09T06:54:27.3596363Z   ...
2026-10-09T06:54:27.3596917Z # Subtest: the same public decision dominates against 1000 hidden defenders with independent joint layoff scoring
2026-10-09T06:54:27.3597761Z ok 46 - the same public decision dominates against 1000 hidden defenders with independent joint layoff scoring
2026-10-09T06:54:27.3598246Z   ---
2026-10-09T06:54:27.3598441Z   duration_ms: 4228.553908
2026-10-09T06:54:27.3598673Z   type: 'test'
2026-10-09T06:54:27.3598860Z   ...
2026-10-09T06:54:27.3599405Z # Subtest: ordinary-knock priority retains immediate-return, Gin, no-knock and unavailable-player boundaries
2026-10-09T06:54:27.3600291Z ok 47 - ordinary-knock priority retains immediate-return, Gin, no-knock and unavailable-player boundaries
2026-10-09T06:54:27.3600790Z   ---
2026-10-09T06:54:27.3600987Z   duration_ms: 31.043811
2026-10-09T06:54:27.3601211Z   type: 'test'
2026-10-09T06:54:27.3601402Z   ...
2026-10-09T06:54:27.3601928Z # Subtest: same-meld lower deadwood improves both undercuts and the transition from undercut to winning knock
2026-10-09T06:54:27.3602754Z ok 48 - same-meld lower deadwood improves both undercuts and the transition from undercut to winning knock
2026-10-09T06:54:27.3603226Z   ---
2026-10-09T06:54:27.3603412Z   duration_ms: 603.126911
2026-10-09T06:54:27.3603901Z   type: 'test'
2026-10-09T06:54:27.3604106Z   ...
2026-10-09T06:54:27.3604731Z # {"suite":"joint-layoff-proof","hands":2000,"twoTarget":1000,"threeTarget":1000,"seed":816777,"checksum":102460,"actualLaidCards":1534}
2026-10-09T06:54:27.3605584Z # Subtest: 2000 independent joint meld/layoff weighted packings including chained extensions
2026-10-09T06:54:27.3606283Z ok 49 - 2000 independent joint meld/layoff weighted packings including chained extensions
2026-10-09T06:54:27.3606708Z   ---
2026-10-09T06:54:27.3606909Z   duration_ms: 5381.531283
2026-10-09T06:54:27.3607136Z   type: 'test'
2026-10-09T06:54:27.3607324Z   ...
2026-10-09T06:54:27.3607779Z # {"suite":"opening-pass-attribution","directPassCases":360,"editions":2,"counts":[2,3,4]}
2026-10-09T06:54:27.3608427Z # {"suite":"pass-valid-ids","cases":240,"ids":["","__proto__","constructor","last"]}
2026-10-09T06:54:27.3609140Z # {"suite":"automatic-pass-attribution","routes":["timer","vip","player"]}
2026-10-09T06:54:27.3609806Z # Subtest: both opening passes identify their actual actors across counts, editions and seeds
2026-10-09T06:54:27.3610490Z ok 50 - both opening passes identify their actual actors across counts, editions and seeds
2026-10-09T06:54:27.3610903Z   ---
2026-10-09T06:54:27.3611097Z   duration_ms: 130.628365
2026-10-09T06:54:27.3611319Z   type: 'test'
2026-10-09T06:54:27.3611507Z   ...
2026-10-09T06:54:27.3611928Z # Subtest: empty and prototype-shaped original IDs retain pass attribution as own keys
2026-10-09T06:54:27.3612578Z ok 51 - empty and prototype-shaped original IDs retain pass attribution as own keys
2026-10-09T06:54:27.3612974Z   ---
2026-10-09T06:54:27.3613156Z   duration_ms: 62.388309
2026-10-09T06:54:27.3613381Z   type: 'test'
2026-10-09T06:54:27.3613565Z   ...
2026-10-09T06:54:27.3614276Z # Subtest: timer, VIP skip and absent-seat automation identify the automatic passer
2026-10-09T06:54:27.3614890Z ok 52 - timer, VIP skip and absent-seat automation identify the automatic passer
2026-10-09T06:54:27.3615268Z   ---
2026-10-09T06:54:27.3615454Z   duration_ms: 2.443537
2026-10-09T06:54:27.3615673Z   type: 'test'
2026-10-09T06:54:27.3615859Z   ...
2026-10-09T06:54:27.3616320Z # Subtest: first raw target winner keeps the crown even when final box settlement reverses points
2026-10-09T06:54:27.3617030Z ok 53 - first raw target winner keeps the crown even when final box settlement reverses points
2026-10-09T06:54:27.3617453Z   ---
2026-10-09T06:54:27.3617640Z   duration_ms: 11.895163
2026-10-09T06:54:27.3618004Z   type: 'test'
2026-10-09T06:54:27.3618199Z   ...
2026-10-09T06:54:27.3618639Z # Subtest: every valid string ID, including empty, wins, earns bonuses and stays in rotation
2026-10-09T06:54:27.3619299Z ok 54 - every valid string ID, including empty, wins, earns bonuses and stays in rotation
2026-10-09T06:54:27.3619705Z   ---
2026-10-09T06:54:27.3619888Z   duration_ms: 18.249713
2026-10-09T06:54:27.3620108Z   type: 'test'
2026-10-09T06:54:27.3620297Z   ...
2026-10-09T06:54:27.3620741Z # Subtest: malformed identity metadata cannot coerce a registered ID, throw or reveal a hand
2026-10-09T06:54:27.3621413Z ok 55 - malformed identity metadata cannot coerce a registered ID, throw or reveal a hand
2026-10-09T06:54:27.3621823Z   ---
2026-10-09T06:54:27.3622013Z   duration_ms: 1.848628
2026-10-09T06:54:27.3622225Z   type: 'test'
2026-10-09T06:54:27.3622410Z   ...
2026-10-09T06:54:27.3622805Z # Subtest: early end preserves earned raw points and reports current standings
2026-10-09T06:54:27.3623394Z ok 56 - early end preserves earned raw points and reports current standings
2026-10-09T06:54:27.3624011Z   ---
2026-10-09T06:54:27.3624207Z   duration_ms: 0.710104
2026-10-09T06:54:27.3624419Z   type: 'test'
2026-10-09T06:54:27.3624603Z   ...
2026-10-09T06:54:27.3624892Z # Subtest: aces low, set cardinality, runs and overlap
2026-10-09T06:54:27.3625303Z ok 57 - aces low, set cardinality, runs and overlap
2026-10-09T06:54:27.3625598Z   ---
2026-10-09T06:54:27.3625781Z   duration_ms: 2.835428
2026-10-09T06:54:27.3625999Z   type: 'test'
2026-10-09T06:54:27.3626187Z   ...
2026-10-09T06:54:27.3626648Z # Subtest: joint meld/layoff optimizer finds chains and forbids gin/deadwood/four-card layoffs
2026-10-09T06:54:27.3627359Z ok 58 - joint meld/layoff optimizer finds chains and forbids gin/deadwood/four-card layoffs
2026-10-09T06:54:27.3627777Z   ---
2026-10-09T06:54:27.3627961Z   duration_ms: 4.76176
2026-10-09T06:54:27.3628176Z   type: 'test'
2026-10-09T06:54:27.3628367Z   ...
2026-10-09T06:54:27.3628732Z # Subtest: every score formula, tie undercut and spade whole-hand doubling
2026-10-09T06:54:27.3629284Z ok 59 - every score formula, tie undercut and spade whole-hand doubling
2026-10-09T06:54:27.3629635Z   ---
2026-10-09T06:54:27.3629819Z   duration_ms: 3.070547
2026-10-09T06:54:27.3630036Z   type: 'test'
2026-10-09T06:54:27.3630228Z   ...
2026-10-09T06:54:27.3630821Z # Subtest: opening offers, forced stock, exact immediate-return restriction, stock draw boundary
2026-10-09T06:54:27.3631541Z ok 60 - opening offers, forced stock, exact immediate-return restriction, stock draw boundary
2026-10-09T06:54:27.3631973Z   ---
2026-10-09T06:54:27.3632160Z   duration_ms: 28.336681
2026-10-09T06:54:27.3632374Z   type: 'test'
2026-10-09T06:54:27.3632562Z   ...
2026-10-09T06:54:27.3632964Z # Subtest: Oklahoma limits / ace / spade configurations from all 52 initial upcards
2026-10-09T06:54:27.3633759Z ok 61 - Oklahoma limits / ace / spade configurations from all 52 initial upcards
2026-10-09T06:54:27.3634414Z   ---
2026-10-09T06:54:27.3634746Z   duration_ms: 21.902162
2026-10-09T06:54:27.3635100Z   type: 'test'
2026-10-09T06:54:27.3635294Z   ...
2026-10-09T06:54:27.3635781Z # Subtest: pause, resume, stale/early timer, spectators, malformed input, late leaver, explicit end
2026-10-09T06:54:27.3636523Z ok 62 - pause, resume, stale/early timer, spectators, malformed input, late leaver, explicit end
2026-10-09T06:54:27.3636966Z   ---
2026-10-09T06:54:27.3637163Z   duration_ms: 1.924038
2026-10-09T06:54:27.3637473Z   type: 'test'
2026-10-09T06:54:27.3637751Z   ...
2026-10-09T06:54:27.3638236Z # Subtest: all required roster settings, default sanitization, exact phase fixtures and manifest
2026-10-09T06:54:27.3638957Z ok 63 - all required roster settings, default sanitization, exact phase fixtures and manifest
2026-10-09T06:54:27.3639384Z   ---
2026-10-09T06:54:27.3639568Z   duration_ms: 89.658791
2026-10-09T06:54:27.3639968Z   type: 'test'
2026-10-09T06:54:27.3640369Z   ...
2026-10-09T06:54:27.3640801Z # {"syntheticGuardCorruptionsRejected":175,"guardedSources":35}
2026-10-09T06:54:27.3641880Z # Subtest: synthetic positive control covers full identities, native timestamps, all hand witnesses and clips
2026-10-09T06:54:27.3642845Z ok 64 - synthetic positive control covers full identities, native timestamps, all hand witnesses and clips
2026-10-09T06:54:27.3643471Z   ---
2026-10-09T06:54:27.3644081Z   duration_ms: 7.004873
2026-10-09T06:54:27.3644495Z   type: 'test'
2026-10-09T06:54:27.3698691Z   ...
2026-10-09T06:54:27.3699536Z # Subtest: every guarded source and each start/end inventory entry rejects a stale hash or omission
2026-10-09T06:54:27.3700821Z ok 65 - every guarded source and each start/end inventory entry rejects a stale hash or omission
2026-10-09T06:54:27.3701533Z   ---
2026-10-09T06:54:27.3701853Z   duration_ms: 126.363298
2026-10-09T06:54:27.3702217Z   type: 'test'
2026-10-09T06:54:27.3702522Z   ...
2026-10-09T06:54:27.3703368Z # Subtest: wrong attempt/profile/page/transport/throttle, filtered samples and fake native clocks fail
2026-10-09T06:54:27.3705312Z ok 66 - wrong attempt/profile/page/transport/throttle, filtered samples and fake native clocks fail
2026-10-09T06:54:27.3706158Z   ---
2026-10-09T06:54:27.3706523Z   duration_ms: 18.678422
2026-10-09T06:54:27.3706939Z   type: 'test'
2026-10-09T06:54:27.3707289Z   ...
2026-10-09T06:54:27.3708255Z # Subtest: missing/invalid timestamp, raw interval or active-frame witness fails despite good summaries
2026-10-09T06:54:27.3709701Z ok 67 - missing/invalid timestamp, raw interval or active-frame witness fails despite good summaries
2026-10-09T06:54:27.3710550Z   ---
2026-10-09T06:54:27.3710818Z   duration_ms: 13.017095
2026-10-09T06:54:27.3711055Z   type: 'test'
2026-10-09T06:54:27.3711264Z   ...
2026-10-09T06:54:27.3711760Z # Subtest: all statistics are recomputed and an honestly reported long interval fails the fixed gate
2026-10-09T06:54:27.3712504Z ok 68 - all statistics are recomputed and an honestly reported long interval fails the fixed gate
2026-10-09T06:54:27.3712956Z   ---
2026-10-09T06:54:27.3713168Z   duration_ms: 7.440686
2026-10-09T06:54:27.3713398Z   type: 'test'
2026-10-09T06:54:27.3713593Z   ...
2026-10-09T06:54:27.3714440Z # Subtest: failed runs, mislabeled clips, altered bytes, outsize media and network/errors are rejected
2026-10-09T06:54:27.3715212Z ok 69 - failed runs, mislabeled clips, altered bytes, outsize media and network/errors are rejected
2026-10-09T06:54:27.3715938Z   ---
2026-10-09T06:54:27.3716144Z   duration_ms: 23.476971
2026-10-09T06:54:27.3716373Z   type: 'test'
2026-10-09T06:54:27.3716567Z   ...
2026-10-09T06:54:27.3716945Z # Subtest: same-timestamp turns cannot share timer instance identity
2026-10-09T06:54:27.3717464Z ok 70 - same-timestamp turns cannot share timer instance identity
2026-10-09T06:54:27.3717806Z   ---
2026-10-09T06:54:27.3718005Z   duration_ms: 8.835326
2026-10-09T06:54:27.3718227Z   type: 'test'
2026-10-09T06:54:27.3718413Z   ...
2026-10-09T06:54:27.3718591Z 1..70
2026-10-09T06:54:27.3718766Z # tests 70
2026-10-09T06:54:27.3718953Z # suites 0
2026-10-09T06:54:27.3719139Z # pass 70
2026-10-09T06:54:27.3719318Z # fail 0
2026-10-09T06:54:27.3719499Z # cancelled 0
2026-10-09T06:54:27.3719697Z # skipped 0
2026-10-09T06:54:27.3719898Z # todo 0
2026-10-09T06:54:27.3720105Z # duration_ms 216193.292783
2026-10-09T06:54:47.2611801Z {"stronger":"sharp","weaker":"normal","games":2000,"wins":1166,"losses":834,"ties":0,"winRate":0.583,"wilsonLower":0.5612515833637743,"events":524604,"pairedSeeds":true}
2026-10-09T06:55:05.5137185Z {"stronger":"normal","weaker":"easy","games":2000,"wins":1743,"losses":257,"ties":0,"winRate":0.8715,"wilsonLower":0.8561180625080238,"events":490034,"pairedSeeds":true}
2026-10-09T06:55:06.1895545Z M01 caught wrong rank
2026-10-09T06:55:06.4915465Z M02 caught wrong suit
2026-10-09T06:55:06.7977012Z M03 caught wrong face value
2026-10-09T06:55:07.1165896Z M04 caught reject three-card meld
2026-10-09T06:55:07.4504474Z M05 caught reject four-card set
2026-10-09T06:55:07.7742231Z M06 caught off-by-one run
2026-10-09T06:55:08.0968606Z M07 caught omit three-card candidate runs
2026-10-09T06:55:08.4157130Z M08 caught omit three-of-kind candidates
2026-10-09T06:55:08.7404891Z M09 caught maximize instead of minimize
2026-10-09T06:55:09.0556827Z M10 caught invert Gin layoff prohibition
2026-10-09T06:55:09.3789549Z M11 caught omit layoffs
2026-10-09T06:55:09.6900307Z M12 caught allow discard after two opening passes
2026-10-09T06:55:10.0093875Z M13 caught allow opening stock draw
2026-10-09T06:55:10.3147534Z M14 caught allow immediate returned upcard
2026-10-09T06:55:10.6460819Z M15 caught continue past two stock cards
2026-10-09T06:55:10.9661568Z M16 caught deny tie undercut
2026-10-09T06:55:11.2793979Z M17 caught subtract opponent Gin deadwood
2026-10-09T06:55:11.5971452Z M18 caught Big Gin wrong bonus
2026-10-09T06:55:11.9093416Z M19 caught reverse undercut difference
2026-10-09T06:55:12.2589279Z M20 caught wrong knock difference
2026-10-09T06:55:12.5741330Z M21 caught ignore double Big Gin
2026-10-09T06:55:12.8768316Z M22 caught Oklahoma ace wrong limit
2026-10-09T06:55:13.1992496Z M23 caught double hearts instead of spades
2026-10-09T06:55:13.5188990Z M24 caught accept stale timer
2026-10-09T06:55:13.8445248Z M25 caught resume omits pause duration
2026-10-09T06:55:14.1669040Z M26 caught attribute opening Pass to next player
2026-10-09T06:55:14.5594827Z {"kind":"full browser proof","started":"2026-10-09T06:55:14.556Z","pid":4087,"sourceStart":{"play.html":"bb72277c2ea52dadfcf70595e41ac2e8039ddac9955611c99ced1da3403b6ff3","src/core.ts":"31a054d6702767595df7759487bc67e71ba3aec3f3b62b6fc35673268b15bef3","src/cards.ts":"e309e103393bc1aaaf10b34e3994de815dd693d1828a61566723b8fba573fdb9","src/browser.ts":"56fb3b450aa29e9dda800a69b187d66d5446e056bf2b89b349a9bef1479131e4","src/play.template.html":"1b5188f105cfd9766f3f19c0a6f3cfa1b522cbd676ec5fde0dbfa1566a09f8c7","../../contract/contract.ts":"c0f999c153074769c99c67ab2a71ad66c879e45e834713f3367b2bde4a1873d5","../../contract/constants.ts":"27cdd23112ea03f344457e6f6e6b5839ff536ebeadbba189751520353aa085ef","../../contract/rng.ts":"7cfcf3024723607e8dd1ce6ccc5683a48d71fcc617947304cc5b9f6d3d7842fe","../../contract/minigame-schema.ts":"2438655eeb8ca658543b475070e6fb3ccb3947f154f57caa3f619c87853c9bbb","../../contract/player-count-schema.ts":"0748d9d9bcf795d0693c37a0f369b262fd8801dec9ab1e4a9a4f5ec23751a189","dist/core.mjs":"07809ffc483f0430d7285e13aae3d5d2539e971675a76e4faeb8ca11887d0f9b","dist/cards.mjs":"1b8d994514e2de1464f361bddac143b99dfa328037152a89a476bcb1ce5f6c77","dist/contract.mjs":"0d477737fffa3503f35a19d174fce2f29de33bef1769ee5bba2c327ac592101a","scripts/browser-check.mjs":"536587be20208be80ec3bc081be7ff5a23ceeac9bc83ab3a67095084bbbd87dc","scripts/clock-check.mjs":"beba34324460280157fbdffd947f02731437e067fbb6ac816a7e49d2c4e6da19","scripts/meld-check.mjs":"d514a510f1972bdfa0b60d5148c1d42a82efeb4b21f3b799c4e0794054b4b7e4","scripts/results-check.mjs":"c478d1b3f32b71c94f2d5307f2c3b3e1e044edd84833d28e7ffc165f13bd310f","scripts/name-check.mjs":"3802ec077deee82176a892bcb51df0bb268c7ab765851d636faa5ab2228f531f","scripts/host-check.mjs":"e47e9a53aad166af54d78ea28e44ec5defff3e56d69139863113f5c132425b50","scripts/public-history-check.mjs":"5c887f46d5240f1434f173bbd495c560869441b074447d52f4a49878a66a0859","tests/browser-fixture.mjs":"f499940919128006bc90c4cb08eb766677c1bff3ea4dccf02645863a3bc50621","tests/helpers.mjs":"402515edb7b2a6af9548da2a2f1a7fa8f6b220b425da9664bd8c4a3e8b552b2e","scripts/browser-source-guard.mjs":"e5d9304a91ef04963133fe6bbae2c62189da28e917562da5a7cdb856596a1622","scripts/frame-coordination.mjs":"f1d34bfd418b5446a14c2ee3b3ba297eac18ed126d4ee261dffab57224399656","scripts/strict-browser-proof.mjs":"fae9a75d472307307c6eb4781c77f32845ebdade6f4104d859957ce62c1d43d9","scripts/browser-proof.mjs":"3ce834d0a764a4aefc93d0eaf7171f805d4ea5428563bcd976728f65222a8489","scripts/capture.mjs":"72077090f49f70e74c05ee925560a760f1f52b671ccb72d63570d609b9f80985","scripts/build.mjs":"3580cac9f713c9e4c3bfe8a83ec6bef33a64cd30be2c5d27c028b29a6a06fe8e","scripts/integrity.mjs":"7104c27be54110cac7b2d336e594ce0681a578fcb301a863540084619a7e42bb","scripts/check-evidence-links.mjs":"03484934e141e8e0b08e8928bf6f89f48a15f0cfe95b24e94273eebfb1a62842","package.json":"8855d609e12ca7990d525b64c285513acde1420fc6368ccca3a937979253a91b","package-lock.json":"bb2357fee1276cb24714d62a0a02d478e465806f5ec8978034da5594d6fa765a","tsconfig.json":"624efd829d3631cf6a6cc8d7b345e93bb47e713f05162b0ff511ef6cfc0a6ac3","manifest.json":"d079699772d442cda13bf8a41672e7de59d8a62966e07d0c87b8b8e991d84dbb","../../.github/workflows/G02.yml":"e9584c44b44c07248d36cbe71147b536f9a92756358c7bfa00495f6c975dce28"}}
2026-10-09T06:55:25.3788045Z {"frameWindow":"CLOSED","profile":"desktop","sourceSha256":"bb72277c2ea52dadfcf70595e41ac2e8039ddac9955611c99ced1da3403b6ff3","attemptNonce":"dd4c62ff-52a2-4b07-97a6-18744d190a7c","coordination":"uncoordinated","readyUtc":null,"grantUtc":null,"status":"samples-written","rawIntervals":600,"utc":"2026-10-09T06:55:25.378Z"}
2026-10-09T06:55:25.6001509Z {"label":"desktop","fps":60.00240009600384,"meanMs":16.666,"p99Ms":16.800000000000182,"maxMs":16.80000000000109,"networkRequests":0,"pageErrors":0}
2026-10-09T06:55:36.6157445Z {"frameWindow":"CLOSED","profile":"phone4x","sourceSha256":"bb72277c2ea52dadfcf70595e41ac2e8039ddac9955611c99ced1da3403b6ff3","attemptNonce":"8e4b7d3c-8576-41f1-8d5c-74e5d1a69ab0","coordination":"uncoordinated","readyUtc":null,"grantUtc":null,"status":"samples-written","rawIntervals":600,"utc":"2026-10-09T06:55:36.614Z"}
2026-10-09T06:55:36.8666013Z {"label":"phone4x","fps":60.00300015000751,"meanMs":16.66583333333333,"p99Ms":16.800000000000182,"maxMs":16.80000000000109,"networkRequests":0,"pageErrors":0}
2026-10-09T06:55:37.1343546Z {"kind":"synthetic delayed-host-callback and pause regression","elapsedMs":20000,"configuredTurnMs":10000,"firstExpiredCallbackCount":1,"actionsBefore":0,"actionsAfter":1,"deadlineAdvancedOnElapsedTime":true,"visibleCountdown":true,"pausePreservesRemainingTime":true,"entropyCalls":1,"controlledTestSeed":7199}
2026-10-09T06:55:39.4854286Z {"customMeldRegression":[{"label":"desktop","cpuThrottle":1,"namedCardControls":10,"privateDraftCleared":true,"invalidGroupsPreventKnock":true,"closedControlsRestoreAutomaticKnock":true,"revealShowsDeclaredLayout":true,"defenderResolvedDeadwood":0,"undercutPoints":11,"pageErrors":0,"networkRequests":0,"fixture":"initial state only; production reducer, solver and renderer"},{"label":"phone4x","cpuThrottle":4,"namedCardControls":10,"privateDraftCleared":true,"invalidGroupsPreventKnock":true,"closedControlsRestoreAutomaticKnock":true,"revealShowsDeclaredLayout":true,"defenderResolvedDeadwood":0,"undercutPoints":11,"pageErrors":0,"networkRequests":0,"fixture":"initial state only; production reducer, solver and renderer"}]}
2026-10-09T06:55:40.4795853Z {"resultsRegression":[{"label":"desktop","cpuThrottle":1,"targetWinner":"p0","displayedWinner":"Target winner","finalPoints":{"p0":388,"p1":499},"explanationVisible":true,"pageErrors":0,"fixture":"initial state only; production reducer and renderer"},{"label":"phone4x","cpuThrottle":4,"targetWinner":"p0","displayedWinner":"Target winner","finalPoints":{"p0":388,"p1":499},"explanationVisible":true,"pageErrors":0,"fixture":"initial state only; production reducer and renderer"}]}
2026-10-09T06:55:41.1201812Z {"payload":"<svg onload=alert(1)>","renderedAsText":true,"insertedMarkupNodes":0,"dialogs":0,"pageErrors":0,"networkRequests":0,"cpuThrottle":4}
2026-10-09T06:55:43.3180389Z {"runId":"2026-10-09T06-55-14-556Z","passed":true,"sourceUnchanged":true,"extraHostChecks":5,"rows":[{"label":"desktop","fps":60.00240009600384,"p99Ms":16.800000000000182,"maxMs":16.80000000000109,"frameGatePassed":true},{"label":"phone4x","fps":60.00300015000751,"p99Ms":16.800000000000182,"maxMs":16.80000000000109,"frameGatePassed":true}]}
2026-10-09T06:55:43.6397715Z {"kind":"functional recordings","started":"2026-10-09T06:55:43.637Z","pid":4303,"sourceStart":{"play.html":"bb72277c2ea52dadfcf70595e41ac2e8039ddac9955611c99ced1da3403b6ff3","src/core.ts":"31a054d6702767595df7759487bc67e71ba3aec3f3b62b6fc35673268b15bef3","src/cards.ts":"e309e103393bc1aaaf10b34e3994de815dd693d1828a61566723b8fba573fdb9","src/browser.ts":"56fb3b450aa29e9dda800a69b187d66d5446e056bf2b89b349a9bef1479131e4","src/play.template.html":"1b5188f105cfd9766f3f19c0a6f3cfa1b522cbd676ec5fde0dbfa1566a09f8c7","../../contract/contract.ts":"c0f999c153074769c99c67ab2a71ad66c879e45e834713f3367b2bde4a1873d5","../../contract/constants.ts":"27cdd23112ea03f344457e6f6e6b5839ff536ebeadbba189751520353aa085ef","../../contract/rng.ts":"7cfcf3024723607e8dd1ce6ccc5683a48d71fcc617947304cc5b9f6d3d7842fe","../../contract/minigame-schema.ts":"2438655eeb8ca658543b475070e6fb3ccb3947f154f57caa3f619c87853c9bbb","../../contract/player-count-schema.ts":"0748d9d9bcf795d0693c37a0f369b262fd8801dec9ab1e4a9a4f5ec23751a189","dist/core.mjs":"07809ffc483f0430d7285e13aae3d5d2539e971675a76e4faeb8ca11887d0f9b","dist/cards.mjs":"1b8d994514e2de1464f361bddac143b99dfa328037152a89a476bcb1ce5f6c77","dist/contract.mjs":"0d477737fffa3503f35a19d174fce2f29de33bef1769ee5bba2c327ac592101a","scripts/browser-check.mjs":"536587be20208be80ec3bc081be7ff5a23ceeac9bc83ab3a67095084bbbd87dc","scripts/clock-check.mjs":"beba34324460280157fbdffd947f02731437e067fbb6ac816a7e49d2c4e6da19","scripts/meld-check.mjs":"d514a510f1972bdfa0b60d5148c1d42a82efeb4b21f3b799c4e0794054b4b7e4","scripts/results-check.mjs":"c478d1b3f32b71c94f2d5307f2c3b3e1e044edd84833d28e7ffc165f13bd310f","scripts/name-check.mjs":"3802ec077deee82176a892bcb51df0bb268c7ab765851d636faa5ab2228f531f","scripts/host-check.mjs":"e47e9a53aad166af54d78ea28e44ec5defff3e56d69139863113f5c132425b50","scripts/public-history-check.mjs":"5c887f46d5240f1434f173bbd495c560869441b074447d52f4a49878a66a0859","tests/browser-fixture.mjs":"f499940919128006bc90c4cb08eb766677c1bff3ea4dccf02645863a3bc50621","tests/helpers.mjs":"402515edb7b2a6af9548da2a2f1a7fa8f6b220b425da9664bd8c4a3e8b552b2e","scripts/browser-source-guard.mjs":"e5d9304a91ef04963133fe6bbae2c62189da28e917562da5a7cdb856596a1622","scripts/frame-coordination.mjs":"f1d34bfd418b5446a14c2ee3b3ba297eac18ed126d4ee261dffab57224399656","scripts/strict-browser-proof.mjs":"fae9a75d472307307c6eb4781c77f32845ebdade6f4104d859957ce62c1d43d9","scripts/browser-proof.mjs":"3ce834d0a764a4aefc93d0eaf7171f805d4ea5428563bcd976728f65222a8489","scripts/capture.mjs":"72077090f49f70e74c05ee925560a760f1f52b671ccb72d63570d609b9f80985","scripts/build.mjs":"3580cac9f713c9e4c3bfe8a83ec6bef33a64cd30be2c5d27c028b29a6a06fe8e","scripts/integrity.mjs":"7104c27be54110cac7b2d336e594ce0681a578fcb301a863540084619a7e42bb","scripts/check-evidence-links.mjs":"03484934e141e8e0b08e8928bf6f89f48a15f0cfe95b24e94273eebfb1a62842","package.json":"8855d609e12ca7990d525b64c285513acde1420fc6368ccca3a937979253a91b","package-lock.json":"bb2357fee1276cb24714d62a0a02d478e465806f5ec8978034da5594d6fa765a","tsconfig.json":"624efd829d3631cf6a6cc8d7b345e93bb47e713f05162b0ff511ef6cfc0a6ac3","manifest.json":"d079699772d442cda13bf8a41672e7de59d8a62966e07d0c87b8b8e991d84dbb","../../.github/workflows/G02.yml":"e9584c44b44c07248d36cbe71147b536f9a92756358c7bfa00495f6c975dce28"}}
2026-10-09T06:55:57.3765025Z {"path":".work/browser/ci-current-2026-10-09t06-55-43-621z-desktop.webm","bytes":726032,"sha256":"a363c3c5f1bd717e7cef37c7f88db672c7cb579e7022fe2323ec2f31e6716557","cpuThrottle":1,"viewport":{"width":1920,"height":1080},"performanceMeasurement":false,"newMatchPrivateDomCleared":true,"actualElapsedTimeoutCoveredHand":true,"publicPassHistoryShown":true,"passActors":["Player 1: pass","Player 2: pass"],"networkRequests":0,"pageErrors":0}
2026-10-09T06:56:11.3467949Z {"path":".work/browser/ci-current-2026-10-09t06-55-43-621z-phone4x.webm","bytes":650930,"sha256":"17f62b5cc8b1ec785b848cbf735ae57b2f59f4c6be8b0926ddcfb75e186d231f","cpuThrottle":4,"viewport":{"width":390,"height":844},"performanceMeasurement":false,"newMatchPrivateDomCleared":true,"actualElapsedTimeoutCoveredHand":true,"publicPassHistoryShown":true,"passActors":["Player 1: pass","Player 2: pass"],"networkRequests":0,"pageErrors":0}
2026-10-09T06:56:11.6769178Z {"suite":"committed-browser-proof","sourceMatched":true,"profiles":2,"rawIntervals":1200,"unfiltered":true,"recordingsMatched":2}
2026-10-09T06:56:11.6814516Z {"suite":"evidence-links","localLinks":32,"allLocalFilesExist":true,"externalLinks":2,"externalLinksFetched":false}
2026-10-09T06:56:12.0545850Z {"suite":"integrity","fileHashes":747,"regenerationRuns":2,"byteIdentical":true,"coreNoIo":true,"mediaUnder10MB":true}
2026-10-09T06:56:12.0664714Z {"suite":"strict-current-browser-proof","guardedSources":35,"profiles":2,"rawIntervals":1200,"nativeTimestamps":1202,"activeHandWitnesses":1208,"unfiltered":true,"recordingsMatched":2}
2026-10-09T06:56:12.0838092Z ##[group]Run actions/upload-artifact@v4
2026-10-09T06:56:12.0838402Z with:
2026-10-09T06:56:12.0838609Z   name: G02-browser-evidence
2026-10-09T06:56:12.0840471Z   path: jobs/G02-gin-rummy/.work/browser/*-frames.json
jobs/G02-gin-rummy/.work/browser/report.json
jobs/G02-gin-rummy/.work/browser/captures.json
jobs/G02-gin-rummy/.work/browser/ci-current-*.webm
jobs/G02-gin-rummy/.work/clock-after.json
jobs/G02-gin-rummy/.work/custom-meld-after.json
jobs/G02-gin-rummy/.work/results-after.json
jobs/G02-gin-rummy/.work/name-check.json
jobs/G02-gin-rummy/media/strict-reverify-1900-*.webm
jobs/G02-gin-rummy/evidence/resume-20261008/strict-reverify-1900-captures.json

2026-10-09T06:56:12.0842350Z   include-hidden-files: true
2026-10-09T06:56:12.0842599Z   if-no-files-found: warn
2026-10-09T06:56:12.0842832Z   compression-level: 6
2026-10-09T06:56:12.0843054Z   overwrite: false
2026-10-09T06:56:12.0843259Z ##[endgroup]
2026-10-09T06:56:12.2615144Z (node:4426) [DEP0040] DeprecationWarning: The `punycode` module is deprecated. Please use a userland alternative instead.
2026-10-09T06:56:12.2616021Z (Use `node --trace-deprecation ...` to show where the warning was created)
2026-10-09T06:56:12.2838078Z Multiple search paths detected. Calculating the least common ancestor of all paths
2026-10-09T06:56:12.2844190Z The least common ancestor is /home/runner/work/partybox-game-cores/partybox-game-cores/jobs/G02-gin-rummy. This will be the root directory of the artifact
2026-10-09T06:56:12.2846092Z With the provided path, there will be 13 files uploaded
2026-10-09T06:56:12.2849738Z Artifact name is valid!
2026-10-09T06:56:12.2850832Z Root directory input is valid!
2026-10-09T06:56:12.4739213Z Beginning upload of artifact content to blob storage
2026-10-09T06:56:12.6169259Z (node:4426) [DEP0169] DeprecationWarning: `url.parse()` behavior is not standardized and prone to errors that have security implications. Use the WHATWG URL API instead. CVEs are not issued for `url.parse()` vulnerabilities.
2026-10-09T06:56:12.7317451Z Uploaded bytes 2188063
2026-10-09T06:56:12.7526062Z Finished uploading artifact content to blob storage!
2026-10-09T06:56:12.7527486Z SHA256 digest of uploaded artifact zip is 457b5f87ba958b52a27e892c379306f1739b646994c611a000b0cb744de83931
2026-10-09T06:56:12.7528442Z Finalizing artifact upload
2026-10-09T06:56:13.0162628Z Artifact G02-browser-evidence.zip successfully finalized. Artifact ID 11600601773
2026-10-09T06:56:13.0163835Z Artifact G02-browser-evidence has been successfully uploaded! Final size is 2188063 bytes. Artifact ID is 11600601773
2026-10-09T06:56:13.0169557Z Artifact download URL: https://github.com/luisitin/partybox-game-cores/actions/runs/37895632854/artifacts/11600601773
2026-10-09T06:56:13.0359320Z Post job cleanup.
2026-10-09T06:56:13.1591030Z (node:4440) [DEP0040] DeprecationWarning: The `punycode` module is deprecated. Please use a userland alternative instead.
2026-10-09T06:56:13.1592507Z (Use `node --trace-deprecation ...` to show where the warning was created)
2026-10-09T06:56:13.1595926Z Cache hit occurred on the primary key node-cache-Linux-x64-npm-d48b0073b1be2df746cbb2cab1dca64dc5674a863aed54a4ee7f428aad681317, not saving cache.
2026-10-09T06:56:13.1764221Z Post job cleanup.
2026-10-09T06:56:13.2716867Z [command]/usr/bin/git version
2026-10-09T06:56:13.2774824Z git version 2.55.0
2026-10-09T06:56:13.2830279Z Temporarily overriding HOME='/home/runner/work/_temp/29cc9324-12f7-4945-adb3-52ff5dca3672' before making global git config changes
2026-10-09T06:56:13.2832210Z Adding repository directory to the temporary git global config as a safe directory
2026-10-09T06:56:13.2838502Z [command]/usr/bin/git config --global --add safe.directory /home/runner/work/partybox-game-cores/partybox-game-cores
2026-10-09T06:56:13.2915791Z [command]/usr/bin/git config --local --name-only --get-regexp core\.sshCommand
2026-10-09T06:56:13.2975606Z [command]/usr/bin/git submodule foreach --recursive sh -c "git config --local --name-only --get-regexp 'core\.sshCommand' && git config --local --unset-all 'core.sshCommand' || :"
2026-10-09T06:56:13.3323601Z [command]/usr/bin/git config --local --name-only --get-regexp http\.https\:\/\/github\.com\/\.extraheader
2026-10-09T06:56:13.3346523Z http.https://github.com/.extraheader
2026-10-09T06:56:13.3355854Z [command]/usr/bin/git config --local --unset-all http.https://github.com/.extraheader
2026-10-09T06:56:13.3402987Z [command]/usr/bin/git submodule foreach --recursive sh -c "git config --local --name-only --get-regexp 'http\.https\:\/\/github\.com\/\.extraheader' && git config --local --unset-all 'http.https://github.com/.extraheader' || :"
2026-10-09T06:56:13.3719361Z [command]/usr/bin/git config --local --name-only --get-regexp ^includeIf\.gitdir:
2026-10-09T06:56:13.3762354Z [command]/usr/bin/git submodule foreach --recursive git config --local --show-origin --name-only --get-regexp remote.origin.url
2026-10-09T06:56:13.4160724Z Cleaning up orphan processes
2026-10-09T06:56:13.4488788Z ##[warning]Node.js 20 is deprecated. The following actions target Node.js 20 but are being forced to run on Node.js 24: actions/checkout@v4, actions/setup-node@v4, actions/upload-artifact@v4. For more information see: https://github.blog/changelog/2025-09-19-deprecation-of-node-20-on-github-actions-runners/
