2026-10-09T03:59:51.2888375Z Current runner version: '2.337.0'
2026-10-09T03:59:51.2915822Z ##[group]Runner Image Provisioner
2026-10-09T03:59:51.2916697Z Hosted Compute Agent
2026-10-09T03:59:51.2917380Z Version: 20261002.596
2026-10-09T03:59:51.2918021Z Commit: c3d12f3313a95f25162a1503be624f3b0617f8c0
2026-10-09T03:59:51.2918847Z Build Date: 2026-10-02T22:28:27Z
2026-10-09T03:59:51.2919578Z Worker ID: {c7ee9432-99b3-4765-8843-171336a55b8a}
2026-10-09T03:59:51.2920675Z Region: northcentralus
2026-10-09T03:59:51.2921380Z Cloud: Azure
2026-10-09T03:59:51.2922173Z ##[endgroup]
2026-10-09T03:59:51.2923886Z ##[group]Operating System
2026-10-09T03:59:51.2924554Z Ubuntu
2026-10-09T03:59:51.2925108Z 24.04.5
2026-10-09T03:59:51.2925687Z LTS
2026-10-09T03:59:51.2926202Z ##[endgroup]
2026-10-09T03:59:51.2926848Z ##[group]Runner Image
2026-10-09T03:59:51.2927476Z Image: ubuntu-24.04
2026-10-09T03:59:51.2928066Z Version: 20261004.327.1
2026-10-09T03:59:51.2929451Z Included Software: https://github.com/actions/runner-images/blob/ubuntu24/20261004.327/images/ubuntu/Ubuntu2404-Readme.md
2026-10-09T03:59:51.2931385Z Image Release: https://github.com/actions/runner-images/releases/tag/ubuntu24%2F20261004.327
2026-10-09T03:59:51.2932485Z ##[endgroup]
2026-10-09T03:59:51.2933598Z ##[group]GITHUB_TOKEN Permissions
2026-10-09T03:59:51.2935882Z Contents: read
2026-10-09T03:59:51.2936509Z Metadata: read
2026-10-09T03:59:51.2937160Z ##[endgroup]
2026-10-09T03:59:51.2939385Z Secret source: Actions
2026-10-09T03:59:51.2940713Z Cache mode: write
2026-10-09T03:59:51.2941495Z Prepare workflow directory
2026-10-09T03:59:51.3512998Z Prepare all required actions
2026-10-09T03:59:51.3563116Z Getting action download info
2026-10-09T03:59:51.5845276Z Download action repository 'actions/checkout@v4' (SHA:11d5960a326750d5838078e36cf38b85af677262)
2026-10-09T03:59:51.6786829Z Download action repository 'actions/setup-node@v4' (SHA:49933ea5288caeca8642d1e84afbd3f7d6820020)
2026-10-09T03:59:51.7850478Z Download action repository 'actions/upload-artifact@v4' (SHA:ea165f8d65b6e75b540449e92b4886f43607fa02)
2026-10-09T03:59:51.9870515Z Complete job name: browser-bootstrap
2026-10-09T03:59:52.0672012Z ##[group]Run actions/checkout@v4
2026-10-09T03:59:52.0672922Z with:
2026-10-09T03:59:52.0673406Z   ref: 38d0bc07d1b6709ff34098297715575509d71b3e
2026-10-09T03:59:52.0674048Z   repository: luisitin/partybox-game-cores
2026-10-09T03:59:52.0677987Z   token: ***
2026-10-09T03:59:52.0678427Z   ssh-strict: true
2026-10-09T03:59:52.0678871Z   ssh-user: git
2026-10-09T03:59:52.0679322Z   persist-credentials: true
2026-10-09T03:59:52.0679816Z   clean: true
2026-10-09T03:59:52.0680500Z   sparse-checkout-cone-mode: true
2026-10-09T03:59:52.0681043Z   fetch-depth: 1
2026-10-09T03:59:52.0681484Z   fetch-tags: false
2026-10-09T03:59:52.0681936Z   show-progress: true
2026-10-09T03:59:52.0682393Z   lfs: false
2026-10-09T03:59:52.0682808Z   submodules: false
2026-10-09T03:59:52.0683270Z   set-safe-directory: true
2026-10-09T03:59:52.0683790Z   allow-unsafe-pr-checkout: false
2026-10-09T03:59:52.0684583Z env:
2026-10-09T03:59:52.0685122Z   G02_SOURCE_HEAD: 38d0bc07d1b6709ff34098297715575509d71b3e
2026-10-09T03:59:52.0685798Z ##[endgroup]
2026-10-09T03:59:52.1752968Z Syncing repository: luisitin/partybox-game-cores
2026-10-09T03:59:52.1756262Z ##[group]Getting Git version info
2026-10-09T03:59:52.1757835Z Working directory is '/home/runner/work/partybox-game-cores/partybox-game-cores'
2026-10-09T03:59:52.1760309Z [command]/usr/bin/git version
2026-10-09T03:59:52.1853625Z git version 2.55.0
2026-10-09T03:59:52.1867037Z ##[endgroup]
2026-10-09T03:59:52.1885131Z Temporarily overriding HOME='/home/runner/work/_temp/8904fc60-0b78-49a3-a9d6-257ee0577858' before making global git config changes
2026-10-09T03:59:52.1889840Z Adding repository directory to the temporary git global config as a safe directory
2026-10-09T03:59:52.1898058Z [command]/usr/bin/git config --global --add safe.directory /home/runner/work/partybox-game-cores/partybox-game-cores
2026-10-09T03:59:52.1957310Z Deleting the contents of '/home/runner/work/partybox-game-cores/partybox-game-cores'
2026-10-09T03:59:52.1962171Z ##[group]Initializing the repository
2026-10-09T03:59:52.1968569Z [command]/usr/bin/git init /home/runner/work/partybox-game-cores/partybox-game-cores
2026-10-09T03:59:52.2087659Z hint: Using 'master' as the name for the initial branch. This default branch name
2026-10-09T03:59:52.2090982Z hint: will change to "main" in Git 3.0. To configure the initial branch name
2026-10-09T03:59:52.2093172Z hint: to use in all of your new repositories, which will suppress this warning,
2026-10-09T03:59:52.2094997Z hint: call:
2026-10-09T03:59:52.2096349Z hint:
2026-10-09T03:59:52.2097530Z hint: 	git config --global init.defaultBranch <name>
2026-10-09T03:59:52.2098776Z hint:
2026-10-09T03:59:52.2100338Z hint: Names commonly chosen instead of 'master' are 'main', 'trunk' and
2026-10-09T03:59:52.2102162Z hint: 'development'. The just-created branch can be renamed via this command:
2026-10-09T03:59:52.2103362Z hint:
2026-10-09T03:59:52.2104025Z hint: 	git branch -m <name>
2026-10-09T03:59:52.2104880Z hint:
2026-10-09T03:59:52.2105930Z hint: Disable this message with "git config set advice.defaultBranchName false"
2026-10-09T03:59:52.2107789Z Initialized empty Git repository in /home/runner/work/partybox-game-cores/partybox-game-cores/.git/
2026-10-09T03:59:52.2111162Z [command]/usr/bin/git remote add origin https://github.com/luisitin/partybox-game-cores
2026-10-09T03:59:52.2180757Z ##[endgroup]
2026-10-09T03:59:52.2181645Z ##[group]Disabling automatic garbage collection
2026-10-09T03:59:52.2186349Z [command]/usr/bin/git config --local gc.auto 0
2026-10-09T03:59:52.2224181Z ##[endgroup]
2026-10-09T03:59:52.2237384Z ##[group]Setting up auth
2026-10-09T03:59:52.2238292Z [command]/usr/bin/git config --local --name-only --get-regexp core\.sshCommand
2026-10-09T03:59:52.2285318Z [command]/usr/bin/git submodule foreach --recursive sh -c "git config --local --name-only --get-regexp 'core\.sshCommand' && git config --local --unset-all 'core.sshCommand' || :"
2026-10-09T03:59:52.2725403Z [command]/usr/bin/git config --local --name-only --get-regexp http\.https\:\/\/github\.com\/\.extraheader
2026-10-09T03:59:52.2765659Z [command]/usr/bin/git submodule foreach --recursive sh -c "git config --local --name-only --get-regexp 'http\.https\:\/\/github\.com\/\.extraheader' && git config --local --unset-all 'http.https://github.com/.extraheader' || :"
2026-10-09T03:59:52.3007388Z [command]/usr/bin/git config --local --name-only --get-regexp ^includeIf\.gitdir:
2026-10-09T03:59:52.3126385Z [command]/usr/bin/git submodule foreach --recursive git config --local --show-origin --name-only --get-regexp remote.origin.url
2026-10-09T03:59:52.3347566Z [command]/usr/bin/git config --local http.https://github.com/.extraheader AUTHORIZATION: basic ***
2026-10-09T03:59:52.3415741Z ##[endgroup]
2026-10-09T03:59:52.3417332Z ##[group]Fetching the repository
2026-10-09T03:59:52.3430626Z [command]/usr/bin/git -c protocol.version=2 fetch --no-tags --prune --no-recurse-submodules --depth=1 origin 38d0bc07d1b6709ff34098297715575509d71b3e
2026-10-09T03:59:53.7306957Z From https://github.com/luisitin/partybox-game-cores
2026-10-09T03:59:53.7310229Z  * branch            38d0bc07d1b6709ff34098297715575509d71b3e -> FETCH_HEAD
2026-10-09T03:59:53.7317019Z ##[endgroup]
2026-10-09T03:59:53.7319587Z ##[group]Determining the checkout info
2026-10-09T03:59:53.7323057Z ##[endgroup]
2026-10-09T03:59:53.7325122Z [command]/usr/bin/git sparse-checkout disable
2026-10-09T03:59:53.7380845Z [command]/usr/bin/git config --local --unset-all extensions.worktreeConfig
2026-10-09T03:59:53.7415932Z ##[group]Checking out the ref
2026-10-09T03:59:53.7418251Z [command]/usr/bin/git checkout --progress --force 38d0bc07d1b6709ff34098297715575509d71b3e
2026-10-09T03:59:53.8738986Z Note: switching to '38d0bc07d1b6709ff34098297715575509d71b3e'.
2026-10-09T03:59:53.8740398Z 
2026-10-09T03:59:53.8741173Z You are in 'detached HEAD' state. You can look around, make experimental
2026-10-09T03:59:53.8742970Z changes and commit them, and you can discard any commits you make in this
2026-10-09T03:59:53.8745025Z state without impacting any branches by switching back to a branch.
2026-10-09T03:59:53.8746037Z 
2026-10-09T03:59:53.8746711Z If you want to create a new branch to retain commits you create, you may
2026-10-09T03:59:53.8748289Z do so (now or later) by using -c with the switch command. Example:
2026-10-09T03:59:53.8749216Z 
2026-10-09T03:59:53.8749624Z   git switch -c <new-branch-name>
2026-10-09T03:59:53.8750644Z 
2026-10-09T03:59:53.8751213Z Or undo this operation with:
2026-10-09T03:59:53.8752010Z 
2026-10-09T03:59:53.8752525Z   git switch -
2026-10-09T03:59:53.8753168Z 
2026-10-09T03:59:53.8757072Z Turn off this advice by setting config variable advice.detachedHead to false
2026-10-09T03:59:53.8759128Z 
2026-10-09T03:59:53.8760445Z HEAD is now at 38d0bc0 G02 prioritize guaranteed Gin over ordinary knock
2026-10-09T03:59:53.8764923Z ##[endgroup]
2026-10-09T03:59:53.8806047Z [command]/usr/bin/git log -1 --format=%H
2026-10-09T03:59:53.8834803Z 38d0bc07d1b6709ff34098297715575509d71b3e
2026-10-09T03:59:53.9229512Z ##[group]Run actions/setup-node@v4
2026-10-09T03:59:53.9231056Z with:
2026-10-09T03:59:53.9231968Z   node-version: 22.16.0
2026-10-09T03:59:53.9233004Z   cache: npm
2026-10-09T03:59:53.9234255Z   cache-dependency-path: jobs/G02-gin-rummy/package-lock.json
2026-10-09T03:59:53.9235837Z   always-auth: false
2026-10-09T03:59:53.9236856Z   check-latest: false
2026-10-09T03:59:53.9247273Z   token: ***
2026-10-09T03:59:53.9248196Z env:
2026-10-09T03:59:53.9249277Z   G02_SOURCE_HEAD: 38d0bc07d1b6709ff34098297715575509d71b3e
2026-10-09T03:59:53.9250855Z ##[endgroup]
2026-10-09T03:59:54.0835894Z Attempting to download 22.16.0...
2026-10-09T03:59:54.0951255Z (node:2272) [DEP0040] DeprecationWarning: The `punycode` module is deprecated. Please use a userland alternative instead.
2026-10-09T03:59:54.0953481Z (Use `node --trace-deprecation ...` to show where the warning was created)
2026-10-09T03:59:55.0244845Z Acquiring 22.16.0 - x64 from https://github.com/actions/node-versions/releases/download/22.16.0-15177438473/node-22.16.0-linux-x64.tar.gz
2026-10-09T03:59:55.4205514Z Extracting ...
2026-10-09T03:59:55.4335202Z [command]/usr/bin/tar xz --strip 1 --warning=no-unknown-keyword --overwrite -C /home/runner/work/_temp/edd09701-94cd-41f9-a29e-ea7a3c617107 -f /home/runner/work/_temp/d8b06780-a7b7-42c7-8eef-6eb93076c086
2026-10-09T03:59:56.6277322Z Adding to the cache ...
2026-10-09T03:59:59.4184916Z ##[group]Environment details
2026-10-09T04:00:00.1375170Z node: v22.16.0
2026-10-09T04:00:00.1375706Z npm: 10.9.2
2026-10-09T04:00:00.1376075Z yarn: 1.22.22
2026-10-09T04:00:00.1376831Z ##[endgroup]
2026-10-09T04:00:00.1397934Z [command]/opt/hostedtoolcache/node/22.16.0/x64/bin/npm config get cache
2026-10-09T04:00:00.2384964Z /home/runner/.npm
2026-10-09T04:00:00.3508279Z Cache hit for: node-cache-Linux-x64-npm-d48b0073b1be2df746cbb2cab1dca64dc5674a863aed54a4ee7f428aad681317
2026-10-09T04:00:00.3688333Z (node:2272) [DEP0169] DeprecationWarning: `url.parse()` behavior is not standardized and prone to errors that have security implications. Use the WHATWG URL API instead. CVEs are not issued for `url.parse()` vulnerabilities.
2026-10-09T04:00:00.8729239Z Received 12676573 of 12676573 (100.0%), 29.9 MBs/sec
2026-10-09T04:00:00.8730281Z Cache Size: ~12 MB (12676573 B)
2026-10-09T04:00:00.8818557Z [command]/usr/bin/tar -xf /home/runner/work/_temp/302668b3-30c1-4e73-be34-2ad269ff6fe0/cache.tzst -P -C /home/runner/work/partybox-game-cores/partybox-game-cores --use-compress-program unzstd
2026-10-09T04:00:00.9165119Z Cache restored successfully
2026-10-09T04:00:00.9176304Z Cache restored from key: node-cache-Linux-x64-npm-d48b0073b1be2df746cbb2cab1dca64dc5674a863aed54a4ee7f428aad681317
2026-10-09T04:00:00.9357936Z ##[group]Run node --input-type=module <<'JS'
2026-10-09T04:00:00.9358397Z [36;1mnode --input-type=module <<'JS'[0m
2026-10-09T04:00:00.9358756Z [36;1mimport assert from 'node:assert/strict';[0m
2026-10-09T04:00:00.9359178Z [36;1mimport {readFile,appendFile} from 'node:fs/promises';[0m
2026-10-09T04:00:00.9359823Z [36;1mimport {createHash} from 'node:crypto';[0m
2026-10-09T04:00:00.9360735Z [36;1mconst request=JSON.parse(await readFile('evidence/audit-20261009/bootstrap-request.json','utf8'));[0m
2026-10-09T04:00:00.9361418Z [36;1massert.equal(request.version,1);assert.equal(typeof request.enabled,'boolean');[0m
2026-10-09T04:00:00.9361870Z [36;1mif(request.enabled){[0m
2026-10-09T04:00:00.9362952Z [36;1m assert(['mandatory one-workflow correction; first capture binding the corrected G02 workflow','verified material Strong Gin-priority repair; first capture for changed game source'].includes(request.reason),'explicit material/protocol bootstrap reason required');[0m
2026-10-09T04:00:00.9364121Z [36;1m const sha=bytes=>createHash('sha256').update(bytes).digest('hex');[0m
2026-10-09T04:00:00.9364621Z [36;1m assert.equal(sha(await readFile('src/core.ts')),request.coreSha256);[0m
2026-10-09T04:00:00.9365148Z [36;1m assert.equal(sha(await readFile('play.html')),request.htmlSha256);[0m
2026-10-09T04:00:00.9365583Z [36;1m}[0m
2026-10-09T04:00:00.9365982Z [36;1mawait appendFile(process.env.GITHUB_OUTPUT,'bootstrap='+String(request.enabled)+'\n');[0m
2026-10-09T04:00:00.9366769Z [36;1mconsole.log(JSON.stringify({nativeBootstrapRequested:request.enabled,samplersExecuted:false,reason:request.reason}));[0m
2026-10-09T04:00:00.9367350Z [36;1mJS[0m
2026-10-09T04:00:00.9627092Z shell: /usr/bin/bash -e {0}
2026-10-09T04:00:00.9627446Z env:
2026-10-09T04:00:00.9627766Z   G02_SOURCE_HEAD: 38d0bc07d1b6709ff34098297715575509d71b3e
2026-10-09T04:00:00.9628151Z ##[endgroup]
2026-10-09T04:00:01.0056786Z {"nativeBootstrapRequested":true,"samplersExecuted":false,"reason":"verified material Strong Gin-priority repair; first capture for changed game source"}
2026-10-09T04:00:01.0150591Z ##[group]Run mkdir -p .work/initial-presence-bootstrap
2026-10-09T04:00:01.0151137Z [36;1mmkdir -p .work/initial-presence-bootstrap[0m
2026-10-09T04:00:01.0151515Z [36;1mnode --input-type=module <<'JS'[0m
2026-10-09T04:00:01.0151898Z [36;1mimport {writeFile} from 'node:fs/promises';[0m
2026-10-09T04:00:01.0152270Z [36;1mimport assert from 'node:assert/strict';[0m
2026-10-09T04:00:01.0152663Z [36;1mimport {execFileSync} from 'node:child_process';[0m
2026-10-09T04:00:01.0154903Z [36;1mconst identity={version:1,head:process.env.G02_SOURCE_HEAD,ref:process.env.GITHUB_REF,sourceBranch:process.env.GITHUB_HEAD_REF,checkoutSha:execFileSync('git',['rev-parse','HEAD'],{encoding:'utf8'}).trim(),runId:process.env.GITHUB_RUN_ID,runAttempt:process.env.GITHUB_RUN_ATTEMPT,job:process.env.GITHUB_JOB,repository:process.env.GITHUB_REPOSITORY,startedUtc:new Date().toISOString(),purpose:'Fresh original browser evidence for an explicitly requested material G02 repair; not full npm-test acceptance.',originalVerifyJobUnchanged:true,physicalPhoneTested:false};[0m
2026-10-09T04:00:01.0157261Z [36;1mawait writeFile('.work/initial-presence-bootstrap/run.json',JSON.stringify(identity,null,2)+'\n');[0m
2026-10-09T04:00:01.0158028Z [36;1massert.equal(identity.runAttempt,'1','this bootstrap must not be rerun to chase a frame pass');[0m
2026-10-09T04:00:01.0158679Z [36;1massert.equal(identity.sourceBranch,'job/G02-gin-rummy-audit-20261009');[0m
2026-10-09T04:00:01.0159362Z [36;1massert.equal(identity.checkoutSha,identity.head,'bootstrap checkout must be the exact source head');[0m
2026-10-09T04:00:01.0159907Z [36;1mJS[0m
2026-10-09T04:00:01.0225410Z shell: /usr/bin/bash -e {0}
2026-10-09T04:00:01.0225711Z env:
2026-10-09T04:00:01.0225997Z   G02_SOURCE_HEAD: 38d0bc07d1b6709ff34098297715575509d71b3e
2026-10-09T04:00:01.0226351Z ##[endgroup]
2026-10-09T04:00:01.0714833Z ##[group]Run npm ci --ignore-scripts --no-audit --no-fund
2026-10-09T04:00:01.0715317Z [36;1mnpm ci --ignore-scripts --no-audit --no-fund[0m
2026-10-09T04:00:01.0780943Z shell: /usr/bin/bash -e {0}
2026-10-09T04:00:01.0781222Z env:
2026-10-09T04:00:01.0781491Z   G02_SOURCE_HEAD: 38d0bc07d1b6709ff34098297715575509d71b3e
2026-10-09T04:00:01.0782027Z ##[endgroup]
2026-10-09T04:00:02.0461911Z 
2026-10-09T04:00:02.0462440Z added 6 packages in 907ms
2026-10-09T04:00:02.0970465Z ##[group]Run npx playwright install --with-deps chromium
2026-10-09T04:00:02.0971033Z [36;1mnpx playwright install --with-deps chromium[0m
2026-10-09T04:00:02.1036854Z shell: /usr/bin/bash -e {0}
2026-10-09T04:00:02.1037132Z env:
2026-10-09T04:00:02.1037414Z   G02_SOURCE_HEAD: 38d0bc07d1b6709ff34098297715575509d71b3e
2026-10-09T04:00:02.1037774Z ##[endgroup]
2026-10-09T04:00:02.9692354Z Installing dependencies...
2026-10-09T04:00:02.9754924Z Switching to root user to install dependencies...
2026-10-09T04:00:03.0521685Z Get:1 file:/etc/apt/apt-mirrors.txt Mirrorlist [144 B]
2026-10-09T04:00:03.0828412Z Hit:2 http://azure.archive.ubuntu.com/ubuntu noble InRelease
2026-10-09T04:00:03.0846418Z Get:3 http://azure.archive.ubuntu.com/ubuntu noble-updates InRelease [126 kB]
2026-10-09T04:00:03.0900591Z Get:4 http://azure.archive.ubuntu.com/ubuntu noble-backports InRelease [126 kB]
2026-10-09T04:00:03.0943839Z Get:5 http://azure.archive.ubuntu.com/ubuntu noble-security InRelease [126 kB]
2026-10-09T04:00:03.2630373Z Get:6 http://azure.archive.ubuntu.com/ubuntu noble-updates/main amd64 Packages [1375 kB]
2026-10-09T04:00:03.2806333Z Get:7 http://azure.archive.ubuntu.com/ubuntu noble-updates/main Translation-en [306 kB]
2026-10-09T04:00:03.2831281Z Get:8 http://azure.archive.ubuntu.com/ubuntu noble-updates/universe amd64 Packages [1702 kB]
2026-10-09T04:00:03.2881866Z Get:14 https://packages.microsoft.com/ubuntu/24.04/prod noble InRelease [3600 B]
2026-10-09T04:00:03.2964371Z Get:9 http://azure.archive.ubuntu.com/ubuntu noble-updates/universe Translation-en [342 kB]
2026-10-09T04:00:03.3021326Z Get:10 http://azure.archive.ubuntu.com/ubuntu noble-updates/restricted amd64 Packages [1761 kB]
2026-10-09T04:00:03.3141250Z Get:11 http://azure.archive.ubuntu.com/ubuntu noble-updates/restricted Translation-en [401 kB]
2026-10-09T04:00:03.3171451Z Get:12 http://azure.archive.ubuntu.com/ubuntu noble-updates/multiverse amd64 Packages [55.0 kB]
2026-10-09T04:00:03.3196143Z Get:13 http://azure.archive.ubuntu.com/ubuntu noble-updates/multiverse Translation-en [14.3 kB]
2026-10-09T04:00:03.3891912Z Get:15 http://azure.archive.ubuntu.com/ubuntu noble-security/main amd64 Packages [1118 kB]
2026-10-09T04:00:03.3936817Z Get:16 http://azure.archive.ubuntu.com/ubuntu noble-security/main Translation-en [228 kB]
2026-10-09T04:00:03.4386209Z Get:23 https://packages.microsoft.com/ubuntu/24.04/prod noble/main all Packages [640 B]
2026-10-09T04:00:03.4424503Z Get:17 http://azure.archive.ubuntu.com/ubuntu noble-security/universe amd64 Packages [1220 kB]
2026-10-09T04:00:03.4458639Z Get:24 https://packages.microsoft.com/ubuntu/24.04/prod noble/main armhf Packages [12.3 kB]
2026-10-09T04:00:03.4484294Z Get:25 https://packages.microsoft.com/ubuntu/24.04/prod noble/main arm64 Packages [475 kB]
2026-10-09T04:00:03.4493650Z Get:18 http://azure.archive.ubuntu.com/ubuntu noble-security/universe Translation-en [245 kB]
2026-10-09T04:00:03.4527299Z Get:19 http://azure.archive.ubuntu.com/ubuntu noble-security/restricted amd64 Packages [1667 kB]
2026-10-09T04:00:03.4592813Z Get:26 https://packages.microsoft.com/ubuntu/24.04/prod noble/main amd64 Packages [531 kB]
2026-10-09T04:00:03.4625691Z Get:20 http://azure.archive.ubuntu.com/ubuntu noble-security/restricted Translation-en [383 kB]
2026-10-09T04:00:03.4663319Z Get:21 http://azure.archive.ubuntu.com/ubuntu noble-security/multiverse amd64 Packages [49.8 kB]
2026-10-09T04:00:03.4674380Z Get:22 http://azure.archive.ubuntu.com/ubuntu noble-security/multiverse Translation-en [12.4 kB]
2026-10-09T04:00:06.6897968Z Fetched 12.3 MB in 1s (8985 kB/s)
2026-10-09T04:00:07.5919834Z Reading package lists...
2026-10-09T04:00:07.6166321Z Reading package lists...
2026-10-09T04:00:07.8393967Z Building dependency tree...
2026-10-09T04:00:07.8403322Z Reading state information...
2026-10-09T04:00:08.0021587Z libasound2t64 is already the newest version (1.2.11-1ubuntu0.3).
2026-10-09T04:00:08.0022597Z libasound2t64 set to manually installed.
2026-10-09T04:00:08.0024976Z libatk-bridge2.0-0t64 is already the newest version (2.52.0-1build1).
2026-10-09T04:00:08.0026052Z libatk-bridge2.0-0t64 set to manually installed.
2026-10-09T04:00:08.0026991Z libatk1.0-0t64 is already the newest version (2.52.0-1build1).
2026-10-09T04:00:08.0027998Z libatk1.0-0t64 set to manually installed.
2026-10-09T04:00:08.0028879Z libatspi2.0-0t64 is already the newest version (2.52.0-1build1).
2026-10-09T04:00:08.0029630Z libatspi2.0-0t64 set to manually installed.
2026-10-09T04:00:08.0030542Z libcairo2 is already the newest version (1.18.0-3build1).
2026-10-09T04:00:08.0030971Z libcairo2 set to manually installed.
2026-10-09T04:00:08.0031435Z libcups2t64 is already the newest version (2.4.7-1.2ubuntu7.14).
2026-10-09T04:00:08.0031877Z libcups2t64 set to manually installed.
2026-10-09T04:00:08.0032633Z libdbus-1-3 is already the newest version (1.14.10-4ubuntu4.1).
2026-10-09T04:00:08.0033251Z libdbus-1-3 set to manually installed.
2026-10-09T04:00:08.0033725Z libdrm2 is already the newest version (2.4.125-1ubuntu0.1~24.04.2).
2026-10-09T04:00:08.0034179Z libdrm2 set to manually installed.
2026-10-09T04:00:08.0034607Z libgbm1 is already the newest version (25.2.8-0ubuntu0.24.04.4).
2026-10-09T04:00:08.0035018Z libgbm1 set to manually installed.
2026-10-09T04:00:08.0035837Z libglib2.0-0t64 is already the newest version (2.80.0-6ubuntu3.9).
2026-10-09T04:00:08.0036313Z libglib2.0-0t64 set to manually installed.
2026-10-09T04:00:08.0036769Z libnspr4 is already the newest version (2:4.35-1.1build1).
2026-10-09T04:00:08.0037210Z libnspr4 set to manually installed.
2026-10-09T04:00:08.0037630Z libnss3 is already the newest version (2:3.98-1ubuntu0.2).
2026-10-09T04:00:08.0038287Z libnss3 set to manually installed.
2026-10-09T04:00:08.0039153Z libpango-1.0-0 is already the newest version (1.52.1+ds-1build1).
2026-10-09T04:00:08.0040232Z libpango-1.0-0 set to manually installed.
2026-10-09T04:00:08.0040998Z libx11-6 is already the newest version (2:1.8.7-1build1).
2026-10-09T04:00:08.0041623Z libx11-6 set to manually installed.
2026-10-09T04:00:08.0042052Z libxcb1 is already the newest version (1.15-1ubuntu2).
2026-10-09T04:00:08.0042450Z libxcb1 set to manually installed.
2026-10-09T04:00:08.0042905Z libxcomposite1 is already the newest version (1:0.4.5-1build3).
2026-10-09T04:00:08.0043700Z libxcomposite1 set to manually installed.
2026-10-09T04:00:08.0044517Z libxdamage1 is already the newest version (1:1.1.6-1build1).
2026-10-09T04:00:08.0045258Z libxdamage1 set to manually installed.
2026-10-09T04:00:08.0045768Z libxext6 is already the newest version (2:1.3.4-1build2).
2026-10-09T04:00:08.0046168Z libxext6 set to manually installed.
2026-10-09T04:00:08.0046580Z libxfixes3 is already the newest version (1:6.0.0-2build1).
2026-10-09T04:00:08.0046996Z libxfixes3 set to manually installed.
2026-10-09T04:00:08.0047424Z libxkbcommon0 is already the newest version (1.6.0-1build1).
2026-10-09T04:00:08.0048287Z libxkbcommon0 set to manually installed.
2026-10-09T04:00:08.0049137Z libxrandr2 is already the newest version (2:1.5.2-2build1).
2026-10-09T04:00:08.0049896Z libxrandr2 set to manually installed.
2026-10-09T04:00:08.0050966Z xvfb is already the newest version (2:21.1.12-1ubuntu1.8).
2026-10-09T04:00:08.0052013Z fonts-noto-color-emoji is already the newest version (2.047-0ubuntu0.24.04.1).
2026-10-09T04:00:08.0053081Z libfontconfig1 is already the newest version (2.15.0-1.1ubuntu2).
2026-10-09T04:00:08.0053910Z libfontconfig1 set to manually installed.
2026-10-09T04:00:08.0054706Z fonts-liberation is already the newest version (1:2.1.5-3).
2026-10-09T04:00:08.0055468Z fonts-liberation set to manually installed.
2026-10-09T04:00:08.0056209Z The following additional packages will be installed:
2026-10-09T04:00:08.0056875Z   xfonts-encodings xfonts-utils
2026-10-09T04:00:08.0057404Z Recommended packages:
2026-10-09T04:00:08.0057908Z   fonts-ipafont-mincho fonts-tlwg-loma
2026-10-09T04:00:08.0256032Z The following NEW packages will be installed:
2026-10-09T04:00:08.0257817Z   fonts-freefont-ttf fonts-ipafont-gothic fonts-tlwg-loma-otf fonts-unifont
2026-10-09T04:00:08.0266630Z   fonts-wqy-zenhei xfonts-cyrillic xfonts-encodings xfonts-scalable
2026-10-09T04:00:08.0267465Z   xfonts-utils
2026-10-09T04:00:08.0291085Z The following packages will be upgraded:
2026-10-09T04:00:08.0292179Z   libfreetype6
2026-10-09T04:00:08.0454828Z 1 upgraded, 9 newly installed, 0 to remove and 22 not upgraded.
2026-10-09T04:00:08.0455674Z Need to get 21.5 MB of archives.
2026-10-09T04:00:08.0456511Z After this operation, 79.5 MB of additional disk space will be used.
2026-10-09T04:00:08.0457514Z Get:1 file:/etc/apt/apt-mirrors.txt Mirrorlist [144 B]
2026-10-09T04:00:08.1028144Z Get:2 http://azure.archive.ubuntu.com/ubuntu noble/universe amd64 fonts-ipafont-gothic all 00303-21ubuntu1 [3513 kB]
2026-10-09T04:00:08.3426699Z Get:3 http://azure.archive.ubuntu.com/ubuntu noble/main amd64 fonts-freefont-ttf all 20211204+svn4273-2 [5641 kB]
2026-10-09T04:00:08.4878114Z Get:4 http://azure.archive.ubuntu.com/ubuntu noble/universe amd64 fonts-tlwg-loma-otf all 1:0.7.3-1 [107 kB]
2026-10-09T04:00:08.5123227Z Get:5 http://azure.archive.ubuntu.com/ubuntu noble/universe amd64 fonts-unifont all 1:15.1.01-1build1 [2993 kB]
2026-10-09T04:00:08.5967216Z Get:6 http://azure.archive.ubuntu.com/ubuntu noble/universe amd64 fonts-wqy-zenhei all 0.9.45-8 [7472 kB]
2026-10-09T04:00:08.7455373Z Get:7 http://azure.archive.ubuntu.com/ubuntu noble-updates/main amd64 libfreetype6 amd64 2.13.2+dfsg-1ubuntu0.2 [403 kB]
2026-10-09T04:00:08.7702127Z Get:8 http://azure.archive.ubuntu.com/ubuntu noble/main amd64 xfonts-encodings all 1:1.0.5-0ubuntu2 [578 kB]
2026-10-09T04:00:08.7971682Z Get:9 http://azure.archive.ubuntu.com/ubuntu noble/main amd64 xfonts-utils amd64 1:7.7+6build3 [94.4 kB]
2026-10-09T04:00:08.8201840Z Get:10 http://azure.archive.ubuntu.com/ubuntu noble/universe amd64 xfonts-cyrillic all 1:1.0.5+nmu1 [384 kB]
2026-10-09T04:00:08.8476479Z Get:11 http://azure.archive.ubuntu.com/ubuntu noble/main amd64 xfonts-scalable all 1:1.0.3-1.3 [304 kB]
2026-10-09T04:00:09.1147018Z Fetched 21.5 MB in 1s (26.3 MB/s)
2026-10-09T04:00:09.1399042Z Selecting previously unselected package fonts-ipafont-gothic.
2026-10-09T04:00:09.1727116Z (Reading database ... 
2026-10-09T04:00:09.1727487Z (Reading database ... 5%
2026-10-09T04:00:09.1727813Z (Reading database ... 10%
2026-10-09T04:00:09.1728129Z (Reading database ... 15%
2026-10-09T04:00:09.1728436Z (Reading database ... 20%
2026-10-09T04:00:09.1728727Z (Reading database ... 25%
2026-10-09T04:00:09.1729019Z (Reading database ... 30%
2026-10-09T04:00:09.1729319Z (Reading database ... 35%
2026-10-09T04:00:09.1729613Z (Reading database ... 40%
2026-10-09T04:00:09.1730255Z (Reading database ... 45%
2026-10-09T04:00:09.1730664Z (Reading database ... 50%
2026-10-09T04:00:09.1772386Z (Reading database ... 55%
2026-10-09T04:00:09.2815699Z (Reading database ... 60%
2026-10-09T04:00:09.5213841Z (Reading database ... 65%
2026-10-09T04:00:09.7244495Z (Reading database ... 70%
2026-10-09T04:00:09.8728968Z (Reading database ... 75%
2026-10-09T04:00:10.0314848Z (Reading database ... 80%
2026-10-09T04:00:10.2176847Z (Reading database ... 85%
2026-10-09T04:00:10.3801159Z (Reading database ... 90%
2026-10-09T04:00:10.5251829Z (Reading database ... 95%
2026-10-09T04:00:10.5252502Z (Reading database ... 100%
2026-10-09T04:00:10.5253226Z (Reading database ... 203191 files and directories currently installed.)
2026-10-09T04:00:10.5293890Z Preparing to unpack .../0-fonts-ipafont-gothic_00303-21ubuntu1_all.deb ...
2026-10-09T04:00:10.5383624Z Unpacking fonts-ipafont-gothic (00303-21ubuntu1) ...
2026-10-09T04:00:10.7669790Z Selecting previously unselected package fonts-freefont-ttf.
2026-10-09T04:00:10.7795263Z Preparing to unpack .../1-fonts-freefont-ttf_20211204+svn4273-2_all.deb ...
2026-10-09T04:00:10.7803860Z Unpacking fonts-freefont-ttf (20211204+svn4273-2) ...
2026-10-09T04:00:10.8571145Z Selecting previously unselected package fonts-tlwg-loma-otf.
2026-10-09T04:00:10.8699794Z Preparing to unpack .../2-fonts-tlwg-loma-otf_1%3a0.7.3-1_all.deb ...
2026-10-09T04:00:10.8707052Z Unpacking fonts-tlwg-loma-otf (1:0.7.3-1) ...
2026-10-09T04:00:10.8913172Z Selecting previously unselected package fonts-unifont.
2026-10-09T04:00:10.9043166Z Preparing to unpack .../3-fonts-unifont_1%3a15.1.01-1build1_all.deb ...
2026-10-09T04:00:10.9052490Z Unpacking fonts-unifont (1:15.1.01-1build1) ...
2026-10-09T04:00:11.0075293Z Selecting previously unselected package fonts-wqy-zenhei.
2026-10-09T04:00:11.0204936Z Preparing to unpack .../4-fonts-wqy-zenhei_0.9.45-8_all.deb ...
2026-10-09T04:00:11.0305254Z Unpacking fonts-wqy-zenhei (0.9.45-8) ...
2026-10-09T04:00:11.5199012Z Preparing to unpack .../5-libfreetype6_2.13.2+dfsg-1ubuntu0.2_amd64.deb ...
2026-10-09T04:00:11.5228803Z Unpacking libfreetype6:amd64 (2.13.2+dfsg-1ubuntu0.2) over (2.13.2+dfsg-1ubuntu0.1) ...
2026-10-09T04:00:11.5498739Z Selecting previously unselected package xfonts-encodings.
2026-10-09T04:00:11.5629066Z Preparing to unpack .../6-xfonts-encodings_1%3a1.0.5-0ubuntu2_all.deb ...
2026-10-09T04:00:11.5642007Z Unpacking xfonts-encodings (1:1.0.5-0ubuntu2) ...
2026-10-09T04:00:11.5923499Z Selecting previously unselected package xfonts-utils.
2026-10-09T04:00:11.6052712Z Preparing to unpack .../7-xfonts-utils_1%3a7.7+6build3_amd64.deb ...
2026-10-09T04:00:11.6059095Z Unpacking xfonts-utils (1:7.7+6build3) ...
2026-10-09T04:00:11.6411655Z Selecting previously unselected package xfonts-cyrillic.
2026-10-09T04:00:11.6539358Z Preparing to unpack .../8-xfonts-cyrillic_1%3a1.0.5+nmu1_all.deb ...
2026-10-09T04:00:11.6547506Z Unpacking xfonts-cyrillic (1:1.0.5+nmu1) ...
2026-10-09T04:00:11.6879477Z Selecting previously unselected package xfonts-scalable.
2026-10-09T04:00:11.7006752Z Preparing to unpack .../9-xfonts-scalable_1%3a1.0.3-1.3_all.deb ...
2026-10-09T04:00:11.7013386Z Unpacking xfonts-scalable (1:1.0.3-1.3) ...
2026-10-09T04:00:11.7438498Z Setting up fonts-wqy-zenhei (0.9.45-8) ...
2026-10-09T04:00:11.7558710Z Setting up fonts-freefont-ttf (20211204+svn4273-2) ...
2026-10-09T04:00:11.7576171Z Setting up fonts-tlwg-loma-otf (1:0.7.3-1) ...
2026-10-09T04:00:11.7593506Z Setting up libfreetype6:amd64 (2.13.2+dfsg-1ubuntu0.2) ...
2026-10-09T04:00:11.7611594Z Setting up xfonts-encodings (1:1.0.5-0ubuntu2) ...
2026-10-09T04:00:11.7628832Z Setting up fonts-ipafont-gothic (00303-21ubuntu1) ...
2026-10-09T04:00:11.7692070Z update-alternatives: using /usr/share/fonts/opentype/ipafont-gothic/ipag.ttf to provide /usr/share/fonts/truetype/fonts-japanese-gothic.ttf (fonts-japanese-gothic.ttf) in auto mode
2026-10-09T04:00:11.7712005Z Setting up fonts-unifont (1:15.1.01-1build1) ...
2026-10-09T04:00:11.7729848Z Setting up xfonts-utils (1:7.7+6build3) ...
2026-10-09T04:00:11.7770589Z Setting up xfonts-cyrillic (1:1.0.5+nmu1) ...
2026-10-09T04:00:11.8056552Z Setting up xfonts-scalable (1:1.0.3-1.3) ...
2026-10-09T04:00:11.8326540Z Processing triggers for libc-bin (2.39-0ubuntu8.9) ...
2026-10-09T04:00:11.8678306Z Processing triggers for man-db (2.12.0-4build2) ...
2026-10-09T04:00:11.8702681Z Not building database; man-db/auto-update is not 'true'.
2026-10-09T04:00:11.8715819Z Processing triggers for fontconfig (2.15.0-1.1ubuntu2) ...
2026-10-09T04:00:12.5970635Z 
2026-10-09T04:00:12.5971279Z Running kernel seems to be up-to-date.
2026-10-09T04:00:12.5971581Z 
2026-10-09T04:00:12.5971720Z Restarting services...
2026-10-09T04:00:12.6049122Z  systemctl restart php8.3-fpm.service
2026-10-09T04:00:12.7082671Z 
2026-10-09T04:00:12.7099518Z No containers need to be restarted.
2026-10-09T04:00:12.7102250Z 
2026-10-09T04:00:12.7102662Z No user sessions are running outdated binaries.
2026-10-09T04:00:12.7103061Z 
2026-10-09T04:00:12.7103571Z No VM guests are running outdated hypervisor (qemu) binaries on this host.
2026-10-09T04:00:13.6557612Z Downloading Chromium 141.0.7390.37 (playwright build v1194) from https://cdn.playwright.dev/dbazure/download/playwright/builds/chromium/1194/chromium-linux.zip
2026-10-09T04:00:13.8035101Z |                                                                                |   0% of 173.9 MiB
2026-10-09T04:00:13.9375710Z |■■■■■■■■                                                                        |  10% of 173.9 MiB
2026-10-09T04:00:14.0244452Z |■■■■■■■■■■■■■■■■                                                                |  20% of 173.9 MiB
2026-10-09T04:00:14.1056585Z |■■■■■■■■■■■■■■■■■■■■■■■■                                                        |  30% of 173.9 MiB
2026-10-09T04:00:14.1832191Z |■■■■■■■■■■■■■■■■■■■■■■■■■■■■■■■■                                                |  40% of 173.9 MiB
2026-10-09T04:00:14.2642474Z |■■■■■■■■■■■■■■■■■■■■■■■■■■■■■■■■■■■■■■■■                                        |  50% of 173.9 MiB
2026-10-09T04:00:14.3451383Z |■■■■■■■■■■■■■■■■■■■■■■■■■■■■■■■■■■■■■■■■■■■■■■■■                                |  60% of 173.9 MiB
2026-10-09T04:00:14.4210591Z |■■■■■■■■■■■■■■■■■■■■■■■■■■■■■■■■■■■■■■■■■■■■■■■■■■■■■■■■                        |  70% of 173.9 MiB
2026-10-09T04:00:14.5019292Z |■■■■■■■■■■■■■■■■■■■■■■■■■■■■■■■■■■■■■■■■■■■■■■■■■■■■■■■■■■■■■■■■                |  80% of 173.9 MiB
2026-10-09T04:00:14.5806328Z |■■■■■■■■■■■■■■■■■■■■■■■■■■■■■■■■■■■■■■■■■■■■■■■■■■■■■■■■■■■■■■■■■■■■■■■■        |  90% of 173.9 MiB
2026-10-09T04:00:14.6729133Z |■■■■■■■■■■■■■■■■■■■■■■■■■■■■■■■■■■■■■■■■■■■■■■■■■■■■■■■■■■■■■■■■■■■■■■■■■■■■■■■■| 100% of 173.9 MiB
2026-10-09T04:00:18.6614862Z Chromium 141.0.7390.37 (playwright build v1194) downloaded to /home/runner/.cache/ms-playwright/chromium-1194
2026-10-09T04:00:18.6618769Z Downloading FFMPEG playwright build v1011 from https://cdn.playwright.dev/dbazure/download/playwright/builds/ffmpeg/1011/ffmpeg-linux.zip
2026-10-09T04:00:18.8199165Z |                                                                                |   0% of 2.3 MiB
2026-10-09T04:00:18.8250704Z |■■■■■■■■                                                                        |  10% of 2.3 MiB
2026-10-09T04:00:18.8292505Z |■■■■■■■■■■■■■■■■                                                                |  20% of 2.3 MiB
2026-10-09T04:00:18.8311171Z |■■■■■■■■■■■■■■■■■■■■■■■■                                                        |  30% of 2.3 MiB
2026-10-09T04:00:18.8337221Z |■■■■■■■■■■■■■■■■■■■■■■■■■■■■■■■■                                                |  40% of 2.3 MiB
2026-10-09T04:00:18.8362140Z |■■■■■■■■■■■■■■■■■■■■■■■■■■■■■■■■■■■■■■■■                                        |  50% of 2.3 MiB
2026-10-09T04:00:18.8379610Z |■■■■■■■■■■■■■■■■■■■■■■■■■■■■■■■■■■■■■■■■■■■■■■■■                                |  60% of 2.3 MiB
2026-10-09T04:00:18.8402048Z |■■■■■■■■■■■■■■■■■■■■■■■■■■■■■■■■■■■■■■■■■■■■■■■■■■■■■■■■                        |  70% of 2.3 MiB
2026-10-09T04:00:18.8417496Z |■■■■■■■■■■■■■■■■■■■■■■■■■■■■■■■■■■■■■■■■■■■■■■■■■■■■■■■■■■■■■■■■                |  80% of 2.3 MiB
2026-10-09T04:00:18.8431245Z |■■■■■■■■■■■■■■■■■■■■■■■■■■■■■■■■■■■■■■■■■■■■■■■■■■■■■■■■■■■■■■■■■■■■■■■■        |  90% of 2.3 MiB
2026-10-09T04:00:18.8443047Z |■■■■■■■■■■■■■■■■■■■■■■■■■■■■■■■■■■■■■■■■■■■■■■■■■■■■■■■■■■■■■■■■■■■■■■■■■■■■■■■■| 100% of 2.3 MiB
2026-10-09T04:00:18.9016864Z FFMPEG playwright build v1011 downloaded to /home/runner/.cache/ms-playwright/ffmpeg-1011
2026-10-09T04:00:18.9021149Z Downloading Chromium Headless Shell 141.0.7390.37 (playwright build v1194) from https://cdn.playwright.dev/dbazure/download/playwright/builds/chromium/1194/chromium-headless-shell-linux.zip
2026-10-09T04:00:19.0582157Z |                                                                                |   0% of 104.3 MiB
2026-10-09T04:00:19.1498255Z |■■■■■■■■                                                                        |  10% of 104.3 MiB
2026-10-09T04:00:19.2078361Z |■■■■■■■■■■■■■■■■                                                                |  20% of 104.3 MiB
2026-10-09T04:00:19.2556006Z |■■■■■■■■■■■■■■■■■■■■■■■■                                                        |  30% of 104.3 MiB
2026-10-09T04:00:19.3092845Z |■■■■■■■■■■■■■■■■■■■■■■■■■■■■■■■■                                                |  40% of 104.3 MiB
2026-10-09T04:00:19.3502538Z |■■■■■■■■■■■■■■■■■■■■■■■■■■■■■■■■■■■■■■■■                                        |  50% of 104.3 MiB
2026-10-09T04:00:19.3893875Z |■■■■■■■■■■■■■■■■■■■■■■■■■■■■■■■■■■■■■■■■■■■■■■■■                                |  60% of 104.3 MiB
2026-10-09T04:00:19.4271868Z |■■■■■■■■■■■■■■■■■■■■■■■■■■■■■■■■■■■■■■■■■■■■■■■■■■■■■■■■                        |  70% of 104.3 MiB
2026-10-09T04:00:19.4666334Z |■■■■■■■■■■■■■■■■■■■■■■■■■■■■■■■■■■■■■■■■■■■■■■■■■■■■■■■■■■■■■■■■                |  80% of 104.3 MiB
2026-10-09T04:00:19.5069061Z |■■■■■■■■■■■■■■■■■■■■■■■■■■■■■■■■■■■■■■■■■■■■■■■■■■■■■■■■■■■■■■■■■■■■■■■■        |  90% of 104.3 MiB
2026-10-09T04:00:19.5431380Z |■■■■■■■■■■■■■■■■■■■■■■■■■■■■■■■■■■■■■■■■■■■■■■■■■■■■■■■■■■■■■■■■■■■■■■■■■■■■■■■■| 100% of 104.3 MiB
2026-10-09T04:00:21.4342119Z Chromium Headless Shell 141.0.7390.37 (playwright build v1194) downloaded to /home/runner/.cache/ms-playwright/chromium_headless_shell-1194
2026-10-09T04:00:21.5257574Z ##[group]Run npm run build
2026-10-09T04:00:21.5257890Z [36;1mnpm run build[0m
2026-10-09T04:00:21.5323463Z shell: /usr/bin/bash -e {0}
2026-10-09T04:00:21.5323767Z env:
2026-10-09T04:00:21.5324034Z   G02_SOURCE_HEAD: 38d0bc07d1b6709ff34098297715575509d71b3e
2026-10-09T04:00:21.5324365Z ##[endgroup]
2026-10-09T04:00:21.6353164Z 
2026-10-09T04:00:21.6353721Z > partybox-g02-gin-rummy@1.2.1 build
2026-10-09T04:00:21.6354435Z > tsc --noEmit && node scripts/build.mjs
2026-10-09T04:00:21.6354805Z 
2026-10-09T04:00:23.7201756Z ##[group]Run git diff --exit-code -- play.html
2026-10-09T04:00:23.7202184Z [36;1mgit diff --exit-code -- play.html[0m
2026-10-09T04:00:23.7266137Z shell: /usr/bin/bash -e {0}
2026-10-09T04:00:23.7266404Z env:
2026-10-09T04:00:23.7266665Z   G02_SOURCE_HEAD: 38d0bc07d1b6709ff34098297715575509d71b3e
2026-10-09T04:00:23.7266994Z ##[endgroup]
2026-10-09T04:00:23.8578749Z ##[group]Run node --input-type=module <<'JS'
2026-10-09T04:00:23.8579164Z [36;1mnode --input-type=module <<'JS'[0m
2026-10-09T04:00:23.8579495Z [36;1mimport assert from 'node:assert/strict';[0m
2026-10-09T04:00:23.8579900Z [36;1mimport {readFile,writeFile,mkdir} from 'node:fs/promises';[0m
2026-10-09T04:00:23.8580703Z [36;1mimport {dirname} from 'node:path';[0m
2026-10-09T04:00:23.8581260Z [36;1mimport {browserSourcePaths,browserSourceHashes,sha256} from './scripts/browser-source-guard.mjs';[0m
2026-10-09T04:00:23.8582029Z [36;1mconst base='.work/initial-presence-bootstrap',sources=await browserSourceHashes(),copied=[];[0m
2026-10-09T04:00:23.8582550Z [36;1mconst destination=path=>{[0m
2026-10-09T04:00:23.8583060Z [36;1m  if(path.startsWith('../../contract/'))return base+'/sources/contract/'+path.slice('../../contract/'.length);[0m
2026-10-09T04:00:23.8583735Z [36;1m  if(path==='../../.github/workflows/G02.yml')return base+'/sources/workflow/G02.yml';[0m
2026-10-09T04:00:23.8584368Z [36;1m  assert(!path.startsWith('../')&&!path.startsWith('/'));return base+'/sources/job/'+path;[0m
2026-10-09T04:00:23.8584809Z [36;1m};[0m
2026-10-09T04:00:23.8585049Z [36;1mfor(const path of browserSourcePaths){[0m
2026-10-09T04:00:23.8585599Z [36;1m  const bytes=await readFile(path),target=destination(path);assert.equal(sha256(bytes),sources[path]);[0m
2026-10-09T04:00:23.8586243Z [36;1m  await mkdir(dirname(target),{recursive:true});await writeFile(target,bytes);[0m
2026-10-09T04:00:23.8586878Z [36;1m  copied.push({originalPath:path,artifactPath:target,bytes:bytes.length,sha256:sha256(bytes)});[0m
2026-10-09T04:00:23.8587355Z [36;1m}[0m
2026-10-09T04:00:23.8587626Z [36;1mconst additionalSources={},additionalCopied=[];[0m
2026-10-09T04:00:23.8588515Z [36;1mfor(const [originalPath,artifactPath] of [['../../contract/package.json',base+'/sources/contract/package.json'],['evidence/audit-20261009/bootstrap-request.json',base+'/bootstrap-request.json']]){[0m
2026-10-09T04:00:23.8590164Z [36;1m const bytes=await readFile(originalPath);additionalSources[originalPath]=sha256(bytes);await writeFile(artifactPath,bytes);additionalCopied.push({originalPath,artifactPath,bytes:bytes.length,sha256:sha256(bytes)});[0m
2026-10-09T04:00:23.8591289Z [36;1m}[0m
2026-10-09T04:00:23.8592093Z [36;1mconst bootstrap=await readFile('../../.github/workflows/G02.yml');[0m
2026-10-09T04:00:23.8593102Z [36;1mawait writeFile(base+'/bootstrap-workflow.yml',bootstrap);[0m
2026-10-09T04:00:23.8593820Z [36;1mawait writeFile(base+'/source-start.json',JSON.stringify(sources,null,2)+'\n');[0m
2026-10-09T04:00:23.8595210Z [36;1mawait writeFile(base+'/source-copy-index.json',JSON.stringify({version:1,head:process.env.G02_SOURCE_HEAD,originalGuardedSources:browserSourcePaths.length,bootstrapWorkflowSha256:sha256(bootstrap),additionalSources,additionalCopied,copied},null,2)+'\n');[0m
2026-10-09T04:00:23.8596555Z [36;1massert.equal(copied.length,35);[0m
2026-10-09T04:00:23.8597194Z [36;1mconsole.log(JSON.stringify({preservedOriginalInputs:copied.length,head:process.env.G02_SOURCE_HEAD}));[0m
2026-10-09T04:00:23.8609725Z [36;1mJS[0m
2026-10-09T04:00:23.8671550Z shell: /usr/bin/bash -e {0}
2026-10-09T04:00:23.8671824Z env:
2026-10-09T04:00:23.8672098Z   G02_SOURCE_HEAD: 38d0bc07d1b6709ff34098297715575509d71b3e
2026-10-09T04:00:23.8672442Z ##[endgroup]
2026-10-09T04:00:23.9341820Z {"preservedOriginalInputs":35,"head":"38d0bc07d1b6709ff34098297715575509d71b3e"}
2026-10-09T04:00:23.9413515Z ##[group]Run node scripts/browser-check.mjs
2026-10-09T04:00:23.9413903Z [36;1mnode scripts/browser-check.mjs[0m
2026-10-09T04:00:23.9477132Z shell: /usr/bin/bash -e {0}
2026-10-09T04:00:23.9477408Z env:
2026-10-09T04:00:23.9477694Z   G02_SOURCE_HEAD: 38d0bc07d1b6709ff34098297715575509d71b3e
2026-10-09T04:00:23.9478031Z ##[endgroup]
2026-10-09T04:00:24.3512139Z {"kind":"full browser proof","started":"2026-10-09T04:00:24.347Z","pid":3237,"sourceStart":{"play.html":"224b361daadcadba137416c0311712d93acdaf35f9f9576385eaf873739cc017","src/core.ts":"389fda6be764fcaf753f8153c0d0e54b400b652198608a79966128eae72e5d76","src/cards.ts":"e309e103393bc1aaaf10b34e3994de815dd693d1828a61566723b8fba573fdb9","src/browser.ts":"56fb3b450aa29e9dda800a69b187d66d5446e056bf2b89b349a9bef1479131e4","src/play.template.html":"1b5188f105cfd9766f3f19c0a6f3cfa1b522cbd676ec5fde0dbfa1566a09f8c7","../../contract/contract.ts":"c0f999c153074769c99c67ab2a71ad66c879e45e834713f3367b2bde4a1873d5","../../contract/constants.ts":"27cdd23112ea03f344457e6f6e6b5839ff536ebeadbba189751520353aa085ef","../../contract/rng.ts":"7cfcf3024723607e8dd1ce6ccc5683a48d71fcc617947304cc5b9f6d3d7842fe","../../contract/minigame-schema.ts":"2438655eeb8ca658543b475070e6fb3ccb3947f154f57caa3f619c87853c9bbb","../../contract/player-count-schema.ts":"0748d9d9bcf795d0693c37a0f369b262fd8801dec9ab1e4a9a4f5ec23751a189","dist/core.mjs":"18796a2c67f34b5fdb5cf0fdfdba67bb7d1896a5206079e30a280c02f3a72417","dist/cards.mjs":"1b8d994514e2de1464f361bddac143b99dfa328037152a89a476bcb1ce5f6c77","dist/contract.mjs":"0d477737fffa3503f35a19d174fce2f29de33bef1769ee5bba2c327ac592101a","scripts/browser-check.mjs":"536587be20208be80ec3bc081be7ff5a23ceeac9bc83ab3a67095084bbbd87dc","scripts/clock-check.mjs":"beba34324460280157fbdffd947f02731437e067fbb6ac816a7e49d2c4e6da19","scripts/meld-check.mjs":"d514a510f1972bdfa0b60d5148c1d42a82efeb4b21f3b799c4e0794054b4b7e4","scripts/results-check.mjs":"c478d1b3f32b71c94f2d5307f2c3b3e1e044edd84833d28e7ffc165f13bd310f","scripts/name-check.mjs":"3802ec077deee82176a892bcb51df0bb268c7ab765851d636faa5ab2228f531f","scripts/host-check.mjs":"e47e9a53aad166af54d78ea28e44ec5defff3e56d69139863113f5c132425b50","scripts/public-history-check.mjs":"5c887f46d5240f1434f173bbd495c560869441b074447d52f4a49878a66a0859","tests/browser-fixture.mjs":"f499940919128006bc90c4cb08eb766677c1bff3ea4dccf02645863a3bc50621","tests/helpers.mjs":"402515edb7b2a6af9548da2a2f1a7fa8f6b220b425da9664bd8c4a3e8b552b2e","scripts/browser-source-guard.mjs":"e5d9304a91ef04963133fe6bbae2c62189da28e917562da5a7cdb856596a1622","scripts/frame-coordination.mjs":"f1d34bfd418b5446a14c2ee3b3ba297eac18ed126d4ee261dffab57224399656","scripts/strict-browser-proof.mjs":"fae9a75d472307307c6eb4781c77f32845ebdade6f4104d859957ce62c1d43d9","scripts/browser-proof.mjs":"3ce834d0a764a4aefc93d0eaf7171f805d4ea5428563bcd976728f65222a8489","scripts/capture.mjs":"72077090f49f70e74c05ee925560a760f1f52b671ccb72d63570d609b9f80985","scripts/build.mjs":"3580cac9f713c9e4c3bfe8a83ec6bef33a64cd30be2c5d27c028b29a6a06fe8e","scripts/integrity.mjs":"7104c27be54110cac7b2d336e594ce0681a578fcb301a863540084619a7e42bb","scripts/check-evidence-links.mjs":"03484934e141e8e0b08e8928bf6f89f48a15f0cfe95b24e94273eebfb1a62842","package.json":"8855d609e12ca7990d525b64c285513acde1420fc6368ccca3a937979253a91b","package-lock.json":"bb2357fee1276cb24714d62a0a02d478e465806f5ec8978034da5594d6fa765a","tsconfig.json":"624efd829d3631cf6a6cc8d7b345e93bb47e713f05162b0ff511ef6cfc0a6ac3","manifest.json":"d079699772d442cda13bf8a41672e7de59d8a62966e07d0c87b8b8e991d84dbb","../../.github/workflows/G02.yml":"d177727723ba04faf8d36b43011e80462d7f48150ee65c7411cae053c3414c77"}}
2026-10-09T04:00:35.2022047Z {"frameWindow":"CLOSED","profile":"desktop","sourceSha256":"224b361daadcadba137416c0311712d93acdaf35f9f9576385eaf873739cc017","attemptNonce":"160421ee-4937-44ac-94fc-5930c04d17e8","coordination":"uncoordinated","readyUtc":null,"grantUtc":null,"status":"samples-written","rawIntervals":600,"utc":"2026-10-09T04:00:35.201Z"}
2026-10-09T04:00:35.4203473Z {"label":"desktop","fps":60.00180005400161,"meanMs":16.66616666666667,"p99Ms":16.800000000000182,"maxMs":16.80000000000109,"networkRequests":0,"pageErrors":0}
2026-10-09T04:00:46.4930671Z {"frameWindow":"CLOSED","profile":"phone4x","sourceSha256":"224b361daadcadba137416c0311712d93acdaf35f9f9576385eaf873739cc017","attemptNonce":"14a720af-5322-4b88-b313-8a8ec1620616","coordination":"uncoordinated","readyUtc":null,"grantUtc":null,"status":"samples-written","rawIntervals":600,"utc":"2026-10-09T04:00:46.490Z"}
2026-10-09T04:00:46.7694715Z {"label":"phone4x","fps":60.00300015000751,"meanMs":16.66583333333333,"p99Ms":16.800000000000182,"maxMs":16.80000000000109,"networkRequests":0,"pageErrors":0}
2026-10-09T04:00:47.0552049Z {"kind":"synthetic delayed-host-callback and pause regression","elapsedMs":20000,"configuredTurnMs":10000,"firstExpiredCallbackCount":1,"actionsBefore":0,"actionsAfter":1,"deadlineAdvancedOnElapsedTime":true,"visibleCountdown":true,"pausePreservesRemainingTime":true,"entropyCalls":1,"controlledTestSeed":7199}
2026-10-09T04:00:49.4377389Z {"customMeldRegression":[{"label":"desktop","cpuThrottle":1,"namedCardControls":10,"privateDraftCleared":true,"invalidGroupsPreventKnock":true,"closedControlsRestoreAutomaticKnock":true,"revealShowsDeclaredLayout":true,"defenderResolvedDeadwood":0,"undercutPoints":11,"pageErrors":0,"networkRequests":0,"fixture":"initial state only; production reducer, solver and renderer"},{"label":"phone4x","cpuThrottle":4,"namedCardControls":10,"privateDraftCleared":true,"invalidGroupsPreventKnock":true,"closedControlsRestoreAutomaticKnock":true,"revealShowsDeclaredLayout":true,"defenderResolvedDeadwood":0,"undercutPoints":11,"pageErrors":0,"networkRequests":0,"fixture":"initial state only; production reducer, solver and renderer"}]}
2026-10-09T04:00:50.3815490Z {"resultsRegression":[{"label":"desktop","cpuThrottle":1,"targetWinner":"p0","displayedWinner":"Target winner","finalPoints":{"p0":388,"p1":499},"explanationVisible":true,"pageErrors":0,"fixture":"initial state only; production reducer and renderer"},{"label":"phone4x","cpuThrottle":4,"targetWinner":"p0","displayedWinner":"Target winner","finalPoints":{"p0":388,"p1":499},"explanationVisible":true,"pageErrors":0,"fixture":"initial state only; production reducer and renderer"}]}
2026-10-09T04:00:51.0218560Z {"payload":"<svg onload=alert(1)>","renderedAsText":true,"insertedMarkupNodes":0,"dialogs":0,"pageErrors":0,"networkRequests":0,"cpuThrottle":4}
2026-10-09T04:00:53.2689192Z {"runId":"2026-10-09T04-00-24-347Z","passed":true,"sourceUnchanged":true,"extraHostChecks":5,"rows":[{"label":"desktop","fps":60.00180005400161,"p99Ms":16.800000000000182,"maxMs":16.80000000000109,"frameGatePassed":true},{"label":"phone4x","fps":60.00300015000751,"p99Ms":16.800000000000182,"maxMs":16.80000000000109,"frameGatePassed":true}]}
2026-10-09T04:00:53.2848895Z ##[group]Run node scripts/capture.mjs initial-presence-bootstrap --public-history --ci-output
2026-10-09T04:00:53.2850469Z [36;1mnode scripts/capture.mjs initial-presence-bootstrap --public-history --ci-output[0m
2026-10-09T04:00:53.2936792Z shell: /usr/bin/bash -e {0}
2026-10-09T04:00:53.2937099Z env:
2026-10-09T04:00:53.2937387Z   G02_SOURCE_HEAD: 38d0bc07d1b6709ff34098297715575509d71b3e
2026-10-09T04:00:53.2937748Z ##[endgroup]
2026-10-09T04:00:53.6177193Z {"kind":"functional recordings","started":"2026-10-09T04:00:53.614Z","pid":3430,"sourceStart":{"play.html":"224b361daadcadba137416c0311712d93acdaf35f9f9576385eaf873739cc017","src/core.ts":"389fda6be764fcaf753f8153c0d0e54b400b652198608a79966128eae72e5d76","src/cards.ts":"e309e103393bc1aaaf10b34e3994de815dd693d1828a61566723b8fba573fdb9","src/browser.ts":"56fb3b450aa29e9dda800a69b187d66d5446e056bf2b89b349a9bef1479131e4","src/play.template.html":"1b5188f105cfd9766f3f19c0a6f3cfa1b522cbd676ec5fde0dbfa1566a09f8c7","../../contract/contract.ts":"c0f999c153074769c99c67ab2a71ad66c879e45e834713f3367b2bde4a1873d5","../../contract/constants.ts":"27cdd23112ea03f344457e6f6e6b5839ff536ebeadbba189751520353aa085ef","../../contract/rng.ts":"7cfcf3024723607e8dd1ce6ccc5683a48d71fcc617947304cc5b9f6d3d7842fe","../../contract/minigame-schema.ts":"2438655eeb8ca658543b475070e6fb3ccb3947f154f57caa3f619c87853c9bbb","../../contract/player-count-schema.ts":"0748d9d9bcf795d0693c37a0f369b262fd8801dec9ab1e4a9a4f5ec23751a189","dist/core.mjs":"18796a2c67f34b5fdb5cf0fdfdba67bb7d1896a5206079e30a280c02f3a72417","dist/cards.mjs":"1b8d994514e2de1464f361bddac143b99dfa328037152a89a476bcb1ce5f6c77","dist/contract.mjs":"0d477737fffa3503f35a19d174fce2f29de33bef1769ee5bba2c327ac592101a","scripts/browser-check.mjs":"536587be20208be80ec3bc081be7ff5a23ceeac9bc83ab3a67095084bbbd87dc","scripts/clock-check.mjs":"beba34324460280157fbdffd947f02731437e067fbb6ac816a7e49d2c4e6da19","scripts/meld-check.mjs":"d514a510f1972bdfa0b60d5148c1d42a82efeb4b21f3b799c4e0794054b4b7e4","scripts/results-check.mjs":"c478d1b3f32b71c94f2d5307f2c3b3e1e044edd84833d28e7ffc165f13bd310f","scripts/name-check.mjs":"3802ec077deee82176a892bcb51df0bb268c7ab765851d636faa5ab2228f531f","scripts/host-check.mjs":"e47e9a53aad166af54d78ea28e44ec5defff3e56d69139863113f5c132425b50","scripts/public-history-check.mjs":"5c887f46d5240f1434f173bbd495c560869441b074447d52f4a49878a66a0859","tests/browser-fixture.mjs":"f499940919128006bc90c4cb08eb766677c1bff3ea4dccf02645863a3bc50621","tests/helpers.mjs":"402515edb7b2a6af9548da2a2f1a7fa8f6b220b425da9664bd8c4a3e8b552b2e","scripts/browser-source-guard.mjs":"e5d9304a91ef04963133fe6bbae2c62189da28e917562da5a7cdb856596a1622","scripts/frame-coordination.mjs":"f1d34bfd418b5446a14c2ee3b3ba297eac18ed126d4ee261dffab57224399656","scripts/strict-browser-proof.mjs":"fae9a75d472307307c6eb4781c77f32845ebdade6f4104d859957ce62c1d43d9","scripts/browser-proof.mjs":"3ce834d0a764a4aefc93d0eaf7171f805d4ea5428563bcd976728f65222a8489","scripts/capture.mjs":"72077090f49f70e74c05ee925560a760f1f52b671ccb72d63570d609b9f80985","scripts/build.mjs":"3580cac9f713c9e4c3bfe8a83ec6bef33a64cd30be2c5d27c028b29a6a06fe8e","scripts/integrity.mjs":"7104c27be54110cac7b2d336e594ce0681a578fcb301a863540084619a7e42bb","scripts/check-evidence-links.mjs":"03484934e141e8e0b08e8928bf6f89f48a15f0cfe95b24e94273eebfb1a62842","package.json":"8855d609e12ca7990d525b64c285513acde1420fc6368ccca3a937979253a91b","package-lock.json":"bb2357fee1276cb24714d62a0a02d478e465806f5ec8978034da5594d6fa765a","tsconfig.json":"624efd829d3631cf6a6cc8d7b345e93bb47e713f05162b0ff511ef6cfc0a6ac3","manifest.json":"d079699772d442cda13bf8a41672e7de59d8a62966e07d0c87b8b8e991d84dbb","../../.github/workflows/G02.yml":"d177727723ba04faf8d36b43011e80462d7f48150ee65c7411cae053c3414c77"}}
2026-10-09T04:01:07.3662678Z {"path":".work/browser/initial-presence-bootstrap-2026-10-09t04-00-53-597z-desktop.webm","bytes":718386,"sha256":"97dbe6eaf6dc31ca6cd6b509022ce6f38672e560fd80f03bfed02bf7a08d2584","cpuThrottle":1,"viewport":{"width":1920,"height":1080},"performanceMeasurement":false,"newMatchPrivateDomCleared":true,"actualElapsedTimeoutCoveredHand":true,"publicPassHistoryShown":true,"passActors":["Player 1: pass","Player 2: pass"],"networkRequests":0,"pageErrors":0}
2026-10-09T04:01:21.3411626Z {"path":".work/browser/initial-presence-bootstrap-2026-10-09t04-00-53-597z-phone4x.webm","bytes":683756,"sha256":"9f9b72a22e07b7cf9b8d3cc47a8010ead1a8ab38827ab6ece0b49c43af6e202b","cpuThrottle":4,"viewport":{"width":390,"height":844},"performanceMeasurement":false,"newMatchPrivateDomCleared":true,"actualElapsedTimeoutCoveredHand":true,"publicPassHistoryShown":true,"passActors":["Player 1: pass","Player 2: pass"],"networkRequests":0,"pageErrors":0}
2026-10-09T04:01:21.3842817Z ##[group]Run node scripts/strict-browser-proof.mjs --live
2026-10-09T04:01:21.3843289Z [36;1mnode scripts/strict-browser-proof.mjs --live[0m
2026-10-09T04:01:21.3907087Z shell: /usr/bin/bash -e {0}
2026-10-09T04:01:21.3907391Z env:
2026-10-09T04:01:21.3907678Z   G02_SOURCE_HEAD: 38d0bc07d1b6709ff34098297715575509d71b3e
2026-10-09T04:01:21.3908051Z ##[endgroup]
2026-10-09T04:01:21.4451449Z {"suite":"strict-current-browser-proof","guardedSources":35,"profiles":2,"rawIntervals":1200,"nativeTimestamps":1202,"activeHandWitnesses":1208,"unfiltered":true,"recordingsMatched":2}
2026-10-09T04:01:21.4524452Z ##[group]Run node --input-type=module <<'JS'
2026-10-09T04:01:21.4524905Z [36;1mnode --input-type=module <<'JS'[0m
2026-10-09T04:01:21.4525229Z [36;1mimport assert from 'node:assert/strict';[0m
2026-10-09T04:01:21.4525663Z [36;1mimport {readFile,writeFile,mkdir,readdir} from 'node:fs/promises';[0m
2026-10-09T04:01:21.4526238Z [36;1mimport {browserSourceHashes,sha256} from './scripts/browser-source-guard.mjs';[0m
2026-10-09T04:01:21.4526851Z [36;1mconst base='.work/initial-presence-bootstrap';await mkdir(base,{recursive:true});[0m
2026-10-09T04:01:21.4527581Z [36;1mlet sources=null,sourceError=null;try{sources=await browserSourceHashes();}catch(error){sourceError=String(error);}[0m
2026-10-09T04:01:21.4528712Z [36;1mlet bootstrapWorkflowSha256=null,bootstrapWorkflowError=null;try{bootstrapWorkflowSha256=sha256(await readFile('../../.github/workflows/G02.yml'));}catch(error){bootstrapWorkflowError=String(error);}[0m
2026-10-09T04:01:21.4530968Z [36;1mlet additionalSources=null,additionalSourceError=null;try{additionalSources={};for(const path of ['../../contract/package.json','evidence/audit-20261009/bootstrap-request.json'])additionalSources[path]=sha256(await readFile(path));}catch(error){additionalSourceError=String(error);}[0m
2026-10-09T04:01:21.4532711Z [36;1mawait writeFile(base+'/source-end.json',JSON.stringify({sources,sourceError,bootstrapWorkflowSha256,bootstrapWorkflowError,additionalSources,additionalSourceError},null,2)+'\n');[0m
2026-10-09T04:01:21.4534146Z [36;1mlet before=null,beforeIndex=null;try{before=JSON.parse(await readFile(base+'/source-start.json','utf8'));beforeIndex=JSON.parse(await readFile(base+'/source-copy-index.json','utf8'));}catch{}[0m
2026-10-09T04:01:21.4534958Z [36;1mconst files=[];[0m
2026-10-09T04:01:21.4535453Z [36;1masync function walk(path){let entries;try{entries=await readdir(path,{withFileTypes:true});}catch{return;}[0m
2026-10-09T04:01:21.4536206Z [36;1m  for(const entry of entries.sort((a,b)=>a.name.localeCompare(b.name))){const next=path+'/'+entry.name;[0m
2026-10-09T04:01:21.4537118Z [36;1m    if(entry.isDirectory())await walk(next);else if(entry.isFile()){const bytes=await readFile(next);files.push({path:next,bytes:bytes.length,sha256:sha256(bytes)});}[0m
2026-10-09T04:01:21.4537796Z [36;1m  }[0m
2026-10-09T04:01:21.4537990Z [36;1m}[0m
2026-10-09T04:01:21.4538243Z [36;1mawait walk('.work/browser');await walk(base);[0m
2026-10-09T04:01:21.4538868Z [36;1mfor(const path of ['.work/clock-after.json','.work/custom-meld-after.json','.work/results-after.json','.work/name-check.json']){[0m
2026-10-09T04:01:21.4539680Z [36;1m  try{const bytes=await readFile(path);files.push({path,bytes:bytes.length,sha256:sha256(bytes)});}catch{}[0m
2026-10-09T04:01:21.4540447Z [36;1m}[0m
2026-10-09T04:01:21.4540897Z [36;1mconst sourceUnchanged=before!==null&&sources!==null&&JSON.stringify(before)===JSON.stringify(sources);[0m
2026-10-09T04:01:21.4541714Z [36;1mconst bootstrapWorkflowUnchanged=beforeIndex!==null&&bootstrapWorkflowSha256===beforeIndex.bootstrapWorkflowSha256;[0m
2026-10-09T04:01:21.4542743Z [36;1mconst additionalSourceUnchanged=beforeIndex!==null&&additionalSources!==null&&JSON.stringify(additionalSources)===JSON.stringify(beforeIndex.additionalSources);[0m
2026-10-09T04:01:21.4545174Z [36;1mconst closed={version:1,head:process.env.G02_SOURCE_HEAD,runId:process.env.GITHUB_RUN_ID,runAttempt:process.env.GITHUB_RUN_ATTEMPT,closedUtc:new Date().toISOString(),statusBeforeClosure:process.env.BOOTSTRAP_STATUS,sourceUnchanged,sourceError,bootstrapWorkflowUnchanged,bootstrapWorkflowSha256,bootstrapWorkflowError,additionalSourceUnchanged,additionalSources,additionalSourceError,files,rawFiltering:'none',fullNpmTestAccepted:false};[0m
2026-10-09T04:01:21.4547282Z [36;1mawait writeFile(base+'/CLOSED.json',JSON.stringify(closed,null,2)+'\n');[0m
2026-10-09T04:01:21.4548347Z [36;1mconsole.log(JSON.stringify({closedUtc:closed.closedUtc,head:closed.head,files:files.length,sourceUnchanged,statusBeforeClosure:closed.statusBeforeClosure}));[0m
2026-10-09T04:01:21.4550833Z [36;1mif(before!==null){assert(sourceUnchanged,'guarded inputs changed during the bootstrap');assert(bootstrapWorkflowUnchanged,'the bootstrap workflow changed during execution');assert(additionalSourceUnchanged,'the contract package or explicit request changed during execution');}[0m
2026-10-09T04:01:21.4552012Z [36;1mJS[0m
2026-10-09T04:01:21.4615065Z shell: /usr/bin/bash -e {0}
2026-10-09T04:01:21.4615327Z env:
2026-10-09T04:01:21.4615593Z   G02_SOURCE_HEAD: 38d0bc07d1b6709ff34098297715575509d71b3e
2026-10-09T04:01:21.4615938Z   BOOTSTRAP_STATUS: success
2026-10-09T04:01:21.4616177Z ##[endgroup]
2026-10-09T04:01:21.5367988Z {"closedUtc":"2026-10-09T04:01:21.535Z","head":"38d0bc07d1b6709ff34098297715575509d71b3e","files":59,"sourceUnchanged":true,"statusBeforeClosure":"success"}
2026-10-09T04:01:21.5496399Z ##[group]Run actions/upload-artifact@v4
2026-10-09T04:01:21.5496736Z with:
2026-10-09T04:01:21.5497103Z   name: G02-initial-presence-current-38d0bc07d1b6709ff34098297715575509d71b3e
2026-10-09T04:01:21.5498345Z   path: jobs/G02-gin-rummy/.work/initial-presence-bootstrap/**
jobs/G02-gin-rummy/.work/browser/**
jobs/G02-gin-rummy/.work/clock-after.json
jobs/G02-gin-rummy/.work/custom-meld-after.json
jobs/G02-gin-rummy/.work/results-after.json
jobs/G02-gin-rummy/.work/name-check.json

2026-10-09T04:01:21.5499439Z   include-hidden-files: true
2026-10-09T04:01:21.5499713Z   if-no-files-found: error
2026-10-09T04:01:21.5499968Z   compression-level: 6
2026-10-09T04:01:21.5500532Z   overwrite: false
2026-10-09T04:01:21.5500762Z env:
2026-10-09T04:01:21.5501022Z   G02_SOURCE_HEAD: 38d0bc07d1b6709ff34098297715575509d71b3e
2026-10-09T04:01:21.5501363Z ##[endgroup]
2026-10-09T04:01:21.7244540Z (node:3549) [DEP0040] DeprecationWarning: The `punycode` module is deprecated. Please use a userland alternative instead.
2026-10-09T04:01:21.7245513Z (Use `node --trace-deprecation ...` to show where the warning was created)
2026-10-09T04:01:21.7500746Z Multiple search paths detected. Calculating the least common ancestor of all paths
2026-10-09T04:01:21.7503983Z The least common ancestor is /home/runner/work/partybox-game-cores/partybox-game-cores/jobs/G02-gin-rummy/.work. This will be the root directory of the artifact
2026-10-09T04:01:21.7505433Z With the provided path, there will be 60 files uploaded
2026-10-09T04:01:21.7509121Z Artifact name is valid!
2026-10-09T04:01:21.7513030Z Root directory input is valid!
2026-10-09T04:01:22.0009906Z Beginning upload of artifact content to blob storage
2026-10-09T04:01:22.2107396Z (node:3549) [DEP0169] DeprecationWarning: `url.parse()` behavior is not standardized and prone to errors that have security implications. Use the WHATWG URL API instead. CVEs are not issued for `url.parse()` vulnerabilities.
2026-10-09T04:01:22.4920443Z Uploaded bytes 1799009
2026-10-09T04:01:22.5284600Z Finished uploading artifact content to blob storage!
2026-10-09T04:01:22.5286489Z SHA256 digest of uploaded artifact zip is 8987ba5838926c184f4878961d7d9f8a25d90e2cd00968d83b1778eb2b5da7f1
2026-10-09T04:01:22.5287879Z Finalizing artifact upload
2026-10-09T04:01:22.7692328Z Artifact G02-initial-presence-current-38d0bc07d1b6709ff34098297715575509d71b3e.zip successfully finalized. Artifact ID 11594832126
2026-10-09T04:01:22.7694327Z Artifact G02-initial-presence-current-38d0bc07d1b6709ff34098297715575509d71b3e has been successfully uploaded! Final size is 1799009 bytes. Artifact ID is 11594832126
2026-10-09T04:01:22.7699472Z Artifact download URL: https://github.com/luisitin/partybox-game-cores/actions/runs/37881803990/artifacts/11594832126
2026-10-09T04:01:22.7900475Z Post job cleanup.
2026-10-09T04:01:22.9206285Z (node:3561) [DEP0040] DeprecationWarning: The `punycode` module is deprecated. Please use a userland alternative instead.
2026-10-09T04:01:22.9207558Z (Use `node --trace-deprecation ...` to show where the warning was created)
2026-10-09T04:01:22.9211357Z Cache hit occurred on the primary key node-cache-Linux-x64-npm-d48b0073b1be2df746cbb2cab1dca64dc5674a863aed54a4ee7f428aad681317, not saving cache.
2026-10-09T04:01:22.9344083Z Post job cleanup.
2026-10-09T04:01:23.0279236Z [command]/usr/bin/git version
2026-10-09T04:01:23.0341312Z git version 2.55.0
2026-10-09T04:01:23.0399525Z Temporarily overriding HOME='/home/runner/work/_temp/7185fee2-4bfe-4e7b-961e-4943a8ec85dd' before making global git config changes
2026-10-09T04:01:23.0401380Z Adding repository directory to the temporary git global config as a safe directory
2026-10-09T04:01:23.0407078Z [command]/usr/bin/git config --global --add safe.directory /home/runner/work/partybox-game-cores/partybox-game-cores
2026-10-09T04:01:23.0468607Z [command]/usr/bin/git config --local --name-only --get-regexp core\.sshCommand
2026-10-09T04:01:23.0525692Z [command]/usr/bin/git submodule foreach --recursive sh -c "git config --local --name-only --get-regexp 'core\.sshCommand' && git config --local --unset-all 'core.sshCommand' || :"
2026-10-09T04:01:23.0930912Z [command]/usr/bin/git config --local --name-only --get-regexp http\.https\:\/\/github\.com\/\.extraheader
2026-10-09T04:01:23.0964584Z http.https://github.com/.extraheader
2026-10-09T04:01:23.0978577Z [command]/usr/bin/git config --local --unset-all http.https://github.com/.extraheader
2026-10-09T04:01:23.1019486Z [command]/usr/bin/git submodule foreach --recursive sh -c "git config --local --name-only --get-regexp 'http\.https\:\/\/github\.com\/\.extraheader' && git config --local --unset-all 'http.https://github.com/.extraheader' || :"
2026-10-09T04:01:23.1291458Z [command]/usr/bin/git config --local --name-only --get-regexp ^includeIf\.gitdir:
2026-10-09T04:01:23.1335931Z [command]/usr/bin/git submodule foreach --recursive git config --local --show-origin --name-only --get-regexp remote.origin.url
2026-10-09T04:01:23.1764583Z Cleaning up orphan processes
2026-10-09T04:01:23.2198817Z ##[warning]Node.js 20 is deprecated. The following actions target Node.js 20 but are being forced to run on Node.js 24: actions/checkout@v4, actions/setup-node@v4, actions/upload-artifact@v4. For more information see: https://github.blog/changelog/2025-09-19-deprecation-of-node-20-on-github-actions-runners/
