2026-10-09T03:59:51.2021607Z Current runner version: '2.337.0'
2026-10-09T03:59:51.2058828Z ##[group]Runner Image Provisioner
2026-10-09T03:59:51.2060210Z Hosted Compute Agent
2026-10-09T03:59:51.2061244Z Version: 20261002.596
2026-10-09T03:59:51.2062584Z Commit: c3d12f3313a95f25162a1503be624f3b0617f8c0
2026-10-09T03:59:51.2063886Z Build Date: 2026-10-02T22:28:27Z
2026-10-09T03:59:51.2065504Z Worker ID: {63f82611-22d2-44e8-b412-a4e18db94669}
2026-10-09T03:59:51.2066937Z Region: canadaeast
2026-10-09T03:59:51.2067968Z Cloud: Azure
2026-10-09T03:59:51.2069169Z ##[endgroup]
2026-10-09T03:59:51.2071428Z ##[group]Operating System
2026-10-09T03:59:51.2072262Z Ubuntu
2026-10-09T03:59:51.2072857Z 24.04.5
2026-10-09T03:59:51.2073374Z LTS
2026-10-09T03:59:51.2073983Z ##[endgroup]
2026-10-09T03:59:51.2074879Z ##[group]Runner Image
2026-10-09T03:59:51.2075506Z Image: ubuntu-24.04
2026-10-09T03:59:51.2076205Z Version: 20261004.327.1
2026-10-09T03:59:51.2077452Z Included Software: https://github.com/actions/runner-images/blob/ubuntu24/20261004.327/images/ubuntu/Ubuntu2404-Readme.md
2026-10-09T03:59:51.2079154Z Image Release: https://github.com/actions/runner-images/releases/tag/ubuntu24%2F20261004.327
2026-10-09T03:59:51.2080201Z ##[endgroup]
2026-10-09T03:59:51.2081293Z ##[group]GITHUB_TOKEN Permissions
2026-10-09T03:59:51.2083519Z Contents: read
2026-10-09T03:59:51.2084197Z Metadata: read
2026-10-09T03:59:51.2085139Z ##[endgroup]
2026-10-09T03:59:51.2087317Z Secret source: Actions
2026-10-09T03:59:51.2088289Z Cache mode: write
2026-10-09T03:59:51.2089080Z Prepare workflow directory
2026-10-09T03:59:51.2595052Z Prepare all required actions
2026-10-09T03:59:51.2666206Z Getting action download info
2026-10-09T03:59:51.5291361Z Download action repository 'actions/checkout@v4' (SHA:11d5960a326750d5838078e36cf38b85af677262)
2026-10-09T03:59:51.6328157Z Download action repository 'actions/setup-node@v4' (SHA:49933ea5288caeca8642d1e84afbd3f7d6820020)
2026-10-09T03:59:51.7309438Z Download action repository 'actions/upload-artifact@v4' (SHA:ea165f8d65b6e75b540449e92b4886f43607fa02)
2026-10-09T03:59:51.9270565Z Complete job name: verify
2026-10-09T03:59:52.0126651Z ##[group]Run actions/checkout@v4
2026-10-09T03:59:52.0128041Z with:
2026-10-09T03:59:52.0128867Z   repository: luisitin/partybox-game-cores
2026-10-09T03:59:52.0137387Z   token: ***
2026-10-09T03:59:52.0138156Z   ssh-strict: true
2026-10-09T03:59:52.0139318Z   ssh-user: git
2026-10-09T03:59:52.0140099Z   persist-credentials: true
2026-10-09T03:59:52.0140905Z   clean: true
2026-10-09T03:59:52.0141627Z   sparse-checkout-cone-mode: true
2026-10-09T03:59:52.0142480Z   fetch-depth: 1
2026-10-09T03:59:52.0143179Z   fetch-tags: false
2026-10-09T03:59:52.0143908Z   show-progress: true
2026-10-09T03:59:52.0144850Z   lfs: false
2026-10-09T03:59:52.0145523Z   submodules: false
2026-10-09T03:59:52.0146253Z   set-safe-directory: true
2026-10-09T03:59:52.0147091Z   allow-unsafe-pr-checkout: false
2026-10-09T03:59:52.0148434Z ##[endgroup]
2026-10-09T03:59:52.1183821Z Syncing repository: luisitin/partybox-game-cores
2026-10-09T03:59:52.1186939Z ##[group]Getting Git version info
2026-10-09T03:59:52.1188513Z Working directory is '/home/runner/work/partybox-game-cores/partybox-game-cores'
2026-10-09T03:59:52.1190437Z [command]/usr/bin/git version
2026-10-09T03:59:52.1258881Z git version 2.55.0
2026-10-09T03:59:52.1289043Z ##[endgroup]
2026-10-09T03:59:52.1306406Z Temporarily overriding HOME='/home/runner/work/_temp/96b9ee99-308f-4dc5-bf8d-c7b39b6884d5' before making global git config changes
2026-10-09T03:59:52.1309492Z Adding repository directory to the temporary git global config as a safe directory
2026-10-09T03:59:52.1311813Z [command]/usr/bin/git config --global --add safe.directory /home/runner/work/partybox-game-cores/partybox-game-cores
2026-10-09T03:59:52.1366537Z Deleting the contents of '/home/runner/work/partybox-game-cores/partybox-game-cores'
2026-10-09T03:59:52.1375166Z ##[group]Initializing the repository
2026-10-09T03:59:52.1380394Z [command]/usr/bin/git init /home/runner/work/partybox-game-cores/partybox-game-cores
2026-10-09T03:59:52.1509190Z hint: Using 'master' as the name for the initial branch. This default branch name
2026-10-09T03:59:52.1510655Z hint: will change to "main" in Git 3.0. To configure the initial branch name
2026-10-09T03:59:52.1511981Z hint: to use in all of your new repositories, which will suppress this warning,
2026-10-09T03:59:52.1513053Z hint: call:
2026-10-09T03:59:52.1514129Z hint:
2026-10-09T03:59:52.1515381Z hint: 	git config --global init.defaultBranch <name>
2026-10-09T03:59:52.1516461Z hint:
2026-10-09T03:59:52.1517911Z hint: Names commonly chosen instead of 'master' are 'main', 'trunk' and
2026-10-09T03:59:52.1520011Z hint: 'development'. The just-created branch can be renamed via this command:
2026-10-09T03:59:52.1521333Z hint:
2026-10-09T03:59:52.1522027Z hint: 	git branch -m <name>
2026-10-09T03:59:52.1522805Z hint:
2026-10-09T03:59:52.1523751Z hint: Disable this message with "git config set advice.defaultBranchName false"
2026-10-09T03:59:52.1525648Z Initialized empty Git repository in /home/runner/work/partybox-game-cores/partybox-game-cores/.git/
2026-10-09T03:59:52.1530075Z [command]/usr/bin/git remote add origin https://github.com/luisitin/partybox-game-cores
2026-10-09T03:59:52.1579143Z ##[endgroup]
2026-10-09T03:59:52.1580248Z ##[group]Disabling automatic garbage collection
2026-10-09T03:59:52.1583377Z [command]/usr/bin/git config --local gc.auto 0
2026-10-09T03:59:52.1617289Z ##[endgroup]
2026-10-09T03:59:52.1619398Z ##[group]Setting up auth
2026-10-09T03:59:52.1625453Z [command]/usr/bin/git config --local --name-only --get-regexp core\.sshCommand
2026-10-09T03:59:52.1666124Z [command]/usr/bin/git submodule foreach --recursive sh -c "git config --local --name-only --get-regexp 'core\.sshCommand' && git config --local --unset-all 'core.sshCommand' || :"
2026-10-09T03:59:52.2110830Z [command]/usr/bin/git config --local --name-only --get-regexp http\.https\:\/\/github\.com\/\.extraheader
2026-10-09T03:59:52.2163651Z [command]/usr/bin/git submodule foreach --recursive sh -c "git config --local --name-only --get-regexp 'http\.https\:\/\/github\.com\/\.extraheader' && git config --local --unset-all 'http.https://github.com/.extraheader' || :"
2026-10-09T03:59:52.2418697Z [command]/usr/bin/git config --local --name-only --get-regexp ^includeIf\.gitdir:
2026-10-09T03:59:52.2460419Z [command]/usr/bin/git submodule foreach --recursive git config --local --show-origin --name-only --get-regexp remote.origin.url
2026-10-09T03:59:52.2716789Z [command]/usr/bin/git config --local http.https://github.com/.extraheader AUTHORIZATION: basic ***
2026-10-09T03:59:52.2770088Z ##[endgroup]
2026-10-09T03:59:52.2771366Z ##[group]Fetching the repository
2026-10-09T03:59:52.2781312Z [command]/usr/bin/git -c protocol.version=2 fetch --no-tags --prune --no-recurse-submodules --depth=1 origin +7c5c09ca55285165633e5516382e5c36fec6e6f6:refs/remotes/pull/12/merge
2026-10-09T03:59:53.7203930Z From https://github.com/luisitin/partybox-game-cores
2026-10-09T03:59:53.7226060Z  * [new ref]         7c5c09ca55285165633e5516382e5c36fec6e6f6 -> pull/12/merge
2026-10-09T03:59:53.7231225Z ##[endgroup]
2026-10-09T03:59:53.7233245Z ##[group]Determining the checkout info
2026-10-09T03:59:53.7235650Z ##[endgroup]
2026-10-09T03:59:53.7237228Z [command]/usr/bin/git sparse-checkout disable
2026-10-09T03:59:53.7308570Z [command]/usr/bin/git config --local --unset-all extensions.worktreeConfig
2026-10-09T03:59:53.7343941Z ##[group]Checking out the ref
2026-10-09T03:59:53.7348311Z [command]/usr/bin/git checkout --progress --force refs/remotes/pull/12/merge
2026-10-09T03:59:53.8662262Z Note: switching to 'refs/remotes/pull/12/merge'.
2026-10-09T03:59:53.8663256Z 
2026-10-09T03:59:53.8664086Z You are in 'detached HEAD' state. You can look around, make experimental
2026-10-09T03:59:53.8666410Z changes and commit them, and you can discard any commits you make in this
2026-10-09T03:59:53.8668364Z state without impacting any branches by switching back to a branch.
2026-10-09T03:59:53.8669482Z 
2026-10-09T03:59:53.8670233Z If you want to create a new branch to retain commits you create, you may
2026-10-09T03:59:53.8672278Z do so (now or later) by using -c with the switch command. Example:
2026-10-09T03:59:53.8673305Z 
2026-10-09T03:59:53.8673676Z   git switch -c <new-branch-name>
2026-10-09T03:59:53.8674619Z 
2026-10-09T03:59:53.8675004Z Or undo this operation with:
2026-10-09T03:59:53.8675789Z 
2026-10-09T03:59:53.8676110Z   git switch -
2026-10-09T03:59:53.8676582Z 
2026-10-09T03:59:53.8677389Z Turn off this advice by setting config variable advice.detachedHead to false
2026-10-09T03:59:53.8678678Z 
2026-10-09T03:59:53.8679849Z HEAD is now at 7c5c09c Merge 38d0bc07d1b6709ff34098297715575509d71b3e into d5fbb39746f8f7900bee57506e8133e8675f48ed
2026-10-09T03:59:53.8685033Z ##[endgroup]
2026-10-09T03:59:53.8730298Z [command]/usr/bin/git log -1 --format=%H
2026-10-09T03:59:53.8756751Z 7c5c09ca55285165633e5516382e5c36fec6e6f6
2026-10-09T03:59:53.9131751Z ##[group]Run actions/setup-node@v4
2026-10-09T03:59:53.9132456Z with:
2026-10-09T03:59:53.9132919Z   node-version: 22.16.0
2026-10-09T03:59:53.9133453Z   cache: npm
2026-10-09T03:59:53.9134101Z   cache-dependency-path: jobs/G02-gin-rummy/package-lock.json
2026-10-09T03:59:53.9135134Z   always-auth: false
2026-10-09T03:59:53.9135680Z   check-latest: false
2026-10-09T03:59:53.9140997Z   token: ***
2026-10-09T03:59:53.9141452Z ##[endgroup]
2026-10-09T03:59:54.0521727Z Attempting to download 22.16.0...
2026-10-09T03:59:54.0630719Z (node:2310) [DEP0040] DeprecationWarning: The `punycode` module is deprecated. Please use a userland alternative instead.
2026-10-09T03:59:54.0632816Z (Use `node --trace-deprecation ...` to show where the warning was created)
2026-10-09T03:59:55.0818661Z Acquiring 22.16.0 - x64 from https://github.com/actions/node-versions/releases/download/22.16.0-15177438473/node-22.16.0-linux-x64.tar.gz
2026-10-09T03:59:55.5587279Z Extracting ...
2026-10-09T03:59:55.5719810Z [command]/usr/bin/tar xz --strip 1 --warning=no-unknown-keyword --overwrite -C /home/runner/work/_temp/7006e29a-fad3-468c-9ce0-e15058f8ca2d -f /home/runner/work/_temp/9c6c87d1-6cfd-4b19-a4fa-9df3624bebf8
2026-10-09T03:59:56.7280257Z Adding to the cache ...
2026-10-09T03:59:58.7957604Z ##[group]Environment details
2026-10-09T03:59:59.0338770Z node: v22.16.0
2026-10-09T03:59:59.0339676Z npm: 10.9.2
2026-10-09T03:59:59.0340010Z yarn: 1.22.22
2026-10-09T03:59:59.0340566Z ##[endgroup]
2026-10-09T03:59:59.0365705Z [command]/opt/hostedtoolcache/node/22.16.0/x64/bin/npm config get cache
2026-10-09T03:59:59.1290046Z /home/runner/.npm
2026-10-09T03:59:59.2676724Z Cache hit for: node-cache-Linux-x64-npm-d48b0073b1be2df746cbb2cab1dca64dc5674a863aed54a4ee7f428aad681317
2026-10-09T03:59:59.2799256Z (node:2310) [DEP0169] DeprecationWarning: `url.parse()` behavior is not standardized and prone to errors that have security implications. Use the WHATWG URL API instead. CVEs are not issued for `url.parse()` vulnerabilities.
2026-10-09T04:00:00.0128749Z Received 12676573 of 12676573 (100.0%), 19.9 MBs/sec
2026-10-09T04:00:00.0129685Z Cache Size: ~12 MB (12676573 B)
2026-10-09T04:00:00.0298453Z [command]/usr/bin/tar -xf /home/runner/work/_temp/3a1cb394-047e-41ad-a768-9f69eb52288b/cache.tzst -P -C /home/runner/work/partybox-game-cores/partybox-game-cores --use-compress-program unzstd
2026-10-09T04:00:00.0548171Z Cache restored successfully
2026-10-09T04:00:00.0561441Z Cache restored from key: node-cache-Linux-x64-npm-d48b0073b1be2df746cbb2cab1dca64dc5674a863aed54a4ee7f428aad681317
2026-10-09T04:00:00.0752382Z ##[group]Run npm ci --ignore-scripts --no-audit --no-fund
2026-10-09T04:00:00.0752875Z [36;1mnpm ci --ignore-scripts --no-audit --no-fund[0m
2026-10-09T04:00:00.1017220Z shell: /usr/bin/bash -e {0}
2026-10-09T04:00:00.1017538Z ##[endgroup]
2026-10-09T04:00:01.0662009Z 
2026-10-09T04:00:01.0671798Z added 6 packages in 905ms
2026-10-09T04:00:01.1143207Z ##[group]Run npx playwright install --with-deps chromium
2026-10-09T04:00:01.1143674Z [36;1mnpx playwright install --with-deps chromium[0m
2026-10-09T04:00:01.1210211Z shell: /usr/bin/bash -e {0}
2026-10-09T04:00:01.1210747Z ##[endgroup]
2026-10-09T04:00:01.9635558Z Installing dependencies...
2026-10-09T04:00:01.9695993Z Switching to root user to install dependencies...
2026-10-09T04:00:02.0425874Z Get:1 file:/etc/apt/apt-mirrors.txt Mirrorlist [144 B]
2026-10-09T04:00:02.0693905Z Hit:2 http://azure.archive.ubuntu.com/ubuntu noble InRelease
2026-10-09T04:00:02.0711257Z Get:3 http://azure.archive.ubuntu.com/ubuntu noble-updates InRelease [126 kB]
2026-10-09T04:00:02.0765363Z Get:4 http://azure.archive.ubuntu.com/ubuntu noble-backports InRelease [126 kB]
2026-10-09T04:00:02.0767030Z Get:5 http://azure.archive.ubuntu.com/ubuntu noble-security InRelease [126 kB]
2026-10-09T04:00:02.2100804Z Get:6 http://azure.archive.ubuntu.com/ubuntu noble-updates/main amd64 Packages [1375 kB]
2026-10-09T04:00:02.2276966Z Get:7 http://azure.archive.ubuntu.com/ubuntu noble-updates/main Translation-en [306 kB]
2026-10-09T04:00:02.2306160Z Get:8 http://azure.archive.ubuntu.com/ubuntu noble-updates/universe amd64 Packages [1702 kB]
2026-10-09T04:00:02.2370474Z Get:9 http://azure.archive.ubuntu.com/ubuntu noble-updates/universe Translation-en [342 kB]
2026-10-09T04:00:02.2396511Z Get:10 http://azure.archive.ubuntu.com/ubuntu noble-updates/restricted amd64 Packages [1761 kB]
2026-10-09T04:00:02.2460901Z Get:11 http://azure.archive.ubuntu.com/ubuntu noble-updates/restricted Translation-en [401 kB]
2026-10-09T04:00:02.2482184Z Get:12 http://azure.archive.ubuntu.com/ubuntu noble-updates/multiverse amd64 Packages [55.0 kB]
2026-10-09T04:00:02.2499140Z Get:13 http://azure.archive.ubuntu.com/ubuntu noble-updates/multiverse Translation-en [14.3 kB]
2026-10-09T04:00:02.2500223Z Get:14 https://packages.microsoft.com/ubuntu/24.04/prod noble InRelease [3600 B]
2026-10-09T04:00:02.3271936Z Get:15 http://azure.archive.ubuntu.com/ubuntu noble-security/main amd64 Packages [1118 kB]
2026-10-09T04:00:02.3333975Z Get:16 http://azure.archive.ubuntu.com/ubuntu noble-security/main Translation-en [228 kB]
2026-10-09T04:00:02.3799644Z Get:17 http://azure.archive.ubuntu.com/ubuntu noble-security/universe amd64 Packages [1220 kB]
2026-10-09T04:00:02.3881528Z Get:18 http://azure.archive.ubuntu.com/ubuntu noble-security/universe Translation-en [245 kB]
2026-10-09T04:00:02.3887827Z Get:19 http://azure.archive.ubuntu.com/ubuntu noble-security/restricted amd64 Packages [1667 kB]
2026-10-09T04:00:02.3993909Z Get:20 http://azure.archive.ubuntu.com/ubuntu noble-security/restricted Translation-en [383 kB]
2026-10-09T04:00:02.4007279Z Get:21 http://azure.archive.ubuntu.com/ubuntu noble-security/multiverse amd64 Packages [49.8 kB]
2026-10-09T04:00:02.4017601Z Get:22 http://azure.archive.ubuntu.com/ubuntu noble-security/multiverse Translation-en [12.4 kB]
2026-10-09T04:00:02.4757813Z Get:23 https://packages.microsoft.com/ubuntu/24.04/prod noble/main amd64 Packages [531 kB]
2026-10-09T04:00:02.7021862Z Get:24 https://packages.microsoft.com/ubuntu/24.04/prod noble/main all Packages [640 B]
2026-10-09T04:00:02.7183956Z Get:25 https://packages.microsoft.com/ubuntu/24.04/prod noble/main armhf Packages [12.3 kB]
2026-10-09T04:00:02.7402472Z Get:26 https://packages.microsoft.com/ubuntu/24.04/prod noble/main arm64 Packages [475 kB]
2026-10-09T04:00:05.2494704Z Fetched 12.3 MB in 1s (9797 kB/s)
2026-10-09T04:00:06.0853914Z Reading package lists...
2026-10-09T04:00:06.1092534Z Reading package lists...
2026-10-09T04:00:06.2881205Z Building dependency tree...
2026-10-09T04:00:06.2888813Z Reading state information...
2026-10-09T04:00:06.4290767Z libasound2t64 is already the newest version (1.2.11-1ubuntu0.3).
2026-10-09T04:00:06.4291710Z libasound2t64 set to manually installed.
2026-10-09T04:00:06.4292775Z libatk-bridge2.0-0t64 is already the newest version (2.52.0-1build1).
2026-10-09T04:00:06.4293793Z libatk-bridge2.0-0t64 set to manually installed.
2026-10-09T04:00:06.4295514Z libatk1.0-0t64 is already the newest version (2.52.0-1build1).
2026-10-09T04:00:06.4296257Z libatk1.0-0t64 set to manually installed.
2026-10-09T04:00:06.4297017Z libatspi2.0-0t64 is already the newest version (2.52.0-1build1).
2026-10-09T04:00:06.4297698Z libatspi2.0-0t64 set to manually installed.
2026-10-09T04:00:06.4298122Z libcairo2 is already the newest version (1.18.0-3build1).
2026-10-09T04:00:06.4298527Z libcairo2 set to manually installed.
2026-10-09T04:00:06.4298971Z libcups2t64 is already the newest version (2.4.7-1.2ubuntu7.14).
2026-10-09T04:00:06.4299399Z libcups2t64 set to manually installed.
2026-10-09T04:00:06.4300168Z libdbus-1-3 is already the newest version (1.14.10-4ubuntu4.1).
2026-10-09T04:00:06.4300690Z libdbus-1-3 set to manually installed.
2026-10-09T04:00:06.4301141Z libdrm2 is already the newest version (2.4.125-1ubuntu0.1~24.04.2).
2026-10-09T04:00:06.4301573Z libdrm2 set to manually installed.
2026-10-09T04:00:06.4301992Z libgbm1 is already the newest version (25.2.8-0ubuntu0.24.04.4).
2026-10-09T04:00:06.4302393Z libgbm1 set to manually installed.
2026-10-09T04:00:06.4303113Z libglib2.0-0t64 is already the newest version (2.80.0-6ubuntu3.9).
2026-10-09T04:00:06.4303557Z libglib2.0-0t64 set to manually installed.
2026-10-09T04:00:06.4304001Z libnspr4 is already the newest version (2:4.35-1.1build1).
2026-10-09T04:00:06.4304916Z libnspr4 set to manually installed.
2026-10-09T04:00:06.4305731Z libnss3 is already the newest version (2:3.98-1ubuntu0.2).
2026-10-09T04:00:06.4306480Z libnss3 set to manually installed.
2026-10-09T04:00:06.4307293Z libpango-1.0-0 is already the newest version (1.52.1+ds-1build1).
2026-10-09T04:00:06.4308118Z libpango-1.0-0 set to manually installed.
2026-10-09T04:00:06.4308712Z libx11-6 is already the newest version (2:1.8.7-1build1).
2026-10-09T04:00:06.4309128Z libx11-6 set to manually installed.
2026-10-09T04:00:06.4309519Z libxcb1 is already the newest version (1.15-1ubuntu2).
2026-10-09T04:00:06.4309912Z libxcb1 set to manually installed.
2026-10-09T04:00:06.4310333Z libxcomposite1 is already the newest version (1:0.4.5-1build3).
2026-10-09T04:00:06.4311228Z libxcomposite1 set to manually installed.
2026-10-09T04:00:06.4312042Z libxdamage1 is already the newest version (1:1.1.6-1build1).
2026-10-09T04:00:06.4312765Z libxdamage1 set to manually installed.
2026-10-09T04:00:06.4313178Z libxext6 is already the newest version (2:1.3.4-1build2).
2026-10-09T04:00:06.4313567Z libxext6 set to manually installed.
2026-10-09T04:00:06.4313964Z libxfixes3 is already the newest version (1:6.0.0-2build1).
2026-10-09T04:00:06.4314609Z libxfixes3 set to manually installed.
2026-10-09T04:00:06.4315039Z libxkbcommon0 is already the newest version (1.6.0-1build1).
2026-10-09T04:00:06.4315443Z libxkbcommon0 set to manually installed.
2026-10-09T04:00:06.4316150Z libxrandr2 is already the newest version (2:1.5.2-2build1).
2026-10-09T04:00:06.4316918Z libxrandr2 set to manually installed.
2026-10-09T04:00:06.4317733Z xvfb is already the newest version (2:21.1.12-1ubuntu1.8).
2026-10-09T04:00:06.4318774Z fonts-noto-color-emoji is already the newest version (2.047-0ubuntu0.24.04.1).
2026-10-09T04:00:06.4319847Z libfontconfig1 is already the newest version (2.15.0-1.1ubuntu2).
2026-10-09T04:00:06.4320648Z libfontconfig1 set to manually installed.
2026-10-09T04:00:06.4321420Z fonts-liberation is already the newest version (1:2.1.5-3).
2026-10-09T04:00:06.4322174Z fonts-liberation set to manually installed.
2026-10-09T04:00:06.4322913Z The following additional packages will be installed:
2026-10-09T04:00:06.4323569Z   xfonts-encodings xfonts-utils
2026-10-09T04:00:06.4324060Z Recommended packages:
2026-10-09T04:00:06.4324857Z   fonts-ipafont-mincho fonts-tlwg-loma
2026-10-09T04:00:06.4497199Z The following NEW packages will be installed:
2026-10-09T04:00:06.4498120Z   fonts-freefont-ttf fonts-ipafont-gothic fonts-tlwg-loma-otf fonts-unifont
2026-10-09T04:00:06.4503805Z   fonts-wqy-zenhei xfonts-cyrillic xfonts-encodings xfonts-scalable
2026-10-09T04:00:06.4505329Z   xfonts-utils
2026-10-09T04:00:06.4508705Z The following packages will be upgraded:
2026-10-09T04:00:06.4513215Z   libfreetype6
2026-10-09T04:00:06.4680050Z 1 upgraded, 9 newly installed, 0 to remove and 22 not upgraded.
2026-10-09T04:00:06.4681110Z Need to get 21.5 MB of archives.
2026-10-09T04:00:06.4681870Z After this operation, 79.5 MB of additional disk space will be used.
2026-10-09T04:00:06.4682758Z Get:1 file:/etc/apt/apt-mirrors.txt Mirrorlist [144 B]
2026-10-09T04:00:06.5418336Z Get:2 http://azure.archive.ubuntu.com/ubuntu noble/universe amd64 fonts-ipafont-gothic all 00303-21ubuntu1 [3513 kB]
2026-10-09T04:00:06.8060713Z Get:3 http://azure.archive.ubuntu.com/ubuntu noble/main amd64 fonts-freefont-ttf all 20211204+svn4273-2 [5641 kB]
2026-10-09T04:00:06.8920591Z Get:4 http://azure.archive.ubuntu.com/ubuntu noble/universe amd64 fonts-tlwg-loma-otf all 1:0.7.3-1 [107 kB]
2026-10-09T04:00:06.9226240Z Get:5 http://azure.archive.ubuntu.com/ubuntu noble/universe amd64 fonts-unifont all 1:15.1.01-1build1 [2993 kB]
2026-10-09T04:00:06.9845765Z Get:6 http://azure.archive.ubuntu.com/ubuntu noble/universe amd64 fonts-wqy-zenhei all 0.9.45-8 [7472 kB]
2026-10-09T04:00:07.0947820Z Get:7 http://azure.archive.ubuntu.com/ubuntu noble-updates/main amd64 libfreetype6 amd64 2.13.2+dfsg-1ubuntu0.2 [403 kB]
2026-10-09T04:00:07.1279966Z Get:8 http://azure.archive.ubuntu.com/ubuntu noble/main amd64 xfonts-encodings all 1:1.0.5-0ubuntu2 [578 kB]
2026-10-09T04:00:07.1627751Z Get:9 http://azure.archive.ubuntu.com/ubuntu noble/main amd64 xfonts-utils amd64 1:7.7+6build3 [94.4 kB]
2026-10-09T04:00:07.1928980Z Get:10 http://azure.archive.ubuntu.com/ubuntu noble/universe amd64 xfonts-cyrillic all 1:1.0.5+nmu1 [384 kB]
2026-10-09T04:00:07.2256088Z Get:11 http://azure.archive.ubuntu.com/ubuntu noble/main amd64 xfonts-scalable all 1:1.0.3-1.3 [304 kB]
2026-10-09T04:00:07.4748139Z Fetched 21.5 MB in 1s (27.9 MB/s)
2026-10-09T04:00:07.4995811Z Selecting previously unselected package fonts-ipafont-gothic.
2026-10-09T04:00:07.5328867Z (Reading database ... 
2026-10-09T04:00:07.5329367Z (Reading database ... 5%
2026-10-09T04:00:07.5329824Z (Reading database ... 10%
2026-10-09T04:00:07.5330274Z (Reading database ... 15%
2026-10-09T04:00:07.5330706Z (Reading database ... 20%
2026-10-09T04:00:07.5331150Z (Reading database ... 25%
2026-10-09T04:00:07.5332177Z (Reading database ... 30%
2026-10-09T04:00:07.5332633Z (Reading database ... 35%
2026-10-09T04:00:07.5333067Z (Reading database ... 40%
2026-10-09T04:00:07.5333497Z (Reading database ... 45%
2026-10-09T04:00:07.5333934Z (Reading database ... 50%
2026-10-09T04:00:07.5388350Z (Reading database ... 55%
2026-10-09T04:00:07.6468969Z (Reading database ... 60%
2026-10-09T04:00:07.8395355Z (Reading database ... 65%
2026-10-09T04:00:08.0441065Z (Reading database ... 70%
2026-10-09T04:00:08.2429752Z (Reading database ... 75%
2026-10-09T04:00:08.3849930Z (Reading database ... 80%
2026-10-09T04:00:08.5468882Z (Reading database ... 85%
2026-10-09T04:00:08.7314212Z (Reading database ... 90%
2026-10-09T04:00:08.8413997Z (Reading database ... 95%
2026-10-09T04:00:08.8414753Z (Reading database ... 100%
2026-10-09T04:00:08.8415528Z (Reading database ... 203191 files and directories currently installed.)
2026-10-09T04:00:08.8457285Z Preparing to unpack .../0-fonts-ipafont-gothic_00303-21ubuntu1_all.deb ...
2026-10-09T04:00:08.8549706Z Unpacking fonts-ipafont-gothic (00303-21ubuntu1) ...
2026-10-09T04:00:09.0800316Z Selecting previously unselected package fonts-freefont-ttf.
2026-10-09T04:00:09.0926481Z Preparing to unpack .../1-fonts-freefont-ttf_20211204+svn4273-2_all.deb ...
2026-10-09T04:00:09.0935098Z Unpacking fonts-freefont-ttf (20211204+svn4273-2) ...
2026-10-09T04:00:09.1698480Z Selecting previously unselected package fonts-tlwg-loma-otf.
2026-10-09T04:00:09.1822494Z Preparing to unpack .../2-fonts-tlwg-loma-otf_1%3a0.7.3-1_all.deb ...
2026-10-09T04:00:09.1830163Z Unpacking fonts-tlwg-loma-otf (1:0.7.3-1) ...
2026-10-09T04:00:09.2027748Z Selecting previously unselected package fonts-unifont.
2026-10-09T04:00:09.2152523Z Preparing to unpack .../3-fonts-unifont_1%3a15.1.01-1build1_all.deb ...
2026-10-09T04:00:09.2160638Z Unpacking fonts-unifont (1:15.1.01-1build1) ...
2026-10-09T04:00:09.3253939Z Selecting previously unselected package fonts-wqy-zenhei.
2026-10-09T04:00:09.3380267Z Preparing to unpack .../4-fonts-wqy-zenhei_0.9.45-8_all.deb ...
2026-10-09T04:00:09.3477249Z Unpacking fonts-wqy-zenhei (0.9.45-8) ...
2026-10-09T04:00:09.8282833Z Preparing to unpack .../5-libfreetype6_2.13.2+dfsg-1ubuntu0.2_amd64.deb ...
2026-10-09T04:00:09.8312095Z Unpacking libfreetype6:amd64 (2.13.2+dfsg-1ubuntu0.2) over (2.13.2+dfsg-1ubuntu0.1) ...
2026-10-09T04:00:09.8549032Z Selecting previously unselected package xfonts-encodings.
2026-10-09T04:00:09.8674964Z Preparing to unpack .../6-xfonts-encodings_1%3a1.0.5-0ubuntu2_all.deb ...
2026-10-09T04:00:09.8681117Z Unpacking xfonts-encodings (1:1.0.5-0ubuntu2) ...
2026-10-09T04:00:09.8970626Z Selecting previously unselected package xfonts-utils.
2026-10-09T04:00:09.9096539Z Preparing to unpack .../7-xfonts-utils_1%3a7.7+6build3_amd64.deb ...
2026-10-09T04:00:09.9102633Z Unpacking xfonts-utils (1:7.7+6build3) ...
2026-10-09T04:00:09.9452303Z Selecting previously unselected package xfonts-cyrillic.
2026-10-09T04:00:09.9576091Z Preparing to unpack .../8-xfonts-cyrillic_1%3a1.0.5+nmu1_all.deb ...
2026-10-09T04:00:09.9582130Z Unpacking xfonts-cyrillic (1:1.0.5+nmu1) ...
2026-10-09T04:00:09.9939150Z Selecting previously unselected package xfonts-scalable.
2026-10-09T04:00:10.0063979Z Preparing to unpack .../9-xfonts-scalable_1%3a1.0.3-1.3_all.deb ...
2026-10-09T04:00:10.0071198Z Unpacking xfonts-scalable (1:1.0.3-1.3) ...
2026-10-09T04:00:10.0485883Z Setting up fonts-wqy-zenhei (0.9.45-8) ...
2026-10-09T04:00:10.0598209Z Setting up fonts-freefont-ttf (20211204+svn4273-2) ...
2026-10-09T04:00:10.0615263Z Setting up fonts-tlwg-loma-otf (1:0.7.3-1) ...
2026-10-09T04:00:10.0631690Z Setting up libfreetype6:amd64 (2.13.2+dfsg-1ubuntu0.2) ...
2026-10-09T04:00:10.0648292Z Setting up xfonts-encodings (1:1.0.5-0ubuntu2) ...
2026-10-09T04:00:10.0664837Z Setting up fonts-ipafont-gothic (00303-21ubuntu1) ...
2026-10-09T04:00:10.0728242Z update-alternatives: using /usr/share/fonts/opentype/ipafont-gothic/ipag.ttf to provide /usr/share/fonts/truetype/fonts-japanese-gothic.ttf (fonts-japanese-gothic.ttf) in auto mode
2026-10-09T04:00:10.0742702Z Setting up fonts-unifont (1:15.1.01-1build1) ...
2026-10-09T04:00:10.0815899Z Setting up xfonts-utils (1:7.7+6build3) ...
2026-10-09T04:00:10.0915151Z Setting up xfonts-cyrillic (1:1.0.5+nmu1) ...
2026-10-09T04:00:10.1288942Z Setting up xfonts-scalable (1:1.0.3-1.3) ...
2026-10-09T04:00:10.1550756Z Processing triggers for libc-bin (2.39-0ubuntu8.9) ...
2026-10-09T04:00:10.1878203Z Processing triggers for man-db (2.12.0-4build2) ...
2026-10-09T04:00:10.1899964Z Not building database; man-db/auto-update is not 'true'.
2026-10-09T04:00:10.1910685Z Processing triggers for fontconfig (2.15.0-1.1ubuntu2) ...
2026-10-09T04:00:10.9241699Z 
2026-10-09T04:00:10.9242529Z Running kernel seems to be up-to-date.
2026-10-09T04:00:10.9242834Z 
2026-10-09T04:00:10.9242970Z Restarting services...
2026-10-09T04:00:10.9317454Z  systemctl restart php8.3-fpm.service
2026-10-09T04:00:11.0354606Z 
2026-10-09T04:00:11.0356058Z No containers need to be restarted.
2026-10-09T04:00:11.0356423Z 
2026-10-09T04:00:11.0356864Z No user sessions are running outdated binaries.
2026-10-09T04:00:11.0357332Z 
2026-10-09T04:00:11.0358044Z No VM guests are running outdated hypervisor (qemu) binaries on this host.
2026-10-09T04:00:11.8881499Z Downloading Chromium 141.0.7390.37 (playwright build v1194) from https://cdn.playwright.dev/dbazure/download/playwright/builds/chromium/1194/chromium-linux.zip
2026-10-09T04:00:12.1163082Z |                                                                                |   0% of 173.9 MiB
2026-10-09T04:00:12.3030344Z |■■■■■■■■                                                                        |  10% of 173.9 MiB
2026-10-09T04:00:12.4642584Z |■■■■■■■■■■■■■■■■                                                                |  20% of 173.9 MiB
2026-10-09T04:00:12.6124062Z |■■■■■■■■■■■■■■■■■■■■■■■■                                                        |  30% of 173.9 MiB
2026-10-09T04:00:12.8104496Z |■■■■■■■■■■■■■■■■■■■■■■■■■■■■■■■■                                                |  40% of 173.9 MiB
2026-10-09T04:00:12.9544931Z |■■■■■■■■■■■■■■■■■■■■■■■■■■■■■■■■■■■■■■■■                                        |  50% of 173.9 MiB
2026-10-09T04:00:13.1458137Z |■■■■■■■■■■■■■■■■■■■■■■■■■■■■■■■■■■■■■■■■■■■■■■■■                                |  60% of 173.9 MiB
2026-10-09T04:00:13.2956681Z |■■■■■■■■■■■■■■■■■■■■■■■■■■■■■■■■■■■■■■■■■■■■■■■■■■■■■■■■                        |  70% of 173.9 MiB
2026-10-09T04:00:13.4125153Z |■■■■■■■■■■■■■■■■■■■■■■■■■■■■■■■■■■■■■■■■■■■■■■■■■■■■■■■■■■■■■■■■                |  80% of 173.9 MiB
2026-10-09T04:00:13.5643558Z |■■■■■■■■■■■■■■■■■■■■■■■■■■■■■■■■■■■■■■■■■■■■■■■■■■■■■■■■■■■■■■■■■■■■■■■■        |  90% of 173.9 MiB
2026-10-09T04:00:13.7661866Z |■■■■■■■■■■■■■■■■■■■■■■■■■■■■■■■■■■■■■■■■■■■■■■■■■■■■■■■■■■■■■■■■■■■■■■■■■■■■■■■■| 100% of 173.9 MiB
2026-10-09T04:00:17.4426506Z Chromium 141.0.7390.37 (playwright build v1194) downloaded to /home/runner/.cache/ms-playwright/chromium-1194
2026-10-09T04:00:17.4428839Z Downloading FFMPEG playwright build v1011 from https://cdn.playwright.dev/dbazure/download/playwright/builds/ffmpeg/1011/ffmpeg-linux.zip
2026-10-09T04:00:17.6230085Z |                                                                                |   0% of 2.3 MiB
2026-10-09T04:00:17.6325229Z |■■■■■■■■                                                                        |  10% of 2.3 MiB
2026-10-09T04:00:17.6387142Z |■■■■■■■■■■■■■■■■                                                                |  20% of 2.3 MiB
2026-10-09T04:00:17.6482669Z |■■■■■■■■■■■■■■■■■■■■■■■■                                                        |  30% of 2.3 MiB
2026-10-09T04:00:17.6512650Z |■■■■■■■■■■■■■■■■■■■■■■■■■■■■■■■■                                                |  40% of 2.3 MiB
2026-10-09T04:00:17.6528143Z |■■■■■■■■■■■■■■■■■■■■■■■■■■■■■■■■■■■■■■■■                                        |  50% of 2.3 MiB
2026-10-09T04:00:17.6561003Z |■■■■■■■■■■■■■■■■■■■■■■■■■■■■■■■■■■■■■■■■■■■■■■■■                                |  60% of 2.3 MiB
2026-10-09T04:00:17.6585779Z |■■■■■■■■■■■■■■■■■■■■■■■■■■■■■■■■■■■■■■■■■■■■■■■■■■■■■■■■                        |  70% of 2.3 MiB
2026-10-09T04:00:17.6601667Z |■■■■■■■■■■■■■■■■■■■■■■■■■■■■■■■■■■■■■■■■■■■■■■■■■■■■■■■■■■■■■■■■                |  80% of 2.3 MiB
2026-10-09T04:00:17.6619691Z |■■■■■■■■■■■■■■■■■■■■■■■■■■■■■■■■■■■■■■■■■■■■■■■■■■■■■■■■■■■■■■■■■■■■■■■■        |  90% of 2.3 MiB
2026-10-09T04:00:17.6634768Z |■■■■■■■■■■■■■■■■■■■■■■■■■■■■■■■■■■■■■■■■■■■■■■■■■■■■■■■■■■■■■■■■■■■■■■■■■■■■■■■■| 100% of 2.3 MiB
2026-10-09T04:00:17.7235625Z FFMPEG playwright build v1011 downloaded to /home/runner/.cache/ms-playwright/ffmpeg-1011
2026-10-09T04:00:17.7239810Z Downloading Chromium Headless Shell 141.0.7390.37 (playwright build v1194) from https://cdn.playwright.dev/dbazure/download/playwright/builds/chromium/1194/chromium-headless-shell-linux.zip
2026-10-09T04:00:17.9000842Z |                                                                                |   0% of 104.3 MiB
2026-10-09T04:00:17.9966928Z |■■■■■■■■                                                                        |  10% of 104.3 MiB
2026-10-09T04:00:18.0666311Z |■■■■■■■■■■■■■■■■                                                                |  20% of 104.3 MiB
2026-10-09T04:00:18.1185753Z |■■■■■■■■■■■■■■■■■■■■■■■■                                                        |  30% of 104.3 MiB
2026-10-09T04:00:18.1736373Z |■■■■■■■■■■■■■■■■■■■■■■■■■■■■■■■■                                                |  40% of 104.3 MiB
2026-10-09T04:00:18.2234138Z |■■■■■■■■■■■■■■■■■■■■■■■■■■■■■■■■■■■■■■■■                                        |  50% of 104.3 MiB
2026-10-09T04:00:18.2664002Z |■■■■■■■■■■■■■■■■■■■■■■■■■■■■■■■■■■■■■■■■■■■■■■■■                                |  60% of 104.3 MiB
2026-10-09T04:00:18.3240644Z |■■■■■■■■■■■■■■■■■■■■■■■■■■■■■■■■■■■■■■■■■■■■■■■■■■■■■■■■                        |  70% of 104.3 MiB
2026-10-09T04:00:18.3731053Z |■■■■■■■■■■■■■■■■■■■■■■■■■■■■■■■■■■■■■■■■■■■■■■■■■■■■■■■■■■■■■■■■                |  80% of 104.3 MiB
2026-10-09T04:00:18.4288550Z |■■■■■■■■■■■■■■■■■■■■■■■■■■■■■■■■■■■■■■■■■■■■■■■■■■■■■■■■■■■■■■■■■■■■■■■■        |  90% of 104.3 MiB
2026-10-09T04:00:18.4761570Z |■■■■■■■■■■■■■■■■■■■■■■■■■■■■■■■■■■■■■■■■■■■■■■■■■■■■■■■■■■■■■■■■■■■■■■■■■■■■■■■■| 100% of 104.3 MiB
2026-10-09T04:00:20.5908812Z Chromium Headless Shell 141.0.7390.37 (playwright build v1194) downloaded to /home/runner/.cache/ms-playwright/chromium_headless_shell-1194
2026-10-09T04:00:20.6932460Z ##[group]Run npm test
2026-10-09T04:00:20.6932892Z [36;1mnpm test[0m
2026-10-09T04:00:20.7016472Z shell: /usr/bin/bash -e {0}
2026-10-09T04:00:20.7016922Z ##[endgroup]
2026-10-09T04:00:20.8045904Z 
2026-10-09T04:00:20.8046358Z > partybox-g02-gin-rummy@1.2.1 test
2026-10-09T04:00:20.8048575Z > npm run build && node --test tests/*.test.mjs && node scripts/league.mjs && node scripts/mutations.mjs && node scripts/browser-check.mjs && node scripts/capture.mjs ci-current --public-history --ci-output && node scripts/integrity.mjs
2026-10-09T04:00:20.8050149Z 
2026-10-09T04:00:20.9045082Z 
2026-10-09T04:00:20.9065645Z > partybox-g02-gin-rummy@1.2.1 build
2026-10-09T04:00:20.9085359Z > tsc --noEmit && node scripts/build.mjs
2026-10-09T04:00:20.9114857Z 
2026-10-09T04:00:22.9375763Z TAP version 13
2026-10-09T04:00:23.1125765Z # {"suite":"all-phases","phases":6,"cases":408}
2026-10-09T04:00:23.1255896Z # Subtest: every event family, roster id and bot skill in every delivered phase
2026-10-09T04:00:23.1325675Z ok 1 - every event family, roster id and bot skill in every delivered phase
2026-10-09T04:00:23.1326855Z   ---
2026-10-09T04:00:23.1335282Z   duration_ms: 60.957425
2026-10-09T04:00:23.1336015Z   type: 'test'
2026-10-09T04:00:23.1336667Z   ...
2026-10-09T04:00:23.1337790Z # Subtest: registered prototype-looking ids remain valid players and finite result keys
2026-10-09T04:00:23.1339348Z ok 2 - registered prototype-looking ids remain valid players and finite result keys
2026-10-09T04:00:23.1340358Z   ---
2026-10-09T04:00:23.1340922Z   duration_ms: 5.301475
2026-10-09T04:00:23.1341986Z   type: 'test'
2026-10-09T04:00:23.1342534Z   ...
2026-10-09T04:00:27.7340973Z # {"suite":"batch-discard-proof","hands":1000,"outcomes":10500,"exactLayouts":true}
2026-10-09T04:00:27.7394720Z # Subtest: 10500 batch outcomes retain exact standalone layouts and independent minima
2026-10-09T04:00:27.7401439Z ok 3 - 10500 batch outcomes retain exact standalone layouts and independent minima
2026-10-09T04:00:27.7402569Z   ---
2026-10-09T04:00:27.7403407Z   duration_ms: 4712.203506
2026-10-09T04:00:27.7404110Z   type: 'test'
2026-10-09T04:00:27.7404989Z   ...
2026-10-09T04:00:36.6234201Z # {"suite":"boundary-fuzz","seed":912701,"invalidInputs":1000,"phases":6,"rejectedInputs":6000,"metadataChecks":282,"viewChecks":66}
2026-10-09T04:00:36.6255997Z # Subtest: 1000 seeded invalid JSON inputs and malformed event/identity metadata in every phase
2026-10-09T04:00:36.6258532Z ok 4 - 1000 seeded invalid JSON inputs and malformed event/identity metadata in every phase
2026-10-09T04:00:36.6259669Z   ---
2026-10-09T04:00:36.6260344Z   duration_ms: 72.187423
2026-10-09T04:00:36.6261068Z   type: 'test'
2026-10-09T04:00:36.6261718Z   ...
2026-10-09T04:00:36.6263610Z # {"suite":"mixed-event-replay","phaseStarts":6,"seedsPerPhase":100,"transitions":48000,"changed":12742,"eventFamilies":["input","player","speech","speechStart","timer","vip"]}
2026-10-09T04:00:36.6266157Z # Subtest: mixed event families replay through JSON after every transition from every phase
2026-10-09T04:00:36.6269717Z ok 5 - mixed event families replay through JSON after every transition from every phase
2026-10-09T04:00:36.6270966Z   ---
2026-10-09T04:00:36.6271628Z   duration_ms: 13487.285442
2026-10-09T04:00:36.6272446Z   type: 'test'
2026-10-09T04:00:36.6273072Z   ...
2026-10-09T04:00:36.6405198Z # Subtest: branching target ends retain exact minima, legal chains, layouts and all cards
2026-10-09T04:00:36.6425942Z ok 6 - branching target ends retain exact minima, legal chains, layouts and all cards
2026-10-09T04:00:36.6457421Z   ---
2026-10-09T04:00:36.6457870Z   duration_ms: 43.774783
2026-10-09T04:00:36.6458318Z   type: 'test'
2026-10-09T04:00:36.6458692Z   ...
2026-10-09T04:00:36.6459467Z # Subtest: current source-bound raw proof passes without discarding its largest interval
2026-10-09T04:00:36.6460220Z not ok 7 - current source-bound raw proof passes without discarding its largest interval
2026-10-09T04:00:36.6460662Z   ---
2026-10-09T04:00:36.6461255Z   duration_ms: 3.952495
2026-10-09T04:00:36.6461502Z   type: 'test'
2026-10-09T04:00:36.6462119Z   location: '/home/runner/work/partybox-game-cores/partybox-game-cores/jobs/G02-gin-rummy/tests/browser-proof.test.mjs:6:1'
2026-10-09T04:00:36.6462757Z   failureType: 'testCodeFailure'
2026-10-09T04:00:36.6463039Z   error: |-
2026-10-09T04:00:36.6463289Z     accepted proof has stale source hashes
2026-10-09T04:00:36.6463579Z     + actual - expected
2026-10-09T04:00:36.6463793Z     
2026-10-09T04:00:36.6463978Z       {
2026-10-09T04:00:36.6464703Z     +   'play.html': 'df0dcd628e146a875194042a4909a4bdcb8a3ad482a95d6b442eea548c5f8375',
2026-10-09T04:00:36.6465834Z     -   'play.html': '224b361daadcadba137416c0311712d93acdaf35f9f9576385eaf873739cc017',
2026-10-09T04:00:36.6466524Z         'src/browser.ts': '56fb3b450aa29e9dda800a69b187d66d5446e056bf2b89b349a9bef1479131e4',
2026-10-09T04:00:36.6467173Z         'src/cards.ts': 'e309e103393bc1aaaf10b34e3994de815dd693d1828a61566723b8fba573fdb9',
2026-10-09T04:00:36.6467790Z     +   'src/core.ts': '3a275679866d4822d8f41cf450e0f4883756ba9498ad026feb5395d8618ffc9b',
2026-10-09T04:00:36.6468399Z     -   'src/core.ts': '389fda6be764fcaf753f8153c0d0e54b400b652198608a79966128eae72e5d76',
2026-10-09T04:00:36.6469091Z         'src/play.template.html': '1b5188f105cfd9766f3f19c0a6f3cfa1b522cbd676ec5fde0dbfa1566a09f8c7'
2026-10-09T04:00:36.6469572Z       }
2026-10-09T04:00:36.6469755Z     
2026-10-09T04:00:36.6469944Z   code: 'ERR_ASSERTION'
2026-10-09T04:00:36.6470180Z   name: 'AssertionError'
2026-10-09T04:00:36.6470404Z   expected:
2026-10-09T04:00:36.6470799Z     play.html: '224b361daadcadba137416c0311712d93acdaf35f9f9576385eaf873739cc017'
2026-10-09T04:00:36.6471584Z     src/core.ts: '389fda6be764fcaf753f8153c0d0e54b400b652198608a79966128eae72e5d76'
2026-10-09T04:00:36.6472191Z     src/cards.ts: 'e309e103393bc1aaaf10b34e3994de815dd693d1828a61566723b8fba573fdb9'
2026-10-09T04:00:36.6472806Z     src/browser.ts: '56fb3b450aa29e9dda800a69b187d66d5446e056bf2b89b349a9bef1479131e4'
2026-10-09T04:00:36.6473490Z     src/play.template.html: '1b5188f105cfd9766f3f19c0a6f3cfa1b522cbd676ec5fde0dbfa1566a09f8c7'
2026-10-09T04:00:36.6473953Z   actual:
2026-10-09T04:00:36.6474592Z     play.html: 'df0dcd628e146a875194042a4909a4bdcb8a3ad482a95d6b442eea548c5f8375'
2026-10-09T04:00:36.6475245Z     src/core.ts: '3a275679866d4822d8f41cf450e0f4883756ba9498ad026feb5395d8618ffc9b'
2026-10-09T04:00:36.6476052Z     src/cards.ts: 'e309e103393bc1aaaf10b34e3994de815dd693d1828a61566723b8fba573fdb9'
2026-10-09T04:00:36.6476667Z     src/browser.ts: '56fb3b450aa29e9dda800a69b187d66d5446e056bf2b89b349a9bef1479131e4'
2026-10-09T04:00:36.6477343Z     src/play.template.html: '1b5188f105cfd9766f3f19c0a6f3cfa1b522cbd676ec5fde0dbfa1566a09f8c7'
2026-10-09T04:00:36.6477832Z   operator: 'deepStrictEqual'
2026-10-09T04:00:36.6478079Z   stack: |-
2026-10-09T04:00:36.6478690Z     sourceGuard (file:///home/runner/work/partybox-game-cores/partybox-game-cores/jobs/G02-gin-rummy/scripts/browser-proof.mjs:13:9)
2026-10-09T04:00:36.6479740Z     verifyBrowserProof (file:///home/runner/work/partybox-game-cores/partybox-game-cores/jobs/G02-gin-rummy/scripts/browser-proof.mjs:21:2)
2026-10-09T04:00:36.6480848Z     TestContext.<anonymous> (file:///home/runner/work/partybox-game-cores/partybox-game-cores/jobs/G02-gin-rummy/tests/browser-proof.test.mjs:8:19)
2026-10-09T04:00:36.6481605Z     Test.runInAsyncScope (node:async_hooks:214:14)
2026-10-09T04:00:36.6482001Z     Test.run (node:internal/test_runner/test:1047:25)
2026-10-09T04:00:36.6482383Z     Test.start (node:internal/test_runner/test:944:17)
2026-10-09T04:00:36.6482864Z     startSubtestAfterBootstrap (node:internal/test_runner/harness:296:17)
2026-10-09T04:00:36.6483259Z   ...
2026-10-09T04:00:36.6483741Z # Subtest: a refreshed inventory cannot accept stale browser or recording source hashes
2026-10-09T04:00:36.6515279Z ok 8 - a refreshed inventory cannot accept stale browser or recording source hashes
2026-10-09T04:00:36.6516137Z   ---
2026-10-09T04:00:36.6516529Z   duration_ms: 8.847788
2026-10-09T04:00:36.6517263Z   type: 'test'
2026-10-09T04:00:36.6517678Z   ...
2026-10-09T04:00:36.6518352Z # Subtest: changed end guards and failed snapshots are rejected
2026-10-09T04:00:36.6519334Z not ok 9 - changed end guards and failed snapshots are rejected
2026-10-09T04:00:36.6519975Z   ---
2026-10-09T04:00:36.6520320Z   duration_ms: 3.25186
2026-10-09T04:00:36.6520723Z   type: 'test'
2026-10-09T04:00:36.6521816Z   location: '/home/runner/work/partybox-game-cores/partybox-game-cores/jobs/G02-gin-rummy/tests/browser-proof.test.mjs:16:1'
2026-10-09T04:00:36.6522950Z   failureType: 'testCodeFailure'
2026-10-09T04:00:36.6523421Z   error: |-
2026-10-09T04:00:36.6524012Z     The input did not match the regular expression /end hashes/. Input:
2026-10-09T04:00:36.6524918Z     
2026-10-09T04:00:36.6525591Z     'AssertionError [ERR_ASSERTION]: accepted proof has stale source hashes\n' +
2026-10-09T04:00:36.6526364Z       '+ actual - expected\n' +
2026-10-09T04:00:36.6526788Z       '\n' +
2026-10-09T04:00:36.6527130Z       '  {\n' +
2026-10-09T04:00:36.6527924Z       "+   'play.html': 'df0dcd628e146a875194042a4909a4bdcb8a3ad482a95d6b442eea548c5f8375',\n" +
2026-10-09T04:00:36.6529180Z       "-   'play.html': '224b361daadcadba137416c0311712d93acdaf35f9f9576385eaf873739cc017',\n" +
2026-10-09T04:00:36.6530462Z       "    'src/browser.ts': '56fb3b450aa29e9dda800a69b187d66d5446e056bf2b89b349a9bef1479131e4',\n" +
2026-10-09T04:00:36.6531729Z       "    'src/cards.ts': 'e309e103393bc1aaaf10b34e3994de815dd693d1828a61566723b8fba573fdb9',\n" +
2026-10-09T04:00:36.6532951Z       "+   'src/core.ts': '3a275679866d4822d8f41cf450e0f4883756ba9498ad026feb5395d8618ffc9b',\n" +
2026-10-09T04:00:36.6534639Z       "-   'src/core.ts': '389fda6be764fcaf753f8153c0d0e54b400b652198608a79966128eae72e5d76',\n" +
2026-10-09T04:00:36.6536005Z       "    'src/play.template.html': '1b5188f105cfd9766f3f19c0a6f3cfa1b522cbd676ec5fde0dbfa1566a09f8c7'\n" +
2026-10-09T04:00:36.6537140Z       '  }\n'
2026-10-09T04:00:36.6537477Z     
2026-10-09T04:00:36.6537813Z   code: 'ERR_ASSERTION'
2026-10-09T04:00:36.6538224Z   name: 'AssertionError'
2026-10-09T04:00:36.6538631Z   expected:
2026-10-09T04:00:36.6538954Z   actual:
2026-10-09T04:00:36.6539270Z   error: |-
2026-10-09T04:00:36.6539693Z     accepted proof has stale source hashes
2026-10-09T04:00:36.6540211Z     + actual - expected
2026-10-09T04:00:36.6540580Z     
2026-10-09T04:00:36.6540885Z       {
2026-10-09T04:00:36.6541621Z     +   'play.html': 'df0dcd628e146a875194042a4909a4bdcb8a3ad482a95d6b442eea548c5f8375',
2026-10-09T04:00:36.6542779Z     -   'play.html': '224b361daadcadba137416c0311712d93acdaf35f9f9576385eaf873739cc017',
2026-10-09T04:00:36.6543971Z         'src/browser.ts': '56fb3b450aa29e9dda800a69b187d66d5446e056bf2b89b349a9bef1479131e4',
2026-10-09T04:00:36.6545382Z         'src/cards.ts': 'e309e103393bc1aaaf10b34e3994de815dd693d1828a61566723b8fba573fdb9',
2026-10-09T04:00:36.6546523Z     +   'src/core.ts': '3a275679866d4822d8f41cf450e0f4883756ba9498ad026feb5395d8618ffc9b',
2026-10-09T04:00:36.6547644Z     -   'src/core.ts': '389fda6be764fcaf753f8153c0d0e54b400b652198608a79966128eae72e5d76',
2026-10-09T04:00:36.6548901Z         'src/play.template.html': '1b5188f105cfd9766f3f19c0a6f3cfa1b522cbd676ec5fde0dbfa1566a09f8c7'
2026-10-09T04:00:36.6549744Z       }
2026-10-09T04:00:36.6550047Z     
2026-10-09T04:00:36.6550357Z   stack: |-
2026-10-09T04:00:36.6551451Z     sourceGuard (file:///home/runner/work/partybox-game-cores/partybox-game-cores/jobs/G02-gin-rummy/scripts/browser-proof.mjs:13:9)
2026-10-09T04:00:36.6553429Z     verifyBrowserProof (file:///home/runner/work/partybox-game-cores/partybox-game-cores/jobs/G02-gin-rummy/scripts/browser-proof.mjs:21:2)
2026-10-09T04:00:36.6555441Z     file:///home/runner/work/partybox-game-cores/partybox-game-cores/jobs/G02-gin-rummy/tests/browser-proof.test.mjs:17:85
2026-10-09T04:00:36.6556552Z     getActual (node:assert:531:5)
2026-10-09T04:00:36.6557104Z     Function.throws (node:assert:677:24)
2026-10-09T04:00:36.6558681Z     TestContext.<anonymous> (file:///home/runner/work/partybox-game-cores/partybox-game-cores/jobs/G02-gin-rummy/tests/browser-proof.test.mjs:17:74)
2026-10-09T04:00:36.6560102Z     Test.runInAsyncScope (node:async_hooks:214:14)
2026-10-09T04:00:36.6560794Z     Test.run (node:internal/test_runner/test:1047:25)
2026-10-09T04:00:36.6561625Z     Test.processPendingSubtests (node:internal/test_runner/test:744:18)
2026-10-09T04:00:36.6562479Z     Test.postRun (node:internal/test_runner/test:1173:19)
2026-10-09T04:00:36.6563165Z   operator: 'throws'
2026-10-09T04:00:36.6563579Z   stack: |-
2026-10-09T04:00:36.6565046Z     TestContext.<anonymous> (file:///home/runner/work/partybox-game-cores/partybox-game-cores/jobs/G02-gin-rummy/tests/browser-proof.test.mjs:17:74)
2026-10-09T04:00:36.6566402Z     Test.runInAsyncScope (node:async_hooks:214:14)
2026-10-09T04:00:36.6567076Z     Test.run (node:internal/test_runner/test:1047:25)
2026-10-09T04:00:36.6567894Z     Test.processPendingSubtests (node:internal/test_runner/test:744:18)
2026-10-09T04:00:36.6568758Z     Test.postRun (node:internal/test_runner/test:1173:19)
2026-10-09T04:00:36.6569457Z     Test.run (node:internal/test_runner/test:1101:12)
2026-10-09T04:00:36.6570301Z     async Test.processPendingSubtests (node:internal/test_runner/test:744:7)
2026-10-09T04:00:36.6571019Z   ...
2026-10-09T04:00:36.6571843Z # Subtest: missing, altered and invalid raw intervals cannot be hidden by good summary fields
2026-10-09T04:00:36.6573094Z ok 10 - missing, altered and invalid raw intervals cannot be hidden by good summary fields
2026-10-09T04:00:36.6573846Z   ---
2026-10-09T04:00:36.6574185Z   duration_ms: 7.27624
2026-10-09T04:00:36.6575012Z   type: 'test'
2026-10-09T04:00:36.6575356Z   ...
2026-10-09T04:00:36.6576065Z # Subtest: reported statistics are recomputed from all retained intervals
2026-10-09T04:00:36.6577100Z not ok 11 - reported statistics are recomputed from all retained intervals
2026-10-09T04:00:36.6577743Z   ---
2026-10-09T04:00:36.6578072Z   duration_ms: 2.355679
2026-10-09T04:00:36.6578451Z   type: 'test'
2026-10-09T04:00:36.6579551Z   location: '/home/runner/work/partybox-game-cores/partybox-game-cores/jobs/G02-gin-rummy/tests/browser-proof.test.mjs:26:1'
2026-10-09T04:00:36.6580668Z   failureType: 'testCodeFailure'
2026-10-09T04:00:36.6581090Z   error: |-
2026-10-09T04:00:36.6581675Z     The input did not match the regular expression /retained interval/. Input:
2026-10-09T04:00:36.6582304Z     
2026-10-09T04:00:36.6582921Z     'AssertionError [ERR_ASSERTION]: accepted proof has stale source hashes\n' +
2026-10-09T04:00:36.6583659Z       '+ actual - expected\n' +
2026-10-09T04:00:36.6584089Z       '\n' +
2026-10-09T04:00:36.6585200Z       '  {\n' +
2026-10-09T04:00:36.6587012Z       "+   'play.html': 'df0dcd628e146a875194042a4909a4bdcb8a3ad482a95d6b442eea548c5f8375',\n" +
2026-10-09T04:00:36.6588525Z       "-   'play.html': '224b361daadcadba137416c0311712d93acdaf35f9f9576385eaf873739cc017',\n" +
2026-10-09T04:00:36.6589828Z       "    'src/browser.ts': '56fb3b450aa29e9dda800a69b187d66d5446e056bf2b89b349a9bef1479131e4',\n" +
2026-10-09T04:00:36.6591107Z       "    'src/cards.ts': 'e309e103393bc1aaaf10b34e3994de815dd693d1828a61566723b8fba573fdb9',\n" +
2026-10-09T04:00:36.6592328Z       "+   'src/core.ts': '3a275679866d4822d8f41cf450e0f4883756ba9498ad026feb5395d8618ffc9b',\n" +
2026-10-09T04:00:36.6593528Z       "-   'src/core.ts': '389fda6be764fcaf753f8153c0d0e54b400b652198608a79966128eae72e5d76',\n" +
2026-10-09T04:00:36.6595070Z       "    'src/play.template.html': '1b5188f105cfd9766f3f19c0a6f3cfa1b522cbd676ec5fde0dbfa1566a09f8c7'\n" +
2026-10-09T04:00:36.6595972Z       '  }\n'
2026-10-09T04:00:36.6596305Z     
2026-10-09T04:00:36.6596653Z   code: 'ERR_ASSERTION'
2026-10-09T04:00:36.6597068Z   name: 'AssertionError'
2026-10-09T04:00:36.6597458Z   expected:
2026-10-09T04:00:36.6597784Z   actual:
2026-10-09T04:00:36.6598105Z   error: |-
2026-10-09T04:00:36.6598522Z     accepted proof has stale source hashes
2026-10-09T04:00:36.6599026Z     + actual - expected
2026-10-09T04:00:36.6599391Z     
2026-10-09T04:00:36.6599909Z       {
2026-10-09T04:00:36.6600619Z     +   'play.html': 'df0dcd628e146a875194042a4909a4bdcb8a3ad482a95d6b442eea548c5f8375',
2026-10-09T04:00:36.6601753Z     -   'play.html': '224b361daadcadba137416c0311712d93acdaf35f9f9576385eaf873739cc017',
2026-10-09T04:00:36.6602932Z         'src/browser.ts': '56fb3b450aa29e9dda800a69b187d66d5446e056bf2b89b349a9bef1479131e4',
2026-10-09T04:00:36.6604107Z         'src/cards.ts': 'e309e103393bc1aaaf10b34e3994de815dd693d1828a61566723b8fba573fdb9',
2026-10-09T04:00:36.6605462Z     +   'src/core.ts': '3a275679866d4822d8f41cf450e0f4883756ba9498ad026feb5395d8618ffc9b',
2026-10-09T04:00:36.6606593Z     -   'src/core.ts': '389fda6be764fcaf753f8153c0d0e54b400b652198608a79966128eae72e5d76',
2026-10-09T04:00:36.6607827Z         'src/play.template.html': '1b5188f105cfd9766f3f19c0a6f3cfa1b522cbd676ec5fde0dbfa1566a09f8c7'
2026-10-09T04:00:36.6608673Z       }
2026-10-09T04:00:36.6608993Z     
2026-10-09T04:00:36.6609296Z   stack: |-
2026-10-09T04:00:36.6610385Z     sourceGuard (file:///home/runner/work/partybox-game-cores/partybox-game-cores/jobs/G02-gin-rummy/scripts/browser-proof.mjs:13:9)
2026-10-09T04:00:36.6612281Z     verifyBrowserProof (file:///home/runner/work/partybox-game-cores/partybox-game-cores/jobs/G02-gin-rummy/scripts/browser-proof.mjs:21:2)
2026-10-09T04:00:36.6614099Z     file:///home/runner/work/partybox-game-cores/partybox-game-cores/jobs/G02-gin-rummy/tests/browser-proof.test.mjs:29:21
2026-10-09T04:00:36.6615688Z     getActual (node:assert:531:5)
2026-10-09T04:00:36.6616237Z     Function.throws (node:assert:677:24)
2026-10-09T04:00:36.6617786Z     TestContext.<anonymous> (file:///home/runner/work/partybox-game-cores/partybox-game-cores/jobs/G02-gin-rummy/tests/browser-proof.test.mjs:29:10)
2026-10-09T04:00:36.6619131Z     Test.runInAsyncScope (node:async_hooks:214:14)
2026-10-09T04:00:36.6619808Z     Test.run (node:internal/test_runner/test:1047:25)
2026-10-09T04:00:36.6620642Z     Test.processPendingSubtests (node:internal/test_runner/test:744:18)
2026-10-09T04:00:36.6621517Z     Test.postRun (node:internal/test_runner/test:1173:19)
2026-10-09T04:00:36.6622095Z   operator: 'throws'
2026-10-09T04:00:36.6622464Z   stack: |-
2026-10-09T04:00:36.6623702Z     TestContext.<anonymous> (file:///home/runner/work/partybox-game-cores/partybox-game-cores/jobs/G02-gin-rummy/tests/browser-proof.test.mjs:29:10)
2026-10-09T04:00:36.6625238Z     Test.runInAsyncScope (node:async_hooks:214:14)
2026-10-09T04:00:36.6625921Z     Test.run (node:internal/test_runner/test:1047:25)
2026-10-09T04:00:36.6626747Z     Test.processPendingSubtests (node:internal/test_runner/test:744:18)
2026-10-09T04:00:36.6627597Z     Test.postRun (node:internal/test_runner/test:1173:19)
2026-10-09T04:00:36.6628300Z     Test.run (node:internal/test_runner/test:1101:12)
2026-10-09T04:00:36.6629156Z     async Test.processPendingSubtests (node:internal/test_runner/test:744:7)
2026-10-09T04:00:36.6629854Z   ...
2026-10-09T04:00:36.6630640Z # Subtest: an honestly recomputed slow raw sample still fails the original frame gate
2026-10-09T04:00:36.6631846Z not ok 12 - an honestly recomputed slow raw sample still fails the original frame gate
2026-10-09T04:00:36.6632572Z   ---
2026-10-09T04:00:36.6632902Z   duration_ms: 3.224249
2026-10-09T04:00:36.6633276Z   type: 'test'
2026-10-09T04:00:36.6634521Z   location: '/home/runner/work/partybox-game-cores/partybox-game-cores/jobs/G02-gin-rummy/tests/browser-proof.test.mjs:32:1'
2026-10-09T04:00:36.6635635Z   failureType: 'testCodeFailure'
2026-10-09T04:00:36.6636124Z   error: |-
2026-10-09T04:00:36.6636767Z     The input did not match the regular expression /raw frame gate failed/. Input:
2026-10-09T04:00:36.6637459Z     
2026-10-09T04:00:36.6638093Z     'AssertionError [ERR_ASSERTION]: accepted proof has stale source hashes\n' +
2026-10-09T04:00:36.6638854Z       '+ actual - expected\n' +
2026-10-09T04:00:36.6639276Z       '\n' +
2026-10-09T04:00:36.6639610Z       '  {\n' +
2026-10-09T04:00:36.6640598Z       "+   'play.html': 'df0dcd628e146a875194042a4909a4bdcb8a3ad482a95d6b442eea548c5f8375',\n" +
2026-10-09T04:00:36.6642146Z       "-   'play.html': '224b361daadcadba137416c0311712d93acdaf35f9f9576385eaf873739cc017',\n" +
2026-10-09T04:00:36.6643513Z       "    'src/browser.ts': '56fb3b450aa29e9dda800a69b187d66d5446e056bf2b89b349a9bef1479131e4',\n" +
2026-10-09T04:00:36.6644966Z       "    'src/cards.ts': 'e309e103393bc1aaaf10b34e3994de815dd693d1828a61566723b8fba573fdb9',\n" +
2026-10-09T04:00:36.6646161Z       "+   'src/core.ts': '3a275679866d4822d8f41cf450e0f4883756ba9498ad026feb5395d8618ffc9b',\n" +
2026-10-09T04:00:36.6647373Z       "-   'src/core.ts': '389fda6be764fcaf753f8153c0d0e54b400b652198608a79966128eae72e5d76',\n" +
2026-10-09T04:00:36.6648712Z       "    'src/play.template.html': '1b5188f105cfd9766f3f19c0a6f3cfa1b522cbd676ec5fde0dbfa1566a09f8c7'\n" +
2026-10-09T04:00:36.6649649Z       '  }\n'
2026-10-09T04:00:36.6650007Z     
2026-10-09T04:00:36.6650357Z   code: 'ERR_ASSERTION'
2026-10-09T04:00:36.6650790Z   name: 'AssertionError'
2026-10-09T04:00:36.6651195Z   expected:
2026-10-09T04:00:36.6651527Z   actual:
2026-10-09T04:00:36.6651862Z   error: |-
2026-10-09T04:00:36.6652408Z     accepted proof has stale source hashes
2026-10-09T04:00:36.6652953Z     + actual - expected
2026-10-09T04:00:36.6653345Z     
2026-10-09T04:00:36.6653687Z       {
2026-10-09T04:00:36.6654668Z     +   'play.html': 'df0dcd628e146a875194042a4909a4bdcb8a3ad482a95d6b442eea548c5f8375',
2026-10-09T04:00:36.6655856Z     -   'play.html': '224b361daadcadba137416c0311712d93acdaf35f9f9576385eaf873739cc017',
2026-10-09T04:00:36.6657097Z         'src/browser.ts': '56fb3b450aa29e9dda800a69b187d66d5446e056bf2b89b349a9bef1479131e4',
2026-10-09T04:00:36.6658576Z         'src/cards.ts': 'e309e103393bc1aaaf10b34e3994de815dd693d1828a61566723b8fba573fdb9',
2026-10-09T04:00:36.6659745Z     +   'src/core.ts': '3a275679866d4822d8f41cf450e0f4883756ba9498ad026feb5395d8618ffc9b',
2026-10-09T04:00:36.6660940Z     -   'src/core.ts': '389fda6be764fcaf753f8153c0d0e54b400b652198608a79966128eae72e5d76',
2026-10-09T04:00:36.6662239Z         'src/play.template.html': '1b5188f105cfd9766f3f19c0a6f3cfa1b522cbd676ec5fde0dbfa1566a09f8c7'
2026-10-09T04:00:36.6663164Z       }
2026-10-09T04:00:36.6663516Z     
2026-10-09T04:00:36.6663863Z   stack: |-
2026-10-09T04:00:36.6665472Z     sourceGuard (file:///home/runner/work/partybox-game-cores/partybox-game-cores/jobs/G02-gin-rummy/scripts/browser-proof.mjs:13:9)
2026-10-09T04:00:36.6667515Z     verifyBrowserProof (file:///home/runner/work/partybox-game-cores/partybox-game-cores/jobs/G02-gin-rummy/scripts/browser-proof.mjs:21:2)
2026-10-09T04:00:36.6669422Z     file:///home/runner/work/partybox-game-cores/partybox-game-cores/jobs/G02-gin-rummy/tests/browser-proof.test.mjs:37:20
2026-10-09T04:00:36.6670588Z     getActual (node:assert:531:5)
2026-10-09T04:00:36.6671180Z     Function.throws (node:assert:677:24)
2026-10-09T04:00:36.6672602Z     TestContext.<anonymous> (file:///home/runner/work/partybox-game-cores/partybox-game-cores/jobs/G02-gin-rummy/tests/browser-proof.test.mjs:37:9)
2026-10-09T04:00:36.6674050Z     Test.runInAsyncScope (node:async_hooks:214:14)
2026-10-09T04:00:36.6675089Z     Test.run (node:internal/test_runner/test:1047:25)
2026-10-09T04:00:36.6676009Z     Test.processPendingSubtests (node:internal/test_runner/test:744:18)
2026-10-09T04:00:36.6676932Z     Test.postRun (node:internal/test_runner/test:1173:19)
2026-10-09T04:00:36.6677551Z   operator: 'throws'
2026-10-09T04:00:36.6677949Z   stack: |-
2026-10-09T04:00:36.6679233Z     TestContext.<anonymous> (file:///home/runner/work/partybox-game-cores/partybox-game-cores/jobs/G02-gin-rummy/tests/browser-proof.test.mjs:37:9)
2026-10-09T04:00:36.6680675Z     Test.runInAsyncScope (node:async_hooks:214:14)
2026-10-09T04:00:36.6681421Z     Test.run (node:internal/test_runner/test:1047:25)
2026-10-09T04:00:36.6682353Z     Test.processPendingSubtests (node:internal/test_runner/test:744:18)
2026-10-09T04:00:36.6683297Z     Test.postRun (node:internal/test_runner/test:1173:19)
2026-10-09T04:00:36.6684247Z     Test.run (node:internal/test_runner/test:1101:12)
2026-10-09T04:00:36.6685413Z     async Test.processPendingSubtests (node:internal/test_runner/test:744:7)
2026-10-09T04:00:36.6686185Z   ...
2026-10-09T04:00:36.6687037Z # Subtest: profile dimensions, CPU rates and encoder separation must remain truthful
2026-10-09T04:00:36.6688307Z ok 13 - profile dimensions, CPU rates and encoder separation must remain truthful
2026-10-09T04:00:36.6689050Z   ---
2026-10-09T04:00:36.6689402Z   duration_ms: 6.818912
2026-10-09T04:00:36.6689807Z   type: 'test'
2026-10-09T04:00:36.6690151Z   ...
2026-10-09T04:00:36.6690829Z # Subtest: changed, oversized and falsely labeled recordings are rejected
2026-10-09T04:00:36.6691890Z ok 14 - changed, oversized and falsely labeled recordings are rejected
2026-10-09T04:00:36.6692554Z   ---
2026-10-09T04:00:36.6692894Z   duration_ms: 7.070084
2026-10-09T04:00:36.6693315Z   type: 'test'
2026-10-09T04:00:36.6693670Z   ...
2026-10-09T04:00:36.6695193Z # Subtest: actual capture CLI refuses invalid tags and existing media/report before any browser launch
2026-10-09T04:00:36.6696669Z ok 15 - actual capture CLI refuses invalid tags and existing media/report before any browser launch
2026-10-09T04:00:36.6697510Z   ---
2026-10-09T04:00:36.6697850Z   duration_ms: 794.598878
2026-10-09T04:00:36.6698255Z   type: 'test'
2026-10-09T04:00:36.6698634Z   ...
2026-10-09T04:00:36.6699588Z # Subtest: meld validation rejects impossible card IDs while preserving legitimate edge runs/sets
2026-10-09T04:00:36.6701044Z ok 16 - meld validation rejects impossible card IDs while preserving legitimate edge runs/sets
2026-10-09T04:00:36.6702159Z   ---
2026-10-09T04:00:36.6702529Z   duration_ms: 1.544328
2026-10-09T04:00:36.6702962Z   type: 'test'
2026-10-09T04:00:36.6703333Z   ...
2026-10-09T04:00:55.9568093Z # {"suite":"bot-contract","variant":"standard","players":2,"games":1000,"replays":1000,"totalEvents":261076,"maxEvents":612,"replayChecks":261076,"comparison":"every-event SHA256 and bytes; JSON-roundtrip replay"}
2026-10-09T04:01:26.1970130Z # {"suite":"bot-contract","variant":"standard","players":3,"games":1000,"replays":1000,"totalEvents":286054,"maxEvents":775,"replayChecks":286054,"comparison":"every-event SHA256 and bytes; JSON-roundtrip replay"}
2026-10-09T04:02:03.1120736Z # {"suite":"bot-contract","variant":"standard","players":4,"games":1000,"replays":1000,"totalEvents":343986,"maxEvents":825,"replayChecks":343986,"comparison":"every-event SHA256 and bytes; JSON-roundtrip replay"}
2026-10-09T04:02:30.2091185Z # {"suite":"bot-contract","variant":"oklahoma","players":2,"games":1000,"replays":1000,"totalEvents":256417,"maxEvents":755,"replayChecks":256417,"comparison":"every-event SHA256 and bytes; JSON-roundtrip replay"}
2026-10-09T04:02:59.8513926Z # {"suite":"bot-contract","variant":"oklahoma","players":3,"games":1000,"replays":1000,"totalEvents":269238,"maxEvents":812,"replayChecks":269238,"comparison":"every-event SHA256 and bytes; JSON-roundtrip replay"}
2026-10-09T04:03:35.4162235Z # {"suite":"bot-contract","variant":"oklahoma","players":4,"games":1000,"replays":1000,"totalEvents":316463,"maxEvents":929,"replayChecks":316463,"comparison":"every-event SHA256 and bytes; JSON-roundtrip replay"}
2026-10-09T04:03:48.1159324Z # {"suite":"properties","seeds":1003,"events":420546}
2026-10-09T04:03:51.4237624Z # {"suite":"secrecy","comparisons":7925}
2026-10-09T04:03:51.4496314Z # Subtest: 1000 finished seeded bot games at EACH valid count/edition, hash replay after EVERY event
2026-10-09T04:03:51.4498381Z ok 17 - 1000 finished seeded bot games at EACH valid count/edition, hash replay after EVERY event
2026-10-09T04:03:51.4499547Z   ---
2026-10-09T04:03:51.4500217Z   duration_ms: 190910.04453
2026-10-09T04:03:51.4500985Z   type: 'test'
2026-10-09T04:03:51.4501643Z   ...
2026-10-09T04:03:51.4502892Z # Subtest: property seeds 1,2,3 plus 1000 random seeds: adversarial event sequences and immutability
2026-10-09T04:03:51.4504947Z ok 18 - property seeds 1,2,3 plus 1000 random seeds: adversarial event sequences and immutability
2026-10-09T04:03:51.4506895Z   ---
2026-10-09T04:03:51.4507581Z   duration_ms: 12698.515697
2026-10-09T04:03:51.4508213Z   type: 'test'
2026-10-09T04:03:51.4508578Z   ...
2026-10-09T04:03:51.4512013Z # Subtest: hidden-card/order perturbations never change TV, another controller or bot decisions
2026-10-09T04:03:51.4512875Z ok 19 - hidden-card/order perturbations never change TV, another controller or bot decisions
2026-10-09T04:03:51.4513347Z   ---
2026-10-09T04:03:51.4513563Z   duration_ms: 3307.887825
2026-10-09T04:03:51.4513824Z   type: 'test'
2026-10-09T04:03:51.4514028Z   ...
2026-10-09T04:03:51.4514955Z # Subtest: idle/no-clock matches remain until explicit end, every phase can exit via VIP
2026-10-09T04:03:51.4516193Z ok 20 - idle/no-clock matches remain until explicit end, every phase can exit via VIP
2026-10-09T04:03:51.4516855Z   ---
2026-10-09T04:03:51.4517165Z   duration_ms: 22.837515
2026-10-09T04:03:51.4517540Z   type: 'test'
2026-10-09T04:03:51.4517848Z   ...
2026-10-09T04:03:51.4760189Z # {"suite":"departures","initialCases":1000,"completeMatches":120,"events":17184,"maxAutomatedTransitions":75}
2026-10-09T04:03:51.4761783Z # Subtest: departures in every live phase finish the absent turn without exposing its hand
2026-10-09T04:03:51.4763148Z ok 21 - departures in every live phase finish the absent turn without exposing its hand
2026-10-09T04:03:51.4763974Z   ---
2026-10-09T04:03:51.4764616Z   duration_ms: 15.979265
2026-10-09T04:03:51.4765066Z   type: 'test'
2026-10-09T04:03:51.4765445Z   ...
2026-10-09T04:03:51.4766403Z # Subtest: 1000 departure/drop cases and 120 full matches never leave an absent seat blocking play
2026-10-09T04:03:51.4768307Z ok 22 - 1000 departure/drop cases and 120 full matches never leave an absent seat blocking play
2026-10-09T04:03:51.4769154Z   ---
2026-10-09T04:03:51.4769538Z   duration_ms: 3497.935771
2026-10-09T04:03:51.4769995Z   type: 'test'
2026-10-09T04:03:51.4770360Z   ...
2026-10-09T04:03:51.4771407Z # Subtest: empty rooms pause, reconnect resumes only an automatic pause, and permanent leaves cannot rejoin
2026-10-09T04:03:51.4773022Z ok 23 - empty rooms pause, reconnect resumes only an automatic pause, and permanent leaves cannot rejoin
2026-10-09T04:03:51.4773955Z   ---
2026-10-09T04:03:51.4774553Z   duration_ms: 1.027358
2026-10-09T04:03:51.4775019Z   type: 'test'
2026-10-09T04:03:51.4775388Z   ...
2026-10-09T04:03:51.4776322Z # Subtest: departures during VIP pause drain only on resume; malformed control events do nothing
2026-10-09T04:03:51.4777765Z ok 24 - departures during VIP pause drain only on resume; malformed control events do nothing
2026-10-09T04:03:51.4778603Z   ---
2026-10-09T04:03:51.4778991Z   duration_ms: 0.522821
2026-10-09T04:03:51.4779424Z   type: 'test'
2026-10-09T04:03:51.4779791Z   ...
2026-10-09T04:03:51.4780811Z # {"suite":"deadwood-proof","hands":10000,"tenCard":5000,"elevenCard":5000,"seed":20261008,"checksum":584788}
2026-10-09T04:03:51.4782182Z # Subtest: independent exhaustive meld-subset packing proves 10000 exact minima
2026-10-09T04:03:51.4783407Z ok 25 - independent exhaustive meld-subset packing proves 10000 exact minima
2026-10-09T04:03:51.4784167Z   ---
2026-10-09T04:03:51.4784772Z   duration_ms: 8006.948404
2026-10-09T04:03:51.4785237Z   type: 'test'
2026-10-09T04:03:51.4785609Z   ...
2026-10-09T04:03:51.4786653Z # Subtest: actual Big Gin reducer keeps eleven cards, rejects disabled/incomplete claims and prevents layoffs
2026-10-09T04:03:51.4788268Z ok 26 - actual Big Gin reducer keeps eleven cards, rejects disabled/incomplete claims and prevents layoffs
2026-10-09T04:03:51.4789192Z   ---
2026-10-09T04:03:51.4789561Z   duration_ms: 7.522671
2026-10-09T04:03:51.4790008Z   type: 'test'
2026-10-09T04:03:51.4790388Z   ...
2026-10-09T04:03:51.4791381Z # Subtest: actual Gin/normal knock phases, custom layout rejection, match completion and Oklahoma boxes
2026-10-09T04:03:51.4792887Z ok 27 - actual Gin/normal knock phases, custom layout rejection, match completion and Oklahoma boxes
2026-10-09T04:03:51.4793789Z   ---
2026-10-09T04:03:51.4794155Z   duration_ms: 4.220247
2026-10-09T04:03:51.4795711Z   type: 'test'
2026-10-09T04:03:51.4796131Z   ...
2026-10-09T04:03:51.4797118Z # Subtest: winner-stays queue for every rotation size, drawn hand retains seats, each dealer setting
2026-10-09T04:03:51.4798597Z ok 28 - winner-stays queue for every rotation size, drawn hand retains seats, each dealer setting
2026-10-09T04:03:51.4799468Z   ---
2026-10-09T04:03:51.4799841Z   duration_ms: 1.879786
2026-10-09T04:03:51.4800268Z   type: 'test'
2026-10-09T04:03:51.4800640Z   ...
2026-10-09T04:03:51.4802749Z # {"frameWindow":"READY","profile":"desktop","sourceSha256":"aaaaaaaaaaaaaaaaaaaaaaaaaaaaaaaaaaaaaaaaaaaaaaaaaaaaaaaaaaaaaaaa","attemptNonce":"5998023d-5106-4eac-a236-973c544bd8bf","utc":"2026-10-09T04:00:36.807Z"}
2026-10-09T04:03:51.4807713Z # {"frameWindow":"CLOSED","profile":"desktop","sourceSha256":"aaaaaaaaaaaaaaaaaaaaaaaaaaaaaaaaaaaaaaaaaaaaaaaaaaaaaaaaaaaaaaaa","attemptNonce":"5998023d-5106-4eac-a236-973c544bd8bf","coordination":"root-granted","readyUtc":"2026-10-09T04:00:36.807Z","grantUtc":"2026-10-09T04:00:37.814Z","status":"closed","utc":"2026-10-09T04:00:37.814Z"}
2026-10-09T04:03:51.4811948Z # {"frameWindow":"READY","profile":"desktop","sourceSha256":"aaaaaaaaaaaaaaaaaaaaaaaaaaaaaaaaaaaaaaaaaaaaaaaaaaaaaaaaaaaaaaaa","attemptNonce":"2bafdfb2-1a10-4b26-85ea-b79907148cd4","utc":"2026-10-09T04:00:37.815Z"}
2026-10-09T04:03:51.4816697Z # {"frameWindow":"CLOSED","profile":"desktop","sourceSha256":"aaaaaaaaaaaaaaaaaaaaaaaaaaaaaaaaaaaaaaaaaaaaaaaaaaaaaaaaaaaaaaaa","attemptNonce":"2bafdfb2-1a10-4b26-85ea-b79907148cd4","coordination":"root-granted","readyUtc":"2026-10-09T04:00:37.815Z","grantUtc":"2026-10-09T04:00:38.017Z","status":"closed","utc":"2026-10-09T04:00:38.017Z"}
2026-10-09T04:03:51.4819810Z # {"actualGrantCorruptionControls":10,"sequentialAttempts":2}
2026-10-09T04:03:51.4834277Z # {"frameWindow":"READY","profile":"desktop","sourceSha256":"aaaaaaaaaaaaaaaaaaaaaaaaaaaaaaaaaaaaaaaaaaaaaaaaaaaaaaaaaaaaaaaa","attemptNonce":"0ab3aa67-0a71-4445-85ed-58a16f948216","utc":"2026-10-09T04:00:38.021Z"}
2026-10-09T04:03:51.4836901Z # Subtest: actual temporary grants reject stale nonce/source/profile and malformed or extra fields
2026-10-09T04:03:51.4838372Z ok 29 - actual temporary grants reject stale nonce/source/profile and malformed or extra fields
2026-10-09T04:03:51.4839262Z   ---
2026-10-09T04:03:51.4839647Z   duration_ms: 1213.410623
2026-10-09T04:03:51.4840102Z   type: 'test'
2026-10-09T04:03:51.4840472Z   ...
2026-10-09T04:03:51.4843696Z # {"frameWindow":"CLOSED","profile":"desktop","sourceSha256":"aaaaaaaaaaaaaaaaaaaaaaaaaaaaaaaaaaaaaaaaaaaaaaaaaaaaaaaaaaaaaaaa","attemptNonce":"0ab3aa67-0a71-4445-85ed-58a16f948216","coordination":"root-granted","readyUtc":"2026-10-09T04:00:38.021Z","grantUtc":null,"status":"failed","reason":"matching grant timed out","utc":"2026-10-09T04:00:38.122Z"}
2026-10-09T04:03:51.4847351Z # Subtest: actual missing grant fails and writes CLOSED; no configured barrier returns an explicit uncoordinated identity
2026-10-09T04:03:51.4849163Z ok 30 - actual missing grant fails and writes CLOSED; no configured barrier returns an explicit uncoordinated identity
2026-10-09T04:03:51.4850171Z   ---
2026-10-09T04:03:51.4850544Z   duration_ms: 103.057168
2026-10-09T04:03:51.4851362Z   type: 'test'
2026-10-09T04:03:51.4851973Z   ...
2026-10-09T04:03:51.4852991Z # {"suite":"strong-guaranteed-gin","cases":72,"knownClassicPoints":22}
2026-10-09T04:03:51.4856137Z # {"suite":"gin-actual-score-dominance","defenders":1000,"ordinaryComparisons":6904,"minGain":21,"sha256":"d57bb9977c2b677288f79cc4dae664d82a2d9bf8316ccc658f30362fdc3130d5"}
2026-10-09T04:03:51.4858266Z # {"suite":"gin-policy-boundaries","forbiddenCases":52,"bigGinCases":12}
2026-10-09T04:03:51.4859863Z # Subtest: Strong takes guaranteed Gin despite public discard danger in every edition/profile/rotation
2026-10-09T04:03:51.4925240Z ok 31 - Strong takes guaranteed Gin despite public discard danger in every edition/profile/rotation
2026-10-09T04:03:51.4925863Z   ---
2026-10-09T04:03:51.4926080Z   duration_ms: 88.735202
2026-10-09T04:03:51.4926730Z   type: 'test'
2026-10-09T04:03:51.4926968Z   ...
2026-10-09T04:03:51.4927523Z # Subtest: actual Gin scoring dominates every legal ordinary knock against 1000 disjoint hidden defenders
2026-10-09T04:03:51.4928346Z ok 32 - actual Gin scoring dominates every legal ordinary knock against 1000 disjoint hidden defenders
2026-10-09T04:03:51.4928825Z   ---
2026-10-09T04:03:51.4929029Z   duration_ms: 2813.434614
2026-10-09T04:03:51.4929276Z   type: 'test'
2026-10-09T04:03:51.4929478Z   ...
2026-10-09T04:03:51.4930010Z # Subtest: Gin priority respects immediate-return prohibition and preserves the existing Big Gin branch
2026-10-09T04:03:51.4930837Z ok 33 - Gin priority respects immediate-return prohibition and preserves the existing Big Gin branch
2026-10-09T04:03:51.4931314Z   ---
2026-10-09T04:03:51.4931512Z   duration_ms: 13.459428
2026-10-09T04:03:51.4931737Z   type: 'test'
2026-10-09T04:03:51.4931935Z   ...
2026-10-09T04:03:51.4932613Z # {"suite":"non-gin-policy-byte-equivalence","states":10000,"decisions":30000,"baselineHead":"72d0f3f4ad4f6b70a8ac6b0ed81121300aa54c1f"}
2026-10-09T04:03:51.4933693Z # Subtest: all 30000 non-Gin bot choices retain the accepted pre-repair behavior
2026-10-09T04:03:51.4934600Z ok 34 - all 30000 non-Gin bot choices retain the accepted pre-repair behavior
2026-10-09T04:03:51.4935273Z   ---
2026-10-09T04:03:51.4935496Z   duration_ms: 3199.668955
2026-10-09T04:03:51.4935742Z   type: 'test'
2026-10-09T04:03:51.4935938Z   ...
2026-10-09T04:03:51.4936781Z # {"suite":"initial-presence-exhaustive","cases":336,"connectionMasks":"all","counts":[2,3,4],"variants":["standard","oklahoma"],"clocks":[0,10]}
2026-10-09T04:03:51.4937926Z # {"suite":"initial-presence-seeded","cases":1000}
2026-10-09T04:03:51.4938519Z # Subtest: known initial presence is handled before either player needs to send an event
2026-10-09T04:03:51.4939198Z ok 35 - known initial presence is handled before either player needs to send an event
2026-10-09T04:03:51.4939614Z   ---
2026-10-09T04:03:51.4939828Z   duration_ms: 353.924625
2026-10-09T04:03:51.4940063Z   type: 'test'
2026-10-09T04:03:51.4940273Z   ...
2026-10-09T04:03:51.4940802Z # Subtest: 1000 seeded initial presence patterns are playable or paused without a duplicate drop event
2026-10-09T04:03:51.4941608Z ok 36 - 1000 seeded initial presence patterns are playable or paused without a duplicate drop event
2026-10-09T04:03:51.4942085Z   ---
2026-10-09T04:03:51.4942290Z   duration_ms: 455.586874
2026-10-09T04:03:51.4942518Z   type: 'test'
2026-10-09T04:03:51.4942711Z   ...
2026-10-09T04:03:51.4943361Z # {"suite":"connected-initialization-byte-equivalence","cases":6000,"baselineHead":"d5fbb39746f8f7900bee57506e8133e8675f48ed"}
2026-10-09T04:03:51.4944200Z # Subtest: all-connected opening states retain the exact 6000 pre-repair JSON states
2026-10-09T04:03:51.4945111Z ok 37 - all-connected opening states retain the exact 6000 pre-repair JSON states
2026-10-09T04:03:51.4945542Z   ---
2026-10-09T04:03:51.4945737Z   duration_ms: 106.361966
2026-10-09T04:03:51.4945974Z   type: 'test'
2026-10-09T04:03:51.4946168Z   ...
2026-10-09T04:03:51.4946801Z # {"suite":"joint-layoff-proof","hands":2000,"twoTarget":1000,"threeTarget":1000,"seed":816777,"checksum":102460,"actualLaidCards":1534}
2026-10-09T04:03:51.4947649Z # Subtest: 2000 independent joint meld/layoff weighted packings including chained extensions
2026-10-09T04:03:51.4948349Z ok 38 - 2000 independent joint meld/layoff weighted packings including chained extensions
2026-10-09T04:03:51.4948768Z   ---
2026-10-09T04:03:51.4948965Z   duration_ms: 6662.642314
2026-10-09T04:03:51.4949193Z   type: 'test'
2026-10-09T04:03:51.4949387Z   ...
2026-10-09T04:03:51.4949844Z # {"suite":"opening-pass-attribution","directPassCases":360,"editions":2,"counts":[2,3,4]}
2026-10-09T04:03:51.4950514Z # {"suite":"pass-valid-ids","cases":240,"ids":["","__proto__","constructor","last"]}
2026-10-09T04:03:51.4951111Z # {"suite":"automatic-pass-attribution","routes":["timer","vip","player"]}
2026-10-09T04:03:51.4951956Z # Subtest: both opening passes identify their actual actors across counts, editions and seeds
2026-10-09T04:03:51.4952663Z ok 39 - both opening passes identify their actual actors across counts, editions and seeds
2026-10-09T04:03:51.4953084Z   ---
2026-10-09T04:03:51.4953276Z   duration_ms: 113.898371
2026-10-09T04:03:51.4953506Z   type: 'test'
2026-10-09T04:03:51.4953699Z   ...
2026-10-09T04:03:51.4954134Z # Subtest: empty and prototype-shaped original IDs retain pass attribution as own keys
2026-10-09T04:03:51.4955534Z ok 40 - empty and prototype-shaped original IDs retain pass attribution as own keys
2026-10-09T04:03:51.4955971Z   ---
2026-10-09T04:03:51.4956169Z   duration_ms: 54.448746
2026-10-09T04:03:51.4956403Z   type: 'test'
2026-10-09T04:03:51.4956590Z   ...
2026-10-09T04:03:51.4957007Z # Subtest: timer, VIP skip and absent-seat automation identify the automatic passer
2026-10-09T04:03:51.4957763Z ok 41 - timer, VIP skip and absent-seat automation identify the automatic passer
2026-10-09T04:03:51.4958261Z   ---
2026-10-09T04:03:51.4958572Z   duration_ms: 2.315363
2026-10-09T04:03:51.4958801Z   type: 'test'
2026-10-09T04:03:51.4958995Z   ...
2026-10-09T04:03:51.4959477Z # Subtest: first raw target winner keeps the crown even when final box settlement reverses points
2026-10-09T04:03:51.4960219Z ok 42 - first raw target winner keeps the crown even when final box settlement reverses points
2026-10-09T04:03:51.4960657Z   ---
2026-10-09T04:03:51.4960850Z   duration_ms: 11.7333
2026-10-09T04:03:51.4961251Z   type: 'test'
2026-10-09T04:03:51.4961553Z   ...
2026-10-09T04:03:51.4962122Z # Subtest: every valid string ID, including empty, wins, earns bonuses and stays in rotation
2026-10-09T04:03:51.4963914Z ok 43 - every valid string ID, including empty, wins, earns bonuses and stays in rotation
2026-10-09T04:03:51.4965066Z   ---
2026-10-09T04:03:51.4965473Z   duration_ms: 18.175344
2026-10-09T04:03:51.4965877Z   type: 'test'
2026-10-09T04:03:51.4966191Z   ...
2026-10-09T04:03:51.4966976Z # Subtest: malformed identity metadata cannot coerce a registered ID, throw or reveal a hand
2026-10-09T04:03:51.4968171Z ok 44 - malformed identity metadata cannot coerce a registered ID, throw or reveal a hand
2026-10-09T04:03:51.4968916Z   ---
2026-10-09T04:03:51.4969200Z   duration_ms: 1.872432
2026-10-09T04:03:51.4969550Z   type: 'test'
2026-10-09T04:03:51.4969863Z   ...
2026-10-09T04:03:51.4970538Z # Subtest: early end preserves earned raw points and reports current standings
2026-10-09T04:03:51.4971502Z ok 45 - early end preserves earned raw points and reports current standings
2026-10-09T04:03:51.4972113Z   ---
2026-10-09T04:03:51.4972433Z   duration_ms: 0.727444
2026-10-09T04:03:51.4972813Z   type: 'test'
2026-10-09T04:03:51.4973140Z   ...
2026-10-09T04:03:51.4973652Z # Subtest: aces low, set cardinality, runs and overlap
2026-10-09T04:03:51.4974601Z ok 46 - aces low, set cardinality, runs and overlap
2026-10-09T04:03:51.4975105Z   ---
2026-10-09T04:03:51.4975430Z   duration_ms: 3.524442
2026-10-09T04:03:51.4975822Z   type: 'test'
2026-10-09T04:03:51.4976150Z   ...
2026-10-09T04:03:51.4976975Z # Subtest: joint meld/layoff optimizer finds chains and forbids gin/deadwood/four-card layoffs
2026-10-09T04:03:51.4978185Z ok 47 - joint meld/layoff optimizer finds chains and forbids gin/deadwood/four-card layoffs
2026-10-09T04:03:51.4978898Z   ---
2026-10-09T04:03:51.4979198Z   duration_ms: 3.615352
2026-10-09T04:03:51.4979556Z   type: 'test'
2026-10-09T04:03:51.4979857Z   ...
2026-10-09T04:03:51.4980486Z # Subtest: every score formula, tie undercut and spade whole-hand doubling
2026-10-09T04:03:51.4981418Z ok 48 - every score formula, tie undercut and spade whole-hand doubling
2026-10-09T04:03:51.4982022Z   ---
2026-10-09T04:03:51.4982333Z   duration_ms: 2.811283
2026-10-09T04:03:51.4982709Z   type: 'test'
2026-10-09T04:03:51.4983042Z   ...
2026-10-09T04:03:51.4983930Z # Subtest: opening offers, forced stock, exact immediate-return restriction, stock draw boundary
2026-10-09T04:03:51.4986160Z ok 49 - opening offers, forced stock, exact immediate-return restriction, stock draw boundary
2026-10-09T04:03:51.4986886Z   ---
2026-10-09T04:03:51.4987196Z   duration_ms: 22.89122
2026-10-09T04:03:51.4987576Z   type: 'test'
2026-10-09T04:03:51.4987904Z   ...
2026-10-09T04:03:51.4988646Z # Subtest: Oklahoma limits / ace / spade configurations from all 52 initial upcards
2026-10-09T04:03:51.4989710Z ok 50 - Oklahoma limits / ace / spade configurations from all 52 initial upcards
2026-10-09T04:03:51.4990340Z   ---
2026-10-09T04:03:51.4990660Z   duration_ms: 27.760277
2026-10-09T04:03:51.4991025Z   type: 'test'
2026-10-09T04:03:51.4991334Z   ...
2026-10-09T04:03:51.4992226Z # Subtest: pause, resume, stale/early timer, spectators, malformed input, late leaver, explicit end
2026-10-09T04:03:51.4993596Z ok 51 - pause, resume, stale/early timer, spectators, malformed input, late leaver, explicit end
2026-10-09T04:03:51.4994650Z   ---
2026-10-09T04:03:51.4994967Z   duration_ms: 2.671441
2026-10-09T04:03:51.4995377Z   type: 'test'
2026-10-09T04:03:51.4995700Z   ...
2026-10-09T04:03:51.4996426Z # Subtest: all required roster settings, default sanitization, exact phase fixtures and manifest
2026-10-09T04:03:51.4997205Z ok 52 - all required roster settings, default sanitization, exact phase fixtures and manifest
2026-10-09T04:03:51.4997640Z   ---
2026-10-09T04:03:51.4997832Z   duration_ms: 136.657277
2026-10-09T04:03:51.4998094Z   type: 'test'
2026-10-09T04:03:51.4998282Z   ...
2026-10-09T04:03:51.4998710Z # {"syntheticGuardCorruptionsRejected":175,"guardedSources":35}
2026-10-09T04:03:51.5000069Z # Subtest: synthetic positive control covers full identities, native timestamps, all hand witnesses and clips
2026-10-09T04:03:51.5001602Z ok 53 - synthetic positive control covers full identities, native timestamps, all hand witnesses and clips
2026-10-09T04:03:51.5002110Z   ---
2026-10-09T04:03:51.5002319Z   duration_ms: 10.074578
2026-10-09T04:03:51.5002553Z   type: 'test'
2026-10-09T04:03:51.5002745Z   ...
2026-10-09T04:03:51.5003253Z # Subtest: every guarded source and each start/end inventory entry rejects a stale hash or omission
2026-10-09T04:03:51.5004015Z ok 54 - every guarded source and each start/end inventory entry rejects a stale hash or omission
2026-10-09T04:03:51.5004728Z   ---
2026-10-09T04:03:51.5004936Z   duration_ms: 196.811259
2026-10-09T04:03:51.5005165Z   type: 'test'
2026-10-09T04:03:51.5005360Z   ...
2026-10-09T04:03:51.5005893Z # Subtest: wrong attempt/profile/page/transport/throttle, filtered samples and fake native clocks fail
2026-10-09T04:03:51.5006696Z ok 55 - wrong attempt/profile/page/transport/throttle, filtered samples and fake native clocks fail
2026-10-09T04:03:51.5007167Z   ---
2026-10-09T04:03:51.5007366Z   duration_ms: 19.933302
2026-10-09T04:03:51.5007590Z   type: 'test'
2026-10-09T04:03:51.5007778Z   ...
2026-10-09T04:03:51.5008295Z # Subtest: missing/invalid timestamp, raw interval or active-frame witness fails despite good summaries
2026-10-09T04:03:51.5009122Z ok 56 - missing/invalid timestamp, raw interval or active-frame witness fails despite good summaries
2026-10-09T04:03:51.5009582Z   ---
2026-10-09T04:03:51.5009776Z   duration_ms: 13.958156
2026-10-09T04:03:51.5009997Z   type: 'test'
2026-10-09T04:03:51.5010182Z   ...
2026-10-09T04:03:51.5010667Z # Subtest: all statistics are recomputed and an honestly reported long interval fails the fixed gate
2026-10-09T04:03:51.5011413Z ok 57 - all statistics are recomputed and an honestly reported long interval fails the fixed gate
2026-10-09T04:03:51.5011856Z   ---
2026-10-09T04:03:51.5012045Z   duration_ms: 8.326108
2026-10-09T04:03:51.5012272Z   type: 'test'
2026-10-09T04:03:51.5012465Z   ...
2026-10-09T04:03:51.5012966Z # Subtest: failed runs, mislabeled clips, altered bytes, outsize media and network/errors are rejected
2026-10-09T04:03:51.5013729Z ok 58 - failed runs, mislabeled clips, altered bytes, outsize media and network/errors are rejected
2026-10-09T04:03:51.5014179Z   ---
2026-10-09T04:03:51.5014589Z   duration_ms: 26.129615
2026-10-09T04:03:51.5014834Z   type: 'test'
2026-10-09T04:03:51.5015174Z   ...
2026-10-09T04:03:51.5015564Z # Subtest: same-timestamp turns cannot share timer instance identity
2026-10-09T04:03:51.5016141Z ok 59 - same-timestamp turns cannot share timer instance identity
2026-10-09T04:03:51.5016492Z   ---
2026-10-09T04:03:51.5016709Z   duration_ms: 12.668484
2026-10-09T04:03:51.5016935Z   type: 'test'
2026-10-09T04:03:51.5017138Z   ...
2026-10-09T04:03:51.5017315Z 1..59
2026-10-09T04:03:51.5017493Z # tests 59
2026-10-09T04:03:51.5017681Z # suites 0
2026-10-09T04:03:51.5017865Z # pass 55
2026-10-09T04:03:51.5018046Z # fail 4
2026-10-09T04:03:51.5018230Z # cancelled 0
2026-10-09T04:03:51.5018438Z # skipped 0
2026-10-09T04:03:51.5018624Z # todo 0
2026-10-09T04:03:51.5018831Z # duration_ms 208561.120084
2026-10-09T04:03:51.5029316Z ##[error]Process completed with exit code 1.
2026-10-09T04:03:51.5113713Z ##[group]Run actions/upload-artifact@v4
2026-10-09T04:03:51.5114018Z with:
2026-10-09T04:03:51.5114230Z   name: G02-browser-evidence
2026-10-09T04:03:51.5116440Z   path: jobs/G02-gin-rummy/.work/browser/*-frames.json
jobs/G02-gin-rummy/.work/browser/report.json
jobs/G02-gin-rummy/.work/browser/captures.json
jobs/G02-gin-rummy/.work/browser/ci-current-*.webm
jobs/G02-gin-rummy/.work/clock-after.json
jobs/G02-gin-rummy/.work/custom-meld-after.json
jobs/G02-gin-rummy/.work/results-after.json
jobs/G02-gin-rummy/.work/name-check.json
jobs/G02-gin-rummy/media/strict-reverify-1900-*.webm
jobs/G02-gin-rummy/evidence/resume-20261008/strict-reverify-1900-captures.json

2026-10-09T04:03:51.5118343Z   include-hidden-files: true
2026-10-09T04:03:51.5118588Z   if-no-files-found: warn
2026-10-09T04:03:51.5118999Z   compression-level: 6
2026-10-09T04:03:51.5119221Z   overwrite: false
2026-10-09T04:03:51.5119423Z ##[endgroup]
2026-10-09T04:03:51.6837949Z (node:3554) [DEP0040] DeprecationWarning: The `punycode` module is deprecated. Please use a userland alternative instead.
2026-10-09T04:03:51.6839517Z (Use `node --trace-deprecation ...` to show where the warning was created)
2026-10-09T04:03:51.6995810Z Multiple search paths detected. Calculating the least common ancestor of all paths
2026-10-09T04:03:51.6999713Z The least common ancestor is /home/runner/work/partybox-game-cores/partybox-game-cores/jobs/G02-gin-rummy. This will be the root directory of the artifact
2026-10-09T04:03:51.7001271Z With the provided path, there will be 3 files uploaded
2026-10-09T04:03:51.7015073Z Artifact name is valid!
2026-10-09T04:03:51.7015713Z Root directory input is valid!
2026-10-09T04:03:51.9673377Z Beginning upload of artifact content to blob storage
2026-10-09T04:03:52.0270668Z (node:3554) [DEP0169] DeprecationWarning: `url.parse()` behavior is not standardized and prone to errors that have security implications. Use the WHATWG URL API instead. CVEs are not issued for `url.parse()` vulnerabilities.
2026-10-09T04:03:52.3436604Z Uploaded bytes 1015714
2026-10-09T04:03:52.3849583Z Finished uploading artifact content to blob storage!
2026-10-09T04:03:52.3850822Z SHA256 digest of uploaded artifact zip is e2d4bd4e78239dbffb601668cb68cf3eff0c161e1061130c2cea065a48e3ab70
2026-10-09T04:03:52.3852071Z Finalizing artifact upload
2026-10-09T04:03:52.6155840Z Artifact G02-browser-evidence.zip successfully finalized. Artifact ID 11594752656
2026-10-09T04:03:52.6157331Z Artifact G02-browser-evidence has been successfully uploaded! Final size is 1015714 bytes. Artifact ID is 11594752656
2026-10-09T04:03:52.6158962Z Artifact download URL: https://github.com/luisitin/partybox-game-cores/actions/runs/37881803990/artifacts/11594752656
2026-10-09T04:03:52.6357528Z Post job cleanup.
2026-10-09T04:03:52.7199243Z [command]/usr/bin/git version
2026-10-09T04:03:52.7242556Z git version 2.55.0
2026-10-09T04:03:52.7281310Z Temporarily overriding HOME='/home/runner/work/_temp/f6a1877f-a95a-4312-aab1-49a623ad11a5' before making global git config changes
2026-10-09T04:03:52.7283130Z Adding repository directory to the temporary git global config as a safe directory
2026-10-09T04:03:52.7287999Z [command]/usr/bin/git config --global --add safe.directory /home/runner/work/partybox-game-cores/partybox-game-cores
2026-10-09T04:03:52.7325178Z [command]/usr/bin/git config --local --name-only --get-regexp core\.sshCommand
2026-10-09T04:03:52.7360109Z [command]/usr/bin/git submodule foreach --recursive sh -c "git config --local --name-only --get-regexp 'core\.sshCommand' && git config --local --unset-all 'core.sshCommand' || :"
2026-10-09T04:03:52.7622612Z [command]/usr/bin/git config --local --name-only --get-regexp http\.https\:\/\/github\.com\/\.extraheader
2026-10-09T04:03:52.7654837Z http.https://github.com/.extraheader
2026-10-09T04:03:52.7666460Z [command]/usr/bin/git config --local --unset-all http.https://github.com/.extraheader
2026-10-09T04:03:52.7701520Z [command]/usr/bin/git submodule foreach --recursive sh -c "git config --local --name-only --get-regexp 'http\.https\:\/\/github\.com\/\.extraheader' && git config --local --unset-all 'http.https://github.com/.extraheader' || :"
2026-10-09T04:03:52.7987802Z [command]/usr/bin/git config --local --name-only --get-regexp ^includeIf\.gitdir:
2026-10-09T04:03:52.8047685Z [command]/usr/bin/git submodule foreach --recursive git config --local --show-origin --name-only --get-regexp remote.origin.url
2026-10-09T04:03:52.8537618Z Cleaning up orphan processes
2026-10-09T04:03:52.8913510Z ##[warning]Node.js 20 is deprecated. The following actions target Node.js 20 but are being forced to run on Node.js 24: actions/checkout@v4, actions/setup-node@v4, actions/upload-artifact@v4. For more information see: https://github.blog/changelog/2025-09-19-deprecation-of-node-20-on-github-actions-runners/
