✔ current source-bound raw proof passes without discarding its largest interval (3.666858ms)
✔ a refreshed inventory cannot accept stale browser or recording source hashes (18.312715ms)
✔ changed end guards and failed snapshots are rejected (9.64833ms)
✔ missing, altered and invalid raw intervals cannot be hidden by good summary fields (8.828312ms)
✔ reported statistics are recomputed from all retained intervals (15.429704ms)
✔ an honestly recomputed slow raw sample still fails the original frame gate (3.243195ms)
✔ profile dimensions, CPU rates and encoder separation must remain truthful (10.512498ms)
✔ changed, oversized and falsely labeled recordings are rejected (13.478684ms)
{"syntheticGuardCorruptionsRejected":175,"guardedSources":35}
✔ synthetic positive control covers full identities, native timestamps, all hand witnesses and clips (9.15311ms)
✔ every guarded source and each start/end inventory entry rejects a stale hash or omission (139.989345ms)
✔ wrong attempt/profile/page/transport/throttle, filtered samples and fake native clocks fail (12.285959ms)
✔ missing/invalid timestamp, raw interval or active-frame witness fails despite good summaries (8.607381ms)
✔ all statistics are recomputed and an honestly reported long interval fails the fixed gate (4.632434ms)
✔ failed runs, mislabeled clips, altered bytes, outsize media and network/errors are rejected (16.779433ms)
ℹ tests 14
ℹ suites 0
ℹ pass 14
ℹ fail 0
ℹ cancelled 0
ℹ skipped 0
ℹ todo 0
ℹ duration_ms 288.38302
