2026-10-08T22:12:54.8945746Z Current runner version: '2.337.0'
2026-10-08T22:12:54.8966621Z ##[group]Runner Image Provisioner
2026-10-08T22:12:54.8967309Z Hosted Compute Agent
2026-10-08T22:12:54.8967721Z Version: 20261002.596
2026-10-08T22:12:54.8968109Z Commit: c3d12f3313a95f25162a1503be624f3b0617f8c0
2026-10-08T22:12:54.8968636Z Build Date: 2026-10-02T22:28:27Z
2026-10-08T22:12:54.8969075Z Worker ID: {d45af175-9295-4e8f-b5e5-18e4e507e37c}
2026-10-08T22:12:54.8969696Z Region: westus3
2026-10-08T22:12:54.8970094Z Cloud: Azure
2026-10-08T22:12:54.8970446Z ##[endgroup]
2026-10-08T22:12:54.8971316Z ##[group]Operating System
2026-10-08T22:12:54.8971743Z Ubuntu
2026-10-08T22:12:54.8972115Z 24.04.5
2026-10-08T22:12:54.8972489Z LTS
2026-10-08T22:12:54.8972823Z ##[endgroup]
2026-10-08T22:12:54.8973217Z ##[group]Runner Image
2026-10-08T22:12:54.8973612Z Image: ubuntu-24.04
2026-10-08T22:12:54.8973967Z Version: 20261004.327.1
2026-10-08T22:12:54.8974865Z Included Software: https://github.com/actions/runner-images/blob/ubuntu24/20261004.327/images/ubuntu/Ubuntu2404-Readme.md
2026-10-08T22:12:54.8975845Z Image Release: https://github.com/actions/runner-images/releases/tag/ubuntu24%2F20261004.327
2026-10-08T22:12:54.8976445Z ##[endgroup]
2026-10-08T22:12:54.8977226Z ##[group]GITHUB_TOKEN Permissions
2026-10-08T22:12:54.8978572Z Contents: read
2026-10-08T22:12:54.8978927Z Metadata: read
2026-10-08T22:12:54.8979501Z ##[endgroup]
2026-10-08T22:12:54.8980928Z Secret source: Actions
2026-10-08T22:12:54.8981636Z Cache mode: write
2026-10-08T22:12:54.8982087Z Prepare workflow directory
2026-10-08T22:12:55.0441832Z Prepare all required actions
2026-10-08T22:12:55.0493684Z Getting action download info
2026-10-08T22:12:55.3709585Z Download action repository 'actions/checkout@v4' (SHA:11d5960a326750d5838078e36cf38b85af677262)
2026-10-08T22:12:55.8157203Z Download action repository 'actions/setup-node@v4' (SHA:49933ea5288caeca8642d1e84afbd3f7d6820020)
2026-10-08T22:12:56.3629208Z Download action repository 'actions/upload-artifact@v4' (SHA:ea165f8d65b6e75b540449e92b4886f43607fa02)
2026-10-08T22:12:56.7878274Z Complete job name: checks (league-international)
2026-10-08T22:12:56.8532435Z ##[group]Run actions/checkout@v4
2026-10-08T22:12:56.8532737Z with:
2026-10-08T22:12:56.8532875Z   ref: fa0b337e1178177ff5b871acae697897c687ee11
2026-10-08T22:12:56.8533062Z   repository: luisitin/partybox-game-cores
2026-10-08T22:12:56.8534563Z   token: ***
2026-10-08T22:12:56.8534686Z   ssh-strict: true
2026-10-08T22:12:56.8534804Z   ssh-user: git
2026-10-08T22:12:56.8534928Z   persist-credentials: true
2026-10-08T22:12:56.8535066Z   clean: true
2026-10-08T22:12:56.8535192Z   sparse-checkout-cone-mode: true
2026-10-08T22:12:56.8535352Z   fetch-depth: 1
2026-10-08T22:12:56.8535478Z   fetch-tags: false
2026-10-08T22:12:56.8535612Z   show-progress: true
2026-10-08T22:12:56.8535737Z   lfs: false
2026-10-08T22:12:56.8535857Z   submodules: false
2026-10-08T22:12:56.8535981Z   set-safe-directory: true
2026-10-08T22:12:56.8536128Z   allow-unsafe-pr-checkout: false
2026-10-08T22:12:56.8536349Z env:
2026-10-08T22:12:56.8536557Z   G10_SOURCE_COMMIT: fa0b337e1178177ff5b871acae697897c687ee11
2026-10-08T22:12:56.8536747Z ##[endgroup]
2026-10-08T22:12:56.9287853Z Syncing repository: luisitin/partybox-game-cores
2026-10-08T22:12:56.9289024Z ##[group]Getting Git version info
2026-10-08T22:12:56.9289290Z Working directory is '/home/runner/work/partybox-game-cores/partybox-game-cores'
2026-10-08T22:12:56.9289847Z [command]/usr/bin/git version
2026-10-08T22:12:56.9358689Z git version 2.55.0
2026-10-08T22:12:56.9380780Z ##[endgroup]
2026-10-08T22:12:56.9386205Z Temporarily overriding HOME='/home/runner/work/_temp/ff5e353f-55b4-4f84-8d7c-0c270fc4d2fc' before making global git config changes
2026-10-08T22:12:56.9390864Z Adding repository directory to the temporary git global config as a safe directory
2026-10-08T22:12:56.9391286Z [command]/usr/bin/git config --global --add safe.directory /home/runner/work/partybox-game-cores/partybox-game-cores
2026-10-08T22:12:57.0086924Z Deleting the contents of '/home/runner/work/partybox-game-cores/partybox-game-cores'
2026-10-08T22:12:57.0091746Z ##[group]Initializing the repository
2026-10-08T22:12:57.0095687Z [command]/usr/bin/git init /home/runner/work/partybox-game-cores/partybox-game-cores
2026-10-08T22:12:57.1392209Z hint: Using 'master' as the name for the initial branch. This default branch name
2026-10-08T22:12:57.1393130Z hint: will change to "main" in Git 3.0. To configure the initial branch name
2026-10-08T22:12:57.1393673Z hint: to use in all of your new repositories, which will suppress this warning,
2026-10-08T22:12:57.1394011Z hint: call:
2026-10-08T22:12:57.1394224Z hint:
2026-10-08T22:12:57.1394518Z hint: 	git config --global init.defaultBranch <name>
2026-10-08T22:12:57.1394749Z hint:
2026-10-08T22:12:57.1394923Z hint: Names commonly chosen instead of 'master' are 'main', 'trunk' and
2026-10-08T22:12:57.1395211Z hint: 'development'. The just-created branch can be renamed via this command:
2026-10-08T22:12:57.1395447Z hint:
2026-10-08T22:12:57.1395566Z hint: 	git branch -m <name>
2026-10-08T22:12:57.1395743Z hint:
2026-10-08T22:12:57.1395937Z hint: Disable this message with "git config set advice.defaultBranchName false"
2026-10-08T22:12:57.1396472Z Initialized empty Git repository in /home/runner/work/partybox-game-cores/partybox-game-cores/.git/
2026-10-08T22:12:57.1402369Z [command]/usr/bin/git remote add origin https://github.com/luisitin/partybox-game-cores
2026-10-08T22:12:57.2091220Z ##[endgroup]
2026-10-08T22:12:57.2091673Z ##[group]Disabling automatic garbage collection
2026-10-08T22:12:57.2095497Z [command]/usr/bin/git config --local gc.auto 0
2026-10-08T22:12:57.2688861Z ##[endgroup]
2026-10-08T22:12:57.2689136Z ##[group]Setting up auth
2026-10-08T22:12:57.2696399Z [command]/usr/bin/git config --local --name-only --get-regexp core\.sshCommand
2026-10-08T22:12:57.2730022Z [command]/usr/bin/git submodule foreach --recursive sh -c "git config --local --name-only --get-regexp 'core\.sshCommand' && git config --local --unset-all 'core.sshCommand' || :"
2026-10-08T22:12:57.3039243Z [command]/usr/bin/git config --local --name-only --get-regexp http\.https\:\/\/github\.com\/\.extraheader
2026-10-08T22:12:57.3072081Z [command]/usr/bin/git submodule foreach --recursive sh -c "git config --local --name-only --get-regexp 'http\.https\:\/\/github\.com\/\.extraheader' && git config --local --unset-all 'http.https://github.com/.extraheader' || :"
2026-10-08T22:12:57.3264594Z [command]/usr/bin/git config --local --name-only --get-regexp ^includeIf\.gitdir:
2026-10-08T22:12:57.3300637Z [command]/usr/bin/git submodule foreach --recursive git config --local --show-origin --name-only --get-regexp remote.origin.url
2026-10-08T22:12:57.3513449Z [command]/usr/bin/git config --local http.https://github.com/.extraheader AUTHORIZATION: basic ***
2026-10-08T22:12:57.4010160Z ##[endgroup]
2026-10-08T22:12:57.4010534Z ##[group]Fetching the repository
2026-10-08T22:12:57.4017342Z [command]/usr/bin/git -c protocol.version=2 fetch --no-tags --prune --no-recurse-submodules --depth=1 origin fa0b337e1178177ff5b871acae697897c687ee11
2026-10-08T22:13:20.5787267Z From https://github.com/luisitin/partybox-game-cores
2026-10-08T22:13:20.5788139Z  * branch            fa0b337e1178177ff5b871acae697897c687ee11 -> FETCH_HEAD
2026-10-08T22:13:20.5791879Z ##[endgroup]
2026-10-08T22:13:20.5792205Z ##[group]Determining the checkout info
2026-10-08T22:13:20.5794068Z ##[endgroup]
2026-10-08T22:13:20.5799724Z [command]/usr/bin/git sparse-checkout disable
2026-10-08T22:13:20.6505088Z [command]/usr/bin/git config --local --unset-all extensions.worktreeConfig
2026-10-08T22:13:20.6905676Z ##[group]Checking out the ref
2026-10-08T22:13:20.6906384Z [command]/usr/bin/git checkout --progress --force fa0b337e1178177ff5b871acae697897c687ee11
2026-10-08T22:13:22.6708019Z Updating files:  12% (189/1560)
2026-10-08T22:13:22.7764153Z Updating files:  13% (203/1560)
2026-10-08T22:13:23.3619970Z Updating files:  13% (204/1560)
2026-10-08T22:13:23.7473597Z Updating files:  14% (219/1560)
2026-10-08T22:13:24.2491429Z Updating files:  14% (224/1560)
2026-10-08T22:13:24.7697422Z Updating files:  15% (234/1560)
2026-10-08T22:13:25.0120869Z Updating files:  15% (243/1560)
2026-10-08T22:13:25.2527424Z Updating files:  16% (250/1560)
2026-10-08T22:13:25.2533987Z Updating files:  17% (266/1560)
2026-10-08T22:13:25.2539253Z Updating files:  18% (281/1560)
2026-10-08T22:13:25.2547214Z Updating files:  19% (297/1560)
2026-10-08T22:13:25.2695492Z Updating files:  20% (312/1560)
2026-10-08T22:13:25.2699551Z Updating files:  21% (328/1560)
2026-10-08T22:13:25.2704178Z Updating files:  22% (344/1560)
2026-10-08T22:13:25.2719848Z Updating files:  23% (359/1560)
2026-10-08T22:13:25.2828810Z Updating files:  24% (375/1560)
2026-10-08T22:13:25.2833023Z Updating files:  25% (390/1560)
2026-10-08T22:13:25.2838397Z Updating files:  26% (406/1560)
2026-10-08T22:13:25.2842606Z Updating files:  27% (422/1560)
2026-10-08T22:13:25.2857240Z Updating files:  28% (437/1560)
2026-10-08T22:13:25.2867250Z Updating files:  29% (453/1560)
2026-10-08T22:13:25.2875496Z Updating files:  30% (468/1560)
2026-10-08T22:13:25.2882650Z Updating files:  31% (484/1560)
2026-10-08T22:13:25.2890454Z Updating files:  32% (500/1560)
2026-10-08T22:13:25.2895539Z Updating files:  33% (515/1560)
2026-10-08T22:13:25.2901166Z Updating files:  34% (531/1560)
2026-10-08T22:13:25.2954734Z Updating files:  35% (546/1560)
2026-10-08T22:13:25.2964773Z Updating files:  36% (562/1560)
2026-10-08T22:13:25.3090392Z Updating files:  37% (578/1560)
2026-10-08T22:13:25.3220970Z Updating files:  38% (593/1560)
2026-10-08T22:13:25.3283317Z Updating files:  39% (609/1560)
2026-10-08T22:13:25.3422166Z Updating files:  40% (624/1560)
2026-10-08T22:13:25.3431683Z Updating files:  41% (640/1560)
2026-10-08T22:13:25.3439048Z Updating files:  42% (656/1560)
2026-10-08T22:13:25.3487451Z Updating files:  43% (671/1560)
2026-10-08T22:13:25.3499244Z Updating files:  44% (687/1560)
2026-10-08T22:13:25.3507247Z Updating files:  45% (702/1560)
2026-10-08T22:13:25.3515260Z Updating files:  46% (718/1560)
2026-10-08T22:13:25.3532299Z Updating files:  47% (734/1560)
2026-10-08T22:13:25.3661694Z Updating files:  48% (749/1560)
2026-10-08T22:13:25.3781628Z Updating files:  49% (765/1560)
2026-10-08T22:13:25.3827707Z Updating files:  50% (780/1560)
2026-10-08T22:13:25.3980689Z Updating files:  51% (796/1560)
2026-10-08T22:13:25.4021638Z Updating files:  52% (812/1560)
2026-10-08T22:13:25.4033269Z Updating files:  53% (827/1560)
2026-10-08T22:13:25.4038734Z Updating files:  54% (843/1560)
2026-10-08T22:13:25.4060552Z Updating files:  55% (858/1560)
2026-10-08T22:13:25.4088085Z Updating files:  56% (874/1560)
2026-10-08T22:13:25.4119269Z Updating files:  57% (890/1560)
2026-10-08T22:13:25.4134955Z Updating files:  58% (905/1560)
2026-10-08T22:13:25.4154925Z Updating files:  59% (921/1560)
2026-10-08T22:13:25.4181496Z Updating files:  60% (936/1560)
2026-10-08T22:13:25.4213958Z Updating files:  61% (952/1560)
2026-10-08T22:13:25.4241259Z Updating files:  62% (968/1560)
2026-10-08T22:13:25.4274718Z Updating files:  63% (983/1560)
2026-10-08T22:13:25.4280459Z Updating files:  64% (999/1560)
2026-10-08T22:13:25.4297375Z Updating files:  65% (1014/1560)
2026-10-08T22:13:25.4318307Z Updating files:  66% (1030/1560)
2026-10-08T22:13:25.4340020Z Updating files:  67% (1046/1560)
2026-10-08T22:13:25.4362984Z Updating files:  68% (1061/1560)
2026-10-08T22:13:25.4392160Z Updating files:  69% (1077/1560)
2026-10-08T22:13:25.4409621Z Updating files:  70% (1092/1560)
2026-10-08T22:13:25.4426741Z Updating files:  71% (1108/1560)
2026-10-08T22:13:25.4446514Z Updating files:  72% (1124/1560)
2026-10-08T22:13:25.4471813Z Updating files:  73% (1139/1560)
2026-10-08T22:13:25.4505175Z Updating files:  74% (1155/1560)
2026-10-08T22:13:25.4536800Z Updating files:  75% (1170/1560)
2026-10-08T22:13:25.4543679Z Updating files:  76% (1186/1560)
2026-10-08T22:13:25.4549657Z Updating files:  77% (1202/1560)
2026-10-08T22:13:25.4564994Z Updating files:  78% (1217/1560)
2026-10-08T22:13:25.4570639Z Updating files:  79% (1233/1560)
2026-10-08T22:13:25.4575980Z Updating files:  80% (1248/1560)
2026-10-08T22:13:25.4581272Z Updating files:  81% (1264/1560)
2026-10-08T22:13:25.4585973Z Updating files:  82% (1280/1560)
2026-10-08T22:13:25.4590296Z Updating files:  83% (1295/1560)
2026-10-08T22:13:25.4606292Z Updating files:  84% (1311/1560)
2026-10-08T22:13:25.4625732Z Updating files:  85% (1326/1560)
2026-10-08T22:13:25.4631313Z Updating files:  86% (1342/1560)
2026-10-08T22:13:25.4636502Z Updating files:  87% (1358/1560)
2026-10-08T22:13:25.4647845Z Updating files:  88% (1373/1560)
2026-10-08T22:13:25.4677774Z Updating files:  89% (1389/1560)
2026-10-08T22:13:25.4723616Z Updating files:  90% (1404/1560)
2026-10-08T22:13:25.4754320Z Updating files:  91% (1420/1560)
2026-10-08T22:13:25.4765333Z Updating files:  92% (1436/1560)
2026-10-08T22:13:25.4772733Z Updating files:  93% (1451/1560)
2026-10-08T22:13:25.7342658Z Updating files:  94% (1467/1560)
2026-10-08T22:13:25.7343194Z Updating files:  94% (1481/1560)
2026-10-08T22:13:25.7347689Z Updating files:  95% (1482/1560)
2026-10-08T22:13:25.7354211Z Updating files:  96% (1498/1560)
2026-10-08T22:13:25.7359606Z Updating files:  97% (1514/1560)
2026-10-08T22:13:25.7366099Z Updating files:  98% (1529/1560)
2026-10-08T22:13:25.7371888Z Updating files:  99% (1545/1560)
2026-10-08T22:13:25.7372143Z Updating files: 100% (1560/1560)
2026-10-08T22:13:25.7372288Z Updating files: 100% (1560/1560), done.
2026-10-08T22:13:25.8180790Z Note: switching to 'fa0b337e1178177ff5b871acae697897c687ee11'.
2026-10-08T22:13:25.8181069Z 
2026-10-08T22:13:25.8181275Z You are in 'detached HEAD' state. You can look around, make experimental
2026-10-08T22:13:25.8181680Z changes and commit them, and you can discard any commits you make in this
2026-10-08T22:13:25.8182075Z state without impacting any branches by switching back to a branch.
2026-10-08T22:13:25.8182300Z 
2026-10-08T22:13:25.8182453Z If you want to create a new branch to retain commits you create, you may
2026-10-08T22:13:25.8182839Z do so (now or later) by using -c with the switch command. Example:
2026-10-08T22:13:25.8183010Z 
2026-10-08T22:13:25.8183075Z   git switch -c <new-branch-name>
2026-10-08T22:13:25.8183395Z 
2026-10-08T22:13:25.8183451Z Or undo this operation with:
2026-10-08T22:13:25.8183539Z 
2026-10-08T22:13:25.8183585Z   git switch -
2026-10-08T22:13:25.8183652Z 
2026-10-08T22:13:25.8183767Z Turn off this advice by setting config variable advice.detachedHead to false
2026-10-08T22:13:25.8183926Z 
2026-10-08T22:13:25.8184038Z HEAD is now at fa0b337 G10 archive first green PR proof and start ranked review
2026-10-08T22:13:25.8334175Z ##[endgroup]
2026-10-08T22:13:25.8371816Z [command]/usr/bin/git log -1 --format=%H
2026-10-08T22:13:25.8395670Z fa0b337e1178177ff5b871acae697897c687ee11
2026-10-08T22:13:25.8813065Z ##[group]Run actions/setup-node@v4
2026-10-08T22:13:25.8813221Z with:
2026-10-08T22:13:25.8813334Z   node-version: 22.16.0
2026-10-08T22:13:25.8813451Z   cache: npm
2026-10-08T22:13:25.8813600Z   cache-dependency-path: jobs/G10-checkers/package-lock.json
2026-10-08T22:13:25.8813803Z   always-auth: false
2026-10-08T22:13:25.8813922Z   check-latest: false
2026-10-08T22:13:25.8815218Z   token: ***
2026-10-08T22:13:25.8815321Z env:
2026-10-08T22:13:25.8815459Z   G10_SOURCE_COMMIT: fa0b337e1178177ff5b871acae697897c687ee11
2026-10-08T22:13:25.8815631Z ##[endgroup]
2026-10-08T22:13:25.9697902Z Attempting to download 22.16.0...
2026-10-08T22:13:25.9768036Z (node:2088) [DEP0040] DeprecationWarning: The `punycode` module is deprecated. Please use a userland alternative instead.
2026-10-08T22:13:25.9768403Z (Use `node --trace-deprecation ...` to show where the warning was created)
2026-10-08T22:13:27.0055535Z Acquiring 22.16.0 - x64 from https://github.com/actions/node-versions/releases/download/22.16.0-15177438473/node-22.16.0-linux-x64.tar.gz
2026-10-08T22:13:27.5730177Z Extracting ...
2026-10-08T22:13:27.5811910Z [command]/usr/bin/tar xz --strip 1 --warning=no-unknown-keyword --overwrite -C /home/runner/work/_temp/8a95e245-195a-4cc7-aa27-97f04193f947 -f /home/runner/work/_temp/8307de3f-8709-4c39-bacf-e37948db030f
2026-10-08T22:13:28.4175408Z Adding to the cache ...
2026-10-08T22:13:30.2859907Z ##[group]Environment details
2026-10-08T22:13:30.4504047Z node: v22.16.0
2026-10-08T22:13:30.4504341Z npm: 10.9.2
2026-10-08T22:13:30.4504500Z yarn: 1.22.22
2026-10-08T22:13:30.4504959Z ##[endgroup]
2026-10-08T22:13:30.4516955Z [command]/opt/hostedtoolcache/node/22.16.0/x64/bin/npm config get cache
2026-10-08T22:13:30.5131675Z /home/runner/.npm
2026-10-08T22:13:30.7189102Z Cache hit for: node-cache-Linux-x64-npm-b79e3f2344d4218dbbb2f93f566da8e1ac49738aa1184813b150890d461d0c8a
2026-10-08T22:13:30.7261119Z (node:2088) [DEP0169] DeprecationWarning: `url.parse()` behavior is not standardized and prone to errors that have security implications. Use the WHATWG URL API instead. CVEs are not issued for `url.parse()` vulnerabilities.
2026-10-08T22:13:31.8150627Z Received 12676330 of 12676330 (100.0%), 13.8 MBs/sec
2026-10-08T22:13:31.8151001Z Cache Size: ~12 MB (12676330 B)
2026-10-08T22:13:31.8165726Z [command]/usr/bin/tar -xf /home/runner/work/_temp/a8a1f218-4a35-4c4e-a2fb-c7ad7fe5b070/cache.tzst -P -C /home/runner/work/partybox-game-cores/partybox-game-cores --use-compress-program unzstd
2026-10-08T22:13:31.8337897Z Cache restored successfully
2026-10-08T22:13:31.8354890Z Cache restored from key: node-cache-Linux-x64-npm-b79e3f2344d4218dbbb2f93f566da8e1ac49738aa1184813b150890d461d0c8a
2026-10-08T22:13:31.9361195Z ##[group]Run npm ci --ignore-scripts --no-audit --no-fund
2026-10-08T22:13:31.9361471Z [36;1mnpm ci --ignore-scripts --no-audit --no-fund[0m
2026-10-08T22:13:32.0315516Z shell: /usr/bin/bash -e {0}
2026-10-08T22:13:32.0315769Z env:
2026-10-08T22:13:32.0316000Z   G10_SOURCE_COMMIT: fa0b337e1178177ff5b871acae697897c687ee11
2026-10-08T22:13:32.0316222Z ##[endgroup]
2026-10-08T22:13:32.6436394Z 
2026-10-08T22:13:32.6443690Z added 6 packages in 547ms
2026-10-08T22:13:32.6852783Z ##[group]Run node --version
2026-10-08T22:13:32.6852978Z [36;1mnode --version[0m
2026-10-08T22:13:32.6853106Z [36;1mnproc[0m
2026-10-08T22:13:32.6853252Z [36;1mawk '/MemTotal/ { print }' /proc/meminfo[0m
2026-10-08T22:13:32.6853417Z [36;1mdf -Pk .[0m
2026-10-08T22:13:32.6905419Z shell: /usr/bin/bash -e {0}
2026-10-08T22:13:32.6905560Z env:
2026-10-08T22:13:32.6905713Z   G10_SOURCE_COMMIT: fa0b337e1178177ff5b871acae697897c687ee11
2026-10-08T22:13:32.6905897Z ##[endgroup]
2026-10-08T22:13:32.7090685Z v22.16.0
2026-10-08T22:13:32.7222589Z 4
2026-10-08T22:13:32.7240570Z MemTotal:       16373452 kB
2026-10-08T22:13:32.7333989Z Filesystem     1024-blocks     Used Available Capacity Mounted on
2026-10-08T22:13:32.7334270Z /dev/root        151263856 63883892  87363580      43% /
2026-10-08T22:13:32.7465210Z ##[group]Run set -o pipefail
2026-10-08T22:13:32.7465400Z [36;1mset -o pipefail[0m
2026-10-08T22:13:32.7465684Z [36;1mnode scripts/check.mjs --stage 'league-international' 2>&1 | tee '.work-stage-league-international.stdout'[0m
2026-10-08T22:13:32.7517403Z shell: /usr/bin/bash -e {0}
2026-10-08T22:13:32.7517549Z env:
2026-10-08T22:13:32.7517727Z   G10_SOURCE_COMMIT: fa0b337e1178177ff5b871acae697897c687ee11
2026-10-08T22:13:32.7517911Z ##[endgroup]
2026-10-08T22:13:32.8501943Z 
2026-10-08T22:13:32.8502481Z > partybox-g10-checkers@1.0.0 build
2026-10-08T22:13:32.8502755Z > tsc --noEmit && node scripts/build.mjs
2026-10-08T22:13:32.8502865Z 
2026-10-08T22:13:41.6059915Z PASS: complete offline single-page game written to /home/runner/work/partybox-game-cores/partybox-game-cores/jobs/G10-checkers/.work/play.html; original six-piece data is read in bounded blocks.
2026-10-08T22:13:54.5840197Z PASS: checksums, authoritative schemas/manifest, pure core source, fixed corpus provenance, original offline page (delivery execution gates explicitly excluded).
2026-10-08T22:14:04.4476698Z {"prewarm":"international","index":0,"kind":"ready","variant":"international","importSeconds":6.687637522999999,"memory":{"rss":2020163584,"heapTotal":1480179712,"heapUsed":1447639056,"external":73286072,"arrayBuffers":70363610}}
2026-10-08T22:14:11.2358803Z {"prewarm":"international","index":1,"kind":"ready","variant":"international","importSeconds":6.761843866,"memory":{"rss":4001943552,"heapTotal":1478868992,"heapUsed":1459804880,"external":73286072,"arrayBuffers":70363610}}
2026-10-08T22:14:17.8786610Z {"prewarm":"international","index":2,"kind":"ready","variant":"international","importSeconds":6.6186214299999975,"memory":{"rss":5847482368,"heapTotal":1481490432,"heapUsed":1446884200,"external":73286072,"arrayBuffers":70363610}}
2026-10-08T22:14:24.7708218Z {"prewarm":"international","index":3,"kind":"ready","variant":"international","importSeconds":6.865871465000001,"memory":{"rss":7788126208,"heapTotal":1480441856,"heapUsed":1461368368,"external":73286072,"arrayBuffers":70363610}}
2026-10-08T22:16:17.2761521Z {"variant":"international","higher":"sharp","lower":"normal","start":0,"end":50,"games":50,"wins":47,"draws":3,"losses":0,"elapsedSeconds":112.47998842300002,"raw":"international-sharp-normal-0000.jsonl"}
2026-10-08T22:16:23.2498837Z {"variant":"international","higher":"sharp","lower":"normal","start":150,"end":200,"games":50,"wins":44,"draws":6,"losses":0,"elapsedSeconds":118.460667865,"raw":"international-sharp-normal-0150.jsonl"}
2026-10-08T22:16:25.3280682Z {"variant":"international","higher":"sharp","lower":"normal","start":100,"end":150,"games":50,"wins":47,"draws":3,"losses":0,"elapsedSeconds":120.53698776200001,"raw":"international-sharp-normal-0100.jsonl"}
2026-10-08T22:16:25.7252126Z {"variant":"international","higher":"sharp","lower":"normal","start":50,"end":100,"games":50,"wins":45,"draws":5,"losses":0,"elapsedSeconds":120.93649623200001,"raw":"international-sharp-normal-0050.jsonl"}
2026-10-08T22:18:15.1447625Z {"variant":"international","higher":"sharp","lower":"normal","start":200,"end":250,"games":50,"wins":46,"draws":4,"losses":0,"elapsedSeconds":117.85610638400001,"raw":"international-sharp-normal-0200.jsonl"}
2026-10-08T22:18:21.0590597Z {"variant":"international","higher":"sharp","lower":"normal","start":300,"end":350,"games":50,"wins":48,"draws":2,"losses":0,"elapsedSeconds":115.715232046,"raw":"international-sharp-normal-0300.jsonl"}
2026-10-08T22:18:26.4815215Z {"variant":"international","higher":"sharp","lower":"normal","start":350,"end":400,"games":50,"wins":45,"draws":4,"losses":1,"elapsedSeconds":120.73771261500002,"raw":"international-sharp-normal-0350.jsonl"}
2026-10-08T22:18:27.9781392Z {"variant":"international","higher":"sharp","lower":"normal","start":250,"end":300,"games":50,"wins":45,"draws":4,"losses":1,"elapsedSeconds":124.70185303999999,"raw":"international-sharp-normal-0250.jsonl"}
2026-10-08T22:20:24.1992770Z {"variant":"international","higher":"sharp","lower":"normal","start":400,"end":450,"games":50,"wins":49,"draws":1,"losses":0,"elapsedSeconds":129.038873804,"raw":"international-sharp-normal-0400.jsonl"}
2026-10-08T22:20:31.7149940Z {"variant":"international","higher":"sharp","lower":"normal","start":500,"end":550,"games":50,"wins":42,"draws":8,"losses":0,"elapsedSeconds":125.21501026200002,"raw":"international-sharp-normal-0500.jsonl"}
2026-10-08T22:20:34.3216437Z {"variant":"international","higher":"sharp","lower":"normal","start":450,"end":500,"games":50,"wins":43,"draws":6,"losses":1,"elapsedSeconds":133.244113862,"raw":"international-sharp-normal-0450.jsonl"}
2026-10-08T22:20:35.9796252Z {"variant":"international","higher":"sharp","lower":"normal","start":550,"end":600,"games":50,"wins":47,"draws":3,"losses":0,"elapsedSeconds":127.98656250100001,"raw":"international-sharp-normal-0550.jsonl"}
2026-10-08T22:22:37.7217661Z {"variant":"international","higher":"sharp","lower":"normal","start":600,"end":650,"games":50,"wins":49,"draws":1,"losses":0,"elapsedSeconds":133.50399845700002,"raw":"international-sharp-normal-0600.jsonl"}
2026-10-08T22:22:40.6269932Z {"variant":"international","higher":"sharp","lower":"normal","start":750,"end":800,"games":50,"wins":48,"draws":2,"losses":0,"elapsedSeconds":124.627751996,"raw":"international-sharp-normal-0750.jsonl"}
2026-10-08T22:22:41.0148180Z {"variant":"international","higher":"sharp","lower":"normal","start":700,"end":750,"games":50,"wins":46,"draws":4,"losses":0,"elapsedSeconds":126.67693874700001,"raw":"international-sharp-normal-0700.jsonl"}
2026-10-08T22:22:45.8244564Z {"variant":"international","higher":"sharp","lower":"normal","start":650,"end":700,"games":50,"wins":48,"draws":2,"losses":0,"elapsedSeconds":134.08048026699998,"raw":"international-sharp-normal-0650.jsonl"}
2026-10-08T22:24:45.2131723Z {"variant":"international","higher":"sharp","lower":"normal","start":800,"end":850,"games":50,"wins":48,"draws":1,"losses":1,"elapsedSeconds":127.47086187800002,"raw":"international-sharp-normal-0800.jsonl"}
2026-10-08T22:24:47.7099144Z {"variant":"international","higher":"normal","lower":"easy","start":0,"end":50,"games":50,"wins":50,"draws":0,"losses":0,"elapsedSeconds":2.492243368000025,"raw":"international-normal-easy-0000.jsonl"}
2026-10-08T22:24:49.9771271Z {"variant":"international","higher":"normal","lower":"easy","start":50,"end":100,"games":50,"wins":50,"draws":0,"losses":0,"elapsedSeconds":2.2578411700000287,"raw":"international-normal-easy-0050.jsonl"}
2026-10-08T22:24:52.3224435Z {"variant":"international","higher":"normal","lower":"easy","start":100,"end":150,"games":50,"wins":50,"draws":0,"losses":0,"elapsedSeconds":2.337017923999927,"raw":"international-normal-easy-0100.jsonl"}
2026-10-08T22:24:54.2009766Z {"variant":"international","higher":"sharp","lower":"normal","start":850,"end":900,"games":50,"wins":49,"draws":0,"losses":1,"elapsedSeconds":133.55894618800002,"raw":"international-sharp-normal-0850.jsonl"}
2026-10-08T22:24:54.9084901Z {"variant":"international","higher":"normal","lower":"easy","start":150,"end":200,"games":50,"wins":50,"draws":0,"losses":0,"elapsedSeconds":2.5760794250000036,"raw":"international-normal-easy-0150.jsonl"}
2026-10-08T22:24:56.8768670Z {"variant":"international","higher":"normal","lower":"easy","start":200,"end":250,"games":50,"wins":50,"draws":0,"losses":0,"elapsedSeconds":2.6694955609999598,"raw":"international-normal-easy-0200.jsonl"}
2026-10-08T22:24:57.3895458Z {"variant":"international","higher":"normal","lower":"easy","start":250,"end":300,"games":50,"wins":50,"draws":0,"losses":0,"elapsedSeconds":2.471092079999973,"raw":"international-normal-easy-0250.jsonl"}
2026-10-08T22:24:57.7061373Z {"variant":"international","higher":"sharp","lower":"normal","start":950,"end":1000,"games":50,"wins":47,"draws":3,"losses":0,"elapsedSeconds":131.85071561499998,"raw":"international-sharp-normal-0950.jsonl"}
2026-10-08T22:24:59.2957266Z {"variant":"international","higher":"normal","lower":"easy","start":300,"end":350,"games":50,"wins":50,"draws":0,"losses":0,"elapsedSeconds":2.412827249999973,"raw":"international-normal-easy-0300.jsonl"}
2026-10-08T22:24:59.8026086Z {"variant":"international","higher":"normal","lower":"easy","start":350,"end":400,"games":50,"wins":50,"draws":0,"losses":0,"elapsedSeconds":2.404972443000064,"raw":"international-normal-easy-0350.jsonl"}
2026-10-08T22:25:00.1248987Z {"variant":"international","higher":"normal","lower":"easy","start":400,"end":450,"games":50,"wins":50,"draws":0,"losses":0,"elapsedSeconds":2.408053170999978,"raw":"international-normal-easy-0400.jsonl"}
2026-10-08T22:25:01.7325599Z {"variant":"international","higher":"normal","lower":"easy","start":450,"end":500,"games":50,"wins":50,"draws":0,"losses":0,"elapsedSeconds":2.428520615999936,"raw":"international-normal-easy-0450.jsonl"}
2026-10-08T22:25:01.9670362Z {"variant":"international","higher":"normal","lower":"easy","start":500,"end":550,"games":50,"wins":50,"draws":0,"losses":0,"elapsedSeconds":2.1544159450000153,"raw":"international-normal-easy-0500.jsonl"}
2026-10-08T22:25:02.7546675Z {"variant":"international","higher":"normal","lower":"easy","start":550,"end":600,"games":50,"wins":50,"draws":0,"losses":0,"elapsedSeconds":2.623491569999955,"raw":"international-normal-easy-0550.jsonl"}
2026-10-08T22:25:04.2590437Z {"variant":"international","higher":"normal","lower":"easy","start":600,"end":650,"games":50,"wins":50,"draws":0,"losses":0,"elapsedSeconds":2.5195882420000855,"raw":"international-normal-easy-0600.jsonl"}
2026-10-08T22:25:04.4309775Z {"variant":"international","higher":"normal","lower":"easy","start":650,"end":700,"games":50,"wins":50,"draws":0,"losses":0,"elapsedSeconds":2.457230530000059,"raw":"international-normal-easy-0650.jsonl"}
2026-10-08T22:25:05.6997735Z {"variant":"international","higher":"normal","lower":"easy","start":700,"end":750,"games":50,"wins":50,"draws":0,"losses":0,"elapsedSeconds":2.93384033799998,"raw":"international-normal-easy-0700.jsonl"}
2026-10-08T22:25:06.9469228Z {"variant":"international","higher":"normal","lower":"easy","start":750,"end":800,"games":50,"wins":50,"draws":0,"losses":0,"elapsedSeconds":2.681211281999946,"raw":"international-normal-easy-0750.jsonl"}
2026-10-08T22:25:07.0031477Z {"variant":"international","higher":"normal","lower":"easy","start":800,"end":850,"games":50,"wins":50,"draws":0,"losses":0,"elapsedSeconds":2.5642940579999705,"raw":"international-normal-easy-0800.jsonl"}
2026-10-08T22:25:07.4301219Z {"variant":"international","higher":"sharp","lower":"normal","start":900,"end":950,"games":50,"wins":47,"draws":3,"losses":0,"elapsedSeconds":146.39543698400004,"raw":"international-sharp-normal-0900.jsonl"}
2026-10-08T22:25:08.4618939Z {"variant":"international","higher":"normal","lower":"easy","start":850,"end":900,"games":50,"wins":50,"draws":0,"losses":0,"elapsedSeconds":2.7554094650000334,"raw":"international-normal-easy-0850.jsonl"}
2026-10-08T22:25:08.9787814Z {"variant":"international","higher":"normal","lower":"easy","start":950,"end":1000,"games":50,"wins":50,"draws":0,"losses":0,"elapsedSeconds":1.9712065970000112,"raw":"international-normal-easy-0950.jsonl"}
2026-10-08T22:25:09.2257694Z {"variant":"international","higher":"normal","lower":"easy","start":900,"end":950,"games":50,"wins":50,"draws":0,"losses":0,"elapsedSeconds":2.2744146560000953,"raw":"international-normal-easy-0900.jsonl"}
2026-10-08T22:25:09.4167150Z {"command":"node scripts/league.mjs --variant international --ci-partition","gamesPerVariantComparison":1000,"gamesPerComparison":1000,"workers":4,"ciPartition":"international","opening":"Standard starting board; paired identical seed with stronger side alternated. No outcome-based opening selection.","startAt":"2026-10-08T22:13:57.087Z","comparisons":[{"variant":"international","higher":"sharp","lower":"normal","games":1000,"wins":930,"draws":65,"losses":5,"scoreShare":0.9625,"decisiveWinRate":0.9946524064171123,"decisiveWilson95":[0.9875429620800624,0.9977137628030275],"moves":112306,"maximumPlies":246,"workerSeconds":2525.0747349279995,"transcriptSha256":"cd50afbd1531fe0b0af9edfbb213321e081f1e45b77ac8980be4aef84ff224da"},{"variant":"international","higher":"normal","lower":"easy","games":1000,"wins":1000,"draws":0,"losses":0,"scoreShare":1,"decisiveWinRate":1,"decisiveWilson95":[0.9961731014136095,1],"moves":75836,"maximumPlies":130,"workerSeconds":49.393245691000025,"transcriptSha256":"e2f0ab4c0d74277baea5d1f1f11833eae52272e93ee8b08d4041cfb9eb14c192"}],"botSourceSha256":"450791148c7bb7c6c3d74dfa732917f51472c127abf2d32b9436376de3acc219","gameInputHashes":{"data/chinook/DB6.bin":"baee42a2b49390edd96e5a751189366275619c941d79021f3ca45774c3e7071f","data/chinook/DB6.idx":"10cb5cfc2a8c67e18c322563c17ceef0adeac87786a16c767c4616e9a574f4fd","data/endgames.json":"edb5d87a27caa83945e2a5587418fa6f246fb30dd3823652871a598272e0075d","data/international/db2.bin":"305a1e7eabb4bab13577774009592e1614ddf8a4efe334d6fe3cb8221000b4ed","data/international/db2.idx":"9622e861c67ea250396b384bb95fec00fd541964c3109bdc1b27ae7aae1f73f2","data/international/db3.bin":"9dd9170657b11b5e18e0a2d54b6475d9cfd2cf821c6f9e4e9ba78bdf130e10aa","data/international/db3.idx":"84862531a87da451037c3c1087b5c082c293ff508ffb447adbc8b7e020fa7aaa","data/international/db4.bin":"14e5a8fa159c33a2d7ca01538ca4cd088222c2f204a6b6ef174ffcebd28c72aa","data/international/db4.idx":"4514098c3a0fe91fb98ea1950eb53558f94017ed4c6553d10f117c94348e393e","data/international/db5.bin":"b3e65f71d2c801a68fe8928f62e32c40266f7d8ae4e5ab99b643805b1ace2e02","data/international/db5.idx":"4a94297121f50feca73beaea7ab10622942194d2b5c098d1c30c5cbe5b78715a","data/international/six/db6-0303.000.chunk":"75d63f54a4aefbb6a29871ac2c96fe8064239630c141c79298c99ede5af7bfae","data/international/six/db6-0303.idx":"9f6e7dddd055eb1234cc79750e749c9b2ef49bdf410d7761a0a27f76dc606b04","data/international/six/db6-0312.000.chunk":"a65ac7e0daf00efcb905cec95900ce8fe7c7afda3d242a693a229b2584fcdd89","data/international/six/db6-0312.idx":"9df486596addc03a3454c242a25198c35f0a371dbd0055ca1ad777bff28bc43a","data/international/six/db6-0321.000.chunk":"4f4af0182c39c3646128b9e17d2b283196e8cb4441452b4a01e9c2532e4b6b53","data/international/six/db6-0321.001.chunk":"b8d62083255a57d82395b04eddf6cf735700f3ead646b526fc9882bace3a0e40","data/international/six/db6-0321.idx":"af4c2df56553f4386223b11ad75e7ad4f5c26625be854d52b1e6f8760d8c3bee","data/international/six/db6-0330.000.chunk":"de1dfc76776fe69bf25a7e64b4f1800c17b196f7e9cf2258cb792f51d17fd5c1","data/international/six/db6-0330.idx":"ce6bba6b659d289f3823a0221a5927fe0cbdf313af052cadfbfe0259791590ca","data/international/six/db6-0402.000.chunk":"9508c060e20d0f01da854b4cd4e018f634241b5abb90e73ece71bd4ca69c2517","data/international/six/db6-0402.idx":"096c6e3b12ecf960f7012878baec51d00f1cafda9880d2b29128b21cb3821485","data/international/six/db6-0411.000.chunk":"d3a9300cbe73b288d4d897d20434b6f4373166f58cc69328043a835efbf03247","data/international/six/db6-0411.idx":"1c92044e7b38d59c1485a0b064ed22e5b685346a0d62ac8fce74c3d6d5130cf0","data/international/six/db6-0420.000.chunk":"26162642d1c3439d6e3abcef8c1a210857b371607d82a1714cb99a47ad803a6e","data/international/six/db6-0420.idx":"4d47ac027225d63cf773a0f5fe9258c5e5f3b3670b04de677bc0a10399e3a56d","data/international/six/db6-0501.000.chunk":"82881a78d8a5052037911bc0e1d33231fd1dce64f283fd5f53bb297c26e60221","data/international/six/db6-0501.idx":"d29f8d532adce5f2ba9befd66ae47413b3e91e0666b891c1f08b8b0c7eb4ea10","data/international/six/db6-0510.000.chunk":"28f286c57a29bac59c095d9efdbd2cd87ee648416a0d4e85099bd8c192bc8383","data/international/six/db6-0510.idx":"356a04a2d92ce1c614671b5e246d4c74215c55728480d79d24065252b1e3689a","data/international/six/db6-1212.000.chunk":"5f8cc263773a36546efb0af5e5f6e4bdb4bbd497a50bf00e477aec30e478923f","data/international/six/db6-1212.001.chunk":"578a53681f654ca3463c205428c02a2812751af0fc83aabb26912573bfeabf79","data/international/six/db6-1212.idx":"62c58abb6f24f8280d0f2b0d99cf2e78c85e4a8b8a37da142fdafce33911db7a","data/international/six/db6-1221.000.chunk":"acc65c6b904a669302b3f1dacf917f44852baa3febb2d33379ecdb9153dfd898","data/international/six/db6-1221.001.chunk":"44b31af46ccd5df50c10eea39107f33244be8d98ea39300c2ef739173573f775","data/international/six/db6-1221.002.chunk":"471ec101d7053b0029059f4ce617ffb88512a7d08d86f2be7e170abc29e8c2e9","data/international/six/db6-1221.003.chunk":"67460687baa048e40deaf19e4168f3fd644a9ffaad0475a02a7c65462a249738","data/international/six/db6-1221.idx":"893f2a20b42eb9b6a437b2a4c79635190b1b7d8303d67c2c6048ad762b654072","data/international/six/db6-1230.000.chunk":"45e595ea9c3279d783cf4632762912554f98103bb24fd3712ea5cd371ae077c6","data/international/six/db6-1230.001.chunk":"86282c8af312b2ee4e8a8c36a228ccd72b5a81ae7bd9e03ed86e63c92ba386cb","data/international/six/db6-1230.idx":"56f9a806af26475371ea04d7230e2316e6ce8206ea14fe28628b646ac5415d37","data/international/six/db6-1302.000.chunk":"a0bde8399fecc594fe8ad84b953018c2fd3796805de67f5361982b244027413f","data/international/six/db6-1302.001.chunk":"7398a50ae97329727420dca59b959f28ed295dbdd59e6dd54fb54d88554decfa","data/international/six/db6-1302.idx":"fc695c254e053157a79dfd22c287fcde716e887ba4a0e5765cc27be221efd7ab","data/international/six/db6-1311.000.chunk":"eac5625451bccbdee80bb5d98c1ae8b7d9dc7bcd218240d543e04ec76d692a36","data/international/six/db6-1311.001.chunk":"cc9e1d6f56f80b7f6fe73d30a878bd2c7e9be3cea795d0c64e2847976e57d88b","data/international/six/db6-1311.002.chunk":"33eb6b6262f6d2b248c2772ab41277231e227a0024007db766ae48edc31e7c6a","data/international/six/db6-1311.003.chunk":"d59c08b053c2d047da4cb9f793c9bcb905c689b0ada2108569428639f20eb107","data/international/six/db6-1311.idx":"824155526e1423c28dfc5a9e6ce803006fcdaabe5c5dcb72f52e4e0b29eb634a","data/international/six/db6-1320.000.chunk":"d37c461f883e519b95482bf38863e22c5cf71e3d4d26da2758aa06d8c5a69c1d","data/international/six/db6-1320.idx":"d9787b34307105c715e7b1f7cd463398386f5bdfa4d863fdee92af34b1dbf334","data/international/six/db6-1401.000.chunk":"45bb9b0339452bab7a464741003a168e43178944b286320b1eb70eb15458d17e","data/international/six/db6-1401.idx":"36c748d544a0d108e25f26a748f107ced6045229854dc0ec5cbabf39dccfd078","data/international/six/db6-1410.000.chunk":"6f3110cbbe9f88c12a01a7779b2034df76cc065e7767d153f17fd9d90efead51","data/international/six/db6-1410.idx":"f7a26d77bd12fb29b4d8492481e56c5c692a2c280062cc9518728882acd65890","data/international/six/db6-2121.000.chunk":"2b0d462e7d6f4e9188dec28fac5b91df1d93b655bd6f381e01dc7f82426dc742","data/international/six/db6-2121.001.chunk":"dd308ec8c23cb58e50f3be495b79934782cc3624036f88272a8526c87e6cd1f9","data/international/six/db6-2121.idx":"f3c643c2ac5d25da70b71339bc23d9c452e00244bd29562fd424b6a84ca3ad40","data/international/six/db6-2130.000.chunk":"320904de62832a1c6c9054c7650c61f10dd181da2e9b1b04aa86d2977656fde7","data/international/six/db6-2130.001.chunk":"a96061fbe9ec9d57d2edd5773fbd89145aafc7e5a5845c81bc58c5ecab63d2d6","data/international/six/db6-2130.idx":"9d6ed91ef56e08a1b98ee184839d9a880198c141aba47005a13587c572342a50","data/international/six/db6-2202.000.chunk":"43057f23a613a28f06bc9cd465b7ed44cf887dfe50e7001b7d1ef473cdbfd4b2","data/international/six/db6-2202.001.chunk":"585615fed0ec078a94e0ac32e3d52ac4d16b3eb7375663ff30d45e1293b3d44a","data/international/six/db6-2202.idx":"bae2e2b0a9709d4b46e397efdcdf322b2d461c492f221eb11f0638b2eb5951ec","data/international/six/db6-2211.000.chunk":"11dd5e990995f60597ec46e5f37a79429b072d11cf7353322dd95f7058c6d1ed","data/international/six/db6-2211.001.chunk":"8142e6725e68cefe12a42a8a8530a52182e9f44a2b85cb5ded48e445bc85bd7f","data/international/six/db6-2211.002.chunk":"c4d38e79e79b87802b26eded2a7c364946fea4d95450d35f10d7dcce343a8c69","data/international/six/db6-2211.003.chunk":"20b4af2d5329d20ebb3075c8cb31878935c15512cc2808546418879729f79402","data/international/six/db6-2211.004.chunk":"a4367099cfdacac510225de250b300e8fed1ba70d4438e14b311b7c796501089","data/international/six/db6-2211.005.chunk":"19b3a66dbf1497e2e455732a0f7ffb927c9e577f56c75419716439f524e9d514","data/international/six/db6-2211.006.chunk":"8bd6bc5bd76720a95a312bd8c6bae30701a6e99be19886e16126ca6abc3b2a7e","data/international/six/db6-2211.idx":"a525a93cfb7ccef53dce68366382a0c8764af216568b02b045edd8bd1230012a","data/international/six/db6-2220.000.chunk":"e1af2d5283389f43c81708a249e3c0b9968ed4aa322ac0bca48ca1ccc5d4dd7c","data/international/six/db6-2220.idx":"e3f4b23066c9f91d4a0f43984cbea7c01817d6a0e25c3705c7fb8327eb8a31a6","data/international/six/db6-2301.000.chunk":"0b6489a374a7680cb6697f2e78d0261558c15e5f6c629279b84f760cc5e2d4e4","data/international/six/db6-2301.idx":"fdcbc2bd251bf3b73822bd0e2b92cb8791deaa009bd2ab8730a25e3395ce7726","data/international/six/db6-2310.000.chunk":"13ae77b5d13ad94678dab0cfb4ca74f4db89190371eacc10bd92cadf10eb350f","data/international/six/db6-2310.idx":"1f8ece0f98423c4b9213ab41a2eec40fe32679fe71268bce240714d1b7896cda","data/international/six/db6-3030.000.chunk":"cecd125dd3e9f0e1fa8f42abd0d51c9b3f679839db56a60b50b380e764302569","data/international/six/db6-3030.idx":"c41521d134874aaa3151b4595373caf3a91afc0aea9e249c0d722612c0370a82","data/international/six/db6-3102.000.chunk":"c90c2e7384f00811e0445f566d7aa7243e861b65c71791df05f3679c1e6080c1","data/international/six/db6-3102.idx":"f0161e4b20319d077c04ae0e4607ac81a7b50315ea72ff456494b00072dac06d","data/international/six/db6-3111.000.chunk":"e62bab91ea59dbef862261975d320585d13f83fbaf709c7d686e0a085b594576","data/international/six/db6-3111.001.chunk":"49c653dccca0ad25d6c3e858f8dd55e540dfb48d6cee1dba749214d8d12b129b","data/international/six/db6-3111.002.chunk":"f3e3f75261fe41cc65d1ee5c3e4c391c5945e96c7635c091e384ed10d253043c","data/international/six/db6-3111.003.chunk":"5c6f451ee293fea2955580ac6717a2aeb991c58693c1f9a0aa5f7107c506d075","data/international/six/db6-3111.004.chunk":"53e58423b9d85e32bbb2eb3552df28124d5172ca983c214738558e7cf543234d","data/international/six/db6-3111.005.chunk":"6fa72cec7f0dcd4a79458b766c04f2fbbc3eeb1804f8ab8f1a3d546c1d0c04df","data/international/six/db6-3111.idx":"552cea6807e5de8bdaaa7430e48429d2876663c1c13bf8a80438ec3fc11222db","data/international/six/db6-3120.000.chunk":"4849d82cf6c7978ef034fc98ef90951d041b740fd79510c67f902a447061a5d2","data/international/six/db6-3120.idx":"b5243e519c0a2fb6f513062094758a95306e9144a48c7a555a79ed1887780c86","data/international/six/db6-3201.000.chunk":"8d899206c06202a55395530df8eab92bbd29b879e1310c0b704bdd26d1131772","data/international/six/db6-3201.idx":"f9b27e6e4cee762ed97a568b8f32673b1bfe5c22a64d0c5b47b7a18f39749958","data/international/six/db6-3210.000.chunk":"f829ad406b3b2b1f45e1ac30bc0e43440ce2b808025c27d3bfff2f704edeffb4","data/international/six/db6-3210.idx":"ab335ebeed4f38b97ad72512c77a84aa1a7a5b5d63f00278d205e9386b07c3be","data/international/six/db6-4002.000.chunk":"1f810fcb514771696b8b44d264a552607de2068b0595e165ee1b337f691d2530","data/international/six/db6-4002.idx":"7813f455b5b0225444c95e3424c3f30414373dae0cc6065d9b3e7bd07c304c67","data/international/six/db6-4011.000.chunk":"4e9176f2619ef1c62e5cbc5cb1e3ca7a0c45035148e4fb526eefc1266e1e7e38","data/international/six/db6-4011.idx":"84ad8d66b8560bdcf7a999b867381f36d93ee7724cf89d5abda8020ff9658e2d","data/international/six/db6-4020.000.chunk":"c1b0099c29929bd38f39e02b805bfa395e8b058bc73b3710bf6112efc2a56413","data/international/six/db6-4020.idx":"ed46094e80d77e4f27bdae4fe5678903eac0d72ff11bfbf0addf2d84205b7acd","data/international/six/db6-4101.000.chunk":"84e48039e29063ac53bb53f825c070190c6d424d91e41b3c6b8a5712d99dc07a","data/international/six/db6-4101.idx":"5b89058e3c8e2d225b5f80560b27f8001e42d648b410a616165747f2dc2f2a1b","data/international/six/db6-4110.000.chunk":"271c7e822c1a87b1a01c50a0705040d4e22f6f1a6850ba2baf547b09019a9e9c","data/international/six/db6-4110.idx":"99d0d61cfa656d9c84500f41892c66fbe9d24ebd96b873e63d8b3a3315a0fa78","data/international/six/db6-5001.000.chunk":"abb0af9db0c77accee65b836150e0eeed6c24d79d1c552ff21c9f1825e3846cf","data/international/six/db6-5001.idx":"3316a344e28cc3115daf8ed5d0dbf7f66dc57cafc39262172026d7efea6aab76","data/international/six/db6-5010.000.chunk":"b842fd58f936f742947a84e4587ba88fbc656ffa85371e2e75f57b79af612c5b","data/international/six/db6-5010.idx":"bd8c7a7853c0528d92799fbad5a1344a1ae4e7478598c9c82171afccef8cee41","data/international/six/manifest.json":"6532df5af4306b1b6b16723155b756faacef549bcc8292ccbf0e7663a707a28c","data/international/tunstall-v2.bin":"92fa921a410c270c3126811dc2d8af22e1691aedaaf0d020ee01adbe572d26a9","src/bots.ts":"450791148c7bb7c6c3d74dfa732917f51472c127abf2d32b9436376de3acc219","src/chinook-corpus.ts":"d38d8fc850c1d27d0e5d4b883bd87798278761a16ad5973dc78b3b3b867e08c8","src/chinook.ts":"97310193de9dda474899a027d3519bbd536db9ee2a6ca6530a7e218f7fe5f32a","src/core.ts":"516f8b970c8cd1298882b76b8e61552f74464ea4224207c304f436e2e3532c6b","src/draws.ts":"e256daaef8fb43b498e8adcb71a77451c55aa9b1c24fc0a44bc36ee613dda4d1","src/endgame.ts":"f9f6cea20233c09dbd4cc3cf1337300ecc0cd5b833674e94baa193d04db98821","src/international-corpus.ts":"356c00f5c25642a9393e73e16306f0e02bb31e10818e0cdcfd99e26534b84a8a","src/international-indexes.ts":"fb56f60992bbbb589bd4069d565672aba4f5a61227a5380a874e6001ee991625","src/international-search.ts":"67b4ba228bfbf4e122c65c3619a0d529be07a3e3423f1ad5c51227d5f99962ee","src/international-six-data.ts":"08566eb9e7c6d7b324ac3a26f72edf86f8b22634361ec052d099bdab88e851d6","src/international-six-indexes.ts":"641218fe08800d06c9ec0b592cbac46978cd0d64249cff4f32b32eff77797c99","src/international.ts":"832f0dc95b0d8ac14e61af29914796df3128856c1617dbd8c8c24d20319b21ce","src/moves.ts":"d4ea90d730fb1add4f3d8fb98401fb9030a3e1e5ab83eb209b4a7839bd0044e1","src/retrograde.ts":"62ac9082dd82914f4a39e29d448b2e2defb03d2292090a110d747545052eca03","src/schema.ts":"416cb6ea418a0c71eb31e4cf8452bb16fbf455d23bd338a0326a76c22e0670ee","src/types.ts":"079cd5dbb2e20329bf386c3f506c3009534d2afce98804a1a999a239fe1cb16a"},"workerAllocation":[[{"variant":"international","workers":4}]],"warmups":[{"kind":"ready","variant":"international","importSeconds":6.687637522999999,"memory":{"rss":2020163584,"heapTotal":1480179712,"heapUsed":1447639056,"external":73286072,"arrayBuffers":70363610}},{"kind":"ready","variant":"international","importSeconds":6.761843866,"memory":{"rss":4001943552,"heapTotal":1478868992,"heapUsed":1459804880,"external":73286072,"arrayBuffers":70363610}},{"kind":"ready","variant":"international","importSeconds":6.6186214299999975,"memory":{"rss":5847482368,"heapTotal":1481490432,"heapUsed":1446884200,"external":73286072,"arrayBuffers":70363610}},{"kind":"ready","variant":"international","importSeconds":6.865871465000001,"memory":{"rss":7788126208,"heapTotal":1480441856,"heapUsed":1461368368,"external":73286072,"arrayBuffers":70363610}}],"wholeProcessPeakRssKiB":13353372,"totalGames":2000,"elapsedSeconds":671.6776569890001}
2026-10-08T22:25:16.0117348Z {"status":"PASS","stage":"league-international","sourceCommit":"fa0b337e1178177ff5b871acae697897c687ee11","elapsedSeconds":703.220383942}
2026-10-08T22:25:16.0374978Z ##[group]Run actions/upload-artifact@v4
2026-10-08T22:25:16.0375162Z with:
2026-10-08T22:25:16.0375373Z   name: G10-stage-league-international-fa0b337e1178177ff5b871acae697897c687ee11
2026-10-08T22:25:16.0375854Z   path: jobs/G10-checkers/.work-stage-league-international.stdout
jobs/G10-checkers/.work/checks
jobs/G10-checkers/.work/browser
jobs/G10-checkers/.work/media

2026-10-08T22:25:16.0376234Z   if-no-files-found: error
2026-10-08T22:25:16.0376376Z   include-hidden-files: true
2026-10-08T22:25:16.0376515Z   retention-days: 7
2026-10-08T22:25:16.0376638Z   compression-level: 6
2026-10-08T22:25:16.0376762Z   overwrite: false
2026-10-08T22:25:16.0376879Z env:
2026-10-08T22:25:16.0377026Z   G10_SOURCE_COMMIT: fa0b337e1178177ff5b871acae697897c687ee11
2026-10-08T22:25:16.0377217Z ##[endgroup]
2026-10-08T22:25:16.3811337Z (node:3069) [DEP0040] DeprecationWarning: The `punycode` module is deprecated. Please use a userland alternative instead.
2026-10-08T22:25:16.3812218Z (Use `node --trace-deprecation ...` to show where the warning was created)
2026-10-08T22:25:16.4031926Z Multiple search paths detected. Calculating the least common ancestor of all paths
2026-10-08T22:25:16.4033400Z The least common ancestor is /home/runner/work/partybox-game-cores/partybox-game-cores/jobs/G10-checkers. This will be the root directory of the artifact
2026-10-08T22:25:16.4034148Z With the provided path, there will be 43 files uploaded
2026-10-08T22:25:16.4035459Z Artifact name is valid!
2026-10-08T22:25:16.4035987Z Root directory input is valid!
2026-10-08T22:25:16.7639547Z Beginning upload of artifact content to blob storage
2026-10-08T22:25:16.8504910Z (node:3069) [DEP0169] DeprecationWarning: `url.parse()` behavior is not standardized and prone to errors that have security implications. Use the WHATWG URL API instead. CVEs are not issued for `url.parse()` vulnerabilities.
2026-10-08T22:25:17.3923975Z Uploaded bytes 490257
2026-10-08T22:25:17.4554426Z Finished uploading artifact content to blob storage!
2026-10-08T22:25:17.4555915Z SHA256 digest of uploaded artifact zip is 1a17d4fb320c5d852a3e46cd13cd93e742deff0885084a506a37571496b5be69
2026-10-08T22:25:17.4556872Z Finalizing artifact upload
2026-10-08T22:25:17.7166261Z Artifact G10-stage-league-international-fa0b337e1178177ff5b871acae697897c687ee11.zip successfully finalized. Artifact ID 11582178273
2026-10-08T22:25:17.7167372Z Artifact G10-stage-league-international-fa0b337e1178177ff5b871acae697897c687ee11 has been successfully uploaded! Final size is 490257 bytes. Artifact ID is 11582178273
2026-10-08T22:25:17.7171126Z Artifact download URL: https://github.com/luisitin/partybox-game-cores/actions/runs/37852024033/artifacts/11582178273
2026-10-08T22:25:17.7508233Z Post job cleanup.
2026-10-08T22:25:17.8371258Z (node:3083) [DEP0040] DeprecationWarning: The `punycode` module is deprecated. Please use a userland alternative instead.
2026-10-08T22:25:17.8372800Z (Use `node --trace-deprecation ...` to show where the warning was created)
2026-10-08T22:25:17.8373712Z Cache hit occurred on the primary key node-cache-Linux-x64-npm-b79e3f2344d4218dbbb2f93f566da8e1ac49738aa1184813b150890d461d0c8a, not saving cache.
2026-10-08T22:25:17.8495885Z Post job cleanup.
2026-10-08T22:25:17.9244773Z [command]/usr/bin/git version
2026-10-08T22:25:17.9289592Z git version 2.55.0
2026-10-08T22:25:17.9313705Z Temporarily overriding HOME='/home/runner/work/_temp/0e702970-2188-4084-bf92-c066113ddf5e' before making global git config changes
2026-10-08T22:25:17.9314615Z Adding repository directory to the temporary git global config as a safe directory
2026-10-08T22:25:17.9317478Z [command]/usr/bin/git config --global --add safe.directory /home/runner/work/partybox-game-cores/partybox-game-cores
2026-10-08T22:25:17.9470837Z [command]/usr/bin/git config --local --name-only --get-regexp core\.sshCommand
2026-10-08T22:25:17.9489260Z [command]/usr/bin/git submodule foreach --recursive sh -c "git config --local --name-only --get-regexp 'core\.sshCommand' && git config --local --unset-all 'core.sshCommand' || :"
2026-10-08T22:25:17.9812029Z [command]/usr/bin/git config --local --name-only --get-regexp http\.https\:\/\/github\.com\/\.extraheader
2026-10-08T22:25:17.9830502Z http.https://github.com/.extraheader
2026-10-08T22:25:17.9855368Z [command]/usr/bin/git config --local --unset-all http.https://github.com/.extraheader
2026-10-08T22:25:17.9886732Z [command]/usr/bin/git submodule foreach --recursive sh -c "git config --local --name-only --get-regexp 'http\.https\:\/\/github\.com\/\.extraheader' && git config --local --unset-all 'http.https://github.com/.extraheader' || :"
2026-10-08T22:25:18.0109532Z [command]/usr/bin/git config --local --name-only --get-regexp ^includeIf\.gitdir:
2026-10-08T22:25:18.0144338Z [command]/usr/bin/git submodule foreach --recursive git config --local --show-origin --name-only --get-regexp remote.origin.url
2026-10-08T22:25:18.0470839Z Cleaning up orphan processes
2026-10-08T22:25:18.0665129Z ##[warning]Node.js 20 is deprecated. The following actions target Node.js 20 but are being forced to run on Node.js 24: actions/checkout@v4, actions/setup-node@v4, actions/upload-artifact@v4. For more information see: https://github.blog/changelog/2025-09-19-deprecation-of-node-20-on-github-actions-runners/

