2026-10-09T05:28:08.7148238Z Current runner version: '2.337.0'
2026-10-09T05:28:08.7185015Z ##[group]Runner Image Provisioner
2026-10-09T05:28:08.7186649Z Hosted Compute Agent
2026-10-09T05:28:08.7187738Z Version: 20261002.596
2026-10-09T05:28:08.7188867Z Commit: c3d12f3313a95f25162a1503be624f3b0617f8c0
2026-10-09T05:28:08.7190067Z Build Date: 2026-10-02T22:28:27Z
2026-10-09T05:28:08.7191204Z Worker ID: {7b360ccd-515b-43cd-9158-bfe825b1859c}
2026-10-09T05:28:08.7192488Z Region: eastus
2026-10-09T05:28:08.7193333Z Cloud: Azure
2026-10-09T05:28:08.7194231Z ##[endgroup]
2026-10-09T05:28:08.7196904Z ##[group]Operating System
2026-10-09T05:28:08.7197972Z Ubuntu
2026-10-09T05:28:08.7198956Z 24.04.5
2026-10-09T05:28:08.7199889Z LTS
2026-10-09T05:28:08.7200667Z ##[endgroup]
2026-10-09T05:28:08.7201623Z ##[group]Runner Image
2026-10-09T05:28:08.7202612Z Image: ubuntu-24.04
2026-10-09T05:28:08.7203580Z Version: 20261004.327.1
2026-10-09T05:28:08.7205985Z Included Software: https://github.com/actions/runner-images/blob/ubuntu24/20261004.327/images/ubuntu/Ubuntu2404-Readme.md
2026-10-09T05:28:08.7208888Z Image Release: https://github.com/actions/runner-images/releases/tag/ubuntu24%2F20261004.327
2026-10-09T05:28:08.7210585Z ##[endgroup]
2026-10-09T05:28:08.7212639Z ##[group]GITHUB_TOKEN Permissions
2026-10-09T05:28:08.7215674Z Contents: read
2026-10-09T05:28:08.7216741Z Metadata: read
2026-10-09T05:28:08.7217602Z ##[endgroup]
2026-10-09T05:28:08.7220703Z Secret source: Actions
2026-10-09T05:28:08.7222317Z Cache mode: write
2026-10-09T05:28:08.7223527Z Prepare workflow directory
2026-10-09T05:28:08.7819423Z Prepare all required actions
2026-10-09T05:28:08.7892647Z Getting action download info
2026-10-09T05:28:08.9848084Z Download action repository 'actions/checkout@v4' (SHA:11d5960a326750d5838078e36cf38b85af677262)
2026-10-09T05:28:09.0776700Z Download action repository 'actions/setup-node@v4' (SHA:49933ea5288caeca8642d1e84afbd3f7d6820020)
2026-10-09T05:28:09.1648435Z Download action repository 'actions/upload-artifact@v4' (SHA:ea165f8d65b6e75b540449e92b4886f43607fa02)
2026-10-09T05:28:09.3697059Z Complete job name: verify
2026-10-09T05:28:09.4503967Z ##[group]Run actions/checkout@v4
2026-10-09T05:28:09.4504912Z with:
2026-10-09T05:28:09.4505648Z   repository: luisitin/partybox-game-cores
2026-10-09T05:28:09.4509448Z   token: ***
2026-10-09T05:28:09.4509908Z   ssh-strict: true
2026-10-09T05:28:09.4510369Z   ssh-user: git
2026-10-09T05:28:09.4510846Z   persist-credentials: true
2026-10-09T05:28:09.4511360Z   clean: true
2026-10-09T05:28:09.4511818Z   sparse-checkout-cone-mode: true
2026-10-09T05:28:09.4512360Z   fetch-depth: 1
2026-10-09T05:28:09.4512805Z   fetch-tags: false
2026-10-09T05:28:09.4513266Z   show-progress: true
2026-10-09T05:28:09.4513732Z   lfs: false
2026-10-09T05:28:09.4514158Z   submodules: false
2026-10-09T05:28:09.4514632Z   set-safe-directory: true
2026-10-09T05:28:09.4515290Z   allow-unsafe-pr-checkout: false
2026-10-09T05:28:09.4516105Z ##[endgroup]
2026-10-09T05:28:09.5610229Z Syncing repository: luisitin/partybox-game-cores
2026-10-09T05:28:09.5612266Z ##[group]Getting Git version info
2026-10-09T05:28:09.5613242Z Working directory is '/home/runner/work/partybox-game-cores/partybox-game-cores'
2026-10-09T05:28:09.5614506Z [command]/usr/bin/git version
2026-10-09T05:28:09.5718431Z git version 2.55.0
2026-10-09T05:28:09.5742755Z ##[endgroup]
2026-10-09T05:28:09.5751589Z Temporarily overriding HOME='/home/runner/work/_temp/e002e3c9-a737-4f62-852a-5693109d5a47' before making global git config changes
2026-10-09T05:28:09.5754110Z Adding repository directory to the temporary git global config as a safe directory
2026-10-09T05:28:09.5758597Z [command]/usr/bin/git config --global --add safe.directory /home/runner/work/partybox-game-cores/partybox-game-cores
2026-10-09T05:28:09.5816528Z Deleting the contents of '/home/runner/work/partybox-game-cores/partybox-game-cores'
2026-10-09T05:28:09.5827157Z ##[group]Initializing the repository
2026-10-09T05:28:09.5828457Z [command]/usr/bin/git init /home/runner/work/partybox-game-cores/partybox-game-cores
2026-10-09T05:28:09.5946147Z hint: Using 'master' as the name for the initial branch. This default branch name
2026-10-09T05:28:09.5948508Z hint: will change to "main" in Git 3.0. To configure the initial branch name
2026-10-09T05:28:09.5950709Z hint: to use in all of your new repositories, which will suppress this warning,
2026-10-09T05:28:09.5952554Z hint: call:
2026-10-09T05:28:09.5954258Z hint:
2026-10-09T05:28:09.5955942Z hint: 	git config --global init.defaultBranch <name>
2026-10-09T05:28:09.5957440Z hint:
2026-10-09T05:28:09.5958803Z hint: Names commonly chosen instead of 'master' are 'main', 'trunk' and
2026-10-09T05:28:09.5960660Z hint: 'development'. The just-created branch can be renamed via this command:
2026-10-09T05:28:09.5962317Z hint:
2026-10-09T05:28:09.5963345Z hint: 	git branch -m <name>
2026-10-09T05:28:09.5964785Z hint:
2026-10-09T05:28:09.5966568Z hint: Disable this message with "git config set advice.defaultBranchName false"
2026-10-09T05:28:09.5969034Z Initialized empty Git repository in /home/runner/work/partybox-game-cores/partybox-game-cores/.git/
2026-10-09T05:28:09.5972994Z [command]/usr/bin/git remote add origin https://github.com/luisitin/partybox-game-cores
2026-10-09T05:28:09.6025769Z ##[endgroup]
2026-10-09T05:28:09.6027029Z ##[group]Disabling automatic garbage collection
2026-10-09T05:28:09.6030289Z [command]/usr/bin/git config --local gc.auto 0
2026-10-09T05:28:09.6064951Z ##[endgroup]
2026-10-09T05:28:09.6066806Z ##[group]Setting up auth
2026-10-09T05:28:09.6073814Z [command]/usr/bin/git config --local --name-only --get-regexp core\.sshCommand
2026-10-09T05:28:09.6122985Z [command]/usr/bin/git submodule foreach --recursive sh -c "git config --local --name-only --get-regexp 'core\.sshCommand' && git config --local --unset-all 'core.sshCommand' || :"
2026-10-09T05:28:09.6500010Z [command]/usr/bin/git config --local --name-only --get-regexp http\.https\:\/\/github\.com\/\.extraheader
2026-10-09T05:28:09.6548400Z [command]/usr/bin/git submodule foreach --recursive sh -c "git config --local --name-only --get-regexp 'http\.https\:\/\/github\.com\/\.extraheader' && git config --local --unset-all 'http.https://github.com/.extraheader' || :"
2026-10-09T05:28:09.6792618Z [command]/usr/bin/git config --local --name-only --get-regexp ^includeIf\.gitdir:
2026-10-09T05:28:09.6831645Z [command]/usr/bin/git submodule foreach --recursive git config --local --show-origin --name-only --get-regexp remote.origin.url
2026-10-09T05:28:09.7085003Z [command]/usr/bin/git config --local http.https://github.com/.extraheader AUTHORIZATION: basic ***
2026-10-09T05:28:09.7131791Z ##[endgroup]
2026-10-09T05:28:09.7133367Z ##[group]Fetching the repository
2026-10-09T05:28:09.7143946Z [command]/usr/bin/git -c protocol.version=2 fetch --no-tags --prune --no-recurse-submodules --depth=1 origin +1452484e59faeac4c0a7959f407d8951344c45b8:refs/remotes/pull/12/merge
2026-10-09T05:28:11.3082726Z From https://github.com/luisitin/partybox-game-cores
2026-10-09T05:28:11.3098609Z  * [new ref]         1452484e59faeac4c0a7959f407d8951344c45b8 -> pull/12/merge
2026-10-09T05:28:11.3100807Z ##[endgroup]
2026-10-09T05:28:11.3101592Z ##[group]Determining the checkout info
2026-10-09T05:28:11.3102465Z ##[endgroup]
2026-10-09T05:28:11.3106449Z [command]/usr/bin/git sparse-checkout disable
2026-10-09T05:28:11.3168947Z [command]/usr/bin/git config --local --unset-all extensions.worktreeConfig
2026-10-09T05:28:11.3204208Z ##[group]Checking out the ref
2026-10-09T05:28:11.3209331Z [command]/usr/bin/git checkout --progress --force refs/remotes/pull/12/merge
2026-10-09T05:28:11.4887512Z Note: switching to 'refs/remotes/pull/12/merge'.
2026-10-09T05:28:11.4888244Z 
2026-10-09T05:28:11.4888759Z You are in 'detached HEAD' state. You can look around, make experimental
2026-10-09T05:28:11.4889861Z changes and commit them, and you can discard any commits you make in this
2026-10-09T05:28:11.4890960Z state without impacting any branches by switching back to a branch.
2026-10-09T05:28:11.4891695Z 
2026-10-09T05:28:11.4892259Z If you want to create a new branch to retain commits you create, you may
2026-10-09T05:28:11.4893847Z do so (now or later) by using -c with the switch command. Example:
2026-10-09T05:28:11.4894551Z 
2026-10-09T05:28:11.4894874Z   git switch -c <new-branch-name>
2026-10-09T05:28:11.4895781Z 
2026-10-09T05:28:11.4896115Z Or undo this operation with:
2026-10-09T05:28:11.4896556Z 
2026-10-09T05:28:11.4896841Z   git switch -
2026-10-09T05:28:11.4897160Z 
2026-10-09T05:28:11.4897819Z Turn off this advice by setting config variable advice.detachedHead to false
2026-10-09T05:28:11.4898727Z 
2026-10-09T05:28:11.4899695Z HEAD is now at 1452484 Merge cab97d5449e1e7a2442cf589039f697ddb5638dc into d5fbb39746f8f7900bee57506e8133e8675f48ed
2026-10-09T05:28:11.4909115Z ##[endgroup]
2026-10-09T05:28:11.4956780Z [command]/usr/bin/git log -1 --format=%H
2026-10-09T05:28:11.4984580Z 1452484e59faeac4c0a7959f407d8951344c45b8
2026-10-09T05:28:11.5390626Z ##[group]Run actions/setup-node@v4
2026-10-09T05:28:11.5391349Z with:
2026-10-09T05:28:11.5391833Z   node-version: 22.16.0
2026-10-09T05:28:11.5392382Z   cache: npm
2026-10-09T05:28:11.5393057Z   cache-dependency-path: jobs/G02-gin-rummy/package-lock.json
2026-10-09T05:28:11.5393940Z   always-auth: false
2026-10-09T05:28:11.5394500Z   check-latest: false
2026-10-09T05:28:11.5399751Z   token: ***
2026-10-09T05:28:11.5400266Z ##[endgroup]
2026-10-09T05:28:11.6815875Z Attempting to download 22.16.0...
2026-10-09T05:28:11.6926438Z (node:2305) [DEP0040] DeprecationWarning: The `punycode` module is deprecated. Please use a userland alternative instead.
2026-10-09T05:28:11.6929496Z (Use `node --trace-deprecation ...` to show where the warning was created)
2026-10-09T05:28:12.2777933Z Acquiring 22.16.0 - x64 from https://github.com/actions/node-versions/releases/download/22.16.0-15177438473/node-22.16.0-linux-x64.tar.gz
2026-10-09T05:28:12.6836689Z Extracting ...
2026-10-09T05:28:12.6994027Z [command]/usr/bin/tar xz --strip 1 --warning=no-unknown-keyword --overwrite -C /home/runner/work/_temp/bce5de67-e1db-4cf8-91a5-413486c80152 -f /home/runner/work/_temp/462dcf9a-925a-424d-a4ea-0d4b291ce2d6
2026-10-09T05:28:13.8651190Z Adding to the cache ...
2026-10-09T05:28:15.9906746Z ##[group]Environment details
2026-10-09T05:28:16.2263964Z node: v22.16.0
2026-10-09T05:28:16.2264456Z npm: 10.9.2
2026-10-09T05:28:16.2264799Z yarn: 1.22.22
2026-10-09T05:28:16.2266434Z ##[endgroup]
2026-10-09T05:28:16.2288619Z [command]/opt/hostedtoolcache/node/22.16.0/x64/bin/npm config get cache
2026-10-09T05:28:16.3278148Z /home/runner/.npm
2026-10-09T05:28:16.4136354Z Cache hit for: node-cache-Linux-x64-npm-d48b0073b1be2df746cbb2cab1dca64dc5674a863aed54a4ee7f428aad681317
2026-10-09T05:28:16.4258538Z (node:2305) [DEP0169] DeprecationWarning: `url.parse()` behavior is not standardized and prone to errors that have security implications. Use the WHATWG URL API instead. CVEs are not issued for `url.parse()` vulnerabilities.
2026-10-09T05:28:16.6538579Z Received 12676573 of 12676573 (100.0%), 63.6 MBs/sec
2026-10-09T05:28:16.6540073Z Cache Size: ~12 MB (12676573 B)
2026-10-09T05:28:16.6657633Z [command]/usr/bin/tar -xf /home/runner/work/_temp/0a4f5cc4-84e7-4d8e-b07d-18c774d3c821/cache.tzst -P -C /home/runner/work/partybox-game-cores/partybox-game-cores --use-compress-program unzstd
2026-10-09T05:28:16.6990010Z Cache restored successfully
2026-10-09T05:28:16.7004036Z Cache restored from key: node-cache-Linux-x64-npm-d48b0073b1be2df746cbb2cab1dca64dc5674a863aed54a4ee7f428aad681317
2026-10-09T05:28:16.7225688Z ##[group]Run npm ci --ignore-scripts --no-audit --no-fund
2026-10-09T05:28:16.7226225Z [36;1mnpm ci --ignore-scripts --no-audit --no-fund[0m
2026-10-09T05:28:16.7496145Z shell: /usr/bin/bash -e {0}
2026-10-09T05:28:16.7496578Z ##[endgroup]
2026-10-09T05:28:17.7357299Z 
2026-10-09T05:28:17.7367586Z added 6 packages in 923ms
2026-10-09T05:28:17.7851750Z ##[group]Run npx playwright install --with-deps chromium
2026-10-09T05:28:17.7852236Z [36;1mnpx playwright install --with-deps chromium[0m
2026-10-09T05:28:17.7920269Z shell: /usr/bin/bash -e {0}
2026-10-09T05:28:17.7920923Z ##[endgroup]
2026-10-09T05:28:18.6853475Z Installing dependencies...
2026-10-09T05:28:18.6918639Z Switching to root user to install dependencies...
2026-10-09T05:28:18.7777570Z Get:1 file:/etc/apt/apt-mirrors.txt Mirrorlist [144 B]
2026-10-09T05:28:18.8127996Z Hit:2 http://azure.archive.ubuntu.com/ubuntu noble InRelease
2026-10-09T05:28:18.8148694Z Get:6 https://packages.microsoft.com/ubuntu/24.04/prod noble InRelease [3600 B]
2026-10-09T05:28:18.8150346Z Get:3 http://azure.archive.ubuntu.com/ubuntu noble-updates InRelease [126 kB]
2026-10-09T05:28:18.8218748Z Get:4 http://azure.archive.ubuntu.com/ubuntu noble-backports InRelease [126 kB]
2026-10-09T05:28:18.8264425Z Get:5 http://azure.archive.ubuntu.com/ubuntu noble-security InRelease [126 kB]
2026-10-09T05:28:18.9639138Z Get:7 https://packages.microsoft.com/ubuntu/24.04/prod noble/main all Packages [640 B]
2026-10-09T05:28:18.9761279Z Get:8 https://packages.microsoft.com/ubuntu/24.04/prod noble/main arm64 Packages [475 kB]
2026-10-09T05:28:18.9917168Z Get:9 https://packages.microsoft.com/ubuntu/24.04/prod noble/main amd64 Packages [531 kB]
2026-10-09T05:28:18.9990565Z Get:10 https://packages.microsoft.com/ubuntu/24.04/prod noble/main armhf Packages [12.3 kB]
2026-10-09T05:28:19.0127657Z Get:11 http://azure.archive.ubuntu.com/ubuntu noble-updates/main amd64 Packages [1375 kB]
2026-10-09T05:28:19.0203552Z Get:12 http://azure.archive.ubuntu.com/ubuntu noble-updates/main Translation-en [306 kB]
2026-10-09T05:28:19.0232054Z Get:13 http://azure.archive.ubuntu.com/ubuntu noble-updates/universe amd64 Packages [1702 kB]
2026-10-09T05:28:19.0323709Z Get:14 http://azure.archive.ubuntu.com/ubuntu noble-updates/universe Translation-en [342 kB]
2026-10-09T05:28:19.0356458Z Get:15 http://azure.archive.ubuntu.com/ubuntu noble-updates/restricted amd64 Packages [1761 kB]
2026-10-09T05:28:19.0488202Z Get:16 http://azure.archive.ubuntu.com/ubuntu noble-updates/restricted Translation-en [401 kB]
2026-10-09T05:28:19.0506458Z Get:17 http://azure.archive.ubuntu.com/ubuntu noble-updates/multiverse amd64 Packages [55.0 kB]
2026-10-09T05:28:19.0536822Z Get:18 http://azure.archive.ubuntu.com/ubuntu noble-updates/multiverse Translation-en [14.3 kB]
2026-10-09T05:28:19.1353452Z Get:19 http://azure.archive.ubuntu.com/ubuntu noble-security/main amd64 Packages [1118 kB]
2026-10-09T05:28:19.1430079Z Get:20 http://azure.archive.ubuntu.com/ubuntu noble-security/main Translation-en [228 kB]
2026-10-09T05:28:19.1867645Z Get:21 http://azure.archive.ubuntu.com/ubuntu noble-security/universe amd64 Packages [1220 kB]
2026-10-09T05:28:19.1940102Z Get:22 http://azure.archive.ubuntu.com/ubuntu noble-security/universe Translation-en [245 kB]
2026-10-09T05:28:19.1976879Z Get:23 http://azure.archive.ubuntu.com/ubuntu noble-security/restricted amd64 Packages [1667 kB]
2026-10-09T05:28:19.2078993Z Get:24 http://azure.archive.ubuntu.com/ubuntu noble-security/restricted Translation-en [383 kB]
2026-10-09T05:28:19.2115731Z Get:25 http://azure.archive.ubuntu.com/ubuntu noble-security/multiverse amd64 Packages [49.8 kB]
2026-10-09T05:28:19.2134444Z Get:26 http://azure.archive.ubuntu.com/ubuntu noble-security/multiverse Translation-en [12.4 kB]
2026-10-09T05:28:22.5556738Z Fetched 12.3 MB in 1s (9529 kB/s)
2026-10-09T05:28:23.5469235Z Reading package lists...
2026-10-09T05:28:23.5727816Z Reading package lists...
2026-10-09T05:28:23.8405919Z Building dependency tree...
2026-10-09T05:28:23.8414199Z Reading state information...
2026-10-09T05:28:24.0784669Z libasound2t64 is already the newest version (1.2.11-1ubuntu0.3).
2026-10-09T05:28:24.0785779Z libasound2t64 set to manually installed.
2026-10-09T05:28:24.0786428Z libatk-bridge2.0-0t64 is already the newest version (2.52.0-1build1).
2026-10-09T05:28:24.0787068Z libatk-bridge2.0-0t64 set to manually installed.
2026-10-09T05:28:24.0788192Z libatk1.0-0t64 is already the newest version (2.52.0-1build1).
2026-10-09T05:28:24.0788756Z libatk1.0-0t64 set to manually installed.
2026-10-09T05:28:24.0789664Z libatspi2.0-0t64 is already the newest version (2.52.0-1build1).
2026-10-09T05:28:24.0790668Z libatspi2.0-0t64 set to manually installed.
2026-10-09T05:28:24.0791473Z libcairo2 is already the newest version (1.18.0-3build1).
2026-10-09T05:28:24.0792306Z libcairo2 set to manually installed.
2026-10-09T05:28:24.0793269Z libcups2t64 is already the newest version (2.4.7-1.2ubuntu7.14).
2026-10-09T05:28:24.0794228Z libcups2t64 set to manually installed.
2026-10-09T05:28:24.0795426Z libdbus-1-3 is already the newest version (1.14.10-4ubuntu4.1).
2026-10-09T05:28:24.0796278Z libdbus-1-3 set to manually installed.
2026-10-09T05:28:24.0797111Z libdrm2 is already the newest version (2.4.125-1ubuntu0.1~24.04.2).
2026-10-09T05:28:24.0798051Z libdrm2 set to manually installed.
2026-10-09T05:28:24.0799026Z libgbm1 is already the newest version (25.2.8-0ubuntu0.24.04.4).
2026-10-09T05:28:24.0799601Z libgbm1 set to manually installed.
2026-10-09T05:28:24.0800163Z libglib2.0-0t64 is already the newest version (2.80.0-6ubuntu3.9).
2026-10-09T05:28:24.0800726Z libglib2.0-0t64 set to manually installed.
2026-10-09T05:28:24.0801301Z libnspr4 is already the newest version (2:4.35-1.1build1).
2026-10-09T05:28:24.0801831Z libnspr4 set to manually installed.
2026-10-09T05:28:24.0802358Z libnss3 is already the newest version (2:3.98-1ubuntu0.2).
2026-10-09T05:28:24.0802856Z libnss3 set to manually installed.
2026-10-09T05:28:24.0803732Z libpango-1.0-0 is already the newest version (1.52.1+ds-1build1).
2026-10-09T05:28:24.0804671Z libpango-1.0-0 set to manually installed.
2026-10-09T05:28:24.0806174Z libx11-6 is already the newest version (2:1.8.7-1build1).
2026-10-09T05:28:24.0806933Z libx11-6 set to manually installed.
2026-10-09T05:28:24.0807677Z libxcb1 is already the newest version (1.15-1ubuntu2).
2026-10-09T05:28:24.0808406Z libxcb1 set to manually installed.
2026-10-09T05:28:24.0809219Z libxcomposite1 is already the newest version (1:0.4.5-1build3).
2026-10-09T05:28:24.0810000Z libxcomposite1 set to manually installed.
2026-10-09T05:28:24.0810807Z libxdamage1 is already the newest version (1:1.1.6-1build1).
2026-10-09T05:28:24.0811556Z libxdamage1 set to manually installed.
2026-10-09T05:28:24.0812294Z libxext6 is already the newest version (2:1.3.4-1build2).
2026-10-09T05:28:24.0813014Z libxext6 set to manually installed.
2026-10-09T05:28:24.0813747Z libxfixes3 is already the newest version (1:6.0.0-2build1).
2026-10-09T05:28:24.0814505Z libxfixes3 set to manually installed.
2026-10-09T05:28:24.0815545Z libxkbcommon0 is already the newest version (1.6.0-1build1).
2026-10-09T05:28:24.0816310Z libxkbcommon0 set to manually installed.
2026-10-09T05:28:24.0817089Z libxrandr2 is already the newest version (2:1.5.2-2build1).
2026-10-09T05:28:24.0817810Z libxrandr2 set to manually installed.
2026-10-09T05:28:24.0818563Z xvfb is already the newest version (2:21.1.12-1ubuntu1.8).
2026-10-09T05:28:24.0819581Z fonts-noto-color-emoji is already the newest version (2.047-0ubuntu0.24.04.1).
2026-10-09T05:28:24.0820624Z libfontconfig1 is already the newest version (2.15.0-1.1ubuntu2).
2026-10-09T05:28:24.0821462Z libfontconfig1 set to manually installed.
2026-10-09T05:28:24.0822276Z fonts-liberation is already the newest version (1:2.1.5-3).
2026-10-09T05:28:24.0823072Z fonts-liberation set to manually installed.
2026-10-09T05:28:24.0823839Z The following additional packages will be installed:
2026-10-09T05:28:24.0824506Z   xfonts-encodings xfonts-utils
2026-10-09T05:28:24.0825384Z Recommended packages:
2026-10-09T05:28:24.0825950Z   fonts-ipafont-mincho fonts-tlwg-loma
2026-10-09T05:28:24.1042913Z The following NEW packages will be installed:
2026-10-09T05:28:24.1043773Z   fonts-freefont-ttf fonts-ipafont-gothic fonts-tlwg-loma-otf fonts-unifont
2026-10-09T05:28:24.1058619Z   fonts-wqy-zenhei xfonts-cyrillic xfonts-encodings xfonts-scalable
2026-10-09T05:28:24.1059719Z   xfonts-utils
2026-10-09T05:28:24.1068526Z The following packages will be upgraded:
2026-10-09T05:28:24.1078535Z   libfreetype6
2026-10-09T05:28:24.1276001Z 1 upgraded, 9 newly installed, 0 to remove and 22 not upgraded.
2026-10-09T05:28:24.1277156Z Need to get 21.5 MB of archives.
2026-10-09T05:28:24.1277967Z After this operation, 79.5 MB of additional disk space will be used.
2026-10-09T05:28:24.1278505Z Get:1 file:/etc/apt/apt-mirrors.txt Mirrorlist [144 B]
2026-10-09T05:28:24.2274090Z Get:2 http://azure.archive.ubuntu.com/ubuntu noble/universe amd64 fonts-ipafont-gothic all 00303-21ubuntu1 [3513 kB]
2026-10-09T05:28:24.4041404Z Get:3 http://azure.archive.ubuntu.com/ubuntu noble/main amd64 fonts-freefont-ttf all 20211204+svn4273-2 [5641 kB]
2026-10-09T05:28:24.5922115Z Get:4 http://azure.archive.ubuntu.com/ubuntu noble/universe amd64 fonts-tlwg-loma-otf all 1:0.7.3-1 [107 kB]
2026-10-09T05:28:24.6751416Z Get:5 http://azure.archive.ubuntu.com/ubuntu noble/universe amd64 fonts-unifont all 1:15.1.01-1build1 [2993 kB]
2026-10-09T05:28:24.7893221Z Get:6 http://azure.archive.ubuntu.com/ubuntu noble/universe amd64 fonts-wqy-zenhei all 0.9.45-8 [7472 kB]
2026-10-09T05:28:25.0467349Z Get:7 http://azure.archive.ubuntu.com/ubuntu noble-updates/main amd64 libfreetype6 amd64 2.13.2+dfsg-1ubuntu0.2 [403 kB]
2026-10-09T05:28:25.1347765Z Get:8 http://azure.archive.ubuntu.com/ubuntu noble/main amd64 xfonts-encodings all 1:1.0.5-0ubuntu2 [578 kB]
2026-10-09T05:28:25.2261940Z Get:9 http://azure.archive.ubuntu.com/ubuntu noble/main amd64 xfonts-utils amd64 1:7.7+6build3 [94.4 kB]
2026-10-09T05:28:25.3097186Z Get:10 http://azure.archive.ubuntu.com/ubuntu noble/universe amd64 xfonts-cyrillic all 1:1.0.5+nmu1 [384 kB]
2026-10-09T05:28:25.3950120Z Get:11 http://azure.archive.ubuntu.com/ubuntu noble/main amd64 xfonts-scalable all 1:1.0.3-1.3 [304 kB]
2026-10-09T05:28:25.6619843Z Fetched 21.5 MB in 1s (16.8 MB/s)
2026-10-09T05:28:25.6956467Z Selecting previously unselected package fonts-ipafont-gothic.
2026-10-09T05:28:25.7221647Z (Reading database ... 
2026-10-09T05:28:25.7222236Z (Reading database ... 5%
2026-10-09T05:28:25.7222772Z (Reading database ... 10%
2026-10-09T05:28:25.7223256Z (Reading database ... 15%
2026-10-09T05:28:25.7223734Z (Reading database ... 20%
2026-10-09T05:28:25.7224347Z (Reading database ... 25%
2026-10-09T05:28:25.7224935Z (Reading database ... 30%
2026-10-09T05:28:25.7225726Z (Reading database ... 35%
2026-10-09T05:28:25.7226089Z (Reading database ... 40%
2026-10-09T05:28:25.7226406Z (Reading database ... 45%
2026-10-09T05:28:25.7226722Z (Reading database ... 50%
2026-10-09T05:28:25.7264264Z (Reading database ... 55%
2026-10-09T05:28:25.8257891Z (Reading database ... 60%
2026-10-09T05:28:26.0699660Z (Reading database ... 65%
2026-10-09T05:28:26.2758776Z (Reading database ... 70%
2026-10-09T05:28:26.4233795Z (Reading database ... 75%
2026-10-09T05:28:26.5826850Z (Reading database ... 80%
2026-10-09T05:28:26.7838646Z (Reading database ... 85%
2026-10-09T05:28:26.9330368Z (Reading database ... 90%
2026-10-09T05:28:27.0663250Z (Reading database ... 95%
2026-10-09T05:28:27.0663895Z (Reading database ... 100%
2026-10-09T05:28:27.0664884Z (Reading database ... 203191 files and directories currently installed.)
2026-10-09T05:28:27.0710857Z Preparing to unpack .../0-fonts-ipafont-gothic_00303-21ubuntu1_all.deb ...
2026-10-09T05:28:27.0808117Z Unpacking fonts-ipafont-gothic (00303-21ubuntu1) ...
2026-10-09T05:28:27.3163627Z Selecting previously unselected package fonts-freefont-ttf.
2026-10-09T05:28:27.3293075Z Preparing to unpack .../1-fonts-freefont-ttf_20211204+svn4273-2_all.deb ...
2026-10-09T05:28:27.3303394Z Unpacking fonts-freefont-ttf (20211204+svn4273-2) ...
2026-10-09T05:28:27.4144322Z Selecting previously unselected package fonts-tlwg-loma-otf.
2026-10-09T05:28:27.4340072Z Preparing to unpack .../2-fonts-tlwg-loma-otf_1%3a0.7.3-1_all.deb ...
2026-10-09T05:28:27.4346006Z Unpacking fonts-tlwg-loma-otf (1:0.7.3-1) ...
2026-10-09T05:28:27.4594161Z Selecting previously unselected package fonts-unifont.
2026-10-09T05:28:27.4722552Z Preparing to unpack .../3-fonts-unifont_1%3a15.1.01-1build1_all.deb ...
2026-10-09T05:28:27.4730076Z Unpacking fonts-unifont (1:15.1.01-1build1) ...
2026-10-09T05:28:27.5816443Z Selecting previously unselected package fonts-wqy-zenhei.
2026-10-09T05:28:27.5949112Z Preparing to unpack .../4-fonts-wqy-zenhei_0.9.45-8_all.deb ...
2026-10-09T05:28:27.6053505Z Unpacking fonts-wqy-zenhei (0.9.45-8) ...
2026-10-09T05:28:28.0915872Z Preparing to unpack .../5-libfreetype6_2.13.2+dfsg-1ubuntu0.2_amd64.deb ...
2026-10-09T05:28:28.0946152Z Unpacking libfreetype6:amd64 (2.13.2+dfsg-1ubuntu0.2) over (2.13.2+dfsg-1ubuntu0.1) ...
2026-10-09T05:28:28.1201880Z Selecting previously unselected package xfonts-encodings.
2026-10-09T05:28:28.1331682Z Preparing to unpack .../6-xfonts-encodings_1%3a1.0.5-0ubuntu2_all.deb ...
2026-10-09T05:28:28.1340369Z Unpacking xfonts-encodings (1:1.0.5-0ubuntu2) ...
2026-10-09T05:28:28.1630049Z Selecting previously unselected package xfonts-utils.
2026-10-09T05:28:28.1755917Z Preparing to unpack .../7-xfonts-utils_1%3a7.7+6build3_amd64.deb ...
2026-10-09T05:28:28.1762778Z Unpacking xfonts-utils (1:7.7+6build3) ...
2026-10-09T05:28:28.2118278Z Selecting previously unselected package xfonts-cyrillic.
2026-10-09T05:28:28.2246681Z Preparing to unpack .../8-xfonts-cyrillic_1%3a1.0.5+nmu1_all.deb ...
2026-10-09T05:28:28.2255589Z Unpacking xfonts-cyrillic (1:1.0.5+nmu1) ...
2026-10-09T05:28:28.2593003Z Selecting previously unselected package xfonts-scalable.
2026-10-09T05:28:28.2718888Z Preparing to unpack .../9-xfonts-scalable_1%3a1.0.3-1.3_all.deb ...
2026-10-09T05:28:28.2727665Z Unpacking xfonts-scalable (1:1.0.3-1.3) ...
2026-10-09T05:28:28.3157587Z Setting up fonts-wqy-zenhei (0.9.45-8) ...
2026-10-09T05:28:28.3276491Z Setting up fonts-freefont-ttf (20211204+svn4273-2) ...
2026-10-09T05:28:28.3293085Z Setting up fonts-tlwg-loma-otf (1:0.7.3-1) ...
2026-10-09T05:28:28.3310425Z Setting up libfreetype6:amd64 (2.13.2+dfsg-1ubuntu0.2) ...
2026-10-09T05:28:28.3446414Z Setting up xfonts-encodings (1:1.0.5-0ubuntu2) ...
2026-10-09T05:28:28.3465924Z Setting up fonts-ipafont-gothic (00303-21ubuntu1) ...
2026-10-09T05:28:28.3534861Z update-alternatives: using /usr/share/fonts/opentype/ipafont-gothic/ipag.ttf to provide /usr/share/fonts/truetype/fonts-japanese-gothic.ttf (fonts-japanese-gothic.ttf) in auto mode
2026-10-09T05:28:28.3550078Z Setting up fonts-unifont (1:15.1.01-1build1) ...
2026-10-09T05:28:28.3567693Z Setting up xfonts-utils (1:7.7+6build3) ...
2026-10-09T05:28:28.3607164Z Setting up xfonts-cyrillic (1:1.0.5+nmu1) ...
2026-10-09T05:28:28.3941890Z Setting up xfonts-scalable (1:1.0.3-1.3) ...
2026-10-09T05:28:28.4218307Z Processing triggers for libc-bin (2.39-0ubuntu8.9) ...
2026-10-09T05:28:28.4521296Z Processing triggers for man-db (2.12.0-4build2) ...
2026-10-09T05:28:28.4542450Z Not building database; man-db/auto-update is not 'true'.
2026-10-09T05:28:28.4559487Z Processing triggers for fontconfig (2.15.0-1.1ubuntu2) ...
2026-10-09T05:28:29.1752569Z 
2026-10-09T05:28:29.1753347Z Running kernel seems to be up-to-date.
2026-10-09T05:28:29.1753848Z 
2026-10-09T05:28:29.1754107Z Restarting services...
2026-10-09T05:28:29.1828713Z  systemctl restart php8.3-fpm.service
2026-10-09T05:28:29.2848968Z 
2026-10-09T05:28:29.2850223Z No containers need to be restarted.
2026-10-09T05:28:29.2850686Z 
2026-10-09T05:28:29.2851015Z No user sessions are running outdated binaries.
2026-10-09T05:28:29.2851386Z 
2026-10-09T05:28:29.2851910Z No VM guests are running outdated hypervisor (qemu) binaries on this host.
2026-10-09T05:28:30.3763681Z Downloading Chromium 141.0.7390.37 (playwright build v1194) from https://cdn.playwright.dev/dbazure/download/playwright/builds/chromium/1194/chromium-linux.zip
2026-10-09T05:28:30.6344986Z |                                                                                |   0% of 173.9 MiB
2026-10-09T05:28:30.7668727Z |■■■■■■■■                                                                        |  10% of 173.9 MiB
2026-10-09T05:28:30.8486740Z |■■■■■■■■■■■■■■■■                                                                |  20% of 173.9 MiB
2026-10-09T05:28:30.9320492Z |■■■■■■■■■■■■■■■■■■■■■■■■                                                        |  30% of 173.9 MiB
2026-10-09T05:28:31.0084312Z |■■■■■■■■■■■■■■■■■■■■■■■■■■■■■■■■                                                |  40% of 173.9 MiB
2026-10-09T05:28:31.0787597Z |■■■■■■■■■■■■■■■■■■■■■■■■■■■■■■■■■■■■■■■■                                        |  50% of 173.9 MiB
2026-10-09T05:28:31.1471978Z |■■■■■■■■■■■■■■■■■■■■■■■■■■■■■■■■■■■■■■■■■■■■■■■■                                |  60% of 173.9 MiB
2026-10-09T05:28:31.2182553Z |■■■■■■■■■■■■■■■■■■■■■■■■■■■■■■■■■■■■■■■■■■■■■■■■■■■■■■■■                        |  70% of 173.9 MiB
2026-10-09T05:28:31.2860528Z |■■■■■■■■■■■■■■■■■■■■■■■■■■■■■■■■■■■■■■■■■■■■■■■■■■■■■■■■■■■■■■■■                |  80% of 173.9 MiB
2026-10-09T05:28:31.3471086Z |■■■■■■■■■■■■■■■■■■■■■■■■■■■■■■■■■■■■■■■■■■■■■■■■■■■■■■■■■■■■■■■■■■■■■■■■        |  90% of 173.9 MiB
2026-10-09T05:28:31.4084950Z |■■■■■■■■■■■■■■■■■■■■■■■■■■■■■■■■■■■■■■■■■■■■■■■■■■■■■■■■■■■■■■■■■■■■■■■■■■■■■■■■| 100% of 173.9 MiB
2026-10-09T05:28:35.2472852Z Chromium 141.0.7390.37 (playwright build v1194) downloaded to /home/runner/.cache/ms-playwright/chromium-1194
2026-10-09T05:28:35.2477462Z Downloading FFMPEG playwright build v1011 from https://cdn.playwright.dev/dbazure/download/playwright/builds/ffmpeg/1011/ffmpeg-linux.zip
2026-10-09T05:28:35.4068732Z |                                                                                |   0% of 2.3 MiB
2026-10-09T05:28:35.4108455Z |■■■■■■■■                                                                        |  10% of 2.3 MiB
2026-10-09T05:28:35.4138100Z |■■■■■■■■■■■■■■■■                                                                |  20% of 2.3 MiB
2026-10-09T05:28:35.4159015Z |■■■■■■■■■■■■■■■■■■■■■■■■                                                        |  30% of 2.3 MiB
2026-10-09T05:28:35.4243022Z |■■■■■■■■■■■■■■■■■■■■■■■■■■■■■■■■                                                |  40% of 2.3 MiB
2026-10-09T05:28:35.4302585Z |■■■■■■■■■■■■■■■■■■■■■■■■■■■■■■■■■■■■■■■■                                        |  50% of 2.3 MiB
2026-10-09T05:28:35.4320770Z |■■■■■■■■■■■■■■■■■■■■■■■■■■■■■■■■■■■■■■■■■■■■■■■■                                |  60% of 2.3 MiB
2026-10-09T05:28:35.4372955Z |■■■■■■■■■■■■■■■■■■■■■■■■■■■■■■■■■■■■■■■■■■■■■■■■■■■■■■■■                        |  70% of 2.3 MiB
2026-10-09T05:28:35.4374624Z |■■■■■■■■■■■■■■■■■■■■■■■■■■■■■■■■■■■■■■■■■■■■■■■■■■■■■■■■■■■■■■■■                |  80% of 2.3 MiB
2026-10-09T05:28:35.4381207Z |■■■■■■■■■■■■■■■■■■■■■■■■■■■■■■■■■■■■■■■■■■■■■■■■■■■■■■■■■■■■■■■■■■■■■■■■        |  90% of 2.3 MiB
2026-10-09T05:28:35.4393646Z |■■■■■■■■■■■■■■■■■■■■■■■■■■■■■■■■■■■■■■■■■■■■■■■■■■■■■■■■■■■■■■■■■■■■■■■■■■■■■■■■| 100% of 2.3 MiB
2026-10-09T05:28:35.5024612Z FFMPEG playwright build v1011 downloaded to /home/runner/.cache/ms-playwright/ffmpeg-1011
2026-10-09T05:28:35.5028564Z Downloading Chromium Headless Shell 141.0.7390.37 (playwright build v1194) from https://cdn.playwright.dev/dbazure/download/playwright/builds/chromium/1194/chromium-headless-shell-linux.zip
2026-10-09T05:28:35.6711977Z |                                                                                |   0% of 104.3 MiB
2026-10-09T05:28:35.7691548Z |■■■■■■■■                                                                        |  10% of 104.3 MiB
2026-10-09T05:28:35.8381047Z |■■■■■■■■■■■■■■■■                                                                |  20% of 104.3 MiB
2026-10-09T05:28:35.8892203Z |■■■■■■■■■■■■■■■■■■■■■■■■                                                        |  30% of 104.3 MiB
2026-10-09T05:28:35.9434453Z |■■■■■■■■■■■■■■■■■■■■■■■■■■■■■■■■                                                |  40% of 104.3 MiB
2026-10-09T05:28:35.9997519Z |■■■■■■■■■■■■■■■■■■■■■■■■■■■■■■■■■■■■■■■■                                        |  50% of 104.3 MiB
2026-10-09T05:28:36.0418863Z |■■■■■■■■■■■■■■■■■■■■■■■■■■■■■■■■■■■■■■■■■■■■■■■■                                |  60% of 104.3 MiB
2026-10-09T05:28:36.0908139Z |■■■■■■■■■■■■■■■■■■■■■■■■■■■■■■■■■■■■■■■■■■■■■■■■■■■■■■■■                        |  70% of 104.3 MiB
2026-10-09T05:28:36.1329671Z |■■■■■■■■■■■■■■■■■■■■■■■■■■■■■■■■■■■■■■■■■■■■■■■■■■■■■■■■■■■■■■■■                |  80% of 104.3 MiB
2026-10-09T05:28:36.1806586Z |■■■■■■■■■■■■■■■■■■■■■■■■■■■■■■■■■■■■■■■■■■■■■■■■■■■■■■■■■■■■■■■■■■■■■■■■        |  90% of 104.3 MiB
2026-10-09T05:28:36.2267667Z |■■■■■■■■■■■■■■■■■■■■■■■■■■■■■■■■■■■■■■■■■■■■■■■■■■■■■■■■■■■■■■■■■■■■■■■■■■■■■■■■| 100% of 104.3 MiB
2026-10-09T05:28:38.2377093Z Chromium Headless Shell 141.0.7390.37 (playwright build v1194) downloaded to /home/runner/.cache/ms-playwright/chromium_headless_shell-1194
2026-10-09T05:28:38.3287100Z ##[group]Run npm test
2026-10-09T05:28:38.3287388Z [36;1mnpm test[0m
2026-10-09T05:28:38.3350561Z shell: /usr/bin/bash -e {0}
2026-10-09T05:28:38.3350832Z ##[endgroup]
2026-10-09T05:28:38.4397880Z 
2026-10-09T05:28:38.4398495Z > partybox-g02-gin-rummy@1.2.1 test
2026-10-09T05:28:38.4400360Z > npm run build && node --test tests/*.test.mjs && node scripts/league.mjs && node scripts/mutations.mjs && node scripts/browser-check.mjs && node scripts/capture.mjs ci-current --public-history --ci-output && node scripts/integrity.mjs
2026-10-09T05:28:38.4401534Z 
2026-10-09T05:28:38.5436315Z 
2026-10-09T05:28:38.5437008Z > partybox-g02-gin-rummy@1.2.1 build
2026-10-09T05:28:38.5437771Z > tsc --noEmit && node scripts/build.mjs
2026-10-09T05:28:38.5438157Z 
2026-10-09T05:28:40.6501276Z TAP version 13
2026-10-09T05:28:40.8116660Z # {"suite":"all-phases","phases":6,"cases":408}
2026-10-09T05:28:40.8146271Z # Subtest: every event family, roster id and bot skill in every delivered phase
2026-10-09T05:28:40.8200732Z ok 1 - every event family, roster id and bot skill in every delivered phase
2026-10-09T05:28:40.8201605Z   ---
2026-10-09T05:28:40.8286368Z   duration_ms: 41.99839
2026-10-09T05:28:40.8325887Z   type: 'test'
2026-10-09T05:28:40.8326344Z   ...
2026-10-09T05:28:40.8327543Z # Subtest: registered prototype-looking ids remain valid players and finite result keys
2026-10-09T05:28:40.8365426Z ok 2 - registered prototype-looking ids remain valid players and finite result keys
2026-10-09T05:28:40.8383434Z   ---
2026-10-09T05:28:40.8426553Z   duration_ms: 2.424041
2026-10-09T05:28:40.8427786Z   type: 'test'
2026-10-09T05:28:40.8428356Z   ...
2026-10-09T05:28:45.2291566Z # {"suite":"batch-discard-proof","hands":1000,"outcomes":10500,"exactLayouts":true}
2026-10-09T05:28:45.2336668Z # Subtest: 10500 batch outcomes retain exact standalone layouts and independent minima
2026-10-09T05:28:45.2339653Z ok 3 - 10500 batch outcomes retain exact standalone layouts and independent minima
2026-10-09T05:28:45.2340452Z   ---
2026-10-09T05:28:45.2340681Z   duration_ms: 4494.565932
2026-10-09T05:28:45.2340927Z   type: 'test'
2026-10-09T05:28:45.2341131Z   ...
2026-10-09T05:28:54.6341537Z # {"suite":"boundary-fuzz","seed":912701,"invalidInputs":1000,"phases":6,"rejectedInputs":6000,"metadataChecks":282,"viewChecks":66}
2026-10-09T05:28:54.6351056Z # Subtest: 1000 seeded invalid JSON inputs and malformed event/identity metadata in every phase
2026-10-09T05:28:54.6352899Z ok 4 - 1000 seeded invalid JSON inputs and malformed event/identity metadata in every phase
2026-10-09T05:28:54.6353954Z   ---
2026-10-09T05:28:54.6354557Z   duration_ms: 75.473386
2026-10-09T05:28:54.6355481Z   type: 'test'
2026-10-09T05:28:54.6356051Z   ...
2026-10-09T05:28:54.6357830Z # {"suite":"mixed-event-replay","phaseStarts":6,"seedsPerPhase":100,"transitions":48000,"changed":12742,"eventFamilies":["input","player","speech","speechStart","timer","vip"]}
2026-10-09T05:28:54.6361945Z # Subtest: mixed event families replay through JSON after every transition from every phase
2026-10-09T05:28:54.6363471Z ok 5 - mixed event families replay through JSON after every transition from every phase
2026-10-09T05:28:54.6364434Z   ---
2026-10-09T05:28:54.6364987Z   duration_ms: 13775.738061
2026-10-09T05:28:54.6365874Z   type: 'test'
2026-10-09T05:28:54.6366406Z   ...
2026-10-09T05:28:54.6534295Z # Subtest: branching target ends retain exact minima, legal chains, layouts and all cards
2026-10-09T05:28:54.6556728Z ok 6 - branching target ends retain exact minima, legal chains, layouts and all cards
2026-10-09T05:28:54.6580807Z   ---
2026-10-09T05:28:54.6642627Z   duration_ms: 39.853216
2026-10-09T05:28:54.6648556Z   type: 'test'
2026-10-09T05:28:54.6649198Z   ...
2026-10-09T05:28:54.6650252Z # Subtest: current source-bound raw proof passes without discarding its largest interval
2026-10-09T05:28:54.6651747Z not ok 7 - current source-bound raw proof passes without discarding its largest interval
2026-10-09T05:28:54.6652788Z   ---
2026-10-09T05:28:54.6653852Z   duration_ms: 2.823343
2026-10-09T05:28:54.6654498Z   type: 'test'
2026-10-09T05:28:54.6655994Z   location: '/home/runner/work/partybox-game-cores/partybox-game-cores/jobs/G02-gin-rummy/tests/browser-proof.test.mjs:6:1'
2026-10-09T05:28:54.6657374Z   failureType: 'testCodeFailure'
2026-10-09T05:28:54.6658066Z   error: |-
2026-10-09T05:28:54.6658702Z     accepted proof has stale source hashes
2026-10-09T05:28:54.6659410Z     + actual - expected
2026-10-09T05:28:54.6659967Z     
2026-10-09T05:28:54.6660473Z       {
2026-10-09T05:28:54.6661369Z     +   'play.html': '8d562d7a1b592e13f0f6a8e7c2fa492dbeb5e70dab117910842d6ce590bde533',
2026-10-09T05:28:54.6662737Z     -   'play.html': '0329573fde228c5d7bde7226f41914592a746fd934a8aeb4be9c4ba251bb66e2',
2026-10-09T05:28:54.6664139Z         'src/browser.ts': '56fb3b450aa29e9dda800a69b187d66d5446e056bf2b89b349a9bef1479131e4',
2026-10-09T05:28:54.6665709Z         'src/cards.ts': 'e309e103393bc1aaaf10b34e3994de815dd693d1828a61566723b8fba573fdb9',
2026-10-09T05:28:54.6667088Z     +   'src/core.ts': 'aa9a48dbae7f6ba7010a737eeebd2133394970fdaca96c11b118ccf3941cfcf6',
2026-10-09T05:28:54.6668445Z     -   'src/core.ts': '0ab6faaab888559655dc0ec866a58273cde4440a68db7c1d17c2c65762181bb0',
2026-10-09T05:28:54.6669855Z         'src/play.template.html': '1b5188f105cfd9766f3f19c0a6f3cfa1b522cbd676ec5fde0dbfa1566a09f8c7'
2026-10-09T05:28:54.6671101Z       }
2026-10-09T05:28:54.6671605Z     
2026-10-09T05:28:54.6672122Z   code: 'ERR_ASSERTION'
2026-10-09T05:28:54.6672721Z   name: 'AssertionError'
2026-10-09T05:28:54.6673303Z   expected:
2026-10-09T05:28:54.6674185Z     play.html: '0329573fde228c5d7bde7226f41914592a746fd934a8aeb4be9c4ba251bb66e2'
2026-10-09T05:28:54.6676054Z     src/core.ts: '0ab6faaab888559655dc0ec866a58273cde4440a68db7c1d17c2c65762181bb0'
2026-10-09T05:28:54.6677391Z     src/cards.ts: 'e309e103393bc1aaaf10b34e3994de815dd693d1828a61566723b8fba573fdb9'
2026-10-09T05:28:54.6678750Z     src/browser.ts: '56fb3b450aa29e9dda800a69b187d66d5446e056bf2b89b349a9bef1479131e4'
2026-10-09T05:28:54.6680180Z     src/play.template.html: '1b5188f105cfd9766f3f19c0a6f3cfa1b522cbd676ec5fde0dbfa1566a09f8c7'
2026-10-09T05:28:54.6681215Z   actual:
2026-10-09T05:28:54.6682077Z     play.html: '8d562d7a1b592e13f0f6a8e7c2fa492dbeb5e70dab117910842d6ce590bde533'
2026-10-09T05:28:54.6683391Z     src/core.ts: 'aa9a48dbae7f6ba7010a737eeebd2133394970fdaca96c11b118ccf3941cfcf6'
2026-10-09T05:28:54.6684708Z     src/cards.ts: 'e309e103393bc1aaaf10b34e3994de815dd693d1828a61566723b8fba573fdb9'
2026-10-09T05:28:54.6686303Z     src/browser.ts: '56fb3b450aa29e9dda800a69b187d66d5446e056bf2b89b349a9bef1479131e4'
2026-10-09T05:28:54.6687770Z     src/play.template.html: '1b5188f105cfd9766f3f19c0a6f3cfa1b522cbd676ec5fde0dbfa1566a09f8c7'
2026-10-09T05:28:54.6688855Z   operator: 'deepStrictEqual'
2026-10-09T05:28:54.6689483Z   stack: |-
2026-10-09T05:28:54.6690788Z     sourceGuard (file:///home/runner/work/partybox-game-cores/partybox-game-cores/jobs/G02-gin-rummy/scripts/browser-proof.mjs:13:9)
2026-10-09T05:28:54.6692885Z     verifyBrowserProof (file:///home/runner/work/partybox-game-cores/partybox-game-cores/jobs/G02-gin-rummy/scripts/browser-proof.mjs:21:2)
2026-10-09T05:28:54.6695351Z     TestContext.<anonymous> (file:///home/runner/work/partybox-game-cores/partybox-game-cores/jobs/G02-gin-rummy/tests/browser-proof.test.mjs:8:19)
2026-10-09T05:28:54.6696930Z     Test.runInAsyncScope (node:async_hooks:214:14)
2026-10-09T05:28:54.6697818Z     Test.run (node:internal/test_runner/test:1047:25)
2026-10-09T05:28:54.6698701Z     Test.start (node:internal/test_runner/test:944:17)
2026-10-09T05:28:54.6699876Z     startSubtestAfterBootstrap (node:internal/test_runner/harness:296:17)
2026-10-09T05:28:54.6700795Z   ...
2026-10-09T05:28:54.6701855Z # Subtest: a refreshed inventory cannot accept stale browser or recording source hashes
2026-10-09T05:28:54.6703427Z ok 8 - a refreshed inventory cannot accept stale browser or recording source hashes
2026-10-09T05:28:54.6704360Z   ---
2026-10-09T05:28:54.6704907Z   duration_ms: 10.901295
2026-10-09T05:28:54.6705987Z   type: 'test'
2026-10-09T05:28:54.6706602Z   ...
2026-10-09T05:28:54.6707702Z # Subtest: changed end guards and failed snapshots are rejected
2026-10-09T05:28:54.6708803Z not ok 9 - changed end guards and failed snapshots are rejected
2026-10-09T05:28:54.6709582Z   ---
2026-10-09T05:28:54.6710102Z   duration_ms: 5.314449
2026-10-09T05:28:54.6710677Z   type: 'test'
2026-10-09T05:28:54.6711935Z   location: '/home/runner/work/partybox-game-cores/partybox-game-cores/jobs/G02-gin-rummy/tests/browser-proof.test.mjs:16:1'
2026-10-09T05:28:54.6713243Z   failureType: 'testCodeFailure'
2026-10-09T05:28:54.6713906Z   error: |-
2026-10-09T05:28:54.6714725Z     The input did not match the regular expression /end hashes/. Input:
2026-10-09T05:28:54.6720854Z     
2026-10-09T05:28:54.6721913Z     'AssertionError [ERR_ASSERTION]: accepted proof has stale source hashes\n' +
2026-10-09T05:28:54.6722920Z       '+ actual - expected\n' +
2026-10-09T05:28:54.6723543Z       '\n' +
2026-10-09T05:28:54.6724090Z       '  {\n' +
2026-10-09T05:28:54.6725312Z       "+   'play.html': '8d562d7a1b592e13f0f6a8e7c2fa492dbeb5e70dab117910842d6ce590bde533',\n" +
2026-10-09T05:28:54.6726807Z       "-   'play.html': '0329573fde228c5d7bde7226f41914592a746fd934a8aeb4be9c4ba251bb66e2',\n" +
2026-10-09T05:28:54.6728268Z       "    'src/browser.ts': '56fb3b450aa29e9dda800a69b187d66d5446e056bf2b89b349a9bef1479131e4',\n" +
2026-10-09T05:28:54.6729725Z       "    'src/cards.ts': 'e309e103393bc1aaaf10b34e3994de815dd693d1828a61566723b8fba573fdb9',\n" +
2026-10-09T05:28:54.6731191Z       "+   'src/core.ts': 'aa9a48dbae7f6ba7010a737eeebd2133394970fdaca96c11b118ccf3941cfcf6',\n" +
2026-10-09T05:28:54.6733306Z       "-   'src/core.ts': '0ab6faaab888559655dc0ec866a58273cde4440a68db7c1d17c2c65762181bb0',\n" +
2026-10-09T05:28:54.6737076Z       "    'src/play.template.html': '1b5188f105cfd9766f3f19c0a6f3cfa1b522cbd676ec5fde0dbfa1566a09f8c7'\n" +
2026-10-09T05:28:54.6739976Z       '  }\n'
2026-10-09T05:28:54.6740559Z     
2026-10-09T05:28:54.6741099Z   code: 'ERR_ASSERTION'
2026-10-09T05:28:54.6741702Z   name: 'AssertionError'
2026-10-09T05:28:54.6742535Z   expected:
2026-10-09T05:28:54.6743062Z   actual:
2026-10-09T05:28:54.6743576Z   error: |-
2026-10-09T05:28:54.6744194Z     accepted proof has stale source hashes
2026-10-09T05:28:54.6744898Z     + actual - expected
2026-10-09T05:28:54.6745735Z     
2026-10-09T05:28:54.6746228Z       {
2026-10-09T05:28:54.6747135Z     +   'play.html': '8d562d7a1b592e13f0f6a8e7c2fa492dbeb5e70dab117910842d6ce590bde533',
2026-10-09T05:28:54.6748479Z     -   'play.html': '0329573fde228c5d7bde7226f41914592a746fd934a8aeb4be9c4ba251bb66e2',
2026-10-09T05:28:54.6749854Z         'src/browser.ts': '56fb3b450aa29e9dda800a69b187d66d5446e056bf2b89b349a9bef1479131e4',
2026-10-09T05:28:54.6751219Z         'src/cards.ts': 'e309e103393bc1aaaf10b34e3994de815dd693d1828a61566723b8fba573fdb9',
2026-10-09T05:28:54.6752678Z     +   'src/core.ts': 'aa9a48dbae7f6ba7010a737eeebd2133394970fdaca96c11b118ccf3941cfcf6',
2026-10-09T05:28:54.6754045Z     -   'src/core.ts': '0ab6faaab888559655dc0ec866a58273cde4440a68db7c1d17c2c65762181bb0',
2026-10-09T05:28:54.6755711Z         'src/play.template.html': '1b5188f105cfd9766f3f19c0a6f3cfa1b522cbd676ec5fde0dbfa1566a09f8c7'
2026-10-09T05:28:54.6756760Z       }
2026-10-09T05:28:54.6757269Z     
2026-10-09T05:28:54.6757802Z   stack: |-
2026-10-09T05:28:54.6759104Z     sourceGuard (file:///home/runner/work/partybox-game-cores/partybox-game-cores/jobs/G02-gin-rummy/scripts/browser-proof.mjs:13:9)
2026-10-09T05:28:54.6761206Z     verifyBrowserProof (file:///home/runner/work/partybox-game-cores/partybox-game-cores/jobs/G02-gin-rummy/scripts/browser-proof.mjs:21:2)
2026-10-09T05:28:54.6763245Z     file:///home/runner/work/partybox-game-cores/partybox-game-cores/jobs/G02-gin-rummy/tests/browser-proof.test.mjs:17:85
2026-10-09T05:28:54.6764545Z     getActual (node:assert:531:5)
2026-10-09T05:28:54.6765487Z     Function.throws (node:assert:677:24)
2026-10-09T05:28:54.6767592Z     TestContext.<anonymous> (file:///home/runner/work/partybox-game-cores/partybox-game-cores/jobs/G02-gin-rummy/tests/browser-proof.test.mjs:17:74)
2026-10-09T05:28:54.6769262Z     Test.runInAsyncScope (node:async_hooks:214:14)
2026-10-09T05:28:54.6770171Z     Test.run (node:internal/test_runner/test:1047:25)
2026-10-09T05:28:54.6771206Z     Test.processPendingSubtests (node:internal/test_runner/test:744:18)
2026-10-09T05:28:54.6772264Z     Test.postRun (node:internal/test_runner/test:1173:19)
2026-10-09T05:28:54.6773032Z   operator: 'throws'
2026-10-09T05:28:54.6773586Z   stack: |-
2026-10-09T05:28:54.6774983Z     TestContext.<anonymous> (file:///home/runner/work/partybox-game-cores/partybox-game-cores/jobs/G02-gin-rummy/tests/browser-proof.test.mjs:17:74)
2026-10-09T05:28:54.6776795Z     Test.runInAsyncScope (node:async_hooks:214:14)
2026-10-09T05:28:54.6777663Z     Test.run (node:internal/test_runner/test:1047:25)
2026-10-09T05:28:54.6778682Z     Test.processPendingSubtests (node:internal/test_runner/test:744:18)
2026-10-09T05:28:54.6779767Z     Test.postRun (node:internal/test_runner/test:1173:19)
2026-10-09T05:28:54.6780669Z     Test.run (node:internal/test_runner/test:1101:12)
2026-10-09T05:28:54.6781717Z     async Test.processPendingSubtests (node:internal/test_runner/test:744:7)
2026-10-09T05:28:54.6782618Z   ...
2026-10-09T05:28:54.6783652Z # Subtest: missing, altered and invalid raw intervals cannot be hidden by good summary fields
2026-10-09T05:28:54.6785328Z ok 10 - missing, altered and invalid raw intervals cannot be hidden by good summary fields
2026-10-09T05:28:54.6786372Z   ---
2026-10-09T05:28:54.6786900Z   duration_ms: 15.254436
2026-10-09T05:28:54.6787875Z   type: 'test'
2026-10-09T05:28:54.6788405Z   ...
2026-10-09T05:28:54.6789317Z # Subtest: reported statistics are recomputed from all retained intervals
2026-10-09T05:28:54.6790574Z not ok 11 - reported statistics are recomputed from all retained intervals
2026-10-09T05:28:54.6791435Z   ---
2026-10-09T05:28:54.6791949Z   duration_ms: 4.212217
2026-10-09T05:28:54.6792533Z   type: 'test'
2026-10-09T05:28:54.6793789Z   location: '/home/runner/work/partybox-game-cores/partybox-game-cores/jobs/G02-gin-rummy/tests/browser-proof.test.mjs:26:1'
2026-10-09T05:28:54.6795624Z   failureType: 'testCodeFailure'
2026-10-09T05:28:54.6796336Z   error: |-
2026-10-09T05:28:54.6797184Z     The input did not match the regular expression /retained interval/. Input:
2026-10-09T05:28:54.6798056Z     
2026-10-09T05:28:54.6798905Z     'AssertionError [ERR_ASSERTION]: accepted proof has stale source hashes\n' +
2026-10-09T05:28:54.6799891Z       '+ actual - expected\n' +
2026-10-09T05:28:54.6800524Z       '\n' +
2026-10-09T05:28:54.6801037Z       '  {\n' +
2026-10-09T05:28:54.6802018Z       "+   'play.html': '8d562d7a1b592e13f0f6a8e7c2fa492dbeb5e70dab117910842d6ce590bde533',\n" +
2026-10-09T05:28:54.6803442Z       "-   'play.html': '0329573fde228c5d7bde7226f41914592a746fd934a8aeb4be9c4ba251bb66e2',\n" +
2026-10-09T05:28:54.6804909Z       "    'src/browser.ts': '56fb3b450aa29e9dda800a69b187d66d5446e056bf2b89b349a9bef1479131e4',\n" +
2026-10-09T05:28:54.6806607Z       "    'src/cards.ts': 'e309e103393bc1aaaf10b34e3994de815dd693d1828a61566723b8fba573fdb9',\n" +
2026-10-09T05:28:54.6808120Z       "+   'src/core.ts': 'aa9a48dbae7f6ba7010a737eeebd2133394970fdaca96c11b118ccf3941cfcf6',\n" +
2026-10-09T05:28:54.6809571Z       "-   'src/core.ts': '0ab6faaab888559655dc0ec866a58273cde4440a68db7c1d17c2c65762181bb0',\n" +
2026-10-09T05:28:54.6811103Z       "    'src/play.template.html': '1b5188f105cfd9766f3f19c0a6f3cfa1b522cbd676ec5fde0dbfa1566a09f8c7'\n" +
2026-10-09T05:28:54.6812182Z       '  }\n'
2026-10-09T05:28:54.6812747Z     
2026-10-09T05:28:54.6813273Z   code: 'ERR_ASSERTION'
2026-10-09T05:28:54.6813849Z   name: 'AssertionError'
2026-10-09T05:28:54.6814441Z   expected:
2026-10-09T05:28:54.6815372Z   actual:
2026-10-09T05:28:54.6815903Z   error: |-
2026-10-09T05:28:54.6816522Z     accepted proof has stale source hashes
2026-10-09T05:28:54.6817218Z     + actual - expected
2026-10-09T05:28:54.6817774Z     
2026-10-09T05:28:54.6818518Z       {
2026-10-09T05:28:54.6819448Z     +   'play.html': '8d562d7a1b592e13f0f6a8e7c2fa492dbeb5e70dab117910842d6ce590bde533',
2026-10-09T05:28:54.6820783Z     -   'play.html': '0329573fde228c5d7bde7226f41914592a746fd934a8aeb4be9c4ba251bb66e2',
2026-10-09T05:28:54.6822149Z         'src/browser.ts': '56fb3b450aa29e9dda800a69b187d66d5446e056bf2b89b349a9bef1479131e4',
2026-10-09T05:28:54.6823502Z         'src/cards.ts': 'e309e103393bc1aaaf10b34e3994de815dd693d1828a61566723b8fba573fdb9',
2026-10-09T05:28:54.6824855Z     +   'src/core.ts': 'aa9a48dbae7f6ba7010a737eeebd2133394970fdaca96c11b118ccf3941cfcf6',
2026-10-09T05:28:54.6826428Z     -   'src/core.ts': '0ab6faaab888559655dc0ec866a58273cde4440a68db7c1d17c2c65762181bb0',
2026-10-09T05:28:54.6827950Z         'src/play.template.html': '1b5188f105cfd9766f3f19c0a6f3cfa1b522cbd676ec5fde0dbfa1566a09f8c7'
2026-10-09T05:28:54.6829005Z       }
2026-10-09T05:28:54.6829496Z     
2026-10-09T05:28:54.6829986Z   stack: |-
2026-10-09T05:28:54.6831284Z     sourceGuard (file:///home/runner/work/partybox-game-cores/partybox-game-cores/jobs/G02-gin-rummy/scripts/browser-proof.mjs:13:9)
2026-10-09T05:28:54.6833382Z     verifyBrowserProof (file:///home/runner/work/partybox-game-cores/partybox-game-cores/jobs/G02-gin-rummy/scripts/browser-proof.mjs:21:2)
2026-10-09T05:28:54.6835631Z     file:///home/runner/work/partybox-game-cores/partybox-game-cores/jobs/G02-gin-rummy/tests/browser-proof.test.mjs:29:21
2026-10-09T05:28:54.6836941Z     getActual (node:assert:531:5)
2026-10-09T05:28:54.6837662Z     Function.throws (node:assert:677:24)
2026-10-09T05:28:54.6839454Z     TestContext.<anonymous> (file:///home/runner/work/partybox-game-cores/partybox-game-cores/jobs/G02-gin-rummy/tests/browser-proof.test.mjs:29:10)
2026-10-09T05:28:54.6841036Z     Test.runInAsyncScope (node:async_hooks:214:14)
2026-10-09T05:28:54.6841968Z     Test.run (node:internal/test_runner/test:1047:25)
2026-10-09T05:28:54.6843022Z     Test.processPendingSubtests (node:internal/test_runner/test:744:18)
2026-10-09T05:28:54.6844183Z     Test.postRun (node:internal/test_runner/test:1173:19)
2026-10-09T05:28:54.6845001Z   operator: 'throws'
2026-10-09T05:28:54.6845832Z   stack: |-
2026-10-09T05:28:54.6847305Z     TestContext.<anonymous> (file:///home/runner/work/partybox-game-cores/partybox-game-cores/jobs/G02-gin-rummy/tests/browser-proof.test.mjs:29:10)
2026-10-09T05:28:54.6848823Z     Test.runInAsyncScope (node:async_hooks:214:14)
2026-10-09T05:28:54.6849677Z     Test.run (node:internal/test_runner/test:1047:25)
2026-10-09T05:28:54.6850884Z     Test.processPendingSubtests (node:internal/test_runner/test:744:18)
2026-10-09T05:28:54.6851998Z     Test.postRun (node:internal/test_runner/test:1173:19)
2026-10-09T05:28:54.6853003Z     Test.run (node:internal/test_runner/test:1101:12)
2026-10-09T05:28:54.6854062Z     async Test.processPendingSubtests (node:internal/test_runner/test:744:7)
2026-10-09T05:28:54.6854967Z   ...
2026-10-09T05:28:54.6856169Z # Subtest: an honestly recomputed slow raw sample still fails the original frame gate
2026-10-09T05:28:54.6858138Z not ok 12 - an honestly recomputed slow raw sample still fails the original frame gate
2026-10-09T05:28:54.6859174Z   ---
2026-10-09T05:28:54.6859700Z   duration_ms: 6.330729
2026-10-09T05:28:54.6860273Z   type: 'test'
2026-10-09T05:28:54.6861525Z   location: '/home/runner/work/partybox-game-cores/partybox-game-cores/jobs/G02-gin-rummy/tests/browser-proof.test.mjs:32:1'
2026-10-09T05:28:54.6862835Z   failureType: 'testCodeFailure'
2026-10-09T05:28:54.6863509Z   error: |-
2026-10-09T05:28:54.6864370Z     The input did not match the regular expression /raw frame gate failed/. Input:
2026-10-09T05:28:54.6865631Z     
2026-10-09T05:28:54.6866538Z     'AssertionError [ERR_ASSERTION]: accepted proof has stale source hashes\n' +
2026-10-09T05:28:54.6867532Z       '+ actual - expected\n' +
2026-10-09T05:28:54.6868144Z       '\n' +
2026-10-09T05:28:54.6868677Z       '  {\n' +
2026-10-09T05:28:54.6870002Z       "+   'play.html': '8d562d7a1b592e13f0f6a8e7c2fa492dbeb5e70dab117910842d6ce590bde533',\n" +
2026-10-09T05:28:54.6871478Z       "-   'play.html': '0329573fde228c5d7bde7226f41914592a746fd934a8aeb4be9c4ba251bb66e2',\n" +
2026-10-09T05:28:54.6873096Z       "    'src/browser.ts': '56fb3b450aa29e9dda800a69b187d66d5446e056bf2b89b349a9bef1479131e4',\n" +
2026-10-09T05:28:54.6874565Z       "    'src/cards.ts': 'e309e103393bc1aaaf10b34e3994de815dd693d1828a61566723b8fba573fdb9',\n" +
2026-10-09T05:28:54.6876411Z       "+   'src/core.ts': 'aa9a48dbae7f6ba7010a737eeebd2133394970fdaca96c11b118ccf3941cfcf6',\n" +
2026-10-09T05:28:54.6877883Z       "-   'src/core.ts': '0ab6faaab888559655dc0ec866a58273cde4440a68db7c1d17c2c65762181bb0',\n" +
2026-10-09T05:28:54.6879423Z       "    'src/play.template.html': '1b5188f105cfd9766f3f19c0a6f3cfa1b522cbd676ec5fde0dbfa1566a09f8c7'\n" +
2026-10-09T05:28:54.6880499Z       '  }\n'
2026-10-09T05:28:54.6881046Z     
2026-10-09T05:28:54.6881583Z   code: 'ERR_ASSERTION'
2026-10-09T05:28:54.6882191Z   name: 'AssertionError'
2026-10-09T05:28:54.6882785Z   expected:
2026-10-09T05:28:54.6883297Z   actual:
2026-10-09T05:28:54.6883801Z   error: |-
2026-10-09T05:28:54.6884412Z     accepted proof has stale source hashes
2026-10-09T05:28:54.6885312Z     + actual - expected
2026-10-09T05:28:54.6885914Z     
2026-10-09T05:28:54.6886624Z       {
2026-10-09T05:28:54.6887553Z     +   'play.html': '8d562d7a1b592e13f0f6a8e7c2fa492dbeb5e70dab117910842d6ce590bde533',
2026-10-09T05:28:54.6888911Z     -   'play.html': '0329573fde228c5d7bde7226f41914592a746fd934a8aeb4be9c4ba251bb66e2',
2026-10-09T05:28:54.6890305Z         'src/browser.ts': '56fb3b450aa29e9dda800a69b187d66d5446e056bf2b89b349a9bef1479131e4',
2026-10-09T05:28:54.6892048Z         'src/cards.ts': 'e309e103393bc1aaaf10b34e3994de815dd693d1828a61566723b8fba573fdb9',
2026-10-09T05:28:54.6893424Z     +   'src/core.ts': 'aa9a48dbae7f6ba7010a737eeebd2133394970fdaca96c11b118ccf3941cfcf6',
2026-10-09T05:28:54.6894793Z     -   'src/core.ts': '0ab6faaab888559655dc0ec866a58273cde4440a68db7c1d17c2c65762181bb0',
2026-10-09T05:28:54.6896515Z         'src/play.template.html': '1b5188f105cfd9766f3f19c0a6f3cfa1b522cbd676ec5fde0dbfa1566a09f8c7'
2026-10-09T05:28:54.6897588Z       }
2026-10-09T05:28:54.6898082Z     
2026-10-09T05:28:54.6898578Z   stack: |-
2026-10-09T05:28:54.6899856Z     sourceGuard (file:///home/runner/work/partybox-game-cores/partybox-game-cores/jobs/G02-gin-rummy/scripts/browser-proof.mjs:13:9)
2026-10-09T05:28:54.6901970Z     verifyBrowserProof (file:///home/runner/work/partybox-game-cores/partybox-game-cores/jobs/G02-gin-rummy/scripts/browser-proof.mjs:21:2)
2026-10-09T05:28:54.6903986Z     file:///home/runner/work/partybox-game-cores/partybox-game-cores/jobs/G02-gin-rummy/tests/browser-proof.test.mjs:37:20
2026-10-09T05:28:54.6905491Z     getActual (node:assert:531:5)
2026-10-09T05:28:54.6906247Z     Function.throws (node:assert:677:24)
2026-10-09T05:28:54.6907814Z     TestContext.<anonymous> (file:///home/runner/work/partybox-game-cores/partybox-game-cores/jobs/G02-gin-rummy/tests/browser-proof.test.mjs:37:9)
2026-10-09T05:28:54.6909383Z     Test.runInAsyncScope (node:async_hooks:214:14)
2026-10-09T05:28:54.6910259Z     Test.run (node:internal/test_runner/test:1047:25)
2026-10-09T05:28:54.6911278Z     Test.processPendingSubtests (node:internal/test_runner/test:744:18)
2026-10-09T05:28:54.6912324Z     Test.postRun (node:internal/test_runner/test:1173:19)
2026-10-09T05:28:54.6913094Z   operator: 'throws'
2026-10-09T05:28:54.6913648Z   stack: |-
2026-10-09T05:28:54.6915039Z     TestContext.<anonymous> (file:///home/runner/work/partybox-game-cores/partybox-game-cores/jobs/G02-gin-rummy/tests/browser-proof.test.mjs:37:9)
2026-10-09T05:28:54.6916806Z     Test.runInAsyncScope (node:async_hooks:214:14)
2026-10-09T05:28:54.6917677Z     Test.run (node:internal/test_runner/test:1047:25)
2026-10-09T05:28:54.6918698Z     Test.processPendingSubtests (node:internal/test_runner/test:744:18)
2026-10-09T05:28:54.6919788Z     Test.postRun (node:internal/test_runner/test:1173:19)
2026-10-09T05:28:54.6920955Z     Test.run (node:internal/test_runner/test:1101:12)
2026-10-09T05:28:54.6922028Z     async Test.processPendingSubtests (node:internal/test_runner/test:744:7)
2026-10-09T05:28:54.6922958Z   ...
2026-10-09T05:28:54.6923949Z # Subtest: profile dimensions, CPU rates and encoder separation must remain truthful
2026-10-09T05:28:54.6925539Z ok 13 - profile dimensions, CPU rates and encoder separation must remain truthful
2026-10-09T05:28:54.6926520Z   ---
2026-10-09T05:28:54.6927147Z   duration_ms: 12.706353
2026-10-09T05:28:54.6927750Z   type: 'test'
2026-10-09T05:28:54.6928398Z   ...
2026-10-09T05:28:54.6929286Z # Subtest: changed, oversized and falsely labeled recordings are rejected
2026-10-09T05:28:54.6930513Z ok 14 - changed, oversized and falsely labeled recordings are rejected
2026-10-09T05:28:54.6931331Z   ---
2026-10-09T05:28:54.6931848Z   duration_ms: 12.516971
2026-10-09T05:28:54.6932437Z   type: 'test'
2026-10-09T05:28:54.6932958Z   ...
2026-10-09T05:28:54.6934266Z # Subtest: actual capture CLI refuses invalid tags and existing media/report before any browser launch
2026-10-09T05:28:54.6936141Z ok 15 - actual capture CLI refuses invalid tags and existing media/report before any browser launch
2026-10-09T05:28:54.6937172Z   ---
2026-10-09T05:28:54.6937700Z   duration_ms: 939.540502
2026-10-09T05:28:54.6938318Z   type: 'test'
2026-10-09T05:28:54.6938867Z   ...
2026-10-09T05:28:54.6939946Z # Subtest: meld validation rejects impossible card IDs while preserving legitimate edge runs/sets
2026-10-09T05:28:54.6941526Z ok 16 - meld validation rejects impossible card IDs while preserving legitimate edge runs/sets
2026-10-09T05:28:54.6942782Z   ---
2026-10-09T05:28:54.6943315Z   duration_ms: 1.532031
2026-10-09T05:28:54.6943917Z   type: 'test'
2026-10-09T05:28:54.6944446Z   ...
2026-10-09T05:29:17.1299056Z # {"suite":"bot-contract","variant":"standard","players":2,"games":1000,"replays":1000,"totalEvents":260878,"maxEvents":612,"replayChecks":260878,"comparison":"every-event SHA256 and bytes; JSON-roundtrip replay"}
2026-10-09T05:29:48.6297600Z # {"suite":"bot-contract","variant":"standard","players":3,"games":1000,"replays":1000,"totalEvents":285455,"maxEvents":775,"replayChecks":285455,"comparison":"every-event SHA256 and bytes; JSON-roundtrip replay"}
2026-10-09T05:30:27.0261654Z # {"suite":"bot-contract","variant":"standard","players":4,"games":1000,"replays":1000,"totalEvents":344241,"maxEvents":825,"replayChecks":344241,"comparison":"every-event SHA256 and bytes; JSON-roundtrip replay"}
2026-10-09T05:30:54.9975297Z # {"suite":"bot-contract","variant":"oklahoma","players":2,"games":1000,"replays":1000,"totalEvents":255515,"maxEvents":755,"replayChecks":255515,"comparison":"every-event SHA256 and bytes; JSON-roundtrip replay"}
2026-10-09T05:31:25.4559781Z # {"suite":"bot-contract","variant":"oklahoma","players":3,"games":1000,"replays":1000,"totalEvents":268526,"maxEvents":812,"replayChecks":268526,"comparison":"every-event SHA256 and bytes; JSON-roundtrip replay"}
2026-10-09T05:32:01.9290490Z # {"suite":"bot-contract","variant":"oklahoma","players":4,"games":1000,"replays":1000,"totalEvents":315689,"maxEvents":929,"replayChecks":315689,"comparison":"every-event SHA256 and bytes; JSON-roundtrip replay"}
2026-10-09T05:32:14.8110023Z # {"suite":"properties","seeds":1003,"events":420546}
2026-10-09T05:32:18.2394734Z # {"suite":"secrecy","comparisons":7925}
2026-10-09T05:32:18.2657185Z # Subtest: 1000 finished seeded bot games at EACH valid count/edition, hash replay after EVERY event
2026-10-09T05:32:18.2659334Z ok 17 - 1000 finished seeded bot games at EACH valid count/edition, hash replay after EVERY event
2026-10-09T05:32:18.2660540Z   ---
2026-10-09T05:32:18.2661266Z   duration_ms: 199536.947621
2026-10-09T05:32:18.2662005Z   type: 'test'
2026-10-09T05:32:18.2662559Z   ...
2026-10-09T05:32:18.2663696Z # Subtest: property seeds 1,2,3 plus 1000 random seeds: adversarial event sequences and immutability
2026-10-09T05:32:18.2665636Z ok 18 - property seeds 1,2,3 plus 1000 random seeds: adversarial event sequences and immutability
2026-10-09T05:32:18.2667300Z   ---
2026-10-09T05:32:18.2668005Z   duration_ms: 12880.943714
2026-10-09T05:32:18.2668786Z   type: 'test'
2026-10-09T05:32:18.2669468Z   ...
2026-10-09T05:32:18.2670753Z # Subtest: hidden-card/order perturbations never change TV, another controller or bot decisions
2026-10-09T05:32:18.2673063Z ok 19 - hidden-card/order perturbations never change TV, another controller or bot decisions
2026-10-09T05:32:18.2673978Z   ---
2026-10-09T05:32:18.2679735Z   duration_ms: 3428.497199
2026-10-09T05:32:18.2680163Z   type: 'test'
2026-10-09T05:32:18.2680504Z   ...
2026-10-09T05:32:18.2681192Z # Subtest: idle/no-clock matches remain until explicit end, every phase can exit via VIP
2026-10-09T05:32:18.2682411Z ok 20 - idle/no-clock matches remain until explicit end, every phase can exit via VIP
2026-10-09T05:32:18.2683134Z   ---
2026-10-09T05:32:18.2683483Z   duration_ms: 23.390183
2026-10-09T05:32:18.2683886Z   type: 'test'
2026-10-09T05:32:18.2684221Z   ...
2026-10-09T05:32:18.2933546Z # {"suite":"departures","initialCases":1000,"completeMatches":120,"events":17184,"maxAutomatedTransitions":75}
2026-10-09T05:32:18.2935496Z # Subtest: departures in every live phase finish the absent turn without exposing its hand
2026-10-09T05:32:18.2936989Z ok 21 - departures in every live phase finish the absent turn without exposing its hand
2026-10-09T05:32:18.2937886Z   ---
2026-10-09T05:32:18.2938298Z   duration_ms: 23.217391
2026-10-09T05:32:18.2938775Z   type: 'test'
2026-10-09T05:32:18.2939187Z   ...
2026-10-09T05:32:18.2940243Z # Subtest: 1000 departure/drop cases and 120 full matches never leave an absent seat blocking play
2026-10-09T05:32:18.2942255Z ok 22 - 1000 departure/drop cases and 120 full matches never leave an absent seat blocking play
2026-10-09T05:32:18.2943199Z   ---
2026-10-09T05:32:18.2943604Z   duration_ms: 5071.478552
2026-10-09T05:32:18.2944084Z   type: 'test'
2026-10-09T05:32:18.2944479Z   ...
2026-10-09T05:32:18.2945840Z # Subtest: empty rooms pause, reconnect resumes only an automatic pause, and permanent leaves cannot rejoin
2026-10-09T05:32:18.2947620Z ok 23 - empty rooms pause, reconnect resumes only an automatic pause, and permanent leaves cannot rejoin
2026-10-09T05:32:18.2948644Z   ---
2026-10-09T05:32:18.2949050Z   duration_ms: 1.033755
2026-10-09T05:32:18.2949480Z   type: 'test'
2026-10-09T05:32:18.2949803Z   ...
2026-10-09T05:32:18.2950560Z # Subtest: departures during VIP pause drain only on resume; malformed control events do nothing
2026-10-09T05:32:18.2951855Z ok 24 - departures during VIP pause drain only on resume; malformed control events do nothing
2026-10-09T05:32:18.2952583Z   ---
2026-10-09T05:32:18.2952796Z   duration_ms: 0.524547
2026-10-09T05:32:18.2953165Z   type: 'test'
2026-10-09T05:32:18.2953446Z   ...
2026-10-09T05:32:18.2953988Z # {"suite":"deadwood-proof","hands":10000,"tenCard":5000,"elevenCard":5000,"seed":20261008,"checksum":584788}
2026-10-09T05:32:18.2954703Z # Subtest: independent exhaustive meld-subset packing proves 10000 exact minima
2026-10-09T05:32:18.2955981Z ok 25 - independent exhaustive meld-subset packing proves 10000 exact minima
2026-10-09T05:32:18.2956681Z   ---
2026-10-09T05:32:18.2957028Z   duration_ms: 5916.590456
2026-10-09T05:32:18.2957425Z   type: 'test'
2026-10-09T05:32:18.2957823Z   ...
2026-10-09T05:32:18.2958806Z # Subtest: actual Big Gin reducer keeps eleven cards, rejects disabled/incomplete claims and prevents layoffs
2026-10-09T05:32:18.2960268Z ok 26 - actual Big Gin reducer keeps eleven cards, rejects disabled/incomplete claims and prevents layoffs
2026-10-09T05:32:18.2961094Z   ---
2026-10-09T05:32:18.2961419Z   duration_ms: 11.973402
2026-10-09T05:32:18.2961816Z   type: 'test'
2026-10-09T05:32:18.2962145Z   ...
2026-10-09T05:32:18.2963050Z # Subtest: actual Gin/normal knock phases, custom layout rejection, match completion and Oklahoma boxes
2026-10-09T05:32:18.2964431Z ok 27 - actual Gin/normal knock phases, custom layout rejection, match completion and Oklahoma boxes
2026-10-09T05:32:18.2965443Z   ---
2026-10-09T05:32:18.2966014Z   duration_ms: 6.893916
2026-10-09T05:32:18.2966444Z   type: 'test'
2026-10-09T05:32:18.2966776Z   ...
2026-10-09T05:32:18.2967659Z # Subtest: winner-stays queue for every rotation size, drawn hand retains seats, each dealer setting
2026-10-09T05:32:18.2968946Z ok 28 - winner-stays queue for every rotation size, drawn hand retains seats, each dealer setting
2026-10-09T05:32:18.2969690Z   ---
2026-10-09T05:32:18.2970030Z   duration_ms: 3.122864
2026-10-09T05:32:18.2970403Z   type: 'test'
2026-10-09T05:32:18.2970727Z   ...
2026-10-09T05:32:18.2972670Z # {"frameWindow":"READY","profile":"desktop","sourceSha256":"aaaaaaaaaaaaaaaaaaaaaaaaaaaaaaaaaaaaaaaaaaaaaaaaaaaaaaaaaaaaaaaa","attemptNonce":"3c480887-7f55-405d-aa6d-dbb65f261951","utc":"2026-10-09T05:28:54.899Z"}
2026-10-09T05:32:18.2976349Z # {"frameWindow":"CLOSED","profile":"desktop","sourceSha256":"aaaaaaaaaaaaaaaaaaaaaaaaaaaaaaaaaaaaaaaaaaaaaaaaaaaaaaaaaaaaaaaa","attemptNonce":"3c480887-7f55-405d-aa6d-dbb65f261951","coordination":"root-granted","readyUtc":"2026-10-09T05:28:54.899Z","grantUtc":"2026-10-09T05:28:55.908Z","status":"closed","utc":"2026-10-09T05:28:55.908Z"}
2026-10-09T05:32:18.2980157Z # {"frameWindow":"READY","profile":"desktop","sourceSha256":"aaaaaaaaaaaaaaaaaaaaaaaaaaaaaaaaaaaaaaaaaaaaaaaaaaaaaaaaaaaaaaaa","attemptNonce":"a583bdb4-a46c-4366-a4bd-6c9cfabda8c7","utc":"2026-10-09T05:28:55.909Z"}
2026-10-09T05:32:18.2984392Z # {"frameWindow":"CLOSED","profile":"desktop","sourceSha256":"aaaaaaaaaaaaaaaaaaaaaaaaaaaaaaaaaaaaaaaaaaaaaaaaaaaaaaaaaaaaaaaa","attemptNonce":"a583bdb4-a46c-4366-a4bd-6c9cfabda8c7","coordination":"root-granted","readyUtc":"2026-10-09T05:28:55.909Z","grantUtc":"2026-10-09T05:28:56.110Z","status":"closed","utc":"2026-10-09T05:28:56.110Z"}
2026-10-09T05:32:18.2987800Z # {"actualGrantCorruptionControls":10,"sequentialAttempts":2}
2026-10-09T05:32:18.2990118Z # {"frameWindow":"READY","profile":"desktop","sourceSha256":"aaaaaaaaaaaaaaaaaaaaaaaaaaaaaaaaaaaaaaaaaaaaaaaaaaaaaaaaaaaaaaaa","attemptNonce":"767ca215-dcd7-40a0-b315-b7b2891fb1ca","utc":"2026-10-09T05:28:56.114Z"}
2026-10-09T05:32:18.2992394Z # Subtest: actual temporary grants reject stale nonce/source/profile and malformed or extra fields
2026-10-09T05:32:18.2993798Z ok 29 - actual temporary grants reject stale nonce/source/profile and malformed or extra fields
2026-10-09T05:32:18.2994639Z   ---
2026-10-09T05:32:18.2995000Z   duration_ms: 1215.624656
2026-10-09T05:32:18.2995805Z   type: 'test'
2026-10-09T05:32:18.2996161Z   ...
2026-10-09T05:32:18.2999312Z # {"frameWindow":"CLOSED","profile":"desktop","sourceSha256":"aaaaaaaaaaaaaaaaaaaaaaaaaaaaaaaaaaaaaaaaaaaaaaaaaaaaaaaaaaaaaaaa","attemptNonce":"767ca215-dcd7-40a0-b315-b7b2891fb1ca","coordination":"root-granted","readyUtc":"2026-10-09T05:28:56.114Z","grantUtc":null,"status":"failed","reason":"matching grant timed out","utc":"2026-10-09T05:28:56.214Z"}
2026-10-09T05:32:18.3002700Z # Subtest: actual missing grant fails and writes CLOSED; no configured barrier returns an explicit uncoordinated identity
2026-10-09T05:32:18.3004488Z ok 30 - actual missing grant fails and writes CLOSED; no configured barrier returns an explicit uncoordinated identity
2026-10-09T05:32:18.3005725Z   ---
2026-10-09T05:32:18.3006091Z   duration_ms: 102.692105
2026-10-09T05:32:18.3006557Z   type: 'test'
2026-10-09T05:32:18.3007083Z   ...
2026-10-09T05:32:18.3008947Z # {"suite":"preexisting-gin-draw-matrix","cases":6912,"actualLegalDrawPhaseRoutes":true,"skills":3,"variants":2,"counts":[2,3,4],"suits":4,"endpoints":2,"clockSettings":[0,10]}
2026-10-09T05:32:18.3011682Z # {"suite":"preexisting-gin-hidden-defenders","cases":1000,"choices":3000,"sha256":"2e50741934f3e2fc8cdb29eb066c29fe991f8fc1a2cd24123969b3121ec98db8"}
2026-10-09T05:32:18.3013389Z # {"suite":"preexisting-gin-draw-boundaries","controls":90}
2026-10-09T05:32:18.3014995Z # {"suite":"preexisting-gin-measured-gain","immediatePoints":31,"priorPassRoutePoints":20,"gain":11}
2026-10-09T05:32:18.3017120Z # Subtest: all skills take a guaranteed finishing discard even when ten-card deadwood is already zero
2026-10-09T05:32:18.3018854Z ok 31 - all skills take a guaranteed finishing discard even when ten-card deadwood is already zero
2026-10-09T05:32:18.3019594Z   ---
2026-10-09T05:32:18.3019904Z   duration_ms: 4503.450802
2026-10-09T05:32:18.3075472Z   type: 'test'
2026-10-09T05:32:18.3075765Z   ...
2026-10-09T05:32:18.3076658Z # Subtest: 1000 hidden defender completions keep the same guaranteed choice and exact independent finishing score
2026-10-09T05:32:18.3078162Z ok 32 - 1000 hidden defender completions keep the same guaranteed choice and exact independent finishing score
2026-10-09T05:32:18.3078730Z   ---
2026-10-09T05:32:18.3078992Z   duration_ms: 1053.366287
2026-10-09T05:32:18.3079265Z   type: 'test'
2026-10-09T05:32:18.3079466Z   ...
2026-10-09T05:32:18.3080099Z # Subtest: forced stock, unavailable actors, pause and non-finishing discards retain the original legal boundaries
2026-10-09T05:32:18.3081049Z ok 33 - forced stock, unavailable actors, pause and non-finishing discards retain the original legal boundaries
2026-10-09T05:32:18.3081607Z   ---
2026-10-09T05:32:18.3081816Z   duration_ms: 12.449797
2026-10-09T05:32:18.3082072Z   type: 'test'
2026-10-09T05:32:18.3082286Z   ...
2026-10-09T05:32:18.3082799Z # Subtest: the reproduced opening takes 31-point Big Gin instead of passing into a 20-point Gin
2026-10-09T05:32:18.3083595Z ok 34 - the reproduced opening takes 31-point Big Gin instead of passing into a 20-point Gin
2026-10-09T05:32:18.3084053Z   ---
2026-10-09T05:32:18.3084252Z   duration_ms: 2.350065
2026-10-09T05:32:18.3084500Z   type: 'test'
2026-10-09T05:32:18.3084697Z   ...
2026-10-09T05:32:18.3085902Z # {"suite":"strong-guaranteed-gin","cases":72,"knownClassicPoints":22}
2026-10-09T05:32:18.3087035Z # {"suite":"gin-actual-score-dominance","defenders":1000,"ordinaryComparisons":6904,"minGain":21,"sha256":"d57bb9977c2b677288f79cc4dae664d82a2d9bf8316ccc658f30362fdc3130d5"}
2026-10-09T05:32:18.3088021Z # {"suite":"gin-policy-boundaries","forbiddenCases":52,"bigGinCases":12}
2026-10-09T05:32:18.3088751Z # Subtest: Strong takes guaranteed Gin despite public discard danger in every edition/profile/rotation
2026-10-09T05:32:18.3089630Z ok 35 - Strong takes guaranteed Gin despite public discard danger in every edition/profile/rotation
2026-10-09T05:32:18.3090442Z   ---
2026-10-09T05:32:18.3090824Z   duration_ms: 109.518419
2026-10-09T05:32:18.3091239Z   type: 'test'
2026-10-09T05:32:18.3091441Z   ...
2026-10-09T05:32:18.3092012Z # Subtest: actual Gin scoring dominates every legal ordinary knock against 1000 disjoint hidden defenders
2026-10-09T05:32:18.3092837Z ok 36 - actual Gin scoring dominates every legal ordinary knock against 1000 disjoint hidden defenders
2026-10-09T05:32:18.3093326Z   ---
2026-10-09T05:32:18.3093552Z   duration_ms: 2908.99409
2026-10-09T05:32:18.3093790Z   type: 'test'
2026-10-09T05:32:18.3093986Z   ...
2026-10-09T05:32:18.3094538Z # Subtest: Gin priority respects immediate-return prohibition and preserves the existing Big Gin branch
2026-10-09T05:32:18.3095723Z ok 37 - Gin priority respects immediate-return prohibition and preserves the existing Big Gin branch
2026-10-09T05:32:18.3096237Z   ---
2026-10-09T05:32:18.3096439Z   duration_ms: 24.915138
2026-10-09T05:32:18.3096763Z   type: 'test'
2026-10-09T05:32:18.3097095Z   ...
2026-10-09T05:32:18.3099019Z # {"suite":"non-gin-policy-byte-equivalence","states":10000,"decisions":30000,"baselineHead":"72d0f3f4ad4f6b70a8ac6b0ed81121300aa54c1f"}
2026-10-09T05:32:18.3099877Z # Subtest: all 30000 non-Gin bot choices retain the accepted pre-repair behavior
2026-10-09T05:32:18.3100495Z ok 38 - all 30000 non-Gin bot choices retain the accepted pre-repair behavior
2026-10-09T05:32:18.3100879Z   ---
2026-10-09T05:32:18.3101076Z   duration_ms: 3673.471489
2026-10-09T05:32:18.3101312Z   type: 'test'
2026-10-09T05:32:18.3101506Z   ...
2026-10-09T05:32:18.3102204Z # {"suite":"initial-presence-exhaustive","cases":336,"connectionMasks":"all","counts":[2,3,4],"variants":["standard","oklahoma"],"clocks":[0,10]}
2026-10-09T05:32:18.3103126Z # {"suite":"initial-presence-seeded","cases":1000}
2026-10-09T05:32:18.3103725Z # Subtest: known initial presence is handled before either player needs to send an event
2026-10-09T05:32:18.3104393Z ok 39 - known initial presence is handled before either player needs to send an event
2026-10-09T05:32:18.3104794Z   ---
2026-10-09T05:32:18.3104988Z   duration_ms: 314.786788
2026-10-09T05:32:18.3105596Z   type: 'test'
2026-10-09T05:32:18.3105995Z   ...
2026-10-09T05:32:18.3106597Z # Subtest: 1000 seeded initial presence patterns are playable or paused without a duplicate drop event
2026-10-09T05:32:18.3107396Z ok 40 - 1000 seeded initial presence patterns are playable or paused without a duplicate drop event
2026-10-09T05:32:18.3107875Z   ---
2026-10-09T05:32:18.3108073Z   duration_ms: 378.429426
2026-10-09T05:32:18.3108300Z   type: 'test'
2026-10-09T05:32:18.3108490Z   ...
2026-10-09T05:32:18.3109137Z # {"suite":"connected-initialization-byte-equivalence","cases":6000,"baselineHead":"d5fbb39746f8f7900bee57506e8133e8675f48ed"}
2026-10-09T05:32:18.3110024Z # Subtest: all-connected opening states retain the exact 6000 pre-repair JSON states
2026-10-09T05:32:18.3110665Z ok 41 - all-connected opening states retain the exact 6000 pre-repair JSON states
2026-10-09T05:32:18.3111057Z   ---
2026-10-09T05:32:18.3111252Z   duration_ms: 112.710828
2026-10-09T05:32:18.3111475Z   type: 'test'
2026-10-09T05:32:18.3111663Z   ...
2026-10-09T05:32:18.3112240Z # {"suite":"same-meld-knock-configurations","cases":576,"minGain":1,"classicPointsBefore":1,"classicPointsAfter":2}
2026-10-09T05:32:18.3113550Z # {"suite":"same-meld-knock-hidden-defenders","defenders":1000,"minGain":1,"maxGain":2,"positiveKnocks":1000,"undercuts":0,"sha256":"8b7cd1f52b2b229393f43ad8ccd09056a2c496a42b5d8e277cf9436049027bd2"}
2026-10-09T05:32:18.3114726Z # {"suite":"same-meld-knock-boundaries","controls":120}
2026-10-09T05:32:18.3115871Z # {"suite":"same-meld-knock-score-boundaries","cases":144,"winningTransitions":36,"minGain":1,"maxGain":52,"defenderDeadwoods":[0,1,2,3]}
2026-10-09T05:32:18.3116816Z # Subtest: Strong takes the strictly better same-meld knock in all editions, profiles, rosters and suits
2026-10-09T05:32:18.3117634Z ok 42 - Strong takes the strictly better same-meld knock in all editions, profiles, rosters and suits
2026-10-09T05:32:18.3118097Z   ---
2026-10-09T05:32:18.3118295Z   duration_ms: 555.013486
2026-10-09T05:32:18.3118522Z   type: 'test'
2026-10-09T05:32:18.3118717Z   ...
2026-10-09T05:32:18.3119268Z # Subtest: the same public decision dominates against 1000 hidden defenders with independent joint layoff scoring
2026-10-09T05:32:18.3120125Z ok 43 - the same public decision dominates against 1000 hidden defenders with independent joint layoff scoring
2026-10-09T05:32:18.3120626Z   ---
2026-10-09T05:32:18.3120812Z   duration_ms: 5466.47932
2026-10-09T05:32:18.3121035Z   type: 'test'
2026-10-09T05:32:18.3121254Z   ...
2026-10-09T05:32:18.3121825Z # Subtest: ordinary-knock priority retains immediate-return, Gin, no-knock and unavailable-player boundaries
2026-10-09T05:32:18.3122690Z ok 44 - ordinary-knock priority retains immediate-return, Gin, no-knock and unavailable-player boundaries
2026-10-09T05:32:18.3123167Z   ---
2026-10-09T05:32:18.3123360Z   duration_ms: 27.324694
2026-10-09T05:32:18.3123585Z   type: 'test'
2026-10-09T05:32:18.3123799Z   ...
2026-10-09T05:32:18.3124334Z # Subtest: same-meld lower deadwood improves both undercuts and the transition from undercut to winning knock
2026-10-09T05:32:18.3125416Z ok 45 - same-meld lower deadwood improves both undercuts and the transition from undercut to winning knock
2026-10-09T05:32:18.3125903Z   ---
2026-10-09T05:32:18.3126104Z   duration_ms: 735.455745
2026-10-09T05:32:18.3126326Z   type: 'test'
2026-10-09T05:32:18.3126512Z   ...
2026-10-09T05:32:18.3127158Z # {"suite":"joint-layoff-proof","hands":2000,"twoTarget":1000,"threeTarget":1000,"seed":816777,"checksum":102460,"actualLaidCards":1534}
2026-10-09T05:32:18.3128009Z # Subtest: 2000 independent joint meld/layoff weighted packings including chained extensions
2026-10-09T05:32:18.3128884Z ok 46 - 2000 independent joint meld/layoff weighted packings including chained extensions
2026-10-09T05:32:18.3129320Z   ---
2026-10-09T05:32:18.3129513Z   duration_ms: 7565.822972
2026-10-09T05:32:18.3129739Z   type: 'test'
2026-10-09T05:32:18.3129928Z   ...
2026-10-09T05:32:18.3130391Z # {"suite":"opening-pass-attribution","directPassCases":360,"editions":2,"counts":[2,3,4]}
2026-10-09T05:32:18.3131048Z # {"suite":"pass-valid-ids","cases":240,"ids":["","__proto__","constructor","last"]}
2026-10-09T05:32:18.3131649Z # {"suite":"automatic-pass-attribution","routes":["timer","vip","player"]}
2026-10-09T05:32:18.3132329Z # Subtest: both opening passes identify their actual actors across counts, editions and seeds
2026-10-09T05:32:18.3133305Z ok 47 - both opening passes identify their actual actors across counts, editions and seeds
2026-10-09T05:32:18.3133786Z   ---
2026-10-09T05:32:18.3134161Z   duration_ms: 132.623819
2026-10-09T05:32:18.3134407Z   type: 'test'
2026-10-09T05:32:18.3134613Z   ...
2026-10-09T05:32:18.3135306Z # Subtest: empty and prototype-shaped original IDs retain pass attribution as own keys
2026-10-09T05:32:18.3136259Z ok 48 - empty and prototype-shaped original IDs retain pass attribution as own keys
2026-10-09T05:32:18.3136798Z   ---
2026-10-09T05:32:18.3137001Z   duration_ms: 60.09142
2026-10-09T05:32:18.3137223Z   type: 'test'
2026-10-09T05:32:18.3137425Z   ...
2026-10-09T05:32:18.3137843Z # Subtest: timer, VIP skip and absent-seat automation identify the automatic passer
2026-10-09T05:32:18.3138466Z ok 49 - timer, VIP skip and absent-seat automation identify the automatic passer
2026-10-09T05:32:18.3139038Z   ---
2026-10-09T05:32:18.3139226Z   duration_ms: 2.629516
2026-10-09T05:32:18.3139449Z   type: 'test'
2026-10-09T05:32:18.3139637Z   ...
2026-10-09T05:32:18.3140115Z # Subtest: first raw target winner keeps the crown even when final box settlement reverses points
2026-10-09T05:32:18.3140858Z ok 50 - first raw target winner keeps the crown even when final box settlement reverses points
2026-10-09T05:32:18.3141288Z   ---
2026-10-09T05:32:18.3141476Z   duration_ms: 12.957867
2026-10-09T05:32:18.3141706Z   type: 'test'
2026-10-09T05:32:18.3141894Z   ...
2026-10-09T05:32:18.3142341Z # Subtest: every valid string ID, including empty, wins, earns bonuses and stays in rotation
2026-10-09T05:32:18.3143017Z ok 51 - every valid string ID, including empty, wins, earns bonuses and stays in rotation
2026-10-09T05:32:18.3143427Z   ---
2026-10-09T05:32:18.3143619Z   duration_ms: 19.121913
2026-10-09T05:32:18.3143837Z   type: 'test'
2026-10-09T05:32:18.3144030Z   ...
2026-10-09T05:32:18.3144499Z # Subtest: malformed identity metadata cannot coerce a registered ID, throw or reveal a hand
2026-10-09T05:32:18.3145591Z ok 52 - malformed identity metadata cannot coerce a registered ID, throw or reveal a hand
2026-10-09T05:32:18.3146061Z   ---
2026-10-09T05:32:18.3146260Z   duration_ms: 1.93374
2026-10-09T05:32:18.3146481Z   type: 'test'
2026-10-09T05:32:18.3146682Z   ...
2026-10-09T05:32:18.3147100Z # Subtest: early end preserves earned raw points and reports current standings
2026-10-09T05:32:18.3147707Z ok 53 - early end preserves earned raw points and reports current standings
2026-10-09T05:32:18.3148093Z   ---
2026-10-09T05:32:18.3148287Z   duration_ms: 0.769994
2026-10-09T05:32:18.3148511Z   type: 'test'
2026-10-09T05:32:18.3148701Z   ...
2026-10-09T05:32:18.3149009Z # Subtest: aces low, set cardinality, runs and overlap
2026-10-09T05:32:18.3149421Z ok 54 - aces low, set cardinality, runs and overlap
2026-10-09T05:32:18.3149730Z   ---
2026-10-09T05:32:18.3149930Z   duration_ms: 4.607959
2026-10-09T05:32:18.3150158Z   type: 'test'
2026-10-09T05:32:18.3150358Z   ...
2026-10-09T05:32:18.3150868Z # Subtest: joint meld/layoff optimizer finds chains and forbids gin/deadwood/four-card layoffs
2026-10-09T05:32:18.3151594Z ok 55 - joint meld/layoff optimizer finds chains and forbids gin/deadwood/four-card layoffs
2026-10-09T05:32:18.3152023Z   ---
2026-10-09T05:32:18.3152213Z   duration_ms: 4.580779
2026-10-09T05:32:18.3152610Z   type: 'test'
2026-10-09T05:32:18.3152810Z   ...
2026-10-09T05:32:18.3153189Z # Subtest: every score formula, tie undercut and spade whole-hand doubling
2026-10-09T05:32:18.3153743Z ok 56 - every score formula, tie undercut and spade whole-hand doubling
2026-10-09T05:32:18.3154096Z   ---
2026-10-09T05:32:18.3154282Z   duration_ms: 3.091757
2026-10-09T05:32:18.3154506Z   type: 'test'
2026-10-09T05:32:18.3154697Z   ...
2026-10-09T05:32:18.3155571Z # Subtest: opening offers, forced stock, exact immediate-return restriction, stock draw boundary
2026-10-09T05:32:18.3156341Z ok 57 - opening offers, forced stock, exact immediate-return restriction, stock draw boundary
2026-10-09T05:32:18.3156781Z   ---
2026-10-09T05:32:18.3156977Z   duration_ms: 28.687405
2026-10-09T05:32:18.3157205Z   type: 'test'
2026-10-09T05:32:18.3157399Z   ...
2026-10-09T05:32:18.3157814Z # Subtest: Oklahoma limits / ace / spade configurations from all 52 initial upcards
2026-10-09T05:32:18.3158432Z ok 58 - Oklahoma limits / ace / spade configurations from all 52 initial upcards
2026-10-09T05:32:18.3158816Z   ---
2026-10-09T05:32:18.3159004Z   duration_ms: 26.016471
2026-10-09T05:32:18.3159224Z   type: 'test'
2026-10-09T05:32:18.3159418Z   ...
2026-10-09T05:32:18.3159916Z # Subtest: pause, resume, stale/early timer, spectators, malformed input, late leaver, explicit end
2026-10-09T05:32:18.3160669Z ok 59 - pause, resume, stale/early timer, spectators, malformed input, late leaver, explicit end
2026-10-09T05:32:18.3161350Z   ---
2026-10-09T05:32:18.3161711Z   duration_ms: 2.69593
2026-10-09T05:32:18.3162354Z   type: 'test'
2026-10-09T05:32:18.3162726Z   ...
2026-10-09T05:32:18.3163640Z # Subtest: all required roster settings, default sanitization, exact phase fixtures and manifest
2026-10-09T05:32:18.3164535Z ok 60 - all required roster settings, default sanitization, exact phase fixtures and manifest
2026-10-09T05:32:18.3165009Z   ---
2026-10-09T05:32:18.3165586Z   duration_ms: 141.963987
2026-10-09T05:32:18.3165956Z   type: 'test'
2026-10-09T05:32:18.3166179Z   ...
2026-10-09T05:32:18.3166549Z # {"syntheticGuardCorruptionsRejected":175,"guardedSources":35}
2026-10-09T05:32:18.3167280Z # Subtest: synthetic positive control covers full identities, native timestamps, all hand witnesses and clips
2026-10-09T05:32:18.3168126Z ok 61 - synthetic positive control covers full identities, native timestamps, all hand witnesses and clips
2026-10-09T05:32:18.3168610Z   ---
2026-10-09T05:32:18.3168800Z   duration_ms: 10.332799
2026-10-09T05:32:18.3169024Z   type: 'test'
2026-10-09T05:32:18.3169213Z   ...
2026-10-09T05:32:18.3169727Z # Subtest: every guarded source and each start/end inventory entry rejects a stale hash or omission
2026-10-09T05:32:18.3170483Z ok 62 - every guarded source and each start/end inventory entry rejects a stale hash or omission
2026-10-09T05:32:18.3170926Z   ---
2026-10-09T05:32:18.3171123Z   duration_ms: 198.615799
2026-10-09T05:32:18.3171483Z   type: 'test'
2026-10-09T05:32:18.3171811Z   ...
2026-10-09T05:32:18.3172763Z # Subtest: wrong attempt/profile/page/transport/throttle, filtered samples and fake native clocks fail
2026-10-09T05:32:18.3174223Z ok 63 - wrong attempt/profile/page/transport/throttle, filtered samples and fake native clocks fail
2026-10-09T05:32:18.3174998Z   ---
2026-10-09T05:32:18.3175560Z   duration_ms: 20.292524
2026-10-09T05:32:18.3175926Z   type: 'test'
2026-10-09T05:32:18.3176228Z   ...
2026-10-09T05:32:18.3177080Z # Subtest: missing/invalid timestamp, raw interval or active-frame witness fails despite good summaries
2026-10-09T05:32:18.3178408Z ok 64 - missing/invalid timestamp, raw interval or active-frame witness fails despite good summaries
2026-10-09T05:32:18.3179169Z   ---
2026-10-09T05:32:18.3179467Z   duration_ms: 12.693584
2026-10-09T05:32:18.3179842Z   type: 'test'
2026-10-09T05:32:18.3180165Z   ...
2026-10-09T05:32:18.3181048Z # Subtest: all statistics are recomputed and an honestly reported long interval fails the fixed gate
2026-10-09T05:32:18.3182630Z ok 65 - all statistics are recomputed and an honestly reported long interval fails the fixed gate
2026-10-09T05:32:18.3183435Z   ---
2026-10-09T05:32:18.3183755Z   duration_ms: 10.144378
2026-10-09T05:32:18.3184141Z   type: 'test'
2026-10-09T05:32:18.3184465Z   ...
2026-10-09T05:32:18.3185609Z # Subtest: failed runs, mislabeled clips, altered bytes, outsize media and network/errors are rejected
2026-10-09T05:32:18.3187023Z ok 66 - failed runs, mislabeled clips, altered bytes, outsize media and network/errors are rejected
2026-10-09T05:32:18.3187810Z   ---
2026-10-09T05:32:18.3188132Z   duration_ms: 23.946547
2026-10-09T05:32:18.3188519Z   type: 'test'
2026-10-09T05:32:18.3188859Z   ...
2026-10-09T05:32:18.3189283Z # Subtest: same-timestamp turns cannot share timer instance identity
2026-10-09T05:32:18.3189828Z ok 67 - same-timestamp turns cannot share timer instance identity
2026-10-09T05:32:18.3190169Z   ---
2026-10-09T05:32:18.3190358Z   duration_ms: 8.676345
2026-10-09T05:32:18.3190580Z   type: 'test'
2026-10-09T05:32:18.3190780Z   ...
2026-10-09T05:32:18.3190956Z 1..67
2026-10-09T05:32:18.3191139Z # tests 67
2026-10-09T05:32:18.3191418Z # suites 0
2026-10-09T05:32:18.3191791Z # pass 63
2026-10-09T05:32:18.3192158Z # fail 4
2026-10-09T05:32:18.3192483Z # cancelled 0
2026-10-09T05:32:18.3192821Z # skipped 0
2026-10-09T05:32:18.3193129Z # todo 0
2026-10-09T05:32:18.3193471Z # duration_ms 217670.612656
2026-10-09T05:32:18.3204732Z ##[error]Process completed with exit code 1.
2026-10-09T05:32:18.3290750Z ##[group]Run actions/upload-artifact@v4
2026-10-09T05:32:18.3291252Z with:
2026-10-09T05:32:18.3291594Z   name: G02-browser-evidence
2026-10-09T05:32:18.3294851Z   path: jobs/G02-gin-rummy/.work/browser/*-frames.json
jobs/G02-gin-rummy/.work/browser/report.json
jobs/G02-gin-rummy/.work/browser/captures.json
jobs/G02-gin-rummy/.work/browser/ci-current-*.webm
jobs/G02-gin-rummy/.work/clock-after.json
jobs/G02-gin-rummy/.work/custom-meld-after.json
jobs/G02-gin-rummy/.work/results-after.json
jobs/G02-gin-rummy/.work/name-check.json
jobs/G02-gin-rummy/media/strict-reverify-1900-*.webm
jobs/G02-gin-rummy/evidence/resume-20261008/strict-reverify-1900-captures.json

2026-10-09T05:32:18.3297676Z   include-hidden-files: true
2026-10-09T05:32:18.3297940Z   if-no-files-found: warn
2026-10-09T05:32:18.3298284Z   compression-level: 6
2026-10-09T05:32:18.3298576Z   overwrite: false
2026-10-09T05:32:18.3298796Z ##[endgroup]
2026-10-09T05:32:18.5027946Z (node:3545) [DEP0040] DeprecationWarning: The `punycode` module is deprecated. Please use a userland alternative instead.
2026-10-09T05:32:18.5029359Z (Use `node --trace-deprecation ...` to show where the warning was created)
2026-10-09T05:32:18.5206567Z Multiple search paths detected. Calculating the least common ancestor of all paths
2026-10-09T05:32:18.5210568Z The least common ancestor is /home/runner/work/partybox-game-cores/partybox-game-cores/jobs/G02-gin-rummy. This will be the root directory of the artifact
2026-10-09T05:32:18.5211997Z With the provided path, there will be 3 files uploaded
2026-10-09T05:32:18.5231526Z Artifact name is valid!
2026-10-09T05:32:18.5232735Z Root directory input is valid!
2026-10-09T05:32:18.7531167Z Beginning upload of artifact content to blob storage
2026-10-09T05:32:18.8257973Z (node:3545) [DEP0169] DeprecationWarning: `url.parse()` behavior is not standardized and prone to errors that have security implications. Use the WHATWG URL API instead. CVEs are not issued for `url.parse()` vulnerabilities.
2026-10-09T05:32:18.9144569Z Uploaded bytes 1015714
2026-10-09T05:32:18.9341313Z Finished uploading artifact content to blob storage!
2026-10-09T05:32:18.9342481Z SHA256 digest of uploaded artifact zip is a3640512da36ef6d364622770c8a13bcdab14ee960ca2d196c7fd7fb82d63b02
2026-10-09T05:32:18.9344551Z Finalizing artifact upload
2026-10-09T05:32:19.1369563Z Artifact G02-browser-evidence.zip successfully finalized. Artifact ID 11598020234
2026-10-09T05:32:19.1371458Z Artifact G02-browser-evidence has been successfully uploaded! Final size is 1015714 bytes. Artifact ID is 11598020234
2026-10-09T05:32:19.1378540Z Artifact download URL: https://github.com/luisitin/partybox-game-cores/actions/runs/37888705956/artifacts/11598020234
2026-10-09T05:32:19.1581688Z Post job cleanup.
2026-10-09T05:32:19.2493856Z [command]/usr/bin/git version
2026-10-09T05:32:19.2542824Z git version 2.55.0
2026-10-09T05:32:19.2588815Z Temporarily overriding HOME='/home/runner/work/_temp/bb8dfafa-f364-46db-8521-cc4ec0db95a1' before making global git config changes
2026-10-09T05:32:19.2590099Z Adding repository directory to the temporary git global config as a safe directory
2026-10-09T05:32:19.2597008Z [command]/usr/bin/git config --global --add safe.directory /home/runner/work/partybox-game-cores/partybox-game-cores
2026-10-09T05:32:19.2640221Z [command]/usr/bin/git config --local --name-only --get-regexp core\.sshCommand
2026-10-09T05:32:19.2678427Z [command]/usr/bin/git submodule foreach --recursive sh -c "git config --local --name-only --get-regexp 'core\.sshCommand' && git config --local --unset-all 'core.sshCommand' || :"
2026-10-09T05:32:19.2948531Z [command]/usr/bin/git config --local --name-only --get-regexp http\.https\:\/\/github\.com\/\.extraheader
2026-10-09T05:32:19.2967585Z http.https://github.com/.extraheader
2026-10-09T05:32:19.2979905Z [command]/usr/bin/git config --local --unset-all http.https://github.com/.extraheader
2026-10-09T05:32:19.3017159Z [command]/usr/bin/git submodule foreach --recursive sh -c "git config --local --name-only --get-regexp 'http\.https\:\/\/github\.com\/\.extraheader' && git config --local --unset-all 'http.https://github.com/.extraheader' || :"
2026-10-09T05:32:19.3290300Z [command]/usr/bin/git config --local --name-only --get-regexp ^includeIf\.gitdir:
2026-10-09T05:32:19.3337793Z [command]/usr/bin/git submodule foreach --recursive git config --local --show-origin --name-only --get-regexp remote.origin.url
2026-10-09T05:32:19.3776067Z Cleaning up orphan processes
2026-10-09T05:32:19.4103564Z ##[warning]Node.js 20 is deprecated. The following actions target Node.js 20 but are being forced to run on Node.js 24: actions/checkout@v4, actions/setup-node@v4, actions/upload-artifact@v4. For more information see: https://github.blog/changelog/2025-09-19-deprecation-of-node-20-on-github-actions-runners/
