{"suite":"same-meld-knock-boundaries","controls":120}
✖ Strong takes the strictly better same-meld knock in all editions, profiles, rosters and suits (6.492956ms)
✖ the same public decision dominates against 1000 hidden defenders with independent joint layoff scoring (1.929103ms)
✔ ordinary-knock priority retains immediate-return, Gin, no-knock and unavailable-player boundaries (29.373627ms)
ℹ tests 3
ℹ suites 0
ℹ pass 1
ℹ fail 2
ℹ cancelled 0
ℹ skipped 0
ℹ todo 0
ℹ duration_ms 197.317168

✖ failing tests:

test at tests/knock-layout-priority.test.mjs:27:1
✖ Strong takes the strictly better same-meld knock in all editions, profiles, rosters and suits (6.492956ms)
  AssertionError [ERR_ASSERTION]: Expected values to be strictly deep-equal:
  + actual - expected
  
    {
  +   card: 13,
  -   card: 40,
      knock: true,
      type: 'discard'
    }
  
      at TestContext.<anonymous> (file:///workspace/game-cores-G02-audit-source-20261009/jobs/G02-gin-rummy/tests/knock-layout-priority.test.mjs:32:10)
      at Test.runInAsyncScope (node:async_hooks:227:14)
      at Test.run (node:internal/test_runner/test:1382:25)
      at Test.start (node:internal/test_runner/test:1242:17)
      at startSubtestAfterBootstrap (node:internal/test_runner/harness:387:17) {
    generatedMessage: true,
    code: 'ERR_ASSERTION',
    actual: { type: 'discard', card: 13, knock: true },
    expected: { type: 'discard', card: 40, knock: true },
    operator: 'deepStrictEqual',
    diff: 'simple'
  }

test at tests/knock-layout-priority.test.mjs:44:1
✖ the same public decision dominates against 1000 hidden defenders with independent joint layoff scoring (1.929103ms)
  AssertionError [ERR_ASSERTION]: Expected values to be strictly deep-equal:
  + actual - expected
  
    {
  +   card: 13,
  -   card: 40,
      knock: true,
      type: 'discard'
    }
  
      at TestContext.<anonymous> (file:///workspace/game-cores-G02-audit-source-20261009/jobs/G02-gin-rummy/tests/knock-layout-priority.test.mjs:50:68)
      at Test.runInAsyncScope (node:async_hooks:227:14)
      at Test.run (node:internal/test_runner/test:1382:25)
      at Test.processPendingSubtests (node:internal/test_runner/test:960:18)
      at Test.postRun (node:internal/test_runner/test:1522:19)
      at Test.run (node:internal/test_runner/test:1447:12)
      at async startSubtestAfterBootstrap (node:internal/test_runner/harness:387:3) {
    generatedMessage: true,
    code: 'ERR_ASSERTION',
    actual: { type: 'discard', card: 13, knock: true },
    expected: { type: 'discard', card: 40, knock: true },
    operator: 'deepStrictEqual',
    diff: 'simple'
  }
