{"suite":"public-discard-closed-meld-knock-boundaries","controls":168}
✖ Strong excludes publicly discarded cards from finishing layoff targets in every setting and suit (10.754648ms)
✖ 1000 identical public views keep the same safe choice and independent joint-defense score (3.288156ms)
✔ public discard closure preserves hidden-card uncertainty, forbidden returns, no-knock and Gin boundaries (132.468694ms)
ℹ tests 3
ℹ suites 0
ℹ pass 1
ℹ fail 2
ℹ cancelled 0
ℹ skipped 0
ℹ todo 0
ℹ duration_ms 369.573153

✖ failing tests:

test at tests/public-discard-knock-priority.test.mjs:34:1
✖ Strong excludes publicly discarded cards from finishing layoff targets in every setting and suit (10.754648ms)
  AssertionError [ERR_ASSERTION]: Expected values to be strictly deep-equal:
  + actual - expected
  
    {
  +   card: 0,
  -   card: 14,
      knock: true,
      type: 'discard'
    }
  
      at TestContext.<anonymous> (file:///tmp/G02-source-93f0f58-20261009/jobs/G02-gin-rummy/tests/public-discard-knock-priority.test.mjs:39:10)
      at Test.runInAsyncScope (node:async_hooks:227:14)
      at Test.run (node:internal/test_runner/test:1382:25)
      at Test.start (node:internal/test_runner/test:1242:17)
      at startSubtestAfterBootstrap (node:internal/test_runner/harness:387:17) {
    generatedMessage: true,
    code: 'ERR_ASSERTION',
    actual: { type: 'discard', card: 0, knock: true },
    expected: { type: 'discard', card: 14, knock: true },
    operator: 'deepStrictEqual',
    diff: 'simple'
  }

test at tests/public-discard-knock-priority.test.mjs:52:1
✖ 1000 identical public views keep the same safe choice and independent joint-defense score (3.288156ms)
  AssertionError [ERR_ASSERTION]: Expected values to be strictly deep-equal:
  + actual - expected
  
    {
  +   card: 0,
  -   card: 14,
      knock: true,
      type: 'discard'
    }
  
      at TestContext.<anonymous> (file:///tmp/G02-source-93f0f58-20261009/jobs/G02-gin-rummy/tests/public-discard-knock-priority.test.mjs:58:80)
      at Test.runInAsyncScope (node:async_hooks:227:14)
      at Test.run (node:internal/test_runner/test:1382:25)
      at Test.processPendingSubtests (node:internal/test_runner/test:960:18)
      at Test.postRun (node:internal/test_runner/test:1522:19)
      at Test.run (node:internal/test_runner/test:1447:12)
      at async startSubtestAfterBootstrap (node:internal/test_runner/harness:387:3) {
    generatedMessage: true,
    code: 'ERR_ASSERTION',
    actual: { type: 'discard', card: 0, knock: true },
    expected: { type: 'discard', card: 14, knock: true },
    operator: 'deepStrictEqual',
    diff: 'simple'
  }
