2026-10-09T07:50:39.2945331Z Current runner version: '2.337.0'
2026-10-09T07:50:39.2970749Z ##[group]Runner Image Provisioner
2026-10-09T07:50:39.2971712Z Hosted Compute Agent
2026-10-09T07:50:39.2972352Z Version: 20261002.596
2026-10-09T07:50:39.2972974Z Commit: c3d12f3313a95f25162a1503be624f3b0617f8c0
2026-10-09T07:50:39.2973760Z Build Date: 2026-10-02T22:28:27Z
2026-10-09T07:50:39.2974479Z Worker ID: {9c7d053e-f832-4359-9d02-3b27b0b94c39}
2026-10-09T07:50:39.2975179Z Region: westus
2026-10-09T07:50:39.2975826Z Cloud: Azure
2026-10-09T07:50:39.2976360Z ##[endgroup]
2026-10-09T07:50:39.2977847Z ##[group]Operating System
2026-10-09T07:50:39.2978533Z Ubuntu
2026-10-09T07:50:39.2979033Z 24.04.5
2026-10-09T07:50:39.2979831Z LTS
2026-10-09T07:50:39.2980422Z ##[endgroup]
2026-10-09T07:50:39.2981304Z ##[group]Runner Image
2026-10-09T07:50:39.2981966Z Image: ubuntu-24.04
2026-10-09T07:50:39.2982563Z Version: 20261004.327.1
2026-10-09T07:50:39.2983905Z Included Software: https://github.com/actions/runner-images/blob/ubuntu24/20261004.327/images/ubuntu/Ubuntu2404-Readme.md
2026-10-09T07:50:39.2985517Z Image Release: https://github.com/actions/runner-images/releases/tag/ubuntu24%2F20261004.327
2026-10-09T07:50:39.2986517Z ##[endgroup]
2026-10-09T07:50:39.2987651Z ##[group]GITHUB_TOKEN Permissions
2026-10-09T07:50:39.2990121Z Contents: read
2026-10-09T07:50:39.2990748Z Metadata: read
2026-10-09T07:50:39.2991414Z ##[endgroup]
2026-10-09T07:50:39.2993549Z Secret source: Actions
2026-10-09T07:50:39.2994694Z Cache mode: write
2026-10-09T07:50:39.2995413Z Prepare workflow directory
2026-10-09T07:50:39.3418228Z Prepare all required actions
2026-10-09T07:50:39.3469630Z Getting action download info
2026-10-09T07:50:39.7121565Z Download action repository 'actions/checkout@v4' (SHA:11d5960a326750d5838078e36cf38b85af677262)
2026-10-09T07:50:39.8151359Z Download action repository 'actions/setup-node@v4' (SHA:49933ea5288caeca8642d1e84afbd3f7d6820020)
2026-10-09T07:50:39.9101364Z Download action repository 'actions/upload-artifact@v4' (SHA:ea165f8d65b6e75b540449e92b4886f43607fa02)
2026-10-09T07:50:40.1143340Z Complete job name: verify
2026-10-09T07:50:40.1939105Z ##[group]Run actions/checkout@v4
2026-10-09T07:50:40.1940254Z with:
2026-10-09T07:50:40.1940736Z   repository: luisitin/partybox-game-cores
2026-10-09T07:50:40.1944470Z   token: ***
2026-10-09T07:50:40.1944918Z   ssh-strict: true
2026-10-09T07:50:40.1945364Z   ssh-user: git
2026-10-09T07:50:40.1945816Z   persist-credentials: true
2026-10-09T07:50:40.1946311Z   clean: true
2026-10-09T07:50:40.1946760Z   sparse-checkout-cone-mode: true
2026-10-09T07:50:40.1947290Z   fetch-depth: 1
2026-10-09T07:50:40.1947720Z   fetch-tags: false
2026-10-09T07:50:40.1948180Z   show-progress: true
2026-10-09T07:50:40.1948631Z   lfs: false
2026-10-09T07:50:40.1949042Z   submodules: false
2026-10-09T07:50:40.1949653Z   set-safe-directory: true
2026-10-09T07:50:40.1950183Z   allow-unsafe-pr-checkout: false
2026-10-09T07:50:40.1950964Z ##[endgroup]
2026-10-09T07:50:40.3017902Z Syncing repository: luisitin/partybox-game-cores
2026-10-09T07:50:40.3021054Z ##[group]Getting Git version info
2026-10-09T07:50:40.3022692Z Working directory is '/home/runner/work/partybox-game-cores/partybox-game-cores'
2026-10-09T07:50:40.3024672Z [command]/usr/bin/git version
2026-10-09T07:50:40.3096832Z git version 2.55.0
2026-10-09T07:50:40.3121123Z ##[endgroup]
2026-10-09T07:50:40.3137431Z Temporarily overriding HOME='/home/runner/work/_temp/3dae4e02-a0af-4f02-bc36-669349ef7add' before making global git config changes
2026-10-09T07:50:40.3140068Z Adding repository directory to the temporary git global config as a safe directory
2026-10-09T07:50:40.3145302Z [command]/usr/bin/git config --global --add safe.directory /home/runner/work/partybox-game-cores/partybox-game-cores
2026-10-09T07:50:40.3206239Z Deleting the contents of '/home/runner/work/partybox-game-cores/partybox-game-cores'
2026-10-09T07:50:40.3211637Z ##[group]Initializing the repository
2026-10-09T07:50:40.3216516Z [command]/usr/bin/git init /home/runner/work/partybox-game-cores/partybox-game-cores
2026-10-09T07:50:40.3336003Z hint: Using 'master' as the name for the initial branch. This default branch name
2026-10-09T07:50:40.3338096Z hint: will change to "main" in Git 3.0. To configure the initial branch name
2026-10-09T07:50:40.3340201Z hint: to use in all of your new repositories, which will suppress this warning,
2026-10-09T07:50:40.3341654Z hint: call:
2026-10-09T07:50:40.3342675Z hint:
2026-10-09T07:50:40.3343646Z hint: 	git config --global init.defaultBranch <name>
2026-10-09T07:50:40.3344663Z hint:
2026-10-09T07:50:40.3345879Z hint: Names commonly chosen instead of 'master' are 'main', 'trunk' and
2026-10-09T07:50:40.3347081Z hint: 'development'. The just-created branch can be renamed via this command:
2026-10-09T07:50:40.3347849Z hint:
2026-10-09T07:50:40.3348286Z hint: 	git branch -m <name>
2026-10-09T07:50:40.3348773Z hint:
2026-10-09T07:50:40.3349774Z hint: Disable this message with "git config set advice.defaultBranchName false"
2026-10-09T07:50:40.3350991Z Initialized empty Git repository in /home/runner/work/partybox-game-cores/partybox-game-cores/.git/
2026-10-09T07:50:40.3353689Z [command]/usr/bin/git remote add origin https://github.com/luisitin/partybox-game-cores
2026-10-09T07:50:40.3413444Z ##[endgroup]
2026-10-09T07:50:40.3414789Z ##[group]Disabling automatic garbage collection
2026-10-09T07:50:40.3417937Z [command]/usr/bin/git config --local gc.auto 0
2026-10-09T07:50:40.3458862Z ##[endgroup]
2026-10-09T07:50:40.3461079Z ##[group]Setting up auth
2026-10-09T07:50:40.3467935Z [command]/usr/bin/git config --local --name-only --get-regexp core\.sshCommand
2026-10-09T07:50:40.3505103Z [command]/usr/bin/git submodule foreach --recursive sh -c "git config --local --name-only --get-regexp 'core\.sshCommand' && git config --local --unset-all 'core.sshCommand' || :"
2026-10-09T07:50:40.4018331Z [command]/usr/bin/git config --local --name-only --get-regexp http\.https\:\/\/github\.com\/\.extraheader
2026-10-09T07:50:40.4082105Z [command]/usr/bin/git submodule foreach --recursive sh -c "git config --local --name-only --get-regexp 'http\.https\:\/\/github\.com\/\.extraheader' && git config --local --unset-all 'http.https://github.com/.extraheader' || :"
2026-10-09T07:50:40.4335755Z [command]/usr/bin/git config --local --name-only --get-regexp ^includeIf\.gitdir:
2026-10-09T07:50:40.4374488Z [command]/usr/bin/git submodule foreach --recursive git config --local --show-origin --name-only --get-regexp remote.origin.url
2026-10-09T07:50:40.4603451Z [command]/usr/bin/git config --local http.https://github.com/.extraheader AUTHORIZATION: basic ***
2026-10-09T07:50:40.4645277Z ##[endgroup]
2026-10-09T07:50:40.4646134Z ##[group]Fetching the repository
2026-10-09T07:50:40.4655165Z [command]/usr/bin/git -c protocol.version=2 fetch --no-tags --prune --no-recurse-submodules --depth=1 origin +3d20bc0f089cda8babf30a41019cd57bae36e5c2:refs/remotes/pull/12/merge
2026-10-09T07:50:44.5808202Z From https://github.com/luisitin/partybox-game-cores
2026-10-09T07:50:44.5810502Z  * [new ref]         3d20bc0f089cda8babf30a41019cd57bae36e5c2 -> pull/12/merge
2026-10-09T07:50:44.5815038Z ##[endgroup]
2026-10-09T07:50:44.5817022Z ##[group]Determining the checkout info
2026-10-09T07:50:44.5819688Z ##[endgroup]
2026-10-09T07:50:44.5824504Z [command]/usr/bin/git sparse-checkout disable
2026-10-09T07:50:44.5883421Z [command]/usr/bin/git config --local --unset-all extensions.worktreeConfig
2026-10-09T07:50:44.5918689Z ##[group]Checking out the ref
2026-10-09T07:50:44.5924330Z [command]/usr/bin/git checkout --progress --force refs/remotes/pull/12/merge
2026-10-09T07:50:44.8740506Z Note: switching to 'refs/remotes/pull/12/merge'.
2026-10-09T07:50:44.8741221Z 
2026-10-09T07:50:44.8741699Z You are in 'detached HEAD' state. You can look around, make experimental
2026-10-09T07:50:44.8742739Z changes and commit them, and you can discard any commits you make in this
2026-10-09T07:50:44.8743824Z state without impacting any branches by switching back to a branch.
2026-10-09T07:50:44.8744465Z 
2026-10-09T07:50:44.8744946Z If you want to create a new branch to retain commits you create, you may
2026-10-09T07:50:44.8746313Z do so (now or later) by using -c with the switch command. Example:
2026-10-09T07:50:44.8746869Z 
2026-10-09T07:50:44.8747138Z   git switch -c <new-branch-name>
2026-10-09T07:50:44.8747530Z 
2026-10-09T07:50:44.8747812Z Or undo this operation with:
2026-10-09T07:50:44.8748179Z 
2026-10-09T07:50:44.8748396Z   git switch -
2026-10-09T07:50:44.8748798Z 
2026-10-09T07:50:44.8749258Z Turn off this advice by setting config variable advice.detachedHead to false
2026-10-09T07:50:44.8750152Z 
2026-10-09T07:50:44.8750896Z HEAD is now at 3d20bc0 Merge 1478a93e36f9f6ddf88aad246083ab0c8e059cf4 into d5fbb39746f8f7900bee57506e8133e8675f48ed
2026-10-09T07:50:44.8758644Z ##[endgroup]
2026-10-09T07:50:44.8807814Z [command]/usr/bin/git log -1 --format=%H
2026-10-09T07:50:44.8835329Z 3d20bc0f089cda8babf30a41019cd57bae36e5c2
2026-10-09T07:50:44.9188816Z ##[group]Run actions/setup-node@v4
2026-10-09T07:50:44.9189258Z with:
2026-10-09T07:50:44.9189913Z   node-version: 22.16.0
2026-10-09T07:50:44.9190262Z   cache: npm
2026-10-09T07:50:44.9190660Z   cache-dependency-path: jobs/G02-gin-rummy/package-lock.json
2026-10-09T07:50:44.9191136Z   always-auth: false
2026-10-09T07:50:44.9191453Z   check-latest: false
2026-10-09T07:50:44.9194350Z   token: ***
2026-10-09T07:50:44.9194656Z ##[endgroup]
2026-10-09T07:50:45.0598976Z Attempting to download 22.16.0...
2026-10-09T07:50:45.0708975Z (node:2280) [DEP0040] DeprecationWarning: The `punycode` module is deprecated. Please use a userland alternative instead.
2026-10-09T07:50:45.0711002Z (Use `node --trace-deprecation ...` to show where the warning was created)
2026-10-09T07:50:45.7008032Z Acquiring 22.16.0 - x64 from https://github.com/actions/node-versions/releases/download/22.16.0-15177438473/node-22.16.0-linux-x64.tar.gz
2026-10-09T07:50:46.1958973Z Extracting ...
2026-10-09T07:50:46.2091159Z [command]/usr/bin/tar xz --strip 1 --warning=no-unknown-keyword --overwrite -C /home/runner/work/_temp/68a1d6ca-cb07-4299-8aaf-9c40cd36b11a -f /home/runner/work/_temp/3d974fbb-9f9d-450d-aab4-72132b0de90e
2026-10-09T07:50:47.3707929Z Adding to the cache ...
2026-10-09T07:50:49.8291179Z ##[group]Environment details
2026-10-09T07:50:50.0658443Z node: v22.16.0
2026-10-09T07:50:50.0658919Z npm: 10.9.2
2026-10-09T07:50:50.0659277Z yarn: 1.22.22
2026-10-09T07:50:50.0660869Z ##[endgroup]
2026-10-09T07:50:50.0681125Z [command]/opt/hostedtoolcache/node/22.16.0/x64/bin/npm config get cache
2026-10-09T07:50:50.1619795Z /home/runner/.npm
2026-10-09T07:50:50.4226097Z Cache hit for: node-cache-Linux-x64-npm-d48b0073b1be2df746cbb2cab1dca64dc5674a863aed54a4ee7f428aad681317
2026-10-09T07:50:50.4353979Z (node:2280) [DEP0169] DeprecationWarning: `url.parse()` behavior is not standardized and prone to errors that have security implications. Use the WHATWG URL API instead. CVEs are not issued for `url.parse()` vulnerabilities.
2026-10-09T07:50:51.7081466Z Received 93661 of 12676573 (0.7%), 0.1 MBs/sec
2026-10-09T07:50:51.9130217Z Received 12676573 of 12676573 (100.0%), 10.0 MBs/sec
2026-10-09T07:50:51.9131029Z Cache Size: ~12 MB (12676573 B)
2026-10-09T07:50:51.9161306Z [command]/usr/bin/tar -xf /home/runner/work/_temp/7e72b239-958c-450e-8882-cee6980d7255/cache.tzst -P -C /home/runner/work/partybox-game-cores/partybox-game-cores --use-compress-program unzstd
2026-10-09T07:50:51.9395839Z Cache restored successfully
2026-10-09T07:50:51.9407210Z Cache restored from key: node-cache-Linux-x64-npm-d48b0073b1be2df746cbb2cab1dca64dc5674a863aed54a4ee7f428aad681317
2026-10-09T07:50:51.9605891Z ##[group]Run npm ci --ignore-scripts --no-audit --no-fund
2026-10-09T07:50:51.9606401Z [36;1mnpm ci --ignore-scripts --no-audit --no-fund[0m
2026-10-09T07:50:51.9889282Z shell: /usr/bin/bash -e {0}
2026-10-09T07:50:51.9890053Z ##[endgroup]
2026-10-09T07:50:53.0258349Z 
2026-10-09T07:50:53.0265363Z added 6 packages in 975ms
2026-10-09T07:50:53.0788007Z ##[group]Run npx playwright install --with-deps chromium
2026-10-09T07:50:53.0788783Z [36;1mnpx playwright install --with-deps chromium[0m
2026-10-09T07:50:53.0876855Z shell: /usr/bin/bash -e {0}
2026-10-09T07:50:53.0877136Z ##[endgroup]
2026-10-09T07:50:53.9603512Z Installing dependencies...
2026-10-09T07:50:53.9665168Z Switching to root user to install dependencies...
2026-10-09T07:50:54.0523697Z Get:1 file:/etc/apt/apt-mirrors.txt Mirrorlist [144 B]
2026-10-09T07:50:54.0741402Z Get:6 https://packages.microsoft.com/ubuntu/24.04/prod noble InRelease [3600 B]
2026-10-09T07:50:54.0851147Z Hit:2 http://azure.archive.ubuntu.com/ubuntu noble InRelease
2026-10-09T07:50:54.0872810Z Get:3 http://azure.archive.ubuntu.com/ubuntu noble-updates InRelease [126 kB]
2026-10-09T07:50:54.0886744Z Get:4 http://azure.archive.ubuntu.com/ubuntu noble-backports InRelease [126 kB]
2026-10-09T07:50:54.0922117Z Get:5 http://azure.archive.ubuntu.com/ubuntu noble-security InRelease [126 kB]
2026-10-09T07:50:54.1648521Z Get:7 https://packages.microsoft.com/ubuntu/24.04/prod noble/main arm64 Packages [475 kB]
2026-10-09T07:50:54.1816469Z Get:8 https://packages.microsoft.com/ubuntu/24.04/prod noble/main all Packages [640 B]
2026-10-09T07:50:54.1879269Z Get:9 https://packages.microsoft.com/ubuntu/24.04/prod noble/main amd64 Packages [531 kB]
2026-10-09T07:50:54.1930115Z Get:10 https://packages.microsoft.com/ubuntu/24.04/prod noble/main armhf Packages [12.3 kB]
2026-10-09T07:50:54.2787032Z Get:11 http://azure.archive.ubuntu.com/ubuntu noble-updates/main amd64 Packages [1375 kB]
2026-10-09T07:50:54.2871118Z Get:12 http://azure.archive.ubuntu.com/ubuntu noble-updates/main Translation-en [306 kB]
2026-10-09T07:50:54.2901015Z Get:13 http://azure.archive.ubuntu.com/ubuntu noble-updates/universe amd64 Packages [1702 kB]
2026-10-09T07:50:54.3055244Z Get:14 http://azure.archive.ubuntu.com/ubuntu noble-updates/universe Translation-en [342 kB]
2026-10-09T07:50:54.3090989Z Get:15 http://azure.archive.ubuntu.com/ubuntu noble-updates/restricted amd64 Packages [1761 kB]
2026-10-09T07:50:54.3146789Z Get:16 http://azure.archive.ubuntu.com/ubuntu noble-updates/restricted Translation-en [401 kB]
2026-10-09T07:50:54.3201936Z Get:17 http://azure.archive.ubuntu.com/ubuntu noble-updates/multiverse amd64 Packages [55.0 kB]
2026-10-09T07:50:54.3207414Z Get:18 http://azure.archive.ubuntu.com/ubuntu noble-updates/multiverse Translation-en [14.3 kB]
2026-10-09T07:50:54.4328065Z Get:19 http://azure.archive.ubuntu.com/ubuntu noble-security/main amd64 Packages [1118 kB]
2026-10-09T07:50:54.4411047Z Get:20 http://azure.archive.ubuntu.com/ubuntu noble-security/main Translation-en [228 kB]
2026-10-09T07:50:54.4840487Z Get:21 http://azure.archive.ubuntu.com/ubuntu noble-security/universe amd64 Packages [1220 kB]
2026-10-09T07:50:54.4911133Z Get:22 http://azure.archive.ubuntu.com/ubuntu noble-security/universe Translation-en [245 kB]
2026-10-09T07:50:54.4921873Z Get:23 http://azure.archive.ubuntu.com/ubuntu noble-security/restricted amd64 Packages [1667 kB]
2026-10-09T07:50:54.5013054Z Get:24 http://azure.archive.ubuntu.com/ubuntu noble-security/restricted Translation-en [383 kB]
2026-10-09T07:50:54.5034889Z Get:25 http://azure.archive.ubuntu.com/ubuntu noble-security/multiverse amd64 Packages [49.8 kB]
2026-10-09T07:50:54.5043031Z Get:26 http://azure.archive.ubuntu.com/ubuntu noble-security/multiverse Translation-en [12.4 kB]
2026-10-09T07:50:57.7417373Z Fetched 12.3 MB in 1s (9551 kB/s)
2026-10-09T07:50:58.6590178Z Reading package lists...
2026-10-09T07:50:58.6831349Z Reading package lists...
2026-10-09T07:50:58.8993854Z Building dependency tree...
2026-10-09T07:50:58.9001644Z Reading state information...
2026-10-09T07:50:59.0549137Z libasound2t64 is already the newest version (1.2.11-1ubuntu0.3).
2026-10-09T07:50:59.0550002Z libasound2t64 set to manually installed.
2026-10-09T07:50:59.0550570Z libatk-bridge2.0-0t64 is already the newest version (2.52.0-1build1).
2026-10-09T07:50:59.0551121Z libatk-bridge2.0-0t64 set to manually installed.
2026-10-09T07:50:59.0552248Z libatk1.0-0t64 is already the newest version (2.52.0-1build1).
2026-10-09T07:50:59.0552753Z libatk1.0-0t64 set to manually installed.
2026-10-09T07:50:59.0553926Z libatspi2.0-0t64 is already the newest version (2.52.0-1build1).
2026-10-09T07:50:59.0554754Z libatspi2.0-0t64 set to manually installed.
2026-10-09T07:50:59.0555482Z libcairo2 is already the newest version (1.18.0-3build1).
2026-10-09T07:50:59.0555929Z libcairo2 set to manually installed.
2026-10-09T07:50:59.0556410Z libcups2t64 is already the newest version (2.4.7-1.2ubuntu7.14).
2026-10-09T07:50:59.0556887Z libcups2t64 set to manually installed.
2026-10-09T07:50:59.0557546Z libdbus-1-3 is already the newest version (1.14.10-4ubuntu4.1).
2026-10-09T07:50:59.0558008Z libdbus-1-3 set to manually installed.
2026-10-09T07:50:59.0558499Z libdrm2 is already the newest version (2.4.125-1ubuntu0.1~24.04.2).
2026-10-09T07:50:59.0558967Z libdrm2 set to manually installed.
2026-10-09T07:50:59.0559678Z libgbm1 is already the newest version (25.2.8-0ubuntu0.24.04.4).
2026-10-09T07:50:59.0560148Z libgbm1 set to manually installed.
2026-10-09T07:50:59.0560728Z libglib2.0-0t64 is already the newest version (2.80.0-6ubuntu3.9).
2026-10-09T07:50:59.0561224Z libglib2.0-0t64 set to manually installed.
2026-10-09T07:50:59.0561703Z libnspr4 is already the newest version (2:4.35-1.1build1).
2026-10-09T07:50:59.0562144Z libnspr4 set to manually installed.
2026-10-09T07:50:59.0562589Z libnss3 is already the newest version (2:3.98-1ubuntu0.2).
2026-10-09T07:50:59.0563110Z libnss3 set to manually installed.
2026-10-09T07:50:59.0563680Z libpango-1.0-0 is already the newest version (1.52.1+ds-1build1).
2026-10-09T07:50:59.0564159Z libpango-1.0-0 set to manually installed.
2026-10-09T07:50:59.0564671Z libx11-6 is already the newest version (2:1.8.7-1build1).
2026-10-09T07:50:59.0565107Z libx11-6 set to manually installed.
2026-10-09T07:50:59.0565529Z libxcb1 is already the newest version (1.15-1ubuntu2).
2026-10-09T07:50:59.0565947Z libxcb1 set to manually installed.
2026-10-09T07:50:59.0566425Z libxcomposite1 is already the newest version (1:0.4.5-1build3).
2026-10-09T07:50:59.0566905Z libxcomposite1 set to manually installed.
2026-10-09T07:50:59.0567392Z libxdamage1 is already the newest version (1:1.1.6-1build1).
2026-10-09T07:50:59.0567812Z libxdamage1 set to manually installed.
2026-10-09T07:50:59.0568221Z libxext6 is already the newest version (2:1.3.4-1build2).
2026-10-09T07:50:59.0568697Z libxext6 set to manually installed.
2026-10-09T07:50:59.0569101Z libxfixes3 is already the newest version (1:6.0.0-2build1).
2026-10-09T07:50:59.0569771Z libxfixes3 set to manually installed.
2026-10-09T07:50:59.0570191Z libxkbcommon0 is already the newest version (1.6.0-1build1).
2026-10-09T07:50:59.0570599Z libxkbcommon0 set to manually installed.
2026-10-09T07:50:59.0571025Z libxrandr2 is already the newest version (2:1.5.2-2build1).
2026-10-09T07:50:59.0571411Z libxrandr2 set to manually installed.
2026-10-09T07:50:59.0571837Z xvfb is already the newest version (2:21.1.12-1ubuntu1.8).
2026-10-09T07:50:59.0572386Z fonts-noto-color-emoji is already the newest version (2.047-0ubuntu0.24.04.1).
2026-10-09T07:50:59.0573081Z libfontconfig1 is already the newest version (2.15.0-1.1ubuntu2).
2026-10-09T07:50:59.0573524Z libfontconfig1 set to manually installed.
2026-10-09T07:50:59.0573945Z fonts-liberation is already the newest version (1:2.1.5-3).
2026-10-09T07:50:59.0574355Z fonts-liberation set to manually installed.
2026-10-09T07:50:59.0574771Z The following additional packages will be installed:
2026-10-09T07:50:59.0575133Z   xfonts-encodings xfonts-utils
2026-10-09T07:50:59.0575414Z Recommended packages:
2026-10-09T07:50:59.0575702Z   fonts-ipafont-mincho fonts-tlwg-loma
2026-10-09T07:50:59.0790886Z The following NEW packages will be installed:
2026-10-09T07:50:59.0791739Z   fonts-freefont-ttf fonts-ipafont-gothic fonts-tlwg-loma-otf fonts-unifont
2026-10-09T07:50:59.0799202Z   fonts-wqy-zenhei xfonts-cyrillic xfonts-encodings xfonts-scalable
2026-10-09T07:50:59.0800460Z   xfonts-utils
2026-10-09T07:50:59.0805627Z The following packages will be upgraded:
2026-10-09T07:50:59.0810969Z   libfreetype6
2026-10-09T07:50:59.0990106Z 1 upgraded, 9 newly installed, 0 to remove and 22 not upgraded.
2026-10-09T07:50:59.0991328Z Need to get 21.5 MB of archives.
2026-10-09T07:50:59.0992222Z After this operation, 79.5 MB of additional disk space will be used.
2026-10-09T07:50:59.0993205Z Get:1 file:/etc/apt/apt-mirrors.txt Mirrorlist [144 B]
2026-10-09T07:50:59.2517112Z Get:2 http://azure.archive.ubuntu.com/ubuntu noble/universe amd64 fonts-ipafont-gothic all 00303-21ubuntu1 [3513 kB]
2026-10-09T07:50:59.5424871Z Get:3 http://azure.archive.ubuntu.com/ubuntu noble/main amd64 fonts-freefont-ttf all 20211204+svn4273-2 [5641 kB]
2026-10-09T07:50:59.9271462Z Get:4 http://azure.archive.ubuntu.com/ubuntu noble/universe amd64 fonts-tlwg-loma-otf all 1:0.7.3-1 [107 kB]
2026-10-09T07:51:00.0681540Z Get:5 http://azure.archive.ubuntu.com/ubuntu noble/universe amd64 fonts-unifont all 1:15.1.01-1build1 [2993 kB]
2026-10-09T07:51:00.3364092Z Get:6 http://azure.archive.ubuntu.com/ubuntu noble/universe amd64 fonts-wqy-zenhei all 0.9.45-8 [7472 kB]
2026-10-09T07:51:00.8007882Z Get:7 http://azure.archive.ubuntu.com/ubuntu noble-updates/main amd64 libfreetype6 amd64 2.13.2+dfsg-1ubuntu0.2 [403 kB]
2026-10-09T07:51:00.9548881Z Get:8 http://azure.archive.ubuntu.com/ubuntu noble/main amd64 xfonts-encodings all 1:1.0.5-0ubuntu2 [578 kB]
2026-10-09T07:51:01.1171570Z Get:9 http://azure.archive.ubuntu.com/ubuntu noble/main amd64 xfonts-utils amd64 1:7.7+6build3 [94.4 kB]
2026-10-09T07:51:01.2581475Z Get:10 http://azure.archive.ubuntu.com/ubuntu noble/universe amd64 xfonts-cyrillic all 1:1.0.5+nmu1 [384 kB]
2026-10-09T07:51:01.4147465Z Get:11 http://azure.archive.ubuntu.com/ubuntu noble/main amd64 xfonts-scalable all 1:1.0.3-1.3 [304 kB]
2026-10-09T07:51:01.6773512Z Fetched 21.5 MB in 2s (9220 kB/s)
2026-10-09T07:51:01.7012865Z Selecting previously unselected package fonts-ipafont-gothic.
2026-10-09T07:51:01.7288148Z (Reading database ... 
2026-10-09T07:51:01.7288521Z (Reading database ... 5%
2026-10-09T07:51:01.7289127Z (Reading database ... 10%
2026-10-09T07:51:01.7289749Z (Reading database ... 15%
2026-10-09T07:51:01.7290267Z (Reading database ... 20%
2026-10-09T07:51:01.7290707Z (Reading database ... 25%
2026-10-09T07:51:01.7291084Z (Reading database ... 30%
2026-10-09T07:51:01.7291337Z (Reading database ... 35%
2026-10-09T07:51:01.7291579Z (Reading database ... 40%
2026-10-09T07:51:01.7291821Z (Reading database ... 45%
2026-10-09T07:51:01.7292066Z (Reading database ... 50%
2026-10-09T07:51:01.7334084Z (Reading database ... 55%
2026-10-09T07:51:01.8125597Z (Reading database ... 60%
2026-10-09T07:51:02.0569988Z (Reading database ... 65%
2026-10-09T07:51:02.2226074Z (Reading database ... 70%
2026-10-09T07:51:02.4247361Z (Reading database ... 75%
2026-10-09T07:51:02.5717469Z (Reading database ... 80%
2026-10-09T07:51:02.7711283Z (Reading database ... 85%
2026-10-09T07:51:02.9651513Z (Reading database ... 90%
2026-10-09T07:51:03.1585928Z (Reading database ... 95%
2026-10-09T07:51:03.1586497Z (Reading database ... 100%
2026-10-09T07:51:03.1587068Z (Reading database ... 203191 files and directories currently installed.)
2026-10-09T07:51:03.1630303Z Preparing to unpack .../0-fonts-ipafont-gothic_00303-21ubuntu1_all.deb ...
2026-10-09T07:51:03.1726911Z Unpacking fonts-ipafont-gothic (00303-21ubuntu1) ...
2026-10-09T07:51:03.4045819Z Selecting previously unselected package fonts-freefont-ttf.
2026-10-09T07:51:03.4173074Z Preparing to unpack .../1-fonts-freefont-ttf_20211204+svn4273-2_all.deb ...
2026-10-09T07:51:03.4180576Z Unpacking fonts-freefont-ttf (20211204+svn4273-2) ...
2026-10-09T07:51:03.5014023Z Selecting previously unselected package fonts-tlwg-loma-otf.
2026-10-09T07:51:03.5140296Z Preparing to unpack .../2-fonts-tlwg-loma-otf_1%3a0.7.3-1_all.deb ...
2026-10-09T07:51:03.5146407Z Unpacking fonts-tlwg-loma-otf (1:0.7.3-1) ...
2026-10-09T07:51:03.5347139Z Selecting previously unselected package fonts-unifont.
2026-10-09T07:51:03.5471454Z Preparing to unpack .../3-fonts-unifont_1%3a15.1.01-1build1_all.deb ...
2026-10-09T07:51:03.5477835Z Unpacking fonts-unifont (1:15.1.01-1build1) ...
2026-10-09T07:51:03.6502389Z Selecting previously unselected package fonts-wqy-zenhei.
2026-10-09T07:51:03.6627786Z Preparing to unpack .../4-fonts-wqy-zenhei_0.9.45-8_all.deb ...
2026-10-09T07:51:03.6752547Z Unpacking fonts-wqy-zenhei (0.9.45-8) ...
2026-10-09T07:51:04.1546842Z Preparing to unpack .../5-libfreetype6_2.13.2+dfsg-1ubuntu0.2_amd64.deb ...
2026-10-09T07:51:04.1577561Z Unpacking libfreetype6:amd64 (2.13.2+dfsg-1ubuntu0.2) over (2.13.2+dfsg-1ubuntu0.1) ...
2026-10-09T07:51:04.1840493Z Selecting previously unselected package xfonts-encodings.
2026-10-09T07:51:04.1969990Z Preparing to unpack .../6-xfonts-encodings_1%3a1.0.5-0ubuntu2_all.deb ...
2026-10-09T07:51:04.1977628Z Unpacking xfonts-encodings (1:1.0.5-0ubuntu2) ...
2026-10-09T07:51:04.2283521Z Selecting previously unselected package xfonts-utils.
2026-10-09T07:51:04.2411730Z Preparing to unpack .../7-xfonts-utils_1%3a7.7+6build3_amd64.deb ...
2026-10-09T07:51:04.2418821Z Unpacking xfonts-utils (1:7.7+6build3) ...
2026-10-09T07:51:04.2781768Z Selecting previously unselected package xfonts-cyrillic.
2026-10-09T07:51:04.2911868Z Preparing to unpack .../8-xfonts-cyrillic_1%3a1.0.5+nmu1_all.deb ...
2026-10-09T07:51:04.2920258Z Unpacking xfonts-cyrillic (1:1.0.5+nmu1) ...
2026-10-09T07:51:04.3283103Z Selecting previously unselected package xfonts-scalable.
2026-10-09T07:51:04.3414398Z Preparing to unpack .../9-xfonts-scalable_1%3a1.0.3-1.3_all.deb ...
2026-10-09T07:51:04.3422479Z Unpacking xfonts-scalable (1:1.0.3-1.3) ...
2026-10-09T07:51:04.3875773Z Setting up fonts-wqy-zenhei (0.9.45-8) ...
2026-10-09T07:51:04.3990755Z Setting up fonts-freefont-ttf (20211204+svn4273-2) ...
2026-10-09T07:51:04.4007568Z Setting up fonts-tlwg-loma-otf (1:0.7.3-1) ...
2026-10-09T07:51:04.4033781Z Setting up libfreetype6:amd64 (2.13.2+dfsg-1ubuntu0.2) ...
2026-10-09T07:51:04.4055175Z Setting up xfonts-encodings (1:1.0.5-0ubuntu2) ...
2026-10-09T07:51:04.4074354Z Setting up fonts-ipafont-gothic (00303-21ubuntu1) ...
2026-10-09T07:51:04.4140155Z update-alternatives: using /usr/share/fonts/opentype/ipafont-gothic/ipag.ttf to provide /usr/share/fonts/truetype/fonts-japanese-gothic.ttf (fonts-japanese-gothic.ttf) in auto mode
2026-10-09T07:51:04.4154087Z Setting up fonts-unifont (1:15.1.01-1build1) ...
2026-10-09T07:51:04.4198083Z Setting up xfonts-utils (1:7.7+6build3) ...
2026-10-09T07:51:04.4243880Z Setting up xfonts-cyrillic (1:1.0.5+nmu1) ...
2026-10-09T07:51:04.4546760Z Setting up xfonts-scalable (1:1.0.3-1.3) ...
2026-10-09T07:51:04.4820122Z Processing triggers for libc-bin (2.39-0ubuntu8.9) ...
2026-10-09T07:51:04.5145603Z Processing triggers for man-db (2.12.0-4build2) ...
2026-10-09T07:51:04.5168150Z Not building database; man-db/auto-update is not 'true'.
2026-10-09T07:51:04.5180537Z Processing triggers for fontconfig (2.15.0-1.1ubuntu2) ...
2026-10-09T07:51:05.2442118Z 
2026-10-09T07:51:05.2442843Z Running kernel seems to be up-to-date.
2026-10-09T07:51:05.2443256Z 
2026-10-09T07:51:05.2443466Z Restarting services...
2026-10-09T07:51:05.2519800Z  systemctl restart php8.3-fpm.service
2026-10-09T07:51:05.3610284Z 
2026-10-09T07:51:05.3619743Z No containers need to be restarted.
2026-10-09T07:51:05.3620396Z 
2026-10-09T07:51:05.3621084Z No user sessions are running outdated binaries.
2026-10-09T07:51:05.3621983Z 
2026-10-09T07:51:05.3622507Z No VM guests are running outdated hypervisor (qemu) binaries on this host.
2026-10-09T07:51:06.3864964Z Downloading Chromium 141.0.7390.37 (playwright build v1194) from https://cdn.playwright.dev/dbazure/download/playwright/builds/chromium/1194/chromium-linux.zip
2026-10-09T07:51:06.5921960Z |                                                                                |   0% of 173.9 MiB
2026-10-09T07:51:06.8800171Z |■■■■■■■■                                                                        |  10% of 173.9 MiB
2026-10-09T07:51:07.0058724Z |■■■■■■■■■■■■■■■■                                                                |  20% of 173.9 MiB
2026-10-09T07:51:07.1610268Z |■■■■■■■■■■■■■■■■■■■■■■■■                                                        |  30% of 173.9 MiB
2026-10-09T07:51:07.3633713Z |■■■■■■■■■■■■■■■■■■■■■■■■■■■■■■■■                                                |  40% of 173.9 MiB
2026-10-09T07:51:07.4278336Z |■■■■■■■■■■■■■■■■■■■■■■■■■■■■■■■■■■■■■■■■                                        |  50% of 173.9 MiB
2026-10-09T07:51:07.6936411Z |■■■■■■■■■■■■■■■■■■■■■■■■■■■■■■■■■■■■■■■■■■■■■■■■                                |  60% of 173.9 MiB
2026-10-09T07:51:07.7561632Z |■■■■■■■■■■■■■■■■■■■■■■■■■■■■■■■■■■■■■■■■■■■■■■■■■■■■■■■■                        |  70% of 173.9 MiB
2026-10-09T07:51:07.8136445Z |■■■■■■■■■■■■■■■■■■■■■■■■■■■■■■■■■■■■■■■■■■■■■■■■■■■■■■■■■■■■■■■■                |  80% of 173.9 MiB
2026-10-09T07:51:07.9300196Z |■■■■■■■■■■■■■■■■■■■■■■■■■■■■■■■■■■■■■■■■■■■■■■■■■■■■■■■■■■■■■■■■■■■■■■■■        |  90% of 173.9 MiB
2026-10-09T07:51:07.9959983Z |■■■■■■■■■■■■■■■■■■■■■■■■■■■■■■■■■■■■■■■■■■■■■■■■■■■■■■■■■■■■■■■■■■■■■■■■■■■■■■■■| 100% of 173.9 MiB
2026-10-09T07:51:11.6327284Z Chromium 141.0.7390.37 (playwright build v1194) downloaded to /home/runner/.cache/ms-playwright/chromium-1194
2026-10-09T07:51:11.6331740Z Downloading FFMPEG playwright build v1011 from https://cdn.playwright.dev/dbazure/download/playwright/builds/ffmpeg/1011/ffmpeg-linux.zip
2026-10-09T07:51:11.7996351Z |                                                                                |   0% of 2.3 MiB
2026-10-09T07:51:11.8250050Z |■■■■■■■■                                                                        |  10% of 2.3 MiB
2026-10-09T07:51:11.8347754Z |■■■■■■■■■■■■■■■■                                                                |  20% of 2.3 MiB
2026-10-09T07:51:11.8441575Z |■■■■■■■■■■■■■■■■■■■■■■■■                                                        |  30% of 2.3 MiB
2026-10-09T07:51:11.8483092Z |■■■■■■■■■■■■■■■■■■■■■■■■■■■■■■■■                                                |  40% of 2.3 MiB
2026-10-09T07:51:11.8538669Z |■■■■■■■■■■■■■■■■■■■■■■■■■■■■■■■■■■■■■■■■                                        |  50% of 2.3 MiB
2026-10-09T07:51:11.8613824Z |■■■■■■■■■■■■■■■■■■■■■■■■■■■■■■■■■■■■■■■■■■■■■■■■                                |  60% of 2.3 MiB
2026-10-09T07:51:11.8658149Z |■■■■■■■■■■■■■■■■■■■■■■■■■■■■■■■■■■■■■■■■■■■■■■■■■■■■■■■■                        |  70% of 2.3 MiB
2026-10-09T07:51:11.8659666Z |■■■■■■■■■■■■■■■■■■■■■■■■■■■■■■■■■■■■■■■■■■■■■■■■■■■■■■■■■■■■■■■■                |  80% of 2.3 MiB
2026-10-09T07:51:11.8702541Z |■■■■■■■■■■■■■■■■■■■■■■■■■■■■■■■■■■■■■■■■■■■■■■■■■■■■■■■■■■■■■■■■■■■■■■■■        |  90% of 2.3 MiB
2026-10-09T07:51:11.8719990Z |■■■■■■■■■■■■■■■■■■■■■■■■■■■■■■■■■■■■■■■■■■■■■■■■■■■■■■■■■■■■■■■■■■■■■■■■■■■■■■■■| 100% of 2.3 MiB
2026-10-09T07:51:11.9283506Z FFMPEG playwright build v1011 downloaded to /home/runner/.cache/ms-playwright/ffmpeg-1011
2026-10-09T07:51:11.9287298Z Downloading Chromium Headless Shell 141.0.7390.37 (playwright build v1194) from https://cdn.playwright.dev/dbazure/download/playwright/builds/chromium/1194/chromium-headless-shell-linux.zip
2026-10-09T07:51:12.1155575Z |                                                                                |   0% of 104.3 MiB
2026-10-09T07:51:12.4802792Z |■■■■■■■■                                                                        |  10% of 104.3 MiB
2026-10-09T07:51:12.5447606Z |■■■■■■■■■■■■■■■■                                                                |  20% of 104.3 MiB
2026-10-09T07:51:12.7153233Z |■■■■■■■■■■■■■■■■■■■■■■■■                                                        |  30% of 104.3 MiB
2026-10-09T07:51:12.7656238Z |■■■■■■■■■■■■■■■■■■■■■■■■■■■■■■■■                                                |  40% of 104.3 MiB
2026-10-09T07:51:12.8111662Z |■■■■■■■■■■■■■■■■■■■■■■■■■■■■■■■■■■■■■■■■                                        |  50% of 104.3 MiB
2026-10-09T07:51:12.8511365Z |■■■■■■■■■■■■■■■■■■■■■■■■■■■■■■■■■■■■■■■■■■■■■■■■                                |  60% of 104.3 MiB
2026-10-09T07:51:12.9491537Z |■■■■■■■■■■■■■■■■■■■■■■■■■■■■■■■■■■■■■■■■■■■■■■■■■■■■■■■■                        |  70% of 104.3 MiB
2026-10-09T07:51:12.9932425Z |■■■■■■■■■■■■■■■■■■■■■■■■■■■■■■■■■■■■■■■■■■■■■■■■■■■■■■■■■■■■■■■■                |  80% of 104.3 MiB
2026-10-09T07:51:13.0296576Z |■■■■■■■■■■■■■■■■■■■■■■■■■■■■■■■■■■■■■■■■■■■■■■■■■■■■■■■■■■■■■■■■■■■■■■■■        |  90% of 104.3 MiB
2026-10-09T07:51:13.0668421Z |■■■■■■■■■■■■■■■■■■■■■■■■■■■■■■■■■■■■■■■■■■■■■■■■■■■■■■■■■■■■■■■■■■■■■■■■■■■■■■■■| 100% of 104.3 MiB
2026-10-09T07:51:14.9531592Z Chromium Headless Shell 141.0.7390.37 (playwright build v1194) downloaded to /home/runner/.cache/ms-playwright/chromium_headless_shell-1194
2026-10-09T07:51:15.0435811Z ##[group]Run npm test
2026-10-09T07:51:15.0436105Z [36;1mnpm test[0m
2026-10-09T07:51:15.0500639Z shell: /usr/bin/bash -e {0}
2026-10-09T07:51:15.0500903Z ##[endgroup]
2026-10-09T07:51:15.1570266Z 
2026-10-09T07:51:15.1570890Z > partybox-g02-gin-rummy@1.2.1 test
2026-10-09T07:51:15.1572497Z > npm run build && node --test tests/*.test.mjs && node scripts/league.mjs && node scripts/mutations.mjs && node scripts/browser-check.mjs && node scripts/capture.mjs ci-current --public-history --ci-output && node scripts/integrity.mjs
2026-10-09T07:51:15.1573561Z 
2026-10-09T07:51:15.2681578Z 
2026-10-09T07:51:15.2682107Z > partybox-g02-gin-rummy@1.2.1 build
2026-10-09T07:51:15.2682854Z > tsc --noEmit && node scripts/build.mjs
2026-10-09T07:51:17.6550287Z 
2026-10-09T07:51:17.6550825Z TAP version 13
2026-10-09T07:51:17.8410923Z # {"suite":"all-phases","phases":6,"cases":408}
2026-10-09T07:51:17.8521119Z # Subtest: every event family, roster id and bot skill in every delivered phase
2026-10-09T07:51:17.8570987Z ok 1 - every event family, roster id and bot skill in every delivered phase
2026-10-09T07:51:17.8615945Z   ---
2026-10-09T07:51:17.8666289Z   duration_ms: 61.963216
2026-10-09T07:51:17.8710313Z   type: 'test'
2026-10-09T07:51:17.8740294Z   ...
2026-10-09T07:51:17.8772313Z # Subtest: registered prototype-looking ids remain valid players and finite result keys
2026-10-09T07:51:17.8773667Z ok 2 - registered prototype-looking ids remain valid players and finite result keys
2026-10-09T07:51:17.8774423Z   ---
2026-10-09T07:51:17.8775179Z   duration_ms: 3.605925
2026-10-09T07:51:17.8775569Z   type: 'test'
2026-10-09T07:51:17.8775913Z   ...
2026-10-09T07:51:22.5963611Z # {"suite":"batch-discard-proof","hands":1000,"outcomes":10500,"exactLayouts":true}
2026-10-09T07:51:22.6004087Z # Subtest: 10500 batch outcomes retain exact standalone layouts and independent minima
2026-10-09T07:51:22.6011146Z ok 3 - 10500 batch outcomes retain exact standalone layouts and independent minima
2026-10-09T07:51:22.6013564Z   ---
2026-10-09T07:51:22.6014347Z   duration_ms: 4813.855466
2026-10-09T07:51:22.6015019Z   type: 'test'
2026-10-09T07:51:22.6015547Z   ...
2026-10-09T07:51:30.8451647Z # {"suite":"boundary-fuzz","seed":912701,"invalidInputs":1000,"phases":6,"rejectedInputs":6000,"metadataChecks":282,"viewChecks":66}
2026-10-09T07:51:30.8462209Z # Subtest: 1000 seeded invalid JSON inputs and malformed event/identity metadata in every phase
2026-10-09T07:51:30.8463819Z ok 4 - 1000 seeded invalid JSON inputs and malformed event/identity metadata in every phase
2026-10-09T07:51:30.8464806Z   ---
2026-10-09T07:51:30.8465282Z   duration_ms: 100.153529
2026-10-09T07:51:30.8465816Z   type: 'test'
2026-10-09T07:51:30.8466281Z   ...
2026-10-09T07:51:30.8467976Z # {"suite":"mixed-event-replay","phaseStarts":6,"seedsPerPhase":100,"transitions":48000,"changed":12742,"eventFamilies":["input","player","speech","speechStart","timer","vip"]}
2026-10-09T07:51:30.8477221Z # Subtest: mixed event families replay through JSON after every transition from every phase
2026-10-09T07:51:30.8478772Z ok 5 - mixed event families replay through JSON after every transition from every phase
2026-10-09T07:51:30.8479991Z   ---
2026-10-09T07:51:30.8480498Z   duration_ms: 12951.676969
2026-10-09T07:51:30.8481079Z   type: 'test'
2026-10-09T07:51:30.8481559Z   ...
2026-10-09T07:51:30.8681428Z # Subtest: branching target ends retain exact minima, legal chains, layouts and all cards
2026-10-09T07:51:30.8682779Z ok 6 - branching target ends retain exact minima, legal chains, layouts and all cards
2026-10-09T07:51:30.8683580Z   ---
2026-10-09T07:51:30.8683952Z   duration_ms: 63.744374
2026-10-09T07:51:30.8684373Z   type: 'test'
2026-10-09T07:51:30.8684731Z   ...
2026-10-09T07:51:30.8685576Z # Subtest: current source-bound raw proof passes without discarding its largest interval
2026-10-09T07:51:30.8686902Z not ok 7 - current source-bound raw proof passes without discarding its largest interval
2026-10-09T07:51:30.8687682Z   ---
2026-10-09T07:51:30.8688529Z   duration_ms: 3.893292
2026-10-09T07:51:30.8688973Z   type: 'test'
2026-10-09T07:51:30.8690586Z   location: '/home/runner/work/partybox-game-cores/partybox-game-cores/jobs/G02-gin-rummy/tests/browser-proof.test.mjs:6:1'
2026-10-09T07:51:30.8691770Z   failureType: 'testCodeFailure'
2026-10-09T07:51:30.8692256Z   error: |-
2026-10-09T07:51:30.8692714Z     accepted proof has stale source hashes
2026-10-09T07:51:30.8693240Z     + actual - expected
2026-10-09T07:51:30.8693631Z     
2026-10-09T07:51:30.8693952Z       {
2026-10-09T07:51:30.8694702Z     +   'play.html': 'efc3c233aa159b884fcc340fe083f942bbb8e001ac0664352fb487465830c9e0',
2026-10-09T07:51:30.8695864Z     -   'play.html': '8336c62b86e8045f2350e01b8b7b7e2c09c9c31858af6e5a784b9710dd3a9c63',
2026-10-09T07:51:30.8697089Z         'src/browser.ts': '56fb3b450aa29e9dda800a69b187d66d5446e056bf2b89b349a9bef1479131e4',
2026-10-09T07:51:30.8698315Z         'src/cards.ts': 'e309e103393bc1aaaf10b34e3994de815dd693d1828a61566723b8fba573fdb9',
2026-10-09T07:51:30.8699780Z     +   'src/core.ts': '5ec7c1f712eb17fffd784cde070a8df295f8545bd1e481d81b114e4ecc51abb7',
2026-10-09T07:51:30.8701015Z     -   'src/core.ts': '211f2307bd96d497e444a4c75157256398f690892b0e9beb4c226c1aeb49e218',
2026-10-09T07:51:30.8702309Z         'src/play.template.html': '1b5188f105cfd9766f3f19c0a6f3cfa1b522cbd676ec5fde0dbfa1566a09f8c7'
2026-10-09T07:51:30.8703201Z       }
2026-10-09T07:51:30.8703529Z     
2026-10-09T07:51:30.8703869Z   code: 'ERR_ASSERTION'
2026-10-09T07:51:30.8704303Z   name: 'AssertionError'
2026-10-09T07:51:30.8705033Z   expected:
2026-10-09T07:51:30.8705744Z     play.html: '8336c62b86e8045f2350e01b8b7b7e2c09c9c31858af6e5a784b9710dd3a9c63'
2026-10-09T07:51:30.8706881Z     src/core.ts: '211f2307bd96d497e444a4c75157256398f690892b0e9beb4c226c1aeb49e218'
2026-10-09T07:51:30.8708003Z     src/cards.ts: 'e309e103393bc1aaaf10b34e3994de815dd693d1828a61566723b8fba573fdb9'
2026-10-09T07:51:30.8709168Z     src/browser.ts: '56fb3b450aa29e9dda800a69b187d66d5446e056bf2b89b349a9bef1479131e4'
2026-10-09T07:51:30.8711082Z     src/play.template.html: '1b5188f105cfd9766f3f19c0a6f3cfa1b522cbd676ec5fde0dbfa1566a09f8c7'
2026-10-09T07:51:30.8711960Z   actual:
2026-10-09T07:51:30.8713111Z     play.html: 'efc3c233aa159b884fcc340fe083f942bbb8e001ac0664352fb487465830c9e0'
2026-10-09T07:51:30.8714623Z     src/core.ts: '5ec7c1f712eb17fffd784cde070a8df295f8545bd1e481d81b114e4ecc51abb7'
2026-10-09T07:51:30.8716121Z     src/cards.ts: 'e309e103393bc1aaaf10b34e3994de815dd693d1828a61566723b8fba573fdb9'
2026-10-09T07:51:30.8717886Z     src/browser.ts: '56fb3b450aa29e9dda800a69b187d66d5446e056bf2b89b349a9bef1479131e4'
2026-10-09T07:51:30.8719549Z     src/play.template.html: '1b5188f105cfd9766f3f19c0a6f3cfa1b522cbd676ec5fde0dbfa1566a09f8c7'
2026-10-09T07:51:30.8721072Z   operator: 'deepStrictEqual'
2026-10-09T07:51:30.8721828Z   stack: |-
2026-10-09T07:51:30.8723264Z     sourceGuard (file:///home/runner/work/partybox-game-cores/partybox-game-cores/jobs/G02-gin-rummy/scripts/browser-proof.mjs:13:9)
2026-10-09T07:51:30.8725814Z     verifyBrowserProof (file:///home/runner/work/partybox-game-cores/partybox-game-cores/jobs/G02-gin-rummy/scripts/browser-proof.mjs:21:2)
2026-10-09T07:51:30.8728775Z     TestContext.<anonymous> (file:///home/runner/work/partybox-game-cores/partybox-game-cores/jobs/G02-gin-rummy/tests/browser-proof.test.mjs:8:19)
2026-10-09T07:51:30.8730388Z     Test.runInAsyncScope (node:async_hooks:214:14)
2026-10-09T07:51:30.8731099Z     Test.run (node:internal/test_runner/test:1047:25)
2026-10-09T07:51:30.8731802Z     Test.start (node:internal/test_runner/test:944:17)
2026-10-09T07:51:30.8732682Z     startSubtestAfterBootstrap (node:internal/test_runner/harness:296:17)
2026-10-09T07:51:30.8733418Z   ...
2026-10-09T07:51:30.8763312Z # Subtest: a refreshed inventory cannot accept stale browser or recording source hashes
2026-10-09T07:51:30.8771543Z ok 8 - a refreshed inventory cannot accept stale browser or recording source hashes
2026-10-09T07:51:30.8772855Z   ---
2026-10-09T07:51:30.8773603Z   duration_ms: 14.72865
2026-10-09T07:51:30.8774766Z   type: 'test'
2026-10-09T07:51:30.8775683Z   ...
2026-10-09T07:51:30.8776722Z # Subtest: changed end guards and failed snapshots are rejected
2026-10-09T07:51:30.8778069Z not ok 9 - changed end guards and failed snapshots are rejected
2026-10-09T07:51:30.8779219Z   ---
2026-10-09T07:51:30.8780157Z   duration_ms: 5.261207
2026-10-09T07:51:30.8780754Z   type: 'test'
2026-10-09T07:51:30.8782570Z   location: '/home/runner/work/partybox-game-cores/partybox-game-cores/jobs/G02-gin-rummy/tests/browser-proof.test.mjs:16:1'
2026-10-09T07:51:30.8784259Z   failureType: 'testCodeFailure'
2026-10-09T07:51:30.8785269Z   error: |-
2026-10-09T07:51:30.8786293Z     The input did not match the regular expression /end hashes/. Input:
2026-10-09T07:51:30.8790451Z     
2026-10-09T07:51:30.8795833Z     'AssertionError [ERR_ASSERTION]: accepted proof has stale source hashes\n' +
2026-10-09T07:51:30.8796909Z       '+ actual - expected\n' +
2026-10-09T07:51:30.8797563Z       '\n' +
2026-10-09T07:51:30.8798142Z       '  {\n' +
2026-10-09T07:51:30.8799514Z       "+   'play.html': 'efc3c233aa159b884fcc340fe083f942bbb8e001ac0664352fb487465830c9e0',\n" +
2026-10-09T07:51:30.8801243Z       "-   'play.html': '8336c62b86e8045f2350e01b8b7b7e2c09c9c31858af6e5a784b9710dd3a9c63',\n" +
2026-10-09T07:51:30.8802764Z       "    'src/browser.ts': '56fb3b450aa29e9dda800a69b187d66d5446e056bf2b89b349a9bef1479131e4',\n" +
2026-10-09T07:51:30.8804304Z       "    'src/cards.ts': 'e309e103393bc1aaaf10b34e3994de815dd693d1828a61566723b8fba573fdb9',\n" +
2026-10-09T07:51:30.8806601Z       "+   'src/core.ts': '5ec7c1f712eb17fffd784cde070a8df295f8545bd1e481d81b114e4ecc51abb7',\n" +
2026-10-09T07:51:30.8810236Z       "-   'src/core.ts': '211f2307bd96d497e444a4c75157256398f690892b0e9beb4c226c1aeb49e218',\n" +
2026-10-09T07:51:30.8811855Z       "    'src/play.template.html': '1b5188f105cfd9766f3f19c0a6f3cfa1b522cbd676ec5fde0dbfa1566a09f8c7'\n" +
2026-10-09T07:51:30.8813012Z       '  }\n'
2026-10-09T07:51:30.8813552Z     
2026-10-09T07:51:30.8814101Z   code: 'ERR_ASSERTION'
2026-10-09T07:51:30.8814727Z   name: 'AssertionError'
2026-10-09T07:51:30.8815365Z   expected:
2026-10-09T07:51:30.8815878Z   actual:
2026-10-09T07:51:30.8816395Z   error: |-
2026-10-09T07:51:30.8817044Z     accepted proof has stale source hashes
2026-10-09T07:51:30.8817763Z     + actual - expected
2026-10-09T07:51:30.8818327Z     
2026-10-09T07:51:30.8818853Z       {
2026-10-09T07:51:30.8820319Z     +   'play.html': 'efc3c233aa159b884fcc340fe083f942bbb8e001ac0664352fb487465830c9e0',
2026-10-09T07:51:30.8822024Z     -   'play.html': '8336c62b86e8045f2350e01b8b7b7e2c09c9c31858af6e5a784b9710dd3a9c63',
2026-10-09T07:51:30.8823453Z         'src/browser.ts': '56fb3b450aa29e9dda800a69b187d66d5446e056bf2b89b349a9bef1479131e4',
2026-10-09T07:51:30.8824883Z         'src/cards.ts': 'e309e103393bc1aaaf10b34e3994de815dd693d1828a61566723b8fba573fdb9',
2026-10-09T07:51:30.8826286Z     +   'src/core.ts': '5ec7c1f712eb17fffd784cde070a8df295f8545bd1e481d81b114e4ecc51abb7',
2026-10-09T07:51:30.8827679Z     -   'src/core.ts': '211f2307bd96d497e444a4c75157256398f690892b0e9beb4c226c1aeb49e218',
2026-10-09T07:51:30.8829166Z         'src/play.template.html': '1b5188f105cfd9766f3f19c0a6f3cfa1b522cbd676ec5fde0dbfa1566a09f8c7'
2026-10-09T07:51:30.8830606Z       }
2026-10-09T07:51:30.8831153Z     
2026-10-09T07:51:30.8831661Z   stack: |-
2026-10-09T07:51:30.8832961Z     sourceGuard (file:///home/runner/work/partybox-game-cores/partybox-game-cores/jobs/G02-gin-rummy/scripts/browser-proof.mjs:13:9)
2026-10-09T07:51:30.8835177Z     verifyBrowserProof (file:///home/runner/work/partybox-game-cores/partybox-game-cores/jobs/G02-gin-rummy/scripts/browser-proof.mjs:21:2)
2026-10-09T07:51:30.8837258Z     file:///home/runner/work/partybox-game-cores/partybox-game-cores/jobs/G02-gin-rummy/tests/browser-proof.test.mjs:17:85
2026-10-09T07:51:30.8838615Z     getActual (node:assert:531:5)
2026-10-09T07:51:30.8839769Z     Function.throws (node:assert:677:24)
2026-10-09T07:51:30.8842014Z     TestContext.<anonymous> (file:///home/runner/work/partybox-game-cores/partybox-game-cores/jobs/G02-gin-rummy/tests/browser-proof.test.mjs:17:74)
2026-10-09T07:51:30.8843823Z     Test.runInAsyncScope (node:async_hooks:214:14)
2026-10-09T07:51:30.8844782Z     Test.run (node:internal/test_runner/test:1047:25)
2026-10-09T07:51:30.8845864Z     Test.processPendingSubtests (node:internal/test_runner/test:744:18)
2026-10-09T07:51:30.8846962Z     Test.postRun (node:internal/test_runner/test:1173:19)
2026-10-09T07:51:30.8847772Z   operator: 'throws'
2026-10-09T07:51:30.8848367Z   stack: |-
2026-10-09T07:51:30.8850087Z     TestContext.<anonymous> (file:///home/runner/work/partybox-game-cores/partybox-game-cores/jobs/G02-gin-rummy/tests/browser-proof.test.mjs:17:74)
2026-10-09T07:51:30.8851717Z     Test.runInAsyncScope (node:async_hooks:214:14)
2026-10-09T07:51:30.8852629Z     Test.run (node:internal/test_runner/test:1047:25)
2026-10-09T07:51:30.8853691Z     Test.processPendingSubtests (node:internal/test_runner/test:744:18)
2026-10-09T07:51:30.8854794Z     Test.postRun (node:internal/test_runner/test:1173:19)
2026-10-09T07:51:30.8855746Z     Test.run (node:internal/test_runner/test:1101:12)
2026-10-09T07:51:30.8856848Z     async Test.processPendingSubtests (node:internal/test_runner/test:744:7)
2026-10-09T07:51:30.8857782Z   ...
2026-10-09T07:51:30.8858829Z # Subtest: missing, altered and invalid raw intervals cannot be hidden by good summary fields
2026-10-09T07:51:30.8860619Z ok 10 - missing, altered and invalid raw intervals cannot be hidden by good summary fields
2026-10-09T07:51:30.8861905Z   ---
2026-10-09T07:51:30.8862446Z   duration_ms: 12.777436
2026-10-09T07:51:30.8863076Z   type: 'test'
2026-10-09T07:51:30.8863610Z   ...
2026-10-09T07:51:30.8864508Z # Subtest: reported statistics are recomputed from all retained intervals
2026-10-09T07:51:30.8865881Z not ok 11 - reported statistics are recomputed from all retained intervals
2026-10-09T07:51:30.8866769Z   ---
2026-10-09T07:51:30.8867297Z   duration_ms: 4.226344
2026-10-09T07:51:30.8867907Z   type: 'test'
2026-10-09T07:51:30.8869188Z   location: '/home/runner/work/partybox-game-cores/partybox-game-cores/jobs/G02-gin-rummy/tests/browser-proof.test.mjs:26:1'
2026-10-09T07:51:30.8870963Z   failureType: 'testCodeFailure'
2026-10-09T07:51:30.8871616Z   error: |-
2026-10-09T07:51:30.8872474Z     The input did not match the regular expression /retained interval/. Input:
2026-10-09T07:51:30.8873380Z     
2026-10-09T07:51:30.8874247Z     'AssertionError [ERR_ASSERTION]: accepted proof has stale source hashes\n' +
2026-10-09T07:51:30.8875282Z       '+ actual - expected\n' +
2026-10-09T07:51:30.8875921Z       '\n' +
2026-10-09T07:51:30.8876456Z       '  {\n' +
2026-10-09T07:51:30.8877562Z       "+   'play.html': 'efc3c233aa159b884fcc340fe083f942bbb8e001ac0664352fb487465830c9e0',\n" +
2026-10-09T07:51:30.8879068Z       "-   'play.html': '8336c62b86e8045f2350e01b8b7b7e2c09c9c31858af6e5a784b9710dd3a9c63',\n" +
2026-10-09T07:51:30.8881080Z       "    'src/browser.ts': '56fb3b450aa29e9dda800a69b187d66d5446e056bf2b89b349a9bef1479131e4',\n" +
2026-10-09T07:51:30.8882661Z       "    'src/cards.ts': 'e309e103393bc1aaaf10b34e3994de815dd693d1828a61566723b8fba573fdb9',\n" +
2026-10-09T07:51:30.8884181Z       "+   'src/core.ts': '5ec7c1f712eb17fffd784cde070a8df295f8545bd1e481d81b114e4ecc51abb7',\n" +
2026-10-09T07:51:30.8885694Z       "-   'src/core.ts': '211f2307bd96d497e444a4c75157256398f690892b0e9beb4c226c1aeb49e218',\n" +
2026-10-09T07:51:30.8887283Z       "    'src/play.template.html': '1b5188f105cfd9766f3f19c0a6f3cfa1b522cbd676ec5fde0dbfa1566a09f8c7'\n" +
2026-10-09T07:51:30.8888461Z       '  }\n'
2026-10-09T07:51:30.8888989Z     
2026-10-09T07:51:30.8889785Z   code: 'ERR_ASSERTION'
2026-10-09T07:51:30.8890426Z   name: 'AssertionError'
2026-10-09T07:51:30.8890993Z   expected:
2026-10-09T07:51:30.8891468Z   actual:
2026-10-09T07:51:30.8891942Z   error: |-
2026-10-09T07:51:30.8892503Z     accepted proof has stale source hashes
2026-10-09T07:51:30.8893194Z     + actual - expected
2026-10-09T07:51:30.8893708Z     
2026-10-09T07:51:30.8894463Z       {
2026-10-09T07:51:30.8895457Z     +   'play.html': 'efc3c233aa159b884fcc340fe083f942bbb8e001ac0664352fb487465830c9e0',
2026-10-09T07:51:30.8896861Z     -   'play.html': '8336c62b86e8045f2350e01b8b7b7e2c09c9c31858af6e5a784b9710dd3a9c63',
2026-10-09T07:51:30.8898288Z         'src/browser.ts': '56fb3b450aa29e9dda800a69b187d66d5446e056bf2b89b349a9bef1479131e4',
2026-10-09T07:51:30.8899996Z         'src/cards.ts': 'e309e103393bc1aaaf10b34e3994de815dd693d1828a61566723b8fba573fdb9',
2026-10-09T07:51:30.8901466Z     +   'src/core.ts': '5ec7c1f712eb17fffd784cde070a8df295f8545bd1e481d81b114e4ecc51abb7',
2026-10-09T07:51:30.8902874Z     -   'src/core.ts': '211f2307bd96d497e444a4c75157256398f690892b0e9beb4c226c1aeb49e218',
2026-10-09T07:51:30.8904403Z         'src/play.template.html': '1b5188f105cfd9766f3f19c0a6f3cfa1b522cbd676ec5fde0dbfa1566a09f8c7'
2026-10-09T07:51:30.8905487Z       }
2026-10-09T07:51:30.8905979Z     
2026-10-09T07:51:30.8906499Z   stack: |-
2026-10-09T07:51:30.8907835Z     sourceGuard (file:///home/runner/work/partybox-game-cores/partybox-game-cores/jobs/G02-gin-rummy/scripts/browser-proof.mjs:13:9)
2026-10-09T07:51:30.8910248Z     verifyBrowserProof (file:///home/runner/work/partybox-game-cores/partybox-game-cores/jobs/G02-gin-rummy/scripts/browser-proof.mjs:21:2)
2026-10-09T07:51:30.8912424Z     file:///home/runner/work/partybox-game-cores/partybox-game-cores/jobs/G02-gin-rummy/tests/browser-proof.test.mjs:29:21
2026-10-09T07:51:30.8913784Z     getActual (node:assert:531:5)
2026-10-09T07:51:30.8914878Z     Function.throws (node:assert:677:24)
2026-10-09T07:51:30.8916499Z     TestContext.<anonymous> (file:///home/runner/work/partybox-game-cores/partybox-game-cores/jobs/G02-gin-rummy/tests/browser-proof.test.mjs:29:10)
2026-10-09T07:51:30.8918085Z     Test.runInAsyncScope (node:async_hooks:214:14)
2026-10-09T07:51:30.8918989Z     Test.run (node:internal/test_runner/test:1047:25)
2026-10-09T07:51:30.8920367Z     Test.processPendingSubtests (node:internal/test_runner/test:744:18)
2026-10-09T07:51:30.8921487Z     Test.postRun (node:internal/test_runner/test:1173:19)
2026-10-09T07:51:30.8922301Z   operator: 'throws'
2026-10-09T07:51:30.8922883Z   stack: |-
2026-10-09T07:51:30.8924417Z     TestContext.<anonymous> (file:///home/runner/work/partybox-game-cores/partybox-game-cores/jobs/G02-gin-rummy/tests/browser-proof.test.mjs:29:10)
2026-10-09T07:51:30.8926006Z     Test.runInAsyncScope (node:async_hooks:214:14)
2026-10-09T07:51:30.8926905Z     Test.run (node:internal/test_runner/test:1047:25)
2026-10-09T07:51:30.8927972Z     Test.processPendingSubtests (node:internal/test_runner/test:744:18)
2026-10-09T07:51:30.8929060Z     Test.postRun (node:internal/test_runner/test:1173:19)
2026-10-09T07:51:30.8930268Z     Test.run (node:internal/test_runner/test:1101:12)
2026-10-09T07:51:30.8931352Z     async Test.processPendingSubtests (node:internal/test_runner/test:744:7)
2026-10-09T07:51:30.8932282Z   ...
2026-10-09T07:51:30.8933303Z # Subtest: an honestly recomputed slow raw sample still fails the original frame gate
2026-10-09T07:51:30.8934734Z not ok 12 - an honestly recomputed slow raw sample still fails the original frame gate
2026-10-09T07:51:30.8935702Z   ---
2026-10-09T07:51:30.8936226Z   duration_ms: 5.372364
2026-10-09T07:51:30.8936815Z   type: 'test'
2026-10-09T07:51:30.8938148Z   location: '/home/runner/work/partybox-game-cores/partybox-game-cores/jobs/G02-gin-rummy/tests/browser-proof.test.mjs:32:1'
2026-10-09T07:51:30.8939770Z   failureType: 'testCodeFailure'
2026-10-09T07:51:30.8940441Z   error: |-
2026-10-09T07:51:30.8941301Z     The input did not match the regular expression /raw frame gate failed/. Input:
2026-10-09T07:51:30.8942219Z     
2026-10-09T07:51:30.8943063Z     'AssertionError [ERR_ASSERTION]: accepted proof has stale source hashes\n' +
2026-10-09T07:51:30.8945594Z       '+ actual - expected\n' +
2026-10-09T07:51:30.8946261Z       '\n' +
2026-10-09T07:51:30.8946816Z       '  {\n' +
2026-10-09T07:51:30.8948144Z       "+   'play.html': 'efc3c233aa159b884fcc340fe083f942bbb8e001ac0664352fb487465830c9e0',\n" +
2026-10-09T07:51:30.8949916Z       "-   'play.html': '8336c62b86e8045f2350e01b8b7b7e2c09c9c31858af6e5a784b9710dd3a9c63',\n" +
2026-10-09T07:51:30.8951472Z       "    'src/browser.ts': '56fb3b450aa29e9dda800a69b187d66d5446e056bf2b89b349a9bef1479131e4',\n" +
2026-10-09T07:51:30.8952990Z       "    'src/cards.ts': 'e309e103393bc1aaaf10b34e3994de815dd693d1828a61566723b8fba573fdb9',\n" +
2026-10-09T07:51:30.8954494Z       "+   'src/core.ts': '5ec7c1f712eb17fffd784cde070a8df295f8545bd1e481d81b114e4ecc51abb7',\n" +
2026-10-09T07:51:30.8956010Z       "-   'src/core.ts': '211f2307bd96d497e444a4c75157256398f690892b0e9beb4c226c1aeb49e218',\n" +
2026-10-09T07:51:30.8957587Z       "    'src/play.template.html': '1b5188f105cfd9766f3f19c0a6f3cfa1b522cbd676ec5fde0dbfa1566a09f8c7'\n" +
2026-10-09T07:51:30.8958714Z       '  }\n'
2026-10-09T07:51:30.8959242Z     
2026-10-09T07:51:30.8960033Z   code: 'ERR_ASSERTION'
2026-10-09T07:51:30.8960692Z   name: 'AssertionError'
2026-10-09T07:51:30.8961306Z   expected:
2026-10-09T07:51:30.8961837Z   actual:
2026-10-09T07:51:30.8962353Z   error: |-
2026-10-09T07:51:30.8962980Z     accepted proof has stale source hashes
2026-10-09T07:51:30.8963729Z     + actual - expected
2026-10-09T07:51:30.8964292Z     
2026-10-09T07:51:30.8964799Z       {
2026-10-09T07:51:30.8965726Z     +   'play.html': 'efc3c233aa159b884fcc340fe083f942bbb8e001ac0664352fb487465830c9e0',
2026-10-09T07:51:30.8967117Z     -   'play.html': '8336c62b86e8045f2350e01b8b7b7e2c09c9c31858af6e5a784b9710dd3a9c63',
2026-10-09T07:51:30.8968812Z         'src/browser.ts': '56fb3b450aa29e9dda800a69b187d66d5446e056bf2b89b349a9bef1479131e4',
2026-10-09T07:51:30.8970515Z         'src/cards.ts': 'e309e103393bc1aaaf10b34e3994de815dd693d1828a61566723b8fba573fdb9',
2026-10-09T07:51:30.8971916Z     +   'src/core.ts': '5ec7c1f712eb17fffd784cde070a8df295f8545bd1e481d81b114e4ecc51abb7',
2026-10-09T07:51:30.8973286Z     -   'src/core.ts': '211f2307bd96d497e444a4c75157256398f690892b0e9beb4c226c1aeb49e218',
2026-10-09T07:51:30.8974778Z         'src/play.template.html': '1b5188f105cfd9766f3f19c0a6f3cfa1b522cbd676ec5fde0dbfa1566a09f8c7'
2026-10-09T07:51:30.8975848Z       }
2026-10-09T07:51:30.8976341Z     
2026-10-09T07:51:30.8976835Z   stack: |-
2026-10-09T07:51:30.8978234Z     sourceGuard (file:///home/runner/work/partybox-game-cores/partybox-game-cores/jobs/G02-gin-rummy/scripts/browser-proof.mjs:13:9)
2026-10-09T07:51:30.8980688Z     verifyBrowserProof (file:///home/runner/work/partybox-game-cores/partybox-game-cores/jobs/G02-gin-rummy/scripts/browser-proof.mjs:21:2)
2026-10-09T07:51:30.8982774Z     file:///home/runner/work/partybox-game-cores/partybox-game-cores/jobs/G02-gin-rummy/tests/browser-proof.test.mjs:37:20
2026-10-09T07:51:30.8984111Z     getActual (node:assert:531:5)
2026-10-09T07:51:30.8984841Z     Function.throws (node:assert:677:24)
2026-10-09T07:51:30.8986399Z     TestContext.<anonymous> (file:///home/runner/work/partybox-game-cores/partybox-game-cores/jobs/G02-gin-rummy/tests/browser-proof.test.mjs:37:9)
2026-10-09T07:51:30.8987996Z     Test.runInAsyncScope (node:async_hooks:214:14)
2026-10-09T07:51:30.8988897Z     Test.run (node:internal/test_runner/test:1047:25)
2026-10-09T07:51:30.8990236Z     Test.processPendingSubtests (node:internal/test_runner/test:744:18)
2026-10-09T07:51:30.8991356Z     Test.postRun (node:internal/test_runner/test:1173:19)
2026-10-09T07:51:30.8992143Z   operator: 'throws'
2026-10-09T07:51:30.8992706Z   stack: |-
2026-10-09T07:51:30.8994178Z     TestContext.<anonymous> (file:///home/runner/work/partybox-game-cores/partybox-game-cores/jobs/G02-gin-rummy/tests/browser-proof.test.mjs:37:9)
2026-10-09T07:51:30.8995771Z     Test.runInAsyncScope (node:async_hooks:214:14)
2026-10-09T07:51:30.8996690Z     Test.run (node:internal/test_runner/test:1047:25)
2026-10-09T07:51:30.8997748Z     Test.processPendingSubtests (node:internal/test_runner/test:744:18)
2026-10-09T07:51:30.8998820Z     Test.postRun (node:internal/test_runner/test:1173:19)
2026-10-09T07:51:30.9000247Z     Test.run (node:internal/test_runner/test:1101:12)
2026-10-09T07:51:30.9001370Z     async Test.processPendingSubtests (node:internal/test_runner/test:744:7)
2026-10-09T07:51:30.9002309Z   ...
2026-10-09T07:51:30.9003292Z # Subtest: profile dimensions, CPU rates and encoder separation must remain truthful
2026-10-09T07:51:30.9004687Z ok 13 - profile dimensions, CPU rates and encoder separation must remain truthful
2026-10-09T07:51:30.9005631Z   ---
2026-10-09T07:51:30.9006160Z   duration_ms: 12.154352
2026-10-09T07:51:30.9006744Z   type: 'test'
2026-10-09T07:51:30.9007313Z   ...
2026-10-09T07:51:30.9008234Z # Subtest: changed, oversized and falsely labeled recordings are rejected
2026-10-09T07:51:30.9009681Z ok 14 - changed, oversized and falsely labeled recordings are rejected
2026-10-09T07:51:30.9010581Z   ---
2026-10-09T07:51:30.9011127Z   duration_ms: 13.659554
2026-10-09T07:51:30.9011733Z   type: 'test'
2026-10-09T07:51:30.9012276Z   ...
2026-10-09T07:51:30.9013419Z # Subtest: actual capture CLI refuses invalid tags and existing media/report before any browser launch
2026-10-09T07:51:30.9015079Z ok 15 - actual capture CLI refuses invalid tags and existing media/report before any browser launch
2026-10-09T07:51:30.9016128Z   ---
2026-10-09T07:51:30.9016666Z   duration_ms: 968.129852
2026-10-09T07:51:30.9017271Z   type: 'test'
2026-10-09T07:51:30.9017825Z   ...
2026-10-09T07:51:30.9018957Z # Subtest: meld validation rejects impossible card IDs while preserving legitimate edge runs/sets
2026-10-09T07:51:30.9020841Z ok 16 - meld validation rejects impossible card IDs while preserving legitimate edge runs/sets
2026-10-09T07:51:30.9022200Z   ---
2026-10-09T07:51:30.9022742Z   duration_ms: 1.403903
2026-10-09T07:51:30.9023323Z   type: 'test'
2026-10-09T07:51:30.9023867Z   ...
2026-10-09T07:51:30.9025217Z # {"suite":"closed-meld-knock-settings","cases":1152,"minGain":11,"maxGain":60,"classicSignedBefore":-14,"classicSignedAfter":1}
2026-10-09T07:51:30.9027781Z # {"suite":"closed-meld-knock-independent-hidden-defenders","defenders":1000,"publicViewsByteIdentical":true,"minGain":5,"maxGain":5,"winningTransitions":0}
2026-10-09T07:51:30.9029839Z # {"suite":"closed-meld-knock-boundaries","controls":120}
2026-10-09T07:51:30.9031269Z # Subtest: Strong improves a finishing knock across different closed melds in every setting and suit
2026-10-09T07:51:30.9032912Z ok 17 - Strong improves a finishing knock across different closed melds in every setting and suit
2026-10-09T07:51:30.9033975Z   ---
2026-10-09T07:51:30.9034567Z   duration_ms: 2186.439067
2026-10-09T07:51:30.9035197Z   type: 'test'
2026-10-09T07:51:30.9035727Z   ...
2026-10-09T07:51:30.9036871Z # Subtest: 1000 identical public views keep the same safe choice and independent joint-defense score
2026-10-09T07:51:30.9038509Z ok 18 - 1000 identical public views keep the same safe choice and independent joint-defense score
2026-10-09T07:51:30.9039804Z   ---
2026-10-09T07:51:30.9040402Z   duration_ms: 7577.937824
2026-10-09T07:51:30.9041025Z   type: 'test'
2026-10-09T07:51:30.9041580Z   ...
2026-10-09T07:51:30.9042733Z # Subtest: closed-target dominance preserves forbidden returns, no-knock, Gin and inactive boundaries
2026-10-09T07:51:30.9044436Z ok 19 - closed-target dominance preserves forbidden returns, no-knock, Gin and inactive boundaries
2026-10-09T07:51:30.9045513Z   ---
2026-10-09T07:51:30.9046048Z   duration_ms: 39.242892
2026-10-09T07:51:30.9046666Z   type: 'test'
2026-10-09T07:51:30.9047209Z   ...
2026-10-09T07:52:00.6486468Z # {"suite":"bot-contract","variant":"standard","players":2,"games":1000,"replays":1000,"totalEvents":260844,"maxEvents":612,"replayChecks":260844,"comparison":"every-event SHA256 and bytes; JSON-roundtrip replay"}
2026-10-09T07:52:31.7910660Z # {"suite":"bot-contract","variant":"standard","players":3,"games":1000,"replays":1000,"totalEvents":285455,"maxEvents":775,"replayChecks":285455,"comparison":"every-event SHA256 and bytes; JSON-roundtrip replay"}
2026-10-09T07:53:09.4408523Z # {"suite":"bot-contract","variant":"standard","players":4,"games":1000,"replays":1000,"totalEvents":344241,"maxEvents":825,"replayChecks":344241,"comparison":"every-event SHA256 and bytes; JSON-roundtrip replay"}
2026-10-09T07:53:36.8694753Z # {"suite":"bot-contract","variant":"oklahoma","players":2,"games":1000,"replays":1000,"totalEvents":255515,"maxEvents":755,"replayChecks":255515,"comparison":"every-event SHA256 and bytes; JSON-roundtrip replay"}
2026-10-09T07:54:06.5436352Z # {"suite":"bot-contract","variant":"oklahoma","players":3,"games":1000,"replays":1000,"totalEvents":268526,"maxEvents":812,"replayChecks":268526,"comparison":"every-event SHA256 and bytes; JSON-roundtrip replay"}
2026-10-09T07:54:42.2904786Z # {"suite":"bot-contract","variant":"oklahoma","players":4,"games":1000,"replays":1000,"totalEvents":315689,"maxEvents":929,"replayChecks":315689,"comparison":"every-event SHA256 and bytes; JSON-roundtrip replay"}
2026-10-09T07:54:55.1293241Z # {"suite":"properties","seeds":1003,"events":420546}
2026-10-09T07:54:58.4870908Z # {"suite":"secrecy","comparisons":7925}
2026-10-09T07:54:58.5125352Z # Subtest: 1000 finished seeded bot games at EACH valid count/edition, hash replay after EVERY event
2026-10-09T07:54:58.5127438Z ok 20 - 1000 finished seeded bot games at EACH valid count/edition, hash replay after EVERY event
2026-10-09T07:54:58.5128701Z   ---
2026-10-09T07:54:58.5129370Z   duration_ms: 199533.044706
2026-10-09T07:54:58.5130068Z   type: 'test'
2026-10-09T07:54:58.5130455Z   ...
2026-10-09T07:54:58.5131425Z # Subtest: property seeds 1,2,3 plus 1000 random seeds: adversarial event sequences and immutability
2026-10-09T07:54:58.5133463Z ok 21 - property seeds 1,2,3 plus 1000 random seeds: adversarial event sequences and immutability
2026-10-09T07:54:58.5134328Z   ---
2026-10-09T07:54:58.5134709Z   duration_ms: 12837.675046
2026-10-09T07:54:58.5135176Z   type: 'test'
2026-10-09T07:54:58.5135537Z   ...
2026-10-09T07:54:58.5136484Z # Subtest: hidden-card/order perturbations never change TV, another controller or bot decisions
2026-10-09T07:54:58.5137963Z ok 22 - hidden-card/order perturbations never change TV, another controller or bot decisions
2026-10-09T07:54:58.5140956Z   ---
2026-10-09T07:54:58.5141314Z   duration_ms: 3357.718795
2026-10-09T07:54:58.5141730Z   type: 'test'
2026-10-09T07:54:58.5142056Z   ...
2026-10-09T07:54:58.5142926Z # Subtest: idle/no-clock matches remain until explicit end, every phase can exit via VIP
2026-10-09T07:54:58.5144115Z ok 23 - idle/no-clock matches remain until explicit end, every phase can exit via VIP
2026-10-09T07:54:58.5144846Z   ---
2026-10-09T07:54:58.5145176Z   duration_ms: 22.700771
2026-10-09T07:54:58.5145589Z   type: 'test'
2026-10-09T07:54:58.5145919Z   ...
2026-10-09T07:54:58.5381693Z # {"suite":"departures","initialCases":1000,"completeMatches":120,"events":17184,"maxAutomatedTransitions":75}
2026-10-09T07:54:58.5411247Z # Subtest: departures in every live phase finish the absent turn without exposing its hand
2026-10-09T07:54:58.5412715Z ok 24 - departures in every live phase finish the absent turn without exposing its hand
2026-10-09T07:54:58.5413574Z   ---
2026-10-09T07:54:58.5413977Z   duration_ms: 16.451509
2026-10-09T07:54:58.5414412Z   type: 'test'
2026-10-09T07:54:58.5414781Z   ...
2026-10-09T07:54:58.5415734Z # Subtest: 1000 departure/drop cases and 120 full matches never leave an absent seat blocking play
2026-10-09T07:54:58.5417207Z ok 25 - 1000 departure/drop cases and 120 full matches never leave an absent seat blocking play
2026-10-09T07:54:58.5418020Z   ---
2026-10-09T07:54:58.5418367Z   duration_ms: 4563.878799
2026-10-09T07:54:58.5418758Z   type: 'test'
2026-10-09T07:54:58.5419095Z   ...
2026-10-09T07:54:58.5420253Z # Subtest: empty rooms pause, reconnect resumes only an automatic pause, and permanent leaves cannot rejoin
2026-10-09T07:54:58.5421683Z ok 26 - empty rooms pause, reconnect resumes only an automatic pause, and permanent leaves cannot rejoin
2026-10-09T07:54:58.5422423Z   ---
2026-10-09T07:54:58.5422763Z   duration_ms: 1.013653
2026-10-09T07:54:58.5423197Z   type: 'test'
2026-10-09T07:54:58.5423569Z   ...
2026-10-09T07:54:58.5425165Z # Subtest: departures during VIP pause drain only on resume; malformed control events do nothing
2026-10-09T07:54:58.5426699Z ok 27 - departures during VIP pause drain only on resume; malformed control events do nothing
2026-10-09T07:54:58.5427538Z   ---
2026-10-09T07:54:58.5427909Z   duration_ms: 0.922082
2026-10-09T07:54:58.5428333Z   type: 'test'
2026-10-09T07:54:58.5428686Z   ...
2026-10-09T07:54:58.5429987Z # {"suite":"deadwood-proof","hands":10000,"tenCard":5000,"elevenCard":5000,"seed":20261008,"checksum":584788}
2026-10-09T07:54:58.5431383Z # Subtest: independent exhaustive meld-subset packing proves 10000 exact minima
2026-10-09T07:54:58.5432561Z ok 28 - independent exhaustive meld-subset packing proves 10000 exact minima
2026-10-09T07:54:58.5433297Z   ---
2026-10-09T07:54:58.5433671Z   duration_ms: 7296.796896
2026-10-09T07:54:58.5434103Z   type: 'test'
2026-10-09T07:54:58.5434462Z   ...
2026-10-09T07:54:58.5435488Z # Subtest: actual Big Gin reducer keeps eleven cards, rejects disabled/incomplete claims and prevents layoffs
2026-10-09T07:54:58.5437085Z ok 29 - actual Big Gin reducer keeps eleven cards, rejects disabled/incomplete claims and prevents layoffs
2026-10-09T07:54:58.5437985Z   ---
2026-10-09T07:54:58.5438354Z   duration_ms: 8.148839
2026-10-09T07:54:58.5438780Z   type: 'test'
2026-10-09T07:54:58.5439146Z   ...
2026-10-09T07:54:58.5440375Z # Subtest: actual Gin/normal knock phases, custom layout rejection, match completion and Oklahoma boxes
2026-10-09T07:54:58.5441986Z ok 30 - actual Gin/normal knock phases, custom layout rejection, match completion and Oklahoma boxes
2026-10-09T07:54:58.5443220Z   ---
2026-10-09T07:54:58.5443593Z   duration_ms: 4.925169
2026-10-09T07:54:58.5444027Z   type: 'test'
2026-10-09T07:54:58.5444391Z   ...
2026-10-09T07:54:58.5445342Z # Subtest: winner-stays queue for every rotation size, drawn hand retains seats, each dealer setting
2026-10-09T07:54:58.5446811Z ok 31 - winner-stays queue for every rotation size, drawn hand retains seats, each dealer setting
2026-10-09T07:54:58.5448031Z   ---
2026-10-09T07:54:58.5448590Z   duration_ms: 1.970671
2026-10-09T07:54:58.5449325Z   type: 'test'
2026-10-09T07:54:58.5450289Z   ...
2026-10-09T07:54:58.5452571Z # {"frameWindow":"READY","profile":"desktop","sourceSha256":"aaaaaaaaaaaaaaaaaaaaaaaaaaaaaaaaaaaaaaaaaaaaaaaaaaaaaaaaaaaaaaaa","attemptNonce":"86acbcd3-1a5b-41b8-ba7b-7e578544a691","utc":"2026-10-09T07:51:34.252Z"}
2026-10-09T07:54:58.5457479Z # {"frameWindow":"CLOSED","profile":"desktop","sourceSha256":"aaaaaaaaaaaaaaaaaaaaaaaaaaaaaaaaaaaaaaaaaaaaaaaaaaaaaaaaaaaaaaaa","attemptNonce":"86acbcd3-1a5b-41b8-ba7b-7e578544a691","coordination":"root-granted","readyUtc":"2026-10-09T07:51:34.252Z","grantUtc":"2026-10-09T07:51:35.258Z","status":"closed","utc":"2026-10-09T07:51:35.258Z"}
2026-10-09T07:54:58.5462312Z # {"frameWindow":"READY","profile":"desktop","sourceSha256":"aaaaaaaaaaaaaaaaaaaaaaaaaaaaaaaaaaaaaaaaaaaaaaaaaaaaaaaaaaaaaaaa","attemptNonce":"89225df7-f2f0-4ce5-957d-fa9bc094414a","utc":"2026-10-09T07:51:35.259Z"}
2026-10-09T07:54:58.5467066Z # {"frameWindow":"CLOSED","profile":"desktop","sourceSha256":"aaaaaaaaaaaaaaaaaaaaaaaaaaaaaaaaaaaaaaaaaaaaaaaaaaaaaaaaaaaaaaaa","attemptNonce":"89225df7-f2f0-4ce5-957d-fa9bc094414a","coordination":"root-granted","readyUtc":"2026-10-09T07:51:35.259Z","grantUtc":"2026-10-09T07:51:35.459Z","status":"closed","utc":"2026-10-09T07:51:35.459Z"}
2026-10-09T07:54:58.5470509Z # {"actualGrantCorruptionControls":10,"sequentialAttempts":2}
2026-10-09T07:54:58.5488464Z # {"frameWindow":"READY","profile":"desktop","sourceSha256":"aaaaaaaaaaaaaaaaaaaaaaaaaaaaaaaaaaaaaaaaaaaaaaaaaaaaaaaaaaaaaaaa","attemptNonce":"0ee9090e-04c5-4113-98b9-e0f00d991814","utc":"2026-10-09T07:51:35.463Z"}
2026-10-09T07:54:58.5491424Z # Subtest: actual temporary grants reject stale nonce/source/profile and malformed or extra fields
2026-10-09T07:54:58.5492910Z ok 32 - actual temporary grants reject stale nonce/source/profile and malformed or extra fields
2026-10-09T07:54:58.5493768Z   ---
2026-10-09T07:54:58.5494429Z   duration_ms: 1211.334565
2026-10-09T07:54:58.5494911Z   type: 'test'
2026-10-09T07:54:58.5495295Z   ...
2026-10-09T07:54:58.5498563Z # {"frameWindow":"CLOSED","profile":"desktop","sourceSha256":"aaaaaaaaaaaaaaaaaaaaaaaaaaaaaaaaaaaaaaaaaaaaaaaaaaaaaaaaaaaaaaaa","attemptNonce":"0ee9090e-04c5-4113-98b9-e0f00d991814","coordination":"root-granted","readyUtc":"2026-10-09T07:51:35.463Z","grantUtc":null,"status":"failed","reason":"matching grant timed out","utc":"2026-10-09T07:51:35.663Z"}
2026-10-09T07:54:58.5502250Z # Subtest: actual missing grant fails and writes CLOSED; no configured barrier returns an explicit uncoordinated identity
2026-10-09T07:54:58.5503942Z ok 33 - actual missing grant fails and writes CLOSED; no configured barrier returns an explicit uncoordinated identity
2026-10-09T07:54:58.5504923Z   ---
2026-10-09T07:54:58.5505292Z   duration_ms: 202.575533
2026-10-09T07:54:58.5505731Z   type: 'test'
2026-10-09T07:54:58.5506116Z   ...
2026-10-09T07:54:58.5507721Z # {"suite":"preexisting-gin-draw-matrix","cases":6912,"actualLegalDrawPhaseRoutes":true,"skills":3,"variants":2,"counts":[2,3,4],"suits":4,"endpoints":2,"clockSettings":[0,10]}
2026-10-09T07:54:58.5510344Z # {"suite":"preexisting-gin-hidden-defenders","cases":1000,"choices":3000,"sha256":"2e50741934f3e2fc8cdb29eb066c29fe991f8fc1a2cd24123969b3121ec98db8"}
2026-10-09T07:54:58.5511892Z # {"suite":"preexisting-gin-draw-boundaries","controls":90}
2026-10-09T07:54:58.5513199Z # {"suite":"preexisting-gin-measured-gain","immediatePoints":31,"priorPassRoutePoints":20,"gain":11}
2026-10-09T07:54:58.5515073Z # Subtest: all skills take a guaranteed finishing discard even when ten-card deadwood is already zero
2026-10-09T07:54:58.5516502Z ok 34 - all skills take a guaranteed finishing discard even when ten-card deadwood is already zero
2026-10-09T07:54:58.5517103Z   ---
2026-10-09T07:54:58.5517311Z   duration_ms: 4963.345851
2026-10-09T07:54:58.5517543Z   type: 'test'
2026-10-09T07:54:58.5517738Z   ...
2026-10-09T07:54:58.5518316Z # Subtest: 1000 hidden defender completions keep the same guaranteed choice and exact independent finishing score
2026-10-09T07:54:58.5519175Z ok 35 - 1000 hidden defender completions keep the same guaranteed choice and exact independent finishing score
2026-10-09T07:54:58.5520048Z   ---
2026-10-09T07:54:58.5520253Z   duration_ms: 1474.832104
2026-10-09T07:54:58.5520484Z   type: 'test'
2026-10-09T07:54:58.5520673Z   ...
2026-10-09T07:54:58.5521235Z # Subtest: forced stock, unavailable actors, pause and non-finishing discards retain the original legal boundaries
2026-10-09T07:54:58.5522101Z ok 36 - forced stock, unavailable actors, pause and non-finishing discards retain the original legal boundaries
2026-10-09T07:54:58.5522587Z   ---
2026-10-09T07:54:58.5522782Z   duration_ms: 16.77042
2026-10-09T07:54:58.5522995Z   type: 'test'
2026-10-09T07:54:58.5523179Z   ...
2026-10-09T07:54:58.5523649Z # Subtest: the reproduced opening takes 31-point Big Gin instead of passing into a 20-point Gin
2026-10-09T07:54:58.5524365Z ok 37 - the reproduced opening takes 31-point Big Gin instead of passing into a 20-point Gin
2026-10-09T07:54:58.5524782Z   ---
2026-10-09T07:54:58.5524976Z   duration_ms: 1.959159
2026-10-09T07:54:58.5525205Z   type: 'test'
2026-10-09T07:54:58.5525401Z   ...
2026-10-09T07:54:58.5525774Z # {"suite":"strong-guaranteed-gin","cases":72,"knownClassicPoints":22}
2026-10-09T07:54:58.5526912Z # {"suite":"gin-actual-score-dominance","defenders":1000,"ordinaryComparisons":6904,"minGain":21,"sha256":"d57bb9977c2b677288f79cc4dae664d82a2d9bf8316ccc658f30362fdc3130d5"}
2026-10-09T07:54:58.5527967Z # {"suite":"gin-policy-boundaries","forbiddenCases":52,"bigGinCases":12}
2026-10-09T07:54:58.5528655Z # Subtest: Strong takes guaranteed Gin despite public discard danger in every edition/profile/rotation
2026-10-09T07:54:58.5529674Z ok 38 - Strong takes guaranteed Gin despite public discard danger in every edition/profile/rotation
2026-10-09T07:54:58.5530458Z   ---
2026-10-09T07:54:58.5530780Z   duration_ms: 78.006837
2026-10-09T07:54:58.5531439Z   type: 'test'
2026-10-09T07:54:58.5531802Z   ...
2026-10-09T07:54:58.5532745Z # Subtest: actual Gin scoring dominates every legal ordinary knock against 1000 disjoint hidden defenders
2026-10-09T07:54:58.5534233Z ok 39 - actual Gin scoring dominates every legal ordinary knock against 1000 disjoint hidden defenders
2026-10-09T07:54:58.5535181Z   ---
2026-10-09T07:54:58.5535496Z   duration_ms: 1859.987668
2026-10-09T07:54:58.5535877Z   type: 'test'
2026-10-09T07:54:58.5536182Z   ...
2026-10-09T07:54:58.5537142Z # Subtest: Gin priority respects immediate-return prohibition and preserves the existing Big Gin branch
2026-10-09T07:54:58.5538659Z ok 40 - Gin priority respects immediate-return prohibition and preserves the existing Big Gin branch
2026-10-09T07:54:58.5539753Z   ---
2026-10-09T07:54:58.5540116Z   duration_ms: 15.723595
2026-10-09T07:54:58.5540483Z   type: 'test'
2026-10-09T07:54:58.5540907Z   ...
2026-10-09T07:54:58.5542150Z # {"suite":"non-gin-policy-byte-equivalence","states":10000,"decisions":30000,"baselineHead":"72d0f3f4ad4f6b70a8ac6b0ed81121300aa54c1f"}
2026-10-09T07:54:58.5543632Z # Subtest: all 30000 non-Gin bot choices retain the accepted pre-repair behavior
2026-10-09T07:54:58.5544713Z ok 41 - all 30000 non-Gin bot choices retain the accepted pre-repair behavior
2026-10-09T07:54:58.5545476Z   ---
2026-10-09T07:54:58.5545834Z   duration_ms: 2355.557889
2026-10-09T07:54:58.5546202Z   type: 'test'
2026-10-09T07:54:58.5546594Z   ...
2026-10-09T07:54:58.5547884Z # {"suite":"initial-presence-exhaustive","cases":336,"connectionMasks":"all","counts":[2,3,4],"variants":["standard","oklahoma"],"clocks":[0,10]}
2026-10-09T07:54:58.5549706Z # {"suite":"initial-presence-seeded","cases":1000}
2026-10-09T07:54:58.5550767Z # Subtest: known initial presence is handled before either player needs to send an event
2026-10-09T07:54:58.5551956Z ok 42 - known initial presence is handled before either player needs to send an event
2026-10-09T07:54:58.5552701Z   ---
2026-10-09T07:54:58.5553055Z   duration_ms: 389.808674
2026-10-09T07:54:58.5553467Z   type: 'test'
2026-10-09T07:54:58.5553786Z   ...
2026-10-09T07:54:58.5554707Z # Subtest: 1000 seeded initial presence patterns are playable or paused without a duplicate drop event
2026-10-09T07:54:58.5556103Z ok 43 - 1000 seeded initial presence patterns are playable or paused without a duplicate drop event
2026-10-09T07:54:58.5556933Z   ---
2026-10-09T07:54:58.5557250Z   duration_ms: 524.19638
2026-10-09T07:54:58.5557636Z   type: 'test'
2026-10-09T07:54:58.5557965Z   ...
2026-10-09T07:54:58.5558803Z # {"suite":"connected-initialization-byte-equivalence","cases":6000,"baselineHead":"d5fbb39746f8f7900bee57506e8133e8675f48ed"}
2026-10-09T07:54:58.5560142Z # Subtest: all-connected opening states retain the exact 6000 pre-repair JSON states
2026-10-09T07:54:58.5561358Z ok 44 - all-connected opening states retain the exact 6000 pre-repair JSON states
2026-10-09T07:54:58.5562103Z   ---
2026-10-09T07:54:58.5562408Z   duration_ms: 194.542171
2026-10-09T07:54:58.5562769Z   type: 'test'
2026-10-09T07:54:58.5563080Z   ...
2026-10-09T07:54:58.5564041Z # {"suite":"same-meld-knock-configurations","cases":576,"minGain":1,"classicPointsBefore":1,"classicPointsAfter":2}
2026-10-09T07:54:58.5566243Z # {"suite":"same-meld-knock-hidden-defenders","defenders":1000,"minGain":1,"maxGain":2,"positiveKnocks":1000,"undercuts":0,"sha256":"8b7cd1f52b2b229393f43ad8ccd09056a2c496a42b5d8e277cf9436049027bd2"}
2026-10-09T07:54:58.5567749Z # {"suite":"same-meld-knock-boundaries","controls":120}
2026-10-09T07:54:58.5569059Z # {"suite":"same-meld-knock-score-boundaries","cases":144,"winningTransitions":36,"minGain":1,"maxGain":52,"defenderDeadwoods":[0,1,2,3]}
2026-10-09T07:54:58.5570966Z # Subtest: Strong takes the strictly better same-meld knock in all editions, profiles, rosters and suits
2026-10-09T07:54:58.5572337Z ok 45 - Strong takes the strictly better same-meld knock in all editions, profiles, rosters and suits
2026-10-09T07:54:58.5573094Z   ---
2026-10-09T07:54:58.5573416Z   duration_ms: 687.640028
2026-10-09T07:54:58.5574033Z   type: 'test'
2026-10-09T07:54:58.5574347Z   ...
2026-10-09T07:54:58.5575348Z # Subtest: the same public decision dominates against 1000 hidden defenders with independent joint layoff scoring
2026-10-09T07:54:58.5576785Z ok 46 - the same public decision dominates against 1000 hidden defenders with independent joint layoff scoring
2026-10-09T07:54:58.5577636Z   ---
2026-10-09T07:54:58.5577940Z   duration_ms: 5278.487095
2026-10-09T07:54:58.5578299Z   type: 'test'
2026-10-09T07:54:58.5578597Z   ...
2026-10-09T07:54:58.5579767Z # Subtest: ordinary-knock priority retains immediate-return, Gin, no-knock and unavailable-player boundaries
2026-10-09T07:54:58.5581295Z ok 47 - ordinary-knock priority retains immediate-return, Gin, no-knock and unavailable-player boundaries
2026-10-09T07:54:58.5581896Z   ---
2026-10-09T07:54:58.5582094Z   duration_ms: 28.624427
2026-10-09T07:54:58.5582316Z   type: 'test'
2026-10-09T07:54:58.5582502Z   ...
2026-10-09T07:54:58.5583294Z # Subtest: same-meld lower deadwood improves both undercuts and the transition from undercut to winning knock
2026-10-09T07:54:58.5584781Z ok 48 - same-meld lower deadwood improves both undercuts and the transition from undercut to winning knock
2026-10-09T07:54:58.5585657Z   ---
2026-10-09T07:54:58.5586002Z   duration_ms: 543.737173
2026-10-09T07:54:58.5586410Z   type: 'test'
2026-10-09T07:54:58.5586771Z   ...
2026-10-09T07:54:58.5587983Z # {"suite":"joint-layoff-proof","hands":2000,"twoTarget":1000,"threeTarget":1000,"seed":816777,"checksum":102460,"actualLaidCards":1534}
2026-10-09T07:54:58.5590142Z # Subtest: 2000 independent joint meld/layoff weighted packings including chained extensions
2026-10-09T07:54:58.5591449Z ok 49 - 2000 independent joint meld/layoff weighted packings including chained extensions
2026-10-09T07:54:58.5592251Z   ---
2026-10-09T07:54:58.5592595Z   duration_ms: 7825.776303
2026-10-09T07:54:58.5592998Z   type: 'test'
2026-10-09T07:54:58.5593344Z   ...
2026-10-09T07:54:58.5594680Z # {"suite":"public-discard-closed-meld-knock-settings","cases":1152,"minGain":11,"maxGain":52,"classicSignedBefore":-10,"classicSignedAfter":1}
2026-10-09T07:54:58.5597183Z # {"suite":"public-discard-closed-meld-knock-independent-hidden-defenders","defenders":1000,"publicViewsByteIdentical":true,"minGain":1,"maxGain":1,"winningTransitions":0}
2026-10-09T07:54:58.5599065Z # {"suite":"public-discard-closed-meld-knock-boundaries","controls":168}
2026-10-09T07:54:58.5600697Z # Subtest: Strong excludes publicly discarded cards from finishing layoff targets in every setting and suit
2026-10-09T07:54:58.5602290Z ok 50 - Strong excludes publicly discarded cards from finishing layoff targets in every setting and suit
2026-10-09T07:54:58.5603207Z   ---
2026-10-09T07:54:58.5603580Z   duration_ms: 1735.336774
2026-10-09T07:54:58.5604012Z   type: 'test'
2026-10-09T07:54:58.5604368Z   ...
2026-10-09T07:54:58.5605316Z # Subtest: 1000 identical public views keep the same safe choice and independent joint-defense score
2026-10-09T07:54:58.5606787Z ok 51 - 1000 identical public views keep the same safe choice and independent joint-defense score
2026-10-09T07:54:58.5607634Z   ---
2026-10-09T07:54:58.5608016Z   duration_ms: 9876.767502
2026-10-09T07:54:58.5608450Z   type: 'test'
2026-10-09T07:54:58.5608802Z   ...
2026-10-09T07:54:58.5610200Z # Subtest: public discard closure preserves hidden-card uncertainty, forbidden returns, no-knock and Gin boundaries
2026-10-09T07:54:58.5611948Z ok 52 - public discard closure preserves hidden-card uncertainty, forbidden returns, no-knock and Gin boundaries
2026-10-09T07:54:58.5612932Z   ---
2026-10-09T07:54:58.5613302Z   duration_ms: 74.966967
2026-10-09T07:54:58.5613736Z   type: 'test'
2026-10-09T07:54:58.5614093Z   ...
2026-10-09T07:54:58.5614989Z # {"suite":"opening-pass-attribution","directPassCases":360,"editions":2,"counts":[2,3,4]}
2026-10-09T07:54:58.5616256Z # {"suite":"pass-valid-ids","cases":240,"ids":["","__proto__","constructor","last"]}
2026-10-09T07:54:58.5617674Z # {"suite":"automatic-pass-attribution","routes":["timer","vip","player"]}
2026-10-09T07:54:58.5618983Z # Subtest: both opening passes identify their actual actors across counts, editions and seeds
2026-10-09T07:54:58.5620557Z ok 53 - both opening passes identify their actual actors across counts, editions and seeds
2026-10-09T07:54:58.5621288Z   ---
2026-10-09T07:54:58.5621620Z   duration_ms: 94.398245
2026-10-09T07:54:58.5621992Z   type: 'test'
2026-10-09T07:54:58.5622297Z   ...
2026-10-09T07:54:58.5623094Z # Subtest: empty and prototype-shaped original IDs retain pass attribution as own keys
2026-10-09T07:54:58.5624090Z ok 54 - empty and prototype-shaped original IDs retain pass attribution as own keys
2026-10-09T07:54:58.5624815Z   ---
2026-10-09T07:54:58.5625153Z   duration_ms: 38.972192
2026-10-09T07:54:58.5625544Z   type: 'test'
2026-10-09T07:54:58.5625864Z   ...
2026-10-09T07:54:58.5626524Z # Subtest: timer, VIP skip and absent-seat automation identify the automatic passer
2026-10-09T07:54:58.5627619Z ok 55 - timer, VIP skip and absent-seat automation identify the automatic passer
2026-10-09T07:54:58.5628252Z   ---
2026-10-09T07:54:58.5628678Z   duration_ms: 2.224725
2026-10-09T07:54:58.5629133Z   type: 'test'
2026-10-09T07:54:58.5629722Z   ...
2026-10-09T07:54:58.5630749Z # Subtest: first raw target winner keeps the crown even when final box settlement reverses points
2026-10-09T07:54:58.5631716Z ok 56 - first raw target winner keeps the crown even when final box settlement reverses points
2026-10-09T07:54:58.5632144Z   ---
2026-10-09T07:54:58.5632336Z   duration_ms: 8.284211
2026-10-09T07:54:58.5632779Z   type: 'test'
2026-10-09T07:54:58.5632965Z   ...
2026-10-09T07:54:58.5633410Z # Subtest: every valid string ID, including empty, wins, earns bonuses and stays in rotation
2026-10-09T07:54:58.5634100Z ok 57 - every valid string ID, including empty, wins, earns bonuses and stays in rotation
2026-10-09T07:54:58.5634505Z   ---
2026-10-09T07:54:58.5634725Z   duration_ms: 12.816576
2026-10-09T07:54:58.5634955Z   type: 'test'
2026-10-09T07:54:58.5635144Z   ...
2026-10-09T07:54:58.5635590Z # Subtest: malformed identity metadata cannot coerce a registered ID, throw or reveal a hand
2026-10-09T07:54:58.5636277Z ok 58 - malformed identity metadata cannot coerce a registered ID, throw or reveal a hand
2026-10-09T07:54:58.5636835Z   ---
2026-10-09T07:54:58.5637159Z   duration_ms: 2.221318
2026-10-09T07:54:58.5637534Z   type: 'test'
2026-10-09T07:54:58.5637858Z   ...
2026-10-09T07:54:58.5638566Z # Subtest: early end preserves earned raw points and reports current standings
2026-10-09T07:54:58.5639882Z ok 59 - early end preserves earned raw points and reports current standings
2026-10-09T07:54:58.5640509Z   ---
2026-10-09T07:54:58.5640866Z   duration_ms: 0.770549
2026-10-09T07:54:58.5641216Z   type: 'test'
2026-10-09T07:54:58.5641521Z   ...
2026-10-09T07:54:58.5642006Z # Subtest: aces low, set cardinality, runs and overlap
2026-10-09T07:54:58.5642674Z ok 60 - aces low, set cardinality, runs and overlap
2026-10-09T07:54:58.5643147Z   ---
2026-10-09T07:54:58.5643470Z   duration_ms: 2.70424
2026-10-09T07:54:58.5643819Z   type: 'test'
2026-10-09T07:54:58.5644115Z   ...
2026-10-09T07:54:58.5644904Z # Subtest: joint meld/layoff optimizer finds chains and forbids gin/deadwood/four-card layoffs
2026-10-09T07:54:58.5646179Z ok 61 - joint meld/layoff optimizer finds chains and forbids gin/deadwood/four-card layoffs
2026-10-09T07:54:58.5646921Z   ---
2026-10-09T07:54:58.5647243Z   duration_ms: 2.584667
2026-10-09T07:54:58.5647607Z   type: 'test'
2026-10-09T07:54:58.5647923Z   ...
2026-10-09T07:54:58.5648552Z # Subtest: every score formula, tie undercut and spade whole-hand doubling
2026-10-09T07:54:58.5649627Z ok 62 - every score formula, tie undercut and spade whole-hand doubling
2026-10-09T07:54:58.5650201Z   ---
2026-10-09T07:54:58.5650518Z   duration_ms: 2.255552
2026-10-09T07:54:58.5650899Z   type: 'test'
2026-10-09T07:54:58.5651215Z   ...
2026-10-09T07:54:58.5652051Z # Subtest: opening offers, forced stock, exact immediate-return restriction, stock draw boundary
2026-10-09T07:54:58.5653534Z ok 63 - opening offers, forced stock, exact immediate-return restriction, stock draw boundary
2026-10-09T07:54:58.5654255Z   ---
2026-10-09T07:54:58.5654564Z   duration_ms: 19.472145
2026-10-09T07:54:58.5654933Z   type: 'test'
2026-10-09T07:54:58.5655253Z   ...
2026-10-09T07:54:58.5655936Z # Subtest: Oklahoma limits / ace / spade configurations from all 52 initial upcards
2026-10-09T07:54:58.5657051Z ok 64 - Oklahoma limits / ace / spade configurations from all 52 initial upcards
2026-10-09T07:54:58.5657695Z   ---
2026-10-09T07:54:58.5658046Z   duration_ms: 24.699921
2026-10-09T07:54:58.5658416Z   type: 'test'
2026-10-09T07:54:58.5658753Z   ...
2026-10-09T07:54:58.5659335Z # Subtest: pause, resume, stale/early timer, spectators, malformed input, late leaver, explicit end
2026-10-09T07:54:58.5660398Z ok 65 - pause, resume, stale/early timer, spectators, malformed input, late leaver, explicit end
2026-10-09T07:54:58.5660846Z   ---
2026-10-09T07:54:58.5661037Z   duration_ms: 1.925266
2026-10-09T07:54:58.5661262Z   type: 'test'
2026-10-09T07:54:58.5661512Z   ...
2026-10-09T07:54:58.5662397Z # Subtest: all required roster settings, default sanitization, exact phase fixtures and manifest
2026-10-09T07:54:58.5663518Z ok 66 - all required roster settings, default sanitization, exact phase fixtures and manifest
2026-10-09T07:54:58.5663967Z   ---
2026-10-09T07:54:58.5664164Z   duration_ms: 93.708675
2026-10-09T07:54:58.5664391Z   type: 'test'
2026-10-09T07:54:58.5664584Z   ...
2026-10-09T07:54:58.5664951Z # {"syntheticGuardCorruptionsRejected":175,"guardedSources":35}
2026-10-09T07:54:58.5665914Z # Subtest: synthetic positive control covers full identities, native timestamps, all hand witnesses and clips
2026-10-09T07:54:58.5666745Z ok 67 - synthetic positive control covers full identities, native timestamps, all hand witnesses and clips
2026-10-09T07:54:58.5667225Z   ---
2026-10-09T07:54:58.5667414Z   duration_ms: 7.56096
2026-10-09T07:54:58.5667628Z   type: 'test'
2026-10-09T07:54:58.5667822Z   ...
2026-10-09T07:54:58.5668299Z # Subtest: every guarded source and each start/end inventory entry rejects a stale hash or omission
2026-10-09T07:54:58.5669026Z ok 68 - every guarded source and each start/end inventory entry rejects a stale hash or omission
2026-10-09T07:54:58.5670032Z   ---
2026-10-09T07:54:58.5670285Z   duration_ms: 131.700614
2026-10-09T07:54:58.5670608Z   type: 'test'
2026-10-09T07:54:58.5670964Z   ...
2026-10-09T07:54:58.5671505Z # Subtest: wrong attempt/profile/page/transport/throttle, filtered samples and fake native clocks fail
2026-10-09T07:54:58.5672321Z ok 69 - wrong attempt/profile/page/transport/throttle, filtered samples and fake native clocks fail
2026-10-09T07:54:58.5672789Z   ---
2026-10-09T07:54:58.5672986Z   duration_ms: 19.241394
2026-10-09T07:54:58.5673214Z   type: 'test'
2026-10-09T07:54:58.5673405Z   ...
2026-10-09T07:54:58.5673926Z # Subtest: missing/invalid timestamp, raw interval or active-frame witness fails despite good summaries
2026-10-09T07:54:58.5674727Z ok 70 - missing/invalid timestamp, raw interval or active-frame witness fails despite good summaries
2026-10-09T07:54:58.5675206Z   ---
2026-10-09T07:54:58.5675406Z   duration_ms: 12.833347
2026-10-09T07:54:58.5675634Z   type: 'test'
2026-10-09T07:54:58.5675825Z   ...
2026-10-09T07:54:58.5676317Z # Subtest: all statistics are recomputed and an honestly reported long interval fails the fixed gate
2026-10-09T07:54:58.5677062Z ok 71 - all statistics are recomputed and an honestly reported long interval fails the fixed gate
2026-10-09T07:54:58.5677501Z   ---
2026-10-09T07:54:58.5677691Z   duration_ms: 8.248054
2026-10-09T07:54:58.5677909Z   type: 'test'
2026-10-09T07:54:58.5678100Z   ...
2026-10-09T07:54:58.5678590Z # Subtest: failed runs, mislabeled clips, altered bytes, outsize media and network/errors are rejected
2026-10-09T07:54:58.5679345Z ok 72 - failed runs, mislabeled clips, altered bytes, outsize media and network/errors are rejected
2026-10-09T07:54:58.5680160Z   ---
2026-10-09T07:54:58.5680540Z   duration_ms: 22.938178
2026-10-09T07:54:58.5680780Z   type: 'test'
2026-10-09T07:54:58.5680969Z   ...
2026-10-09T07:54:58.5681612Z # {"suite":"subset-finishing-knock-settings","cases":1152,"minGain":14,"maxGain":58,"classicSignedBefore":-10,"classicSignedAfter":4}
2026-10-09T07:54:58.5682977Z # {"suite":"subset-finishing-knock-independent-hidden-defenders","defenders":1000,"publicViewsByteIdentical":true,"minGain":1,"maxGain":5,"winningTransitions":0,"strictDefenseImprovements":904}
2026-10-09T07:54:58.5683963Z # {"suite":"subset-finishing-knock-boundaries","controls":216}
2026-10-09T07:54:58.5684627Z # Subtest: Strong removes strictly unnecessary finishing layoff targets across every setting and suit
2026-10-09T07:54:58.5685398Z ok 73 - Strong removes strictly unnecessary finishing layoff targets across every setting and suit
2026-10-09T07:54:58.5685846Z   ---
2026-10-09T07:54:58.5686039Z   duration_ms: 1709.857916
2026-10-09T07:54:58.5686270Z   type: 'test'
2026-10-09T07:54:58.5686461Z   ...
2026-10-09T07:54:58.5687023Z # Subtest: 1000 identical public views prove defender opportunity inclusion with independent joint-defense scoring
2026-10-09T07:54:58.5687907Z ok 74 - 1000 identical public views prove defender opportunity inclusion with independent joint-defense scoring
2026-10-09T07:54:58.5688404Z   ---
2026-10-09T07:54:58.5688595Z   duration_ms: 8122.400068
2026-10-09T07:54:58.5688828Z   type: 'test'
2026-10-09T07:54:58.5689014Z   ...
2026-10-09T07:54:58.5690164Z # Subtest: subset finishing preserves incomparable layouts, public uncertainty, forbidden discards, other skills and non-finishing boundaries
2026-10-09T07:54:58.5691606Z ok 75 - subset finishing preserves incomparable layouts, public uncertainty, forbidden discards, other skills and non-finishing boundaries
2026-10-09T07:54:58.5692210Z   ---
2026-10-09T07:54:58.5692407Z   duration_ms: 52.971183
2026-10-09T07:54:58.5692637Z   type: 'test'
2026-10-09T07:54:58.5692828Z   ...
2026-10-09T07:54:58.5693196Z # Subtest: same-timestamp turns cannot share timer instance identity
2026-10-09T07:54:58.5693733Z ok 76 - same-timestamp turns cannot share timer instance identity
2026-10-09T07:54:58.5694072Z   ---
2026-10-09T07:54:58.5694262Z   duration_ms: 12.820282
2026-10-09T07:54:58.5694484Z   type: 'test'
2026-10-09T07:54:58.5694682Z   ...
2026-10-09T07:54:58.5694860Z 1..76
2026-10-09T07:54:58.5695035Z # tests 76
2026-10-09T07:54:58.5695217Z # suites 0
2026-10-09T07:54:58.5695406Z # pass 72
2026-10-09T07:54:58.5695586Z # fail 4
2026-10-09T07:54:58.5695769Z # cancelled 0
2026-10-09T07:54:58.5695972Z # skipped 0
2026-10-09T07:54:58.5696154Z # todo 0
2026-10-09T07:54:58.5696358Z # duration_ms 220914.443009
2026-10-09T07:54:58.5707271Z ##[error]Process completed with exit code 1.
2026-10-09T07:54:58.5794474Z ##[group]Run actions/upload-artifact@v4
2026-10-09T07:54:58.5794778Z with:
2026-10-09T07:54:58.5794988Z   name: G02-browser-evidence
2026-10-09T07:54:58.5796813Z   path: jobs/G02-gin-rummy/.work/browser/*-frames.json
jobs/G02-gin-rummy/.work/browser/report.json
jobs/G02-gin-rummy/.work/browser/captures.json
jobs/G02-gin-rummy/.work/browser/ci-current-*.webm
jobs/G02-gin-rummy/.work/clock-after.json
jobs/G02-gin-rummy/.work/custom-meld-after.json
jobs/G02-gin-rummy/.work/results-after.json
jobs/G02-gin-rummy/.work/name-check.json
jobs/G02-gin-rummy/media/strict-reverify-1900-*.webm
jobs/G02-gin-rummy/evidence/resume-20261008/strict-reverify-1900-captures.json

2026-10-09T07:54:58.5798688Z   include-hidden-files: true
2026-10-09T07:54:58.5798942Z   if-no-files-found: warn
2026-10-09T07:54:58.5799173Z   compression-level: 6
2026-10-09T07:54:58.5799598Z   overwrite: false
2026-10-09T07:54:58.5799817Z ##[endgroup]
2026-10-09T07:54:58.7523094Z (node:3552) [DEP0040] DeprecationWarning: The `punycode` module is deprecated. Please use a userland alternative instead.
2026-10-09T07:54:58.7524034Z (Use `node --trace-deprecation ...` to show where the warning was created)
2026-10-09T07:54:58.7720982Z Multiple search paths detected. Calculating the least common ancestor of all paths
2026-10-09T07:54:58.7723002Z The least common ancestor is /home/runner/work/partybox-game-cores/partybox-game-cores/jobs/G02-gin-rummy. This will be the root directory of the artifact
2026-10-09T07:54:58.7723803Z With the provided path, there will be 3 files uploaded
2026-10-09T07:54:58.7724318Z Artifact name is valid!
2026-10-09T07:54:58.7724599Z Root directory input is valid!
2026-10-09T07:54:59.1947787Z Beginning upload of artifact content to blob storage
2026-10-09T07:54:59.2556506Z (node:3552) [DEP0169] DeprecationWarning: `url.parse()` behavior is not standardized and prone to errors that have security implications. Use the WHATWG URL API instead. CVEs are not issued for `url.parse()` vulnerabilities.
2026-10-09T07:54:59.9461902Z Uploaded bytes 1015714
2026-10-09T07:55:00.0253220Z Finished uploading artifact content to blob storage!
2026-10-09T07:55:00.0254684Z SHA256 digest of uploaded artifact zip is eb3d0761b0d3465c7c8d0be548cb5cbb3542dbeff1b23908ef1b572e50cf8d7b
2026-10-09T07:55:00.0255803Z Finalizing artifact upload
2026-10-09T07:55:00.3474685Z Artifact G02-browser-evidence.zip successfully finalized. Artifact ID 11602602372
2026-10-09T07:55:00.3476414Z Artifact G02-browser-evidence has been successfully uploaded! Final size is 1015714 bytes. Artifact ID is 11602602372
2026-10-09T07:55:00.3481707Z Artifact download URL: https://github.com/luisitin/partybox-game-cores/actions/runs/37901344277/artifacts/11602602372
2026-10-09T07:55:00.3690457Z Post job cleanup.
2026-10-09T07:55:00.4580469Z [command]/usr/bin/git version
2026-10-09T07:55:00.4620093Z git version 2.55.0
2026-10-09T07:55:00.4664052Z Temporarily overriding HOME='/home/runner/work/_temp/ed3a718f-2fdc-40fc-a42f-bb55a2d9a117' before making global git config changes
2026-10-09T07:55:00.4665837Z Adding repository directory to the temporary git global config as a safe directory
2026-10-09T07:55:00.4669709Z [command]/usr/bin/git config --global --add safe.directory /home/runner/work/partybox-game-cores/partybox-game-cores
2026-10-09T07:55:00.4711059Z [command]/usr/bin/git config --local --name-only --get-regexp core\.sshCommand
2026-10-09T07:55:00.4746326Z [command]/usr/bin/git submodule foreach --recursive sh -c "git config --local --name-only --get-regexp 'core\.sshCommand' && git config --local --unset-all 'core.sshCommand' || :"
2026-10-09T07:55:00.5014774Z [command]/usr/bin/git config --local --name-only --get-regexp http\.https\:\/\/github\.com\/\.extraheader
2026-10-09T07:55:00.5048489Z http.https://github.com/.extraheader
2026-10-09T07:55:00.5062209Z [command]/usr/bin/git config --local --unset-all http.https://github.com/.extraheader
2026-10-09T07:55:00.5113900Z [command]/usr/bin/git submodule foreach --recursive sh -c "git config --local --name-only --get-regexp 'http\.https\:\/\/github\.com\/\.extraheader' && git config --local --unset-all 'http.https://github.com/.extraheader' || :"
2026-10-09T07:55:00.5397998Z [command]/usr/bin/git config --local --name-only --get-regexp ^includeIf\.gitdir:
2026-10-09T07:55:00.5441689Z [command]/usr/bin/git submodule foreach --recursive git config --local --show-origin --name-only --get-regexp remote.origin.url
2026-10-09T07:55:00.5884044Z Cleaning up orphan processes
2026-10-09T07:55:00.6305461Z ##[warning]Node.js 20 is deprecated. The following actions target Node.js 20 but are being forced to run on Node.js 24: actions/checkout@v4, actions/setup-node@v4, actions/upload-artifact@v4. For more information see: https://github.blog/changelog/2025-09-19-deprecation-of-node-20-on-github-actions-runners/
