2026-10-09T08:38:27.8170169Z Current runner version: '2.337.0'
2026-10-09T08:38:27.8191548Z ##[group]Runner Image Provisioner
2026-10-09T08:38:27.8192280Z Hosted Compute Agent
2026-10-09T08:38:27.8192822Z Version: 20261002.596
2026-10-09T08:38:27.8193350Z Commit: c3d12f3313a95f25162a1503be624f3b0617f8c0
2026-10-09T08:38:27.8193958Z Build Date: 2026-10-02T22:28:27Z
2026-10-09T08:38:27.8194593Z Worker ID: {b6182ebf-2e46-40fe-bc26-9afbf8be7653}
2026-10-09T08:38:27.8195174Z Region: mexicocentral
2026-10-09T08:38:27.8195631Z Cloud: Azure
2026-10-09T08:38:27.8196130Z ##[endgroup]
2026-10-09T08:38:27.8197177Z ##[group]Operating System
2026-10-09T08:38:27.8197796Z Ubuntu
2026-10-09T08:38:27.8198245Z 24.04.5
2026-10-09T08:38:27.8198662Z LTS
2026-10-09T08:38:27.8199149Z ##[endgroup]
2026-10-09T08:38:27.8199629Z ##[group]Runner Image
2026-10-09T08:38:27.8200150Z Image: ubuntu-24.04
2026-10-09T08:38:27.8200778Z Version: 20261004.327.1
2026-10-09T08:38:27.8201825Z Included Software: https://github.com/actions/runner-images/blob/ubuntu24/20261004.327/images/ubuntu/Ubuntu2404-Readme.md
2026-10-09T08:38:27.8203066Z Image Release: https://github.com/actions/runner-images/releases/tag/ubuntu24%2F20261004.327
2026-10-09T08:38:27.8203856Z ##[endgroup]
2026-10-09T08:38:27.8204769Z ##[group]GITHUB_TOKEN Permissions
2026-10-09T08:38:27.8206280Z Contents: read
2026-10-09T08:38:27.8206872Z Metadata: read
2026-10-09T08:38:27.8207334Z ##[endgroup]
2026-10-09T08:38:27.8209013Z Secret source: Actions
2026-10-09T08:38:27.8209745Z Cache mode: write
2026-10-09T08:38:27.8210354Z Prepare workflow directory
2026-10-09T08:38:27.8626928Z Prepare all required actions
2026-10-09T08:38:27.8666585Z Getting action download info
2026-10-09T08:38:28.1807598Z Download action repository 'actions/checkout@v4' (SHA:11d5960a326750d5838078e36cf38b85af677262)
2026-10-09T08:38:29.0085552Z Download action repository 'actions/setup-node@v4' (SHA:49933ea5288caeca8642d1e84afbd3f7d6820020)
2026-10-09T08:38:29.1170075Z Download action repository 'actions/upload-artifact@v4' (SHA:ea165f8d65b6e75b540449e92b4886f43607fa02)
2026-10-09T08:38:29.8862184Z Complete job name: browser-bootstrap
2026-10-09T08:38:29.9533831Z ##[group]Run actions/checkout@v4
2026-10-09T08:38:29.9534324Z with:
2026-10-09T08:38:29.9534569Z   ref: 72bd30595c1b18346c31f0192691c3fede309cef
2026-10-09T08:38:29.9534877Z   repository: luisitin/partybox-game-cores
2026-10-09T08:38:29.9537368Z   token: ***
2026-10-09T08:38:29.9537590Z   ssh-strict: true
2026-10-09T08:38:29.9537803Z   ssh-user: git
2026-10-09T08:38:29.9538021Z   persist-credentials: true
2026-10-09T08:38:29.9538255Z   clean: true
2026-10-09T08:38:29.9538470Z   sparse-checkout-cone-mode: true
2026-10-09T08:38:29.9538720Z   fetch-depth: 1
2026-10-09T08:38:29.9538944Z   fetch-tags: false
2026-10-09T08:38:29.9539166Z   show-progress: true
2026-10-09T08:38:29.9539375Z   lfs: false
2026-10-09T08:38:29.9539575Z   submodules: false
2026-10-09T08:38:29.9539791Z   set-safe-directory: true
2026-10-09T08:38:29.9540034Z   allow-unsafe-pr-checkout: false
2026-10-09T08:38:29.9540416Z env:
2026-10-09T08:38:29.9540819Z   G02_SOURCE_HEAD: 72bd30595c1b18346c31f0192691c3fede309cef
2026-10-09T08:38:29.9541157Z ##[endgroup]
2026-10-09T08:38:30.0346844Z Syncing repository: luisitin/partybox-game-cores
2026-10-09T08:38:30.0348289Z ##[group]Getting Git version info
2026-10-09T08:38:30.0348732Z Working directory is '/home/runner/work/partybox-game-cores/partybox-game-cores'
2026-10-09T08:38:30.0349316Z [command]/usr/bin/git version
2026-10-09T08:38:30.3161381Z git version 2.55.0
2026-10-09T08:38:30.3184257Z ##[endgroup]
2026-10-09T08:38:30.3191352Z Temporarily overriding HOME='/home/runner/work/_temp/8d39dd3f-ef91-4219-9112-05c46cdb57ae' before making global git config changes
2026-10-09T08:38:30.3192433Z Adding repository directory to the temporary git global config as a safe directory
2026-10-09T08:38:30.3196381Z [command]/usr/bin/git config --global --add safe.directory /home/runner/work/partybox-game-cores/partybox-game-cores
2026-10-09T08:38:30.3243675Z Deleting the contents of '/home/runner/work/partybox-game-cores/partybox-game-cores'
2026-10-09T08:38:30.3246752Z ##[group]Initializing the repository
2026-10-09T08:38:30.3250491Z [command]/usr/bin/git init /home/runner/work/partybox-game-cores/partybox-game-cores
2026-10-09T08:38:30.4366596Z hint: Using 'master' as the name for the initial branch. This default branch name
2026-10-09T08:38:30.4367447Z hint: will change to "main" in Git 3.0. To configure the initial branch name
2026-10-09T08:38:30.4368073Z hint: to use in all of your new repositories, which will suppress this warning,
2026-10-09T08:38:30.4368535Z hint: call:
2026-10-09T08:38:30.4368784Z hint:
2026-10-09T08:38:30.4369125Z hint: 	git config --global init.defaultBranch <name>
2026-10-09T08:38:30.4369502Z hint:
2026-10-09T08:38:30.4369832Z hint: Names commonly chosen instead of 'master' are 'main', 'trunk' and
2026-10-09T08:38:30.4370401Z hint: 'development'. The just-created branch can be renamed via this command:
2026-10-09T08:38:30.4371073Z hint:
2026-10-09T08:38:30.4371326Z hint: 	git branch -m <name>
2026-10-09T08:38:30.4371652Z hint:
2026-10-09T08:38:30.4372070Z hint: Disable this message with "git config set advice.defaultBranchName false"
2026-10-09T08:38:30.4372844Z Initialized empty Git repository in /home/runner/work/partybox-game-cores/partybox-game-cores/.git/
2026-10-09T08:38:30.4375365Z [command]/usr/bin/git remote add origin https://github.com/luisitin/partybox-game-cores
2026-10-09T08:38:30.4421793Z ##[endgroup]
2026-10-09T08:38:30.4422314Z ##[group]Disabling automatic garbage collection
2026-10-09T08:38:30.4425748Z [command]/usr/bin/git config --local gc.auto 0
2026-10-09T08:38:30.4453890Z ##[endgroup]
2026-10-09T08:38:30.4454350Z ##[group]Setting up auth
2026-10-09T08:38:30.4460110Z [command]/usr/bin/git config --local --name-only --get-regexp core\.sshCommand
2026-10-09T08:38:30.4490463Z [command]/usr/bin/git submodule foreach --recursive sh -c "git config --local --name-only --get-regexp 'core\.sshCommand' && git config --local --unset-all 'core.sshCommand' || :"
2026-10-09T08:38:30.4799730Z [command]/usr/bin/git config --local --name-only --get-regexp http\.https\:\/\/github\.com\/\.extraheader
2026-10-09T08:38:30.4828953Z [command]/usr/bin/git submodule foreach --recursive sh -c "git config --local --name-only --get-regexp 'http\.https\:\/\/github\.com\/\.extraheader' && git config --local --unset-all 'http.https://github.com/.extraheader' || :"
2026-10-09T08:38:30.5070959Z [command]/usr/bin/git config --local --name-only --get-regexp ^includeIf\.gitdir:
2026-10-09T08:38:30.5072449Z [command]/usr/bin/git submodule foreach --recursive git config --local --show-origin --name-only --get-regexp remote.origin.url
2026-10-09T08:38:30.5240480Z [command]/usr/bin/git config --local http.https://github.com/.extraheader AUTHORIZATION: basic ***
2026-10-09T08:38:30.5275691Z ##[endgroup]
2026-10-09T08:38:30.5276146Z ##[group]Fetching the repository
2026-10-09T08:38:30.5283251Z [command]/usr/bin/git -c protocol.version=2 fetch --no-tags --prune --no-recurse-submodules --depth=1 origin 72bd30595c1b18346c31f0192691c3fede309cef
2026-10-09T08:38:35.8872901Z From https://github.com/luisitin/partybox-game-cores
2026-10-09T08:38:35.8873419Z  * branch            72bd30595c1b18346c31f0192691c3fede309cef -> FETCH_HEAD
2026-10-09T08:38:35.8876427Z ##[endgroup]
2026-10-09T08:38:35.8876959Z ##[group]Determining the checkout info
2026-10-09T08:38:35.8879017Z ##[endgroup]
2026-10-09T08:38:35.8885732Z [command]/usr/bin/git sparse-checkout disable
2026-10-09T08:38:35.8942988Z [command]/usr/bin/git config --local --unset-all extensions.worktreeConfig
2026-10-09T08:38:35.8971373Z ##[group]Checking out the ref
2026-10-09T08:38:35.8973984Z [command]/usr/bin/git checkout --progress --force 72bd30595c1b18346c31f0192691c3fede309cef
2026-10-09T08:38:36.1624331Z Note: switching to '72bd30595c1b18346c31f0192691c3fede309cef'.
2026-10-09T08:38:36.1624742Z 
2026-10-09T08:38:36.1625020Z You are in 'detached HEAD' state. You can look around, make experimental
2026-10-09T08:38:36.1625619Z changes and commit them, and you can discard any commits you make in this
2026-10-09T08:38:36.1626496Z state without impacting any branches by switching back to a branch.
2026-10-09T08:38:36.1626857Z 
2026-10-09T08:38:36.1627119Z If you want to create a new branch to retain commits you create, you may
2026-10-09T08:38:36.1627645Z do so (now or later) by using -c with the switch command. Example:
2026-10-09T08:38:36.1627948Z 
2026-10-09T08:38:36.1628093Z   git switch -c <new-branch-name>
2026-10-09T08:38:36.1628307Z 
2026-10-09T08:38:36.1628435Z Or undo this operation with:
2026-10-09T08:38:36.1628622Z 
2026-10-09T08:38:36.1628733Z   git switch -
2026-10-09T08:38:36.1628977Z 
2026-10-09T08:38:36.1629241Z Turn off this advice by setting config variable advice.detachedHead to false
2026-10-09T08:38:36.1629638Z 
2026-10-09T08:38:36.1629926Z HEAD is now at 72bd305 test G02 draw decision boundary after full verified subset repair
2026-10-09T08:38:36.1658824Z ##[endgroup]
2026-10-09T08:38:36.1698729Z [command]/usr/bin/git log -1 --format=%H
2026-10-09T08:38:36.1722046Z 72bd30595c1b18346c31f0192691c3fede309cef
2026-10-09T08:38:36.1937559Z ##[group]Run actions/setup-node@v4
2026-10-09T08:38:36.1937793Z with:
2026-10-09T08:38:36.1937966Z   node-version: 22.16.0
2026-10-09T08:38:36.1938149Z   cache: npm
2026-10-09T08:38:36.1938377Z   cache-dependency-path: jobs/G02-gin-rummy/package-lock.json
2026-10-09T08:38:36.1938658Z   always-auth: false
2026-10-09T08:38:36.1938839Z   check-latest: false
2026-10-09T08:38:36.1941366Z   token: ***
2026-10-09T08:38:36.1941536Z env:
2026-10-09T08:38:36.1941743Z   G02_SOURCE_HEAD: 72bd30595c1b18346c31f0192691c3fede309cef
2026-10-09T08:38:36.1941997Z ##[endgroup]
2026-10-09T08:38:36.3171854Z Attempting to download 22.16.0...
2026-10-09T08:38:36.3252532Z (node:2081) [DEP0040] DeprecationWarning: The `punycode` module is deprecated. Please use a userland alternative instead.
2026-10-09T08:38:36.3253543Z (Use `node --trace-deprecation ...` to show where the warning was created)
2026-10-09T08:38:37.3441991Z Acquiring 22.16.0 - x64 from https://github.com/actions/node-versions/releases/download/22.16.0-15177438473/node-22.16.0-linux-x64.tar.gz
2026-10-09T08:38:37.8045374Z Extracting ...
2026-10-09T08:38:37.8138777Z [command]/usr/bin/tar xz --strip 1 --warning=no-unknown-keyword --overwrite -C /home/runner/work/_temp/5c6efaad-e5f4-4318-bddd-2a6613f69f62 -f /home/runner/work/_temp/ea47cc96-cbde-40f2-ab1d-1e1a9ef33023
2026-10-09T08:38:38.7886414Z Adding to the cache ...
2026-10-09T08:38:41.1522216Z ##[group]Environment details
2026-10-09T08:38:41.3389537Z node: v22.16.0
2026-10-09T08:38:41.3389844Z npm: 10.9.2
2026-10-09T08:38:41.3390064Z yarn: 1.22.22
2026-10-09T08:38:41.3390784Z ##[endgroup]
2026-10-09T08:38:41.3404717Z [command]/opt/hostedtoolcache/node/22.16.0/x64/bin/npm config get cache
2026-10-09T08:38:41.4127570Z /home/runner/.npm
2026-10-09T08:38:41.6206843Z Cache hit for: node-cache-Linux-x64-npm-d48b0073b1be2df746cbb2cab1dca64dc5674a863aed54a4ee7f428aad681317
2026-10-09T08:38:41.6292446Z (node:2081) [DEP0169] DeprecationWarning: `url.parse()` behavior is not standardized and prone to errors that have security implications. Use the WHATWG URL API instead. CVEs are not issued for `url.parse()` vulnerabilities.
2026-10-09T08:38:42.6914851Z Received 12676573 of 12676573 (100.0%), 14.1 MBs/sec
2026-10-09T08:38:42.6915689Z Cache Size: ~12 MB (12676573 B)
2026-10-09T08:38:42.7000419Z [command]/usr/bin/tar -xf /home/runner/work/_temp/3735de08-04b5-4510-8a57-3c837d28ea57/cache.tzst -P -C /home/runner/work/partybox-game-cores/partybox-game-cores --use-compress-program unzstd
2026-10-09T08:38:42.7197410Z Cache restored successfully
2026-10-09T08:38:42.7207526Z Cache restored from key: node-cache-Linux-x64-npm-d48b0073b1be2df746cbb2cab1dca64dc5674a863aed54a4ee7f428aad681317
2026-10-09T08:38:42.7356607Z ##[group]Run node --input-type=module <<'JS'
2026-10-09T08:38:42.7356944Z [36;1mnode --input-type=module <<'JS'[0m
2026-10-09T08:38:42.7357211Z [36;1mimport assert from 'node:assert/strict';[0m
2026-10-09T08:38:42.7357525Z [36;1mimport {readFile,appendFile} from 'node:fs/promises';[0m
2026-10-09T08:38:42.7357982Z [36;1mimport {createHash} from 'node:crypto';[0m
2026-10-09T08:38:42.7358398Z [36;1mconst request=JSON.parse(await readFile('evidence/audit-20261009/bootstrap-request.json','utf8'));[0m
2026-10-09T08:38:42.7358910Z [36;1massert.equal(request.version,1);assert.equal(typeof request.enabled,'boolean');[0m
2026-10-09T08:38:42.7359257Z [36;1mif(request.enabled){[0m
2026-10-09T08:38:42.7361404Z [36;1m assert(['mandatory one-workflow correction; first capture binding the corrected G02 workflow','verified material Strong Gin-priority repair; first capture for changed game source','verified material Gin draw repair; first capture for changed game source','verified material same-meld finishing knock repair; first capture for changed game source','verified material closed-meld finishing knock repair; first capture for changed game source','verified material public-discard closed-meld finishing knock repair; first capture for changed game source','verified material strict-subset finishing knock repair; first capture for changed game source'].includes(request.reason),'explicit material/protocol bootstrap reason required');[0m
2026-10-09T08:38:42.7363411Z [36;1m const sha=bytes=>createHash('sha256').update(bytes).digest('hex');[0m
2026-10-09T08:38:42.7363812Z [36;1m assert.equal(sha(await readFile('src/core.ts')),request.coreSha256);[0m
2026-10-09T08:38:42.7364191Z [36;1m assert.equal(sha(await readFile('play.html')),request.htmlSha256);[0m
2026-10-09T08:38:42.7364476Z [36;1m}[0m
2026-10-09T08:38:42.7364794Z [36;1mawait appendFile(process.env.GITHUB_OUTPUT,'bootstrap='+String(request.enabled)+'\n');[0m
2026-10-09T08:38:42.7365379Z [36;1mconsole.log(JSON.stringify({nativeBootstrapRequested:request.enabled,samplersExecuted:false,reason:request.reason}));[0m
2026-10-09T08:38:42.7365814Z [36;1mJS[0m
2026-10-09T08:38:42.7584778Z shell: /usr/bin/bash -e {0}
2026-10-09T08:38:42.7585002Z env:
2026-10-09T08:38:42.7585226Z   G02_SOURCE_HEAD: 72bd30595c1b18346c31f0192691c3fede309cef
2026-10-09T08:38:42.7585513Z ##[endgroup]
2026-10-09T08:38:42.7910246Z {"nativeBootstrapRequested":false,"samplersExecuted":false,"reason":"verified material strict-subset finishing knock repair; first capture for changed game source"}
2026-10-09T08:38:42.8086819Z Post job cleanup.
2026-10-09T08:38:42.9071708Z (node:2146) [DEP0040] DeprecationWarning: The `punycode` module is deprecated. Please use a userland alternative instead.
2026-10-09T08:38:42.9072401Z (Use `node --trace-deprecation ...` to show where the warning was created)
2026-10-09T08:38:42.9074770Z Cache hit occurred on the primary key node-cache-Linux-x64-npm-d48b0073b1be2df746cbb2cab1dca64dc5674a863aed54a4ee7f428aad681317, not saving cache.
2026-10-09T08:38:42.9182963Z Post job cleanup.
2026-10-09T08:38:42.9851083Z [command]/usr/bin/git version
2026-10-09T08:38:42.9893642Z git version 2.55.0
2026-10-09T08:38:42.9922370Z Temporarily overriding HOME='/home/runner/work/_temp/ca5ad4dc-0eb9-40ea-9534-ae72f796f246' before making global git config changes
2026-10-09T08:38:42.9923817Z Adding repository directory to the temporary git global config as a safe directory
2026-10-09T08:38:42.9926400Z [command]/usr/bin/git config --global --add safe.directory /home/runner/work/partybox-game-cores/partybox-game-cores
2026-10-09T08:38:42.9958144Z [command]/usr/bin/git config --local --name-only --get-regexp core\.sshCommand
2026-10-09T08:38:42.9986368Z [command]/usr/bin/git submodule foreach --recursive sh -c "git config --local --name-only --get-regexp 'core\.sshCommand' && git config --local --unset-all 'core.sshCommand' || :"
2026-10-09T08:38:43.0197499Z [command]/usr/bin/git config --local --name-only --get-regexp http\.https\:\/\/github\.com\/\.extraheader
2026-10-09T08:38:43.0213346Z http.https://github.com/.extraheader
2026-10-09T08:38:43.0240829Z [command]/usr/bin/git config --local --unset-all http.https://github.com/.extraheader
2026-10-09T08:38:43.0281405Z [command]/usr/bin/git submodule foreach --recursive sh -c "git config --local --name-only --get-regexp 'http\.https\:\/\/github\.com\/\.extraheader' && git config --local --unset-all 'http.https://github.com/.extraheader' || :"
2026-10-09T08:38:43.0602222Z [command]/usr/bin/git config --local --name-only --get-regexp ^includeIf\.gitdir:
2026-10-09T08:38:43.0640312Z [command]/usr/bin/git submodule foreach --recursive git config --local --show-origin --name-only --get-regexp remote.origin.url
2026-10-09T08:38:43.0996576Z Cleaning up orphan processes
2026-10-09T08:38:43.1226476Z ##[warning]Node.js 20 is deprecated. The following actions target Node.js 20 but are being forced to run on Node.js 24: actions/checkout@v4, actions/setup-node@v4. For more information see: https://github.blog/changelog/2025-09-19-deprecation-of-node-20-on-github-actions-runners/
