2026-10-09T08:38:26.7802619Z Current runner version: '2.337.0'
2026-10-09T08:38:26.7819623Z ##[group]Runner Image Provisioner
2026-10-09T08:38:26.7820273Z Hosted Compute Agent
2026-10-09T08:38:26.7820966Z Version: 20261002.596
2026-10-09T08:38:26.7821439Z Commit: c3d12f3313a95f25162a1503be624f3b0617f8c0
2026-10-09T08:38:26.7821990Z Build Date: 2026-10-02T22:28:27Z
2026-10-09T08:38:26.7822456Z Worker ID: {3166c448-e9b9-428f-9fc3-e2f195ec5f0c}
2026-10-09T08:38:26.7822953Z Region: centralus
2026-10-09T08:38:26.7823323Z Cloud: Azure
2026-10-09T08:38:26.7823697Z ##[endgroup]
2026-10-09T08:38:26.7824614Z ##[group]Operating System
2026-10-09T08:38:26.7825034Z Ubuntu
2026-10-09T08:38:26.7825394Z 24.04.5
2026-10-09T08:38:26.7825787Z LTS
2026-10-09T08:38:26.7826148Z ##[endgroup]
2026-10-09T08:38:26.7826542Z ##[group]Runner Image
2026-10-09T08:38:26.7826945Z Image: ubuntu-24.04
2026-10-09T08:38:26.7827325Z Version: 20261004.327.1
2026-10-09T08:38:26.7828229Z Included Software: https://github.com/actions/runner-images/blob/ubuntu24/20261004.327/images/ubuntu/Ubuntu2404-Readme.md
2026-10-09T08:38:26.7829279Z Image Release: https://github.com/actions/runner-images/releases/tag/ubuntu24%2F20261004.327
2026-10-09T08:38:26.7829931Z ##[endgroup]
2026-10-09T08:38:26.7830966Z ##[group]GITHUB_TOKEN Permissions
2026-10-09T08:38:26.7832530Z Contents: read
2026-10-09T08:38:26.7832925Z Metadata: read
2026-10-09T08:38:26.7833306Z ##[endgroup]
2026-10-09T08:38:26.7834645Z Secret source: Actions
2026-10-09T08:38:26.7835280Z Cache mode: write
2026-10-09T08:38:26.7835760Z Prepare workflow directory
2026-10-09T08:38:26.8108293Z Prepare all required actions
2026-10-09T08:38:26.8143393Z Getting action download info
2026-10-09T08:38:27.0500008Z Download action repository 'actions/checkout@v4' (SHA:11d5960a326750d5838078e36cf38b85af677262)
2026-10-09T08:38:27.1519013Z Download action repository 'actions/setup-node@v4' (SHA:49933ea5288caeca8642d1e84afbd3f7d6820020)
2026-10-09T08:38:27.2414585Z Download action repository 'actions/upload-artifact@v4' (SHA:ea165f8d65b6e75b540449e92b4886f43607fa02)
2026-10-09T08:38:27.4291844Z Complete job name: verify
2026-10-09T08:38:27.4798999Z ##[group]Run actions/checkout@v4
2026-10-09T08:38:27.4799608Z with:
2026-10-09T08:38:27.4800013Z   repository: luisitin/partybox-game-cores
2026-10-09T08:38:27.4803034Z   token: ***
2026-10-09T08:38:27.4803397Z   ssh-strict: true
2026-10-09T08:38:27.4803756Z   ssh-user: git
2026-10-09T08:38:27.4804135Z   persist-credentials: true
2026-10-09T08:38:27.4804550Z   clean: true
2026-10-09T08:38:27.4804939Z   sparse-checkout-cone-mode: true
2026-10-09T08:38:27.4805358Z   fetch-depth: 1
2026-10-09T08:38:27.4805701Z   fetch-tags: false
2026-10-09T08:38:27.4806084Z   show-progress: true
2026-10-09T08:38:27.4806468Z   lfs: false
2026-10-09T08:38:27.4806851Z   submodules: false
2026-10-09T08:38:27.4807214Z   set-safe-directory: true
2026-10-09T08:38:27.4807653Z   allow-unsafe-pr-checkout: false
2026-10-09T08:38:27.4808228Z ##[endgroup]
2026-10-09T08:38:27.5549483Z Syncing repository: luisitin/partybox-game-cores
2026-10-09T08:38:27.5551680Z ##[group]Getting Git version info
2026-10-09T08:38:27.5552544Z Working directory is '/home/runner/work/partybox-game-cores/partybox-game-cores'
2026-10-09T08:38:27.5553441Z [command]/usr/bin/git version
2026-10-09T08:38:27.5642511Z git version 2.55.0
2026-10-09T08:38:27.5655982Z ##[endgroup]
2026-10-09T08:38:27.5667286Z Temporarily overriding HOME='/home/runner/work/_temp/91dac1ab-983d-47be-b8a5-8263beb2b64d' before making global git config changes
2026-10-09T08:38:27.5671069Z Adding repository directory to the temporary git global config as a safe directory
2026-10-09T08:38:27.5672124Z [command]/usr/bin/git config --global --add safe.directory /home/runner/work/partybox-game-cores/partybox-game-cores
2026-10-09T08:38:27.5709487Z Deleting the contents of '/home/runner/work/partybox-game-cores/partybox-game-cores'
2026-10-09T08:38:27.5713569Z ##[group]Initializing the repository
2026-10-09T08:38:27.5717306Z [command]/usr/bin/git init /home/runner/work/partybox-game-cores/partybox-game-cores
2026-10-09T08:38:27.5808713Z hint: Using 'master' as the name for the initial branch. This default branch name
2026-10-09T08:38:27.5810523Z hint: will change to "main" in Git 3.0. To configure the initial branch name
2026-10-09T08:38:27.5811938Z hint: to use in all of your new repositories, which will suppress this warning,
2026-10-09T08:38:27.5813197Z hint: call:
2026-10-09T08:38:27.5814038Z hint:
2026-10-09T08:38:27.5814882Z hint: 	git config --global init.defaultBranch <name>
2026-10-09T08:38:27.5815789Z hint:
2026-10-09T08:38:27.5816712Z hint: Names commonly chosen instead of 'master' are 'main', 'trunk' and
2026-10-09T08:38:27.5817972Z hint: 'development'. The just-created branch can be renamed via this command:
2026-10-09T08:38:27.5818908Z hint:
2026-10-09T08:38:27.5819641Z hint: 	git branch -m <name>
2026-10-09T08:38:27.5820518Z hint:
2026-10-09T08:38:27.5821290Z hint: Disable this message with "git config set advice.defaultBranchName false"
2026-10-09T08:38:27.5822896Z Initialized empty Git repository in /home/runner/work/partybox-game-cores/partybox-game-cores/.git/
2026-10-09T08:38:27.5825571Z [command]/usr/bin/git remote add origin https://github.com/luisitin/partybox-game-cores
2026-10-09T08:38:27.5858063Z ##[endgroup]
2026-10-09T08:38:27.5858933Z ##[group]Disabling automatic garbage collection
2026-10-09T08:38:27.5861614Z [command]/usr/bin/git config --local gc.auto 0
2026-10-09T08:38:27.5883428Z ##[endgroup]
2026-10-09T08:38:27.5884712Z ##[group]Setting up auth
2026-10-09T08:38:27.5888657Z [command]/usr/bin/git config --local --name-only --get-regexp core\.sshCommand
2026-10-09T08:38:27.5915833Z [command]/usr/bin/git submodule foreach --recursive sh -c "git config --local --name-only --get-regexp 'core\.sshCommand' && git config --local --unset-all 'core.sshCommand' || :"
2026-10-09T08:38:27.6192302Z [command]/usr/bin/git config --local --name-only --get-regexp http\.https\:\/\/github\.com\/\.extraheader
2026-10-09T08:38:27.6216802Z [command]/usr/bin/git submodule foreach --recursive sh -c "git config --local --name-only --get-regexp 'http\.https\:\/\/github\.com\/\.extraheader' && git config --local --unset-all 'http.https://github.com/.extraheader' || :"
2026-10-09T08:38:27.6355240Z [command]/usr/bin/git config --local --name-only --get-regexp ^includeIf\.gitdir:
2026-10-09T08:38:27.6378282Z [command]/usr/bin/git submodule foreach --recursive git config --local --show-origin --name-only --get-regexp remote.origin.url
2026-10-09T08:38:27.6515783Z [command]/usr/bin/git config --local http.https://github.com/.extraheader AUTHORIZATION: basic ***
2026-10-09T08:38:27.6543780Z ##[endgroup]
2026-10-09T08:38:27.6544398Z ##[group]Fetching the repository
2026-10-09T08:38:27.6549977Z [command]/usr/bin/git -c protocol.version=2 fetch --no-tags --prune --no-recurse-submodules --depth=1 origin +e51a8181473261187841c56399858e7d8ae5f22f:refs/remotes/pull/12/merge
2026-10-09T08:38:31.5746512Z From https://github.com/luisitin/partybox-game-cores
2026-10-09T08:38:31.5748027Z  * [new ref]         e51a8181473261187841c56399858e7d8ae5f22f -> pull/12/merge
2026-10-09T08:38:31.5767453Z ##[endgroup]
2026-10-09T08:38:31.5768335Z ##[group]Determining the checkout info
2026-10-09T08:38:31.5769086Z ##[endgroup]
2026-10-09T08:38:31.5769547Z [command]/usr/bin/git sparse-checkout disable
2026-10-09T08:38:31.5815386Z [command]/usr/bin/git config --local --unset-all extensions.worktreeConfig
2026-10-09T08:38:31.5842440Z ##[group]Checking out the ref
2026-10-09T08:38:31.5844173Z [command]/usr/bin/git checkout --progress --force refs/remotes/pull/12/merge
2026-10-09T08:38:31.8660166Z Note: switching to 'refs/remotes/pull/12/merge'.
2026-10-09T08:38:31.8660951Z 
2026-10-09T08:38:31.8661253Z You are in 'detached HEAD' state. You can look around, make experimental
2026-10-09T08:38:31.8661908Z changes and commit them, and you can discard any commits you make in this
2026-10-09T08:38:31.8662560Z state without impacting any branches by switching back to a branch.
2026-10-09T08:38:31.8662943Z 
2026-10-09T08:38:31.8663197Z If you want to create a new branch to retain commits you create, you may
2026-10-09T08:38:31.8663908Z do so (now or later) by using -c with the switch command. Example:
2026-10-09T08:38:31.8664142Z 
2026-10-09T08:38:31.8664313Z   git switch -c <new-branch-name>
2026-10-09T08:38:31.8664525Z 
2026-10-09T08:38:31.8664678Z Or undo this operation with:
2026-10-09T08:38:31.8664858Z 
2026-10-09T08:38:31.8664972Z   git switch -
2026-10-09T08:38:31.8665221Z 
2026-10-09T08:38:31.8665511Z Turn off this advice by setting config variable advice.detachedHead to false
2026-10-09T08:38:31.8675418Z 
2026-10-09T08:38:31.8675907Z HEAD is now at e51a818 Merge 72bd30595c1b18346c31f0192691c3fede309cef into d5fbb39746f8f7900bee57506e8133e8675f48ed
2026-10-09T08:38:31.8683061Z ##[endgroup]
2026-10-09T08:38:31.8714783Z [command]/usr/bin/git log -1 --format=%H
2026-10-09T08:38:31.8733478Z e51a8181473261187841c56399858e7d8ae5f22f
2026-10-09T08:38:31.8948005Z ##[group]Run actions/setup-node@v4
2026-10-09T08:38:31.8948382Z with:
2026-10-09T08:38:31.8948679Z   node-version: 22.16.0
2026-10-09T08:38:31.8948999Z   cache: npm
2026-10-09T08:38:31.8949351Z   cache-dependency-path: jobs/G02-gin-rummy/package-lock.json
2026-10-09T08:38:31.8949740Z   always-auth: false
2026-10-09T08:38:31.8950072Z   check-latest: false
2026-10-09T08:38:31.8952502Z   token: ***
2026-10-09T08:38:31.8952807Z ##[endgroup]
2026-10-09T08:38:31.9949793Z Attempting to download 22.16.0...
2026-10-09T08:38:32.0026513Z (node:2115) [DEP0040] DeprecationWarning: The `punycode` module is deprecated. Please use a userland alternative instead.
2026-10-09T08:38:32.7926283Z (Use `node --trace-deprecation ...` to show where the warning was created)
2026-10-09T08:38:32.7970532Z Acquiring 22.16.0 - x64 from https://github.com/actions/node-versions/releases/download/22.16.0-15177438473/node-22.16.0-linux-x64.tar.gz
2026-10-09T08:38:33.3734236Z Extracting ...
2026-10-09T08:38:33.3819021Z [command]/usr/bin/tar xz --strip 1 --warning=no-unknown-keyword --overwrite -C /home/runner/work/_temp/d83c3f66-36a1-4fcf-8c1e-601c954d336e -f /home/runner/work/_temp/9cc7b4e6-cc9c-4409-ba4d-c99a32428c0b
2026-10-09T08:38:34.3263477Z Adding to the cache ...
2026-10-09T08:38:36.0773685Z ##[group]Environment details
2026-10-09T08:38:36.2411457Z node: v22.16.0
2026-10-09T08:38:36.2411897Z npm: 10.9.2
2026-10-09T08:38:36.2412232Z yarn: 1.22.22
2026-10-09T08:38:36.2413044Z ##[endgroup]
2026-10-09T08:38:36.2434703Z [command]/opt/hostedtoolcache/node/22.16.0/x64/bin/npm config get cache
2026-10-09T08:38:36.3056984Z /home/runner/.npm
2026-10-09T08:38:36.4471115Z Cache hit for: node-cache-Linux-x64-npm-d48b0073b1be2df746cbb2cab1dca64dc5674a863aed54a4ee7f428aad681317
2026-10-09T08:38:36.4555322Z (node:2115) [DEP0169] DeprecationWarning: `url.parse()` behavior is not standardized and prone to errors that have security implications. Use the WHATWG URL API instead. CVEs are not issued for `url.parse()` vulnerabilities.
2026-10-09T08:38:37.2965139Z Received 12676573 of 12676573 (100.0%), 18.4 MBs/sec
2026-10-09T08:38:37.2965717Z Cache Size: ~12 MB (12676573 B)
2026-10-09T08:38:37.3044021Z [command]/usr/bin/tar -xf /home/runner/work/_temp/b0a85014-f8c6-40f8-b450-d889269a672b/cache.tzst -P -C /home/runner/work/partybox-game-cores/partybox-game-cores --use-compress-program unzstd
2026-10-09T08:38:37.3222298Z Cache restored successfully
2026-10-09T08:38:37.3229186Z Cache restored from key: node-cache-Linux-x64-npm-d48b0073b1be2df746cbb2cab1dca64dc5674a863aed54a4ee7f428aad681317
2026-10-09T08:38:37.3358978Z ##[group]Run npm ci --ignore-scripts --no-audit --no-fund
2026-10-09T08:38:37.3359479Z [36;1mnpm ci --ignore-scripts --no-audit --no-fund[0m
2026-10-09T08:38:37.3516155Z shell: /usr/bin/bash -e {0}
2026-10-09T08:38:37.3516501Z ##[endgroup]
2026-10-09T08:38:37.9565656Z 
2026-10-09T08:38:37.9571116Z added 6 packages in 566ms
2026-10-09T08:38:37.9771665Z ##[group]Run npx playwright install --with-deps chromium
2026-10-09T08:38:37.9772176Z [36;1mnpx playwright install --with-deps chromium[0m
2026-10-09T08:38:37.9807220Z shell: /usr/bin/bash -e {0}
2026-10-09T08:38:37.9807669Z ##[endgroup]
2026-10-09T08:38:38.4995526Z Installing dependencies...
2026-10-09T08:38:38.5039125Z Switching to root user to install dependencies...
2026-10-09T08:38:38.5591099Z Get:1 file:/etc/apt/apt-mirrors.txt Mirrorlist [144 B]
2026-10-09T08:38:38.5989141Z Hit:2 http://azure.archive.ubuntu.com/ubuntu noble InRelease
2026-10-09T08:38:38.5990618Z Get:6 https://packages.microsoft.com/ubuntu/24.04/prod noble InRelease [3600 B]
2026-10-09T08:38:38.6005516Z Get:3 http://azure.archive.ubuntu.com/ubuntu noble-updates InRelease [126 kB]
2026-10-09T08:38:38.6041964Z Get:4 http://azure.archive.ubuntu.com/ubuntu noble-backports InRelease [126 kB]
2026-10-09T08:38:38.6061534Z Get:5 http://azure.archive.ubuntu.com/ubuntu noble-security InRelease [126 kB]
2026-10-09T08:38:38.6805062Z Get:7 https://packages.microsoft.com/ubuntu/24.04/prod noble/main amd64 Packages [531 kB]
2026-10-09T08:38:38.6927427Z Get:8 https://packages.microsoft.com/ubuntu/24.04/prod noble/main all Packages [640 B]
2026-10-09T08:38:38.6961798Z Get:9 https://packages.microsoft.com/ubuntu/24.04/prod noble/main armhf Packages [12.3 kB]
2026-10-09T08:38:38.7001487Z Get:10 https://packages.microsoft.com/ubuntu/24.04/prod noble/main arm64 Packages [475 kB]
2026-10-09T08:38:38.7163233Z Get:11 http://azure.archive.ubuntu.com/ubuntu noble-updates/main amd64 Packages [1375 kB]
2026-10-09T08:38:38.7231063Z Get:12 http://azure.archive.ubuntu.com/ubuntu noble-updates/main Translation-en [306 kB]
2026-10-09T08:38:38.7261811Z Get:13 http://azure.archive.ubuntu.com/ubuntu noble-updates/universe amd64 Packages [1702 kB]
2026-10-09T08:38:38.7327322Z Get:14 http://azure.archive.ubuntu.com/ubuntu noble-updates/universe Translation-en [342 kB]
2026-10-09T08:38:38.7348115Z Get:15 http://azure.archive.ubuntu.com/ubuntu noble-updates/restricted amd64 Packages [1761 kB]
2026-10-09T08:38:38.7422378Z Get:16 http://azure.archive.ubuntu.com/ubuntu noble-updates/restricted Translation-en [401 kB]
2026-10-09T08:38:38.7442561Z Get:17 http://azure.archive.ubuntu.com/ubuntu noble-updates/multiverse amd64 Packages [55.0 kB]
2026-10-09T08:38:38.7448760Z Get:18 http://azure.archive.ubuntu.com/ubuntu noble-updates/multiverse Translation-en [14.3 kB]
2026-10-09T08:38:38.7975670Z Get:19 http://azure.archive.ubuntu.com/ubuntu noble-security/main amd64 Packages [1118 kB]
2026-10-09T08:38:38.8056225Z Get:20 http://azure.archive.ubuntu.com/ubuntu noble-security/main Translation-en [228 kB]
2026-10-09T08:38:38.8487600Z Get:21 http://azure.archive.ubuntu.com/ubuntu noble-security/universe amd64 Packages [1220 kB]
2026-10-09T08:38:38.8532019Z Get:22 http://azure.archive.ubuntu.com/ubuntu noble-security/universe Translation-en [245 kB]
2026-10-09T08:38:38.8547752Z Get:23 http://azure.archive.ubuntu.com/ubuntu noble-security/restricted amd64 Packages [1667 kB]
2026-10-09T08:38:38.8606116Z Get:24 http://azure.archive.ubuntu.com/ubuntu noble-security/restricted Translation-en [383 kB]
2026-10-09T08:38:38.8628239Z Get:25 http://azure.archive.ubuntu.com/ubuntu noble-security/multiverse amd64 Packages [49.8 kB]
2026-10-09T08:38:38.8636878Z Get:26 http://azure.archive.ubuntu.com/ubuntu noble-security/multiverse Translation-en [12.4 kB]
2026-10-09T08:38:43.9554730Z Fetched 12.3 MB in 1s (12.3 MB/s)
2026-10-09T08:38:44.6363710Z Reading package lists...
2026-10-09T08:38:44.6573878Z Reading package lists...
2026-10-09T08:38:44.7859958Z Building dependency tree...
2026-10-09T08:38:44.7865621Z Reading state information...
2026-10-09T08:38:44.9268710Z libasound2t64 is already the newest version (1.2.11-1ubuntu0.3).
2026-10-09T08:38:44.9269556Z libasound2t64 set to manually installed.
2026-10-09T08:38:44.9270050Z libatk-bridge2.0-0t64 is already the newest version (2.52.0-1build1).
2026-10-09T08:38:44.9270801Z libatk-bridge2.0-0t64 set to manually installed.
2026-10-09T08:38:44.9271644Z libatk1.0-0t64 is already the newest version (2.52.0-1build1).
2026-10-09T08:38:44.9272042Z libatk1.0-0t64 set to manually installed.
2026-10-09T08:38:44.9272484Z libatspi2.0-0t64 is already the newest version (2.52.0-1build1).
2026-10-09T08:38:44.9272997Z libatspi2.0-0t64 set to manually installed.
2026-10-09T08:38:44.9273572Z libcairo2 is already the newest version (1.18.0-3build1).
2026-10-09T08:38:44.9273995Z libcairo2 set to manually installed.
2026-10-09T08:38:44.9274442Z libcups2t64 is already the newest version (2.4.7-1.2ubuntu7.14).
2026-10-09T08:38:44.9274835Z libcups2t64 set to manually installed.
2026-10-09T08:38:44.9275330Z libdbus-1-3 is already the newest version (1.14.10-4ubuntu4.1).
2026-10-09T08:38:44.9275722Z libdbus-1-3 set to manually installed.
2026-10-09T08:38:44.9276169Z libdrm2 is already the newest version (2.4.125-1ubuntu0.1~24.04.2).
2026-10-09T08:38:44.9276550Z libdrm2 set to manually installed.
2026-10-09T08:38:44.9277092Z libgbm1 is already the newest version (25.2.8-0ubuntu0.24.04.4).
2026-10-09T08:38:44.9277490Z libgbm1 set to manually installed.
2026-10-09T08:38:44.9277936Z libglib2.0-0t64 is already the newest version (2.80.0-6ubuntu3.9).
2026-10-09T08:38:44.9278342Z libglib2.0-0t64 set to manually installed.
2026-10-09T08:38:44.9278787Z libnspr4 is already the newest version (2:4.35-1.1build1).
2026-10-09T08:38:44.9279188Z libnspr4 set to manually installed.
2026-10-09T08:38:44.9279654Z libnss3 is already the newest version (2:3.98-1ubuntu0.2).
2026-10-09T08:38:44.9280094Z libnss3 set to manually installed.
2026-10-09T08:38:44.9280587Z libpango-1.0-0 is already the newest version (1.52.1+ds-1build1).
2026-10-09T08:38:44.9281009Z libpango-1.0-0 set to manually installed.
2026-10-09T08:38:44.9281541Z libx11-6 is already the newest version (2:1.8.7-1build1).
2026-10-09T08:38:44.9281981Z libx11-6 set to manually installed.
2026-10-09T08:38:44.9282434Z libxcb1 is already the newest version (1.15-1ubuntu2).
2026-10-09T08:38:44.9282882Z libxcb1 set to manually installed.
2026-10-09T08:38:44.9283406Z libxcomposite1 is already the newest version (1:0.4.5-1build3).
2026-10-09T08:38:44.9283923Z libxcomposite1 set to manually installed.
2026-10-09T08:38:44.9284427Z libxdamage1 is already the newest version (1:1.1.6-1build1).
2026-10-09T08:38:44.9284822Z libxdamage1 set to manually installed.
2026-10-09T08:38:44.9285184Z libxext6 is already the newest version (2:1.3.4-1build2).
2026-10-09T08:38:44.9285654Z libxext6 set to manually installed.
2026-10-09T08:38:44.9286174Z libxfixes3 is already the newest version (1:6.0.0-2build1).
2026-10-09T08:38:44.9286723Z libxfixes3 set to manually installed.
2026-10-09T08:38:44.9287204Z libxkbcommon0 is already the newest version (1.6.0-1build1).
2026-10-09T08:38:44.9287587Z libxkbcommon0 set to manually installed.
2026-10-09T08:38:44.9287980Z libxrandr2 is already the newest version (2:1.5.2-2build1).
2026-10-09T08:38:44.9288366Z libxrandr2 set to manually installed.
2026-10-09T08:38:44.9288789Z xvfb is already the newest version (2:21.1.12-1ubuntu1.8).
2026-10-09T08:38:44.9289347Z fonts-noto-color-emoji is already the newest version (2.047-0ubuntu0.24.04.1).
2026-10-09T08:38:44.9290247Z libfontconfig1 is already the newest version (2.15.0-1.1ubuntu2).
2026-10-09T08:38:44.9291100Z libfontconfig1 set to manually installed.
2026-10-09T08:38:44.9291769Z fonts-liberation is already the newest version (1:2.1.5-3).
2026-10-09T08:38:44.9292513Z fonts-liberation set to manually installed.
2026-10-09T08:38:44.9293040Z The following additional packages will be installed:
2026-10-09T08:38:44.9294223Z   xfonts-encodings xfonts-utils
2026-10-09T08:38:44.9294732Z Recommended packages:
2026-10-09T08:38:44.9295162Z   fonts-ipafont-mincho fonts-tlwg-loma
2026-10-09T08:38:44.9424227Z The following NEW packages will be installed:
2026-10-09T08:38:44.9424938Z   fonts-freefont-ttf fonts-ipafont-gothic fonts-tlwg-loma-otf fonts-unifont
2026-10-09T08:38:44.9430859Z   fonts-wqy-zenhei xfonts-cyrillic xfonts-encodings xfonts-scalable
2026-10-09T08:38:44.9431778Z   xfonts-utils
2026-10-09T08:38:44.9435874Z The following packages will be upgraded:
2026-10-09T08:38:44.9441056Z   libfreetype6
2026-10-09T08:38:44.9575742Z 1 upgraded, 9 newly installed, 0 to remove and 22 not upgraded.
2026-10-09T08:38:44.9576567Z Need to get 21.5 MB of archives.
2026-10-09T08:38:44.9577153Z After this operation, 79.5 MB of additional disk space will be used.
2026-10-09T08:38:44.9577836Z Get:1 file:/etc/apt/apt-mirrors.txt Mirrorlist [144 B]
2026-10-09T08:38:45.0058078Z Get:2 http://azure.archive.ubuntu.com/ubuntu noble/universe amd64 fonts-ipafont-gothic all 00303-21ubuntu1 [3513 kB]
2026-10-09T08:38:45.0660578Z Get:3 http://azure.archive.ubuntu.com/ubuntu noble/main amd64 fonts-freefont-ttf all 20211204+svn4273-2 [5641 kB]
2026-10-09T08:38:45.1497905Z Get:4 http://azure.archive.ubuntu.com/ubuntu noble/universe amd64 fonts-tlwg-loma-otf all 1:0.7.3-1 [107 kB]
2026-10-09T08:38:45.1781945Z Get:5 http://azure.archive.ubuntu.com/ubuntu noble/universe amd64 fonts-unifont all 1:15.1.01-1build1 [2993 kB]
2026-10-09T08:38:45.2353277Z Get:6 http://azure.archive.ubuntu.com/ubuntu noble/universe amd64 fonts-wqy-zenhei all 0.9.45-8 [7472 kB]
2026-10-09T08:38:45.3280014Z Get:7 http://azure.archive.ubuntu.com/ubuntu noble-updates/main amd64 libfreetype6 amd64 2.13.2+dfsg-1ubuntu0.2 [403 kB]
2026-10-09T08:38:45.3578454Z Get:8 http://azure.archive.ubuntu.com/ubuntu noble/main amd64 xfonts-encodings all 1:1.0.5-0ubuntu2 [578 kB]
2026-10-09T08:38:45.3886739Z Get:9 http://azure.archive.ubuntu.com/ubuntu noble/main amd64 xfonts-utils amd64 1:7.7+6build3 [94.4 kB]
2026-10-09T08:38:45.4169174Z Get:10 http://azure.archive.ubuntu.com/ubuntu noble/universe amd64 xfonts-cyrillic all 1:1.0.5+nmu1 [384 kB]
2026-10-09T08:38:45.4466186Z Get:11 http://azure.archive.ubuntu.com/ubuntu noble/main amd64 xfonts-scalable all 1:1.0.3-1.3 [304 kB]
2026-10-09T08:38:45.6520769Z Fetched 21.5 MB in 0s (43.1 MB/s)
2026-10-09T08:38:45.6703217Z Selecting previously unselected package fonts-ipafont-gothic.
2026-10-09T08:38:45.6882194Z (Reading database ... 
2026-10-09T08:38:45.6882477Z (Reading database ... 5%
2026-10-09T08:38:45.6882742Z (Reading database ... 10%
2026-10-09T08:38:45.6883028Z (Reading database ... 15%
2026-10-09T08:38:45.6883267Z (Reading database ... 20%
2026-10-09T08:38:45.6883523Z (Reading database ... 25%
2026-10-09T08:38:45.6883777Z (Reading database ... 30%
2026-10-09T08:38:45.6884018Z (Reading database ... 35%
2026-10-09T08:38:45.6884281Z (Reading database ... 40%
2026-10-09T08:38:45.6884537Z (Reading database ... 45%
2026-10-09T08:38:45.6884794Z (Reading database ... 50%
2026-10-09T08:38:45.6919428Z (Reading database ... 55%
2026-10-09T08:38:45.7362519Z (Reading database ... 60%
2026-10-09T08:38:45.8010164Z (Reading database ... 65%
2026-10-09T08:38:45.8691871Z (Reading database ... 70%
2026-10-09T08:38:45.9277030Z (Reading database ... 75%
2026-10-09T08:38:46.0019092Z (Reading database ... 80%
2026-10-09T08:38:46.0964328Z (Reading database ... 85%
2026-10-09T08:38:46.2124167Z (Reading database ... 90%
2026-10-09T08:38:46.3194614Z (Reading database ... 95%
2026-10-09T08:38:46.3195143Z (Reading database ... 100%
2026-10-09T08:38:46.3195522Z (Reading database ... 203191 files and directories currently installed.)
2026-10-09T08:38:46.3233765Z Preparing to unpack .../0-fonts-ipafont-gothic_00303-21ubuntu1_all.deb ...
2026-10-09T08:38:46.3305874Z Unpacking fonts-ipafont-gothic (00303-21ubuntu1) ...
2026-10-09T08:38:46.5555863Z Selecting previously unselected package fonts-freefont-ttf.
2026-10-09T08:38:46.5655630Z Preparing to unpack .../1-fonts-freefont-ttf_20211204+svn4273-2_all.deb ...
2026-10-09T08:38:46.5663767Z Unpacking fonts-freefont-ttf (20211204+svn4273-2) ...
2026-10-09T08:38:46.6479421Z Selecting previously unselected package fonts-tlwg-loma-otf.
2026-10-09T08:38:46.6577967Z Preparing to unpack .../2-fonts-tlwg-loma-otf_1%3a0.7.3-1_all.deb ...
2026-10-09T08:38:46.6585088Z Unpacking fonts-tlwg-loma-otf (1:0.7.3-1) ...
2026-10-09T08:38:46.6726324Z Selecting previously unselected package fonts-unifont.
2026-10-09T08:38:46.6819990Z Preparing to unpack .../3-fonts-unifont_1%3a15.1.01-1build1_all.deb ...
2026-10-09T08:38:46.6826809Z Unpacking fonts-unifont (1:15.1.01-1build1) ...
2026-10-09T08:38:46.8636987Z Selecting previously unselected package fonts-wqy-zenhei.
2026-10-09T08:38:46.8741662Z Preparing to unpack .../4-fonts-wqy-zenhei_0.9.45-8_all.deb ...
2026-10-09T08:38:46.8807712Z Unpacking fonts-wqy-zenhei (0.9.45-8) ...
2026-10-09T08:38:47.3229488Z Preparing to unpack .../5-libfreetype6_2.13.2+dfsg-1ubuntu0.2_amd64.deb ...
2026-10-09T08:38:47.3264984Z Unpacking libfreetype6:amd64 (2.13.2+dfsg-1ubuntu0.2) over (2.13.2+dfsg-1ubuntu0.1) ...
2026-10-09T08:38:47.3475433Z Selecting previously unselected package xfonts-encodings.
2026-10-09T08:38:47.3574320Z Preparing to unpack .../6-xfonts-encodings_1%3a1.0.5-0ubuntu2_all.deb ...
2026-10-09T08:38:47.3582830Z Unpacking xfonts-encodings (1:1.0.5-0ubuntu2) ...
2026-10-09T08:38:47.3760882Z Selecting previously unselected package xfonts-utils.
2026-10-09T08:38:47.3851509Z Preparing to unpack .../7-xfonts-utils_1%3a7.7+6build3_amd64.deb ...
2026-10-09T08:38:47.3858604Z Unpacking xfonts-utils (1:7.7+6build3) ...
2026-10-09T08:38:47.4107815Z Selecting previously unselected package xfonts-cyrillic.
2026-10-09T08:38:47.4188483Z Preparing to unpack .../8-xfonts-cyrillic_1%3a1.0.5+nmu1_all.deb ...
2026-10-09T08:38:47.4196668Z Unpacking xfonts-cyrillic (1:1.0.5+nmu1) ...
2026-10-09T08:38:47.4404599Z Selecting previously unselected package xfonts-scalable.
2026-10-09T08:38:47.4482714Z Preparing to unpack .../9-xfonts-scalable_1%3a1.0.3-1.3_all.deb ...
2026-10-09T08:38:47.4490662Z Unpacking xfonts-scalable (1:1.0.3-1.3) ...
2026-10-09T08:38:47.4843078Z Setting up fonts-wqy-zenhei (0.9.45-8) ...
2026-10-09T08:38:47.4940556Z Setting up fonts-freefont-ttf (20211204+svn4273-2) ...
2026-10-09T08:38:47.4962960Z Setting up fonts-tlwg-loma-otf (1:0.7.3-1) ...
2026-10-09T08:38:47.4981442Z Setting up libfreetype6:amd64 (2.13.2+dfsg-1ubuntu0.2) ...
2026-10-09T08:38:47.5001316Z Setting up xfonts-encodings (1:1.0.5-0ubuntu2) ...
2026-10-09T08:38:47.5022803Z Setting up fonts-ipafont-gothic (00303-21ubuntu1) ...
2026-10-09T08:38:47.5074289Z update-alternatives: using /usr/share/fonts/opentype/ipafont-gothic/ipag.ttf to provide /usr/share/fonts/truetype/fonts-japanese-gothic.ttf (fonts-japanese-gothic.ttf) in auto mode
2026-10-09T08:38:47.5087308Z Setting up fonts-unifont (1:15.1.01-1build1) ...
2026-10-09T08:38:47.5107697Z Setting up xfonts-utils (1:7.7+6build3) ...
2026-10-09T08:38:47.5141951Z Setting up xfonts-cyrillic (1:1.0.5+nmu1) ...
2026-10-09T08:38:47.5341547Z Setting up xfonts-scalable (1:1.0.3-1.3) ...
2026-10-09T08:38:47.5522927Z Processing triggers for libc-bin (2.39-0ubuntu8.9) ...
2026-10-09T08:38:47.7406448Z Processing triggers for man-db (2.12.0-4build2) ...
2026-10-09T08:38:47.7428267Z Not building database; man-db/auto-update is not 'true'.
2026-10-09T08:38:47.7441848Z Processing triggers for fontconfig (2.15.0-1.1ubuntu2) ...
2026-10-09T08:38:48.2294938Z 
2026-10-09T08:38:48.2295675Z Running kernel seems to be up-to-date.
2026-10-09T08:38:48.2295967Z 
2026-10-09T08:38:48.2296189Z Restarting services...
2026-10-09T08:38:48.2344742Z  systemctl restart php8.3-fpm.service
2026-10-09T08:38:48.3008826Z 
2026-10-09T08:38:48.3010007Z No containers need to be restarted.
2026-10-09T08:38:48.3010524Z 
2026-10-09T08:38:48.3010856Z No user sessions are running outdated binaries.
2026-10-09T08:38:48.3011199Z 
2026-10-09T08:38:48.3011545Z No VM guests are running outdated hypervisor (qemu) binaries on this host.
2026-10-09T08:38:48.9488621Z Downloading Chromium 141.0.7390.37 (playwright build v1194) from https://cdn.playwright.dev/dbazure/download/playwright/builds/chromium/1194/chromium-linux.zip
2026-10-09T08:38:49.1039212Z |                                                                                |   0% of 173.9 MiB
2026-10-09T08:38:49.3103609Z |■■■■■■■■                                                                        |  10% of 173.9 MiB
2026-10-09T08:38:49.3655891Z |■■■■■■■■■■■■■■■■                                                                |  20% of 173.9 MiB
2026-10-09T08:38:49.4210295Z |■■■■■■■■■■■■■■■■■■■■■■■■                                                        |  30% of 173.9 MiB
2026-10-09T08:38:49.4614105Z |■■■■■■■■■■■■■■■■■■■■■■■■■■■■■■■■                                                |  40% of 173.9 MiB
2026-10-09T08:38:49.5033864Z |■■■■■■■■■■■■■■■■■■■■■■■■■■■■■■■■■■■■■■■■                                        |  50% of 173.9 MiB
2026-10-09T08:38:49.5664092Z |■■■■■■■■■■■■■■■■■■■■■■■■■■■■■■■■■■■■■■■■■■■■■■■■                                |  60% of 173.9 MiB
2026-10-09T08:38:49.6117330Z |■■■■■■■■■■■■■■■■■■■■■■■■■■■■■■■■■■■■■■■■■■■■■■■■■■■■■■■■                        |  70% of 173.9 MiB
2026-10-09T08:38:49.6551931Z |■■■■■■■■■■■■■■■■■■■■■■■■■■■■■■■■■■■■■■■■■■■■■■■■■■■■■■■■■■■■■■■■                |  80% of 173.9 MiB
2026-10-09T08:38:49.6956441Z |■■■■■■■■■■■■■■■■■■■■■■■■■■■■■■■■■■■■■■■■■■■■■■■■■■■■■■■■■■■■■■■■■■■■■■■■        |  90% of 173.9 MiB
2026-10-09T08:38:49.7383396Z |■■■■■■■■■■■■■■■■■■■■■■■■■■■■■■■■■■■■■■■■■■■■■■■■■■■■■■■■■■■■■■■■■■■■■■■■■■■■■■■■| 100% of 173.9 MiB
2026-10-09T08:38:53.1064598Z Chromium 141.0.7390.37 (playwright build v1194) downloaded to /home/runner/.cache/ms-playwright/chromium-1194
2026-10-09T08:38:53.1065592Z Downloading FFMPEG playwright build v1011 from https://cdn.playwright.dev/dbazure/download/playwright/builds/ffmpeg/1011/ffmpeg-linux.zip
2026-10-09T08:38:53.2632532Z |                                                                                |   0% of 2.3 MiB
2026-10-09T08:38:53.3013628Z |■■■■■■■■                                                                        |  10% of 2.3 MiB
2026-10-09T08:38:53.3164001Z |■■■■■■■■■■■■■■■■                                                                |  20% of 2.3 MiB
2026-10-09T08:38:53.3287250Z |■■■■■■■■■■■■■■■■■■■■■■■■                                                        |  30% of 2.3 MiB
2026-10-09T08:38:53.3413961Z |■■■■■■■■■■■■■■■■■■■■■■■■■■■■■■■■                                                |  40% of 2.3 MiB
2026-10-09T08:38:53.3432358Z |■■■■■■■■■■■■■■■■■■■■■■■■■■■■■■■■■■■■■■■■                                        |  50% of 2.3 MiB
2026-10-09T08:38:53.3550194Z |■■■■■■■■■■■■■■■■■■■■■■■■■■■■■■■■■■■■■■■■■■■■■■■■                                |  60% of 2.3 MiB
2026-10-09T08:38:53.3567112Z |■■■■■■■■■■■■■■■■■■■■■■■■■■■■■■■■■■■■■■■■■■■■■■■■■■■■■■■■                        |  70% of 2.3 MiB
2026-10-09T08:38:53.3588192Z |■■■■■■■■■■■■■■■■■■■■■■■■■■■■■■■■■■■■■■■■■■■■■■■■■■■■■■■■■■■■■■■■                |  80% of 2.3 MiB
2026-10-09T08:38:53.3681503Z |■■■■■■■■■■■■■■■■■■■■■■■■■■■■■■■■■■■■■■■■■■■■■■■■■■■■■■■■■■■■■■■■■■■■■■■■        |  90% of 2.3 MiB
2026-10-09T08:38:53.3691942Z |■■■■■■■■■■■■■■■■■■■■■■■■■■■■■■■■■■■■■■■■■■■■■■■■■■■■■■■■■■■■■■■■■■■■■■■■■■■■■■■■| 100% of 2.3 MiB
2026-10-09T08:38:53.4186404Z FFMPEG playwright build v1011 downloaded to /home/runner/.cache/ms-playwright/ffmpeg-1011
2026-10-09T08:38:53.4190759Z Downloading Chromium Headless Shell 141.0.7390.37 (playwright build v1194) from https://cdn.playwright.dev/dbazure/download/playwright/builds/chromium/1194/chromium-headless-shell-linux.zip
2026-10-09T08:38:53.5718972Z |                                                                                |   0% of 104.3 MiB
2026-10-09T08:38:53.7425247Z |■■■■■■■■                                                                        |  10% of 104.3 MiB
2026-10-09T08:38:53.7784950Z |■■■■■■■■■■■■■■■■                                                                |  20% of 104.3 MiB
2026-10-09T08:38:53.8112008Z |■■■■■■■■■■■■■■■■■■■■■■■■                                                        |  30% of 104.3 MiB
2026-10-09T08:38:53.8440007Z |■■■■■■■■■■■■■■■■■■■■■■■■■■■■■■■■                                                |  40% of 104.3 MiB
2026-10-09T08:38:53.8771293Z |■■■■■■■■■■■■■■■■■■■■■■■■■■■■■■■■■■■■■■■■                                        |  50% of 104.3 MiB
2026-10-09T08:38:53.9111956Z |■■■■■■■■■■■■■■■■■■■■■■■■■■■■■■■■■■■■■■■■■■■■■■■■                                |  60% of 104.3 MiB
2026-10-09T08:38:53.9344391Z |■■■■■■■■■■■■■■■■■■■■■■■■■■■■■■■■■■■■■■■■■■■■■■■■■■■■■■■■                        |  70% of 104.3 MiB
2026-10-09T08:38:53.9610548Z |■■■■■■■■■■■■■■■■■■■■■■■■■■■■■■■■■■■■■■■■■■■■■■■■■■■■■■■■■■■■■■■■                |  80% of 104.3 MiB
2026-10-09T08:38:53.9901993Z |■■■■■■■■■■■■■■■■■■■■■■■■■■■■■■■■■■■■■■■■■■■■■■■■■■■■■■■■■■■■■■■■■■■■■■■■        |  90% of 104.3 MiB
2026-10-09T08:38:54.0153807Z |■■■■■■■■■■■■■■■■■■■■■■■■■■■■■■■■■■■■■■■■■■■■■■■■■■■■■■■■■■■■■■■■■■■■■■■■■■■■■■■■| 100% of 104.3 MiB
2026-10-09T08:38:55.6351004Z Chromium Headless Shell 141.0.7390.37 (playwright build v1194) downloaded to /home/runner/.cache/ms-playwright/chromium_headless_shell-1194
2026-10-09T08:38:55.6979927Z ##[group]Run npm test
2026-10-09T08:38:55.6980240Z [36;1mnpm test[0m
2026-10-09T08:38:55.7016309Z shell: /usr/bin/bash -e {0}
2026-10-09T08:38:55.7016617Z ##[endgroup]
2026-10-09T08:38:55.8227360Z 
2026-10-09T08:38:55.8228082Z > partybox-g02-gin-rummy@1.2.1 test
2026-10-09T08:38:55.8229052Z > npm run build && node --test tests/*.test.mjs && node scripts/league.mjs && node scripts/mutations.mjs && node scripts/browser-check.mjs && node scripts/capture.mjs ci-current --public-history --ci-output && node scripts/integrity.mjs
2026-10-09T08:38:55.8229645Z 
2026-10-09T08:38:55.8907846Z 
2026-10-09T08:38:55.8908194Z > partybox-g02-gin-rummy@1.2.1 build
2026-10-09T08:38:55.8908625Z > tsc --noEmit && node scripts/build.mjs
2026-10-09T08:38:55.8908787Z 
2026-10-09T08:38:57.3856469Z TAP version 13
2026-10-09T08:38:57.4882358Z # {"suite":"all-phases","phases":6,"cases":408}
2026-10-09T08:38:57.4931877Z # Subtest: every event family, roster id and bot skill in every delivered phase
2026-10-09T08:38:57.4940988Z ok 1 - every event family, roster id and bot skill in every delivered phase
2026-10-09T08:38:57.4948298Z   ---
2026-10-09T08:38:57.4948911Z   duration_ms: 28.506649
2026-10-09T08:38:57.4949449Z   type: 'test'
2026-10-09T08:38:57.4949855Z   ...
2026-10-09T08:38:57.4950717Z # Subtest: registered prototype-looking ids remain valid players and finite result keys
2026-10-09T08:38:57.4951636Z ok 2 - registered prototype-looking ids remain valid players and finite result keys
2026-10-09T08:38:57.4952305Z   ---
2026-10-09T08:38:57.4952704Z   duration_ms: 1.540494
2026-10-09T08:38:57.4953494Z   type: 'test'
2026-10-09T08:38:57.4953905Z   ...
2026-10-09T08:39:00.5489422Z # {"suite":"batch-discard-proof","hands":1000,"outcomes":10500,"exactLayouts":true}
2026-10-09T08:39:00.5526019Z # Subtest: 10500 batch outcomes retain exact standalone layouts and independent minima
2026-10-09T08:39:00.5531159Z ok 3 - 10500 batch outcomes retain exact standalone layouts and independent minima
2026-10-09T08:39:00.5531966Z   ---
2026-10-09T08:39:00.5532441Z   duration_ms: 3103.341044
2026-10-09T08:39:00.5532986Z   type: 'test'
2026-10-09T08:39:00.5533455Z   ...
2026-10-09T08:39:04.1898678Z # {"suite":"boundary-fuzz","seed":912701,"invalidInputs":1000,"phases":6,"rejectedInputs":6000,"metadataChecks":282,"viewChecks":66}
2026-10-09T08:39:04.1900093Z # Subtest: 1000 seeded invalid JSON inputs and malformed event/identity metadata in every phase
2026-10-09T08:39:04.1901251Z ok 4 - 1000 seeded invalid JSON inputs and malformed event/identity metadata in every phase
2026-10-09T08:39:04.1901936Z   ---
2026-10-09T08:39:04.1902434Z   duration_ms: 52.150928
2026-10-09T08:39:04.1902862Z   type: 'test'
2026-10-09T08:39:04.1903260Z   ...
2026-10-09T08:39:04.1904368Z # {"suite":"mixed-event-replay","phaseStarts":6,"seedsPerPhase":100,"transitions":48000,"changed":12742,"eventFamilies":["input","player","speech","speechStart","timer","vip"]}
2026-10-09T08:39:04.1905622Z # Subtest: mixed event families replay through JSON after every transition from every phase
2026-10-09T08:39:04.1906631Z ok 5 - mixed event families replay through JSON after every transition from every phase
2026-10-09T08:39:04.1907269Z   ---
2026-10-09T08:39:04.1907663Z   duration_ms: 6682.032118
2026-10-09T08:39:04.1908125Z   type: 'test'
2026-10-09T08:39:04.1908610Z   ...
2026-10-09T08:39:04.2042638Z # Subtest: branching target ends retain exact minima, legal chains, layouts and all cards
2026-10-09T08:39:04.2051307Z ok 6 - branching target ends retain exact minima, legal chains, layouts and all cards
2026-10-09T08:39:04.2091832Z   ---
2026-10-09T08:39:04.2121752Z   duration_ms: 30.431447
2026-10-09T08:39:04.2138562Z   type: 'test'
2026-10-09T08:39:04.2139136Z   ...
2026-10-09T08:39:04.2139774Z # Subtest: current source-bound raw proof passes without discarding its largest interval
2026-10-09T08:39:04.2140782Z ok 7 - current source-bound raw proof passes without discarding its largest interval
2026-10-09T08:39:04.2141355Z   ---
2026-10-09T08:39:04.2142240Z   duration_ms: 1.820689
2026-10-09T08:39:04.2142645Z   type: 'test'
2026-10-09T08:39:04.2143053Z   ...
2026-10-09T08:39:04.2143654Z # Subtest: a refreshed inventory cannot accept stale browser or recording source hashes
2026-10-09T08:39:04.2144492Z ok 8 - a refreshed inventory cannot accept stale browser or recording source hashes
2026-10-09T08:39:04.2145122Z   ---
2026-10-09T08:39:04.2145495Z   duration_ms: 6.430626
2026-10-09T08:39:04.2145940Z   type: 'test'
2026-10-09T08:39:04.2146282Z   ...
2026-10-09T08:39:04.2147229Z # Subtest: changed end guards and failed snapshots are rejected
2026-10-09T08:39:04.2147955Z ok 9 - changed end guards and failed snapshots are rejected
2026-10-09T08:39:04.2148408Z   ---
2026-10-09T08:39:04.2148853Z   duration_ms: 4.632758
2026-10-09T08:39:04.2149282Z   type: 'test'
2026-10-09T08:39:04.2149703Z   ...
2026-10-09T08:39:04.2150553Z # Subtest: missing, altered and invalid raw intervals cannot be hidden by good summary fields
2026-10-09T08:39:04.2151385Z ok 10 - missing, altered and invalid raw intervals cannot be hidden by good summary fields
2026-10-09T08:39:04.2171617Z   ---
2026-10-09T08:39:04.2172190Z   duration_ms: 4.876315
2026-10-09T08:39:04.2172868Z   type: 'test'
2026-10-09T08:39:04.2173239Z   ...
2026-10-09T08:39:04.2173940Z # Subtest: reported statistics are recomputed from all retained intervals
2026-10-09T08:39:04.2174712Z ok 11 - reported statistics are recomputed from all retained intervals
2026-10-09T08:39:04.2175278Z   ---
2026-10-09T08:39:04.2175652Z   duration_ms: 6.697793
2026-10-09T08:39:04.2176068Z   type: 'test'
2026-10-09T08:39:04.2176489Z   ...
2026-10-09T08:39:04.2177393Z # Subtest: an honestly recomputed slow raw sample still fails the original frame gate
2026-10-09T08:39:04.2178234Z ok 12 - an honestly recomputed slow raw sample still fails the original frame gate
2026-10-09T08:39:04.2178774Z   ---
2026-10-09T08:39:04.2179233Z   duration_ms: 1.812782
2026-10-09T08:39:04.2179654Z   type: 'test'
2026-10-09T08:39:04.2180030Z   ...
2026-10-09T08:39:04.2181010Z # Subtest: profile dimensions, CPU rates and encoder separation must remain truthful
2026-10-09T08:39:04.2181945Z ok 13 - profile dimensions, CPU rates and encoder separation must remain truthful
2026-10-09T08:39:04.2182691Z   ---
2026-10-09T08:39:04.2183098Z   duration_ms: 5.287504
2026-10-09T08:39:04.2183480Z   type: 'test'
2026-10-09T08:39:04.2183874Z   ...
2026-10-09T08:39:04.2184485Z # Subtest: changed, oversized and falsely labeled recordings are rejected
2026-10-09T08:39:04.2185205Z ok 14 - changed, oversized and falsely labeled recordings are rejected
2026-10-09T08:39:04.2185708Z   ---
2026-10-09T08:39:04.2186201Z   duration_ms: 10.578569
2026-10-09T08:39:04.2186812Z   type: 'test'
2026-10-09T08:39:04.2187236Z   ...
2026-10-09T08:39:04.2187928Z # Subtest: actual capture CLI refuses invalid tags and existing media/report before any browser launch
2026-10-09T08:39:04.2188827Z ok 15 - actual capture CLI refuses invalid tags and existing media/report before any browser launch
2026-10-09T08:39:04.2189471Z   ---
2026-10-09T08:39:04.2189879Z   duration_ms: 572.801293
2026-10-09T08:39:04.2190537Z   type: 'test'
2026-10-09T08:39:04.2190947Z   ...
2026-10-09T08:39:04.2191607Z # Subtest: meld validation rejects impossible card IDs while preserving legitimate edge runs/sets
2026-10-09T08:39:04.2192568Z ok 16 - meld validation rejects impossible card IDs while preserving legitimate edge runs/sets
2026-10-09T08:39:04.2193883Z   ---
2026-10-09T08:39:04.2194283Z   duration_ms: 0.637049
2026-10-09T08:39:04.2194738Z   type: 'test'
2026-10-09T08:39:04.2195151Z   ...
2026-10-09T08:39:04.2196196Z # {"suite":"closed-meld-knock-settings","cases":1152,"minGain":11,"maxGain":60,"classicSignedBefore":-14,"classicSignedAfter":1}
2026-10-09T08:39:04.2202940Z # {"suite":"closed-meld-knock-independent-hidden-defenders","defenders":1000,"publicViewsByteIdentical":true,"minGain":5,"maxGain":5,"winningTransitions":0}
2026-10-09T08:39:04.2204092Z # {"suite":"closed-meld-knock-boundaries","controls":120}
2026-10-09T08:39:04.2205199Z # Subtest: Strong improves a finishing knock across different closed melds in every setting and suit
2026-10-09T08:39:04.2206157Z ok 17 - Strong improves a finishing knock across different closed melds in every setting and suit
2026-10-09T08:39:04.2206771Z   ---
2026-10-09T08:39:04.2207202Z   duration_ms: 1183.763306
2026-10-09T08:39:04.2207609Z   type: 'test'
2026-10-09T08:39:04.2207989Z   ...
2026-10-09T08:39:04.2208743Z # Subtest: 1000 identical public views keep the same safe choice and independent joint-defense score
2026-10-09T08:39:04.2209654Z ok 18 - 1000 identical public views keep the same safe choice and independent joint-defense score
2026-10-09T08:39:04.2210672Z   ---
2026-10-09T08:39:04.2211095Z   duration_ms: 4559.945621
2026-10-09T08:39:04.2211499Z   type: 'test'
2026-10-09T08:39:04.2211987Z   ...
2026-10-09T08:39:04.2212643Z # Subtest: closed-target dominance preserves forbidden returns, no-knock, Gin and inactive boundaries
2026-10-09T08:39:04.2213646Z ok 19 - closed-target dominance preserves forbidden returns, no-knock, Gin and inactive boundaries
2026-10-09T08:39:04.2214307Z   ---
2026-10-09T08:39:04.2214710Z   duration_ms: 24.084582
2026-10-09T08:39:04.2215121Z   type: 'test'
2026-10-09T08:39:04.2215507Z   ...
2026-10-09T08:39:25.2028881Z # {"suite":"bot-contract","variant":"standard","players":2,"games":1000,"replays":1000,"totalEvents":260844,"maxEvents":612,"replayChecks":260844,"comparison":"every-event SHA256 and bytes; JSON-roundtrip replay"}
2026-10-09T08:39:44.9178981Z # {"suite":"bot-contract","variant":"standard","players":3,"games":1000,"replays":1000,"totalEvents":285455,"maxEvents":775,"replayChecks":285455,"comparison":"every-event SHA256 and bytes; JSON-roundtrip replay"}
2026-10-09T08:40:09.5414125Z # {"suite":"bot-contract","variant":"standard","players":4,"games":1000,"replays":1000,"totalEvents":344241,"maxEvents":825,"replayChecks":344241,"comparison":"every-event SHA256 and bytes; JSON-roundtrip replay"}
2026-10-09T08:40:27.1697853Z # {"suite":"bot-contract","variant":"oklahoma","players":2,"games":1000,"replays":1000,"totalEvents":255515,"maxEvents":755,"replayChecks":255515,"comparison":"every-event SHA256 and bytes; JSON-roundtrip replay"}
2026-10-09T08:40:46.8805324Z # {"suite":"bot-contract","variant":"oklahoma","players":3,"games":1000,"replays":1000,"totalEvents":268526,"maxEvents":812,"replayChecks":268526,"comparison":"every-event SHA256 and bytes; JSON-roundtrip replay"}
2026-10-09T08:41:10.6937606Z # {"suite":"bot-contract","variant":"oklahoma","players":4,"games":1000,"replays":1000,"totalEvents":315689,"maxEvents":929,"replayChecks":315689,"comparison":"every-event SHA256 and bytes; JSON-roundtrip replay"}
2026-10-09T08:41:18.9882910Z # {"suite":"properties","seeds":1003,"events":420546}
2026-10-09T08:41:21.5449215Z # {"suite":"secrecy","comparisons":7925}
2026-10-09T08:41:21.5639105Z # Subtest: 1000 finished seeded bot games at EACH valid count/edition, hash replay after EVERY event
2026-10-09T08:41:21.5640905Z ok 20 - 1000 finished seeded bot games at EACH valid count/edition, hash replay after EVERY event
2026-10-09T08:41:21.5644428Z   ---
2026-10-09T08:41:21.5645055Z   duration_ms: 130036.867316
2026-10-09T08:41:21.5645552Z   type: 'test'
2026-10-09T08:41:21.5645999Z   ...
2026-10-09T08:41:21.5646732Z # Subtest: property seeds 1,2,3 plus 1000 random seeds: adversarial event sequences and immutability
2026-10-09T08:41:21.5647787Z ok 21 - property seeds 1,2,3 plus 1000 random seeds: adversarial event sequences and immutability
2026-10-09T08:41:21.5648430Z   ---
2026-10-09T08:41:21.5648800Z   duration_ms: 8293.598227
2026-10-09T08:41:21.5649287Z   type: 'test'
2026-10-09T08:41:21.5649687Z   ...
2026-10-09T08:41:21.5650706Z # Subtest: hidden-card/order perturbations never change TV, another controller or bot decisions
2026-10-09T08:41:21.5651677Z ok 22 - hidden-card/order perturbations never change TV, another controller or bot decisions
2026-10-09T08:41:21.5652290Z   ---
2026-10-09T08:41:21.5652755Z   duration_ms: 2556.653798
2026-10-09T08:41:21.5653206Z   type: 'test'
2026-10-09T08:41:21.5655943Z   ...
2026-10-09T08:41:21.5656697Z # Subtest: idle/no-clock matches remain until explicit end, every phase can exit via VIP
2026-10-09T08:41:21.5657511Z ok 23 - idle/no-clock matches remain until explicit end, every phase can exit via VIP
2026-10-09T08:41:21.5657979Z   ---
2026-10-09T08:41:21.5658345Z   duration_ms: 16.758399
2026-10-09T08:41:21.5658640Z   type: 'test'
2026-10-09T08:41:21.5658865Z   ...
2026-10-09T08:41:21.5783572Z # {"suite":"departures","initialCases":1000,"completeMatches":120,"events":17184,"maxAutomatedTransitions":75}
2026-10-09T08:41:21.5792916Z # Subtest: departures in every live phase finish the absent turn without exposing its hand
2026-10-09T08:41:21.5793793Z ok 24 - departures in every live phase finish the absent turn without exposing its hand
2026-10-09T08:41:21.5794227Z   ---
2026-10-09T08:41:21.5795189Z   duration_ms: 10.457816
2026-10-09T08:41:21.5795548Z   type: 'test'
2026-10-09T08:41:21.5795846Z   ...
2026-10-09T08:41:21.5796492Z # Subtest: 1000 departure/drop cases and 120 full matches never leave an absent seat blocking play
2026-10-09T08:41:21.5814412Z ok 25 - 1000 departure/drop cases and 120 full matches never leave an absent seat blocking play
2026-10-09T08:41:21.5814977Z   ---
2026-10-09T08:41:21.5815269Z   duration_ms: 3409.937338
2026-10-09T08:41:21.5815565Z   type: 'test'
2026-10-09T08:41:21.5815862Z   ...
2026-10-09T08:41:21.5816424Z # Subtest: empty rooms pause, reconnect resumes only an automatic pause, and permanent leaves cannot rejoin
2026-10-09T08:41:21.5817314Z ok 26 - empty rooms pause, reconnect resumes only an automatic pause, and permanent leaves cannot rejoin
2026-10-09T08:41:21.5818259Z   ---
2026-10-09T08:41:21.5818532Z   duration_ms: 1.162179
2026-10-09T08:41:21.5818860Z   type: 'test'
2026-10-09T08:41:21.5819182Z   ...
2026-10-09T08:41:21.5819706Z # Subtest: departures during VIP pause drain only on resume; malformed control events do nothing
2026-10-09T08:41:21.5820729Z ok 27 - departures during VIP pause drain only on resume; malformed control events do nothing
2026-10-09T08:41:21.5821238Z   ---
2026-10-09T08:41:21.5821573Z   duration_ms: 0.415692
2026-10-09T08:41:21.5821882Z   type: 'test'
2026-10-09T08:41:21.5822217Z   ...
2026-10-09T08:41:21.5822825Z # {"suite":"deadwood-proof","hands":10000,"tenCard":5000,"elevenCard":5000,"seed":20261008,"checksum":584788}
2026-10-09T08:41:21.5823589Z # Subtest: independent exhaustive meld-subset packing proves 10000 exact minima
2026-10-09T08:41:21.5824350Z ok 28 - independent exhaustive meld-subset packing proves 10000 exact minima
2026-10-09T08:41:21.5824806Z   ---
2026-10-09T08:41:21.5825124Z   duration_ms: 5392.054397
2026-10-09T08:41:21.5825494Z   type: 'test'
2026-10-09T08:41:21.5825802Z   ...
2026-10-09T08:41:21.5827040Z # {"suite":"draw-subset-public-information-boundary","pairedIdenticalPublicViews":576,"productionDrawChoices":1152,"minGinAdvantage":21,"maxGinAdvantage":52,"minMissAdvantage":14,"classicGin":25,"classicPickup":4,"classicStockMiss":-10}
2026-10-09T08:41:21.5828540Z # Subtest: draw evaluation retains public-information policy when finishing-subset pickup trades a larger hidden Gin for a small knock
2026-10-09T08:41:21.5829688Z ok 29 - draw evaluation retains public-information policy when finishing-subset pickup trades a larger hidden Gin for a small knock
2026-10-09T08:41:21.5830718Z   ---
2026-10-09T08:41:21.5831512Z   duration_ms: 1123.785577
2026-10-09T08:41:21.5831812Z   type: 'test'
2026-10-09T08:41:21.5832119Z   ...
2026-10-09T08:41:21.5832637Z # Subtest: actual Big Gin reducer keeps eleven cards, rejects disabled/incomplete claims and prevents layoffs
2026-10-09T08:41:21.5833491Z ok 30 - actual Big Gin reducer keeps eleven cards, rejects disabled/incomplete claims and prevents layoffs
2026-10-09T08:41:21.5834088Z   ---
2026-10-09T08:41:21.5834366Z   duration_ms: 5.753343
2026-10-09T08:41:21.5834706Z   type: 'test'
2026-10-09T08:41:21.5834996Z   ...
2026-10-09T08:41:21.5835927Z # Subtest: actual Gin/normal knock phases, custom layout rejection, match completion and Oklahoma boxes
2026-10-09T08:41:21.5836544Z ok 31 - actual Gin/normal knock phases, custom layout rejection, match completion and Oklahoma boxes
2026-10-09T08:41:21.5837089Z   ---
2026-10-09T08:41:21.5837351Z   duration_ms: 3.210057
2026-10-09T08:41:21.5837595Z   type: 'test'
2026-10-09T08:41:21.5837846Z   ...
2026-10-09T08:41:21.5838280Z # Subtest: winner-stays queue for every rotation size, drawn hand retains seats, each dealer setting
2026-10-09T08:41:21.5838903Z ok 32 - winner-stays queue for every rotation size, drawn hand retains seats, each dealer setting
2026-10-09T08:41:21.5839353Z   ---
2026-10-09T08:41:21.5839670Z   duration_ms: 1.3744
2026-10-09T08:41:21.5839952Z   type: 'test'
2026-10-09T08:41:21.5840204Z   ...
2026-10-09T08:41:21.5841366Z # {"frameWindow":"READY","profile":"desktop","sourceSha256":"aaaaaaaaaaaaaaaaaaaaaaaaaaaaaaaaaaaaaaaaaaaaaaaaaaaaaaaaaaaaaaaa","attemptNonce":"43e1e02a-83c4-47d6-8c50-f36b52f1222d","utc":"2026-10-09T08:39:09.062Z"}
2026-10-09T08:41:21.5843414Z # {"frameWindow":"CLOSED","profile":"desktop","sourceSha256":"aaaaaaaaaaaaaaaaaaaaaaaaaaaaaaaaaaaaaaaaaaaaaaaaaaaaaaaaaaaaaaaa","attemptNonce":"43e1e02a-83c4-47d6-8c50-f36b52f1222d","coordination":"root-granted","readyUtc":"2026-10-09T08:39:09.062Z","grantUtc":"2026-10-09T08:39:10.070Z","status":"closed","utc":"2026-10-09T08:39:10.070Z"}
2026-10-09T08:41:21.5845758Z # {"frameWindow":"READY","profile":"desktop","sourceSha256":"aaaaaaaaaaaaaaaaaaaaaaaaaaaaaaaaaaaaaaaaaaaaaaaaaaaaaaaaaaaaaaaa","attemptNonce":"f1f29b06-bffe-451c-8c18-5fa0b690544d","utc":"2026-10-09T08:39:10.071Z"}
2026-10-09T08:41:21.5848077Z # {"frameWindow":"CLOSED","profile":"desktop","sourceSha256":"aaaaaaaaaaaaaaaaaaaaaaaaaaaaaaaaaaaaaaaaaaaaaaaaaaaaaaaaaaaaaaaa","attemptNonce":"f1f29b06-bffe-451c-8c18-5fa0b690544d","coordination":"root-granted","readyUtc":"2026-10-09T08:39:10.071Z","grantUtc":"2026-10-09T08:39:10.272Z","status":"closed","utc":"2026-10-09T08:39:10.272Z"}
2026-10-09T08:41:21.5849838Z # {"actualGrantCorruptionControls":10,"sequentialAttempts":2}
2026-10-09T08:41:21.5851397Z # {"frameWindow":"READY","profile":"desktop","sourceSha256":"aaaaaaaaaaaaaaaaaaaaaaaaaaaaaaaaaaaaaaaaaaaaaaaaaaaaaaaaaaaaaaaa","attemptNonce":"4c2132b7-4c2c-4108-9d8c-014e8171ad1b","utc":"2026-10-09T08:39:10.275Z"}
2026-10-09T08:41:21.5852740Z # Subtest: actual temporary grants reject stale nonce/source/profile and malformed or extra fields
2026-10-09T08:41:21.5853652Z ok 33 - actual temporary grants reject stale nonce/source/profile and malformed or extra fields
2026-10-09T08:41:21.5854197Z   ---
2026-10-09T08:41:21.5854493Z   duration_ms: 1213.355065
2026-10-09T08:41:21.5854904Z   type: 'test'
2026-10-09T08:41:21.5855186Z   ...
2026-10-09T08:41:21.5856996Z # {"frameWindow":"CLOSED","profile":"desktop","sourceSha256":"aaaaaaaaaaaaaaaaaaaaaaaaaaaaaaaaaaaaaaaaaaaaaaaaaaaaaaaaaaaaaaaa","attemptNonce":"4c2132b7-4c2c-4108-9d8c-014e8171ad1b","coordination":"root-granted","readyUtc":"2026-10-09T08:39:10.275Z","grantUtc":null,"status":"failed","reason":"matching grant timed out","utc":"2026-10-09T08:39:10.375Z"}
2026-10-09T08:41:21.5858881Z # Subtest: actual missing grant fails and writes CLOSED; no configured barrier returns an explicit uncoordinated identity
2026-10-09T08:41:21.5859943Z ok 34 - actual missing grant fails and writes CLOSED; no configured barrier returns an explicit uncoordinated identity
2026-10-09T08:41:21.5860787Z   ---
2026-10-09T08:41:21.5861120Z   duration_ms: 101.823394
2026-10-09T08:41:21.5861450Z   type: 'test'
2026-10-09T08:41:21.5861789Z   ...
2026-10-09T08:41:21.5862714Z # {"suite":"preexisting-gin-draw-matrix","cases":6912,"actualLegalDrawPhaseRoutes":true,"skills":3,"variants":2,"counts":[2,3,4],"suits":4,"endpoints":2,"clockSettings":[0,10]}
2026-10-09T08:41:21.5864131Z # {"suite":"preexisting-gin-hidden-defenders","cases":1000,"choices":3000,"sha256":"2e50741934f3e2fc8cdb29eb066c29fe991f8fc1a2cd24123969b3121ec98db8"}
2026-10-09T08:41:21.5865120Z # {"suite":"preexisting-gin-draw-boundaries","controls":90}
2026-10-09T08:41:21.5866049Z # {"suite":"preexisting-gin-measured-gain","immediatePoints":31,"priorPassRoutePoints":20,"gain":11}
2026-10-09T08:41:21.5866959Z # Subtest: all skills take a guaranteed finishing discard even when ten-card deadwood is already zero
2026-10-09T08:41:21.5867909Z ok 35 - all skills take a guaranteed finishing discard even when ten-card deadwood is already zero
2026-10-09T08:41:21.5868448Z   ---
2026-10-09T08:41:21.5868773Z   duration_ms: 1974.818253
2026-10-09T08:41:21.5869133Z   type: 'test'
2026-10-09T08:41:21.5869431Z   ...
2026-10-09T08:41:21.5870115Z # Subtest: 1000 hidden defender completions keep the same guaranteed choice and exact independent finishing score
2026-10-09T08:41:21.5871307Z ok 36 - 1000 hidden defender completions keep the same guaranteed choice and exact independent finishing score
2026-10-09T08:41:21.5872478Z   ---
2026-10-09T08:41:21.5872771Z   duration_ms: 760.826362
2026-10-09T08:41:21.5873156Z   type: 'test'
2026-10-09T08:41:21.5873444Z   ...
2026-10-09T08:41:21.5874074Z # Subtest: forced stock, unavailable actors, pause and non-finishing discards retain the original legal boundaries
2026-10-09T08:41:21.5875020Z ok 37 - forced stock, unavailable actors, pause and non-finishing discards retain the original legal boundaries
2026-10-09T08:41:21.5875636Z   ---
2026-10-09T08:41:21.5875987Z   duration_ms: 9.726067
2026-10-09T08:41:21.5876339Z   type: 'test'
2026-10-09T08:41:21.5876651Z   ...
2026-10-09T08:41:21.5877208Z # Subtest: the reproduced opening takes 31-point Big Gin instead of passing into a 20-point Gin
2026-10-09T08:41:21.5878055Z ok 38 - the reproduced opening takes 31-point Big Gin instead of passing into a 20-point Gin
2026-10-09T08:41:21.5878809Z   ---
2026-10-09T08:41:21.5879092Z   duration_ms: 1.252315
2026-10-09T08:41:21.5879472Z   type: 'test'
2026-10-09T08:41:21.5879758Z   ...
2026-10-09T08:41:21.5880786Z # {"suite":"strong-guaranteed-gin","cases":72,"knownClassicPoints":22}
2026-10-09T08:41:21.5881943Z # {"suite":"gin-actual-score-dominance","defenders":1000,"ordinaryComparisons":6904,"minGain":21,"sha256":"d57bb9977c2b677288f79cc4dae664d82a2d9bf8316ccc658f30362fdc3130d5"}
2026-10-09T08:41:21.5883010Z # {"suite":"gin-policy-boundaries","forbiddenCases":52,"bigGinCases":12}
2026-10-09T08:41:21.5883823Z # Subtest: Strong takes guaranteed Gin despite public discard danger in every edition/profile/rotation
2026-10-09T08:41:21.5884713Z ok 39 - Strong takes guaranteed Gin despite public discard danger in every edition/profile/rotation
2026-10-09T08:41:21.5885312Z   ---
2026-10-09T08:41:21.5885601Z   duration_ms: 56.494385
2026-10-09T08:41:21.5885927Z   type: 'test'
2026-10-09T08:41:21.5886260Z   ...
2026-10-09T08:41:21.5886890Z # Subtest: actual Gin scoring dominates every legal ordinary knock against 1000 disjoint hidden defenders
2026-10-09T08:41:21.5887779Z ok 40 - actual Gin scoring dominates every legal ordinary knock against 1000 disjoint hidden defenders
2026-10-09T08:41:21.5888271Z   ---
2026-10-09T08:41:21.5888510Z   duration_ms: 1688.179429
2026-10-09T08:41:21.5888763Z   type: 'test'
2026-10-09T08:41:21.5888990Z   ...
2026-10-09T08:41:21.5889565Z # Subtest: Gin priority respects immediate-return prohibition and preserves the existing Big Gin branch
2026-10-09T08:41:21.5890159Z ok 41 - Gin priority respects immediate-return prohibition and preserves the existing Big Gin branch
2026-10-09T08:41:21.5890701Z   ---
2026-10-09T08:41:21.5890970Z   duration_ms: 9.676664
2026-10-09T08:41:21.5891240Z   type: 'test'
2026-10-09T08:41:21.5891519Z   ...
2026-10-09T08:41:21.5892182Z # {"suite":"non-gin-policy-byte-equivalence","states":10000,"decisions":30000,"baselineHead":"72d0f3f4ad4f6b70a8ac6b0ed81121300aa54c1f"}
2026-10-09T08:41:21.5892951Z # Subtest: all 30000 non-Gin bot choices retain the accepted pre-repair behavior
2026-10-09T08:41:21.5893532Z ok 42 - all 30000 non-Gin bot choices retain the accepted pre-repair behavior
2026-10-09T08:41:21.5893979Z   ---
2026-10-09T08:41:21.5894246Z   duration_ms: 1858.58908
2026-10-09T08:41:21.5894552Z   type: 'test'
2026-10-09T08:41:21.5894881Z   ...
2026-10-09T08:41:21.5895745Z # {"suite":"initial-presence-exhaustive","cases":336,"connectionMasks":"all","counts":[2,3,4],"variants":["standard","oklahoma"],"clocks":[0,10]}
2026-10-09T08:41:21.5896433Z # {"suite":"initial-presence-seeded","cases":1000}
2026-10-09T08:41:21.5897042Z # Subtest: known initial presence is handled before either player needs to send an event
2026-10-09T08:41:21.5897659Z ok 43 - known initial presence is handled before either player needs to send an event
2026-10-09T08:41:21.5898101Z   ---
2026-10-09T08:41:21.5898339Z   duration_ms: 265.770264
2026-10-09T08:41:21.5898600Z   type: 'test'
2026-10-09T08:41:21.5898821Z   ...
2026-10-09T08:41:21.5899340Z # Subtest: 1000 seeded initial presence patterns are playable or paused without a duplicate drop event
2026-10-09T08:41:21.5900080Z ok 44 - 1000 seeded initial presence patterns are playable or paused without a duplicate drop event
2026-10-09T08:41:21.5900707Z   ---
2026-10-09T08:41:21.5900979Z   duration_ms: 317.302012
2026-10-09T08:41:21.5901563Z   type: 'test'
2026-10-09T08:41:21.5901949Z   ...
2026-10-09T08:41:21.5902546Z # {"suite":"connected-initialization-byte-equivalence","cases":6000,"baselineHead":"d5fbb39746f8f7900bee57506e8133e8675f48ed"}
2026-10-09T08:41:21.5903312Z # Subtest: all-connected opening states retain the exact 6000 pre-repair JSON states
2026-10-09T08:41:21.5903801Z ok 45 - all-connected opening states retain the exact 6000 pre-repair JSON states
2026-10-09T08:41:21.5904122Z   ---
2026-10-09T08:41:21.5904410Z   duration_ms: 98.861593
2026-10-09T08:41:21.5904653Z   type: 'test'
2026-10-09T08:41:21.5904879Z   ...
2026-10-09T08:41:21.5905437Z # {"suite":"same-meld-knock-configurations","cases":576,"minGain":1,"classicPointsBefore":1,"classicPointsAfter":2}
2026-10-09T08:41:21.5906468Z # {"suite":"same-meld-knock-hidden-defenders","defenders":1000,"minGain":1,"maxGain":2,"positiveKnocks":1000,"undercuts":0,"sha256":"8b7cd1f52b2b229393f43ad8ccd09056a2c496a42b5d8e277cf9436049027bd2"}
2026-10-09T08:41:21.5907151Z # {"suite":"same-meld-knock-boundaries","controls":120}
2026-10-09T08:41:21.5907762Z # {"suite":"same-meld-knock-score-boundaries","cases":144,"winningTransitions":36,"minGain":1,"maxGain":52,"defenderDeadwoods":[0,1,2,3]}
2026-10-09T08:41:21.5908443Z # Subtest: Strong takes the strictly better same-meld knock in all editions, profiles, rosters and suits
2026-10-09T08:41:21.5908999Z ok 46 - Strong takes the strictly better same-meld knock in all editions, profiles, rosters and suits
2026-10-09T08:41:21.5909434Z   ---
2026-10-09T08:41:21.5909650Z   duration_ms: 464.211378
2026-10-09T08:41:21.5909869Z   type: 'test'
2026-10-09T08:41:21.5910140Z   ...
2026-10-09T08:41:21.5910743Z # Subtest: the same public decision dominates against 1000 hidden defenders with independent joint layoff scoring
2026-10-09T08:41:21.5911429Z ok 47 - the same public decision dominates against 1000 hidden defenders with independent joint layoff scoring
2026-10-09T08:41:21.5911860Z   ---
2026-10-09T08:41:21.5912071Z   duration_ms: 2533.024313
2026-10-09T08:41:21.5912329Z   type: 'test'
2026-10-09T08:41:21.5912572Z   ...
2026-10-09T08:41:21.5913026Z # Subtest: ordinary-knock priority retains immediate-return, Gin, no-knock and unavailable-player boundaries
2026-10-09T08:41:21.5913687Z ok 48 - ordinary-knock priority retains immediate-return, Gin, no-knock and unavailable-player boundaries
2026-10-09T08:41:21.5914158Z   ---
2026-10-09T08:41:21.5914374Z   duration_ms: 14.380769
2026-10-09T08:41:21.5914610Z   type: 'test'
2026-10-09T08:41:21.5914917Z   ...
2026-10-09T08:41:21.5915340Z # Subtest: same-meld lower deadwood improves both undercuts and the transition from undercut to winning knock
2026-10-09T08:41:21.5916136Z ok 49 - same-meld lower deadwood improves both undercuts and the transition from undercut to winning knock
2026-10-09T08:41:21.5916655Z   ---
2026-10-09T08:41:21.5916906Z   duration_ms: 336.687622
2026-10-09T08:41:21.5917155Z   type: 'test'
2026-10-09T08:41:21.5917364Z   ...
2026-10-09T08:41:21.5918024Z # {"suite":"joint-layoff-proof","hands":2000,"twoTarget":1000,"threeTarget":1000,"seed":816777,"checksum":102460,"actualLaidCards":1534}
2026-10-09T08:41:21.5918654Z # Subtest: 2000 independent joint meld/layoff weighted packings including chained extensions
2026-10-09T08:41:21.5919212Z ok 50 - 2000 independent joint meld/layoff weighted packings including chained extensions
2026-10-09T08:41:21.5919567Z   ---
2026-10-09T08:41:21.5919766Z   duration_ms: 4951.346021
2026-10-09T08:41:21.5920064Z   type: 'test'
2026-10-09T08:41:21.5920273Z   ...
2026-10-09T08:41:21.5921029Z # {"suite":"public-discard-closed-meld-knock-settings","cases":1152,"minGain":11,"maxGain":52,"classicSignedBefore":-10,"classicSignedAfter":1}
2026-10-09T08:41:21.5921958Z # {"suite":"public-discard-closed-meld-knock-independent-hidden-defenders","defenders":1000,"publicViewsByteIdentical":true,"minGain":1,"maxGain":1,"winningTransitions":0}
2026-10-09T08:41:21.5922649Z # {"suite":"public-discard-closed-meld-knock-boundaries","controls":168}
2026-10-09T08:41:21.5923222Z # Subtest: Strong excludes publicly discarded cards from finishing layoff targets in every setting and suit
2026-10-09T08:41:21.5923817Z ok 51 - Strong excludes publicly discarded cards from finishing layoff targets in every setting and suit
2026-10-09T08:41:21.5924207Z   ---
2026-10-09T08:41:21.5924419Z   duration_ms: 859.045931
2026-10-09T08:41:21.5924690Z   type: 'test'
2026-10-09T08:41:21.5924921Z   ...
2026-10-09T08:41:21.5925303Z # Subtest: 1000 identical public views keep the same safe choice and independent joint-defense score
2026-10-09T08:41:21.5925901Z ok 52 - 1000 identical public views keep the same safe choice and independent joint-defense score
2026-10-09T08:41:21.5926336Z   ---
2026-10-09T08:41:21.5926581Z   duration_ms: 4983.680057
2026-10-09T08:41:21.5926842Z   type: 'test'
2026-10-09T08:41:21.5927058Z   ...
2026-10-09T08:41:21.5927505Z # Subtest: public discard closure preserves hidden-card uncertainty, forbidden returns, no-knock and Gin boundaries
2026-10-09T08:41:21.5928159Z ok 53 - public discard closure preserves hidden-card uncertainty, forbidden returns, no-knock and Gin boundaries
2026-10-09T08:41:21.5928593Z   ---
2026-10-09T08:41:21.5928801Z   duration_ms: 50.708397
2026-10-09T08:41:21.5929068Z   type: 'test'
2026-10-09T08:41:21.5929283Z   ...
2026-10-09T08:41:21.5929651Z # {"suite":"opening-pass-attribution","directPassCases":360,"editions":2,"counts":[2,3,4]}
2026-10-09T08:41:21.5930224Z # {"suite":"pass-valid-ids","cases":240,"ids":["","__proto__","constructor","last"]}
2026-10-09T08:41:21.5930822Z # {"suite":"automatic-pass-attribution","routes":["timer","vip","player"]}
2026-10-09T08:41:21.5931348Z # Subtest: both opening passes identify their actual actors across counts, editions and seeds
2026-10-09T08:41:21.5931899Z ok 54 - both opening passes identify their actual actors across counts, editions and seeds
2026-10-09T08:41:21.5932261Z   ---
2026-10-09T08:41:21.5932481Z   duration_ms: 74.925263
2026-10-09T08:41:21.5932730Z   type: 'test'
2026-10-09T08:41:21.5932965Z   ...
2026-10-09T08:41:21.5933333Z # Subtest: empty and prototype-shaped original IDs retain pass attribution as own keys
2026-10-09T08:41:21.5933896Z ok 55 - empty and prototype-shaped original IDs retain pass attribution as own keys
2026-10-09T08:41:21.5934231Z   ---
2026-10-09T08:41:21.5934430Z   duration_ms: 29.237559
2026-10-09T08:41:21.5934683Z   type: 'test'
2026-10-09T08:41:21.5934943Z   ...
2026-10-09T08:41:21.5935301Z # Subtest: timer, VIP skip and absent-seat automation identify the automatic passer
2026-10-09T08:41:21.5935767Z ok 56 - timer, VIP skip and absent-seat automation identify the automatic passer
2026-10-09T08:41:21.5936125Z   ---
2026-10-09T08:41:21.5936346Z   duration_ms: 1.759019
2026-10-09T08:41:21.5936588Z   type: 'test'
2026-10-09T08:41:21.5936831Z   ...
2026-10-09T08:41:21.5937210Z # Subtest: first raw target winner keeps the crown even when final box settlement reverses points
2026-10-09T08:41:21.5937750Z ok 57 - first raw target winner keeps the crown even when final box settlement reverses points
2026-10-09T08:41:21.5938231Z   ---
2026-10-09T08:41:21.5938472Z   duration_ms: 7.32942
2026-10-09T08:41:21.5938725Z   type: 'test'
2026-10-09T08:41:21.5938967Z   ...
2026-10-09T08:41:21.5939361Z # Subtest: every valid string ID, including empty, wins, earns bonuses and stays in rotation
2026-10-09T08:41:21.5939876Z ok 58 - every valid string ID, including empty, wins, earns bonuses and stays in rotation
2026-10-09T08:41:21.5940241Z   ---
2026-10-09T08:41:21.5940604Z   duration_ms: 13.018703
2026-10-09T08:41:21.5940839Z   type: 'test'
2026-10-09T08:41:21.5941085Z   ...
2026-10-09T08:41:21.5941486Z # Subtest: malformed identity metadata cannot coerce a registered ID, throw or reveal a hand
2026-10-09T08:41:21.5942001Z ok 59 - malformed identity metadata cannot coerce a registered ID, throw or reveal a hand
2026-10-09T08:41:21.5942388Z   ---
2026-10-09T08:41:21.5942583Z   duration_ms: 1.170735
2026-10-09T08:41:21.5942854Z   type: 'test'
2026-10-09T08:41:21.5943063Z   ...
2026-10-09T08:41:21.5943438Z # Subtest: early end preserves earned raw points and reports current standings
2026-10-09T08:41:21.5943891Z ok 60 - early end preserves earned raw points and reports current standings
2026-10-09T08:41:21.5944191Z   ---
2026-10-09T08:41:21.5944466Z   duration_ms: 0.489464
2026-10-09T08:41:21.5944695Z   type: 'test'
2026-10-09T08:41:21.5944910Z   ...
2026-10-09T08:41:21.5945218Z # Subtest: aces low, set cardinality, runs and overlap
2026-10-09T08:41:21.5945573Z ok 61 - aces low, set cardinality, runs and overlap
2026-10-09T08:41:21.5945873Z   ---
2026-10-09T08:41:21.5946095Z   duration_ms: 2.539427
2026-10-09T08:41:21.5946413Z   type: 'test'
2026-10-09T08:41:21.5946623Z   ...
2026-10-09T08:41:21.5947062Z # Subtest: joint meld/layoff optimizer finds chains and forbids gin/deadwood/four-card layoffs
2026-10-09T08:41:21.5947589Z ok 62 - joint meld/layoff optimizer finds chains and forbids gin/deadwood/four-card layoffs
2026-10-09T08:41:21.5947933Z   ---
2026-10-09T08:41:21.5948192Z   duration_ms: 2.397201
2026-10-09T08:41:21.5948423Z   type: 'test'
2026-10-09T08:41:21.5948666Z   ...
2026-10-09T08:41:21.5948995Z # Subtest: every score formula, tie undercut and spade whole-hand doubling
2026-10-09T08:41:21.5949462Z ok 63 - every score formula, tie undercut and spade whole-hand doubling
2026-10-09T08:41:21.5949781Z   ---
2026-10-09T08:41:21.5949990Z   duration_ms: 1.816981
2026-10-09T08:41:21.5950276Z   type: 'test'
2026-10-09T08:41:21.5950759Z   ...
2026-10-09T08:41:21.5951215Z # Subtest: opening offers, forced stock, exact immediate-return restriction, stock draw boundary
2026-10-09T08:41:21.5951805Z ok 64 - opening offers, forced stock, exact immediate-return restriction, stock draw boundary
2026-10-09T08:41:21.5952264Z   ---
2026-10-09T08:41:21.5952527Z   duration_ms: 12.531095
2026-10-09T08:41:21.5952785Z   type: 'test'
2026-10-09T08:41:21.5953005Z   ...
2026-10-09T08:41:21.5953348Z # Subtest: Oklahoma limits / ace / spade configurations from all 52 initial upcards
2026-10-09T08:41:21.5953865Z ok 65 - Oklahoma limits / ace / spade configurations from all 52 initial upcards
2026-10-09T08:41:21.5954192Z   ---
2026-10-09T08:41:21.5954401Z   duration_ms: 20.16539
2026-10-09T08:41:21.5954665Z   type: 'test'
2026-10-09T08:41:21.5954893Z   ...
2026-10-09T08:41:21.5955280Z # Subtest: pause, resume, stale/early timer, spectators, malformed input, late leaver, explicit end
2026-10-09T08:41:21.5955868Z ok 66 - pause, resume, stale/early timer, spectators, malformed input, late leaver, explicit end
2026-10-09T08:41:21.5956208Z   ---
2026-10-09T08:41:21.5956452Z   duration_ms: 1.900972
2026-10-09T08:41:21.5956728Z   type: 'test'
2026-10-09T08:41:21.5956950Z   ...
2026-10-09T08:41:21.5957335Z # Subtest: all required roster settings, default sanitization, exact phase fixtures and manifest
2026-10-09T08:41:21.5957896Z ok 67 - all required roster settings, default sanitization, exact phase fixtures and manifest
2026-10-09T08:41:21.5958260Z   ---
2026-10-09T08:41:21.5958490Z   duration_ms: 87.987852
2026-10-09T08:41:21.5958765Z   type: 'test'
2026-10-09T08:41:21.5959054Z   ...
2026-10-09T08:41:21.5959465Z # {"syntheticGuardCorruptionsRejected":175,"guardedSources":35}
2026-10-09T08:41:21.5960057Z # Subtest: synthetic positive control covers full identities, native timestamps, all hand witnesses and clips
2026-10-09T08:41:21.5960940Z ok 68 - synthetic positive control covers full identities, native timestamps, all hand witnesses and clips
2026-10-09T08:41:21.5961433Z   ---
2026-10-09T08:41:21.5961642Z   duration_ms: 7.743077
2026-10-09T08:41:21.5961980Z   type: 'test'
2026-10-09T08:41:21.5962207Z   ...
2026-10-09T08:41:21.5962620Z # Subtest: every guarded source and each start/end inventory entry rejects a stale hash or omission
2026-10-09T08:41:21.5963235Z ok 69 - every guarded source and each start/end inventory entry rejects a stale hash or omission
2026-10-09T08:41:21.5963661Z   ---
2026-10-09T08:41:21.5963888Z   duration_ms: 121.68746
2026-10-09T08:41:21.5964217Z   type: 'test'
2026-10-09T08:41:21.5964531Z   ...
2026-10-09T08:41:21.5965005Z # Subtest: wrong attempt/profile/page/transport/throttle, filtered samples and fake native clocks fail
2026-10-09T08:41:21.5965601Z ok 70 - wrong attempt/profile/page/transport/throttle, filtered samples and fake native clocks fail
2026-10-09T08:41:21.5966089Z   ---
2026-10-09T08:41:21.5966299Z   duration_ms: 12.790524
2026-10-09T08:41:21.5966620Z   type: 'test'
2026-10-09T08:41:21.5966843Z   ...
2026-10-09T08:41:21.5967238Z # Subtest: missing/invalid timestamp, raw interval or active-frame witness fails despite good summaries
2026-10-09T08:41:21.5967951Z ok 71 - missing/invalid timestamp, raw interval or active-frame witness fails despite good summaries
2026-10-09T08:41:21.5968472Z   ---
2026-10-09T08:41:21.5968694Z   duration_ms: 8.154176
2026-10-09T08:41:21.5969019Z   type: 'test'
2026-10-09T08:41:21.5969259Z   ...
2026-10-09T08:41:21.5969716Z # Subtest: all statistics are recomputed and an honestly reported long interval fails the fixed gate
2026-10-09T08:41:21.5970292Z ok 72 - all statistics are recomputed and an honestly reported long interval fails the fixed gate
2026-10-09T08:41:21.5970865Z   ---
2026-10-09T08:41:21.5971076Z   duration_ms: 5.444363
2026-10-09T08:41:21.5971423Z   type: 'test'
2026-10-09T08:41:21.5971627Z   ...
2026-10-09T08:41:21.5972075Z # Subtest: failed runs, mislabeled clips, altered bytes, outsize media and network/errors are rejected
2026-10-09T08:41:21.5972689Z ok 73 - failed runs, mislabeled clips, altered bytes, outsize media and network/errors are rejected
2026-10-09T08:41:21.5973145Z   ---
2026-10-09T08:41:21.5973373Z   duration_ms: 14.026897
2026-10-09T08:41:21.5973688Z   type: 'test'
2026-10-09T08:41:21.5973905Z   ...
2026-10-09T08:41:21.5974478Z # {"suite":"subset-finishing-knock-settings","cases":1152,"minGain":14,"maxGain":58,"classicSignedBefore":-10,"classicSignedAfter":4}
2026-10-09T08:41:21.5975514Z # {"suite":"subset-finishing-knock-independent-hidden-defenders","defenders":1000,"publicViewsByteIdentical":true,"minGain":1,"maxGain":5,"winningTransitions":0,"strictDefenseImprovements":904}
2026-10-09T08:41:21.5976315Z # {"suite":"subset-finishing-knock-boundaries","controls":216}
2026-10-09T08:41:21.5976890Z # Subtest: Strong removes strictly unnecessary finishing layoff targets across every setting and suit
2026-10-09T08:41:21.5977557Z ok 74 - Strong removes strictly unnecessary finishing layoff targets across every setting and suit
2026-10-09T08:41:21.5977931Z   ---
2026-10-09T08:41:21.5978151Z   duration_ms: 1423.51745
2026-10-09T08:41:21.5978503Z   type: 'test'
2026-10-09T08:41:21.5978710Z   ...
2026-10-09T08:41:21.5979218Z # Subtest: 1000 identical public views prove defender opportunity inclusion with independent joint-defense scoring
2026-10-09T08:41:21.5979970Z ok 75 - 1000 identical public views prove defender opportunity inclusion with independent joint-defense scoring
2026-10-09T08:41:21.5980491Z   ---
2026-10-09T08:41:21.5980725Z   duration_ms: 4594.186188
2026-10-09T08:41:21.5980980Z   type: 'test'
2026-10-09T08:41:21.5981258Z   ...
2026-10-09T08:41:21.5981904Z # Subtest: subset finishing preserves incomparable layouts, public uncertainty, forbidden discards, other skills and non-finishing boundaries
2026-10-09T08:41:21.5982832Z ok 76 - subset finishing preserves incomparable layouts, public uncertainty, forbidden discards, other skills and non-finishing boundaries
2026-10-09T08:41:21.5983300Z   ---
2026-10-09T08:41:21.5983524Z   duration_ms: 33.746871
2026-10-09T08:41:21.5983878Z   type: 'test'
2026-10-09T08:41:21.5984081Z   ...
2026-10-09T08:41:21.5984483Z # Subtest: same-timestamp turns cannot share timer instance identity
2026-10-09T08:41:21.5984932Z ok 77 - same-timestamp turns cannot share timer instance identity
2026-10-09T08:41:21.5985297Z   ---
2026-10-09T08:41:21.5985537Z   duration_ms: 7.563
2026-10-09T08:41:21.5985765Z   type: 'test'
2026-10-09T08:41:21.5986074Z   ...
2026-10-09T08:41:21.5986334Z 1..77
2026-10-09T08:41:21.5986566Z # tests 77
2026-10-09T08:41:21.5986869Z # suites 0
2026-10-09T08:41:21.5987086Z # pass 77
2026-10-09T08:41:21.5987301Z # fail 0
2026-10-09T08:41:21.5987591Z # cancelled 0
2026-10-09T08:41:21.5987854Z # skipped 0
2026-10-09T08:41:21.5988061Z # todo 0
2026-10-09T08:41:21.5988344Z # duration_ms 144209.295342
2026-10-09T08:41:36.9937524Z {"stronger":"sharp","weaker":"normal","games":2000,"wins":1166,"losses":834,"ties":0,"winRate":0.583,"wilsonLower":0.5612515833637743,"events":524604,"pairedSeeds":true}
2026-10-09T08:41:51.4274564Z {"stronger":"normal","weaker":"easy","games":2000,"wins":1743,"losses":257,"ties":0,"winRate":0.8715,"wilsonLower":0.8561180625080238,"events":490034,"pairedSeeds":true}
2026-10-09T08:41:51.8578343Z M01 caught wrong rank
2026-10-09T08:41:52.0518978Z M02 caught wrong suit
2026-10-09T08:41:52.2499966Z M03 caught wrong face value
2026-10-09T08:41:52.4567967Z M04 caught reject three-card meld
2026-10-09T08:41:52.6713112Z M05 caught reject four-card set
2026-10-09T08:41:52.8909714Z M06 caught off-by-one run
2026-10-09T08:41:53.1016051Z M07 caught omit three-card candidate runs
2026-10-09T08:41:53.3330615Z M08 caught omit three-of-kind candidates
2026-10-09T08:41:53.5737810Z M09 caught maximize instead of minimize
2026-10-09T08:41:53.8051777Z M10 caught invert Gin layoff prohibition
2026-10-09T08:41:54.0176779Z M11 caught omit layoffs
2026-10-09T08:41:54.2618576Z M12 caught allow discard after two opening passes
2026-10-09T08:41:54.4896641Z M13 caught allow opening stock draw
2026-10-09T08:41:54.7247886Z M14 caught allow immediate returned upcard
2026-10-09T08:41:54.9449977Z M15 caught continue past two stock cards
2026-10-09T08:41:55.1557492Z M16 caught deny tie undercut
2026-10-09T08:41:55.3690213Z M17 caught subtract opponent Gin deadwood
2026-10-09T08:41:55.5749324Z M18 caught Big Gin wrong bonus
2026-10-09T08:41:55.7976498Z M19 caught reverse undercut difference
2026-10-09T08:41:56.0150081Z M20 caught wrong knock difference
2026-10-09T08:41:56.2224600Z M21 caught ignore double Big Gin
2026-10-09T08:41:56.4169558Z M22 caught Oklahoma ace wrong limit
2026-10-09T08:41:56.6193087Z M23 caught double hearts instead of spades
2026-10-09T08:41:56.8243467Z M24 caught accept stale timer
2026-10-09T08:41:57.0371104Z M25 caught resume omits pause duration
2026-10-09T08:41:57.2583424Z M26 caught attribute opening Pass to next player
2026-10-09T08:41:57.5022329Z {"kind":"full browser proof","started":"2026-10-09T08:41:57.500Z","pid":3956,"sourceStart":{"play.html":"8336c62b86e8045f2350e01b8b7b7e2c09c9c31858af6e5a784b9710dd3a9c63","src/core.ts":"211f2307bd96d497e444a4c75157256398f690892b0e9beb4c226c1aeb49e218","src/cards.ts":"e309e103393bc1aaaf10b34e3994de815dd693d1828a61566723b8fba573fdb9","src/browser.ts":"56fb3b450aa29e9dda800a69b187d66d5446e056bf2b89b349a9bef1479131e4","src/play.template.html":"1b5188f105cfd9766f3f19c0a6f3cfa1b522cbd676ec5fde0dbfa1566a09f8c7","../../contract/contract.ts":"c0f999c153074769c99c67ab2a71ad66c879e45e834713f3367b2bde4a1873d5","../../contract/constants.ts":"27cdd23112ea03f344457e6f6e6b5839ff536ebeadbba189751520353aa085ef","../../contract/rng.ts":"7cfcf3024723607e8dd1ce6ccc5683a48d71fcc617947304cc5b9f6d3d7842fe","../../contract/minigame-schema.ts":"2438655eeb8ca658543b475070e6fb3ccb3947f154f57caa3f619c87853c9bbb","../../contract/player-count-schema.ts":"0748d9d9bcf795d0693c37a0f369b262fd8801dec9ab1e4a9a4f5ec23751a189","dist/core.mjs":"dedf75871bc145694fc68721f2f626a63435af95aacc948f5f4715f517bd786a","dist/cards.mjs":"1b8d994514e2de1464f361bddac143b99dfa328037152a89a476bcb1ce5f6c77","dist/contract.mjs":"0d477737fffa3503f35a19d174fce2f29de33bef1769ee5bba2c327ac592101a","scripts/browser-check.mjs":"536587be20208be80ec3bc081be7ff5a23ceeac9bc83ab3a67095084bbbd87dc","scripts/clock-check.mjs":"beba34324460280157fbdffd947f02731437e067fbb6ac816a7e49d2c4e6da19","scripts/meld-check.mjs":"d514a510f1972bdfa0b60d5148c1d42a82efeb4b21f3b799c4e0794054b4b7e4","scripts/results-check.mjs":"c478d1b3f32b71c94f2d5307f2c3b3e1e044edd84833d28e7ffc165f13bd310f","scripts/name-check.mjs":"3802ec077deee82176a892bcb51df0bb268c7ab765851d636faa5ab2228f531f","scripts/host-check.mjs":"e47e9a53aad166af54d78ea28e44ec5defff3e56d69139863113f5c132425b50","scripts/public-history-check.mjs":"5c887f46d5240f1434f173bbd495c560869441b074447d52f4a49878a66a0859","tests/browser-fixture.mjs":"f499940919128006bc90c4cb08eb766677c1bff3ea4dccf02645863a3bc50621","tests/helpers.mjs":"402515edb7b2a6af9548da2a2f1a7fa8f6b220b425da9664bd8c4a3e8b552b2e","scripts/browser-source-guard.mjs":"e5d9304a91ef04963133fe6bbae2c62189da28e917562da5a7cdb856596a1622","scripts/frame-coordination.mjs":"f1d34bfd418b5446a14c2ee3b3ba297eac18ed126d4ee261dffab57224399656","scripts/strict-browser-proof.mjs":"fae9a75d472307307c6eb4781c77f32845ebdade6f4104d859957ce62c1d43d9","scripts/browser-proof.mjs":"3ce834d0a764a4aefc93d0eaf7171f805d4ea5428563bcd976728f65222a8489","scripts/capture.mjs":"72077090f49f70e74c05ee925560a760f1f52b671ccb72d63570d609b9f80985","scripts/build.mjs":"3580cac9f713c9e4c3bfe8a83ec6bef33a64cd30be2c5d27c028b29a6a06fe8e","scripts/integrity.mjs":"7104c27be54110cac7b2d336e594ce0681a578fcb301a863540084619a7e42bb","scripts/check-evidence-links.mjs":"03484934e141e8e0b08e8928bf6f89f48a15f0cfe95b24e94273eebfb1a62842","package.json":"8855d609e12ca7990d525b64c285513acde1420fc6368ccca3a937979253a91b","package-lock.json":"bb2357fee1276cb24714d62a0a02d478e465806f5ec8978034da5594d6fa765a","tsconfig.json":"624efd829d3631cf6a6cc8d7b345e93bb47e713f05162b0ff511ef6cfc0a6ac3","manifest.json":"d079699772d442cda13bf8a41672e7de59d8a62966e07d0c87b8b8e991d84dbb","../../.github/workflows/G02.yml":"5f6241b15e880f212442f4e51fece427f92725b97c222ffaab6b455f0d38bb2a"}}
2026-10-09T08:42:08.3036986Z {"frameWindow":"CLOSED","profile":"desktop","sourceSha256":"8336c62b86e8045f2350e01b8b7b7e2c09c9c31858af6e5a784b9710dd3a9c63","attemptNonce":"3bc039e4-c0da-4002-915b-d4560dece91f","coordination":"uncoordinated","readyUtc":null,"grantUtc":null,"status":"samples-written","rawIntervals":600,"utc":"2026-10-09T08:42:08.303Z"}
2026-10-09T08:42:08.5107690Z {"label":"desktop","fps":60.00279613029967,"meanMs":16.66589,"p99Ms":16.800000000000182,"maxMs":16.80000000000109,"networkRequests":0,"pageErrors":0}
2026-10-09T08:42:19.3992086Z {"frameWindow":"CLOSED","profile":"phone4x","sourceSha256":"8336c62b86e8045f2350e01b8b7b7e2c09c9c31858af6e5a784b9710dd3a9c63","attemptNonce":"c1f51487-a030-46df-802f-e027c250bc37","coordination":"uncoordinated","readyUtc":null,"grantUtc":null,"status":"samples-written","rawIntervals":600,"utc":"2026-10-09T08:42:19.398Z"}
2026-10-09T08:42:19.6451225Z {"label":"phone4x","fps":60.00180005400161,"meanMs":16.66616666666667,"p99Ms":16.800000000000182,"maxMs":16.80000000000109,"networkRequests":0,"pageErrors":0}
2026-10-09T08:42:19.8694710Z {"kind":"synthetic delayed-host-callback and pause regression","elapsedMs":20000,"configuredTurnMs":10000,"firstExpiredCallbackCount":1,"actionsBefore":0,"actionsAfter":1,"deadlineAdvancedOnElapsedTime":true,"visibleCountdown":true,"pausePreservesRemainingTime":true,"entropyCalls":1,"controlledTestSeed":7199}
2026-10-09T08:42:21.8645318Z {"customMeldRegression":[{"label":"desktop","cpuThrottle":1,"namedCardControls":10,"privateDraftCleared":true,"invalidGroupsPreventKnock":true,"closedControlsRestoreAutomaticKnock":true,"revealShowsDeclaredLayout":true,"defenderResolvedDeadwood":0,"undercutPoints":11,"pageErrors":0,"networkRequests":0,"fixture":"initial state only; production reducer, solver and renderer"},{"label":"phone4x","cpuThrottle":4,"namedCardControls":10,"privateDraftCleared":true,"invalidGroupsPreventKnock":true,"closedControlsRestoreAutomaticKnock":true,"revealShowsDeclaredLayout":true,"defenderResolvedDeadwood":0,"undercutPoints":11,"pageErrors":0,"networkRequests":0,"fixture":"initial state only; production reducer, solver and renderer"}]}
2026-10-09T08:42:22.7222599Z {"resultsRegression":[{"label":"desktop","cpuThrottle":1,"targetWinner":"p0","displayedWinner":"Target winner","finalPoints":{"p0":388,"p1":499},"explanationVisible":true,"pageErrors":0,"fixture":"initial state only; production reducer and renderer"},{"label":"phone4x","cpuThrottle":4,"targetWinner":"p0","displayedWinner":"Target winner","finalPoints":{"p0":388,"p1":499},"explanationVisible":true,"pageErrors":0,"fixture":"initial state only; production reducer and renderer"}]}
2026-10-09T08:42:23.1859430Z {"payload":"<svg onload=alert(1)>","renderedAsText":true,"insertedMarkupNodes":0,"dialogs":0,"pageErrors":0,"networkRequests":0,"cpuThrottle":4}
2026-10-09T08:42:25.0851405Z {"runId":"2026-10-09T08-41-57-500Z","passed":true,"sourceUnchanged":true,"extraHostChecks":5,"rows":[{"label":"desktop","fps":60.00279613029967,"p99Ms":16.800000000000182,"maxMs":16.80000000000109,"frameGatePassed":true},{"label":"phone4x","fps":60.00180005400161,"p99Ms":16.800000000000182,"maxMs":16.80000000000109,"frameGatePassed":true}]}
2026-10-09T08:42:25.2862418Z {"kind":"functional recordings","started":"2026-10-09T08:42:25.284Z","pid":4178,"sourceStart":{"play.html":"8336c62b86e8045f2350e01b8b7b7e2c09c9c31858af6e5a784b9710dd3a9c63","src/core.ts":"211f2307bd96d497e444a4c75157256398f690892b0e9beb4c226c1aeb49e218","src/cards.ts":"e309e103393bc1aaaf10b34e3994de815dd693d1828a61566723b8fba573fdb9","src/browser.ts":"56fb3b450aa29e9dda800a69b187d66d5446e056bf2b89b349a9bef1479131e4","src/play.template.html":"1b5188f105cfd9766f3f19c0a6f3cfa1b522cbd676ec5fde0dbfa1566a09f8c7","../../contract/contract.ts":"c0f999c153074769c99c67ab2a71ad66c879e45e834713f3367b2bde4a1873d5","../../contract/constants.ts":"27cdd23112ea03f344457e6f6e6b5839ff536ebeadbba189751520353aa085ef","../../contract/rng.ts":"7cfcf3024723607e8dd1ce6ccc5683a48d71fcc617947304cc5b9f6d3d7842fe","../../contract/minigame-schema.ts":"2438655eeb8ca658543b475070e6fb3ccb3947f154f57caa3f619c87853c9bbb","../../contract/player-count-schema.ts":"0748d9d9bcf795d0693c37a0f369b262fd8801dec9ab1e4a9a4f5ec23751a189","dist/core.mjs":"dedf75871bc145694fc68721f2f626a63435af95aacc948f5f4715f517bd786a","dist/cards.mjs":"1b8d994514e2de1464f361bddac143b99dfa328037152a89a476bcb1ce5f6c77","dist/contract.mjs":"0d477737fffa3503f35a19d174fce2f29de33bef1769ee5bba2c327ac592101a","scripts/browser-check.mjs":"536587be20208be80ec3bc081be7ff5a23ceeac9bc83ab3a67095084bbbd87dc","scripts/clock-check.mjs":"beba34324460280157fbdffd947f02731437e067fbb6ac816a7e49d2c4e6da19","scripts/meld-check.mjs":"d514a510f1972bdfa0b60d5148c1d42a82efeb4b21f3b799c4e0794054b4b7e4","scripts/results-check.mjs":"c478d1b3f32b71c94f2d5307f2c3b3e1e044edd84833d28e7ffc165f13bd310f","scripts/name-check.mjs":"3802ec077deee82176a892bcb51df0bb268c7ab765851d636faa5ab2228f531f","scripts/host-check.mjs":"e47e9a53aad166af54d78ea28e44ec5defff3e56d69139863113f5c132425b50","scripts/public-history-check.mjs":"5c887f46d5240f1434f173bbd495c560869441b074447d52f4a49878a66a0859","tests/browser-fixture.mjs":"f499940919128006bc90c4cb08eb766677c1bff3ea4dccf02645863a3bc50621","tests/helpers.mjs":"402515edb7b2a6af9548da2a2f1a7fa8f6b220b425da9664bd8c4a3e8b552b2e","scripts/browser-source-guard.mjs":"e5d9304a91ef04963133fe6bbae2c62189da28e917562da5a7cdb856596a1622","scripts/frame-coordination.mjs":"f1d34bfd418b5446a14c2ee3b3ba297eac18ed126d4ee261dffab57224399656","scripts/strict-browser-proof.mjs":"fae9a75d472307307c6eb4781c77f32845ebdade6f4104d859957ce62c1d43d9","scripts/browser-proof.mjs":"3ce834d0a764a4aefc93d0eaf7171f805d4ea5428563bcd976728f65222a8489","scripts/capture.mjs":"72077090f49f70e74c05ee925560a760f1f52b671ccb72d63570d609b9f80985","scripts/build.mjs":"3580cac9f713c9e4c3bfe8a83ec6bef33a64cd30be2c5d27c028b29a6a06fe8e","scripts/integrity.mjs":"7104c27be54110cac7b2d336e594ce0681a578fcb301a863540084619a7e42bb","scripts/check-evidence-links.mjs":"03484934e141e8e0b08e8928bf6f89f48a15f0cfe95b24e94273eebfb1a62842","package.json":"8855d609e12ca7990d525b64c285513acde1420fc6368ccca3a937979253a91b","package-lock.json":"bb2357fee1276cb24714d62a0a02d478e465806f5ec8978034da5594d6fa765a","tsconfig.json":"624efd829d3631cf6a6cc8d7b345e93bb47e713f05162b0ff511ef6cfc0a6ac3","manifest.json":"d079699772d442cda13bf8a41672e7de59d8a62966e07d0c87b8b8e991d84dbb","../../.github/workflows/G02.yml":"5f6241b15e880f212442f4e51fece427f92725b97c222ffaab6b455f0d38bb2a"}}
2026-10-09T08:42:38.8769221Z {"path":".work/browser/ci-current-2026-10-09t08-42-25-272z-desktop.webm","bytes":712420,"sha256":"937ea53ca7552da6b8e541633cf81ce3b0eb9aa950784270bca29813ae907fb2","cpuThrottle":1,"viewport":{"width":1920,"height":1080},"performanceMeasurement":false,"newMatchPrivateDomCleared":true,"actualElapsedTimeoutCoveredHand":true,"publicPassHistoryShown":true,"passActors":["Player 1: pass","Player 2: pass"],"networkRequests":0,"pageErrors":0}
2026-10-09T08:42:52.7364748Z {"path":".work/browser/ci-current-2026-10-09t08-42-25-272z-phone4x.webm","bytes":675693,"sha256":"672ba82c029a2fb3a844301cedbdd83928a3f79333cb44664fe8fd5c17a4469e","cpuThrottle":4,"viewport":{"width":390,"height":844},"performanceMeasurement":false,"newMatchPrivateDomCleared":true,"actualElapsedTimeoutCoveredHand":true,"publicPassHistoryShown":true,"passActors":["Player 1: pass","Player 2: pass"],"networkRequests":0,"pageErrors":0}
2026-10-09T08:42:53.1746972Z {"suite":"committed-browser-proof","sourceMatched":true,"profiles":2,"rawIntervals":1200,"unfiltered":true,"recordingsMatched":2}
2026-10-09T08:42:53.1770533Z {"suite":"evidence-links","localLinks":32,"allLocalFilesExist":true,"externalLinks":2,"externalLinksFetched":false}
2026-10-09T08:42:53.4275548Z {"suite":"integrity","fileHashes":1132,"regenerationRuns":2,"byteIdentical":true,"coreNoIo":true,"mediaUnder10MB":true}
2026-10-09T08:42:53.4382426Z {"suite":"strict-current-browser-proof","guardedSources":35,"profiles":2,"rawIntervals":1200,"nativeTimestamps":1202,"activeHandWitnesses":1208,"unfiltered":true,"recordingsMatched":2}
2026-10-09T08:42:53.4521266Z ##[group]Run actions/upload-artifact@v4
2026-10-09T08:42:53.4521630Z with:
2026-10-09T08:42:53.4521891Z   name: G02-browser-evidence
2026-10-09T08:42:53.4523302Z   path: jobs/G02-gin-rummy/.work/browser/*-frames.json
jobs/G02-gin-rummy/.work/browser/report.json
jobs/G02-gin-rummy/.work/browser/captures.json
jobs/G02-gin-rummy/.work/browser/ci-current-*.webm
jobs/G02-gin-rummy/.work/clock-after.json
jobs/G02-gin-rummy/.work/custom-meld-after.json
jobs/G02-gin-rummy/.work/results-after.json
jobs/G02-gin-rummy/.work/name-check.json
jobs/G02-gin-rummy/media/strict-reverify-1900-*.webm
jobs/G02-gin-rummy/evidence/resume-20261008/strict-reverify-1900-captures.json

2026-10-09T08:42:53.4524775Z   include-hidden-files: true
2026-10-09T08:42:53.4525068Z   if-no-files-found: warn
2026-10-09T08:42:53.4525331Z   compression-level: 6
2026-10-09T08:42:53.4525624Z   overwrite: false
2026-10-09T08:42:53.4525843Z ##[endgroup]
2026-10-09T08:42:53.5746476Z (node:4301) [DEP0040] DeprecationWarning: The `punycode` module is deprecated. Please use a userland alternative instead.
2026-10-09T08:42:53.5747160Z (Use `node --trace-deprecation ...` to show where the warning was created)
2026-10-09T08:42:53.5877174Z Multiple search paths detected. Calculating the least common ancestor of all paths
2026-10-09T08:42:53.5880063Z The least common ancestor is /home/runner/work/partybox-game-cores/partybox-game-cores/jobs/G02-gin-rummy. This will be the root directory of the artifact
2026-10-09T08:42:53.5881010Z With the provided path, there will be 13 files uploaded
2026-10-09T08:42:53.5888838Z Artifact name is valid!
2026-10-09T08:42:53.5889436Z Root directory input is valid!
2026-10-09T08:42:53.8722617Z Beginning upload of artifact content to blob storage
2026-10-09T08:42:53.9646383Z (node:4301) [DEP0169] DeprecationWarning: `url.parse()` behavior is not standardized and prone to errors that have security implications. Use the WHATWG URL API instead. CVEs are not issued for `url.parse()` vulnerabilities.
2026-10-09T08:42:54.2958445Z Uploaded bytes 2192176
2026-10-09T08:42:54.3306978Z Finished uploading artifact content to blob storage!
2026-10-09T08:42:54.3307777Z SHA256 digest of uploaded artifact zip is 2422a0b985db95ccebb035621333703c3286f215224538dfc4aa87ffe5e63503
2026-10-09T08:42:54.3309391Z Finalizing artifact upload
2026-10-09T08:42:54.5478150Z Artifact G02-browser-evidence.zip successfully finalized. Artifact ID 11604881873
2026-10-09T08:42:54.5478866Z Artifact G02-browser-evidence has been successfully uploaded! Final size is 2192176 bytes. Artifact ID is 11604881873
2026-10-09T08:42:54.5485554Z Artifact download URL: https://github.com/luisitin/partybox-game-cores/actions/runs/37906194509/artifacts/11604881873
2026-10-09T08:42:54.5627286Z Post job cleanup.
2026-10-09T08:42:54.6516159Z (node:4315) [DEP0040] DeprecationWarning: The `punycode` module is deprecated. Please use a userland alternative instead.
2026-10-09T08:42:54.6516895Z (Use `node --trace-deprecation ...` to show where the warning was created)
2026-10-09T08:42:54.6518185Z Cache hit occurred on the primary key node-cache-Linux-x64-npm-d48b0073b1be2df746cbb2cab1dca64dc5674a863aed54a4ee7f428aad681317, not saving cache.
2026-10-09T08:42:54.6628533Z Post job cleanup.
2026-10-09T08:42:54.7280885Z [command]/usr/bin/git version
2026-10-09T08:42:54.7311024Z git version 2.55.0
2026-10-09T08:42:54.7345240Z Temporarily overriding HOME='/home/runner/work/_temp/504e3aa2-8e0d-49f6-a755-b38c216e3bac' before making global git config changes
2026-10-09T08:42:54.7346764Z Adding repository directory to the temporary git global config as a safe directory
2026-10-09T08:42:54.7350929Z [command]/usr/bin/git config --global --add safe.directory /home/runner/work/partybox-game-cores/partybox-game-cores
2026-10-09T08:42:54.7377014Z [command]/usr/bin/git config --local --name-only --get-regexp core\.sshCommand
2026-10-09T08:42:54.7404388Z [command]/usr/bin/git submodule foreach --recursive sh -c "git config --local --name-only --get-regexp 'core\.sshCommand' && git config --local --unset-all 'core.sshCommand' || :"
2026-10-09T08:42:54.7611704Z [command]/usr/bin/git config --local --name-only --get-regexp http\.https\:\/\/github\.com\/\.extraheader
2026-10-09T08:42:54.7640837Z http.https://github.com/.extraheader
2026-10-09T08:42:54.7692627Z [command]/usr/bin/git config --local --unset-all http.https://github.com/.extraheader
2026-10-09T08:42:54.7736706Z [command]/usr/bin/git submodule foreach --recursive sh -c "git config --local --name-only --get-regexp 'http\.https\:\/\/github\.com\/\.extraheader' && git config --local --unset-all 'http.https://github.com/.extraheader' || :"
2026-10-09T08:42:54.7974513Z [command]/usr/bin/git config --local --name-only --get-regexp ^includeIf\.gitdir:
2026-10-09T08:42:54.7977646Z [command]/usr/bin/git submodule foreach --recursive git config --local --show-origin --name-only --get-regexp remote.origin.url
2026-10-09T08:42:54.8101888Z Cleaning up orphan processes
2026-10-09T08:42:54.8346078Z ##[warning]Node.js 20 is deprecated. The following actions target Node.js 20 but are being forced to run on Node.js 24: actions/checkout@v4, actions/setup-node@v4, actions/upload-artifact@v4. For more information see: https://github.blog/changelog/2025-09-19-deprecation-of-node-20-on-github-actions-runners/
