2026-10-09T03:03:32.9424648Z Current runner version: '2.337.0'
2026-10-09T03:03:32.9462628Z ##[group]Runner Image Provisioner
2026-10-09T03:03:32.9464024Z Hosted Compute Agent
2026-10-09T03:03:32.9464938Z Version: 20261002.596
2026-10-09T03:03:32.9466133Z Commit: c3d12f3313a95f25162a1503be624f3b0617f8c0
2026-10-09T03:03:32.9467372Z Build Date: 2026-10-02T22:28:27Z
2026-10-09T03:03:32.9468555Z Worker ID: {9f1e380d-0ba6-4ea0-bc65-49a7d9f730b8}
2026-10-09T03:03:32.9469802Z Region: eastus
2026-10-09T03:03:32.9470739Z Cloud: Azure
2026-10-09T03:03:32.9471701Z ##[endgroup]
2026-10-09T03:03:32.9474527Z ##[group]Operating System
2026-10-09T03:03:32.9475636Z Ubuntu
2026-10-09T03:03:32.9476532Z 24.04.5
2026-10-09T03:03:32.9477384Z LTS
2026-10-09T03:03:32.9478468Z ##[endgroup]
2026-10-09T03:03:32.9479349Z ##[group]Runner Image
2026-10-09T03:03:32.9480420Z Image: ubuntu-24.04
2026-10-09T03:03:32.9481434Z Version: 20261004.327.1
2026-10-09T03:03:32.9484043Z Included Software: https://github.com/actions/runner-images/blob/ubuntu24/20261004.327/images/ubuntu/Ubuntu2404-Readme.md
2026-10-09T03:03:32.9486763Z Image Release: https://github.com/actions/runner-images/releases/tag/ubuntu24%2F20261004.327
2026-10-09T03:03:32.9488600Z ##[endgroup]
2026-10-09T03:03:32.9490440Z ##[group]GITHUB_TOKEN Permissions
2026-10-09T03:03:32.9493610Z Contents: read
2026-10-09T03:03:32.9494564Z Metadata: read
2026-10-09T03:03:32.9495531Z ##[endgroup]
2026-10-09T03:03:32.9498631Z Secret source: Actions
2026-10-09T03:03:32.9500227Z Cache mode: write
2026-10-09T03:03:32.9501384Z Prepare workflow directory
2026-10-09T03:03:33.0098235Z Prepare all required actions
2026-10-09T03:03:33.0170619Z Getting action download info
2026-10-09T03:03:33.2159547Z Download action repository 'actions/checkout@v4' (SHA:11d5960a326750d5838078e36cf38b85af677262)
2026-10-09T03:03:33.3470867Z Download action repository 'actions/setup-node@v4' (SHA:49933ea5288caeca8642d1e84afbd3f7d6820020)
2026-10-09T03:03:33.4496167Z Download action repository 'actions/upload-artifact@v4' (SHA:ea165f8d65b6e75b540449e92b4886f43607fa02)
2026-10-09T03:03:33.6538651Z Complete job name: verify
2026-10-09T03:03:33.7351179Z ##[group]Run actions/checkout@v4
2026-10-09T03:03:33.7352428Z with:
2026-10-09T03:03:33.7352937Z   repository: luisitin/partybox-game-cores
2026-10-09T03:03:33.7356701Z   token: ***
2026-10-09T03:03:33.7357147Z   ssh-strict: true
2026-10-09T03:03:33.7357598Z   ssh-user: git
2026-10-09T03:03:33.7358053Z   persist-credentials: true
2026-10-09T03:03:33.7358554Z   clean: true
2026-10-09T03:03:33.7359011Z   sparse-checkout-cone-mode: true
2026-10-09T03:03:33.7359550Z   fetch-depth: 1
2026-10-09T03:03:33.7359986Z   fetch-tags: false
2026-10-09T03:03:33.7360437Z   show-progress: true
2026-10-09T03:03:33.7360897Z   lfs: false
2026-10-09T03:03:33.7361328Z   submodules: false
2026-10-09T03:03:33.7361998Z   set-safe-directory: true
2026-10-09T03:03:33.7362529Z   allow-unsafe-pr-checkout: false
2026-10-09T03:03:33.7363354Z ##[endgroup]
2026-10-09T03:03:33.8396831Z Syncing repository: luisitin/partybox-game-cores
2026-10-09T03:03:33.8399568Z ##[group]Getting Git version info
2026-10-09T03:03:33.8401018Z Working directory is '/home/runner/work/partybox-game-cores/partybox-game-cores'
2026-10-09T03:03:33.8403236Z [command]/usr/bin/git version
2026-10-09T03:03:33.8510700Z git version 2.55.0
2026-10-09T03:03:33.8546424Z ##[endgroup]
2026-10-09T03:03:33.8557735Z Temporarily overriding HOME='/home/runner/work/_temp/e4fc7d6a-9951-48f9-b5ec-63d2e5b03b27' before making global git config changes
2026-10-09T03:03:33.8562988Z Adding repository directory to the temporary git global config as a safe directory
2026-10-09T03:03:33.8565090Z [command]/usr/bin/git config --global --add safe.directory /home/runner/work/partybox-game-cores/partybox-game-cores
2026-10-09T03:03:33.8623431Z Deleting the contents of '/home/runner/work/partybox-game-cores/partybox-game-cores'
2026-10-09T03:03:33.8632833Z ##[group]Initializing the repository
2026-10-09T03:03:33.8641377Z [command]/usr/bin/git init /home/runner/work/partybox-game-cores/partybox-game-cores
2026-10-09T03:03:33.8768590Z hint: Using 'master' as the name for the initial branch. This default branch name
2026-10-09T03:03:33.8770502Z hint: will change to "main" in Git 3.0. To configure the initial branch name
2026-10-09T03:03:33.8772333Z hint: to use in all of your new repositories, which will suppress this warning,
2026-10-09T03:03:33.8774131Z hint: call:
2026-10-09T03:03:33.8775865Z hint:
2026-10-09T03:03:33.8776884Z hint: 	git config --global init.defaultBranch <name>
2026-10-09T03:03:33.8777910Z hint:
2026-10-09T03:03:33.8779415Z hint: Names commonly chosen instead of 'master' are 'main', 'trunk' and
2026-10-09T03:03:33.8781013Z hint: 'development'. The just-created branch can be renamed via this command:
2026-10-09T03:03:33.8782473Z hint:
2026-10-09T03:03:33.8783126Z hint: 	git branch -m <name>
2026-10-09T03:03:33.8783916Z hint:
2026-10-09T03:03:33.8785025Z hint: Disable this message with "git config set advice.defaultBranchName false"
2026-10-09T03:03:33.8787068Z Initialized empty Git repository in /home/runner/work/partybox-game-cores/partybox-game-cores/.git/
2026-10-09T03:03:33.8790797Z [command]/usr/bin/git remote add origin https://github.com/luisitin/partybox-game-cores
2026-10-09T03:03:33.8844653Z ##[endgroup]
2026-10-09T03:03:33.8845976Z ##[group]Disabling automatic garbage collection
2026-10-09T03:03:33.8850169Z [command]/usr/bin/git config --local gc.auto 0
2026-10-09T03:03:33.8895219Z ##[endgroup]
2026-10-09T03:03:33.8896624Z ##[group]Setting up auth
2026-10-09T03:03:33.8904714Z [command]/usr/bin/git config --local --name-only --get-regexp core\.sshCommand
2026-10-09T03:03:33.8956519Z [command]/usr/bin/git submodule foreach --recursive sh -c "git config --local --name-only --get-regexp 'core\.sshCommand' && git config --local --unset-all 'core.sshCommand' || :"
2026-10-09T03:03:33.9423693Z [command]/usr/bin/git config --local --name-only --get-regexp http\.https\:\/\/github\.com\/\.extraheader
2026-10-09T03:03:33.9504321Z [command]/usr/bin/git submodule foreach --recursive sh -c "git config --local --name-only --get-regexp 'http\.https\:\/\/github\.com\/\.extraheader' && git config --local --unset-all 'http.https://github.com/.extraheader' || :"
2026-10-09T03:03:33.9788345Z [command]/usr/bin/git config --local --name-only --get-regexp ^includeIf\.gitdir:
2026-10-09T03:03:33.9827865Z [command]/usr/bin/git submodule foreach --recursive git config --local --show-origin --name-only --get-regexp remote.origin.url
2026-10-09T03:03:34.0087425Z [command]/usr/bin/git config --local http.https://github.com/.extraheader AUTHORIZATION: basic ***
2026-10-09T03:03:34.0133932Z ##[endgroup]
2026-10-09T03:03:34.0135442Z ##[group]Fetching the repository
2026-10-09T03:03:34.0146197Z [command]/usr/bin/git -c protocol.version=2 fetch --no-tags --prune --no-recurse-submodules --depth=1 origin +e304c5b1ffe95fd0c5af345973924dfc8fe03982:refs/remotes/pull/12/merge
2026-10-09T03:03:35.0704664Z From https://github.com/luisitin/partybox-game-cores
2026-10-09T03:03:35.0706839Z  * [new ref]         e304c5b1ffe95fd0c5af345973924dfc8fe03982 -> pull/12/merge
2026-10-09T03:03:35.0712092Z ##[endgroup]
2026-10-09T03:03:35.0713718Z ##[group]Determining the checkout info
2026-10-09T03:03:35.0715628Z ##[endgroup]
2026-10-09T03:03:35.0723220Z [command]/usr/bin/git sparse-checkout disable
2026-10-09T03:03:35.0794127Z [command]/usr/bin/git config --local --unset-all extensions.worktreeConfig
2026-10-09T03:03:35.0829961Z ##[group]Checking out the ref
2026-10-09T03:03:35.0834742Z [command]/usr/bin/git checkout --progress --force refs/remotes/pull/12/merge
2026-10-09T03:03:35.2055432Z Note: switching to 'refs/remotes/pull/12/merge'.
2026-10-09T03:03:35.2056300Z 
2026-10-09T03:03:35.2056936Z You are in 'detached HEAD' state. You can look around, make experimental
2026-10-09T03:03:35.2058380Z changes and commit them, and you can discard any commits you make in this
2026-10-09T03:03:35.2059847Z state without impacting any branches by switching back to a branch.
2026-10-09T03:03:35.2060671Z 
2026-10-09T03:03:35.2061290Z If you want to create a new branch to retain commits you create, you may
2026-10-09T03:03:35.2063603Z do so (now or later) by using -c with the switch command. Example:
2026-10-09T03:03:35.2064495Z 
2026-10-09T03:03:35.2064997Z   git switch -c <new-branch-name>
2026-10-09T03:03:35.2066011Z 
2026-10-09T03:03:35.2066611Z Or undo this operation with:
2026-10-09T03:03:35.2067633Z 
2026-10-09T03:03:35.2068165Z   git switch -
2026-10-09T03:03:35.2069024Z 
2026-10-09T03:03:35.2070125Z Turn off this advice by setting config variable advice.detachedHead to false
2026-10-09T03:03:35.2071744Z 
2026-10-09T03:03:35.2073786Z HEAD is now at e304c5b Merge 0493f868c1962ffcd6fa723c2219bc2364e83381 into d5fbb39746f8f7900bee57506e8133e8675f48ed
2026-10-09T03:03:35.2079379Z ##[endgroup]
2026-10-09T03:03:35.2123142Z [command]/usr/bin/git log -1 --format=%H
2026-10-09T03:03:35.2151380Z e304c5b1ffe95fd0c5af345973924dfc8fe03982
2026-10-09T03:03:35.2618992Z ##[group]Run actions/setup-node@v4
2026-10-09T03:03:35.2620213Z with:
2026-10-09T03:03:35.2621094Z   node-version: 22.16.0
2026-10-09T03:03:35.2622361Z   cache: npm
2026-10-09T03:03:35.2623567Z   cache-dependency-path: jobs/G02-gin-rummy/package-lock.json
2026-10-09T03:03:35.2625006Z   always-auth: false
2026-10-09T03:03:35.2625973Z   check-latest: false
2026-10-09T03:03:35.2634485Z   token: ***
2026-10-09T03:03:35.2635406Z ##[endgroup]
2026-10-09T03:03:35.4069312Z Attempting to download 22.16.0...
2026-10-09T03:03:35.4179825Z (node:2305) [DEP0040] DeprecationWarning: The `punycode` module is deprecated. Please use a userland alternative instead.
2026-10-09T03:03:35.4182943Z (Use `node --trace-deprecation ...` to show where the warning was created)
2026-10-09T03:03:35.9205702Z Acquiring 22.16.0 - x64 from https://github.com/actions/node-versions/releases/download/22.16.0-15177438473/node-22.16.0-linux-x64.tar.gz
2026-10-09T03:03:36.3315787Z Extracting ...
2026-10-09T03:03:36.3443887Z [command]/usr/bin/tar xz --strip 1 --warning=no-unknown-keyword --overwrite -C /home/runner/work/_temp/cbd4f108-3d46-4c17-ba01-63f2c93b1de2 -f /home/runner/work/_temp/dd3f73ff-a27f-4a96-8e57-43ce00da4e49
2026-10-09T03:03:37.5070291Z Adding to the cache ...
2026-10-09T03:03:39.6205910Z ##[group]Environment details
2026-10-09T03:03:39.8469013Z node: v22.16.0
2026-10-09T03:03:39.8469386Z npm: 10.9.2
2026-10-09T03:03:39.8470009Z yarn: 1.22.22
2026-10-09T03:03:39.8470741Z ##[endgroup]
2026-10-09T03:03:39.8494585Z [command]/opt/hostedtoolcache/node/22.16.0/x64/bin/npm config get cache
2026-10-09T03:03:39.9445655Z /home/runner/.npm
2026-10-09T03:03:40.0208249Z npm cache is not found
2026-10-09T03:03:40.0393553Z ##[group]Run npm ci --ignore-scripts --no-audit --no-fund
2026-10-09T03:03:40.0394055Z [36;1mnpm ci --ignore-scripts --no-audit --no-fund[0m
2026-10-09T03:03:40.0682355Z shell: /usr/bin/bash -e {0}
2026-10-09T03:03:40.0682810Z ##[endgroup]
2026-10-09T03:03:41.3493925Z 
2026-10-09T03:03:41.3501293Z added 6 packages in 1s
2026-10-09T03:03:41.3969711Z ##[group]Run npx playwright install --with-deps chromium
2026-10-09T03:03:41.3970189Z [36;1mnpx playwright install --with-deps chromium[0m
2026-10-09T03:03:41.4036406Z shell: /usr/bin/bash -e {0}
2026-10-09T03:03:41.4036679Z ##[endgroup]
2026-10-09T03:03:42.2582499Z Installing dependencies...
2026-10-09T03:03:42.2660497Z Switching to root user to install dependencies...
2026-10-09T03:03:42.3422737Z Get:1 file:/etc/apt/apt-mirrors.txt Mirrorlist [144 B]
2026-10-09T03:03:42.3799390Z Hit:2 http://azure.archive.ubuntu.com/ubuntu noble InRelease
2026-10-09T03:03:42.3817020Z Get:6 https://packages.microsoft.com/ubuntu/24.04/prod noble InRelease [3600 B]
2026-10-09T03:03:42.3843294Z Get:3 http://azure.archive.ubuntu.com/ubuntu noble-updates InRelease [126 kB]
2026-10-09T03:03:42.3852798Z Get:4 http://azure.archive.ubuntu.com/ubuntu noble-backports InRelease [126 kB]
2026-10-09T03:03:42.3893678Z Get:5 http://azure.archive.ubuntu.com/ubuntu noble-security InRelease [126 kB]
2026-10-09T03:03:42.5176437Z Get:7 https://packages.microsoft.com/ubuntu/24.04/prod noble/main arm64 Packages [475 kB]
2026-10-09T03:03:42.5393974Z Get:8 https://packages.microsoft.com/ubuntu/24.04/prod noble/main all Packages [640 B]
2026-10-09T03:03:42.5467005Z Get:9 https://packages.microsoft.com/ubuntu/24.04/prod noble/main amd64 Packages [531 kB]
2026-10-09T03:03:42.5546472Z Get:10 https://packages.microsoft.com/ubuntu/24.04/prod noble/main armhf Packages [12.3 kB]
2026-10-09T03:03:42.5716978Z Get:11 http://azure.archive.ubuntu.com/ubuntu noble-updates/main amd64 Packages [1375 kB]
2026-10-09T03:03:42.5813763Z Get:12 http://azure.archive.ubuntu.com/ubuntu noble-updates/main Translation-en [306 kB]
2026-10-09T03:03:42.5820974Z Get:13 http://azure.archive.ubuntu.com/ubuntu noble-updates/universe amd64 Packages [1702 kB]
2026-10-09T03:03:42.5915639Z Get:14 http://azure.archive.ubuntu.com/ubuntu noble-updates/universe Translation-en [342 kB]
2026-10-09T03:03:42.5945997Z Get:15 http://azure.archive.ubuntu.com/ubuntu noble-updates/restricted amd64 Packages [1761 kB]
2026-10-09T03:03:42.6060188Z Get:16 http://azure.archive.ubuntu.com/ubuntu noble-updates/restricted Translation-en [401 kB]
2026-10-09T03:03:42.6071558Z Get:17 http://azure.archive.ubuntu.com/ubuntu noble-updates/multiverse amd64 Packages [55.0 kB]
2026-10-09T03:03:42.6103695Z Get:18 http://azure.archive.ubuntu.com/ubuntu noble-updates/multiverse Translation-en [14.3 kB]
2026-10-09T03:03:42.6813737Z Get:19 http://azure.archive.ubuntu.com/ubuntu noble-security/main amd64 Packages [1118 kB]
2026-10-09T03:03:42.6869132Z Get:20 http://azure.archive.ubuntu.com/ubuntu noble-security/main Translation-en [228 kB]
2026-10-09T03:03:42.7321223Z Get:21 http://azure.archive.ubuntu.com/ubuntu noble-security/universe amd64 Packages [1220 kB]
2026-10-09T03:03:42.7390678Z Get:22 http://azure.archive.ubuntu.com/ubuntu noble-security/universe Translation-en [245 kB]
2026-10-09T03:03:42.7410726Z Get:23 http://azure.archive.ubuntu.com/ubuntu noble-security/restricted amd64 Packages [1667 kB]
2026-10-09T03:03:42.7496087Z Get:24 http://azure.archive.ubuntu.com/ubuntu noble-security/restricted Translation-en [383 kB]
2026-10-09T03:03:42.7522526Z Get:25 http://azure.archive.ubuntu.com/ubuntu noble-security/multiverse amd64 Packages [49.8 kB]
2026-10-09T03:03:42.7532957Z Get:26 http://azure.archive.ubuntu.com/ubuntu noble-security/multiverse Translation-en [12.4 kB]
2026-10-09T03:03:45.9447066Z Fetched 12.3 MB in 1s (9656 kB/s)
2026-10-09T03:03:46.8976608Z Reading package lists...
2026-10-09T03:03:47.0812760Z Reading package lists...
2026-10-09T03:03:47.3149292Z Building dependency tree...
2026-10-09T03:03:47.3159076Z Reading state information...
2026-10-09T03:03:47.5103783Z libasound2t64 is already the newest version (1.2.11-1ubuntu0.3).
2026-10-09T03:03:47.5105039Z libasound2t64 set to manually installed.
2026-10-09T03:03:47.5106459Z libatk-bridge2.0-0t64 is already the newest version (2.52.0-1build1).
2026-10-09T03:03:47.5107626Z libatk-bridge2.0-0t64 set to manually installed.
2026-10-09T03:03:47.5109383Z libatk1.0-0t64 is already the newest version (2.52.0-1build1).
2026-10-09T03:03:47.5110426Z libatk1.0-0t64 set to manually installed.
2026-10-09T03:03:47.5111658Z libatspi2.0-0t64 is already the newest version (2.52.0-1build1).
2026-10-09T03:03:47.5113435Z libatspi2.0-0t64 set to manually installed.
2026-10-09T03:03:47.5114315Z libcairo2 is already the newest version (1.18.0-3build1).
2026-10-09T03:03:47.5114828Z libcairo2 set to manually installed.
2026-10-09T03:03:47.5115348Z libcups2t64 is already the newest version (2.4.7-1.2ubuntu7.14).
2026-10-09T03:03:47.5115853Z libcups2t64 set to manually installed.
2026-10-09T03:03:47.5116356Z libdbus-1-3 is already the newest version (1.14.10-4ubuntu4.1).
2026-10-09T03:03:47.5116849Z libdbus-1-3 set to manually installed.
2026-10-09T03:03:47.5117368Z libdrm2 is already the newest version (2.4.125-1ubuntu0.1~24.04.2).
2026-10-09T03:03:47.5117866Z libdrm2 set to manually installed.
2026-10-09T03:03:47.5118369Z libgbm1 is already the newest version (25.2.8-0ubuntu0.24.04.4).
2026-10-09T03:03:47.5118841Z libgbm1 set to manually installed.
2026-10-09T03:03:47.5119702Z libglib2.0-0t64 is already the newest version (2.80.0-6ubuntu3.9).
2026-10-09T03:03:47.5120224Z libglib2.0-0t64 set to manually installed.
2026-10-09T03:03:47.5120734Z libnspr4 is already the newest version (2:4.35-1.1build1).
2026-10-09T03:03:47.5121203Z libnspr4 set to manually installed.
2026-10-09T03:03:47.5121717Z libnss3 is already the newest version (2:3.98-1ubuntu0.2).
2026-10-09T03:03:47.5122667Z libnss3 set to manually installed.
2026-10-09T03:03:47.5123196Z libpango-1.0-0 is already the newest version (1.52.1+ds-1build1).
2026-10-09T03:03:47.5123709Z libpango-1.0-0 set to manually installed.
2026-10-09T03:03:47.5124208Z libx11-6 is already the newest version (2:1.8.7-1build1).
2026-10-09T03:03:47.5124599Z libx11-6 set to manually installed.
2026-10-09T03:03:47.5124978Z libxcb1 is already the newest version (1.15-1ubuntu2).
2026-10-09T03:03:47.5125366Z libxcb1 set to manually installed.
2026-10-09T03:03:47.5125796Z libxcomposite1 is already the newest version (1:0.4.5-1build3).
2026-10-09T03:03:47.5126240Z libxcomposite1 set to manually installed.
2026-10-09T03:03:47.5126659Z libxdamage1 is already the newest version (1:1.1.6-1build1).
2026-10-09T03:03:47.5127054Z libxdamage1 set to manually installed.
2026-10-09T03:03:47.5127451Z libxext6 is already the newest version (2:1.3.4-1build2).
2026-10-09T03:03:47.5127821Z libxext6 set to manually installed.
2026-10-09T03:03:47.5128215Z libxfixes3 is already the newest version (1:6.0.0-2build1).
2026-10-09T03:03:47.5128596Z libxfixes3 set to manually installed.
2026-10-09T03:03:47.5129001Z libxkbcommon0 is already the newest version (1.6.0-1build1).
2026-10-09T03:03:47.5129396Z libxkbcommon0 set to manually installed.
2026-10-09T03:03:47.5129797Z libxrandr2 is already the newest version (2:1.5.2-2build1).
2026-10-09T03:03:47.5130178Z libxrandr2 set to manually installed.
2026-10-09T03:03:47.5130580Z xvfb is already the newest version (2:21.1.12-1ubuntu1.8).
2026-10-09T03:03:47.5131127Z fonts-noto-color-emoji is already the newest version (2.047-0ubuntu0.24.04.1).
2026-10-09T03:03:47.5131691Z libfontconfig1 is already the newest version (2.15.0-1.1ubuntu2).
2026-10-09T03:03:47.5132271Z libfontconfig1 set to manually installed.
2026-10-09T03:03:47.5132687Z fonts-liberation is already the newest version (1:2.1.5-3).
2026-10-09T03:03:47.5133105Z fonts-liberation set to manually installed.
2026-10-09T03:03:47.5133500Z The following additional packages will be installed:
2026-10-09T03:03:47.5133854Z   xfonts-encodings xfonts-utils
2026-10-09T03:03:47.5134129Z Recommended packages:
2026-10-09T03:03:47.5134404Z   fonts-ipafont-mincho fonts-tlwg-loma
2026-10-09T03:03:47.5360624Z The following NEW packages will be installed:
2026-10-09T03:03:47.5361485Z   fonts-freefont-ttf fonts-ipafont-gothic fonts-tlwg-loma-otf fonts-unifont
2026-10-09T03:03:47.5373180Z   fonts-wqy-zenhei xfonts-cyrillic xfonts-encodings xfonts-scalable
2026-10-09T03:03:47.5374248Z   xfonts-utils
2026-10-09T03:03:47.5377458Z The following packages will be upgraded:
2026-10-09T03:03:47.5384046Z   libfreetype6
2026-10-09T03:03:47.5567843Z 1 upgraded, 9 newly installed, 0 to remove and 22 not upgraded.
2026-10-09T03:03:47.5568653Z Need to get 21.5 MB of archives.
2026-10-09T03:03:47.5569415Z After this operation, 79.5 MB of additional disk space will be used.
2026-10-09T03:03:47.5570213Z Get:1 file:/etc/apt/apt-mirrors.txt Mirrorlist [144 B]
2026-10-09T03:03:47.7370257Z Get:2 http://azure.archive.ubuntu.com/ubuntu noble/universe amd64 fonts-ipafont-gothic all 00303-21ubuntu1 [3513 kB]
2026-10-09T03:03:48.5024856Z Get:3 http://azure.archive.ubuntu.com/ubuntu noble/main amd64 fonts-freefont-ttf all 20211204+svn4273-2 [5641 kB]
2026-10-09T03:03:48.7078857Z Get:4 http://azure.archive.ubuntu.com/ubuntu noble/universe amd64 fonts-tlwg-loma-otf all 1:0.7.3-1 [107 kB]
2026-10-09T03:03:48.7913276Z Get:5 http://azure.archive.ubuntu.com/ubuntu noble/universe amd64 fonts-unifont all 1:15.1.01-1build1 [2993 kB]
2026-10-09T03:03:48.9006618Z Get:6 http://azure.archive.ubuntu.com/ubuntu noble/universe amd64 fonts-wqy-zenhei all 0.9.45-8 [7472 kB]
2026-10-09T03:03:49.1578362Z Get:7 http://azure.archive.ubuntu.com/ubuntu noble-updates/main amd64 libfreetype6 amd64 2.13.2+dfsg-1ubuntu0.2 [403 kB]
2026-10-09T03:03:49.2443717Z Get:8 http://azure.archive.ubuntu.com/ubuntu noble/main amd64 xfonts-encodings all 1:1.0.5-0ubuntu2 [578 kB]
2026-10-09T03:03:49.3319977Z Get:9 http://azure.archive.ubuntu.com/ubuntu noble/main amd64 xfonts-utils amd64 1:7.7+6build3 [94.4 kB]
2026-10-09T03:03:49.4178002Z Get:10 http://azure.archive.ubuntu.com/ubuntu noble/universe amd64 xfonts-cyrillic all 1:1.0.5+nmu1 [384 kB]
2026-10-09T03:03:49.5031644Z Get:11 http://azure.archive.ubuntu.com/ubuntu noble/main amd64 xfonts-scalable all 1:1.0.3-1.3 [304 kB]
2026-10-09T03:03:49.7717792Z Fetched 21.5 MB in 2s (11.0 MB/s)
2026-10-09T03:03:49.8004871Z Selecting previously unselected package fonts-ipafont-gothic.
2026-10-09T03:03:49.8349432Z (Reading database ... 
2026-10-09T03:03:49.8350359Z (Reading database ... 5%
2026-10-09T03:03:49.8351014Z (Reading database ... 10%
2026-10-09T03:03:49.8351683Z (Reading database ... 15%
2026-10-09T03:03:49.8352380Z (Reading database ... 20%
2026-10-09T03:03:49.8352778Z (Reading database ... 25%
2026-10-09T03:03:49.8353170Z (Reading database ... 30%
2026-10-09T03:03:49.8353749Z (Reading database ... 35%
2026-10-09T03:03:49.8354193Z (Reading database ... 40%
2026-10-09T03:03:49.8354581Z (Reading database ... 45%
2026-10-09T03:03:49.8354969Z (Reading database ... 50%
2026-10-09T03:03:49.8417991Z (Reading database ... 55%
2026-10-09T03:03:49.9743095Z (Reading database ... 60%
2026-10-09T03:03:50.1829799Z (Reading database ... 65%
2026-10-09T03:03:50.4827308Z (Reading database ... 70%
2026-10-09T03:03:50.7447147Z (Reading database ... 75%
2026-10-09T03:03:50.8857192Z (Reading database ... 80%
2026-10-09T03:03:51.1272093Z (Reading database ... 85%
2026-10-09T03:03:51.3335007Z (Reading database ... 90%
2026-10-09T03:03:51.4799031Z (Reading database ... 95%
2026-10-09T03:03:51.4799433Z (Reading database ... 100%
2026-10-09T03:03:51.4799969Z (Reading database ... 203191 files and directories currently installed.)
2026-10-09T03:03:51.4843296Z Preparing to unpack .../0-fonts-ipafont-gothic_00303-21ubuntu1_all.deb ...
2026-10-09T03:03:51.4946420Z Unpacking fonts-ipafont-gothic (00303-21ubuntu1) ...
2026-10-09T03:03:51.7303442Z Selecting previously unselected package fonts-freefont-ttf.
2026-10-09T03:03:51.7432949Z Preparing to unpack .../1-fonts-freefont-ttf_20211204+svn4273-2_all.deb ...
2026-10-09T03:03:51.7441653Z Unpacking fonts-freefont-ttf (20211204+svn4273-2) ...
2026-10-09T03:03:51.8311424Z Selecting previously unselected package fonts-tlwg-loma-otf.
2026-10-09T03:03:51.8438156Z Preparing to unpack .../2-fonts-tlwg-loma-otf_1%3a0.7.3-1_all.deb ...
2026-10-09T03:03:51.8445338Z Unpacking fonts-tlwg-loma-otf (1:0.7.3-1) ...
2026-10-09T03:03:51.8656194Z Selecting previously unselected package fonts-unifont.
2026-10-09T03:03:51.8783061Z Preparing to unpack .../3-fonts-unifont_1%3a15.1.01-1build1_all.deb ...
2026-10-09T03:03:51.8789815Z Unpacking fonts-unifont (1:15.1.01-1build1) ...
2026-10-09T03:03:51.9891087Z Selecting previously unselected package fonts-wqy-zenhei.
2026-10-09T03:03:52.0017750Z Preparing to unpack .../4-fonts-wqy-zenhei_0.9.45-8_all.deb ...
2026-10-09T03:03:52.0121726Z Unpacking fonts-wqy-zenhei (0.9.45-8) ...
2026-10-09T03:03:52.4963585Z Preparing to unpack .../5-libfreetype6_2.13.2+dfsg-1ubuntu0.2_amd64.deb ...
2026-10-09T03:03:52.4995446Z Unpacking libfreetype6:amd64 (2.13.2+dfsg-1ubuntu0.2) over (2.13.2+dfsg-1ubuntu0.1) ...
2026-10-09T03:03:52.5247249Z Selecting previously unselected package xfonts-encodings.
2026-10-09T03:03:52.5377126Z Preparing to unpack .../6-xfonts-encodings_1%3a1.0.5-0ubuntu2_all.deb ...
2026-10-09T03:03:52.5385152Z Unpacking xfonts-encodings (1:1.0.5-0ubuntu2) ...
2026-10-09T03:03:52.5669159Z Selecting previously unselected package xfonts-utils.
2026-10-09T03:03:52.5796699Z Preparing to unpack .../7-xfonts-utils_1%3a7.7+6build3_amd64.deb ...
2026-10-09T03:03:52.5806341Z Unpacking xfonts-utils (1:7.7+6build3) ...
2026-10-09T03:03:52.6240322Z Selecting previously unselected package xfonts-cyrillic.
2026-10-09T03:03:52.6369213Z Preparing to unpack .../8-xfonts-cyrillic_1%3a1.0.5+nmu1_all.deb ...
2026-10-09T03:03:52.6380328Z Unpacking xfonts-cyrillic (1:1.0.5+nmu1) ...
2026-10-09T03:03:52.6736316Z Selecting previously unselected package xfonts-scalable.
2026-10-09T03:03:52.6863540Z Preparing to unpack .../9-xfonts-scalable_1%3a1.0.3-1.3_all.deb ...
2026-10-09T03:03:52.6872754Z Unpacking xfonts-scalable (1:1.0.3-1.3) ...
2026-10-09T03:03:52.7357552Z Setting up fonts-wqy-zenhei (0.9.45-8) ...
2026-10-09T03:03:52.7486869Z Setting up fonts-freefont-ttf (20211204+svn4273-2) ...
2026-10-09T03:03:52.7510745Z Setting up fonts-tlwg-loma-otf (1:0.7.3-1) ...
2026-10-09T03:03:52.7533011Z Setting up libfreetype6:amd64 (2.13.2+dfsg-1ubuntu0.2) ...
2026-10-09T03:03:52.7556771Z Setting up xfonts-encodings (1:1.0.5-0ubuntu2) ...
2026-10-09T03:03:52.7577433Z Setting up fonts-ipafont-gothic (00303-21ubuntu1) ...
2026-10-09T03:03:52.7652019Z update-alternatives: using /usr/share/fonts/opentype/ipafont-gothic/ipag.ttf to provide /usr/share/fonts/truetype/fonts-japanese-gothic.ttf (fonts-japanese-gothic.ttf) in auto mode
2026-10-09T03:03:52.7672315Z Setting up fonts-unifont (1:15.1.01-1build1) ...
2026-10-09T03:03:52.7695322Z Setting up xfonts-utils (1:7.7+6build3) ...
2026-10-09T03:03:52.7746909Z Setting up xfonts-cyrillic (1:1.0.5+nmu1) ...
2026-10-09T03:03:52.8038750Z Setting up xfonts-scalable (1:1.0.3-1.3) ...
2026-10-09T03:03:52.8314546Z Processing triggers for libc-bin (2.39-0ubuntu8.9) ...
2026-10-09T03:03:52.8656413Z Processing triggers for man-db (2.12.0-4build2) ...
2026-10-09T03:03:52.8680145Z Not building database; man-db/auto-update is not 'true'.
2026-10-09T03:03:52.8693679Z Processing triggers for fontconfig (2.15.0-1.1ubuntu2) ...
2026-10-09T03:03:53.6310644Z 
2026-10-09T03:03:53.6311476Z Running kernel seems to be up-to-date.
2026-10-09T03:03:53.6312372Z 
2026-10-09T03:03:53.6312625Z Restarting services...
2026-10-09T03:03:53.6393574Z  systemctl restart php8.3-fpm.service
2026-10-09T03:03:53.7483151Z 
2026-10-09T03:03:53.7484056Z No containers need to be restarted.
2026-10-09T03:03:53.7484438Z 
2026-10-09T03:03:53.7484715Z No user sessions are running outdated binaries.
2026-10-09T03:03:53.7485030Z 
2026-10-09T03:03:53.7485505Z No VM guests are running outdated hypervisor (qemu) binaries on this host.
2026-10-09T03:03:54.8362608Z Downloading Chromium 141.0.7390.37 (playwright build v1194) from https://cdn.playwright.dev/dbazure/download/playwright/builds/chromium/1194/chromium-linux.zip
2026-10-09T03:03:55.0860030Z |                                                                                |   0% of 173.9 MiB
2026-10-09T03:03:55.2175906Z |■■■■■■■■                                                                        |  10% of 173.9 MiB
2026-10-09T03:03:55.3062640Z |■■■■■■■■■■■■■■■■                                                                |  20% of 173.9 MiB
2026-10-09T03:03:55.3969285Z |■■■■■■■■■■■■■■■■■■■■■■■■                                                        |  30% of 173.9 MiB
2026-10-09T03:03:55.5023538Z |■■■■■■■■■■■■■■■■■■■■■■■■■■■■■■■■                                                |  40% of 173.9 MiB
2026-10-09T03:03:55.6043907Z |■■■■■■■■■■■■■■■■■■■■■■■■■■■■■■■■■■■■■■■■                                        |  50% of 173.9 MiB
2026-10-09T03:03:55.7242061Z |■■■■■■■■■■■■■■■■■■■■■■■■■■■■■■■■■■■■■■■■■■■■■■■■                                |  60% of 173.9 MiB
2026-10-09T03:03:55.8053143Z |■■■■■■■■■■■■■■■■■■■■■■■■■■■■■■■■■■■■■■■■■■■■■■■■■■■■■■■■                        |  70% of 173.9 MiB
2026-10-09T03:03:55.9022728Z |■■■■■■■■■■■■■■■■■■■■■■■■■■■■■■■■■■■■■■■■■■■■■■■■■■■■■■■■■■■■■■■■                |  80% of 173.9 MiB
2026-10-09T03:03:56.0204523Z |■■■■■■■■■■■■■■■■■■■■■■■■■■■■■■■■■■■■■■■■■■■■■■■■■■■■■■■■■■■■■■■■■■■■■■■■        |  90% of 173.9 MiB
2026-10-09T03:03:56.1300292Z |■■■■■■■■■■■■■■■■■■■■■■■■■■■■■■■■■■■■■■■■■■■■■■■■■■■■■■■■■■■■■■■■■■■■■■■■■■■■■■■■| 100% of 173.9 MiB
2026-10-09T03:03:59.8453418Z Chromium 141.0.7390.37 (playwright build v1194) downloaded to /home/runner/.cache/ms-playwright/chromium-1194
2026-10-09T03:03:59.8457050Z Downloading FFMPEG playwright build v1011 from https://cdn.playwright.dev/dbazure/download/playwright/builds/ffmpeg/1011/ffmpeg-linux.zip
2026-10-09T03:04:00.0094590Z |                                                                                |   0% of 2.3 MiB
2026-10-09T03:04:00.0139762Z |■■■■■■■■                                                                        |  10% of 2.3 MiB
2026-10-09T03:04:00.0174719Z |■■■■■■■■■■■■■■■■                                                                |  20% of 2.3 MiB
2026-10-09T03:04:00.0203294Z |■■■■■■■■■■■■■■■■■■■■■■■■                                                        |  30% of 2.3 MiB
2026-10-09T03:04:00.0229966Z |■■■■■■■■■■■■■■■■■■■■■■■■■■■■■■■■                                                |  40% of 2.3 MiB
2026-10-09T03:04:00.0256091Z |■■■■■■■■■■■■■■■■■■■■■■■■■■■■■■■■■■■■■■■■                                        |  50% of 2.3 MiB
2026-10-09T03:04:00.0279693Z |■■■■■■■■■■■■■■■■■■■■■■■■■■■■■■■■■■■■■■■■■■■■■■■■                                |  60% of 2.3 MiB
2026-10-09T03:04:00.0303520Z |■■■■■■■■■■■■■■■■■■■■■■■■■■■■■■■■■■■■■■■■■■■■■■■■■■■■■■■■                        |  70% of 2.3 MiB
2026-10-09T03:04:00.0323021Z |■■■■■■■■■■■■■■■■■■■■■■■■■■■■■■■■■■■■■■■■■■■■■■■■■■■■■■■■■■■■■■■■                |  80% of 2.3 MiB
2026-10-09T03:04:00.0339222Z |■■■■■■■■■■■■■■■■■■■■■■■■■■■■■■■■■■■■■■■■■■■■■■■■■■■■■■■■■■■■■■■■■■■■■■■■        |  90% of 2.3 MiB
2026-10-09T03:04:00.0365599Z |■■■■■■■■■■■■■■■■■■■■■■■■■■■■■■■■■■■■■■■■■■■■■■■■■■■■■■■■■■■■■■■■■■■■■■■■■■■■■■■■| 100% of 2.3 MiB
2026-10-09T03:04:00.0937356Z FFMPEG playwright build v1011 downloaded to /home/runner/.cache/ms-playwright/ffmpeg-1011
2026-10-09T03:04:00.0941175Z Downloading Chromium Headless Shell 141.0.7390.37 (playwright build v1194) from https://cdn.playwright.dev/dbazure/download/playwright/builds/chromium/1194/chromium-headless-shell-linux.zip
2026-10-09T03:04:00.2941237Z |                                                                                |   0% of 104.3 MiB
2026-10-09T03:04:00.4246984Z |■■■■■■■■                                                                        |  10% of 104.3 MiB
2026-10-09T03:04:00.4910700Z |■■■■■■■■■■■■■■■■                                                                |  20% of 104.3 MiB
2026-10-09T03:04:00.5562280Z |■■■■■■■■■■■■■■■■■■■■■■■■                                                        |  30% of 104.3 MiB
2026-10-09T03:04:00.6198345Z |■■■■■■■■■■■■■■■■■■■■■■■■■■■■■■■■                                                |  40% of 104.3 MiB
2026-10-09T03:04:00.6764859Z |■■■■■■■■■■■■■■■■■■■■■■■■■■■■■■■■■■■■■■■■                                        |  50% of 104.3 MiB
2026-10-09T03:04:00.7263359Z |■■■■■■■■■■■■■■■■■■■■■■■■■■■■■■■■■■■■■■■■■■■■■■■■                                |  60% of 104.3 MiB
2026-10-09T03:04:00.7723878Z |■■■■■■■■■■■■■■■■■■■■■■■■■■■■■■■■■■■■■■■■■■■■■■■■■■■■■■■■                        |  70% of 104.3 MiB
2026-10-09T03:04:00.8278032Z |■■■■■■■■■■■■■■■■■■■■■■■■■■■■■■■■■■■■■■■■■■■■■■■■■■■■■■■■■■■■■■■■                |  80% of 104.3 MiB
2026-10-09T03:04:00.8695085Z |■■■■■■■■■■■■■■■■■■■■■■■■■■■■■■■■■■■■■■■■■■■■■■■■■■■■■■■■■■■■■■■■■■■■■■■■        |  90% of 104.3 MiB
2026-10-09T03:04:00.9077923Z |■■■■■■■■■■■■■■■■■■■■■■■■■■■■■■■■■■■■■■■■■■■■■■■■■■■■■■■■■■■■■■■■■■■■■■■■■■■■■■■■| 100% of 104.3 MiB
2026-10-09T03:04:02.8244340Z Chromium Headless Shell 141.0.7390.37 (playwright build v1194) downloaded to /home/runner/.cache/ms-playwright/chromium_headless_shell-1194
2026-10-09T03:04:02.9207739Z ##[group]Run npm test
2026-10-09T03:04:02.9208014Z [36;1mnpm test[0m
2026-10-09T03:04:02.9272187Z shell: /usr/bin/bash -e {0}
2026-10-09T03:04:02.9272487Z ##[endgroup]
2026-10-09T03:04:03.0323085Z 
2026-10-09T03:04:03.0323762Z > partybox-g02-gin-rummy@1.2.1 test
2026-10-09T03:04:03.0325545Z > npm run build && node --test tests/*.test.mjs && node scripts/league.mjs && node scripts/mutations.mjs && node scripts/browser-check.mjs && node scripts/capture.mjs ci-current --public-history --ci-output && node scripts/integrity.mjs
2026-10-09T03:04:03.0326757Z 
2026-10-09T03:04:03.1341596Z 
2026-10-09T03:04:03.1342550Z > partybox-g02-gin-rummy@1.2.1 build
2026-10-09T03:04:03.1343089Z > tsc --noEmit && node scripts/build.mjs
2026-10-09T03:04:03.1343354Z 
2026-10-09T03:04:05.2785072Z TAP version 13
2026-10-09T03:04:05.4614959Z # {"suite":"all-phases","phases":6,"cases":408}
2026-10-09T03:04:05.4731373Z # Subtest: every event family, roster id and bot skill in every delivered phase
2026-10-09T03:04:05.4738871Z ok 1 - every event family, roster id and bot skill in every delivered phase
2026-10-09T03:04:05.4739841Z   ---
2026-10-09T03:04:05.4740436Z   duration_ms: 64.488967
2026-10-09T03:04:05.4741061Z   type: 'test'
2026-10-09T03:04:05.4741563Z   ...
2026-10-09T03:04:05.4742877Z # Subtest: registered prototype-looking ids remain valid players and finite result keys
2026-10-09T03:04:05.4744833Z ok 2 - registered prototype-looking ids remain valid players and finite result keys
2026-10-09T03:04:05.4746332Z   ---
2026-10-09T03:04:05.4782458Z   duration_ms: 3.999384
2026-10-09T03:04:05.4783166Z   type: 'test'
2026-10-09T03:04:05.4788519Z   ...
2026-10-09T03:04:10.5293326Z # {"suite":"batch-discard-proof","hands":1000,"outcomes":10500,"exactLayouts":true}
2026-10-09T03:04:10.5323519Z # Subtest: 10500 batch outcomes retain exact standalone layouts and independent minima
2026-10-09T03:04:10.5373340Z ok 3 - 10500 batch outcomes retain exact standalone layouts and independent minima
2026-10-09T03:04:10.5374179Z   ---
2026-10-09T03:04:10.5374548Z   duration_ms: 5138.942734
2026-10-09T03:04:10.5374971Z   type: 'test'
2026-10-09T03:04:10.5375309Z   ...
2026-10-09T03:04:17.9288976Z # {"suite":"boundary-fuzz","seed":912701,"invalidInputs":1000,"phases":6,"rejectedInputs":6000,"metadataChecks":282,"viewChecks":66}
2026-10-09T03:04:17.9292219Z # Subtest: 1000 seeded invalid JSON inputs and malformed event/identity metadata in every phase
2026-10-09T03:04:17.9293902Z ok 4 - 1000 seeded invalid JSON inputs and malformed event/identity metadata in every phase
2026-10-09T03:04:17.9295398Z   ---
2026-10-09T03:04:17.9295953Z   duration_ms: 58.370325
2026-10-09T03:04:17.9296638Z   type: 'test'
2026-10-09T03:04:17.9297181Z   ...
2026-10-09T03:04:17.9298922Z # {"suite":"mixed-event-replay","phaseStarts":6,"seedsPerPhase":100,"transitions":48000,"changed":12742,"eventFamilies":["input","player","speech","speechStart","timer","vip"]}
2026-10-09T03:04:17.9300954Z # Subtest: mixed event families replay through JSON after every transition from every phase
2026-10-09T03:04:17.9312512Z ok 5 - mixed event families replay through JSON after every transition from every phase
2026-10-09T03:04:17.9313583Z   ---
2026-10-09T03:04:17.9314153Z   duration_ms: 12494.134469
2026-10-09T03:04:17.9314773Z   type: 'test'
2026-10-09T03:04:17.9315304Z   ...
2026-10-09T03:04:17.9544224Z # Subtest: branching target ends retain exact minima, legal chains, layouts and all cards
2026-10-09T03:04:17.9593921Z ok 6 - branching target ends retain exact minima, legal chains, layouts and all cards
2026-10-09T03:04:17.9648878Z   ---
2026-10-09T03:04:17.9649451Z   duration_ms: 35.458019
2026-10-09T03:04:17.9649958Z   type: 'test'
2026-10-09T03:04:17.9650369Z   ...
2026-10-09T03:04:17.9651254Z # Subtest: current source-bound raw proof passes without discarding its largest interval
2026-10-09T03:04:17.9653039Z not ok 7 - current source-bound raw proof passes without discarding its largest interval
2026-10-09T03:04:17.9653895Z   ---
2026-10-09T03:04:17.9654779Z   duration_ms: 3.849531
2026-10-09T03:04:17.9655190Z   type: 'test'
2026-10-09T03:04:17.9656372Z   location: '/home/runner/work/partybox-game-cores/partybox-game-cores/jobs/G02-gin-rummy/tests/browser-proof.test.mjs:6:1'
2026-10-09T03:04:17.9657602Z   failureType: 'testCodeFailure'
2026-10-09T03:04:17.9658145Z   error: |-
2026-10-09T03:04:17.9658644Z     accepted proof has stale source hashes
2026-10-09T03:04:17.9659232Z     + actual - expected
2026-10-09T03:04:17.9659665Z     
2026-10-09T03:04:17.9660054Z       {
2026-10-09T03:04:17.9660819Z     +   'play.html': 'a5a56d6a6926ff7ef83b61028296cc068e163f92ea62cd45aa463d5fb6e0be2f',
2026-10-09T03:04:17.9662287Z     -   'play.html': 'df0dcd628e146a875194042a4909a4bdcb8a3ad482a95d6b442eea548c5f8375',
2026-10-09T03:04:17.9663572Z         'src/browser.ts': '56fb3b450aa29e9dda800a69b187d66d5446e056bf2b89b349a9bef1479131e4',
2026-10-09T03:04:17.9664834Z         'src/cards.ts': 'e309e103393bc1aaaf10b34e3994de815dd693d1828a61566723b8fba573fdb9',
2026-10-09T03:04:17.9666060Z     +   'src/core.ts': '59bd505525bdc2eb3540ce78e4daba00a99d5b557318214af189a5a7fdeb43cf',
2026-10-09T03:04:17.9675976Z     -   'src/core.ts': '3a275679866d4822d8f41cf450e0f4883756ba9498ad026feb5395d8618ffc9b',
2026-10-09T03:04:17.9677461Z         'src/play.template.html': '1b5188f105cfd9766f3f19c0a6f3cfa1b522cbd676ec5fde0dbfa1566a09f8c7'
2026-10-09T03:04:17.9678320Z       }
2026-10-09T03:04:17.9678637Z     
2026-10-09T03:04:17.9678976Z   code: 'ERR_ASSERTION'
2026-10-09T03:04:17.9679416Z   name: 'AssertionError'
2026-10-09T03:04:17.9679823Z   expected:
2026-10-09T03:04:17.9680524Z     play.html: 'df0dcd628e146a875194042a4909a4bdcb8a3ad482a95d6b442eea548c5f8375'
2026-10-09T03:04:17.9681614Z     src/core.ts: '3a275679866d4822d8f41cf450e0f4883756ba9498ad026feb5395d8618ffc9b'
2026-10-09T03:04:17.9683076Z     src/cards.ts: 'e309e103393bc1aaaf10b34e3994de815dd693d1828a61566723b8fba573fdb9'
2026-10-09T03:04:17.9684224Z     src/browser.ts: '56fb3b450aa29e9dda800a69b187d66d5446e056bf2b89b349a9bef1479131e4'
2026-10-09T03:04:17.9685467Z     src/play.template.html: '1b5188f105cfd9766f3f19c0a6f3cfa1b522cbd676ec5fde0dbfa1566a09f8c7'
2026-10-09T03:04:17.9686300Z   actual:
2026-10-09T03:04:17.9686977Z     play.html: 'a5a56d6a6926ff7ef83b61028296cc068e163f92ea62cd45aa463d5fb6e0be2f'
2026-10-09T03:04:17.9688069Z     src/core.ts: '59bd505525bdc2eb3540ce78e4daba00a99d5b557318214af189a5a7fdeb43cf'
2026-10-09T03:04:17.9689184Z     src/cards.ts: 'e309e103393bc1aaaf10b34e3994de815dd693d1828a61566723b8fba573fdb9'
2026-10-09T03:04:17.9690679Z     src/browser.ts: '56fb3b450aa29e9dda800a69b187d66d5446e056bf2b89b349a9bef1479131e4'
2026-10-09T03:04:17.9692173Z     src/play.template.html: '1b5188f105cfd9766f3f19c0a6f3cfa1b522cbd676ec5fde0dbfa1566a09f8c7'
2026-10-09T03:04:17.9693084Z   operator: 'deepStrictEqual'
2026-10-09T03:04:17.9693528Z   stack: |-
2026-10-09T03:04:17.9694656Z     sourceGuard (file:///home/runner/work/partybox-game-cores/partybox-game-cores/jobs/G02-gin-rummy/scripts/browser-proof.mjs:13:9)
2026-10-09T03:04:17.9696633Z     verifyBrowserProof (file:///home/runner/work/partybox-game-cores/partybox-game-cores/jobs/G02-gin-rummy/scripts/browser-proof.mjs:21:2)
2026-10-09T03:04:17.9698739Z     TestContext.<anonymous> (file:///home/runner/work/partybox-game-cores/partybox-game-cores/jobs/G02-gin-rummy/tests/browser-proof.test.mjs:8:19)
2026-10-09T03:04:17.9700116Z     Test.runInAsyncScope (node:async_hooks:214:14)
2026-10-09T03:04:17.9700812Z     Test.run (node:internal/test_runner/test:1047:25)
2026-10-09T03:04:17.9701520Z     Test.start (node:internal/test_runner/test:944:17)
2026-10-09T03:04:17.9732965Z     startSubtestAfterBootstrap (node:internal/test_runner/harness:296:17)
2026-10-09T03:04:17.9733707Z   ...
2026-10-09T03:04:17.9734575Z # Subtest: a refreshed inventory cannot accept stale browser or recording source hashes
2026-10-09T03:04:17.9735975Z ok 8 - a refreshed inventory cannot accept stale browser or recording source hashes
2026-10-09T03:04:17.9736727Z   ---
2026-10-09T03:04:17.9737070Z   duration_ms: 1.994858
2026-10-09T03:04:17.9737859Z   type: 'test'
2026-10-09T03:04:17.9738244Z   ...
2026-10-09T03:04:17.9738874Z # Subtest: changed end guards and failed snapshots are rejected
2026-10-09T03:04:17.9739773Z not ok 9 - changed end guards and failed snapshots are rejected
2026-10-09T03:04:17.9740369Z   ---
2026-10-09T03:04:17.9740706Z   duration_ms: 0.764648
2026-10-09T03:04:17.9741096Z   type: 'test'
2026-10-09T03:04:17.9744410Z   location: '/home/runner/work/partybox-game-cores/partybox-game-cores/jobs/G02-gin-rummy/tests/browser-proof.test.mjs:16:1'
2026-10-09T03:04:17.9745790Z   failureType: 'testCodeFailure'
2026-10-09T03:04:17.9746257Z   error: |-
2026-10-09T03:04:17.9746863Z     The input did not match the regular expression /end hashes/. Input:
2026-10-09T03:04:17.9747953Z     
2026-10-09T03:04:17.9748626Z     'AssertionError [ERR_ASSERTION]: accepted proof has stale source hashes\n' +
2026-10-09T03:04:17.9749435Z       '+ actual - expected\n' +
2026-10-09T03:04:17.9749860Z       '\n' +
2026-10-09T03:04:17.9750204Z       '  {\n' +
2026-10-09T03:04:17.9751000Z       "+   'play.html': 'a5a56d6a6926ff7ef83b61028296cc068e163f92ea62cd45aa463d5fb6e0be2f',\n" +
2026-10-09T03:04:17.9752530Z       "-   'play.html': 'df0dcd628e146a875194042a4909a4bdcb8a3ad482a95d6b442eea548c5f8375',\n" +
2026-10-09T03:04:17.9753814Z       "    'src/browser.ts': '56fb3b450aa29e9dda800a69b187d66d5446e056bf2b89b349a9bef1479131e4',\n" +
2026-10-09T03:04:17.9755177Z       "    'src/cards.ts': 'e309e103393bc1aaaf10b34e3994de815dd693d1828a61566723b8fba573fdb9',\n" +
2026-10-09T03:04:17.9756456Z       "+   'src/core.ts': '59bd505525bdc2eb3540ce78e4daba00a99d5b557318214af189a5a7fdeb43cf',\n" +
2026-10-09T03:04:17.9757693Z       "-   'src/core.ts': '3a275679866d4822d8f41cf450e0f4883756ba9498ad026feb5395d8618ffc9b',\n" +
2026-10-09T03:04:17.9759023Z       "    'src/play.template.html': '1b5188f105cfd9766f3f19c0a6f3cfa1b522cbd676ec5fde0dbfa1566a09f8c7'\n" +
2026-10-09T03:04:17.9759904Z       '  }\n'
2026-10-09T03:04:17.9760231Z     
2026-10-09T03:04:17.9760566Z   code: 'ERR_ASSERTION'
2026-10-09T03:04:17.9760970Z   name: 'AssertionError'
2026-10-09T03:04:17.9761353Z   expected:
2026-10-09T03:04:17.9761665Z   actual:
2026-10-09T03:04:17.9762286Z   error: |-
2026-10-09T03:04:17.9762714Z     accepted proof has stale source hashes
2026-10-09T03:04:17.9763240Z     + actual - expected
2026-10-09T03:04:17.9763603Z     
2026-10-09T03:04:17.9763901Z       {
2026-10-09T03:04:17.9764601Z     +   'play.html': 'a5a56d6a6926ff7ef83b61028296cc068e163f92ea62cd45aa463d5fb6e0be2f',
2026-10-09T03:04:17.9766180Z     -   'play.html': 'df0dcd628e146a875194042a4909a4bdcb8a3ad482a95d6b442eea548c5f8375',
2026-10-09T03:04:17.9767378Z         'src/browser.ts': '56fb3b450aa29e9dda800a69b187d66d5446e056bf2b89b349a9bef1479131e4',
2026-10-09T03:04:17.9768590Z         'src/cards.ts': 'e309e103393bc1aaaf10b34e3994de815dd693d1828a61566723b8fba573fdb9',
2026-10-09T03:04:17.9769746Z     +   'src/core.ts': '59bd505525bdc2eb3540ce78e4daba00a99d5b557318214af189a5a7fdeb43cf',
2026-10-09T03:04:17.9770897Z     -   'src/core.ts': '3a275679866d4822d8f41cf450e0f4883756ba9498ad026feb5395d8618ffc9b',
2026-10-09T03:04:17.9802868Z         'src/play.template.html': '1b5188f105cfd9766f3f19c0a6f3cfa1b522cbd676ec5fde0dbfa1566a09f8c7'
2026-10-09T03:04:17.9803778Z       }
2026-10-09T03:04:17.9804097Z     
2026-10-09T03:04:17.9804405Z   stack: |-
2026-10-09T03:04:17.9805506Z     sourceGuard (file:///home/runner/work/partybox-game-cores/partybox-game-cores/jobs/G02-gin-rummy/scripts/browser-proof.mjs:13:9)
2026-10-09T03:04:17.9807440Z     verifyBrowserProof (file:///home/runner/work/partybox-game-cores/partybox-game-cores/jobs/G02-gin-rummy/scripts/browser-proof.mjs:21:2)
2026-10-09T03:04:17.9810523Z     file:///home/runner/work/partybox-game-cores/partybox-game-cores/jobs/G02-gin-rummy/tests/browser-proof.test.mjs:17:85
2026-10-09T03:04:17.9811657Z     getActual (node:assert:531:5)
2026-10-09T03:04:17.9812477Z     Function.throws (node:assert:677:24)
2026-10-09T03:04:17.9814162Z     TestContext.<anonymous> (file:///home/runner/work/partybox-game-cores/partybox-game-cores/jobs/G02-gin-rummy/tests/browser-proof.test.mjs:17:74)
2026-10-09T03:04:17.9815553Z     Test.runInAsyncScope (node:async_hooks:214:14)
2026-10-09T03:04:17.9816243Z     Test.run (node:internal/test_runner/test:1047:25)
2026-10-09T03:04:17.9817086Z     Test.processPendingSubtests (node:internal/test_runner/test:744:18)
2026-10-09T03:04:17.9817966Z     Test.postRun (node:internal/test_runner/test:1173:19)
2026-10-09T03:04:17.9818563Z   operator: 'throws'
2026-10-09T03:04:17.9818940Z   stack: |-
2026-10-09T03:04:17.9820160Z     TestContext.<anonymous> (file:///home/runner/work/partybox-game-cores/partybox-game-cores/jobs/G02-gin-rummy/tests/browser-proof.test.mjs:17:74)
2026-10-09T03:04:17.9821505Z     Test.runInAsyncScope (node:async_hooks:214:14)
2026-10-09T03:04:17.9822466Z     Test.run (node:internal/test_runner/test:1047:25)
2026-10-09T03:04:17.9823313Z     Test.processPendingSubtests (node:internal/test_runner/test:744:18)
2026-10-09T03:04:17.9824173Z     Test.postRun (node:internal/test_runner/test:1173:19)
2026-10-09T03:04:17.9824897Z     Test.run (node:internal/test_runner/test:1101:12)
2026-10-09T03:04:17.9825768Z     async Test.processPendingSubtests (node:internal/test_runner/test:744:7)
2026-10-09T03:04:17.9826471Z   ...
2026-10-09T03:04:17.9827329Z # Subtest: missing, altered and invalid raw intervals cannot be hidden by good summary fields
2026-10-09T03:04:17.9828637Z ok 10 - missing, altered and invalid raw intervals cannot be hidden by good summary fields
2026-10-09T03:04:17.9829421Z   ---
2026-10-09T03:04:17.9829757Z   duration_ms: 1.36308
2026-10-09T03:04:17.9830139Z   type: 'test'
2026-10-09T03:04:17.9830478Z   ...
2026-10-09T03:04:17.9831179Z # Subtest: reported statistics are recomputed from all retained intervals
2026-10-09T03:04:17.9832527Z not ok 11 - reported statistics are recomputed from all retained intervals
2026-10-09T03:04:17.9833208Z   ---
2026-10-09T03:04:17.9833544Z   duration_ms: 1.682095
2026-10-09T03:04:17.9833945Z   type: 'test'
2026-10-09T03:04:17.9835080Z   location: '/home/runner/work/partybox-game-cores/partybox-game-cores/jobs/G02-gin-rummy/tests/browser-proof.test.mjs:26:1'
2026-10-09T03:04:17.9836249Z   failureType: 'testCodeFailure'
2026-10-09T03:04:17.9836698Z   error: |-
2026-10-09T03:04:17.9837346Z     The input did not match the regular expression /retained interval/. Input:
2026-10-09T03:04:17.9838026Z     
2026-10-09T03:04:17.9838692Z     'AssertionError [ERR_ASSERTION]: accepted proof has stale source hashes\n' +
2026-10-09T03:04:17.9839785Z       '+ actual - expected\n' +
2026-10-09T03:04:17.9840234Z       '\n' +
2026-10-09T03:04:17.9840564Z       '  {\n' +
2026-10-09T03:04:17.9841344Z       "+   'play.html': 'a5a56d6a6926ff7ef83b61028296cc068e163f92ea62cd45aa463d5fb6e0be2f',\n" +
2026-10-09T03:04:17.9842914Z       "-   'play.html': 'df0dcd628e146a875194042a4909a4bdcb8a3ad482a95d6b442eea548c5f8375',\n" +
2026-10-09T03:04:17.9844207Z       "    'src/browser.ts': '56fb3b450aa29e9dda800a69b187d66d5446e056bf2b89b349a9bef1479131e4',\n" +
2026-10-09T03:04:17.9845489Z       "    'src/cards.ts': 'e309e103393bc1aaaf10b34e3994de815dd693d1828a61566723b8fba573fdb9',\n" +
2026-10-09T03:04:17.9846817Z       "+   'src/core.ts': '59bd505525bdc2eb3540ce78e4daba00a99d5b557318214af189a5a7fdeb43cf',\n" +
2026-10-09T03:04:17.9848047Z       "-   'src/core.ts': '3a275679866d4822d8f41cf450e0f4883756ba9498ad026feb5395d8618ffc9b',\n" +
2026-10-09T03:04:17.9849380Z       "    'src/play.template.html': '1b5188f105cfd9766f3f19c0a6f3cfa1b522cbd676ec5fde0dbfa1566a09f8c7'\n" +
2026-10-09T03:04:17.9850315Z       '  }\n'
2026-10-09T03:04:17.9850651Z     
2026-10-09T03:04:17.9850981Z   code: 'ERR_ASSERTION'
2026-10-09T03:04:17.9851391Z   name: 'AssertionError'
2026-10-09T03:04:17.9852037Z   expected:
2026-10-09T03:04:17.9852391Z   actual:
2026-10-09T03:04:17.9852709Z   error: |-
2026-10-09T03:04:17.9853159Z     accepted proof has stale source hashes
2026-10-09T03:04:17.9853672Z     + actual - expected
2026-10-09T03:04:17.9854040Z     
2026-10-09T03:04:17.9854705Z       {
2026-10-09T03:04:17.9855436Z     +   'play.html': 'a5a56d6a6926ff7ef83b61028296cc068e163f92ea62cd45aa463d5fb6e0be2f',
2026-10-09T03:04:17.9856574Z     -   'play.html': 'df0dcd628e146a875194042a4909a4bdcb8a3ad482a95d6b442eea548c5f8375',
2026-10-09T03:04:17.9857773Z         'src/browser.ts': '56fb3b450aa29e9dda800a69b187d66d5446e056bf2b89b349a9bef1479131e4',
2026-10-09T03:04:17.9858957Z         'src/cards.ts': 'e309e103393bc1aaaf10b34e3994de815dd693d1828a61566723b8fba573fdb9',
2026-10-09T03:04:17.9860130Z     +   'src/core.ts': '59bd505525bdc2eb3540ce78e4daba00a99d5b557318214af189a5a7fdeb43cf',
2026-10-09T03:04:17.9861267Z     -   'src/core.ts': '3a275679866d4822d8f41cf450e0f4883756ba9498ad026feb5395d8618ffc9b',
2026-10-09T03:04:17.9862762Z         'src/play.template.html': '1b5188f105cfd9766f3f19c0a6f3cfa1b522cbd676ec5fde0dbfa1566a09f8c7'
2026-10-09T03:04:17.9863618Z       }
2026-10-09T03:04:17.9863924Z     
2026-10-09T03:04:17.9864235Z   stack: |-
2026-10-09T03:04:17.9865346Z     sourceGuard (file:///home/runner/work/partybox-game-cores/partybox-game-cores/jobs/G02-gin-rummy/scripts/browser-proof.mjs:13:9)
2026-10-09T03:04:17.9866998Z     verifyBrowserProof (file:///home/runner/work/partybox-game-cores/partybox-game-cores/jobs/G02-gin-rummy/scripts/browser-proof.mjs:21:2)
2026-10-09T03:04:17.9869143Z     file:///home/runner/work/partybox-game-cores/partybox-game-cores/jobs/G02-gin-rummy/tests/browser-proof.test.mjs:29:21
2026-10-09T03:04:17.9876378Z     getActual (node:assert:531:5)
2026-10-09T03:04:17.9876948Z     Function.throws (node:assert:677:24)
2026-10-09T03:04:17.9878340Z     TestContext.<anonymous> (file:///home/runner/work/partybox-game-cores/partybox-game-cores/jobs/G02-gin-rummy/tests/browser-proof.test.mjs:29:10)
2026-10-09T03:04:17.9879699Z     Test.runInAsyncScope (node:async_hooks:214:14)
2026-10-09T03:04:17.9880391Z     Test.run (node:internal/test_runner/test:1047:25)
2026-10-09T03:04:17.9881254Z     Test.processPendingSubtests (node:internal/test_runner/test:744:18)
2026-10-09T03:04:17.9882424Z     Test.postRun (node:internal/test_runner/test:1173:19)
2026-10-09T03:04:17.9883018Z   operator: 'throws'
2026-10-09T03:04:17.9883392Z   stack: |-
2026-10-09T03:04:17.9884618Z     TestContext.<anonymous> (file:///home/runner/work/partybox-game-cores/partybox-game-cores/jobs/G02-gin-rummy/tests/browser-proof.test.mjs:29:10)
2026-10-09T03:04:17.9885968Z     Test.runInAsyncScope (node:async_hooks:214:14)
2026-10-09T03:04:17.9886656Z     Test.run (node:internal/test_runner/test:1047:25)
2026-10-09T03:04:17.9887877Z     Test.processPendingSubtests (node:internal/test_runner/test:744:18)
2026-10-09T03:04:17.9888743Z     Test.postRun (node:internal/test_runner/test:1173:19)
2026-10-09T03:04:17.9889439Z     Test.run (node:internal/test_runner/test:1101:12)
2026-10-09T03:04:17.9890300Z     async Test.processPendingSubtests (node:internal/test_runner/test:744:7)
2026-10-09T03:04:17.9891005Z   ...
2026-10-09T03:04:17.9892033Z # Subtest: an honestly recomputed slow raw sample still fails the original frame gate
2026-10-09T03:04:17.9893263Z not ok 12 - an honestly recomputed slow raw sample still fails the original frame gate
2026-10-09T03:04:17.9894066Z   ---
2026-10-09T03:04:17.9894404Z   duration_ms: 1.333622
2026-10-09T03:04:17.9894786Z   type: 'test'
2026-10-09T03:04:17.9895847Z   location: '/home/runner/work/partybox-game-cores/partybox-game-cores/jobs/G02-gin-rummy/tests/browser-proof.test.mjs:32:1'
2026-10-09T03:04:17.9896983Z   failureType: 'testCodeFailure'
2026-10-09T03:04:17.9897439Z   error: |-
2026-10-09T03:04:17.9898094Z     The input did not match the regular expression /raw frame gate failed/. Input:
2026-10-09T03:04:17.9898791Z     
2026-10-09T03:04:17.9899443Z     'AssertionError [ERR_ASSERTION]: accepted proof has stale source hashes\n' +
2026-10-09T03:04:17.9900229Z       '+ actual - expected\n' +
2026-10-09T03:04:17.9900653Z       '\n' +
2026-10-09T03:04:17.9900976Z       '  {\n' +
2026-10-09T03:04:17.9902250Z       "+   'play.html': 'a5a56d6a6926ff7ef83b61028296cc068e163f92ea62cd45aa463d5fb6e0be2f',\n" +
2026-10-09T03:04:17.9903558Z       "-   'play.html': 'df0dcd628e146a875194042a4909a4bdcb8a3ad482a95d6b442eea548c5f8375',\n" +
2026-10-09T03:04:17.9904843Z       "    'src/browser.ts': '56fb3b450aa29e9dda800a69b187d66d5446e056bf2b89b349a9bef1479131e4',\n" +
2026-10-09T03:04:17.9906112Z       "    'src/cards.ts': 'e309e103393bc1aaaf10b34e3994de815dd693d1828a61566723b8fba573fdb9',\n" +
2026-10-09T03:04:17.9907356Z       "+   'src/core.ts': '59bd505525bdc2eb3540ce78e4daba00a99d5b557318214af189a5a7fdeb43cf',\n" +
2026-10-09T03:04:17.9908816Z       "-   'src/core.ts': '3a275679866d4822d8f41cf450e0f4883756ba9498ad026feb5395d8618ffc9b',\n" +
2026-10-09T03:04:17.9910212Z       "    'src/play.template.html': '1b5188f105cfd9766f3f19c0a6f3cfa1b522cbd676ec5fde0dbfa1566a09f8c7'\n" +
2026-10-09T03:04:17.9911109Z       '  }\n'
2026-10-09T03:04:17.9911520Z     
2026-10-09T03:04:17.9912113Z   code: 'ERR_ASSERTION'
2026-10-09T03:04:17.9912539Z   name: 'AssertionError'
2026-10-09T03:04:17.9912950Z   expected:
2026-10-09T03:04:17.9913283Z   actual:
2026-10-09T03:04:17.9913602Z   error: |-
2026-10-09T03:04:17.9914025Z     accepted proof has stale source hashes
2026-10-09T03:04:17.9914529Z     + actual - expected
2026-10-09T03:04:17.9914903Z     
2026-10-09T03:04:17.9915204Z       {
2026-10-09T03:04:17.9915909Z     +   'play.html': 'a5a56d6a6926ff7ef83b61028296cc068e163f92ea62cd45aa463d5fb6e0be2f',
2026-10-09T03:04:17.9917042Z     -   'play.html': 'df0dcd628e146a875194042a4909a4bdcb8a3ad482a95d6b442eea548c5f8375',
2026-10-09T03:04:17.9918243Z         'src/browser.ts': '56fb3b450aa29e9dda800a69b187d66d5446e056bf2b89b349a9bef1479131e4',
2026-10-09T03:04:17.9919418Z         'src/cards.ts': 'e309e103393bc1aaaf10b34e3994de815dd693d1828a61566723b8fba573fdb9',
2026-10-09T03:04:17.9920565Z     +   'src/core.ts': '59bd505525bdc2eb3540ce78e4daba00a99d5b557318214af189a5a7fdeb43cf',
2026-10-09T03:04:17.9921760Z     -   'src/core.ts': '3a275679866d4822d8f41cf450e0f4883756ba9498ad026feb5395d8618ffc9b',
2026-10-09T03:04:17.9923665Z         'src/play.template.html': '1b5188f105cfd9766f3f19c0a6f3cfa1b522cbd676ec5fde0dbfa1566a09f8c7'
2026-10-09T03:04:17.9924534Z       }
2026-10-09T03:04:17.9924843Z     
2026-10-09T03:04:17.9925150Z   stack: |-
2026-10-09T03:04:17.9926243Z     sourceGuard (file:///home/runner/work/partybox-game-cores/partybox-game-cores/jobs/G02-gin-rummy/scripts/browser-proof.mjs:13:9)
2026-10-09T03:04:17.9928169Z     verifyBrowserProof (file:///home/runner/work/partybox-game-cores/partybox-game-cores/jobs/G02-gin-rummy/scripts/browser-proof.mjs:21:2)
2026-10-09T03:04:17.9930283Z     file:///home/runner/work/partybox-game-cores/partybox-game-cores/jobs/G02-gin-rummy/tests/browser-proof.test.mjs:37:20
2026-10-09T03:04:17.9931386Z     getActual (node:assert:531:5)
2026-10-09T03:04:17.9932171Z     Function.throws (node:assert:677:24)
2026-10-09T03:04:17.9933531Z     TestContext.<anonymous> (file:///home/runner/work/partybox-game-cores/partybox-game-cores/jobs/G02-gin-rummy/tests/browser-proof.test.mjs:37:9)
2026-10-09T03:04:17.9934893Z     Test.runInAsyncScope (node:async_hooks:214:14)
2026-10-09T03:04:17.9935582Z     Test.run (node:internal/test_runner/test:1047:25)
2026-10-09T03:04:17.9936412Z     Test.processPendingSubtests (node:internal/test_runner/test:744:18)
2026-10-09T03:04:17.9937268Z     Test.postRun (node:internal/test_runner/test:1173:19)
2026-10-09T03:04:17.9937835Z   operator: 'throws'
2026-10-09T03:04:17.9938205Z   stack: |-
2026-10-09T03:04:17.9939432Z     TestContext.<anonymous> (file:///home/runner/work/partybox-game-cores/partybox-game-cores/jobs/G02-gin-rummy/tests/browser-proof.test.mjs:37:9)
2026-10-09T03:04:17.9940788Z     Test.runInAsyncScope (node:async_hooks:214:14)
2026-10-09T03:04:17.9941465Z     Test.run (node:internal/test_runner/test:1047:25)
2026-10-09T03:04:17.9942558Z     Test.processPendingSubtests (node:internal/test_runner/test:744:18)
2026-10-09T03:04:17.9943410Z     Test.postRun (node:internal/test_runner/test:1173:19)
2026-10-09T03:04:17.9944380Z     Test.run (node:internal/test_runner/test:1101:12)
2026-10-09T03:04:17.9945273Z     async Test.processPendingSubtests (node:internal/test_runner/test:744:7)
2026-10-09T03:04:17.9945992Z   ...
2026-10-09T03:04:17.9946780Z # Subtest: profile dimensions, CPU rates and encoder separation must remain truthful
2026-10-09T03:04:17.9948012Z ok 13 - profile dimensions, CPU rates and encoder separation must remain truthful
2026-10-09T03:04:17.9948740Z   ---
2026-10-09T03:04:17.9949074Z   duration_ms: 1.205312
2026-10-09T03:04:17.9949479Z   type: 'test'
2026-10-09T03:04:17.9949814Z   ...
2026-10-09T03:04:17.9950505Z # Subtest: changed, oversized and falsely labeled recordings are rejected
2026-10-09T03:04:17.9951531Z ok 14 - changed, oversized and falsely labeled recordings are rejected
2026-10-09T03:04:17.9952446Z   ---
2026-10-09T03:04:17.9952790Z   duration_ms: 0.870826
2026-10-09T03:04:17.9953176Z   type: 'test'
2026-10-09T03:04:17.9953505Z   ...
2026-10-09T03:04:17.9954521Z # Subtest: actual capture CLI refuses invalid tags and existing media/report before any browser launch
2026-10-09T03:04:17.9955956Z ok 15 - actual capture CLI refuses invalid tags and existing media/report before any browser launch
2026-10-09T03:04:17.9956797Z   ---
2026-10-09T03:04:17.9957135Z   duration_ms: 711.391307
2026-10-09T03:04:17.9957528Z   type: 'test'
2026-10-09T03:04:17.9957855Z   ...
2026-10-09T03:04:17.9958771Z # Subtest: meld validation rejects impossible card IDs while preserving legitimate edge runs/sets
2026-10-09T03:04:17.9960177Z ok 16 - meld validation rejects impossible card IDs while preserving legitimate edge runs/sets
2026-10-09T03:04:17.9960995Z   ---
2026-10-09T03:04:17.9961327Z   duration_ms: 1.168365
2026-10-09T03:04:17.9961704Z   type: 'test'
2026-10-09T03:04:17.9962298Z   ...
2026-10-09T03:04:40.3113830Z # {"suite":"bot-contract","variant":"standard","players":2,"games":1000,"replays":1000,"totalEvents":261181,"maxEvents":612,"replayChecks":261181,"comparison":"every-event SHA256 and bytes; JSON-roundtrip replay"}
2026-10-09T03:05:11.4564798Z # {"suite":"bot-contract","variant":"standard","players":3,"games":1000,"replays":1000,"totalEvents":286246,"maxEvents":775,"replayChecks":286246,"comparison":"every-event SHA256 and bytes; JSON-roundtrip replay"}
2026-10-09T03:05:49.8253914Z # {"suite":"bot-contract","variant":"standard","players":4,"games":1000,"replays":1000,"totalEvents":343987,"maxEvents":825,"replayChecks":343987,"comparison":"every-event SHA256 and bytes; JSON-roundtrip replay"}
2026-10-09T03:06:18.2802824Z # {"suite":"bot-contract","variant":"oklahoma","players":2,"games":1000,"replays":1000,"totalEvents":258472,"maxEvents":755,"replayChecks":258472,"comparison":"every-event SHA256 and bytes; JSON-roundtrip replay"}
2026-10-09T03:06:48.6617325Z # {"suite":"bot-contract","variant":"oklahoma","players":3,"games":1000,"replays":1000,"totalEvents":269750,"maxEvents":812,"replayChecks":269750,"comparison":"every-event SHA256 and bytes; JSON-roundtrip replay"}
2026-10-09T03:07:25.2612758Z # {"suite":"bot-contract","variant":"oklahoma","players":4,"games":1000,"replays":1000,"totalEvents":317252,"maxEvents":929,"replayChecks":317252,"comparison":"every-event SHA256 and bytes; JSON-roundtrip replay"}
2026-10-09T03:07:38.2105151Z # {"suite":"properties","seeds":1003,"events":420546}
2026-10-09T03:07:41.7081432Z # {"suite":"secrecy","comparisons":7925}
2026-10-09T03:07:41.7394262Z # Subtest: 1000 finished seeded bot games at EACH valid count/edition, hash replay after EVERY event
2026-10-09T03:07:41.7395705Z ok 17 - 1000 finished seeded bot games at EACH valid count/edition, hash replay after EVERY event
2026-10-09T03:07:41.7396603Z   ---
2026-10-09T03:07:41.7399203Z   duration_ms: 198546.413192
2026-10-09T03:07:41.7399635Z   type: 'test'
2026-10-09T03:07:41.7399975Z   ...
2026-10-09T03:07:41.7404199Z # Subtest: property seeds 1,2,3 plus 1000 random seeds: adversarial event sequences and immutability
2026-10-09T03:07:41.7405975Z ok 18 - property seeds 1,2,3 plus 1000 random seeds: adversarial event sequences and immutability
2026-10-09T03:07:41.7407146Z   ---
2026-10-09T03:07:41.7408674Z   duration_ms: 12948.353256
2026-10-09T03:07:41.7409346Z   type: 'test'
2026-10-09T03:07:41.7409728Z   ...
2026-10-09T03:07:41.7411273Z # Subtest: hidden-card/order perturbations never change TV, another controller or bot decisions
2026-10-09T03:07:41.7413579Z ok 19 - hidden-card/order perturbations never change TV, another controller or bot decisions
2026-10-09T03:07:41.7414628Z   ---
2026-10-09T03:07:41.7415032Z   duration_ms: 3497.498558
2026-10-09T03:07:41.7415610Z   type: 'test'
2026-10-09T03:07:41.7416044Z   ...
2026-10-09T03:07:41.7416942Z # Subtest: idle/no-clock matches remain until explicit end, every phase can exit via VIP
2026-10-09T03:07:41.7418263Z ok 20 - idle/no-clock matches remain until explicit end, every phase can exit via VIP
2026-10-09T03:07:41.7419092Z   ---
2026-10-09T03:07:41.7419435Z   duration_ms: 27.948402
2026-10-09T03:07:41.7419884Z   type: 'test'
2026-10-09T03:07:41.7420261Z   ...
2026-10-09T03:07:41.7652244Z # {"suite":"departures","initialCases":1000,"completeMatches":120,"events":17184,"maxAutomatedTransitions":75}
2026-10-09T03:07:41.7653492Z # Subtest: departures in every live phase finish the absent turn without exposing its hand
2026-10-09T03:07:41.7654627Z ok 21 - departures in every live phase finish the absent turn without exposing its hand
2026-10-09T03:07:41.7655210Z   ---
2026-10-09T03:07:41.7655481Z   duration_ms: 25.957309
2026-10-09T03:07:41.7655818Z   type: 'test'
2026-10-09T03:07:41.7656184Z   ...
2026-10-09T03:07:41.7656815Z # Subtest: 1000 departure/drop cases and 120 full matches never leave an absent seat blocking play
2026-10-09T03:07:41.7657993Z ok 22 - 1000 departure/drop cases and 120 full matches never leave an absent seat blocking play
2026-10-09T03:07:41.7658620Z   ---
2026-10-09T03:07:41.7658926Z   duration_ms: 6177.382364
2026-10-09T03:07:41.7659163Z   type: 'test'
2026-10-09T03:07:41.7659352Z   ...
2026-10-09T03:07:41.7660242Z # Subtest: empty rooms pause, reconnect resumes only an automatic pause, and permanent leaves cannot rejoin
2026-10-09T03:07:41.7661360Z ok 23 - empty rooms pause, reconnect resumes only an automatic pause, and permanent leaves cannot rejoin
2026-10-09T03:07:41.7662041Z   ---
2026-10-09T03:07:41.7662244Z   duration_ms: 1.461273
2026-10-09T03:07:41.7662479Z   type: 'test'
2026-10-09T03:07:41.7662826Z   ...
2026-10-09T03:07:41.7663639Z # Subtest: departures during VIP pause drain only on resume; malformed control events do nothing
2026-10-09T03:07:41.7664698Z ok 24 - departures during VIP pause drain only on resume; malformed control events do nothing
2026-10-09T03:07:41.7665953Z   ---
2026-10-09T03:07:41.7666157Z   duration_ms: 0.519385
2026-10-09T03:07:41.7666501Z   type: 'test'
2026-10-09T03:07:41.7666763Z   ...
2026-10-09T03:07:41.7667667Z # {"suite":"deadwood-proof","hands":10000,"tenCard":5000,"elevenCard":5000,"seed":20261008,"checksum":584788}
2026-10-09T03:07:41.7668585Z # Subtest: independent exhaustive meld-subset packing proves 10000 exact minima
2026-10-09T03:07:41.7669509Z ok 25 - independent exhaustive meld-subset packing proves 10000 exact minima
2026-10-09T03:07:41.7670106Z   ---
2026-10-09T03:07:41.7670464Z   duration_ms: 6212.425241
2026-10-09T03:07:41.7670775Z   type: 'test'
2026-10-09T03:07:41.7671063Z   ...
2026-10-09T03:07:41.7672043Z # Subtest: actual Big Gin reducer keeps eleven cards, rejects disabled/incomplete claims and prevents layoffs
2026-10-09T03:07:41.7673470Z ok 26 - actual Big Gin reducer keeps eleven cards, rejects disabled/incomplete claims and prevents layoffs
2026-10-09T03:07:41.7674285Z   ---
2026-10-09T03:07:41.7674592Z   duration_ms: 11.949039
2026-10-09T03:07:41.7674954Z   type: 'test'
2026-10-09T03:07:41.7675253Z   ...
2026-10-09T03:07:41.7676129Z # Subtest: actual Gin/normal knock phases, custom layout rejection, match completion and Oklahoma boxes
2026-10-09T03:07:41.7677493Z ok 27 - actual Gin/normal knock phases, custom layout rejection, match completion and Oklahoma boxes
2026-10-09T03:07:41.7678278Z   ---
2026-10-09T03:07:41.7678769Z   duration_ms: 6.892268
2026-10-09T03:07:41.7679004Z   type: 'test'
2026-10-09T03:07:41.7679192Z   ...
2026-10-09T03:07:41.7679691Z # Subtest: winner-stays queue for every rotation size, drawn hand retains seats, each dealer setting
2026-10-09T03:07:41.7680456Z ok 28 - winner-stays queue for every rotation size, drawn hand retains seats, each dealer setting
2026-10-09T03:07:41.7680898Z   ---
2026-10-09T03:07:41.7681086Z   duration_ms: 3.106151
2026-10-09T03:07:41.7681300Z   type: 'test'
2026-10-09T03:07:41.7681489Z   ...
2026-10-09T03:07:41.7683323Z # {"frameWindow":"READY","profile":"desktop","sourceSha256":"aaaaaaaaaaaaaaaaaaaaaaaaaaaaaaaaaaaaaaaaaaaaaaaaaaaaaaaaaaaaaaaa","attemptNonce":"6bed5bb8-e3f2-4ba2-a307-7b96e8272468","utc":"2026-10-09T03:04:18.219Z"}
2026-10-09T03:07:41.7687627Z # {"frameWindow":"CLOSED","profile":"desktop","sourceSha256":"aaaaaaaaaaaaaaaaaaaaaaaaaaaaaaaaaaaaaaaaaaaaaaaaaaaaaaaaaaaaaaaa","attemptNonce":"6bed5bb8-e3f2-4ba2-a307-7b96e8272468","coordination":"root-granted","readyUtc":"2026-10-09T03:04:18.219Z","grantUtc":"2026-10-09T03:04:19.226Z","status":"closed","utc":"2026-10-09T03:04:19.226Z"}
2026-10-09T03:07:41.7691642Z # {"frameWindow":"READY","profile":"desktop","sourceSha256":"aaaaaaaaaaaaaaaaaaaaaaaaaaaaaaaaaaaaaaaaaaaaaaaaaaaaaaaaaaaaaaaa","attemptNonce":"e3714d0a-e7eb-4a7d-92dc-72f0d3879147","utc":"2026-10-09T03:04:19.227Z"}
2026-10-09T03:07:41.7696098Z # {"frameWindow":"CLOSED","profile":"desktop","sourceSha256":"aaaaaaaaaaaaaaaaaaaaaaaaaaaaaaaaaaaaaaaaaaaaaaaaaaaaaaaaaaaaaaaa","attemptNonce":"e3714d0a-e7eb-4a7d-92dc-72f0d3879147","coordination":"root-granted","readyUtc":"2026-10-09T03:04:19.227Z","grantUtc":"2026-10-09T03:04:19.429Z","status":"closed","utc":"2026-10-09T03:04:19.429Z"}
2026-10-09T03:07:41.7698749Z # {"actualGrantCorruptionControls":10,"sequentialAttempts":2}
2026-10-09T03:07:41.7700986Z # {"frameWindow":"READY","profile":"desktop","sourceSha256":"aaaaaaaaaaaaaaaaaaaaaaaaaaaaaaaaaaaaaaaaaaaaaaaaaaaaaaaaaaaaaaaa","attemptNonce":"e492d318-6741-4b8a-9d76-fcbad98df577","utc":"2026-10-09T03:04:19.432Z"}
2026-10-09T03:07:41.7703616Z # Subtest: actual temporary grants reject stale nonce/source/profile and malformed or extra fields
2026-10-09T03:07:41.7704985Z ok 29 - actual temporary grants reject stale nonce/source/profile and malformed or extra fields
2026-10-09T03:07:41.7705767Z   ---
2026-10-09T03:07:41.7706092Z   duration_ms: 1214.109123
2026-10-09T03:07:41.7706481Z   type: 'test'
2026-10-09T03:07:41.7706799Z   ...
2026-10-09T03:07:41.7709204Z # {"frameWindow":"CLOSED","profile":"desktop","sourceSha256":"aaaaaaaaaaaaaaaaaaaaaaaaaaaaaaaaaaaaaaaaaaaaaaaaaaaaaaaaaaaaaaaa","attemptNonce":"e492d318-6741-4b8a-9d76-fcbad98df577","coordination":"root-granted","readyUtc":"2026-10-09T03:04:19.432Z","grantUtc":null,"status":"failed","reason":"matching grant timed out","utc":"2026-10-09T03:04:19.534Z"}
2026-10-09T03:07:41.7711719Z # Subtest: actual missing grant fails and writes CLOSED; no configured barrier returns an explicit uncoordinated identity
2026-10-09T03:07:41.7713228Z ok 30 - actual missing grant fails and writes CLOSED; no configured barrier returns an explicit uncoordinated identity
2026-10-09T03:07:41.7713748Z   ---
2026-10-09T03:07:41.7713949Z   duration_ms: 103.648438
2026-10-09T03:07:41.7714179Z   type: 'test'
2026-10-09T03:07:41.7714368Z   ...
2026-10-09T03:07:41.7715040Z # {"suite":"initial-presence-exhaustive","cases":336,"connectionMasks":"all","counts":[2,3,4],"variants":["standard","oklahoma"],"clocks":[0,10]}
2026-10-09T03:07:41.7715983Z # {"suite":"initial-presence-seeded","cases":1000}
2026-10-09T03:07:41.7717066Z # Subtest: known initial presence is handled before either player needs to send an event
2026-10-09T03:07:41.7718320Z ok 31 - known initial presence is handled before either player needs to send an event
2026-10-09T03:07:41.7719085Z   ---
2026-10-09T03:07:41.7719427Z   duration_ms: 380.837346
2026-10-09T03:07:41.7719833Z   type: 'test'
2026-10-09T03:07:41.7720164Z   ...
2026-10-09T03:07:41.7721312Z # Subtest: 1000 seeded initial presence patterns are playable or paused without a duplicate drop event
2026-10-09T03:07:41.7723105Z ok 32 - 1000 seeded initial presence patterns are playable or paused without a duplicate drop event
2026-10-09T03:07:41.7723970Z   ---
2026-10-09T03:07:41.7724323Z   duration_ms: 499.050653
2026-10-09T03:07:41.7724723Z   type: 'test'
2026-10-09T03:07:41.7725064Z   ...
2026-10-09T03:07:41.7726325Z # {"suite":"connected-initialization-byte-equivalence","cases":6000,"baselineHead":"d5fbb39746f8f7900bee57506e8133e8675f48ed"}
2026-10-09T03:07:41.7727921Z # Subtest: all-connected opening states retain the exact 6000 pre-repair JSON states
2026-10-09T03:07:41.7729153Z ok 33 - all-connected opening states retain the exact 6000 pre-repair JSON states
2026-10-09T03:07:41.7729904Z   ---
2026-10-09T03:07:41.7730234Z   duration_ms: 182.799481
2026-10-09T03:07:41.7730611Z   type: 'test'
2026-10-09T03:07:41.7730922Z   ...
2026-10-09T03:07:41.7732210Z # {"suite":"joint-layoff-proof","hands":2000,"twoTarget":1000,"threeTarget":1000,"seed":816777,"checksum":102460,"actualLaidCards":1534}
2026-10-09T03:07:41.7733302Z # Subtest: 2000 independent joint meld/layoff weighted packings including chained extensions
2026-10-09T03:07:41.7734366Z ok 34 - 2000 independent joint meld/layoff weighted packings including chained extensions
2026-10-09T03:07:41.7734911Z   ---
2026-10-09T03:07:41.7735152Z   duration_ms: 6273.481959
2026-10-09T03:07:41.7735516Z   type: 'test'
2026-10-09T03:07:41.7735717Z   ...
2026-10-09T03:07:41.7736350Z # {"suite":"opening-pass-attribution","directPassCases":360,"editions":2,"counts":[2,3,4]}
2026-10-09T03:07:41.7737209Z # {"suite":"pass-valid-ids","cases":240,"ids":["","__proto__","constructor","last"]}
2026-10-09T03:07:41.7738075Z # {"suite":"automatic-pass-attribution","routes":["timer","vip","player"]}
2026-10-09T03:07:41.7739374Z # Subtest: both opening passes identify their actual actors across counts, editions and seeds
2026-10-09T03:07:41.7740769Z ok 35 - both opening passes identify their actual actors across counts, editions and seeds
2026-10-09T03:07:41.7741625Z   ---
2026-10-09T03:07:41.7742331Z   duration_ms: 97.045497
2026-10-09T03:07:41.7742743Z   type: 'test'
2026-10-09T03:07:41.7743067Z   ...
2026-10-09T03:07:41.7743937Z # Subtest: empty and prototype-shaped original IDs retain pass attribution as own keys
2026-10-09T03:07:41.7745143Z ok 36 - empty and prototype-shaped original IDs retain pass attribution as own keys
2026-10-09T03:07:41.7745854Z   ---
2026-10-09T03:07:41.7746174Z   duration_ms: 38.716953
2026-10-09T03:07:41.7746793Z   type: 'test'
2026-10-09T03:07:41.7747110Z   ...
2026-10-09T03:07:41.7747856Z # Subtest: timer, VIP skip and absent-seat automation identify the automatic passer
2026-10-09T03:07:41.7748949Z ok 37 - timer, VIP skip and absent-seat automation identify the automatic passer
2026-10-09T03:07:41.7749339Z   ---
2026-10-09T03:07:41.7749523Z   duration_ms: 1.988272
2026-10-09T03:07:41.7749736Z   type: 'test'
2026-10-09T03:07:41.7749916Z   ...
2026-10-09T03:07:41.7750382Z # Subtest: first raw target winner keeps the crown even when final box settlement reverses points
2026-10-09T03:07:41.7751112Z ok 38 - first raw target winner keeps the crown even when final box settlement reverses points
2026-10-09T03:07:41.7751529Z   ---
2026-10-09T03:07:41.7751716Z   duration_ms: 9.329792
2026-10-09T03:07:41.7752337Z   type: 'test'
2026-10-09T03:07:41.7752663Z   ...
2026-10-09T03:07:41.7753482Z # Subtest: every valid string ID, including empty, wins, earns bonuses and stays in rotation
2026-10-09T03:07:41.7754423Z ok 39 - every valid string ID, including empty, wins, earns bonuses and stays in rotation
2026-10-09T03:07:41.7754993Z   ---
2026-10-09T03:07:41.7755359Z   duration_ms: 13.520959
2026-10-09T03:07:41.7755696Z   type: 'test'
2026-10-09T03:07:41.7755982Z   ...
2026-10-09T03:07:41.7756580Z # Subtest: malformed identity metadata cannot coerce a registered ID, throw or reveal a hand
2026-10-09T03:07:41.7815131Z ok 40 - malformed identity metadata cannot coerce a registered ID, throw or reveal a hand
2026-10-09T03:07:41.7815751Z   ---
2026-10-09T03:07:41.7816435Z   duration_ms: 2.00318
2026-10-09T03:07:41.7816876Z   type: 'test'
2026-10-09T03:07:41.7817104Z   ...
2026-10-09T03:07:41.7817687Z # Subtest: early end preserves earned raw points and reports current standings
2026-10-09T03:07:41.7818393Z ok 41 - early end preserves earned raw points and reports current standings
2026-10-09T03:07:41.7818774Z   ---
2026-10-09T03:07:41.7818978Z   duration_ms: 0.744497
2026-10-09T03:07:41.7819201Z   type: 'test'
2026-10-09T03:07:41.7819403Z   ...
2026-10-09T03:07:41.7819709Z # Subtest: aces low, set cardinality, runs and overlap
2026-10-09T03:07:41.7820122Z ok 42 - aces low, set cardinality, runs and overlap
2026-10-09T03:07:41.7820411Z   ---
2026-10-09T03:07:41.7820608Z   duration_ms: 2.833879
2026-10-09T03:07:41.7820823Z   type: 'test'
2026-10-09T03:07:41.7821012Z   ...
2026-10-09T03:07:41.7821478Z # Subtest: joint meld/layoff optimizer finds chains and forbids gin/deadwood/four-card layoffs
2026-10-09T03:07:41.7822576Z ok 43 - joint meld/layoff optimizer finds chains and forbids gin/deadwood/four-card layoffs
2026-10-09T03:07:41.7823010Z   ---
2026-10-09T03:07:41.7823203Z   duration_ms: 6.98415
2026-10-09T03:07:41.7823418Z   type: 'test'
2026-10-09T03:07:41.7823604Z   ...
2026-10-09T03:07:41.7823974Z # Subtest: every score formula, tie undercut and spade whole-hand doubling
2026-10-09T03:07:41.7824519Z ok 44 - every score formula, tie undercut and spade whole-hand doubling
2026-10-09T03:07:41.7824883Z   ---
2026-10-09T03:07:41.7825090Z   duration_ms: 3.079941
2026-10-09T03:07:41.7825305Z   type: 'test'
2026-10-09T03:07:41.7825491Z   ...
2026-10-09T03:07:41.7825994Z # Subtest: opening offers, forced stock, exact immediate-return restriction, stock draw boundary
2026-10-09T03:07:41.7826714Z ok 45 - opening offers, forced stock, exact immediate-return restriction, stock draw boundary
2026-10-09T03:07:41.7827134Z   ---
2026-10-09T03:07:41.7827325Z   duration_ms: 26.392218
2026-10-09T03:07:41.7827546Z   type: 'test'
2026-10-09T03:07:41.7827733Z   ...
2026-10-09T03:07:41.7828144Z # Subtest: Oklahoma limits / ace / spade configurations from all 52 initial upcards
2026-10-09T03:07:41.7828754Z ok 46 - Oklahoma limits / ace / spade configurations from all 52 initial upcards
2026-10-09T03:07:41.7829129Z   ---
2026-10-09T03:07:41.7829314Z   duration_ms: 28.730919
2026-10-09T03:07:41.7829537Z   type: 'test'
2026-10-09T03:07:41.7829720Z   ...
2026-10-09T03:07:41.7830202Z # Subtest: pause, resume, stale/early timer, spectators, malformed input, late leaver, explicit end
2026-10-09T03:07:41.7831163Z ok 47 - pause, resume, stale/early timer, spectators, malformed input, late leaver, explicit end
2026-10-09T03:07:41.7831601Z   ---
2026-10-09T03:07:41.7832034Z   duration_ms: 2.540598
2026-10-09T03:07:41.7832294Z   type: 'test'
2026-10-09T03:07:41.7832489Z   ...
2026-10-09T03:07:41.7833125Z # Subtest: all required roster settings, default sanitization, exact phase fixtures and manifest
2026-10-09T03:07:41.7833886Z ok 48 - all required roster settings, default sanitization, exact phase fixtures and manifest
2026-10-09T03:07:41.7834319Z   ---
2026-10-09T03:07:41.7834516Z   duration_ms: 139.495416
2026-10-09T03:07:41.7834742Z   type: 'test'
2026-10-09T03:07:41.7834939Z   ...
2026-10-09T03:07:41.7835293Z # {"syntheticGuardCorruptionsRejected":175,"guardedSources":35}
2026-10-09T03:07:41.7836015Z # Subtest: synthetic positive control covers full identities, native timestamps, all hand witnesses and clips
2026-10-09T03:07:41.7836855Z ok 49 - synthetic positive control covers full identities, native timestamps, all hand witnesses and clips
2026-10-09T03:07:41.7837338Z   ---
2026-10-09T03:07:41.7837529Z   duration_ms: 11.972303
2026-10-09T03:07:41.7837753Z   type: 'test'
2026-10-09T03:07:41.7837937Z   ...
2026-10-09T03:07:41.7838550Z # Subtest: every guarded source and each start/end inventory entry rejects a stale hash or omission
2026-10-09T03:07:41.7840098Z ok 50 - every guarded source and each start/end inventory entry rejects a stale hash or omission
2026-10-09T03:07:41.7841120Z   ---
2026-10-09T03:07:41.7841347Z   duration_ms: 198.8508
2026-10-09T03:07:41.7841623Z   type: 'test'
2026-10-09T03:07:41.7842144Z   ...
2026-10-09T03:07:41.7842888Z # Subtest: wrong attempt/profile/page/transport/throttle, filtered samples and fake native clocks fail
2026-10-09T03:07:41.7843888Z ok 51 - wrong attempt/profile/page/transport/throttle, filtered samples and fake native clocks fail
2026-10-09T03:07:41.7844355Z   ---
2026-10-09T03:07:41.7844550Z   duration_ms: 19.178118
2026-10-09T03:07:41.7844795Z   type: 'test'
2026-10-09T03:07:41.7844985Z   ...
2026-10-09T03:07:41.7845499Z # Subtest: missing/invalid timestamp, raw interval or active-frame witness fails despite good summaries
2026-10-09T03:07:41.7846290Z ok 52 - missing/invalid timestamp, raw interval or active-frame witness fails despite good summaries
2026-10-09T03:07:41.7846742Z   ---
2026-10-09T03:07:41.7846932Z   duration_ms: 12.190983
2026-10-09T03:07:41.7847150Z   type: 'test'
2026-10-09T03:07:41.7847336Z   ...
2026-10-09T03:07:41.7848208Z # Subtest: all statistics are recomputed and an honestly reported long interval fails the fixed gate
2026-10-09T03:07:41.7849577Z ok 53 - all statistics are recomputed and an honestly reported long interval fails the fixed gate
2026-10-09T03:07:41.7850351Z   ---
2026-10-09T03:07:41.7850651Z   duration_ms: 8.298456
2026-10-09T03:07:41.7850994Z   type: 'test'
2026-10-09T03:07:41.7851285Z   ...
2026-10-09T03:07:41.7852323Z # Subtest: failed runs, mislabeled clips, altered bytes, outsize media and network/errors are rejected
2026-10-09T03:07:41.7853653Z ok 54 - failed runs, mislabeled clips, altered bytes, outsize media and network/errors are rejected
2026-10-09T03:07:41.7854398Z   ---
2026-10-09T03:07:41.7854703Z   duration_ms: 24.696596
2026-10-09T03:07:41.7855062Z   type: 'test'
2026-10-09T03:07:41.7855357Z   ...
2026-10-09T03:07:41.7855970Z # Subtest: same-timestamp turns cannot share timer instance identity
2026-10-09T03:07:41.7856926Z ok 55 - same-timestamp turns cannot share timer instance identity
2026-10-09T03:07:41.7857524Z   ---
2026-10-09T03:07:41.7857834Z   duration_ms: 12.02919
2026-10-09T03:07:41.7858200Z   type: 'test'
2026-10-09T03:07:41.7858509Z   ...
2026-10-09T03:07:41.7858795Z 1..55
2026-10-09T03:07:41.7859071Z # tests 55
2026-10-09T03:07:41.7859355Z # suites 0
2026-10-09T03:07:41.7859637Z # pass 51
2026-10-09T03:07:41.7859915Z # fail 4
2026-10-09T03:07:41.7860243Z # cancelled 0
2026-10-09T03:07:41.7860541Z # skipped 0
2026-10-09T03:07:41.7860825Z # todo 0
2026-10-09T03:07:41.7861377Z # duration_ms 216513.088781
2026-10-09T03:07:41.7882849Z ##[error]Process completed with exit code 1.
2026-10-09T03:07:41.7965428Z ##[group]Run actions/upload-artifact@v4
2026-10-09T03:07:41.7965729Z with:
2026-10-09T03:07:41.7965927Z   name: G02-browser-evidence
2026-10-09T03:07:41.7967755Z   path: jobs/G02-gin-rummy/.work/browser/*-frames.json
jobs/G02-gin-rummy/.work/browser/report.json
jobs/G02-gin-rummy/.work/browser/captures.json
jobs/G02-gin-rummy/.work/browser/ci-current-*.webm
jobs/G02-gin-rummy/.work/clock-after.json
jobs/G02-gin-rummy/.work/custom-meld-after.json
jobs/G02-gin-rummy/.work/results-after.json
jobs/G02-gin-rummy/.work/name-check.json
jobs/G02-gin-rummy/media/strict-reverify-1900-*.webm
jobs/G02-gin-rummy/evidence/resume-20261008/strict-reverify-1900-captures.json

2026-10-09T03:07:41.7969626Z   include-hidden-files: true
2026-10-09T03:07:41.7969869Z   if-no-files-found: warn
2026-10-09T03:07:41.7970092Z   compression-level: 6
2026-10-09T03:07:41.7970299Z   overwrite: false
2026-10-09T03:07:41.7970503Z ##[endgroup]
2026-10-09T03:07:41.9699583Z (node:3487) [DEP0040] DeprecationWarning: The `punycode` module is deprecated. Please use a userland alternative instead.
2026-10-09T03:07:41.9700669Z (Use `node --trace-deprecation ...` to show where the warning was created)
2026-10-09T03:07:41.9838839Z Multiple search paths detected. Calculating the least common ancestor of all paths
2026-10-09T03:07:41.9843992Z The least common ancestor is /home/runner/work/partybox-game-cores/partybox-game-cores/jobs/G02-gin-rummy. This will be the root directory of the artifact
2026-10-09T03:07:41.9845566Z With the provided path, there will be 3 files uploaded
2026-10-09T03:07:41.9852632Z Artifact name is valid!
2026-10-09T03:07:41.9853645Z Root directory input is valid!
2026-10-09T03:07:42.1810788Z Beginning upload of artifact content to blob storage
2026-10-09T03:07:42.2442825Z (node:3487) [DEP0169] DeprecationWarning: `url.parse()` behavior is not standardized and prone to errors that have security implications. Use the WHATWG URL API instead. CVEs are not issued for `url.parse()` vulnerabilities.
2026-10-09T03:07:42.3366840Z Uploaded bytes 1015714
2026-10-09T03:07:42.3545802Z Finished uploading artifact content to blob storage!
2026-10-09T03:07:42.3547432Z SHA256 digest of uploaded artifact zip is 627e01df3a642dccd50457b2acc9c4b656a3f017ee65db9296e3260af7411d2f
2026-10-09T03:07:42.3548620Z Finalizing artifact upload
2026-10-09T03:07:42.5751192Z Artifact G02-browser-evidence.zip successfully finalized. Artifact ID 11593565025
2026-10-09T03:07:42.5753542Z Artifact G02-browser-evidence has been successfully uploaded! Final size is 1015714 bytes. Artifact ID is 11593565025
2026-10-09T03:07:42.5760133Z Artifact download URL: https://github.com/luisitin/partybox-game-cores/actions/runs/37877499360/artifacts/11593565025
2026-10-09T03:07:42.5964855Z Post job cleanup.
2026-10-09T03:07:42.6842724Z [command]/usr/bin/git version
2026-10-09T03:07:42.6873906Z git version 2.55.0
2026-10-09T03:07:42.6917257Z Temporarily overriding HOME='/home/runner/work/_temp/0bed9259-3f60-40df-82e9-8410390b051d' before making global git config changes
2026-10-09T03:07:42.6919222Z Adding repository directory to the temporary git global config as a safe directory
2026-10-09T03:07:42.6924488Z [command]/usr/bin/git config --global --add safe.directory /home/runner/work/partybox-game-cores/partybox-game-cores
2026-10-09T03:07:42.6968136Z [command]/usr/bin/git config --local --name-only --get-regexp core\.sshCommand
2026-10-09T03:07:42.7006949Z [command]/usr/bin/git submodule foreach --recursive sh -c "git config --local --name-only --get-regexp 'core\.sshCommand' && git config --local --unset-all 'core.sshCommand' || :"
2026-10-09T03:07:42.7258753Z [command]/usr/bin/git config --local --name-only --get-regexp http\.https\:\/\/github\.com\/\.extraheader
2026-10-09T03:07:42.7294571Z http.https://github.com/.extraheader
2026-10-09T03:07:42.7307122Z [command]/usr/bin/git config --local --unset-all http.https://github.com/.extraheader
2026-10-09T03:07:42.7344157Z [command]/usr/bin/git submodule foreach --recursive sh -c "git config --local --name-only --get-regexp 'http\.https\:\/\/github\.com\/\.extraheader' && git config --local --unset-all 'http.https://github.com/.extraheader' || :"
2026-10-09T03:07:42.7622712Z [command]/usr/bin/git config --local --name-only --get-regexp ^includeIf\.gitdir:
2026-10-09T03:07:42.7666660Z [command]/usr/bin/git submodule foreach --recursive git config --local --show-origin --name-only --get-regexp remote.origin.url
2026-10-09T03:07:42.8077078Z Cleaning up orphan processes
2026-10-09T03:07:42.8439192Z ##[warning]Node.js 20 is deprecated. The following actions target Node.js 20 but are being forced to run on Node.js 24: actions/checkout@v4, actions/setup-node@v4, actions/upload-artifact@v4. For more information see: https://github.blog/changelog/2025-09-19-deprecation-of-node-20-on-github-actions-runners/
