✖ both opening passes identify their actual actors across counts, editions and seeds (7.521124ms)
✖ empty and prototype-shaped original IDs retain pass attribution as own keys (0.988343ms)
✖ timer, VIP skip and absent-seat automation identify the automatic passer (6.28293ms)
✔ aces low, set cardinality, runs and overlap (4.754306ms)
✔ joint meld/layoff optimizer finds chains and forbids gin/deadwood/four-card layoffs (3.086905ms)
✔ every score formula, tie undercut and spade whole-hand doubling (3.225237ms)
✔ opening offers, forced stock, exact immediate-return restriction, stock draw boundary (20.472193ms)
✔ Oklahoma limits / ace / spade configurations from all 52 initial upcards (12.14128ms)
✔ pause, resume, stale/early timer, spectators, malformed input, late leaver, explicit end (2.113421ms)
✔ all required roster settings, default sanitization, exact phase fixtures and manifest (99.758444ms)
ℹ tests 10
ℹ suites 0
ℹ pass 7
ℹ fail 3
ℹ cancelled 0
ℹ skipped 0
ℹ todo 0
ℹ duration_ms 342.297813

✖ failing tests:

test at .work/mutants/M26/tests/public-log.test.mjs:18:1
✖ both opening passes identify their actual actors across counts, editions and seeds (7.521124ms)
  AssertionError [ERR_ASSERTION]: Pass history must identify the player who passed
  
  'p0' !== 'p1'
  
      at pass (file:///workspace/game-cores-G02-finish/jobs/G02-gin-rummy/.work/mutants/M26/tests/public-log.test.mjs:10:9)
      at TestContext.<anonymous> (file:///workspace/game-cores-G02-finish/jobs/G02-gin-rummy/.work/mutants/M26/tests/public-log.test.mjs:22:54)
      at Test.runInAsyncScope (node:async_hooks:227:14)
      at Test.run (node:internal/test_runner/test:1382:25)
      at Test.start (node:internal/test_runner/test:1242:17)
      at startSubtestAfterBootstrap (node:internal/test_runner/harness:387:17) {
    generatedMessage: false,
    code: 'ERR_ASSERTION',
    actual: 'p0',
    expected: 'p1',
    operator: 'strictEqual',
    diff: 'simple'
  }

test at .work/mutants/M26/tests/public-log.test.mjs:28:1
✖ empty and prototype-shaped original IDs retain pass attribution as own keys (0.988343ms)
  AssertionError [ERR_ASSERTION]: Pass history must identify the player who passed
  
  '' !== '__proto__'
  
      at pass (file:///workspace/game-cores-G02-finish/jobs/G02-gin-rummy/.work/mutants/M26/tests/public-log.test.mjs:10:9)
      at TestContext.<anonymous> (file:///workspace/game-cores-G02-finish/jobs/G02-gin-rummy/.work/mutants/M26/tests/public-log.test.mjs:33:9)
      at Test.runInAsyncScope (node:async_hooks:227:14)
      at Test.run (node:internal/test_runner/test:1382:25)
      at Test.processPendingSubtests (node:internal/test_runner/test:960:18)
      at Test.postRun (node:internal/test_runner/test:1522:19)
      at Test.run (node:internal/test_runner/test:1447:12)
      at async startSubtestAfterBootstrap (node:internal/test_runner/harness:387:3) {
    generatedMessage: false,
    code: 'ERR_ASSERTION',
    actual: '',
    expected: '__proto__',
    operator: 'strictEqual',
    diff: 'simple'
  }

test at .work/mutants/M26/tests/public-log.test.mjs:38:1
✖ timer, VIP skip and absent-seat automation identify the automatic passer (6.28293ms)
  AssertionError [ERR_ASSERTION]: Expected values to be strictly equal:
  
  'p0' !== 'p1'
  
      at TestContext.<anonymous> (file:///workspace/game-cores-G02-finish/jobs/G02-gin-rummy/.work/mutants/M26/tests/public-log.test.mjs:49:56)
      at Test.runInAsyncScope (node:async_hooks:227:14)
      at Test.run (node:internal/test_runner/test:1382:25)
      at Test.processPendingSubtests (node:internal/test_runner/test:960:18)
      at Test.postRun (node:internal/test_runner/test:1522:19)
      at Test.run (node:internal/test_runner/test:1447:12)
      at async Test.processPendingSubtests (node:internal/test_runner/test:960:7) {
    generatedMessage: true,
    code: 'ERR_ASSERTION',
    actual: 'p0',
    expected: 'p1',
    operator: 'strictEqual',
    diff: 'simple'
  }
