{"phase": "start", "pid": 131912, "pgid": 131912}
{"phase": "reused", "tag": "0303-pair", "start": 24775184, "end": 25773023}
{"phase": "reused", "tag": "0501-0510-pairs", "start": 102354512, "end": 102414532}
{"phase": "reused", "tag": "0312-pair", "start": 25773024, "end": 36682634}
{"phase": "reused", "tag": "2211-part-00", "start": 405965616, "end": 422742831}
{"phase": "reused", "tag": "2211-part-01", "start": 422742832, "end": 439520047}
{"phase": "reused", "tag": "2211-part-02", "start": 439520048, "end": 456297263}
{"phase": "reused", "tag": "2211-part-03", "start": 456297264, "end": 473074479}
{"phase": "reused", "tag": "2211-part-04", "start": 473074480, "end": 489851695}
{"phase": "reused", "tag": "2211-part-05", "start": 489851696, "end": 506628911}
{"phase": "reused", "tag": "2211-part-06", "start": 506628912, "end": 523406127}
{"phase": "reused", "tag": "2211-part-07", "start": 523406128, "end": 540183343}
{"phase": "reused", "tag": "2211-part-08", "start": 540183344, "end": 545963478}
{"phase": "planned", "reusedBytes": 176740519, "missingBytes": 567560129, "ranges": 35}
{"phase": "range", "start": 36682624, "end": 53459839, "bytes": 16777216, "downloadedCount": 1, "plannedCount": 35, "encryptedSha256": "6254c679bf383978d8b6300f06a1dd10db09d8f76ddc576dd7304f6a29c2e483", "decryptedSha256": "00750d7d08328aa5d3ac7429e0d2c540b7bf9a0b8fb3acda99bd6ce1cfb73498"}
{"phase": "range", "start": 53459840, "end": 70237055, "bytes": 16777216, "downloadedCount": 2, "plannedCount": 35, "encryptedSha256": "7dd156626557236c1fd1d7f2adb79472babdff45fd5075a9ca9384417fe67a76", "decryptedSha256": "a5fc239fbc9651fec812c5e7db8bb10d4654b0f24856ee114cc511ef30f03fc6"}
{"phase": "range", "start": 70237056, "end": 87014271, "bytes": 16777216, "downloadedCount": 3, "plannedCount": 35, "encryptedSha256": "068cefc78ef516869bfa7801cedec1bff6cebb8b53ea5829beac1c4356fb7548", "decryptedSha256": "c4fa9430d7194bf45b727017fadfe1e4427fd5577069705348859c233295d3e3"}
{"phase": "range", "start": 87014272, "end": 102354511, "bytes": 15340240, "downloadedCount": 4, "plannedCount": 35, "encryptedSha256": "4510fcbf45b5d94989ade767bb6f16d33e98e897d4502bb15edd55b74bbf3660", "decryptedSha256": "d55b88823e8077a616f43c0b6701dc3a46365e6d48c4ad74248eb79df9acb90b"}
{"phase": "range", "start": 102414528, "end": 119191743, "bytes": 16777216, "downloadedCount": 5, "plannedCount": 35, "encryptedSha256": "835095f1d3d5ec3aa8101f2816f0577b0b9a756d6b4c35bfb4385cddcfe22507", "decryptedSha256": "c339d26ce469ab1d63314f52fecf54973f81d0323dbbdc818275a201b96cb814"}
{"phase": "range", "start": 119191744, "end": 135968959, "bytes": 16777216, "downloadedCount": 6, "plannedCount": 35, "encryptedSha256": "cc4d7f3e20911dc0d81c35208866268daf5b0b881ff3b77ca7b39303b6c574d3", "decryptedSha256": "458a43876aec07f8c4a8956831a4bc781b34997f188daa5da69f87a7c0da9fee"}
{"phase": "range", "start": 135968960, "end": 152746175, "bytes": 16777216, "downloadedCount": 7, "plannedCount": 35, "encryptedSha256": "ce681fcdb3ce63d306819bbca3baaf5e45bc15e4ce1aa6be1f043478d11ddefe", "decryptedSha256": "f95eab5d1fb6c1f58c8e25686c46682fd6697f6accfac6effdd685eaa2c64bd7"}
{"phase": "range", "start": 152746176, "end": 169523391, "bytes": 16777216, "downloadedCount": 8, "plannedCount": 35, "encryptedSha256": "3920d702ddb222b3743a1616c8b6ee1b749fc6fd62fed5d25d259b97593412d1", "decryptedSha256": "a82e29265cbffca78df0dd783b2264d47abbf999361c32c5425469f93605b467"}
{"phase": "range", "start": 169523392, "end": 186300607, "bytes": 16777216, "downloadedCount": 9, "plannedCount": 35, "encryptedSha256": "fed559fba34ae3ed71ec204e65f0be8d7ad61cb73a74df0c9932ff505d6f4702", "decryptedSha256": "69c6e385cea7d169a0210aa925ec2b614b0d8bc7039fd86f884bd561388d552b"}
{"phase": "range", "start": 186300608, "end": 203077823, "bytes": 16777216, "downloadedCount": 10, "plannedCount": 35, "encryptedSha256": "deaff021a65bbc491dcf168bd844d32e0cd2d7fada54ad38c928793749542ba7", "decryptedSha256": "e2fb98f2dc930e788e29b5db65f9246d0f95f99e1201e571d9a623af78a018d6"}
{"phase": "range", "start": 203077824, "end": 219855039, "bytes": 16777216, "downloadedCount": 11, "plannedCount": 35, "encryptedSha256": "42f916605a8b1a34ff2e0304f1d5f528b5d1c6a987d1c3b4bfd16b95203d96bc", "decryptedSha256": "6d94e90937e8f6f9c34e0db2d71b2c4003a87859ef0864e9bd5215b9623b01b1"}
{"phase": "range", "start": 219855040, "end": 236632255, "bytes": 16777216, "downloadedCount": 12, "plannedCount": 35, "encryptedSha256": "b30ef6b0ae17124484e4eacb9c0516615dc5a4bc6998b9f3a995be8741473da2", "decryptedSha256": "7d92bc645b7c7b889e720ca6ce60091b03d52afc19f57e9db777bca77c12512d"}
{"phase": "range", "start": 236632256, "end": 253409471, "bytes": 16777216, "downloadedCount": 13, "plannedCount": 35, "encryptedSha256": "b564cd45f03b28257367095c91b1dc340c7062e0aa81b479abf85a4015ed618d", "decryptedSha256": "0766eacae54c01a5d2444a9f11565ce0f70f5e0abe7d36af2f56c3d3ead37fbc"}
{"phase": "range", "start": 253409472, "end": 270186687, "bytes": 16777216, "downloadedCount": 14, "plannedCount": 35, "encryptedSha256": "2cc6efbf9b475c827c6af20a59a431ce59774d6f8b75aa0d095fe7d30715dcf7", "decryptedSha256": "52c48818e4abf7fd28f95850cd0d9fd5dca46b93b23bb85ed03ebfdc2250b8a6"}
{"phase": "range", "start": 270186688, "end": 286963903, "bytes": 16777216, "downloadedCount": 15, "plannedCount": 35, "encryptedSha256": "c881cfb8366fc2cd12c08214e9407d99737ea82925c0a0442f72059111f90ae3", "decryptedSha256": "3e8c39ee5459b67c9c0541c0120e402a311fae302baa6def5a0d88684c160cd5"}
{"phase": "range", "start": 286963904, "end": 303741119, "bytes": 16777216, "downloadedCount": 16, "plannedCount": 35, "encryptedSha256": "9c52233a893c910a1ab9a0ebd29fdd262987a4ddd61473dc3554d63a2a969441", "decryptedSha256": "59c41512d6dcb8fc44e93450596a8acc5563b70d1cf595391b6f9802f8933cb8"}
{"phase": "range", "start": 303741120, "end": 320518335, "bytes": 16777216, "downloadedCount": 17, "plannedCount": 35, "encryptedSha256": "77761b7348019f992c9d2614eafe4fa3e776d067f0619f6d4037e179469811f2", "decryptedSha256": "07caf71469a2ce197fe8ce58fd765e90b69f8948e2e47ce64d3ab530eea23590"}
{"phase": "range", "start": 320518336, "end": 337295551, "bytes": 16777216, "downloadedCount": 18, "plannedCount": 35, "encryptedSha256": "ce36badcc2ba77079988d40b867415e6495012920fdc3fa0acb5400baceac647", "decryptedSha256": "6747d199ed9cc82cbee92fd77740d63c2efc2ae82795a6523302f5eef69a9756"}
{"phase": "range", "start": 337295552, "end": 354072767, "bytes": 16777216, "downloadedCount": 19, "plannedCount": 35, "encryptedSha256": "7805666bc7dc011504e6d5f2851855277cd85698a1aab40c9ee6be21f149240f", "decryptedSha256": "aaf2d22aa56a23ef7a3d3a8a95473fb3ba3b65ef4172df25195a8bf5fcdd96f0"}
{"phase": "range", "start": 354072768, "end": 370849983, "bytes": 16777216, "downloadedCount": 20, "plannedCount": 35, "encryptedSha256": "c5b7f1e5fffb07013391e85d9ca1c605e78cb19b24ed30fbc324c9d070898122", "decryptedSha256": "a17da8e11572167b968a4ea8880cee68419de2c53760e9d5ce022b31f9b60eca"}
{"phase": "range", "start": 370849984, "end": 387627199, "bytes": 16777216, "downloadedCount": 21, "plannedCount": 35, "encryptedSha256": "7c49e007c804587ecda1f0219a14eb596bc162a6e0dba5e1f708843c4b3d05db", "decryptedSha256": "9a28a71e75d735db2aa45957b1f74dab1f1adb9e03a187c965fafda2de8605bc"}
{"phase": "range", "start": 404404416, "end": 405965615, "bytes": 1561200, "downloadedCount": 22, "plannedCount": 35, "encryptedSha256": "fafee645c8b69898a603c4a88d657518667a6be78549687b005d5e63f954e322", "decryptedSha256": "27b6427e16f9b88e536be4480e1250c10903cd096afcfc4c18e173d5b541f660"}
{"phase": "range", "start": 387627200, "end": 404404415, "bytes": 16777216, "downloadedCount": 23, "plannedCount": 35, "encryptedSha256": "03b64169cbf9feea665fb0b3ea579bc3fbfdb7a30df581b52628853648718cfb", "decryptedSha256": "ef7b509b66356f395ccfae4130c2e6ba3c250d200f72d5d4c8d7b7263f7fdff2"}
{"phase": "range", "start": 545963472, "end": 562740687, "bytes": 16777216, "downloadedCount": 24, "plannedCount": 35, "encryptedSha256": "e8d5e5e298b61fb5134c279d3c7389c6ead9e3447a9a25bcf1d3ae8c9cdb0581", "decryptedSha256": "b47ab4d11a8789e7c4dfb5b413119c376b923d5cfa448749db02a3978b119125"}
{"phase": "range", "start": 562740688, "end": 579517903, "bytes": 16777216, "downloadedCount": 25, "plannedCount": 35, "encryptedSha256": "05d378b242038c7f308f72b526c8324701ae9a2e665265ad46efbb9c420180ed", "decryptedSha256": "975ba289f48081a511bd4c185edcefbab038ff8dc36ef6dc0bede4970dcc6f41"}
{"phase": "range", "start": 579517904, "end": 596295119, "bytes": 16777216, "downloadedCount": 26, "plannedCount": 35, "encryptedSha256": "7a73b337b3b293c69f813229106940ec8012cc29207b205d5cac1d03d42a21ce", "decryptedSha256": "51e0240d62cbbf3a5819c91634e9ca2c067fd5a94bea3b5fc6d82f4767e31cf5"}
{"phase": "range", "start": 596295120, "end": 613072335, "bytes": 16777216, "downloadedCount": 27, "plannedCount": 35, "encryptedSha256": "ac7019436e17fdc10391d02eb864a153ee87710a2a9be547d97d51d9bafe70cc", "decryptedSha256": "e500cd641a7a007c92319718c14f054b5b346853a3d57760839adb9071c0041c"}
{"phase": "range", "start": 629849552, "end": 646626767, "bytes": 16777216, "downloadedCount": 28, "plannedCount": 35, "encryptedSha256": "6acf11c2fa0a3159209480f5a76866459d3b8c6ed8d3cf113a0d4ad647cd999c", "decryptedSha256": "1717d1e99e480f5d6bfd58a13b5b3f6dd2f970eff526a14f6e7a1976ed4f0ccd"}
{"phase": "range", "start": 613072336, "end": 629849551, "bytes": 16777216, "downloadedCount": 29, "plannedCount": 35, "encryptedSha256": "b26314afce71ee9079c69d4a96a347376ff384ce2a91a2d04e225afcd71a0e3c", "decryptedSha256": "449bda4650e0d11fd8060125b78d4814e8c3b7a89c33577a6b1397244d2a8c11"}
{"phase": "range", "start": 646626768, "end": 663403983, "bytes": 16777216, "downloadedCount": 30, "plannedCount": 35, "encryptedSha256": "2e9f1329b58e914bfb34c6e7b3eb0f76264ce5d834e3fc172815c0c3b45d0d19", "decryptedSha256": "5bb5e4e83369af47db6888ca1fe85134af4017292c5f88f4b6dbb7386767c1c3"}
{"phase": "range", "start": 663403984, "end": 680181199, "bytes": 16777216, "downloadedCount": 31, "plannedCount": 35, "encryptedSha256": "5f0175c883574184e81e3cf88a28d8284a2ef4d1f20ea9c11c022ba39df58d11", "decryptedSha256": "87a92093186026781fd09ef002d38894f4b616a2422baf8ab9bcca3dea72ae2e"}
{"phase": "range", "start": 696958416, "end": 713735631, "bytes": 16777216, "downloadedCount": 32, "plannedCount": 35, "encryptedSha256": "9d218d79b41d294970e7f65dbd288d040e4983af5d983f5b08d8be691e455193", "decryptedSha256": "23f8495cf4e4d5cbe50e7f38210d9a9a3fe08a5d3b9147fb7ebaf2e02798bb51"}
{"phase": "range", "start": 680181200, "end": 696958415, "bytes": 16777216, "downloadedCount": 33, "plannedCount": 35, "encryptedSha256": "a5ac3ff01a7b611d74085f1d436d1631a299155ae8b5f6258e3345932762fcef", "decryptedSha256": "9d84edc8d9cb77f71a16cc27f25e626cfd402a654fb1a3e86b74b07245f6db42"}
{"phase": "range", "start": 713735632, "end": 730512847, "bytes": 16777216, "downloadedCount": 34, "plannedCount": 35, "encryptedSha256": "f4f7d738aff42db3d9c14f26c8f51e227fab0e7c3728695cb2b70eab5294fe08", "decryptedSha256": "4369a3c20bd469ee8b8f18a9a3521064caff738928ddaa7d9022cd3914064418"}
{"phase": "range", "start": 730512848, "end": 744300647, "bytes": 13787800, "downloadedCount": 35, "plannedCount": 35, "encryptedSha256": "7aa4c9f38f6211935f3fcfa3fb0a660fdd80a5dcf91f6bb8e4d5255a25d292d7", "decryptedSha256": "51bfbb9ffd56aed515c37a42148c36801c97d6d7e7df60617e8f3c3f8e5b1258"}
{"phase": "extract", "files": 82}
{"phase": "complete", "status": "PASS_ACQUISITION", "files": 82, "sixClasses": 37, "bytes": 1010554015}
{"schemaVersion": 1, "status": "PASS", "regenerations": 2, "files": 82, "sixCanonicalClasses": 37, "actualCorpusBytes": 1010554015, "manifestSha256": "19be4fa53a36a652bf3ceed9983f2fcee6dfdf5b163474d4b555cf0c501ce627", "manifestByteIdentical": true, "all82FilesByteIdentical": true, "networkPayloadRepeated": false, "scope": "Actual complete2\u20136 source data and deterministic file manifest, regenerated from the same acquired/cached encrypted input and original installer; offline page/core delivery unproved."}
