2026-10-09T02:02:00.0404304Z Current runner version: '2.337.0'
2026-10-09T02:02:00.0439115Z ##[group]Runner Image Provisioner
2026-10-09T02:02:00.0440499Z Hosted Compute Agent
2026-10-09T02:02:00.0441424Z Version: 20261002.596
2026-10-09T02:02:00.0442527Z Commit: c3d12f3313a95f25162a1503be624f3b0617f8c0
2026-10-09T02:02:00.0443767Z Build Date: 2026-10-02T22:28:27Z
2026-10-09T02:02:00.0444837Z Worker ID: {d9a765ff-ec2a-49e8-85f3-2225e06f1592}
2026-10-09T02:02:00.0446088Z Region: eastus2
2026-10-09T02:02:00.0447209Z Cloud: Azure
2026-10-09T02:02:00.0448151Z ##[endgroup]
2026-10-09T02:02:00.0450297Z ##[group]Operating System
2026-10-09T02:02:00.0451225Z Ubuntu
2026-10-09T02:02:00.0452053Z 24.04.5
2026-10-09T02:02:00.0452817Z LTS
2026-10-09T02:02:00.0453765Z ##[endgroup]
2026-10-09T02:02:00.0454642Z ##[group]Runner Image
2026-10-09T02:02:00.0455678Z Image: ubuntu-24.04
2026-10-09T02:02:00.0456827Z Version: 20261004.327.1
2026-10-09T02:02:00.0459016Z Included Software: https://github.com/actions/runner-images/blob/ubuntu24/20261004.327/images/ubuntu/Ubuntu2404-Readme.md
2026-10-09T02:02:00.0461675Z Image Release: https://github.com/actions/runner-images/releases/tag/ubuntu24%2F20261004.327
2026-10-09T02:02:00.0463474Z ##[endgroup]
2026-10-09T02:02:00.0465630Z ##[group]GITHUB_TOKEN Permissions
2026-10-09T02:02:00.0468608Z Contents: read
2026-10-09T02:02:00.0469581Z Metadata: read
2026-10-09T02:02:00.0470642Z ##[endgroup]
2026-10-09T02:02:00.0473593Z Secret source: Actions
2026-10-09T02:02:00.0475152Z Cache mode: write
2026-10-09T02:02:00.0476535Z Prepare workflow directory
2026-10-09T02:02:00.1250998Z Prepare all required actions
2026-10-09T02:02:00.1323019Z Getting action download info
2026-10-09T02:02:00.3018163Z Download action repository 'actions/checkout@v4' (SHA:11d5960a326750d5838078e36cf38b85af677262)
2026-10-09T02:02:00.3798186Z Download action repository 'actions/setup-node@v4' (SHA:49933ea5288caeca8642d1e84afbd3f7d6820020)
2026-10-09T02:02:00.4726935Z Download action repository 'actions/upload-artifact@v4' (SHA:ea165f8d65b6e75b540449e92b4886f43607fa02)
2026-10-09T02:02:00.6797709Z Complete job name: checks (league-international)
2026-10-09T02:02:00.7509150Z ##[group]Run actions/checkout@v4
2026-10-09T02:02:00.7509954Z with:
2026-10-09T02:02:00.7510429Z   ref: 4d7cbcaf864c2f29a39216c9a95a8081aa3c58cb
2026-10-09T02:02:00.7511078Z   repository: luisitin/partybox-game-cores
2026-10-09T02:02:00.7515845Z   token: ***
2026-10-09T02:02:00.7516511Z   ssh-strict: true
2026-10-09T02:02:00.7516992Z   ssh-user: git
2026-10-09T02:02:00.7517457Z   persist-credentials: true
2026-10-09T02:02:00.7517946Z   clean: true
2026-10-09T02:02:00.7518383Z   sparse-checkout-cone-mode: true
2026-10-09T02:02:00.7518903Z   fetch-depth: 1
2026-10-09T02:02:00.7519326Z   fetch-tags: false
2026-10-09T02:02:00.7519773Z   show-progress: true
2026-10-09T02:02:00.7520209Z   lfs: false
2026-10-09T02:02:00.7520633Z   submodules: false
2026-10-09T02:02:00.7521077Z   set-safe-directory: true
2026-10-09T02:02:00.7521567Z   allow-unsafe-pr-checkout: false
2026-10-09T02:02:00.7522387Z env:
2026-10-09T02:02:00.7522964Z   G10_SOURCE_COMMIT: 4d7cbcaf864c2f29a39216c9a95a8081aa3c58cb
2026-10-09T02:02:00.7523602Z ##[endgroup]
2026-10-09T02:02:00.8542895Z Syncing repository: luisitin/partybox-game-cores
2026-10-09T02:02:00.8545353Z ##[group]Getting Git version info
2026-10-09T02:02:00.8546849Z Working directory is '/home/runner/work/partybox-game-cores/partybox-game-cores'
2026-10-09T02:02:00.8548652Z [command]/usr/bin/git version
2026-10-09T02:02:00.8595248Z git version 2.55.0
2026-10-09T02:02:00.8615403Z ##[endgroup]
2026-10-09T02:02:00.8629935Z Temporarily overriding HOME='/home/runner/work/_temp/3ea0bff8-8dca-4a91-9cd1-7180452a408c' before making global git config changes
2026-10-09T02:02:00.8632261Z Adding repository directory to the temporary git global config as a safe directory
2026-10-09T02:02:00.8635015Z [command]/usr/bin/git config --global --add safe.directory /home/runner/work/partybox-game-cores/partybox-game-cores
2026-10-09T02:02:00.8680981Z Deleting the contents of '/home/runner/work/partybox-game-cores/partybox-game-cores'
2026-10-09T02:02:00.8685325Z ##[group]Initializing the repository
2026-10-09T02:02:00.8701646Z [command]/usr/bin/git init /home/runner/work/partybox-game-cores/partybox-game-cores
2026-10-09T02:02:00.8774391Z hint: Using 'master' as the name for the initial branch. This default branch name
2026-10-09T02:02:00.8775945Z hint: will change to "main" in Git 3.0. To configure the initial branch name
2026-10-09T02:02:00.8777603Z hint: to use in all of your new repositories, which will suppress this warning,
2026-10-09T02:02:00.8778759Z hint: call:
2026-10-09T02:02:00.8779370Z hint:
2026-10-09T02:02:00.8780426Z hint: 	git config --global init.defaultBranch <name>
2026-10-09T02:02:00.8781390Z hint:
2026-10-09T02:02:00.8782289Z hint: Names commonly chosen instead of 'master' are 'main', 'trunk' and
2026-10-09T02:02:00.8783756Z hint: 'development'. The just-created branch can be renamed via this command:
2026-10-09T02:02:00.8784919Z hint:
2026-10-09T02:02:00.8785574Z hint: 	git branch -m <name>
2026-10-09T02:02:00.8786552Z hint:
2026-10-09T02:02:00.8787556Z hint: Disable this message with "git config set advice.defaultBranchName false"
2026-10-09T02:02:00.8794571Z Initialized empty Git repository in /home/runner/work/partybox-game-cores/partybox-game-cores/.git/
2026-10-09T02:02:00.8804644Z [command]/usr/bin/git remote add origin https://github.com/luisitin/partybox-game-cores
2026-10-09T02:02:00.8850738Z ##[endgroup]
2026-10-09T02:02:00.8851983Z ##[group]Disabling automatic garbage collection
2026-10-09T02:02:00.8854792Z [command]/usr/bin/git config --local gc.auto 0
2026-10-09T02:02:00.8888017Z ##[endgroup]
2026-10-09T02:02:00.8889206Z ##[group]Setting up auth
2026-10-09T02:02:00.8894602Z [command]/usr/bin/git config --local --name-only --get-regexp core\.sshCommand
2026-10-09T02:02:00.8930503Z [command]/usr/bin/git submodule foreach --recursive sh -c "git config --local --name-only --get-regexp 'core\.sshCommand' && git config --local --unset-all 'core.sshCommand' || :"
2026-10-09T02:02:00.9271489Z [command]/usr/bin/git config --local --name-only --get-regexp http\.https\:\/\/github\.com\/\.extraheader
2026-10-09T02:02:00.9309783Z [command]/usr/bin/git submodule foreach --recursive sh -c "git config --local --name-only --get-regexp 'http\.https\:\/\/github\.com\/\.extraheader' && git config --local --unset-all 'http.https://github.com/.extraheader' || :"
2026-10-09T02:02:00.9576603Z [command]/usr/bin/git config --local --name-only --get-regexp ^includeIf\.gitdir:
2026-10-09T02:02:00.9616720Z [command]/usr/bin/git submodule foreach --recursive git config --local --show-origin --name-only --get-regexp remote.origin.url
2026-10-09T02:02:00.9860700Z [command]/usr/bin/git config --local http.https://github.com/.extraheader AUTHORIZATION: basic ***
2026-10-09T02:02:00.9902654Z ##[endgroup]
2026-10-09T02:02:00.9903881Z ##[group]Fetching the repository
2026-10-09T02:02:00.9913369Z [command]/usr/bin/git -c protocol.version=2 fetch --no-tags --prune --no-recurse-submodules --depth=1 origin 4d7cbcaf864c2f29a39216c9a95a8081aa3c58cb
2026-10-09T02:02:23.0807396Z From https://github.com/luisitin/partybox-game-cores
2026-10-09T02:02:23.0808460Z  * branch            4d7cbcaf864c2f29a39216c9a95a8081aa3c58cb -> FETCH_HEAD
2026-10-09T02:02:23.0811732Z ##[endgroup]
2026-10-09T02:02:23.0891418Z ##[group]Determining the checkout info
2026-10-09T02:02:23.0892696Z ##[endgroup]
2026-10-09T02:02:23.0893318Z [command]/usr/bin/git sparse-checkout disable
2026-10-09T02:02:23.0895098Z [command]/usr/bin/git config --local --unset-all extensions.worktreeConfig
2026-10-09T02:02:23.0928191Z ##[group]Checking out the ref
2026-10-09T02:02:23.0931795Z [command]/usr/bin/git checkout --progress --force 4d7cbcaf864c2f29a39216c9a95a8081aa3c58cb
2026-10-09T02:02:24.6406636Z Updating files:   9% (178/1905)
2026-10-09T02:02:25.1877376Z Updating files:  10% (191/1905)
2026-10-09T02:02:26.1260625Z Updating files:  10% (196/1905)
2026-10-09T02:02:26.1303989Z Updating files:  10% (207/1905)
2026-10-09T02:02:27.1376652Z Updating files:  11% (210/1905)
2026-10-09T02:02:27.8755103Z Updating files:  11% (223/1905)
2026-10-09T02:02:28.1552945Z Updating files:  12% (229/1905)
2026-10-09T02:02:29.0373244Z Updating files:  12% (238/1905)
2026-10-09T02:02:29.1278596Z Updating files:  13% (248/1905)
2026-10-09T02:02:29.3803427Z Updating files:  13% (253/1905)
2026-10-09T02:02:29.3814828Z Updating files:  14% (267/1905)
2026-10-09T02:02:29.3828258Z Updating files:  15% (286/1905)
2026-10-09T02:02:29.3945569Z Updating files:  16% (305/1905)
2026-10-09T02:02:29.4054690Z Updating files:  17% (324/1905)
2026-10-09T02:02:29.4063396Z Updating files:  18% (343/1905)
2026-10-09T02:02:29.4233056Z Updating files:  19% (362/1905)
2026-10-09T02:02:29.4245006Z Updating files:  20% (381/1905)
2026-10-09T02:02:29.4256286Z Updating files:  21% (401/1905)
2026-10-09T02:02:29.4264873Z Updating files:  22% (420/1905)
2026-10-09T02:02:29.4291493Z Updating files:  23% (439/1905)
2026-10-09T02:02:29.4306438Z Updating files:  24% (458/1905)
2026-10-09T02:02:29.4321972Z Updating files:  25% (477/1905)
2026-10-09T02:02:29.4335330Z Updating files:  26% (496/1905)
2026-10-09T02:02:29.4344586Z Updating files:  27% (515/1905)
2026-10-09T02:02:29.4357723Z Updating files:  28% (534/1905)
2026-10-09T02:02:29.4439944Z Updating files:  29% (553/1905)
2026-10-09T02:02:29.4625987Z Updating files:  30% (572/1905)
2026-10-09T02:02:29.4810606Z Updating files:  31% (591/1905)
2026-10-09T02:02:29.4904074Z Updating files:  32% (610/1905)
2026-10-09T02:02:29.4939063Z Updating files:  33% (629/1905)
2026-10-09T02:02:29.5237558Z Updating files:  34% (648/1905)
2026-10-09T02:02:29.5467710Z Updating files:  35% (667/1905)
2026-10-09T02:02:29.5481902Z Updating files:  36% (686/1905)
2026-10-09T02:02:29.5669985Z Updating files:  37% (705/1905)
2026-10-09T02:02:29.5683298Z Updating files:  38% (724/1905)
2026-10-09T02:02:29.5892867Z Updating files:  39% (743/1905)
2026-10-09T02:02:29.6081048Z Updating files:  40% (762/1905)
2026-10-09T02:02:29.6097327Z Updating files:  41% (782/1905)
2026-10-09T02:02:29.6108257Z Updating files:  42% (801/1905)
2026-10-09T02:02:29.6164115Z Updating files:  43% (820/1905)
2026-10-09T02:02:29.6178818Z Updating files:  44% (839/1905)
2026-10-09T02:02:29.6188442Z Updating files:  45% (858/1905)
2026-10-09T02:02:29.6210275Z Updating files:  46% (877/1905)
2026-10-09T02:02:29.6356871Z Updating files:  47% (896/1905)
2026-10-09T02:02:29.6523853Z Updating files:  48% (915/1905)
2026-10-09T02:02:29.6656872Z Updating files:  49% (934/1905)
2026-10-09T02:02:29.6859224Z Updating files:  50% (953/1905)
2026-10-09T02:02:29.6882096Z Updating files:  51% (972/1905)
2026-10-09T02:02:29.6891831Z Updating files:  52% (991/1905)
2026-10-09T02:02:29.6936753Z Updating files:  53% (1010/1905)
2026-10-09T02:02:29.6997543Z Updating files:  54% (1029/1905)
2026-10-09T02:02:29.7008147Z Updating files:  55% (1048/1905)
2026-10-09T02:02:29.7049348Z Updating files:  56% (1067/1905)
2026-10-09T02:02:29.7093878Z Updating files:  57% (1086/1905)
2026-10-09T02:02:29.7145844Z Updating files:  58% (1105/1905)
2026-10-09T02:02:29.7201467Z Updating files:  59% (1124/1905)
2026-10-09T02:02:29.7232472Z Updating files:  60% (1143/1905)
2026-10-09T02:02:29.7256471Z Updating files:  61% (1163/1905)
2026-10-09T02:02:29.7290838Z Updating files:  62% (1182/1905)
2026-10-09T02:02:29.7330326Z Updating files:  63% (1201/1905)
2026-10-09T02:02:29.7373321Z Updating files:  64% (1220/1905)
2026-10-09T02:02:29.7410176Z Updating files:  65% (1239/1905)
2026-10-09T02:02:29.7439841Z Updating files:  66% (1258/1905)
2026-10-09T02:02:29.7476689Z Updating files:  67% (1277/1905)
2026-10-09T02:02:29.7519135Z Updating files:  68% (1296/1905)
2026-10-09T02:02:29.7583582Z Updating files:  69% (1315/1905)
2026-10-09T02:02:29.7601939Z Updating files:  70% (1334/1905)
2026-10-09T02:02:29.7611550Z Updating files:  71% (1353/1905)
2026-10-09T02:02:29.7638243Z Updating files:  72% (1372/1905)
2026-10-09T02:02:29.7647668Z Updating files:  73% (1391/1905)
2026-10-09T02:02:29.7655769Z Updating files:  74% (1410/1905)
2026-10-09T02:02:29.7664127Z Updating files:  75% (1429/1905)
2026-10-09T02:02:29.7671655Z Updating files:  76% (1448/1905)
2026-10-09T02:02:29.7713306Z Updating files:  77% (1467/1905)
2026-10-09T02:02:29.7724475Z Updating files:  78% (1486/1905)
2026-10-09T02:02:29.7734150Z Updating files:  79% (1505/1905)
2026-10-09T02:02:29.7742942Z Updating files:  80% (1524/1905)
2026-10-09T02:02:29.7754508Z Updating files:  81% (1544/1905)
2026-10-09T02:02:29.7763908Z Updating files:  82% (1563/1905)
2026-10-09T02:02:29.7771611Z Updating files:  83% (1582/1905)
2026-10-09T02:02:29.7799266Z Updating files:  84% (1601/1905)
2026-10-09T02:02:29.7807813Z Updating files:  85% (1620/1905)
2026-10-09T02:02:29.7816765Z Updating files:  86% (1639/1905)
2026-10-09T02:02:29.7827061Z Updating files:  87% (1658/1905)
2026-10-09T02:02:29.7835595Z Updating files:  88% (1677/1905)
2026-10-09T02:02:29.7842765Z Updating files:  89% (1696/1905)
2026-10-09T02:02:29.7859733Z Updating files:  90% (1715/1905)
2026-10-09T02:02:29.7901198Z Updating files:  91% (1734/1905)
2026-10-09T02:02:29.7988200Z Updating files:  92% (1753/1905)
2026-10-09T02:02:29.7998180Z Updating files:  93% (1772/1905)
2026-10-09T02:02:29.8015453Z Updating files:  94% (1791/1905)
2026-10-09T02:02:30.1747043Z Updating files:  95% (1810/1905)
2026-10-09T02:02:30.1749238Z Updating files:  95% (1826/1905)
2026-10-09T02:02:30.1758644Z Updating files:  96% (1829/1905)
2026-10-09T02:02:30.1770557Z Updating files:  97% (1848/1905)
2026-10-09T02:02:30.1781335Z Updating files:  98% (1867/1905)
2026-10-09T02:02:30.1792960Z Updating files:  99% (1886/1905)
2026-10-09T02:02:30.1793515Z Updating files: 100% (1905/1905)
2026-10-09T02:02:30.1797034Z Updating files: 100% (1905/1905), done.
2026-10-09T02:02:30.1820856Z Note: switching to '4d7cbcaf864c2f29a39216c9a95a8081aa3c58cb'.
2026-10-09T02:02:30.1821464Z 
2026-10-09T02:02:30.1821826Z You are in 'detached HEAD' state. You can look around, make experimental
2026-10-09T02:02:30.1822597Z changes and commit them, and you can discard any commits you make in this
2026-10-09T02:02:30.1823493Z state without impacting any branches by switching back to a branch.
2026-10-09T02:02:30.1824168Z 
2026-10-09T02:02:30.1824461Z If you want to create a new branch to retain commits you create, you may
2026-10-09T02:02:30.1825114Z do so (now or later) by using -c with the switch command. Example:
2026-10-09T02:02:30.1825492Z 
2026-10-09T02:02:30.1825638Z   git switch -c <new-branch-name>
2026-10-09T02:02:30.1825914Z 
2026-10-09T02:02:30.1826065Z Or undo this operation with:
2026-10-09T02:02:30.1826490Z 
2026-10-09T02:02:30.1826628Z   git switch -
2026-10-09T02:02:30.1826794Z 
2026-10-09T02:02:30.1827126Z Turn off this advice by setting config variable advice.detachedHead to false
2026-10-09T02:02:30.1827613Z 
2026-10-09T02:02:30.1828021Z HEAD is now at 4d7cbca Verify original df Checkers gameplay and browser delivery evidence
2026-10-09T02:02:30.1973226Z ##[endgroup]
2026-10-09T02:02:30.2021526Z [command]/usr/bin/git log -1 --format=%H
2026-10-09T02:02:30.2052560Z 4d7cbcaf864c2f29a39216c9a95a8081aa3c58cb
2026-10-09T02:02:30.2315196Z ##[group]Run actions/setup-node@v4
2026-10-09T02:02:30.2315493Z with:
2026-10-09T02:02:30.2315705Z   node-version: 22.16.0
2026-10-09T02:02:30.2315937Z   cache: npm
2026-10-09T02:02:30.2316396Z   cache-dependency-path: jobs/G10-checkers/package-lock.json
2026-10-09T02:02:30.2316752Z   always-auth: false
2026-10-09T02:02:30.2316985Z   check-latest: false
2026-10-09T02:02:30.2319453Z   token: ***
2026-10-09T02:02:30.2319665Z env:
2026-10-09T02:02:30.2319935Z   G10_SOURCE_COMMIT: 4d7cbcaf864c2f29a39216c9a95a8081aa3c58cb
2026-10-09T02:02:30.2320268Z ##[endgroup]
2026-10-09T02:02:30.3695891Z Attempting to download 22.16.0...
2026-10-09T02:02:30.3789397Z (node:2300) [DEP0040] DeprecationWarning: The `punycode` module is deprecated. Please use a userland alternative instead.
2026-10-09T02:02:30.3790964Z (Use `node --trace-deprecation ...` to show where the warning was created)
2026-10-09T02:02:30.8964436Z Acquiring 22.16.0 - x64 from https://github.com/actions/node-versions/releases/download/22.16.0-15177438473/node-22.16.0-linux-x64.tar.gz
2026-10-09T02:02:31.4034554Z Extracting ...
2026-10-09T02:02:31.4157353Z [command]/usr/bin/tar xz --strip 1 --warning=no-unknown-keyword --overwrite -C /home/runner/work/_temp/795c54f8-aa60-4e55-88f7-8f881d47e8d4 -f /home/runner/work/_temp/c6c3ec92-f377-476c-ab69-d8d3ff19f363
2026-10-09T02:02:32.6842772Z Adding to the cache ...
2026-10-09T02:02:34.9958375Z ##[group]Environment details
2026-10-09T02:02:35.2133250Z node: v22.16.0
2026-10-09T02:02:35.2133630Z npm: 10.9.2
2026-10-09T02:02:35.2133849Z yarn: 1.22.22
2026-10-09T02:02:35.2134420Z ##[endgroup]
2026-10-09T02:02:35.2153386Z [command]/opt/hostedtoolcache/node/22.16.0/x64/bin/npm config get cache
2026-10-09T02:02:35.3107663Z /home/runner/.npm
2026-10-09T02:02:35.3943993Z Cache hit for: node-cache-Linux-x64-npm-b79e3f2344d4218dbbb2f93f566da8e1ac49738aa1184813b150890d461d0c8a
2026-10-09T02:02:35.4052867Z (node:2300) [DEP0169] DeprecationWarning: `url.parse()` behavior is not standardized and prone to errors that have security implications. Use the WHATWG URL API instead. CVEs are not issued for `url.parse()` vulnerabilities.
2026-10-09T02:02:35.5539778Z Received 12676330 of 12676330 (100.0%), 96.7 MBs/sec
2026-10-09T02:02:35.5540336Z Cache Size: ~12 MB (12676330 B)
2026-10-09T02:02:35.5640669Z [command]/usr/bin/tar -xf /home/runner/work/_temp/6f80d99d-fe61-4175-bb2e-7c42bc8c1d37/cache.tzst -P -C /home/runner/work/partybox-game-cores/partybox-game-cores --use-compress-program unzstd
2026-10-09T02:02:35.5873913Z Cache restored successfully
2026-10-09T02:02:35.5884521Z Cache restored from key: node-cache-Linux-x64-npm-b79e3f2344d4218dbbb2f93f566da8e1ac49738aa1184813b150890d461d0c8a
2026-10-09T02:02:35.6068341Z ##[group]Run npm ci --ignore-scripts --no-audit --no-fund
2026-10-09T02:02:35.6068862Z [36;1mnpm ci --ignore-scripts --no-audit --no-fund[0m
2026-10-09T02:02:35.6303966Z shell: /usr/bin/bash -e {0}
2026-10-09T02:02:35.6304262Z env:
2026-10-09T02:02:35.6304562Z   G10_SOURCE_COMMIT: 4d7cbcaf864c2f29a39216c9a95a8081aa3c58cb
2026-10-09T02:02:35.6304943Z ##[endgroup]
2026-10-09T02:02:36.5363232Z 
2026-10-09T02:02:36.5369606Z added 6 packages in 846ms
2026-10-09T02:02:36.5865339Z ##[group]Run node --version
2026-10-09T02:02:36.5865654Z [36;1mnode --version[0m
2026-10-09T02:02:36.5865899Z [36;1mnproc[0m
2026-10-09T02:02:36.5866387Z [36;1mawk '/MemTotal/ { print }' /proc/meminfo[0m
2026-10-09T02:02:36.5866720Z [36;1mdf -Pk .[0m
2026-10-09T02:02:36.5937924Z shell: /usr/bin/bash -e {0}
2026-10-09T02:02:36.5938197Z env:
2026-10-09T02:02:36.5938490Z   G10_SOURCE_COMMIT: 4d7cbcaf864c2f29a39216c9a95a8081aa3c58cb
2026-10-09T02:02:36.5938834Z ##[endgroup]
2026-10-09T02:02:36.6061881Z v22.16.0
2026-10-09T02:02:36.6080519Z 4
2026-10-09T02:02:36.6101380Z MemTotal:       16373452 kB
2026-10-09T02:02:36.6121935Z Filesystem     1024-blocks     Used Available Capacity Mounted on
2026-10-09T02:02:36.6122526Z /dev/root        151263856 63981824  87265648      43% /
2026-10-09T02:02:36.6205329Z ##[group]Run set -o pipefail
2026-10-09T02:02:36.6205645Z [36;1mset -o pipefail[0m
2026-10-09T02:02:36.6206506Z [36;1mnode scripts/check.mjs --stage 'league-international' 2>&1 | tee '.work-stage-league-international.stdout'[0m
2026-10-09T02:02:36.6272269Z shell: /usr/bin/bash -e {0}
2026-10-09T02:02:36.6272539Z env:
2026-10-09T02:02:36.6272830Z   G10_SOURCE_COMMIT: 4d7cbcaf864c2f29a39216c9a95a8081aa3c58cb
2026-10-09T02:02:36.6273182Z ##[endgroup]
2026-10-09T02:02:36.7647667Z 
2026-10-09T02:02:36.7648465Z > partybox-g10-checkers@1.0.0 build
2026-10-09T02:02:36.7649174Z > tsc --noEmit && node scripts/build.mjs
2026-10-09T02:02:36.7649525Z 
2026-10-09T02:02:50.2304271Z PASS: complete offline single-page game written to /home/runner/work/partybox-game-cores/partybox-game-cores/jobs/G10-checkers/.work/play.html; original six-piece data is read in bounded blocks.
2026-10-09T02:03:00.4771064Z node:internal/modules/run_main:123
2026-10-09T02:03:00.4772051Z     triggerUncaughtException(
2026-10-09T02:03:00.4774055Z     ^
2026-10-09T02:03:00.4774715Z 
2026-10-09T02:03:00.4775598Z AssertionError [ERR_ASSERTION]: ASSUMPTIONS.md
2026-10-09T02:03:00.4776409Z + actual - expected
2026-10-09T02:03:00.4776696Z 
2026-10-09T02:03:00.4777111Z + '2c5b3ae6992d4a31e3e70675bfcdf4e22bb98667be0eb16ccdcf5736dd3621f8'
2026-10-09T02:03:00.4777701Z - 'aa4417981f9467d4ef80f4db7776a51c563a3b4855261eba65dfeb9b6f8d8cd6'
2026-10-09T02:03:00.4778006Z 
2026-10-09T02:03:00.4778461Z     at file:///home/runner/work/partybox-game-cores/partybox-game-cores/jobs/G10-checkers/scripts/integrity.mjs:16:98
2026-10-09T02:03:00.4779263Z     at process.processTicksAndRejections (node:internal/process/task_queues:105:5) {
2026-10-09T02:03:00.4779724Z   generatedMessage: false,
2026-10-09T02:03:00.4779994Z   code: 'ERR_ASSERTION',
2026-10-09T02:03:00.4780424Z   actual: '2c5b3ae6992d4a31e3e70675bfcdf4e22bb98667be0eb16ccdcf5736dd3621f8',
2026-10-09T02:03:00.4781047Z   expected: 'aa4417981f9467d4ef80f4db7776a51c563a3b4855261eba65dfeb9b6f8d8cd6',
2026-10-09T02:03:00.4781607Z   operator: 'strictEqual'
2026-10-09T02:03:00.4781868Z }
2026-10-09T02:03:00.4781982Z 
2026-10-09T02:03:00.4782082Z Node.js v22.16.0
2026-10-09T02:03:00.5088628Z node:internal/modules/run_main:123
2026-10-09T02:03:00.5089204Z     triggerUncaughtException(
2026-10-09T02:03:00.5089620Z     ^
2026-10-09T02:03:00.5089744Z 
2026-10-09T02:03:00.5090320Z AssertionError [ERR_ASSERTION]: {"command":"node","args":["scripts/integrity.mjs","--sources"],"exitCode":1,"signal":null}
2026-10-09T02:03:00.5090781Z 
2026-10-09T02:03:00.5090915Z 1 !== 0
2026-10-09T02:03:00.5091031Z 
2026-10-09T02:03:00.5091499Z     at run (file:///home/runner/work/partybox-game-cores/partybox-game-cores/jobs/G10-checkers/scripts/check.mjs:20:10)
2026-10-09T02:03:00.5092264Z     at process.processTicksAndRejections (node:internal/process/task_queues:105:5)
2026-10-09T02:03:00.5093024Z     at async file:///home/runner/work/partybox-game-cores/partybox-game-cores/jobs/G10-checkers/scripts/check.mjs:24:1 {
2026-10-09T02:03:00.5093597Z   generatedMessage: false,
2026-10-09T02:03:00.5093876Z   code: 'ERR_ASSERTION',
2026-10-09T02:03:00.5094183Z   actual: 1,
2026-10-09T02:03:00.5094403Z   expected: 0,
2026-10-09T02:03:00.5094664Z   operator: 'strictEqual'
2026-10-09T02:03:00.5094929Z }
2026-10-09T02:03:00.5095038Z 
2026-10-09T02:03:00.5095141Z Node.js v22.16.0
2026-10-09T02:03:00.5145719Z ##[error]Process completed with exit code 1.
2026-10-09T02:03:00.5233478Z ##[group]Run actions/upload-artifact@v4
2026-10-09T02:03:00.5233784Z with:
2026-10-09T02:03:00.5234167Z   name: G10-stage-league-international-4d7cbcaf864c2f29a39216c9a95a8081aa3c58cb
2026-10-09T02:03:00.5235015Z   path: jobs/G10-checkers/.work-stage-league-international.stdout
jobs/G10-checkers/.work/checks
jobs/G10-checkers/.work/browser
jobs/G10-checkers/.work/media

2026-10-09T02:03:00.5235709Z   if-no-files-found: error
2026-10-09T02:03:00.5235980Z   include-hidden-files: true
2026-10-09T02:03:00.5236442Z   retention-days: 7
2026-10-09T02:03:00.5236672Z   compression-level: 6
2026-10-09T02:03:00.5236913Z   overwrite: false
2026-10-09T02:03:00.5237129Z env:
2026-10-09T02:03:00.5237406Z   G10_SOURCE_COMMIT: 4d7cbcaf864c2f29a39216c9a95a8081aa3c58cb
2026-10-09T02:03:00.5237748Z ##[endgroup]
2026-10-09T02:03:00.6912621Z (node:2437) [DEP0040] DeprecationWarning: The `punycode` module is deprecated. Please use a userland alternative instead.
2026-10-09T02:03:00.6913544Z (Use `node --trace-deprecation ...` to show where the warning was created)
2026-10-09T02:03:00.6989394Z Multiple search paths detected. Calculating the least common ancestor of all paths
2026-10-09T02:03:00.6993257Z The least common ancestor is /home/runner/work/partybox-game-cores/partybox-game-cores/jobs/G10-checkers. This will be the root directory of the artifact
2026-10-09T02:03:00.6994781Z With the provided path, there will be 1 file uploaded
2026-10-09T02:03:00.6999848Z Artifact name is valid!
2026-10-09T02:03:00.7000508Z Root directory input is valid!
2026-10-09T02:03:00.9126461Z Beginning upload of artifact content to blob storage
2026-10-09T02:03:00.9303633Z (node:2437) [DEP0169] DeprecationWarning: `url.parse()` behavior is not standardized and prone to errors that have security implications. Use the WHATWG URL API instead. CVEs are not issued for `url.parse()` vulnerabilities.
2026-10-09T02:03:00.9845339Z Uploaded bytes 852
2026-10-09T02:03:01.0058203Z Finished uploading artifact content to blob storage!
2026-10-09T02:03:01.0059801Z SHA256 digest of uploaded artifact zip is f72593493376217545666d944fbe04152093b192d95646f78101eb4342706cf9
2026-10-09T02:03:01.0061049Z Finalizing artifact upload
2026-10-09T02:03:01.2387984Z Artifact G10-stage-league-international-4d7cbcaf864c2f29a39216c9a95a8081aa3c58cb.zip successfully finalized. Artifact ID 11590867564
2026-10-09T02:03:01.2389587Z Artifact G10-stage-league-international-4d7cbcaf864c2f29a39216c9a95a8081aa3c58cb has been successfully uploaded! Final size is 852 bytes. Artifact ID is 11590867564
2026-10-09T02:03:01.2390821Z Artifact download URL: https://github.com/luisitin/partybox-game-cores/actions/runs/37872613471/artifacts/11590867564
2026-10-09T02:03:01.2575572Z Post job cleanup.
2026-10-09T02:03:01.3427562Z [command]/usr/bin/git version
2026-10-09T02:03:01.3470194Z git version 2.55.0
2026-10-09T02:03:01.3505968Z Temporarily overriding HOME='/home/runner/work/_temp/8f077ad8-d816-4dc2-8ede-97efbd09dc01' before making global git config changes
2026-10-09T02:03:01.3507641Z Adding repository directory to the temporary git global config as a safe directory
2026-10-09T02:03:01.3512158Z [command]/usr/bin/git config --global --add safe.directory /home/runner/work/partybox-game-cores/partybox-game-cores
2026-10-09T02:03:01.3553278Z [command]/usr/bin/git config --local --name-only --get-regexp core\.sshCommand
2026-10-09T02:03:01.3590638Z [command]/usr/bin/git submodule foreach --recursive sh -c "git config --local --name-only --get-regexp 'core\.sshCommand' && git config --local --unset-all 'core.sshCommand' || :"
2026-10-09T02:03:01.3869242Z [command]/usr/bin/git config --local --name-only --get-regexp http\.https\:\/\/github\.com\/\.extraheader
2026-10-09T02:03:01.3895055Z http.https://github.com/.extraheader
2026-10-09T02:03:01.3906099Z [command]/usr/bin/git config --local --unset-all http.https://github.com/.extraheader
2026-10-09T02:03:01.3942045Z [command]/usr/bin/git submodule foreach --recursive sh -c "git config --local --name-only --get-regexp 'http\.https\:\/\/github\.com\/\.extraheader' && git config --local --unset-all 'http.https://github.com/.extraheader' || :"
2026-10-09T02:03:01.4224337Z [command]/usr/bin/git config --local --name-only --get-regexp ^includeIf\.gitdir:
2026-10-09T02:03:01.4263593Z [command]/usr/bin/git submodule foreach --recursive git config --local --show-origin --name-only --get-regexp remote.origin.url
2026-10-09T02:03:01.4678128Z Cleaning up orphan processes
2026-10-09T02:03:01.5000632Z ##[warning]Node.js 20 is deprecated. The following actions target Node.js 20 but are being forced to run on Node.js 24: actions/checkout@v4, actions/setup-node@v4, actions/upload-artifact@v4. For more information see: https://github.blog/changelog/2025-09-19-deprecation-of-node-20-on-github-actions-runners/
