2026-10-09T02:02:00.5346917Z Current runner version: '2.337.0'
2026-10-09T02:02:00.5368103Z ##[group]Runner Image Provisioner
2026-10-09T02:02:00.5368813Z Hosted Compute Agent
2026-10-09T02:02:00.5369305Z Version: 20261002.596
2026-10-09T02:02:00.5369840Z Commit: c3d12f3313a95f25162a1503be624f3b0617f8c0
2026-10-09T02:02:00.5370386Z Build Date: 2026-10-02T22:28:27Z
2026-10-09T02:02:00.5370940Z Worker ID: {20ec7873-45f7-46a4-bf97-4d82b5ffdac9}
2026-10-09T02:02:00.5371466Z Region: centralus
2026-10-09T02:02:00.5371934Z Cloud: Azure
2026-10-09T02:02:00.5372350Z ##[endgroup]
2026-10-09T02:02:00.5373265Z ##[group]Operating System
2026-10-09T02:02:00.5373749Z Ubuntu
2026-10-09T02:02:00.5374145Z 24.04.5
2026-10-09T02:02:00.5374522Z LTS
2026-10-09T02:02:00.5374974Z ##[endgroup]
2026-10-09T02:02:00.5375595Z ##[group]Runner Image
2026-10-09T02:02:00.5376092Z Image: ubuntu-24.04
2026-10-09T02:02:00.5376512Z Version: 20261004.327.1
2026-10-09T02:02:00.5377487Z Included Software: https://github.com/actions/runner-images/blob/ubuntu24/20261004.327/images/ubuntu/Ubuntu2404-Readme.md
2026-10-09T02:02:00.5378625Z Image Release: https://github.com/actions/runner-images/releases/tag/ubuntu24%2F20261004.327
2026-10-09T02:02:00.5379409Z ##[endgroup]
2026-10-09T02:02:00.5380251Z ##[group]GITHUB_TOKEN Permissions
2026-10-09T02:02:00.5381941Z Contents: read
2026-10-09T02:02:00.5382371Z Metadata: read
2026-10-09T02:02:00.5382805Z ##[endgroup]
2026-10-09T02:02:00.5384384Z Secret source: Actions
2026-10-09T02:02:00.5385090Z Cache mode: write
2026-10-09T02:02:00.5385889Z Prepare workflow directory
2026-10-09T02:02:00.5825570Z Prepare all required actions
2026-10-09T02:02:00.5870716Z Getting action download info
2026-10-09T02:02:00.8045628Z Download action repository 'actions/checkout@v4' (SHA:11d5960a326750d5838078e36cf38b85af677262)
2026-10-09T02:02:00.9147198Z Download action repository 'actions/setup-node@v4' (SHA:49933ea5288caeca8642d1e84afbd3f7d6820020)
2026-10-09T02:02:01.0397345Z Download action repository 'actions/upload-artifact@v4' (SHA:ea165f8d65b6e75b540449e92b4886f43607fa02)
2026-10-09T02:02:01.2589922Z Complete job name: checks (league-american)
2026-10-09T02:02:01.3119616Z ##[group]Run actions/checkout@v4
2026-10-09T02:02:01.3120231Z with:
2026-10-09T02:02:01.3120746Z   ref: 4d7cbcaf864c2f29a39216c9a95a8081aa3c58cb
2026-10-09T02:02:01.3121386Z   repository: luisitin/partybox-game-cores
2026-10-09T02:02:01.3124536Z   token: ***
2026-10-09T02:02:01.3124914Z   ssh-strict: true
2026-10-09T02:02:01.3125463Z   ssh-user: git
2026-10-09T02:02:01.3125913Z   persist-credentials: true
2026-10-09T02:02:01.3126366Z   clean: true
2026-10-09T02:02:01.3126842Z   sparse-checkout-cone-mode: true
2026-10-09T02:02:01.3127296Z   fetch-depth: 1
2026-10-09T02:02:01.3127665Z   fetch-tags: false
2026-10-09T02:02:01.3128079Z   show-progress: true
2026-10-09T02:02:01.3128481Z   lfs: false
2026-10-09T02:02:01.3128875Z   submodules: false
2026-10-09T02:02:01.3129286Z   set-safe-directory: true
2026-10-09T02:02:01.3129728Z   allow-unsafe-pr-checkout: false
2026-10-09T02:02:01.3130318Z env:
2026-10-09T02:02:01.3130886Z   G10_SOURCE_COMMIT: 4d7cbcaf864c2f29a39216c9a95a8081aa3c58cb
2026-10-09T02:02:01.3131438Z ##[endgroup]
2026-10-09T02:02:01.3972478Z Syncing repository: luisitin/partybox-game-cores
2026-10-09T02:02:01.3974930Z ##[group]Getting Git version info
2026-10-09T02:02:01.3976218Z Working directory is '/home/runner/work/partybox-game-cores/partybox-game-cores'
2026-10-09T02:02:01.3977579Z [command]/usr/bin/git version
2026-10-09T02:02:01.3990080Z git version 2.55.0
2026-10-09T02:02:01.4005544Z ##[endgroup]
2026-10-09T02:02:01.4019435Z Temporarily overriding HOME='/home/runner/work/_temp/c3de52ce-e505-41a6-87c9-f73012c14bb5' before making global git config changes
2026-10-09T02:02:01.4020826Z Adding repository directory to the temporary git global config as a safe directory
2026-10-09T02:02:01.4024606Z [command]/usr/bin/git config --global --add safe.directory /home/runner/work/partybox-game-cores/partybox-game-cores
2026-10-09T02:02:01.4078037Z Deleting the contents of '/home/runner/work/partybox-game-cores/partybox-game-cores'
2026-10-09T02:02:01.4083337Z ##[group]Initializing the repository
2026-10-09T02:02:01.4087024Z [command]/usr/bin/git init /home/runner/work/partybox-game-cores/partybox-game-cores
2026-10-09T02:02:01.4172706Z hint: Using 'master' as the name for the initial branch. This default branch name
2026-10-09T02:02:01.4174688Z hint: will change to "main" in Git 3.0. To configure the initial branch name
2026-10-09T02:02:01.4176423Z hint: to use in all of your new repositories, which will suppress this warning,
2026-10-09T02:02:01.4177622Z hint: call:
2026-10-09T02:02:01.4178293Z hint:
2026-10-09T02:02:01.4179112Z hint: 	git config --global init.defaultBranch <name>
2026-10-09T02:02:01.4180077Z hint:
2026-10-09T02:02:01.4181033Z hint: Names commonly chosen instead of 'master' are 'main', 'trunk' and
2026-10-09T02:02:01.4182543Z hint: 'development'. The just-created branch can be renamed via this command:
2026-10-09T02:02:01.4183514Z hint:
2026-10-09T02:02:01.4184355Z hint: 	git branch -m <name>
2026-10-09T02:02:01.4185047Z hint:
2026-10-09T02:02:01.4186088Z hint: Disable this message with "git config set advice.defaultBranchName false"
2026-10-09T02:02:01.4188190Z Initialized empty Git repository in /home/runner/work/partybox-game-cores/partybox-game-cores/.git/
2026-10-09T02:02:01.4193165Z [command]/usr/bin/git remote add origin https://github.com/luisitin/partybox-game-cores
2026-10-09T02:02:01.4227144Z ##[endgroup]
2026-10-09T02:02:01.4228044Z ##[group]Disabling automatic garbage collection
2026-10-09T02:02:01.4230283Z [command]/usr/bin/git config --local gc.auto 0
2026-10-09T02:02:01.4259162Z ##[endgroup]
2026-10-09T02:02:01.4260124Z ##[group]Setting up auth
2026-10-09T02:02:01.4263345Z [command]/usr/bin/git config --local --name-only --get-regexp core\.sshCommand
2026-10-09T02:02:01.4289368Z [command]/usr/bin/git submodule foreach --recursive sh -c "git config --local --name-only --get-regexp 'core\.sshCommand' && git config --local --unset-all 'core.sshCommand' || :"
2026-10-09T02:02:01.4597827Z [command]/usr/bin/git config --local --name-only --get-regexp http\.https\:\/\/github\.com\/\.extraheader
2026-10-09T02:02:01.4626171Z [command]/usr/bin/git submodule foreach --recursive sh -c "git config --local --name-only --get-regexp 'http\.https\:\/\/github\.com\/\.extraheader' && git config --local --unset-all 'http.https://github.com/.extraheader' || :"
2026-10-09T02:02:01.4780665Z [command]/usr/bin/git config --local --name-only --get-regexp ^includeIf\.gitdir:
2026-10-09T02:02:01.4808628Z [command]/usr/bin/git submodule foreach --recursive git config --local --show-origin --name-only --get-regexp remote.origin.url
2026-10-09T02:02:01.4962424Z [command]/usr/bin/git config --local http.https://github.com/.extraheader AUTHORIZATION: basic ***
2026-10-09T02:02:01.4994965Z ##[endgroup]
2026-10-09T02:02:01.4995961Z ##[group]Fetching the repository
2026-10-09T02:02:01.5002964Z [command]/usr/bin/git -c protocol.version=2 fetch --no-tags --prune --no-recurse-submodules --depth=1 origin 4d7cbcaf864c2f29a39216c9a95a8081aa3c58cb
2026-10-09T02:02:22.0113041Z From https://github.com/luisitin/partybox-game-cores
2026-10-09T02:02:22.0114072Z  * branch            4d7cbcaf864c2f29a39216c9a95a8081aa3c58cb -> FETCH_HEAD
2026-10-09T02:02:22.0117908Z ##[endgroup]
2026-10-09T02:02:22.0118886Z ##[group]Determining the checkout info
2026-10-09T02:02:22.0120801Z ##[endgroup]
2026-10-09T02:02:22.0127522Z [command]/usr/bin/git sparse-checkout disable
2026-10-09T02:02:22.0193324Z [command]/usr/bin/git config --local --unset-all extensions.worktreeConfig
2026-10-09T02:02:22.0219571Z ##[group]Checking out the ref
2026-10-09T02:02:22.0222577Z [command]/usr/bin/git checkout --progress --force 4d7cbcaf864c2f29a39216c9a95a8081aa3c58cb
2026-10-09T02:02:23.6262265Z Updating files:   9% (176/1905)
2026-10-09T02:02:24.0519166Z Updating files:  10% (191/1905)
2026-10-09T02:02:25.1407397Z Updating files:  10% (194/1905)
2026-10-09T02:02:25.1969295Z Updating files:  10% (205/1905)
2026-10-09T02:02:26.0870868Z Updating files:  11% (210/1905)
2026-10-09T02:02:27.0294659Z Updating files:  11% (222/1905)
2026-10-09T02:02:27.0318620Z Updating files:  11% (228/1905)
2026-10-09T02:02:28.0817569Z Updating files:  12% (229/1905)
2026-10-09T02:02:28.1869141Z Updating files:  12% (245/1905)
2026-10-09T02:02:28.5161464Z Updating files:  13% (248/1905)
2026-10-09T02:02:28.5166734Z Updating files:  14% (267/1905)
2026-10-09T02:02:28.5171179Z Updating files:  15% (286/1905)
2026-10-09T02:02:28.5282911Z Updating files:  16% (305/1905)
2026-10-09T02:02:28.5384685Z Updating files:  17% (324/1905)
2026-10-09T02:02:28.5387720Z Updating files:  18% (343/1905)
2026-10-09T02:02:28.5597420Z Updating files:  19% (362/1905)
2026-10-09T02:02:28.5604186Z Updating files:  20% (381/1905)
2026-10-09T02:02:28.5608979Z Updating files:  21% (401/1905)
2026-10-09T02:02:28.5612276Z Updating files:  22% (420/1905)
2026-10-09T02:02:28.5624027Z Updating files:  23% (439/1905)
2026-10-09T02:02:28.5634297Z Updating files:  24% (458/1905)
2026-10-09T02:02:28.5644777Z Updating files:  25% (477/1905)
2026-10-09T02:02:28.5653936Z Updating files:  26% (496/1905)
2026-10-09T02:02:28.5658891Z Updating files:  27% (515/1905)
2026-10-09T02:02:28.5667008Z Updating files:  28% (534/1905)
2026-10-09T02:02:28.5749008Z Updating files:  29% (553/1905)
2026-10-09T02:02:28.5936693Z Updating files:  30% (572/1905)
2026-10-09T02:02:28.6115165Z Updating files:  31% (591/1905)
2026-10-09T02:02:28.6196218Z Updating files:  32% (610/1905)
2026-10-09T02:02:28.6216919Z Updating files:  33% (629/1905)
2026-10-09T02:02:28.6463514Z Updating files:  34% (648/1905)
2026-10-09T02:02:28.6643036Z Updating files:  35% (667/1905)
2026-10-09T02:02:28.6648542Z Updating files:  36% (686/1905)
2026-10-09T02:02:28.6818914Z Updating files:  37% (705/1905)
2026-10-09T02:02:28.6829124Z Updating files:  38% (724/1905)
2026-10-09T02:02:28.7028420Z Updating files:  39% (743/1905)
2026-10-09T02:02:28.7203743Z Updating files:  40% (762/1905)
2026-10-09T02:02:28.7216652Z Updating files:  41% (782/1905)
2026-10-09T02:02:28.7223488Z Updating files:  42% (801/1905)
2026-10-09T02:02:28.7276773Z Updating files:  43% (820/1905)
2026-10-09T02:02:28.7287977Z Updating files:  44% (839/1905)
2026-10-09T02:02:28.7292589Z Updating files:  45% (858/1905)
2026-10-09T02:02:28.7307862Z Updating files:  46% (877/1905)
2026-10-09T02:02:28.7439370Z Updating files:  47% (896/1905)
2026-10-09T02:02:28.7580426Z Updating files:  48% (915/1905)
2026-10-09T02:02:28.7656170Z Updating files:  49% (934/1905)
2026-10-09T02:02:28.7808342Z Updating files:  50% (953/1905)
2026-10-09T02:02:28.7824539Z Updating files:  51% (972/1905)
2026-10-09T02:02:28.7829385Z Updating files:  52% (991/1905)
2026-10-09T02:02:28.7865139Z Updating files:  53% (1010/1905)
2026-10-09T02:02:28.7909035Z Updating files:  54% (1029/1905)
2026-10-09T02:02:28.7915603Z Updating files:  55% (1048/1905)
2026-10-09T02:02:28.7946038Z Updating files:  56% (1067/1905)
2026-10-09T02:02:28.7978634Z Updating files:  57% (1086/1905)
2026-10-09T02:02:28.8017818Z Updating files:  58% (1105/1905)
2026-10-09T02:02:28.8057090Z Updating files:  59% (1124/1905)
2026-10-09T02:02:28.8079011Z Updating files:  60% (1143/1905)
2026-10-09T02:02:28.8094361Z Updating files:  61% (1163/1905)
2026-10-09T02:02:28.8117927Z Updating files:  62% (1182/1905)
2026-10-09T02:02:28.8145816Z Updating files:  63% (1201/1905)
2026-10-09T02:02:28.8175951Z Updating files:  64% (1220/1905)
2026-10-09T02:02:28.8201859Z Updating files:  65% (1239/1905)
2026-10-09T02:02:28.8222026Z Updating files:  66% (1258/1905)
2026-10-09T02:02:28.8246454Z Updating files:  67% (1277/1905)
2026-10-09T02:02:28.8276994Z Updating files:  68% (1296/1905)
2026-10-09T02:02:28.8326413Z Updating files:  69% (1315/1905)
2026-10-09T02:02:28.8338416Z Updating files:  70% (1334/1905)
2026-10-09T02:02:28.8342517Z Updating files:  71% (1353/1905)
2026-10-09T02:02:28.8360277Z Updating files:  72% (1372/1905)
2026-10-09T02:02:28.8366203Z Updating files:  73% (1391/1905)
2026-10-09T02:02:28.8370400Z Updating files:  74% (1410/1905)
2026-10-09T02:02:28.8374585Z Updating files:  75% (1429/1905)
2026-10-09T02:02:28.8377730Z Updating files:  76% (1448/1905)
2026-10-09T02:02:28.8409981Z Updating files:  77% (1467/1905)
2026-10-09T02:02:28.8416529Z Updating files:  78% (1486/1905)
2026-10-09T02:02:28.8421872Z Updating files:  79% (1505/1905)
2026-10-09T02:02:28.8426499Z Updating files:  80% (1524/1905)
2026-10-09T02:02:28.8433530Z Updating files:  81% (1544/1905)
2026-10-09T02:02:28.8438639Z Updating files:  82% (1563/1905)
2026-10-09T02:02:28.8442617Z Updating files:  83% (1582/1905)
2026-10-09T02:02:28.8462483Z Updating files:  84% (1601/1905)
2026-10-09T02:02:28.8467036Z Updating files:  85% (1620/1905)
2026-10-09T02:02:28.8471390Z Updating files:  86% (1639/1905)
2026-10-09T02:02:28.8474929Z Updating files:  87% (1658/1905)
2026-10-09T02:02:28.8480491Z Updating files:  88% (1677/1905)
2026-10-09T02:02:28.8483663Z Updating files:  89% (1696/1905)
2026-10-09T02:02:28.8494699Z Updating files:  90% (1715/1905)
2026-10-09T02:02:28.8527743Z Updating files:  91% (1734/1905)
2026-10-09T02:02:28.8606913Z Updating files:  92% (1753/1905)
2026-10-09T02:02:28.8612044Z Updating files:  93% (1772/1905)
2026-10-09T02:02:28.8623241Z Updating files:  94% (1791/1905)
2026-10-09T02:02:29.2610095Z Updating files:  95% (1810/1905)
2026-10-09T02:02:29.2611127Z Updating files:  95% (1826/1905)
2026-10-09T02:02:29.2616761Z Updating files:  96% (1829/1905)
2026-10-09T02:02:29.2623685Z Updating files:  97% (1848/1905)
2026-10-09T02:02:29.2630247Z Updating files:  98% (1867/1905)
2026-10-09T02:02:29.2636905Z Updating files:  99% (1886/1905)
2026-10-09T02:02:29.2637285Z Updating files: 100% (1905/1905)
2026-10-09T02:02:29.2637693Z Updating files: 100% (1905/1905), done.
2026-10-09T02:02:29.2657692Z Note: switching to '4d7cbcaf864c2f29a39216c9a95a8081aa3c58cb'.
2026-10-09T02:02:29.2658156Z 
2026-10-09T02:02:29.2658426Z You are in 'detached HEAD' state. You can look around, make experimental
2026-10-09T02:02:29.2658896Z changes and commit them, and you can discard any commits you make in this
2026-10-09T02:02:29.2659352Z state without impacting any branches by switching back to a branch.
2026-10-09T02:02:29.2659812Z 
2026-10-09T02:02:29.2659972Z If you want to create a new branch to retain commits you create, you may
2026-10-09T02:02:29.2660385Z do so (now or later) by using -c with the switch command. Example:
2026-10-09T02:02:29.2660627Z 
2026-10-09T02:02:29.2660801Z   git switch -c <new-branch-name>
2026-10-09T02:02:29.2660954Z 
2026-10-09T02:02:29.2661092Z Or undo this operation with:
2026-10-09T02:02:29.2661237Z 
2026-10-09T02:02:29.2661355Z   git switch -
2026-10-09T02:02:29.2661509Z 
2026-10-09T02:02:29.2661685Z Turn off this advice by setting config variable advice.detachedHead to false
2026-10-09T02:02:29.2661947Z 
2026-10-09T02:02:29.2662148Z HEAD is now at 4d7cbca Verify original df Checkers gameplay and browser delivery evidence
2026-10-09T02:02:29.2745432Z ##[endgroup]
2026-10-09T02:02:29.2779163Z [command]/usr/bin/git log -1 --format=%H
2026-10-09T02:02:29.2798281Z 4d7cbcaf864c2f29a39216c9a95a8081aa3c58cb
2026-10-09T02:02:29.3031320Z ##[group]Run actions/setup-node@v4
2026-10-09T02:02:29.3031652Z with:
2026-10-09T02:02:29.3031887Z   node-version: 22.16.0
2026-10-09T02:02:29.3032122Z   cache: npm
2026-10-09T02:02:29.3032409Z   cache-dependency-path: jobs/G10-checkers/package-lock.json
2026-10-09T02:02:29.3032743Z   always-auth: false
2026-10-09T02:02:29.3033004Z   check-latest: false
2026-10-09T02:02:29.3034952Z   token: ***
2026-10-09T02:02:29.3035167Z env:
2026-10-09T02:02:29.3035621Z   G10_SOURCE_COMMIT: 4d7cbcaf864c2f29a39216c9a95a8081aa3c58cb
2026-10-09T02:02:29.3035942Z ##[endgroup]
2026-10-09T02:02:29.4157565Z Attempting to download 22.16.0...
2026-10-09T02:02:29.4238188Z (node:2086) [DEP0040] DeprecationWarning: The `punycode` module is deprecated. Please use a userland alternative instead.
2026-10-09T02:02:29.4238978Z (Use `node --trace-deprecation ...` to show where the warning was created)
2026-10-09T02:02:30.2499877Z Acquiring 22.16.0 - x64 from https://github.com/actions/node-versions/releases/download/22.16.0-15177438473/node-22.16.0-linux-x64.tar.gz
2026-10-09T02:02:30.7485548Z Extracting ...
2026-10-09T02:02:30.7569087Z [command]/usr/bin/tar xz --strip 1 --warning=no-unknown-keyword --overwrite -C /home/runner/work/_temp/4b67af46-eeaa-45f6-96f1-985949be774b -f /home/runner/work/_temp/bbfd628f-b33b-49f0-a7b8-b6246f6c729b
2026-10-09T02:02:31.7660979Z Adding to the cache ...
2026-10-09T02:02:34.2949337Z ##[group]Environment details
2026-10-09T02:02:34.4776417Z node: v22.16.0
2026-10-09T02:02:34.4776868Z npm: 10.9.2
2026-10-09T02:02:34.4777100Z yarn: 1.22.22
2026-10-09T02:02:34.4778190Z ##[endgroup]
2026-10-09T02:02:34.4794207Z [command]/opt/hostedtoolcache/node/22.16.0/x64/bin/npm config get cache
2026-10-09T02:02:34.5547871Z /home/runner/.npm
2026-10-09T02:02:34.7104166Z Cache hit for: node-cache-Linux-x64-npm-b79e3f2344d4218dbbb2f93f566da8e1ac49738aa1184813b150890d461d0c8a
2026-10-09T02:02:34.7196570Z (node:2086) [DEP0169] DeprecationWarning: `url.parse()` behavior is not standardized and prone to errors that have security implications. Use the WHATWG URL API instead. CVEs are not issued for `url.parse()` vulnerabilities.
2026-10-09T02:02:35.5345819Z Received 12676330 of 12676330 (100.0%), 18.9 MBs/sec
2026-10-09T02:02:35.5346385Z Cache Size: ~12 MB (12676330 B)
2026-10-09T02:02:35.5370957Z [command]/usr/bin/tar -xf /home/runner/work/_temp/20e7807f-3841-4258-b2e9-7e896e6b41d6/cache.tzst -P -C /home/runner/work/partybox-game-cores/partybox-game-cores --use-compress-program unzstd
2026-10-09T02:02:35.5557955Z Cache restored successfully
2026-10-09T02:02:35.5565886Z Cache restored from key: node-cache-Linux-x64-npm-b79e3f2344d4218dbbb2f93f566da8e1ac49738aa1184813b150890d461d0c8a
2026-10-09T02:02:35.5726168Z ##[group]Run npm ci --ignore-scripts --no-audit --no-fund
2026-10-09T02:02:35.5726835Z [36;1mnpm ci --ignore-scripts --no-audit --no-fund[0m
2026-10-09T02:02:35.5923095Z shell: /usr/bin/bash -e {0}
2026-10-09T02:02:35.5923434Z env:
2026-10-09T02:02:35.5923929Z   G10_SOURCE_COMMIT: 4d7cbcaf864c2f29a39216c9a95a8081aa3c58cb
2026-10-09T02:02:35.5924313Z ##[endgroup]
2026-10-09T02:02:36.2935440Z 
2026-10-09T02:02:36.2941763Z added 6 packages in 656ms
2026-10-09T02:02:36.3195870Z ##[group]Run node --version
2026-10-09T02:02:36.3196278Z [36;1mnode --version[0m
2026-10-09T02:02:36.3196560Z [36;1mnproc[0m
2026-10-09T02:02:36.3196827Z [36;1mawk '/MemTotal/ { print }' /proc/meminfo[0m
2026-10-09T02:02:36.3197169Z [36;1mdf -Pk .[0m
2026-10-09T02:02:36.3238096Z shell: /usr/bin/bash -e {0}
2026-10-09T02:02:36.3238421Z env:
2026-10-09T02:02:36.3238748Z   G10_SOURCE_COMMIT: 4d7cbcaf864c2f29a39216c9a95a8081aa3c58cb
2026-10-09T02:02:36.3239148Z ##[endgroup]
2026-10-09T02:02:36.3327481Z v22.16.0
2026-10-09T02:02:36.3344113Z 4
2026-10-09T02:02:36.3359696Z MemTotal:       16372440 kB
2026-10-09T02:02:36.3378538Z Filesystem     1024-blocks     Used Available Capacity Mounted on
2026-10-09T02:02:36.3379161Z /dev/root        151263856 63982348  87265124      43% /
2026-10-09T02:02:36.3435228Z ##[group]Run set -o pipefail
2026-10-09T02:02:36.3435996Z [36;1mset -o pipefail[0m
2026-10-09T02:02:36.3436518Z [36;1mnode scripts/check.mjs --stage 'league-american' 2>&1 | tee '.work-stage-league-american.stdout'[0m
2026-10-09T02:02:36.3474892Z shell: /usr/bin/bash -e {0}
2026-10-09T02:02:36.3475264Z env:
2026-10-09T02:02:36.3475819Z   G10_SOURCE_COMMIT: 4d7cbcaf864c2f29a39216c9a95a8081aa3c58cb
2026-10-09T02:02:36.3476155Z ##[endgroup]
2026-10-09T02:02:36.4554289Z 
2026-10-09T02:02:36.4555704Z > partybox-g10-checkers@1.0.0 build
2026-10-09T02:02:36.4556432Z > tsc --noEmit && node scripts/build.mjs
2026-10-09T02:02:36.4556724Z 
2026-10-09T02:02:49.8072366Z PASS: complete offline single-page game written to /home/runner/work/partybox-game-cores/partybox-game-cores/jobs/G10-checkers/.work/play.html; original six-piece data is read in bounded blocks.
2026-10-09T02:02:58.4978058Z node:internal/modules/run_main:123
2026-10-09T02:02:58.4978938Z     triggerUncaughtException(
2026-10-09T02:02:58.4979947Z     ^
2026-10-09T02:02:58.4980527Z 
2026-10-09T02:02:58.4980996Z AssertionError [ERR_ASSERTION]: ASSUMPTIONS.md
2026-10-09T02:02:58.4981426Z + actual - expected
2026-10-09T02:02:58.4981594Z 
2026-10-09T02:02:58.4981846Z + '2c5b3ae6992d4a31e3e70675bfcdf4e22bb98667be0eb16ccdcf5736dd3621f8'
2026-10-09T02:02:58.4982613Z - 'aa4417981f9467d4ef80f4db7776a51c563a3b4855261eba65dfeb9b6f8d8cd6'
2026-10-09T02:02:58.4982969Z 
2026-10-09T02:02:58.4983315Z     at file:///home/runner/work/partybox-game-cores/partybox-game-cores/jobs/G10-checkers/scripts/integrity.mjs:16:98
2026-10-09T02:02:58.4983932Z     at process.processTicksAndRejections (node:internal/process/task_queues:105:5) {
2026-10-09T02:02:58.4984312Z   generatedMessage: false,
2026-10-09T02:02:58.4984622Z   code: 'ERR_ASSERTION',
2026-10-09T02:02:58.4985016Z   actual: '2c5b3ae6992d4a31e3e70675bfcdf4e22bb98667be0eb16ccdcf5736dd3621f8',
2026-10-09T02:02:58.4985692Z   expected: 'aa4417981f9467d4ef80f4db7776a51c563a3b4855261eba65dfeb9b6f8d8cd6',
2026-10-09T02:02:58.4986131Z   operator: 'strictEqual'
2026-10-09T02:02:58.4986392Z }
2026-10-09T02:02:58.4986535Z 
2026-10-09T02:02:58.4986640Z Node.js v22.16.0
2026-10-09T02:02:58.5159540Z node:internal/modules/run_main:123
2026-10-09T02:02:58.5160543Z     triggerUncaughtException(
2026-10-09T02:02:58.5161675Z     ^
2026-10-09T02:02:58.5178460Z 
2026-10-09T02:02:58.5179852Z AssertionError [ERR_ASSERTION]: {"command":"node","args":["scripts/integrity.mjs","--sources"],"exitCode":1,"signal":null}
2026-10-09T02:02:58.5185737Z 
2026-10-09T02:02:58.5189077Z 1 !== 0
2026-10-09T02:02:58.5189436Z 
2026-10-09T02:02:58.5189934Z     at run (file:///home/runner/work/partybox-game-cores/partybox-game-cores/jobs/G10-checkers/scripts/check.mjs:20:10)
2026-10-09T02:02:58.5190711Z     at process.processTicksAndRejections (node:internal/process/task_queues:105:5)
2026-10-09T02:02:58.5191321Z     at async file:///home/runner/work/partybox-game-cores/partybox-game-cores/jobs/G10-checkers/scripts/check.mjs:24:1 {
2026-10-09T02:02:58.5191804Z   generatedMessage: false,
2026-10-09T02:02:58.5192107Z   code: 'ERR_ASSERTION',
2026-10-09T02:02:58.5192382Z   actual: 1,
2026-10-09T02:02:58.5192610Z   expected: 0,
2026-10-09T02:02:58.5192934Z   operator: 'strictEqual'
2026-10-09T02:02:58.5193204Z }
2026-10-09T02:02:58.5193337Z 
2026-10-09T02:02:58.5193463Z Node.js v22.16.0
2026-10-09T02:02:58.5203446Z ##[error]Process completed with exit code 1.
2026-10-09T02:02:58.5281350Z ##[group]Run actions/upload-artifact@v4
2026-10-09T02:02:58.5281633Z with:
2026-10-09T02:02:58.5281957Z   name: G10-stage-league-american-4d7cbcaf864c2f29a39216c9a95a8081aa3c58cb
2026-10-09T02:02:58.5282621Z   path: jobs/G10-checkers/.work-stage-league-american.stdout
jobs/G10-checkers/.work/checks
jobs/G10-checkers/.work/browser
jobs/G10-checkers/.work/media

2026-10-09T02:02:58.5283151Z   if-no-files-found: error
2026-10-09T02:02:58.5283432Z   include-hidden-files: true
2026-10-09T02:02:58.5283716Z   retention-days: 7
2026-10-09T02:02:58.5283964Z   compression-level: 6
2026-10-09T02:02:58.5284198Z   overwrite: false
2026-10-09T02:02:58.5284437Z env:
2026-10-09T02:02:58.5284720Z   G10_SOURCE_COMMIT: 4d7cbcaf864c2f29a39216c9a95a8081aa3c58cb
2026-10-09T02:02:58.5285052Z ##[endgroup]
2026-10-09T02:02:58.6550923Z (node:2221) [DEP0040] DeprecationWarning: The `punycode` module is deprecated. Please use a userland alternative instead.
2026-10-09T02:02:58.6551886Z (Use `node --trace-deprecation ...` to show where the warning was created)
2026-10-09T02:02:58.6666546Z Multiple search paths detected. Calculating the least common ancestor of all paths
2026-10-09T02:02:58.6668294Z The least common ancestor is /home/runner/work/partybox-game-cores/partybox-game-cores/jobs/G10-checkers. This will be the root directory of the artifact
2026-10-09T02:02:58.6668990Z With the provided path, there will be 1 file uploaded
2026-10-09T02:02:58.6669577Z Artifact name is valid!
2026-10-09T02:02:58.6669977Z Root directory input is valid!
2026-10-09T02:02:58.9678254Z Beginning upload of artifact content to blob storage
2026-10-09T02:02:58.9814135Z (node:2221) [DEP0169] DeprecationWarning: `url.parse()` behavior is not standardized and prone to errors that have security implications. Use the WHATWG URL API instead. CVEs are not issued for `url.parse()` vulnerabilities.
2026-10-09T02:02:59.1207245Z Uploaded bytes 842
2026-10-09T02:02:59.1636926Z Finished uploading artifact content to blob storage!
2026-10-09T02:02:59.1637852Z SHA256 digest of uploaded artifact zip is 0247aeec53f4b13cb82db881514042c4ff23ec2fc177c6faf92dc7e0629888f1
2026-10-09T02:02:59.1638631Z Finalizing artifact upload
2026-10-09T02:02:59.3880353Z Artifact G10-stage-league-american-4d7cbcaf864c2f29a39216c9a95a8081aa3c58cb.zip successfully finalized. Artifact ID 11589924871
2026-10-09T02:02:59.3881392Z Artifact G10-stage-league-american-4d7cbcaf864c2f29a39216c9a95a8081aa3c58cb has been successfully uploaded! Final size is 842 bytes. Artifact ID is 11589924871
2026-10-09T02:02:59.3886687Z Artifact download URL: https://github.com/luisitin/partybox-game-cores/actions/runs/37872613471/artifacts/11589924871
2026-10-09T02:02:59.4042655Z Post job cleanup.
2026-10-09T02:02:59.4684274Z [command]/usr/bin/git version
2026-10-09T02:02:59.4713309Z git version 2.55.0
2026-10-09T02:02:59.4739977Z Temporarily overriding HOME='/home/runner/work/_temp/5a0f52bf-1345-4887-8f08-7a94f8606b80' before making global git config changes
2026-10-09T02:02:59.4741255Z Adding repository directory to the temporary git global config as a safe directory
2026-10-09T02:02:59.4742815Z [command]/usr/bin/git config --global --add safe.directory /home/runner/work/partybox-game-cores/partybox-game-cores
2026-10-09T02:02:59.4773714Z [command]/usr/bin/git config --local --name-only --get-regexp core\.sshCommand
2026-10-09T02:02:59.4798905Z [command]/usr/bin/git submodule foreach --recursive sh -c "git config --local --name-only --get-regexp 'core\.sshCommand' && git config --local --unset-all 'core.sshCommand' || :"
2026-10-09T02:02:59.4989282Z [command]/usr/bin/git config --local --name-only --get-regexp http\.https\:\/\/github\.com\/\.extraheader
2026-10-09T02:02:59.5010423Z http.https://github.com/.extraheader
2026-10-09T02:02:59.5017372Z [command]/usr/bin/git config --local --unset-all http.https://github.com/.extraheader
2026-10-09T02:02:59.5046872Z [command]/usr/bin/git submodule foreach --recursive sh -c "git config --local --name-only --get-regexp 'http\.https\:\/\/github\.com\/\.extraheader' && git config --local --unset-all 'http.https://github.com/.extraheader' || :"
2026-10-09T02:02:59.5259385Z [command]/usr/bin/git config --local --name-only --get-regexp ^includeIf\.gitdir:
2026-10-09T02:02:59.5288014Z [command]/usr/bin/git submodule foreach --recursive git config --local --show-origin --name-only --get-regexp remote.origin.url
2026-10-09T02:02:59.5586627Z Cleaning up orphan processes
2026-10-09T02:02:59.5814040Z ##[warning]Node.js 20 is deprecated. The following actions target Node.js 20 but are being forced to run on Node.js 24: actions/checkout@v4, actions/setup-node@v4, actions/upload-artifact@v4. For more information see: https://github.blog/changelog/2025-09-19-deprecation-of-node-20-on-github-actions-runners/
