{"variant":"international","higher":"sharp","lower":"normal","start":0,"end":50,"games":50,"wins":47,"draws":3,"losses":0,"elapsedSeconds":417.24321004,"raw":"international-sharp-normal-0000.jsonl"}
{"variant":"international","higher":"sharp","lower":"normal","start":150,"end":200,"games":50,"wins":45,"draws":5,"losses":0,"elapsedSeconds":453.314972537,"raw":"international-sharp-normal-0150.jsonl"}
{"variant":"international","higher":"sharp","lower":"normal","start":50,"end":100,"games":50,"wins":47,"draws":2,"losses":1,"elapsedSeconds":472.103092664,"raw":"international-sharp-normal-0050.jsonl"}
{"variant":"international","higher":"sharp","lower":"normal","start":100,"end":150,"games":50,"wins":44,"draws":5,"losses":1,"elapsedSeconds":473.805334492,"raw":"international-sharp-normal-0100.jsonl"}
{"variant":"international","higher":"sharp","lower":"normal","start":300,"end":350,"games":50,"wins":48,"draws":2,"losses":0,"elapsedSeconds":250.59871860599995,"raw":"international-sharp-normal-0300.jsonl"}
{"variant":"international","higher":"sharp","lower":"normal","start":250,"end":300,"games":50,"wins":44,"draws":6,"losses":0,"elapsedSeconds":291.88961501899996,"raw":"international-sharp-normal-0250.jsonl"}
{"variant":"international","higher":"sharp","lower":"normal","start":200,"end":250,"games":50,"wins":47,"draws":3,"losses":0,"elapsedSeconds":583.421846559,"raw":"international-sharp-normal-0200.jsonl"}
{"variant":"international","higher":"sharp","lower":"normal","start":350,"end":400,"games":50,"wins":42,"draws":8,"losses":0,"elapsedSeconds":565.375287986,"raw":"international-sharp-normal-0350.jsonl"}
{"variant":"international","higher":"sharp","lower":"normal","start":400,"end":450,"games":50,"wins":49,"draws":1,"losses":0,"elapsedSeconds":444.56837768300005,"raw":"international-sharp-normal-0400.jsonl"}
{"variant":"international","higher":"sharp","lower":"normal","start":500,"end":550,"games":50,"wins":45,"draws":5,"losses":0,"elapsedSeconds":182.009795668,"raw":"international-sharp-normal-0500.jsonl"}
{"variant":"international","higher":"sharp","lower":"normal","start":450,"end":500,"games":50,"wins":47,"draws":3,"losses":0,"elapsedSeconds":464.72825178400007,"raw":"international-sharp-normal-0450.jsonl"}
{"variant":"international","higher":"sharp","lower":"normal","start":550,"end":600,"games":50,"wins":47,"draws":3,"losses":0,"elapsedSeconds":209.19241399200004,"raw":"international-sharp-normal-0550.jsonl"}
{"variant":"international","higher":"sharp","lower":"normal","start":600,"end":650,"games":50,"wins":47,"draws":3,"losses":0,"elapsedSeconds":172.127541861,"raw":"international-sharp-normal-0600.jsonl"}
{"variant":"international","higher":"sharp","lower":"normal","start":700,"end":750,"games":50,"wins":47,"draws":1,"losses":2,"elapsedSeconds":221.7604061469999,"raw":"international-sharp-normal-0700.jsonl"}
{"variant":"international","higher":"sharp","lower":"normal","start":650,"end":700,"games":50,"wins":45,"draws":4,"losses":1,"elapsedSeconds":258.10742819200016,"raw":"international-sharp-normal-0650.jsonl"}
{"variant":"international","higher":"sharp","lower":"normal","start":750,"end":800,"games":50,"wins":48,"draws":2,"losses":0,"elapsedSeconds":287.5562522470001,"raw":"international-sharp-normal-0750.jsonl"}
{"variant":"international","higher":"sharp","lower":"normal","start":800,"end":850,"games":50,"wins":46,"draws":1,"losses":3,"elapsedSeconds":312.12865462299993,"raw":"international-sharp-normal-0800.jsonl"}
{"variant":"american","higher":"sharp","lower":"normal","start":0,"end":50,"games":50,"wins":45,"draws":5,"losses":0,"elapsedSeconds":42.728196313000055,"raw":"american-sharp-normal-0000.jsonl"}
{"variant":"international","higher":"sharp","lower":"normal","start":900,"end":950,"games":50,"wins":47,"draws":2,"losses":1,"elapsedSeconds":494.662326107,"raw":"international-sharp-normal-0900.jsonl"}
{"variant":"international","higher":"sharp","lower":"normal","start":850,"end":900,"games":50,"wins":49,"draws":0,"losses":1,"elapsedSeconds":503.97686033200006,"raw":"international-sharp-normal-0850.jsonl"}
{"variant":"american","higher":"sharp","lower":"normal","start":100,"end":150,"games":50,"wins":46,"draws":3,"losses":1,"elapsedSeconds":41.82021178999985,"raw":"american-sharp-normal-0100.jsonl"}
{"variant":"american","higher":"sharp","lower":"normal","start":50,"end":100,"games":50,"wins":44,"draws":4,"losses":2,"elapsedSeconds":287.4655175589998,"raw":"american-sharp-normal-0050.jsonl"}
{"variant":"international","higher":"sharp","lower":"normal","start":950,"end":1000,"games":50,"wins":47,"draws":2,"losses":1,"elapsedSeconds":454.1494232989999,"raw":"international-sharp-normal-0950.jsonl"}
{"variant":"american","higher":"sharp","lower":"normal","start":150,"end":200,"games":50,"wins":46,"draws":2,"losses":2,"elapsedSeconds":56.563654417999786,"raw":"american-sharp-normal-0150.jsonl"}
{"variant":"american","higher":"sharp","lower":"normal","start":250,"end":300,"games":50,"wins":47,"draws":1,"losses":2,"elapsedSeconds":46.05784712800011,"raw":"american-sharp-normal-0250.jsonl"}
{"variant":"american","higher":"sharp","lower":"normal","start":300,"end":350,"games":50,"wins":43,"draws":5,"losses":2,"elapsedSeconds":54.18731031700014,"raw":"american-sharp-normal-0300.jsonl"}
{"variant":"american","higher":"sharp","lower":"normal","start":200,"end":250,"games":50,"wins":42,"draws":5,"losses":3,"elapsedSeconds":67.20358886500006,"raw":"american-sharp-normal-0200.jsonl"}
{"variant":"american","higher":"sharp","lower":"normal","start":350,"end":400,"games":50,"wins":45,"draws":4,"losses":1,"elapsedSeconds":63.6213307109999,"raw":"american-sharp-normal-0350.jsonl"}
{"variant":"american","higher":"sharp","lower":"normal","start":400,"end":450,"games":50,"wins":43,"draws":6,"losses":1,"elapsedSeconds":54.39287866399996,"raw":"american-sharp-normal-0400.jsonl"}
{"variant":"american","higher":"sharp","lower":"normal","start":450,"end":500,"games":50,"wins":47,"draws":2,"losses":1,"elapsedSeconds":42.57524373600003,"raw":"american-sharp-normal-0450.jsonl"}
{"variant":"american","higher":"sharp","lower":"normal","start":500,"end":550,"games":50,"wins":41,"draws":7,"losses":2,"elapsedSeconds":57.94069973599981,"raw":"american-sharp-normal-0500.jsonl"}
{"variant":"american","higher":"sharp","lower":"normal","start":600,"end":650,"games":50,"wins":44,"draws":3,"losses":3,"elapsedSeconds":29.405401766000082,"raw":"american-sharp-normal-0600.jsonl"}
{"variant":"american","higher":"sharp","lower":"normal","start":650,"end":700,"games":50,"wins":43,"draws":5,"losses":2,"elapsedSeconds":28.58988411600003,"raw":"american-sharp-normal-0650.jsonl"}
{"variant":"american","higher":"sharp","lower":"normal","start":550,"end":600,"games":50,"wins":42,"draws":4,"losses":4,"elapsedSeconds":72.24712545899978,"raw":"american-sharp-normal-0550.jsonl"}
{"variant":"american","higher":"sharp","lower":"normal","start":750,"end":800,"games":50,"wins":45,"draws":5,"losses":0,"elapsedSeconds":49.106941462000364,"raw":"american-sharp-normal-0750.jsonl"}
{"variant":"american","higher":"sharp","lower":"normal","start":800,"end":850,"games":50,"wins":41,"draws":6,"losses":3,"elapsedSeconds":45.66120172400028,"raw":"american-sharp-normal-0800.jsonl"}
{"variant":"american","higher":"sharp","lower":"normal","start":700,"end":750,"games":50,"wins":46,"draws":3,"losses":1,"elapsedSeconds":57.32633595799981,"raw":"american-sharp-normal-0700.jsonl"}
{"variant":"international","higher":"normal","lower":"easy","start":0,"end":50,"games":50,"wins":50,"draws":0,"losses":0,"elapsedSeconds":5.1978323030001485,"raw":"international-normal-easy-0000.jsonl"}
{"variant":"international","higher":"normal","lower":"easy","start":50,"end":100,"games":50,"wins":50,"draws":0,"losses":0,"elapsedSeconds":5.703272588999942,"raw":"international-normal-easy-0050.jsonl"}
{"variant":"international","higher":"normal","lower":"easy","start":100,"end":150,"games":50,"wins":50,"draws":0,"losses":0,"elapsedSeconds":4.63209302400006,"raw":"international-normal-easy-0100.jsonl"}
{"variant":"international","higher":"normal","lower":"easy","start":150,"end":200,"games":50,"wins":50,"draws":0,"losses":0,"elapsedSeconds":4.936073794999626,"raw":"international-normal-easy-0150.jsonl"}
{"variant":"international","higher":"normal","lower":"easy","start":200,"end":250,"games":50,"wins":50,"draws":0,"losses":0,"elapsedSeconds":5.063936954999808,"raw":"international-normal-easy-0200.jsonl"}
{"variant":"american","higher":"sharp","lower":"normal","start":850,"end":900,"games":50,"wins":45,"draws":4,"losses":1,"elapsedSeconds":61.05879298599996,"raw":"american-sharp-normal-0850.jsonl"}
{"variant":"international","higher":"normal","lower":"easy","start":250,"end":300,"games":50,"wins":50,"draws":0,"losses":0,"elapsedSeconds":6.379289871999994,"raw":"international-normal-easy-0250.jsonl"}
{"variant":"international","higher":"normal","lower":"easy","start":300,"end":350,"games":50,"wins":50,"draws":0,"losses":0,"elapsedSeconds":5.706007518999744,"raw":"international-normal-easy-0300.jsonl"}
{"variant":"american","higher":"sharp","lower":"normal","start":900,"end":950,"games":50,"wins":45,"draws":4,"losses":1,"elapsedSeconds":40.05876079599978,"raw":"american-sharp-normal-0900.jsonl"}
{"variant":"international","higher":"normal","lower":"easy","start":350,"end":400,"games":50,"wins":50,"draws":0,"losses":0,"elapsedSeconds":6.587542998000048,"raw":"international-normal-easy-0350.jsonl"}
{"variant":"international","higher":"normal","lower":"easy","start":400,"end":450,"games":50,"wins":50,"draws":0,"losses":0,"elapsedSeconds":5.243887145999819,"raw":"international-normal-easy-0400.jsonl"}
{"variant":"international","higher":"normal","lower":"easy","start":450,"end":500,"games":50,"wins":50,"draws":0,"losses":0,"elapsedSeconds":4.5554185779998075,"raw":"international-normal-easy-0450.jsonl"}
{"variant":"international","higher":"normal","lower":"easy","start":500,"end":550,"games":50,"wins":50,"draws":0,"losses":0,"elapsedSeconds":4.479597462000325,"raw":"international-normal-easy-0500.jsonl"}
{"variant":"international","higher":"normal","lower":"easy","start":550,"end":600,"games":50,"wins":50,"draws":0,"losses":0,"elapsedSeconds":5.299256134999916,"raw":"international-normal-easy-0550.jsonl"}
{"variant":"international","higher":"normal","lower":"easy","start":600,"end":650,"games":50,"wins":50,"draws":0,"losses":0,"elapsedSeconds":4.5529552469998595,"raw":"international-normal-easy-0600.jsonl"}
{"variant":"international","higher":"normal","lower":"easy","start":650,"end":700,"games":50,"wins":50,"draws":0,"losses":0,"elapsedSeconds":4.595530245000031,"raw":"international-normal-easy-0650.jsonl"}
{"variant":"international","higher":"normal","lower":"easy","start":700,"end":750,"games":50,"wins":50,"draws":0,"losses":0,"elapsedSeconds":5.227410218999721,"raw":"international-normal-easy-0700.jsonl"}
{"variant":"american","higher":"sharp","lower":"normal","start":950,"end":1000,"games":50,"wins":43,"draws":4,"losses":3,"elapsedSeconds":51.312198029000314,"raw":"american-sharp-normal-0950.jsonl"}
{"variant":"international","higher":"normal","lower":"easy","start":750,"end":800,"games":50,"wins":50,"draws":0,"losses":0,"elapsedSeconds":4.438626989000011,"raw":"international-normal-easy-0750.jsonl"}
{"variant":"international","higher":"normal","lower":"easy","start":800,"end":850,"games":50,"wins":50,"draws":0,"losses":0,"elapsedSeconds":4.9519942560000345,"raw":"international-normal-easy-0800.jsonl"}
{"variant":"international","higher":"normal","lower":"easy","start":900,"end":950,"games":50,"wins":50,"draws":0,"losses":0,"elapsedSeconds":3.5438960080002433,"raw":"international-normal-easy-0900.jsonl"}
{"variant":"american","higher":"normal","lower":"easy","start":0,"end":50,"games":50,"wins":50,"draws":0,"losses":0,"elapsedSeconds":2.248886738999747,"raw":"american-normal-easy-0000.jsonl"}
{"variant":"american","higher":"normal","lower":"easy","start":50,"end":100,"games":50,"wins":50,"draws":0,"losses":0,"elapsedSeconds":1.508632758999709,"raw":"american-normal-easy-0050.jsonl"}
{"variant":"international","higher":"normal","lower":"easy","start":950,"end":1000,"games":50,"wins":50,"draws":0,"losses":0,"elapsedSeconds":5.000612499000039,"raw":"international-normal-easy-0950.jsonl"}
{"variant":"american","higher":"normal","lower":"easy","start":100,"end":150,"games":50,"wins":50,"draws":0,"losses":0,"elapsedSeconds":1.445868807999883,"raw":"american-normal-easy-0100.jsonl"}
{"variant":"international","higher":"normal","lower":"easy","start":850,"end":900,"games":50,"wins":50,"draws":0,"losses":0,"elapsedSeconds":6.699958121000323,"raw":"international-normal-easy-0850.jsonl"}
{"variant":"american","higher":"normal","lower":"easy","start":200,"end":250,"games":50,"wins":50,"draws":0,"losses":0,"elapsedSeconds":1.0970822029998526,"raw":"american-normal-easy-0200.jsonl"}
{"variant":"american","higher":"normal","lower":"easy","start":150,"end":200,"games":50,"wins":50,"draws":0,"losses":0,"elapsedSeconds":1.380214728999883,"raw":"american-normal-easy-0150.jsonl"}
{"variant":"american","higher":"normal","lower":"easy","start":250,"end":300,"games":50,"wins":50,"draws":0,"losses":0,"elapsedSeconds":1.6200448810001835,"raw":"american-normal-easy-0250.jsonl"}
{"variant":"american","higher":"normal","lower":"easy","start":350,"end":400,"games":50,"wins":50,"draws":0,"losses":0,"elapsedSeconds":1.312701561999973,"raw":"american-normal-easy-0350.jsonl"}
{"variant":"american","higher":"normal","lower":"easy","start":300,"end":350,"games":50,"wins":50,"draws":0,"losses":0,"elapsedSeconds":1.5124382020002232,"raw":"american-normal-easy-0300.jsonl"}
{"variant":"american","higher":"normal","lower":"easy","start":400,"end":450,"games":50,"wins":50,"draws":0,"losses":0,"elapsedSeconds":1.7760605569998733,"raw":"american-normal-easy-0400.jsonl"}
{"variant":"american","higher":"normal","lower":"easy","start":500,"end":550,"games":50,"wins":50,"draws":0,"losses":0,"elapsedSeconds":1.2678932340000757,"raw":"american-normal-easy-0500.jsonl"}
{"variant":"american","higher":"normal","lower":"easy","start":450,"end":500,"games":50,"wins":49,"draws":0,"losses":1,"elapsedSeconds":1.8797944990000688,"raw":"american-normal-easy-0450.jsonl"}
{"variant":"american","higher":"normal","lower":"easy","start":550,"end":600,"games":50,"wins":50,"draws":0,"losses":0,"elapsedSeconds":1.2698667239998467,"raw":"american-normal-easy-0550.jsonl"}
{"variant":"american","higher":"normal","lower":"easy","start":600,"end":650,"games":50,"wins":50,"draws":0,"losses":0,"elapsedSeconds":1.4855370299997739,"raw":"american-normal-easy-0600.jsonl"}
{"variant":"american","higher":"normal","lower":"easy","start":650,"end":700,"games":50,"wins":50,"draws":0,"losses":0,"elapsedSeconds":1.1605451480001212,"raw":"american-normal-easy-0650.jsonl"}
{"variant":"american","higher":"normal","lower":"easy","start":700,"end":750,"games":50,"wins":50,"draws":0,"losses":0,"elapsedSeconds":1.5023277819999494,"raw":"american-normal-easy-0700.jsonl"}
{"variant":"american","higher":"normal","lower":"easy","start":800,"end":850,"games":50,"wins":50,"draws":0,"losses":0,"elapsedSeconds":0.8248974239998497,"raw":"american-normal-easy-0800.jsonl"}
{"variant":"american","higher":"normal","lower":"easy","start":750,"end":800,"games":50,"wins":50,"draws":0,"losses":0,"elapsedSeconds":1.6858275500000455,"raw":"american-normal-easy-0750.jsonl"}
{"variant":"american","higher":"normal","lower":"easy","start":850,"end":900,"games":50,"wins":50,"draws":0,"losses":0,"elapsedSeconds":1.2962540670000016,"raw":"american-normal-easy-0850.jsonl"}
{"variant":"american","higher":"normal","lower":"easy","start":950,"end":1000,"games":50,"wins":50,"draws":0,"losses":0,"elapsedSeconds":0.9650698839998804,"raw":"american-normal-easy-0950.jsonl"}
{"variant":"american","higher":"normal","lower":"easy","start":900,"end":950,"games":50,"wins":50,"draws":0,"losses":0,"elapsedSeconds":1.1318340890002436,"raw":"american-normal-easy-0900.jsonl"}
{"command":"node scripts/league.mjs","gamesPerVariantComparison":1000,"gamesPerComparison":2000,"workers":4,"opening":"Standard starting board; paired identical seed with stronger side alternated. No outcome-based opening selection.","startAt":"2026-10-08T10:41:29.555Z","comparisons":[{"variant":"american","higher":"sharp","lower":"normal","games":1000,"wins":883,"draws":82,"losses":35,"scoreShare":0.924,"decisiveWinRate":0.9618736383442266,"decisiveWilson95":[0.9474376150738386,0.9724601200685112],"moves":105277,"maximumPlies":332,"workerSeconds":1249.323121533,"transcriptSha256":"f56714892ef061448c7c13302bc2a88d3870bc8a1eed37ab150e6dcf5fd51ada"},{"variant":"american","higher":"normal","lower":"easy","games":1000,"wins":999,"draws":0,"losses":1,"scoreShare":0.999,"decisiveWinRate":0.999,"decisiveWilson95":[0.9943572970398398,0.9998234581709429],"moves":50305,"maximumPlies":116,"workerSeconds":28.371777870999182,"transcriptSha256":"c32d24cc7b7ff46176330317b6a6880bbaafb3e4ae9abcd8ff546c726b96094e"},{"variant":"international","higher":"sharp","lower":"normal","games":1000,"wins":928,"draws":61,"losses":11,"scoreShare":0.9585,"decisiveWinRate":0.9882854100106496,"decisiveWilson95":[0.9791453697265579,0.9934464208775055],"moves":106106,"maximumPlies":260,"workerSeconds":7512.719809838001,"transcriptSha256":"24cd9e7bbbd57d5b7249550b081884c83c64d6e21037802618f9f637b0520098"},{"variant":"international","higher":"normal","lower":"easy","games":1000,"wins":1000,"draws":0,"losses":0,"scoreShare":1,"decisiveWinRate":1,"decisiveWilson95":[0.9961731014136095,1],"moves":75836,"maximumPlies":130,"workerSeconds":102.79519195999951,"transcriptSha256":"e2f0ab4c0d74277baea5d1f1f11833eae52272e93ee8b08d4041cfb9eb14c192"}],"botSourceSha256":"d94ca25475847ad29f679ca154f64a5c4c7a15e618c45272e473ba8e9283385a","totalGames":4000,"elapsedSeconds":2235.3491847409996}
