2026-10-09T08:08:40.7728830Z Current runner version: '2.337.0'
2026-10-09T08:08:40.7746791Z ##[group]Runner Image Provisioner
2026-10-09T08:08:40.7747621Z Hosted Compute Agent
2026-10-09T08:08:40.7748107Z Version: 20261002.596
2026-10-09T08:08:40.7748716Z Commit: c3d12f3313a95f25162a1503be624f3b0617f8c0
2026-10-09T08:08:40.7749375Z Build Date: 2026-10-02T22:28:27Z
2026-10-09T08:08:40.7749948Z Worker ID: {d6ab5fcf-a4d2-4dca-826d-071ec583ba47}
2026-10-09T08:08:40.7750539Z Region: centralus
2026-10-09T08:08:40.7751178Z Cloud: Azure
2026-10-09T08:08:40.7751667Z ##[endgroup]
2026-10-09T08:08:40.7752780Z ##[group]Operating System
2026-10-09T08:08:40.7753287Z Ubuntu
2026-10-09T08:08:40.7753759Z 24.04.5
2026-10-09T08:08:40.7754204Z LTS
2026-10-09T08:08:40.7754654Z ##[endgroup]
2026-10-09T08:08:40.7755113Z ##[group]Runner Image
2026-10-09T08:08:40.7755607Z Image: ubuntu-24.04
2026-10-09T08:08:40.7756057Z Version: 20261004.327.1
2026-10-09T08:08:40.7757139Z Included Software: https://github.com/actions/runner-images/blob/ubuntu24/20261004.327/images/ubuntu/Ubuntu2404-Readme.md
2026-10-09T08:08:40.7758386Z Image Release: https://github.com/actions/runner-images/releases/tag/ubuntu24%2F20261004.327
2026-10-09T08:08:40.7759173Z ##[endgroup]
2026-10-09T08:08:40.7760094Z ##[group]GITHUB_TOKEN Permissions
2026-10-09T08:08:40.7761951Z Contents: read
2026-10-09T08:08:40.7762420Z Metadata: read
2026-10-09T08:08:40.7762928Z ##[endgroup]
2026-10-09T08:08:40.7764547Z Secret source: Actions
2026-10-09T08:08:40.7765366Z Cache mode: write
2026-10-09T08:08:40.7765936Z Prepare workflow directory
2026-10-09T08:08:40.8078950Z Prepare all required actions
2026-10-09T08:08:40.8118970Z Getting action download info
2026-10-09T08:08:41.0717737Z Download action repository 'actions/checkout@v4' (SHA:11d5960a326750d5838078e36cf38b85af677262)
2026-10-09T08:08:41.1783380Z Download action repository 'actions/setup-node@v4' (SHA:49933ea5288caeca8642d1e84afbd3f7d6820020)
2026-10-09T08:08:41.3499000Z Download action repository 'actions/upload-artifact@v4' (SHA:ea165f8d65b6e75b540449e92b4886f43607fa02)
2026-10-09T08:08:41.6460792Z Complete job name: verify
2026-10-09T08:08:41.7076442Z ##[group]Run actions/checkout@v4
2026-10-09T08:08:41.7077221Z with:
2026-10-09T08:08:41.7077847Z   repository: luisitin/partybox-game-cores
2026-10-09T08:08:41.7081946Z   token: ***
2026-10-09T08:08:41.7082441Z   ssh-strict: true
2026-10-09T08:08:41.7082976Z   ssh-user: git
2026-10-09T08:08:41.7083479Z   persist-credentials: true
2026-10-09T08:08:41.7084020Z   clean: true
2026-10-09T08:08:41.7084578Z   sparse-checkout-cone-mode: true
2026-10-09T08:08:41.7085126Z   fetch-depth: 1
2026-10-09T08:08:41.7085634Z   fetch-tags: false
2026-10-09T08:08:41.7086126Z   show-progress: true
2026-10-09T08:08:41.7086623Z   lfs: false
2026-10-09T08:08:41.7087131Z   submodules: false
2026-10-09T08:08:41.7087643Z   set-safe-directory: true
2026-10-09T08:08:41.7088219Z   allow-unsafe-pr-checkout: false
2026-10-09T08:08:41.7088971Z ##[endgroup]
2026-10-09T08:08:41.7981638Z Syncing repository: luisitin/partybox-game-cores
2026-10-09T08:08:41.7983819Z ##[group]Getting Git version info
2026-10-09T08:08:41.7985083Z Working directory is '/home/runner/work/partybox-game-cores/partybox-game-cores'
2026-10-09T08:08:41.7986397Z [command]/usr/bin/git version
2026-10-09T08:08:41.8042470Z git version 2.55.0
2026-10-09T08:08:41.8046478Z ##[endgroup]
2026-10-09T08:08:41.8058667Z Temporarily overriding HOME='/home/runner/work/_temp/f5d7fee5-887d-45c9-9a1d-a8e47337dae0' before making global git config changes
2026-10-09T08:08:41.8061482Z Adding repository directory to the temporary git global config as a safe directory
2026-10-09T08:08:41.8064760Z [command]/usr/bin/git config --global --add safe.directory /home/runner/work/partybox-game-cores/partybox-game-cores
2026-10-09T08:08:41.8114257Z Deleting the contents of '/home/runner/work/partybox-game-cores/partybox-game-cores'
2026-10-09T08:08:41.8121656Z ##[group]Initializing the repository
2026-10-09T08:08:41.8125292Z [command]/usr/bin/git init /home/runner/work/partybox-game-cores/partybox-game-cores
2026-10-09T08:08:41.8207431Z hint: Using 'master' as the name for the initial branch. This default branch name
2026-10-09T08:08:41.8209279Z hint: will change to "main" in Git 3.0. To configure the initial branch name
2026-10-09T08:08:41.8211947Z hint: to use in all of your new repositories, which will suppress this warning,
2026-10-09T08:08:41.8213258Z hint: call:
2026-10-09T08:08:41.8214093Z hint:
2026-10-09T08:08:41.8215083Z hint: 	git config --global init.defaultBranch <name>
2026-10-09T08:08:41.8216554Z hint:
2026-10-09T08:08:41.8217601Z hint: Names commonly chosen instead of 'master' are 'main', 'trunk' and
2026-10-09T08:08:41.8219201Z hint: 'development'. The just-created branch can be renamed via this command:
2026-10-09T08:08:41.8220483Z hint:
2026-10-09T08:08:41.8221423Z hint: 	git branch -m <name>
2026-10-09T08:08:41.8224345Z hint:
2026-10-09T08:08:41.8225615Z hint: Disable this message with "git config set advice.defaultBranchName false"
2026-10-09T08:08:41.8227590Z Initialized empty Git repository in /home/runner/work/partybox-game-cores/partybox-game-cores/.git/
2026-10-09T08:08:41.8230693Z [command]/usr/bin/git remote add origin https://github.com/luisitin/partybox-game-cores
2026-10-09T08:08:41.8257667Z ##[endgroup]
2026-10-09T08:08:41.8259092Z ##[group]Disabling automatic garbage collection
2026-10-09T08:08:41.8261720Z [command]/usr/bin/git config --local gc.auto 0
2026-10-09T08:08:41.8288938Z ##[endgroup]
2026-10-09T08:08:41.8290701Z ##[group]Setting up auth
2026-10-09T08:08:41.8295032Z [command]/usr/bin/git config --local --name-only --get-regexp core\.sshCommand
2026-10-09T08:08:41.8322206Z [command]/usr/bin/git submodule foreach --recursive sh -c "git config --local --name-only --get-regexp 'core\.sshCommand' && git config --local --unset-all 'core.sshCommand' || :"
2026-10-09T08:08:41.8612952Z [command]/usr/bin/git config --local --name-only --get-regexp http\.https\:\/\/github\.com\/\.extraheader
2026-10-09T08:08:41.8653885Z [command]/usr/bin/git submodule foreach --recursive sh -c "git config --local --name-only --get-regexp 'http\.https\:\/\/github\.com\/\.extraheader' && git config --local --unset-all 'http.https://github.com/.extraheader' || :"
2026-10-09T08:08:41.8820377Z [command]/usr/bin/git config --local --name-only --get-regexp ^includeIf\.gitdir:
2026-10-09T08:08:41.8845723Z [command]/usr/bin/git submodule foreach --recursive git config --local --show-origin --name-only --get-regexp remote.origin.url
2026-10-09T08:08:41.9019642Z [command]/usr/bin/git config --local http.https://github.com/.extraheader AUTHORIZATION: basic ***
2026-10-09T08:08:41.9048244Z ##[endgroup]
2026-10-09T08:08:41.9049208Z ##[group]Fetching the repository
2026-10-09T08:08:41.9056145Z [command]/usr/bin/git -c protocol.version=2 fetch --no-tags --prune --no-recurse-submodules --depth=1 origin +8219668ee4643a4e6b9ecf509b97d37dd5f54f7f:refs/remotes/pull/12/merge
2026-10-09T08:08:45.8920708Z From https://github.com/luisitin/partybox-game-cores
2026-10-09T08:08:45.8923756Z  * [new ref]         8219668ee4643a4e6b9ecf509b97d37dd5f54f7f -> pull/12/merge
2026-10-09T08:08:45.8927975Z ##[endgroup]
2026-10-09T08:08:45.8929524Z ##[group]Determining the checkout info
2026-10-09T08:08:45.8931744Z ##[endgroup]
2026-10-09T08:08:45.8933037Z [command]/usr/bin/git sparse-checkout disable
2026-10-09T08:08:45.8974881Z [command]/usr/bin/git config --local --unset-all extensions.worktreeConfig
2026-10-09T08:08:45.8999125Z ##[group]Checking out the ref
2026-10-09T08:08:45.9001195Z [command]/usr/bin/git checkout --progress --force refs/remotes/pull/12/merge
2026-10-09T08:08:46.1946590Z Note: switching to 'refs/remotes/pull/12/merge'.
2026-10-09T08:08:46.1948034Z 
2026-10-09T08:08:46.1949297Z You are in 'detached HEAD' state. You can look around, make experimental
2026-10-09T08:08:46.1951850Z changes and commit them, and you can discard any commits you make in this
2026-10-09T08:08:46.1954219Z state without impacting any branches by switching back to a branch.
2026-10-09T08:08:46.1955699Z 
2026-10-09T08:08:46.1956629Z If you want to create a new branch to retain commits you create, you may
2026-10-09T08:08:46.1959175Z do so (now or later) by using -c with the switch command. Example:
2026-10-09T08:08:46.1960373Z 
2026-10-09T08:08:46.1961101Z   git switch -c <new-branch-name>
2026-10-09T08:08:46.1961967Z 
2026-10-09T08:08:46.1962565Z Or undo this operation with:
2026-10-09T08:08:46.1963411Z 
2026-10-09T08:08:46.1963904Z   git switch -
2026-10-09T08:08:46.1964609Z 
2026-10-09T08:08:46.1965866Z Turn off this advice by setting config variable advice.detachedHead to false
2026-10-09T08:08:46.1967530Z 
2026-10-09T08:08:46.1969028Z HEAD is now at 8219668 Merge e5423c811bc24cbed443f0d0e0e65947f67a8fe2 into d5fbb39746f8f7900bee57506e8133e8675f48ed
2026-10-09T08:08:46.1974316Z ##[endgroup]
2026-10-09T08:08:46.2011363Z [command]/usr/bin/git log -1 --format=%H
2026-10-09T08:08:46.2030942Z 8219668ee4643a4e6b9ecf509b97d37dd5f54f7f
2026-10-09T08:08:46.2334619Z ##[group]Run actions/setup-node@v4
2026-10-09T08:08:46.2335511Z with:
2026-10-09T08:08:46.2336313Z   node-version: 22.16.0
2026-10-09T08:08:46.2337108Z   cache: npm
2026-10-09T08:08:46.2338069Z   cache-dependency-path: jobs/G02-gin-rummy/package-lock.json
2026-10-09T08:08:46.2339189Z   always-auth: false
2026-10-09T08:08:46.2339958Z   check-latest: false
2026-10-09T08:08:46.2346934Z   token: ***
2026-10-09T08:08:46.2347662Z ##[endgroup]
2026-10-09T08:08:46.3573662Z Attempting to download 22.16.0...
2026-10-09T08:08:46.3660399Z (node:2082) [DEP0040] DeprecationWarning: The `punycode` module is deprecated. Please use a userland alternative instead.
2026-10-09T08:08:46.3663764Z (Use `node --trace-deprecation ...` to show where the warning was created)
2026-10-09T08:08:47.1614845Z Acquiring 22.16.0 - x64 from https://github.com/actions/node-versions/releases/download/22.16.0-15177438473/node-22.16.0-linux-x64.tar.gz
2026-10-09T08:08:47.6926794Z Extracting ...
2026-10-09T08:08:47.7010737Z [command]/usr/bin/tar xz --strip 1 --warning=no-unknown-keyword --overwrite -C /home/runner/work/_temp/bf774f62-de28-419b-b393-4778543922c3 -f /home/runner/work/_temp/04ca8d87-7455-4a03-852d-50ee63d1234c
2026-10-09T08:08:48.7584159Z Adding to the cache ...
2026-10-09T08:08:50.6794903Z ##[group]Environment details
2026-10-09T08:08:50.9439799Z node: v22.16.0
2026-10-09T08:08:50.9440204Z npm: 10.9.2
2026-10-09T08:08:50.9440537Z yarn: 1.22.22
2026-10-09T08:08:50.9441395Z ##[endgroup]
2026-10-09T08:08:50.9453345Z [command]/opt/hostedtoolcache/node/22.16.0/x64/bin/npm config get cache
2026-10-09T08:08:51.0154546Z /home/runner/.npm
2026-10-09T08:08:51.1589029Z Cache hit for: node-cache-Linux-x64-npm-d48b0073b1be2df746cbb2cab1dca64dc5674a863aed54a4ee7f428aad681317
2026-10-09T08:08:51.1669684Z (node:2082) [DEP0169] DeprecationWarning: `url.parse()` behavior is not standardized and prone to errors that have security implications. Use the WHATWG URL API instead. CVEs are not issued for `url.parse()` vulnerabilities.
2026-10-09T08:08:52.0096388Z Received 12676573 of 12676573 (100.0%), 17.8 MBs/sec
2026-10-09T08:08:52.0096986Z Cache Size: ~12 MB (12676573 B)
2026-10-09T08:08:52.0209570Z [command]/usr/bin/tar -xf /home/runner/work/_temp/df18053b-240f-46c3-b02d-90a09224b722/cache.tzst -P -C /home/runner/work/partybox-game-cores/partybox-game-cores --use-compress-program unzstd
2026-10-09T08:08:52.0379098Z Cache restored successfully
2026-10-09T08:08:52.0386296Z Cache restored from key: node-cache-Linux-x64-npm-d48b0073b1be2df746cbb2cab1dca64dc5674a863aed54a4ee7f428aad681317
2026-10-09T08:08:52.0523128Z ##[group]Run npm ci --ignore-scripts --no-audit --no-fund
2026-10-09T08:08:52.0523609Z [36;1mnpm ci --ignore-scripts --no-audit --no-fund[0m
2026-10-09T08:08:52.0681494Z shell: /usr/bin/bash -e {0}
2026-10-09T08:08:52.0681936Z ##[endgroup]
2026-10-09T08:08:52.7381393Z 
2026-10-09T08:08:52.7387008Z added 6 packages in 623ms
2026-10-09T08:08:52.7614536Z ##[group]Run npx playwright install --with-deps chromium
2026-10-09T08:08:52.7614963Z [36;1mnpx playwright install --with-deps chromium[0m
2026-10-09T08:08:52.7653965Z shell: /usr/bin/bash -e {0}
2026-10-09T08:08:52.7654425Z ##[endgroup]
2026-10-09T08:08:53.3687754Z Installing dependencies...
2026-10-09T08:08:53.3730592Z Switching to root user to install dependencies...
2026-10-09T08:08:53.4884632Z Get:1 file:/etc/apt/apt-mirrors.txt Mirrorlist [144 B]
2026-10-09T08:08:53.5227011Z Get:6 https://packages.microsoft.com/ubuntu/24.04/prod noble InRelease [3600 B]
2026-10-09T08:08:53.5371435Z Hit:2 http://azure.archive.ubuntu.com/ubuntu noble InRelease
2026-10-09T08:08:53.5380508Z Get:3 http://azure.archive.ubuntu.com/ubuntu noble-updates InRelease [126 kB]
2026-10-09T08:08:53.5404991Z Get:4 http://azure.archive.ubuntu.com/ubuntu noble-backports InRelease [126 kB]
2026-10-09T08:08:53.5420054Z Get:5 http://azure.archive.ubuntu.com/ubuntu noble-security InRelease [126 kB]
2026-10-09T08:08:53.7605516Z Get:7 https://packages.microsoft.com/ubuntu/24.04/prod noble/main armhf Packages [12.3 kB]
2026-10-09T08:08:53.7752098Z Get:8 https://packages.microsoft.com/ubuntu/24.04/prod noble/main amd64 Packages [531 kB]
2026-10-09T08:08:53.7882237Z Get:9 https://packages.microsoft.com/ubuntu/24.04/prod noble/main all Packages [640 B]
2026-10-09T08:08:53.7889274Z Get:10 https://packages.microsoft.com/ubuntu/24.04/prod noble/main arm64 Packages [475 kB]
2026-10-09T08:08:53.8370178Z Get:11 http://azure.archive.ubuntu.com/ubuntu noble-updates/main amd64 Packages [1375 kB]
2026-10-09T08:08:53.8440495Z Get:12 http://azure.archive.ubuntu.com/ubuntu noble-updates/main Translation-en [306 kB]
2026-10-09T08:08:53.8472175Z Get:13 http://azure.archive.ubuntu.com/ubuntu noble-updates/universe amd64 Packages [1702 kB]
2026-10-09T08:08:53.8526006Z Get:14 http://azure.archive.ubuntu.com/ubuntu noble-updates/universe Translation-en [342 kB]
2026-10-09T08:08:53.8544620Z Get:15 http://azure.archive.ubuntu.com/ubuntu noble-updates/restricted amd64 Packages [1761 kB]
2026-10-09T08:08:53.8611558Z Get:16 http://azure.archive.ubuntu.com/ubuntu noble-updates/restricted Translation-en [401 kB]
2026-10-09T08:08:53.8633987Z Get:17 http://azure.archive.ubuntu.com/ubuntu noble-updates/multiverse amd64 Packages [55.0 kB]
2026-10-09T08:08:53.8644608Z Get:18 http://azure.archive.ubuntu.com/ubuntu noble-updates/multiverse Translation-en [14.3 kB]
2026-10-09T08:08:53.9143028Z Get:19 http://azure.archive.ubuntu.com/ubuntu noble-security/main amd64 Packages [1118 kB]
2026-10-09T08:08:53.9191345Z Get:20 http://azure.archive.ubuntu.com/ubuntu noble-security/main Translation-en [228 kB]
2026-10-09T08:08:53.9640035Z Get:21 http://azure.archive.ubuntu.com/ubuntu noble-security/universe amd64 Packages [1220 kB]
2026-10-09T08:08:53.9689528Z Get:22 http://azure.archive.ubuntu.com/ubuntu noble-security/universe Translation-en [245 kB]
2026-10-09T08:08:53.9705586Z Get:23 http://azure.archive.ubuntu.com/ubuntu noble-security/restricted amd64 Packages [1667 kB]
2026-10-09T08:08:53.9772180Z Get:24 http://azure.archive.ubuntu.com/ubuntu noble-security/restricted Translation-en [383 kB]
2026-10-09T08:08:53.9854454Z Get:25 http://azure.archive.ubuntu.com/ubuntu noble-security/multiverse amd64 Packages [49.8 kB]
2026-10-09T08:08:53.9863610Z Get:26 http://azure.archive.ubuntu.com/ubuntu noble-security/multiverse Translation-en [12.4 kB]
2026-10-09T08:08:59.9482452Z Fetched 12.3 MB in 1s (9356 kB/s)
2026-10-09T08:09:00.6219126Z Reading package lists...
2026-10-09T08:09:00.6414121Z Reading package lists...
2026-10-09T08:09:00.7645354Z Building dependency tree...
2026-10-09T08:09:00.7650883Z Reading state information...
2026-10-09T08:09:00.9027526Z libasound2t64 is already the newest version (1.2.11-1ubuntu0.3).
2026-10-09T08:09:00.9028950Z libasound2t64 set to manually installed.
2026-10-09T08:09:00.9030039Z libatk-bridge2.0-0t64 is already the newest version (2.52.0-1build1).
2026-10-09T08:09:00.9031340Z libatk-bridge2.0-0t64 set to manually installed.
2026-10-09T08:09:00.9032860Z libatk1.0-0t64 is already the newest version (2.52.0-1build1).
2026-10-09T08:09:00.9033879Z libatk1.0-0t64 set to manually installed.
2026-10-09T08:09:00.9034715Z libatspi2.0-0t64 is already the newest version (2.52.0-1build1).
2026-10-09T08:09:00.9035432Z libatspi2.0-0t64 set to manually installed.
2026-10-09T08:09:00.9035917Z libcairo2 is already the newest version (1.18.0-3build1).
2026-10-09T08:09:00.9036321Z libcairo2 set to manually installed.
2026-10-09T08:09:00.9036756Z libcups2t64 is already the newest version (2.4.7-1.2ubuntu7.14).
2026-10-09T08:09:00.9037230Z libcups2t64 set to manually installed.
2026-10-09T08:09:00.9037735Z libdbus-1-3 is already the newest version (1.14.10-4ubuntu4.1).
2026-10-09T08:09:00.9038214Z libdbus-1-3 set to manually installed.
2026-10-09T08:09:00.9038694Z libdrm2 is already the newest version (2.4.125-1ubuntu0.1~24.04.2).
2026-10-09T08:09:00.9039102Z libdrm2 set to manually installed.
2026-10-09T08:09:00.9039606Z libgbm1 is already the newest version (25.2.8-0ubuntu0.24.04.4).
2026-10-09T08:09:00.9040036Z libgbm1 set to manually installed.
2026-10-09T08:09:00.9040475Z libglib2.0-0t64 is already the newest version (2.80.0-6ubuntu3.9).
2026-10-09T08:09:00.9040911Z libglib2.0-0t64 set to manually installed.
2026-10-09T08:09:00.9041537Z libnspr4 is already the newest version (2:4.35-1.1build1).
2026-10-09T08:09:00.9041938Z libnspr4 set to manually installed.
2026-10-09T08:09:00.9042473Z libnss3 is already the newest version (2:3.98-1ubuntu0.2).
2026-10-09T08:09:00.9042936Z libnss3 set to manually installed.
2026-10-09T08:09:00.9043348Z libpango-1.0-0 is already the newest version (1.52.1+ds-1build1).
2026-10-09T08:09:00.9043790Z libpango-1.0-0 set to manually installed.
2026-10-09T08:09:00.9044308Z libx11-6 is already the newest version (2:1.8.7-1build1).
2026-10-09T08:09:00.9044687Z libx11-6 set to manually installed.
2026-10-09T08:09:00.9045098Z libxcb1 is already the newest version (1.15-1ubuntu2).
2026-10-09T08:09:00.9045478Z libxcb1 set to manually installed.
2026-10-09T08:09:00.9045936Z libxcomposite1 is already the newest version (1:0.4.5-1build3).
2026-10-09T08:09:00.9046348Z libxcomposite1 set to manually installed.
2026-10-09T08:09:00.9046759Z libxdamage1 is already the newest version (1:1.1.6-1build1).
2026-10-09T08:09:00.9047215Z libxdamage1 set to manually installed.
2026-10-09T08:09:00.9047590Z libxext6 is already the newest version (2:1.3.4-1build2).
2026-10-09T08:09:00.9047986Z libxext6 set to manually installed.
2026-10-09T08:09:00.9048414Z libxfixes3 is already the newest version (1:6.0.0-2build1).
2026-10-09T08:09:00.9048814Z libxfixes3 set to manually installed.
2026-10-09T08:09:00.9049244Z libxkbcommon0 is already the newest version (1.6.0-1build1).
2026-10-09T08:09:00.9049669Z libxkbcommon0 set to manually installed.
2026-10-09T08:09:00.9050085Z libxrandr2 is already the newest version (2:1.5.2-2build1).
2026-10-09T08:09:00.9050471Z libxrandr2 set to manually installed.
2026-10-09T08:09:00.9050932Z xvfb is already the newest version (2:21.1.12-1ubuntu1.8).
2026-10-09T08:09:00.9051567Z fonts-noto-color-emoji is already the newest version (2.047-0ubuntu0.24.04.1).
2026-10-09T08:09:00.9052091Z libfontconfig1 is already the newest version (2.15.0-1.1ubuntu2).
2026-10-09T08:09:00.9052557Z libfontconfig1 set to manually installed.
2026-10-09T08:09:00.9053340Z fonts-liberation is already the newest version (1:2.1.5-3).
2026-10-09T08:09:00.9053819Z fonts-liberation set to manually installed.
2026-10-09T08:09:00.9054260Z The following additional packages will be installed:
2026-10-09T08:09:00.9054640Z   xfonts-encodings xfonts-utils
2026-10-09T08:09:00.9054955Z Recommended packages:
2026-10-09T08:09:00.9055297Z   fonts-ipafont-mincho fonts-tlwg-loma
2026-10-09T08:09:00.9254934Z The following NEW packages will be installed:
2026-10-09T08:09:00.9255755Z   fonts-freefont-ttf fonts-ipafont-gothic fonts-tlwg-loma-otf fonts-unifont
2026-10-09T08:09:00.9262051Z   fonts-wqy-zenhei xfonts-cyrillic xfonts-encodings xfonts-scalable
2026-10-09T08:09:00.9263026Z   xfonts-utils
2026-10-09T08:09:00.9267457Z The following packages will be upgraded:
2026-10-09T08:09:00.9272807Z   libfreetype6
2026-10-09T08:09:00.9405115Z 1 upgraded, 9 newly installed, 0 to remove and 22 not upgraded.
2026-10-09T08:09:00.9406182Z Need to get 21.5 MB of archives.
2026-10-09T08:09:00.9406998Z After this operation, 79.5 MB of additional disk space will be used.
2026-10-09T08:09:00.9407846Z Get:1 file:/etc/apt/apt-mirrors.txt Mirrorlist [144 B]
2026-10-09T08:09:00.9967174Z Get:2 http://azure.archive.ubuntu.com/ubuntu noble/universe amd64 fonts-ipafont-gothic all 00303-21ubuntu1 [3513 kB]
2026-10-09T08:09:01.0626956Z Get:3 http://azure.archive.ubuntu.com/ubuntu noble/main amd64 fonts-freefont-ttf all 20211204+svn4273-2 [5641 kB]
2026-10-09T08:09:01.1510323Z Get:4 http://azure.archive.ubuntu.com/ubuntu noble/universe amd64 fonts-tlwg-loma-otf all 1:0.7.3-1 [107 kB]
2026-10-09T08:09:01.1795431Z Get:5 http://azure.archive.ubuntu.com/ubuntu noble/universe amd64 fonts-unifont all 1:15.1.01-1build1 [2993 kB]
2026-10-09T08:09:01.2438904Z Get:6 http://azure.archive.ubuntu.com/ubuntu noble/universe amd64 fonts-wqy-zenhei all 0.9.45-8 [7472 kB]
2026-10-09T08:09:01.3520845Z Get:7 http://azure.archive.ubuntu.com/ubuntu noble-updates/main amd64 libfreetype6 amd64 2.13.2+dfsg-1ubuntu0.2 [403 kB]
2026-10-09T08:09:01.3825091Z Get:8 http://azure.archive.ubuntu.com/ubuntu noble/main amd64 xfonts-encodings all 1:1.0.5-0ubuntu2 [578 kB]
2026-10-09T08:09:01.4141266Z Get:9 http://azure.archive.ubuntu.com/ubuntu noble/main amd64 xfonts-utils amd64 1:7.7+6build3 [94.4 kB]
2026-10-09T08:09:01.4428754Z Get:10 http://azure.archive.ubuntu.com/ubuntu noble/universe amd64 xfonts-cyrillic all 1:1.0.5+nmu1 [384 kB]
2026-10-09T08:09:01.4727865Z Get:11 http://azure.archive.ubuntu.com/ubuntu noble/main amd64 xfonts-scalable all 1:1.0.3-1.3 [304 kB]
2026-10-09T08:09:01.7521963Z Fetched 21.5 MB in 1s (39.7 MB/s)
2026-10-09T08:09:01.8104831Z Selecting previously unselected package fonts-ipafont-gothic.
2026-10-09T08:09:01.8531261Z (Reading database ... 
2026-10-09T08:09:01.8531655Z (Reading database ... 5%
2026-10-09T08:09:01.8532044Z (Reading database ... 10%
2026-10-09T08:09:01.8532391Z (Reading database ... 15%
2026-10-09T08:09:01.8532702Z (Reading database ... 20%
2026-10-09T08:09:01.8533039Z (Reading database ... 25%
2026-10-09T08:09:01.8533328Z (Reading database ... 30%
2026-10-09T08:09:01.8533658Z (Reading database ... 35%
2026-10-09T08:09:01.8533942Z (Reading database ... 40%
2026-10-09T08:09:01.8534229Z (Reading database ... 45%
2026-10-09T08:09:01.8534568Z (Reading database ... 50%
2026-10-09T08:09:01.9333724Z (Reading database ... 55%
2026-10-09T08:09:02.3853608Z (Reading database ... 60%
2026-10-09T08:09:02.6370655Z (Reading database ... 65%
2026-10-09T08:09:02.8794213Z (Reading database ... 70%
2026-10-09T08:09:03.3504091Z (Reading database ... 75%
2026-10-09T08:09:03.9542108Z (Reading database ... 80%
2026-10-09T08:09:04.7844995Z (Reading database ... 85%
2026-10-09T08:09:05.5265324Z (Reading database ... 90%
2026-10-09T08:09:06.0928004Z (Reading database ... 95%
2026-10-09T08:09:06.0928626Z (Reading database ... 100%
2026-10-09T08:09:06.0929540Z (Reading database ... 203191 files and directories currently installed.)
2026-10-09T08:09:06.0967682Z Preparing to unpack .../0-fonts-ipafont-gothic_00303-21ubuntu1_all.deb ...
2026-10-09T08:09:06.1116908Z Unpacking fonts-ipafont-gothic (00303-21ubuntu1) ...
2026-10-09T08:09:06.3619657Z Selecting previously unselected package fonts-freefont-ttf.
2026-10-09T08:09:06.3725127Z Preparing to unpack .../1-fonts-freefont-ttf_20211204+svn4273-2_all.deb ...
2026-10-09T08:09:06.3735292Z Unpacking fonts-freefont-ttf (20211204+svn4273-2) ...
2026-10-09T08:09:06.4621909Z Selecting previously unselected package fonts-tlwg-loma-otf.
2026-10-09T08:09:06.4727853Z Preparing to unpack .../2-fonts-tlwg-loma-otf_1%3a0.7.3-1_all.deb ...
2026-10-09T08:09:06.4883265Z Unpacking fonts-tlwg-loma-otf (1:0.7.3-1) ...
2026-10-09T08:09:06.5030419Z Selecting previously unselected package fonts-unifont.
2026-10-09T08:09:06.5136053Z Preparing to unpack .../3-fonts-unifont_1%3a15.1.01-1build1_all.deb ...
2026-10-09T08:09:06.5144535Z Unpacking fonts-unifont (1:15.1.01-1build1) ...
2026-10-09T08:09:06.7277475Z Selecting previously unselected package fonts-wqy-zenhei.
2026-10-09T08:09:06.7379180Z Preparing to unpack .../4-fonts-wqy-zenhei_0.9.45-8_all.deb ...
2026-10-09T08:09:06.7454041Z Unpacking fonts-wqy-zenhei (0.9.45-8) ...
2026-10-09T08:09:07.2548021Z Preparing to unpack .../5-libfreetype6_2.13.2+dfsg-1ubuntu0.2_amd64.deb ...
2026-10-09T08:09:07.2576658Z Unpacking libfreetype6:amd64 (2.13.2+dfsg-1ubuntu0.2) over (2.13.2+dfsg-1ubuntu0.1) ...
2026-10-09T08:09:07.2801658Z Selecting previously unselected package xfonts-encodings.
2026-10-09T08:09:07.2908853Z Preparing to unpack .../6-xfonts-encodings_1%3a1.0.5-0ubuntu2_all.deb ...
2026-10-09T08:09:07.2917796Z Unpacking xfonts-encodings (1:1.0.5-0ubuntu2) ...
2026-10-09T08:09:07.3141078Z Selecting previously unselected package xfonts-utils.
2026-10-09T08:09:07.3244901Z Preparing to unpack .../7-xfonts-utils_1%3a7.7+6build3_amd64.deb ...
2026-10-09T08:09:07.3253241Z Unpacking xfonts-utils (1:7.7+6build3) ...
2026-10-09T08:09:07.4032173Z Selecting previously unselected package xfonts-cyrillic.
2026-10-09T08:09:07.4129264Z Preparing to unpack .../8-xfonts-cyrillic_1%3a1.0.5+nmu1_all.deb ...
2026-10-09T08:09:07.4137175Z Unpacking xfonts-cyrillic (1:1.0.5+nmu1) ...
2026-10-09T08:09:07.4416501Z Selecting previously unselected package xfonts-scalable.
2026-10-09T08:09:07.4513105Z Preparing to unpack .../9-xfonts-scalable_1%3a1.0.3-1.3_all.deb ...
2026-10-09T08:09:07.4521873Z Unpacking xfonts-scalable (1:1.0.3-1.3) ...
2026-10-09T08:09:07.4922114Z Setting up fonts-wqy-zenhei (0.9.45-8) ...
2026-10-09T08:09:07.5012812Z Setting up fonts-freefont-ttf (20211204+svn4273-2) ...
2026-10-09T08:09:07.5030558Z Setting up fonts-tlwg-loma-otf (1:0.7.3-1) ...
2026-10-09T08:09:07.5047854Z Setting up libfreetype6:amd64 (2.13.2+dfsg-1ubuntu0.2) ...
2026-10-09T08:09:07.5064064Z Setting up xfonts-encodings (1:1.0.5-0ubuntu2) ...
2026-10-09T08:09:07.5079707Z Setting up fonts-ipafont-gothic (00303-21ubuntu1) ...
2026-10-09T08:09:07.5128531Z update-alternatives: using /usr/share/fonts/opentype/ipafont-gothic/ipag.ttf to provide /usr/share/fonts/truetype/fonts-japanese-gothic.ttf (fonts-japanese-gothic.ttf) in auto mode
2026-10-09T08:09:07.5140627Z Setting up fonts-unifont (1:15.1.01-1build1) ...
2026-10-09T08:09:07.5157558Z Setting up xfonts-utils (1:7.7+6build3) ...
2026-10-09T08:09:07.5191076Z Setting up xfonts-cyrillic (1:1.0.5+nmu1) ...
2026-10-09T08:09:07.5447774Z Setting up xfonts-scalable (1:1.0.3-1.3) ...
2026-10-09T08:09:07.5854521Z Processing triggers for libc-bin (2.39-0ubuntu8.9) ...
2026-10-09T08:09:08.9584993Z Processing triggers for man-db (2.12.0-4build2) ...
2026-10-09T08:09:08.9604443Z Not building database; man-db/auto-update is not 'true'.
2026-10-09T08:09:08.9616063Z Processing triggers for fontconfig (2.15.0-1.1ubuntu2) ...
2026-10-09T08:09:10.2671198Z 
2026-10-09T08:09:10.2672034Z Running kernel seems to be up-to-date.
2026-10-09T08:09:10.2672426Z 
2026-10-09T08:09:10.2672638Z Restarting services...
2026-10-09T08:09:10.2727192Z  systemctl restart php8.3-fpm.service
2026-10-09T08:09:10.3520579Z 
2026-10-09T08:09:10.3521752Z No containers need to be restarted.
2026-10-09T08:09:10.3522227Z 
2026-10-09T08:09:10.3522582Z No user sessions are running outdated binaries.
2026-10-09T08:09:10.3523023Z 
2026-10-09T08:09:10.3523531Z No VM guests are running outdated hypervisor (qemu) binaries on this host.
2026-10-09T08:09:11.0498178Z Downloading Chromium 141.0.7390.37 (playwright build v1194) from https://cdn.playwright.dev/dbazure/download/playwright/builds/chromium/1194/chromium-linux.zip
2026-10-09T08:09:11.2844349Z |                                                                                |   0% of 173.9 MiB
2026-10-09T08:09:11.6241767Z |■■■■■■■■                                                                        |  10% of 173.9 MiB
2026-10-09T08:09:11.7582970Z |■■■■■■■■■■■■■■■■                                                                |  20% of 173.9 MiB
2026-10-09T08:09:11.9062520Z |■■■■■■■■■■■■■■■■■■■■■■■■                                                        |  30% of 173.9 MiB
2026-10-09T08:09:12.0544029Z |■■■■■■■■■■■■■■■■■■■■■■■■■■■■■■■■                                                |  40% of 173.9 MiB
2026-10-09T08:09:12.2025735Z |■■■■■■■■■■■■■■■■■■■■■■■■■■■■■■■■■■■■■■■■                                        |  50% of 173.9 MiB
2026-10-09T08:09:12.3458587Z |■■■■■■■■■■■■■■■■■■■■■■■■■■■■■■■■■■■■■■■■■■■■■■■■                                |  60% of 173.9 MiB
2026-10-09T08:09:12.4841541Z |■■■■■■■■■■■■■■■■■■■■■■■■■■■■■■■■■■■■■■■■■■■■■■■■■■■■■■■■                        |  70% of 173.9 MiB
2026-10-09T08:09:12.6193894Z |■■■■■■■■■■■■■■■■■■■■■■■■■■■■■■■■■■■■■■■■■■■■■■■■■■■■■■■■■■■■■■■■                |  80% of 173.9 MiB
2026-10-09T08:09:12.7771606Z |■■■■■■■■■■■■■■■■■■■■■■■■■■■■■■■■■■■■■■■■■■■■■■■■■■■■■■■■■■■■■■■■■■■■■■■■        |  90% of 173.9 MiB
2026-10-09T08:09:12.9234453Z |■■■■■■■■■■■■■■■■■■■■■■■■■■■■■■■■■■■■■■■■■■■■■■■■■■■■■■■■■■■■■■■■■■■■■■■■■■■■■■■■| 100% of 173.9 MiB
2026-10-09T08:09:16.0621660Z Chromium 141.0.7390.37 (playwright build v1194) downloaded to /home/runner/.cache/ms-playwright/chromium-1194
2026-10-09T08:09:16.0623908Z Downloading FFMPEG playwright build v1011 from https://cdn.playwright.dev/dbazure/download/playwright/builds/ffmpeg/1011/ffmpeg-linux.zip
2026-10-09T08:09:16.2509317Z |                                                                                |   0% of 2.3 MiB
2026-10-09T08:09:16.2914332Z |■■■■■■■■                                                                        |  10% of 2.3 MiB
2026-10-09T08:09:16.3082452Z |■■■■■■■■■■■■■■■■                                                                |  20% of 2.3 MiB
2026-10-09T08:09:16.3206730Z |■■■■■■■■■■■■■■■■■■■■■■■■                                                        |  30% of 2.3 MiB
2026-10-09T08:09:16.3330747Z |■■■■■■■■■■■■■■■■■■■■■■■■■■■■■■■■                                                |  40% of 2.3 MiB
2026-10-09T08:09:16.3363937Z |■■■■■■■■■■■■■■■■■■■■■■■■■■■■■■■■■■■■■■■■                                        |  50% of 2.3 MiB
2026-10-09T08:09:16.3474103Z |■■■■■■■■■■■■■■■■■■■■■■■■■■■■■■■■■■■■■■■■■■■■■■■■                                |  60% of 2.3 MiB
2026-10-09T08:09:16.3490135Z |■■■■■■■■■■■■■■■■■■■■■■■■■■■■■■■■■■■■■■■■■■■■■■■■■■■■■■■■                        |  70% of 2.3 MiB
2026-10-09T08:09:16.3597744Z |■■■■■■■■■■■■■■■■■■■■■■■■■■■■■■■■■■■■■■■■■■■■■■■■■■■■■■■■■■■■■■■■                |  80% of 2.3 MiB
2026-10-09T08:09:16.3618262Z |■■■■■■■■■■■■■■■■■■■■■■■■■■■■■■■■■■■■■■■■■■■■■■■■■■■■■■■■■■■■■■■■■■■■■■■■        |  90% of 2.3 MiB
2026-10-09T08:09:16.3635616Z |■■■■■■■■■■■■■■■■■■■■■■■■■■■■■■■■■■■■■■■■■■■■■■■■■■■■■■■■■■■■■■■■■■■■■■■■■■■■■■■■| 100% of 2.3 MiB
2026-10-09T08:09:16.4102072Z FFMPEG playwright build v1011 downloaded to /home/runner/.cache/ms-playwright/ffmpeg-1011
2026-10-09T08:09:16.4106339Z Downloading Chromium Headless Shell 141.0.7390.37 (playwright build v1194) from https://cdn.playwright.dev/dbazure/download/playwright/builds/chromium/1194/chromium-headless-shell-linux.zip
2026-10-09T08:09:16.5626855Z |                                                                                |   0% of 104.3 MiB
2026-10-09T08:09:16.7151328Z |■■■■■■■■                                                                        |  10% of 104.3 MiB
2026-10-09T08:09:16.7548914Z |■■■■■■■■■■■■■■■■                                                                |  20% of 104.3 MiB
2026-10-09T08:09:16.7877767Z |■■■■■■■■■■■■■■■■■■■■■■■■                                                        |  30% of 104.3 MiB
2026-10-09T08:09:16.8123972Z |■■■■■■■■■■■■■■■■■■■■■■■■■■■■■■■■                                                |  40% of 104.3 MiB
2026-10-09T08:09:16.8462657Z |■■■■■■■■■■■■■■■■■■■■■■■■■■■■■■■■■■■■■■■■                                        |  50% of 104.3 MiB
2026-10-09T08:09:16.8645543Z |■■■■■■■■■■■■■■■■■■■■■■■■■■■■■■■■■■■■■■■■■■■■■■■■                                |  60% of 104.3 MiB
2026-10-09T08:09:16.8821073Z |■■■■■■■■■■■■■■■■■■■■■■■■■■■■■■■■■■■■■■■■■■■■■■■■■■■■■■■■                        |  70% of 104.3 MiB
2026-10-09T08:09:16.9028912Z |■■■■■■■■■■■■■■■■■■■■■■■■■■■■■■■■■■■■■■■■■■■■■■■■■■■■■■■■■■■■■■■■                |  80% of 104.3 MiB
2026-10-09T08:09:16.9204585Z |■■■■■■■■■■■■■■■■■■■■■■■■■■■■■■■■■■■■■■■■■■■■■■■■■■■■■■■■■■■■■■■■■■■■■■■■        |  90% of 104.3 MiB
2026-10-09T08:09:16.9451736Z |■■■■■■■■■■■■■■■■■■■■■■■■■■■■■■■■■■■■■■■■■■■■■■■■■■■■■■■■■■■■■■■■■■■■■■■■■■■■■■■■| 100% of 104.3 MiB
2026-10-09T08:09:18.6683119Z Chromium Headless Shell 141.0.7390.37 (playwright build v1194) downloaded to /home/runner/.cache/ms-playwright/chromium_headless_shell-1194
2026-10-09T08:09:18.7280049Z ##[group]Run npm test
2026-10-09T08:09:18.7280396Z [36;1mnpm test[0m
2026-10-09T08:09:18.7316319Z shell: /usr/bin/bash -e {0}
2026-10-09T08:09:18.7316659Z ##[endgroup]
2026-10-09T08:09:18.8083367Z 
2026-10-09T08:09:18.8083943Z > partybox-g02-gin-rummy@1.2.1 test
2026-10-09T08:09:18.8085010Z > npm run build && node --test tests/*.test.mjs && node scripts/league.mjs && node scripts/mutations.mjs && node scripts/browser-check.mjs && node scripts/capture.mjs ci-current --public-history --ci-output && node scripts/integrity.mjs
2026-10-09T08:09:18.8085774Z 
2026-10-09T08:09:18.8803685Z 
2026-10-09T08:09:18.8804461Z > partybox-g02-gin-rummy@1.2.1 build
2026-10-09T08:09:18.8804991Z > tsc --noEmit && node scripts/build.mjs
2026-10-09T08:09:20.4818717Z 
2026-10-09T08:09:20.4819675Z TAP version 13
2026-10-09T08:09:20.5695927Z # {"suite":"all-phases","phases":6,"cases":408}
2026-10-09T08:09:20.5752969Z # Subtest: every event family, roster id and bot skill in every delivered phase
2026-10-09T08:09:20.5797849Z ok 1 - every event family, roster id and bot skill in every delivered phase
2026-10-09T08:09:20.5815627Z   ---
2026-10-09T08:09:20.5835604Z   duration_ms: 24.083769
2026-10-09T08:09:20.5871713Z   type: 'test'
2026-10-09T08:09:20.5876621Z   ...
2026-10-09T08:09:20.5882000Z # Subtest: registered prototype-looking ids remain valid players and finite result keys
2026-10-09T08:09:20.5883283Z ok 2 - registered prototype-looking ids remain valid players and finite result keys
2026-10-09T08:09:20.5884117Z   ---
2026-10-09T08:09:20.5884687Z   duration_ms: 2.254317
2026-10-09T08:09:20.5885444Z   type: 'test'
2026-10-09T08:09:20.5885981Z   ...
2026-10-09T08:09:24.4378561Z # {"suite":"batch-discard-proof","hands":1000,"outcomes":10500,"exactLayouts":true}
2026-10-09T08:09:24.4393591Z # Subtest: 10500 batch outcomes retain exact standalone layouts and independent minima
2026-10-09T08:09:24.4405805Z ok 3 - 10500 batch outcomes retain exact standalone layouts and independent minima
2026-10-09T08:09:24.4406829Z   ---
2026-10-09T08:09:24.4430325Z   duration_ms: 3874.347888
2026-10-09T08:09:24.4431389Z   type: 'test'
2026-10-09T08:09:24.4431880Z   ...
2026-10-09T08:09:29.3646371Z # {"suite":"boundary-fuzz","seed":912701,"invalidInputs":1000,"phases":6,"rejectedInputs":6000,"metadataChecks":282,"viewChecks":66}
2026-10-09T08:09:29.3648547Z # Subtest: 1000 seeded invalid JSON inputs and malformed event/identity metadata in every phase
2026-10-09T08:09:29.3650628Z ok 4 - 1000 seeded invalid JSON inputs and malformed event/identity metadata in every phase
2026-10-09T08:09:29.3652449Z   ---
2026-10-09T08:09:29.3653120Z   duration_ms: 66.552753
2026-10-09T08:09:29.3653675Z   type: 'test'
2026-10-09T08:09:29.3656253Z   ...
2026-10-09T08:09:29.3657605Z # {"suite":"mixed-event-replay","phaseStarts":6,"seedsPerPhase":100,"transitions":48000,"changed":12742,"eventFamilies":["input","player","speech","speechStart","timer","vip"]}
2026-10-09T08:09:29.3659196Z # Subtest: mixed event families replay through JSON after every transition from every phase
2026-10-09T08:09:29.3660348Z ok 5 - mixed event families replay through JSON after every transition from every phase
2026-10-09T08:09:29.3661347Z   ---
2026-10-09T08:09:29.3661921Z   duration_ms: 8721.185745
2026-10-09T08:09:29.3662459Z   type: 'test'
2026-10-09T08:09:29.3662956Z   ...
2026-10-09T08:09:29.3797414Z # Subtest: branching target ends retain exact minima, legal chains, layouts and all cards
2026-10-09T08:09:29.3823321Z ok 6 - branching target ends retain exact minima, legal chains, layouts and all cards
2026-10-09T08:09:29.3838189Z   ---
2026-10-09T08:09:29.3840034Z   duration_ms: 31.497976
2026-10-09T08:09:29.3840679Z   type: 'test'
2026-10-09T08:09:29.3841437Z   ...
2026-10-09T08:09:29.3842855Z # Subtest: current source-bound raw proof passes without discarding its largest interval
2026-10-09T08:09:29.3844018Z ok 7 - current source-bound raw proof passes without discarding its largest interval
2026-10-09T08:09:29.3844782Z   ---
2026-10-09T08:09:29.3845690Z   duration_ms: 2.074369
2026-10-09T08:09:29.3846266Z   type: 'test'
2026-10-09T08:09:29.3846766Z   ...
2026-10-09T08:09:29.3847627Z # Subtest: a refreshed inventory cannot accept stale browser or recording source hashes
2026-10-09T08:09:29.3848643Z ok 8 - a refreshed inventory cannot accept stale browser or recording source hashes
2026-10-09T08:09:29.3849457Z   ---
2026-10-09T08:09:29.3850039Z   duration_ms: 7.322747
2026-10-09T08:09:29.3850535Z   type: 'test'
2026-10-09T08:09:29.3851234Z   ...
2026-10-09T08:09:29.3861832Z # Subtest: changed end guards and failed snapshots are rejected
2026-10-09T08:09:29.3862859Z ok 9 - changed end guards and failed snapshots are rejected
2026-10-09T08:09:29.3863570Z   ---
2026-10-09T08:09:29.3864055Z   duration_ms: 5.381747
2026-10-09T08:09:29.3864647Z   type: 'test'
2026-10-09T08:09:29.3865206Z   ...
2026-10-09T08:09:29.3866002Z # Subtest: missing, altered and invalid raw intervals cannot be hidden by good summary fields
2026-10-09T08:09:29.3867187Z ok 10 - missing, altered and invalid raw intervals cannot be hidden by good summary fields
2026-10-09T08:09:29.3867942Z   ---
2026-10-09T08:09:29.3868422Z   duration_ms: 5.672638
2026-10-09T08:09:29.3869004Z   type: 'test'
2026-10-09T08:09:29.3869453Z   ...
2026-10-09T08:09:29.3870149Z # Subtest: reported statistics are recomputed from all retained intervals
2026-10-09T08:09:29.3871217Z ok 11 - reported statistics are recomputed from all retained intervals
2026-10-09T08:09:29.3871936Z   ---
2026-10-09T08:09:29.3872411Z   duration_ms: 7.652732
2026-10-09T08:09:29.3872914Z   type: 'test'
2026-10-09T08:09:29.3873414Z   ...
2026-10-09T08:09:29.3874525Z # Subtest: an honestly recomputed slow raw sample still fails the original frame gate
2026-10-09T08:09:29.3875611Z ok 12 - an honestly recomputed slow raw sample still fails the original frame gate
2026-10-09T08:09:29.3876278Z   ---
2026-10-09T08:09:29.3876671Z   duration_ms: 2.007756
2026-10-09T08:09:29.3877050Z   type: 'test'
2026-10-09T08:09:29.3877410Z   ...
2026-10-09T08:09:29.3877975Z # Subtest: profile dimensions, CPU rates and encoder separation must remain truthful
2026-10-09T08:09:29.3878624Z ok 13 - profile dimensions, CPU rates and encoder separation must remain truthful
2026-10-09T08:09:29.3879086Z   ---
2026-10-09T08:09:29.3879478Z   duration_ms: 4.936832
2026-10-09T08:09:29.3879818Z   type: 'test'
2026-10-09T08:09:29.3880161Z   ...
2026-10-09T08:09:29.3880656Z # Subtest: changed, oversized and falsely labeled recordings are rejected
2026-10-09T08:09:29.3882183Z ok 14 - changed, oversized and falsely labeled recordings are rejected
2026-10-09T08:09:29.3882719Z   ---
2026-10-09T08:09:29.3883455Z   duration_ms: 11.655398
2026-10-09T08:09:29.3883871Z   type: 'test'
2026-10-09T08:09:29.3884483Z   ...
2026-10-09T08:09:29.3885221Z # Subtest: actual capture CLI refuses invalid tags and existing media/report before any browser launch
2026-10-09T08:09:29.3886259Z ok 15 - actual capture CLI refuses invalid tags and existing media/report before any browser launch
2026-10-09T08:09:29.3886956Z   ---
2026-10-09T08:09:29.3887308Z   duration_ms: 533.12017
2026-10-09T08:09:29.3887731Z   type: 'test'
2026-10-09T08:09:29.3888118Z   ...
2026-10-09T08:09:29.3888795Z # Subtest: meld validation rejects impossible card IDs while preserving legitimate edge runs/sets
2026-10-09T08:09:29.3889836Z ok 16 - meld validation rejects impossible card IDs while preserving legitimate edge runs/sets
2026-10-09T08:09:29.3890471Z   ---
2026-10-09T08:09:29.3890828Z   duration_ms: 0.753954
2026-10-09T08:09:29.3891357Z   type: 'test'
2026-10-09T08:09:29.3891760Z   ...
2026-10-09T08:09:29.3892787Z # {"suite":"closed-meld-knock-settings","cases":1152,"minGain":11,"maxGain":60,"classicSignedBefore":-14,"classicSignedAfter":1}
2026-10-09T08:09:29.3894418Z # {"suite":"closed-meld-knock-independent-hidden-defenders","defenders":1000,"publicViewsByteIdentical":true,"minGain":5,"maxGain":5,"winningTransitions":0}
2026-10-09T08:09:29.3895626Z # {"suite":"closed-meld-knock-boundaries","controls":120}
2026-10-09T08:09:29.3896786Z # Subtest: Strong improves a finishing knock across different closed melds in every setting and suit
2026-10-09T08:09:29.3897872Z ok 17 - Strong improves a finishing knock across different closed melds in every setting and suit
2026-10-09T08:09:29.3898606Z   ---
2026-10-09T08:09:29.3898948Z   duration_ms: 1067.882272
2026-10-09T08:09:29.3899385Z   type: 'test'
2026-10-09T08:09:29.3899768Z   ...
2026-10-09T08:09:29.3900503Z # Subtest: 1000 identical public views keep the same safe choice and independent joint-defense score
2026-10-09T08:09:29.3901705Z ok 18 - 1000 identical public views keep the same safe choice and independent joint-defense score
2026-10-09T08:09:29.3902436Z   ---
2026-10-09T08:09:29.3902805Z   duration_ms: 5632.700816
2026-10-09T08:09:29.3903199Z   type: 'test'
2026-10-09T08:09:29.3903633Z   ...
2026-10-09T08:09:29.3904381Z # Subtest: closed-target dominance preserves forbidden returns, no-knock, Gin and inactive boundaries
2026-10-09T08:09:29.3905463Z ok 19 - closed-target dominance preserves forbidden returns, no-knock, Gin and inactive boundaries
2026-10-09T08:09:29.3906178Z   ---
2026-10-09T08:09:29.3906513Z   duration_ms: 36.722264
2026-10-09T08:09:29.3906967Z   type: 'test'
2026-10-09T08:09:29.3907336Z   ...
2026-10-09T08:09:51.4497440Z # {"suite":"bot-contract","variant":"standard","players":2,"games":1000,"replays":1000,"totalEvents":260844,"maxEvents":612,"replayChecks":260844,"comparison":"every-event SHA256 and bytes; JSON-roundtrip replay"}
2026-10-09T08:10:13.9133353Z # {"suite":"bot-contract","variant":"standard","players":3,"games":1000,"replays":1000,"totalEvents":285455,"maxEvents":775,"replayChecks":285455,"comparison":"every-event SHA256 and bytes; JSON-roundtrip replay"}
2026-10-09T08:10:40.8927513Z # {"suite":"bot-contract","variant":"standard","players":4,"games":1000,"replays":1000,"totalEvents":344241,"maxEvents":825,"replayChecks":344241,"comparison":"every-event SHA256 and bytes; JSON-roundtrip replay"}
2026-10-09T08:11:00.6749474Z # {"suite":"bot-contract","variant":"oklahoma","players":2,"games":1000,"replays":1000,"totalEvents":255515,"maxEvents":755,"replayChecks":255515,"comparison":"every-event SHA256 and bytes; JSON-roundtrip replay"}
2026-10-09T08:11:22.0719701Z # {"suite":"bot-contract","variant":"oklahoma","players":3,"games":1000,"replays":1000,"totalEvents":268526,"maxEvents":812,"replayChecks":268526,"comparison":"every-event SHA256 and bytes; JSON-roundtrip replay"}
2026-10-09T08:11:47.5515220Z # {"suite":"bot-contract","variant":"oklahoma","players":4,"games":1000,"replays":1000,"totalEvents":315689,"maxEvents":929,"replayChecks":315689,"comparison":"every-event SHA256 and bytes; JSON-roundtrip replay"}
2026-10-09T08:11:57.0421915Z # {"suite":"properties","seeds":1003,"events":420546}
2026-10-09T08:11:59.7069732Z # {"suite":"secrecy","comparisons":7925}
2026-10-09T08:11:59.7281499Z # Subtest: 1000 finished seeded bot games at EACH valid count/edition, hash replay after EVERY event
2026-10-09T08:11:59.7284961Z ok 20 - 1000 finished seeded bot games at EACH valid count/edition, hash replay after EVERY event
2026-10-09T08:11:59.7285890Z   ---
2026-10-09T08:11:59.7286532Z   duration_ms: 143022.182135
2026-10-09T08:11:59.7287158Z   type: 'test'
2026-10-09T08:11:59.7287631Z   ...
2026-10-09T08:11:59.7288573Z # Subtest: property seeds 1,2,3 plus 1000 random seeds: adversarial event sequences and immutability
2026-10-09T08:11:59.7289829Z ok 21 - property seeds 1,2,3 plus 1000 random seeds: adversarial event sequences and immutability
2026-10-09T08:11:59.7290605Z   ---
2026-10-09T08:11:59.7291383Z   duration_ms: 9489.681796
2026-10-09T08:11:59.7291919Z   type: 'test'
2026-10-09T08:11:59.7292635Z   ...
2026-10-09T08:11:59.7298100Z # Subtest: hidden-card/order perturbations never change TV, another controller or bot decisions
2026-10-09T08:11:59.7322936Z ok 22 - hidden-card/order perturbations never change TV, another controller or bot decisions
2026-10-09T08:11:59.7323572Z   ---
2026-10-09T08:11:59.7324533Z   duration_ms: 2664.898754
2026-10-09T08:11:59.7324949Z   type: 'test'
2026-10-09T08:11:59.7325707Z   ...
2026-10-09T08:11:59.7326409Z # Subtest: idle/no-clock matches remain until explicit end, every phase can exit via VIP
2026-10-09T08:11:59.7327045Z ok 23 - idle/no-clock matches remain until explicit end, every phase can exit via VIP
2026-10-09T08:11:59.7327476Z   ---
2026-10-09T08:11:59.7327776Z   duration_ms: 17.729856
2026-10-09T08:11:59.7328037Z   type: 'test'
2026-10-09T08:11:59.7328314Z   ...
2026-10-09T08:11:59.7476541Z # {"suite":"departures","initialCases":1000,"completeMatches":120,"events":17184,"maxAutomatedTransitions":75}
2026-10-09T08:11:59.7477865Z # Subtest: departures in every live phase finish the absent turn without exposing its hand
2026-10-09T08:11:59.7478850Z ok 24 - departures in every live phase finish the absent turn without exposing its hand
2026-10-09T08:11:59.7479517Z   ---
2026-10-09T08:11:59.7479869Z   duration_ms: 16.056332
2026-10-09T08:11:59.7480281Z   type: 'test'
2026-10-09T08:11:59.7480672Z   ...
2026-10-09T08:11:59.7481563Z # Subtest: 1000 departure/drop cases and 120 full matches never leave an absent seat blocking play
2026-10-09T08:11:59.7482575Z ok 25 - 1000 departure/drop cases and 120 full matches never leave an absent seat blocking play
2026-10-09T08:11:59.7483351Z   ---
2026-10-09T08:11:59.7492423Z   duration_ms: 4129.280227
2026-10-09T08:11:59.7493245Z   type: 'test'
2026-10-09T08:11:59.7493807Z   ...
2026-10-09T08:11:59.7494838Z # Subtest: empty rooms pause, reconnect resumes only an automatic pause, and permanent leaves cannot rejoin
2026-10-09T08:11:59.7495981Z ok 26 - empty rooms pause, reconnect resumes only an automatic pause, and permanent leaves cannot rejoin
2026-10-09T08:11:59.7497041Z   ---
2026-10-09T08:11:59.7497560Z   duration_ms: 1.216229
2026-10-09T08:11:59.7498171Z   type: 'test'
2026-10-09T08:11:59.7498643Z   ...
2026-10-09T08:11:59.7499283Z # Subtest: departures during VIP pause drain only on resume; malformed control events do nothing
2026-10-09T08:11:59.7500288Z ok 27 - departures during VIP pause drain only on resume; malformed control events do nothing
2026-10-09T08:11:59.7501147Z   ---
2026-10-09T08:11:59.7501477Z   duration_ms: 0.469006
2026-10-09T08:11:59.7501733Z   type: 'test'
2026-10-09T08:11:59.7502013Z   ...
2026-10-09T08:11:59.7502511Z # {"suite":"deadwood-proof","hands":10000,"tenCard":5000,"elevenCard":5000,"seed":20261008,"checksum":584788}
2026-10-09T08:11:59.7503103Z # Subtest: independent exhaustive meld-subset packing proves 10000 exact minima
2026-10-09T08:11:59.7503660Z ok 28 - independent exhaustive meld-subset packing proves 10000 exact minima
2026-10-09T08:11:59.7504013Z   ---
2026-10-09T08:11:59.7504292Z   duration_ms: 5451.642961
2026-10-09T08:11:59.7504570Z   type: 'test'
2026-10-09T08:11:59.7504893Z   ...
2026-10-09T08:11:59.7505357Z # Subtest: actual Big Gin reducer keeps eleven cards, rejects disabled/incomplete claims and prevents layoffs
2026-10-09T08:11:59.7506093Z ok 29 - actual Big Gin reducer keeps eleven cards, rejects disabled/incomplete claims and prevents layoffs
2026-10-09T08:11:59.7506533Z   ---
2026-10-09T08:11:59.7506757Z   duration_ms: 8.198022
2026-10-09T08:11:59.7507038Z   type: 'test'
2026-10-09T08:11:59.7507263Z   ...
2026-10-09T08:11:59.7507711Z # Subtest: actual Gin/normal knock phases, custom layout rejection, match completion and Oklahoma boxes
2026-10-09T08:11:59.7508391Z ok 30 - actual Gin/normal knock phases, custom layout rejection, match completion and Oklahoma boxes
2026-10-09T08:11:59.7508781Z   ---
2026-10-09T08:11:59.7509020Z   duration_ms: 4.831314
2026-10-09T08:11:59.7509291Z   type: 'test'
2026-10-09T08:11:59.7509541Z   ...
2026-10-09T08:11:59.7509976Z # Subtest: winner-stays queue for every rotation size, drawn hand retains seats, each dealer setting
2026-10-09T08:11:59.7510623Z ok 31 - winner-stays queue for every rotation size, drawn hand retains seats, each dealer setting
2026-10-09T08:11:59.7511254Z   ---
2026-10-09T08:11:59.7511492Z   duration_ms: 2.156034
2026-10-09T08:11:59.7511787Z   type: 'test'
2026-10-09T08:11:59.7512006Z   ...
2026-10-09T08:11:59.7513258Z # {"frameWindow":"READY","profile":"desktop","sourceSha256":"aaaaaaaaaaaaaaaaaaaaaaaaaaaaaaaaaaaaaaaaaaaaaaaaaaaaaaaaaaaaaaaa","attemptNonce":"b3cb0712-4916-4122-8af3-f56e79fab048","utc":"2026-10-09T08:09:32.741Z"}
2026-10-09T08:11:59.7514999Z # {"frameWindow":"CLOSED","profile":"desktop","sourceSha256":"aaaaaaaaaaaaaaaaaaaaaaaaaaaaaaaaaaaaaaaaaaaaaaaaaaaaaaaaaaaaaaaa","attemptNonce":"b3cb0712-4916-4122-8af3-f56e79fab048","coordination":"root-granted","readyUtc":"2026-10-09T08:09:32.741Z","grantUtc":"2026-10-09T08:09:33.745Z","status":"closed","utc":"2026-10-09T08:09:33.746Z"}
2026-10-09T08:11:59.7516734Z # {"frameWindow":"READY","profile":"desktop","sourceSha256":"aaaaaaaaaaaaaaaaaaaaaaaaaaaaaaaaaaaaaaaaaaaaaaaaaaaaaaaaaaaaaaaa","attemptNonce":"6e4ff760-258e-410e-810f-0bcc77deeb16","utc":"2026-10-09T08:09:33.747Z"}
2026-10-09T08:11:59.7518387Z # {"frameWindow":"CLOSED","profile":"desktop","sourceSha256":"aaaaaaaaaaaaaaaaaaaaaaaaaaaaaaaaaaaaaaaaaaaaaaaaaaaaaaaaaaaaaaaa","attemptNonce":"6e4ff760-258e-410e-810f-0bcc77deeb16","coordination":"root-granted","readyUtc":"2026-10-09T08:09:33.747Z","grantUtc":"2026-10-09T08:09:33.947Z","status":"closed","utc":"2026-10-09T08:09:33.947Z"}
2026-10-09T08:11:59.7519464Z # {"actualGrantCorruptionControls":10,"sequentialAttempts":2}
2026-10-09T08:11:59.7520436Z # {"frameWindow":"READY","profile":"desktop","sourceSha256":"aaaaaaaaaaaaaaaaaaaaaaaaaaaaaaaaaaaaaaaaaaaaaaaaaaaaaaaaaaaaaaaa","attemptNonce":"0bc3f931-03ce-4336-87f0-ee98474719cb","utc":"2026-10-09T08:09:33.950Z"}
2026-10-09T08:11:59.7521563Z # Subtest: actual temporary grants reject stale nonce/source/profile and malformed or extra fields
2026-10-09T08:11:59.7522711Z ok 32 - actual temporary grants reject stale nonce/source/profile and malformed or extra fields
2026-10-09T08:11:59.7523296Z   ---
2026-10-09T08:11:59.7523593Z   duration_ms: 1209.426611
2026-10-09T08:11:59.7523910Z   type: 'test'
2026-10-09T08:11:59.7524153Z   ...
2026-10-09T08:11:59.7525378Z # {"frameWindow":"CLOSED","profile":"desktop","sourceSha256":"aaaaaaaaaaaaaaaaaaaaaaaaaaaaaaaaaaaaaaaaaaaaaaaaaaaaaaaaaaaaaaaa","attemptNonce":"0bc3f931-03ce-4336-87f0-ee98474719cb","coordination":"root-granted","readyUtc":"2026-10-09T08:09:33.950Z","grantUtc":null,"status":"failed","reason":"matching grant timed out","utc":"2026-10-09T08:09:34.050Z"}
2026-10-09T08:11:59.7526672Z # Subtest: actual missing grant fails and writes CLOSED; no configured barrier returns an explicit uncoordinated identity
2026-10-09T08:11:59.7527445Z ok 33 - actual missing grant fails and writes CLOSED; no configured barrier returns an explicit uncoordinated identity
2026-10-09T08:11:59.7528133Z   ---
2026-10-09T08:11:59.7528498Z   duration_ms: 101.94449
2026-10-09T08:11:59.7528814Z   type: 'test'
2026-10-09T08:11:59.7529103Z   ...
2026-10-09T08:11:59.7530189Z # {"suite":"preexisting-gin-draw-matrix","cases":6912,"actualLegalDrawPhaseRoutes":true,"skills":3,"variants":2,"counts":[2,3,4],"suits":4,"endpoints":2,"clockSettings":[0,10]}
2026-10-09T08:11:59.7532149Z # {"suite":"preexisting-gin-hidden-defenders","cases":1000,"choices":3000,"sha256":"2e50741934f3e2fc8cdb29eb066c29fe991f8fc1a2cd24123969b3121ec98db8"}
2026-10-09T08:11:59.7533277Z # {"suite":"preexisting-gin-draw-boundaries","controls":90}
2026-10-09T08:11:59.7534176Z # {"suite":"preexisting-gin-measured-gain","immediatePoints":31,"priorPassRoutePoints":20,"gain":11}
2026-10-09T08:11:59.7535291Z # Subtest: all skills take a guaranteed finishing discard even when ten-card deadwood is already zero
2026-10-09T08:11:59.7536246Z ok 34 - all skills take a guaranteed finishing discard even when ten-card deadwood is already zero
2026-10-09T08:11:59.7537167Z   ---
2026-10-09T08:11:59.7537523Z   duration_ms: 2750.173052
2026-10-09T08:11:59.7538121Z   type: 'test'
2026-10-09T08:11:59.7538563Z   ...
2026-10-09T08:11:59.7539426Z # Subtest: 1000 hidden defender completions keep the same guaranteed choice and exact independent finishing score
2026-10-09T08:11:59.7541097Z ok 35 - 1000 hidden defender completions keep the same guaranteed choice and exact independent finishing score
2026-10-09T08:11:59.7542081Z   ---
2026-10-09T08:11:59.7542652Z   duration_ms: 861.573672
2026-10-09T08:11:59.7542932Z   type: 'test'
2026-10-09T08:11:59.7543416Z   ...
2026-10-09T08:11:59.7544507Z # Subtest: forced stock, unavailable actors, pause and non-finishing discards retain the original legal boundaries
2026-10-09T08:11:59.7546442Z ok 36 - forced stock, unavailable actors, pause and non-finishing discards retain the original legal boundaries
2026-10-09T08:11:59.7547325Z   ---
2026-10-09T08:11:59.7547640Z   duration_ms: 12.119117
2026-10-09T08:11:59.7548065Z   type: 'test'
2026-10-09T08:11:59.7548381Z   ...
2026-10-09T08:11:59.7549075Z # Subtest: the reproduced opening takes 31-point Big Gin instead of passing into a 20-point Gin
2026-10-09T08:11:59.7550073Z ok 37 - the reproduced opening takes 31-point Big Gin instead of passing into a 20-point Gin
2026-10-09T08:11:59.7550688Z   ---
2026-10-09T08:11:59.7551186Z   duration_ms: 1.495651
2026-10-09T08:11:59.7551572Z   type: 'test'
2026-10-09T08:11:59.7551945Z   ...
2026-10-09T08:11:59.7552502Z # {"suite":"strong-guaranteed-gin","cases":72,"knownClassicPoints":22}
2026-10-09T08:11:59.7553985Z # {"suite":"gin-actual-score-dominance","defenders":1000,"ordinaryComparisons":6904,"minGain":21,"sha256":"d57bb9977c2b677288f79cc4dae664d82a2d9bf8316ccc658f30362fdc3130d5"}
2026-10-09T08:11:59.7555187Z # {"suite":"gin-policy-boundaries","forbiddenCases":52,"bigGinCases":12}
2026-10-09T08:11:59.7556153Z # Subtest: Strong takes guaranteed Gin despite public discard danger in every edition/profile/rotation
2026-10-09T08:11:59.7557435Z ok 38 - Strong takes guaranteed Gin despite public discard danger in every edition/profile/rotation
2026-10-09T08:11:59.7558096Z   ---
2026-10-09T08:11:59.7558483Z   duration_ms: 67.256929
2026-10-09T08:11:59.7558951Z   type: 'test'
2026-10-09T08:11:59.7559309Z   ...
2026-10-09T08:11:59.7560085Z # Subtest: actual Gin scoring dominates every legal ordinary knock against 1000 disjoint hidden defenders
2026-10-09T08:11:59.7561405Z ok 39 - actual Gin scoring dominates every legal ordinary knock against 1000 disjoint hidden defenders
2026-10-09T08:11:59.7562138Z   ---
2026-10-09T08:11:59.7562497Z   duration_ms: 1892.677566
2026-10-09T08:11:59.7562966Z   type: 'test'
2026-10-09T08:11:59.7563339Z   ...
2026-10-09T08:11:59.7564091Z # Subtest: Gin priority respects immediate-return prohibition and preserves the existing Big Gin branch
2026-10-09T08:11:59.7565271Z ok 40 - Gin priority respects immediate-return prohibition and preserves the existing Big Gin branch
2026-10-09T08:11:59.7565979Z   ---
2026-10-09T08:11:59.7566348Z   duration_ms: 18.370651
2026-10-09T08:11:59.7566755Z   type: 'test'
2026-10-09T08:11:59.7567154Z   ...
2026-10-09T08:11:59.7568096Z # {"suite":"non-gin-policy-byte-equivalence","states":10000,"decisions":30000,"baselineHead":"72d0f3f4ad4f6b70a8ac6b0ed81121300aa54c1f"}
2026-10-09T08:11:59.7569230Z # Subtest: all 30000 non-Gin bot choices retain the accepted pre-repair behavior
2026-10-09T08:11:59.7570176Z ok 41 - all 30000 non-Gin bot choices retain the accepted pre-repair behavior
2026-10-09T08:11:59.7570738Z   ---
2026-10-09T08:11:59.7571315Z   duration_ms: 2406.817524
2026-10-09T08:11:59.7571775Z   type: 'test'
2026-10-09T08:11:59.7572106Z   ...
2026-10-09T08:11:59.7573129Z # {"suite":"initial-presence-exhaustive","cases":336,"connectionMasks":"all","counts":[2,3,4],"variants":["standard","oklahoma"],"clocks":[0,10]}
2026-10-09T08:11:59.7574155Z # {"suite":"initial-presence-seeded","cases":1000}
2026-10-09T08:11:59.7574999Z # Subtest: known initial presence is handled before either player needs to send an event
2026-10-09T08:11:59.7575915Z ok 42 - known initial presence is handled before either player needs to send an event
2026-10-09T08:11:59.7576520Z   ---
2026-10-09T08:11:59.7576941Z   duration_ms: 293.411038
2026-10-09T08:11:59.7577216Z   type: 'test'
2026-10-09T08:11:59.7577531Z   ...
2026-10-09T08:11:59.7578191Z # Subtest: 1000 seeded initial presence patterns are playable or paused without a duplicate drop event
2026-10-09T08:11:59.7579138Z ok 43 - 1000 seeded initial presence patterns are playable or paused without a duplicate drop event
2026-10-09T08:11:59.7579607Z   ---
2026-10-09T08:11:59.7579866Z   duration_ms: 365.191499
2026-10-09T08:11:59.7580156Z   type: 'test'
2026-10-09T08:11:59.7580416Z   ...
2026-10-09T08:11:59.7581297Z # {"suite":"connected-initialization-byte-equivalence","cases":6000,"baselineHead":"d5fbb39746f8f7900bee57506e8133e8675f48ed"}
2026-10-09T08:11:59.7582002Z # Subtest: all-connected opening states retain the exact 6000 pre-repair JSON states
2026-10-09T08:11:59.7582711Z ok 44 - all-connected opening states retain the exact 6000 pre-repair JSON states
2026-10-09T08:11:59.7583095Z   ---
2026-10-09T08:11:59.7583327Z   duration_ms: 127.295606
2026-10-09T08:11:59.7583674Z   type: 'test'
2026-10-09T08:11:59.7583921Z   ...
2026-10-09T08:11:59.7584460Z # {"suite":"same-meld-knock-configurations","cases":576,"minGain":1,"classicPointsBefore":1,"classicPointsAfter":2}
2026-10-09T08:11:59.7585510Z # {"suite":"same-meld-knock-hidden-defenders","defenders":1000,"minGain":1,"maxGain":2,"positiveKnocks":1000,"undercuts":0,"sha256":"8b7cd1f52b2b229393f43ad8ccd09056a2c496a42b5d8e277cf9436049027bd2"}
2026-10-09T08:11:59.7586288Z # {"suite":"same-meld-knock-boundaries","controls":120}
2026-10-09T08:11:59.7586978Z # {"suite":"same-meld-knock-score-boundaries","cases":144,"winningTransitions":36,"minGain":1,"maxGain":52,"defenderDeadwoods":[0,1,2,3]}
2026-10-09T08:11:59.7587745Z # Subtest: Strong takes the strictly better same-meld knock in all editions, profiles, rosters and suits
2026-10-09T08:11:59.7588519Z ok 45 - Strong takes the strictly better same-meld knock in all editions, profiles, rosters and suits
2026-10-09T08:11:59.7588995Z   ---
2026-10-09T08:11:59.7589249Z   duration_ms: 613.522277
2026-10-09T08:11:59.7589517Z   type: 'test'
2026-10-09T08:11:59.7589786Z   ...
2026-10-09T08:11:59.7590298Z # Subtest: the same public decision dominates against 1000 hidden defenders with independent joint layoff scoring
2026-10-09T08:11:59.7591309Z ok 46 - the same public decision dominates against 1000 hidden defenders with independent joint layoff scoring
2026-10-09T08:11:59.7591806Z   ---
2026-10-09T08:11:59.7592051Z   duration_ms: 3066.420556
2026-10-09T08:11:59.7592327Z   type: 'test'
2026-10-09T08:11:59.7593182Z   ...
2026-10-09T08:11:59.7593720Z # Subtest: ordinary-knock priority retains immediate-return, Gin, no-knock and unavailable-player boundaries
2026-10-09T08:11:59.7594455Z ok 47 - ordinary-knock priority retains immediate-return, Gin, no-knock and unavailable-player boundaries
2026-10-09T08:11:59.7594906Z   ---
2026-10-09T08:11:59.7595193Z   duration_ms: 18.402391
2026-10-09T08:11:59.7595463Z   type: 'test'
2026-10-09T08:11:59.7595711Z   ...
2026-10-09T08:11:59.7596248Z # Subtest: same-meld lower deadwood improves both undercuts and the transition from undercut to winning knock
2026-10-09T08:11:59.7596942Z ok 48 - same-meld lower deadwood improves both undercuts and the transition from undercut to winning knock
2026-10-09T08:11:59.7597390Z   ---
2026-10-09T08:11:59.7597679Z   duration_ms: 356.8807
2026-10-09T08:11:59.7597958Z   type: 'test'
2026-10-09T08:11:59.7598206Z   ...
2026-10-09T08:11:59.7598777Z # {"suite":"joint-layoff-proof","hands":2000,"twoTarget":1000,"threeTarget":1000,"seed":816777,"checksum":102460,"actualLaidCards":1534}
2026-10-09T08:11:59.7599508Z # Subtest: 2000 independent joint meld/layoff weighted packings including chained extensions
2026-10-09T08:11:59.7600135Z ok 49 - 2000 independent joint meld/layoff weighted packings including chained extensions
2026-10-09T08:11:59.7600617Z   ---
2026-10-09T08:11:59.7600925Z   duration_ms: 6313.348065
2026-10-09T08:11:59.7601504Z   type: 'test'
2026-10-09T08:11:59.7601834Z   ...
2026-10-09T08:11:59.7602451Z # {"suite":"public-discard-closed-meld-knock-settings","cases":1152,"minGain":11,"maxGain":52,"classicSignedBefore":-10,"classicSignedAfter":1}
2026-10-09T08:11:59.7603683Z # {"suite":"public-discard-closed-meld-knock-independent-hidden-defenders","defenders":1000,"publicViewsByteIdentical":true,"minGain":1,"maxGain":1,"winningTransitions":0}
2026-10-09T08:11:59.7604672Z # {"suite":"public-discard-closed-meld-knock-boundaries","controls":168}
2026-10-09T08:11:59.7605464Z # Subtest: Strong excludes publicly discarded cards from finishing layoff targets in every setting and suit
2026-10-09T08:11:59.7606357Z ok 50 - Strong excludes publicly discarded cards from finishing layoff targets in every setting and suit
2026-10-09T08:11:59.7606875Z   ---
2026-10-09T08:11:59.7607254Z   duration_ms: 1528.208711
2026-10-09T08:11:59.7607656Z   type: 'test'
2026-10-09T08:11:59.7608101Z   ...
2026-10-09T08:11:59.7608680Z # Subtest: 1000 identical public views keep the same safe choice and independent joint-defense score
2026-10-09T08:11:59.7609454Z ok 51 - 1000 identical public views keep the same safe choice and independent joint-defense score
2026-10-09T08:11:59.7609955Z   ---
2026-10-09T08:11:59.7610228Z   duration_ms: 7637.606287
2026-10-09T08:11:59.7610585Z   type: 'test'
2026-10-09T08:11:59.7610877Z   ...
2026-10-09T08:11:59.7611571Z # Subtest: public discard closure preserves hidden-card uncertainty, forbidden returns, no-knock and Gin boundaries
2026-10-09T08:11:59.7612813Z ok 52 - public discard closure preserves hidden-card uncertainty, forbidden returns, no-knock and Gin boundaries
2026-10-09T08:11:59.7613473Z   ---
2026-10-09T08:11:59.7614032Z   duration_ms: 56.118313
2026-10-09T08:11:59.7614420Z   type: 'test'
2026-10-09T08:11:59.7614840Z   ...
2026-10-09T08:11:59.7615285Z # {"suite":"opening-pass-attribution","directPassCases":360,"editions":2,"counts":[2,3,4]}
2026-10-09T08:11:59.7615969Z # {"suite":"pass-valid-ids","cases":240,"ids":["","__proto__","constructor","last"]}
2026-10-09T08:11:59.7616562Z # {"suite":"automatic-pass-attribution","routes":["timer","vip","player"]}
2026-10-09T08:11:59.7617151Z # Subtest: both opening passes identify their actual actors across counts, editions and seeds
2026-10-09T08:11:59.7617771Z ok 53 - both opening passes identify their actual actors across counts, editions and seeds
2026-10-09T08:11:59.7618203Z   ---
2026-10-09T08:11:59.7618470Z   duration_ms: 71.687512
2026-10-09T08:11:59.7618750Z   type: 'test'
2026-10-09T08:11:59.7619014Z   ...
2026-10-09T08:11:59.7619465Z # Subtest: empty and prototype-shaped original IDs retain pass attribution as own keys
2026-10-09T08:11:59.7620040Z ok 54 - empty and prototype-shaped original IDs retain pass attribution as own keys
2026-10-09T08:11:59.7620493Z   ---
2026-10-09T08:11:59.7620731Z   duration_ms: 25.249977
2026-10-09T08:11:59.7621131Z   type: 'test'
2026-10-09T08:11:59.7621529Z   ...
2026-10-09T08:11:59.7621958Z # Subtest: timer, VIP skip and absent-seat automation identify the automatic passer
2026-10-09T08:11:59.7622584Z ok 55 - timer, VIP skip and absent-seat automation identify the automatic passer
2026-10-09T08:11:59.7622995Z   ---
2026-10-09T08:11:59.7623241Z   duration_ms: 1.31056
2026-10-09T08:11:59.7623515Z   type: 'test'
2026-10-09T08:11:59.7623846Z   ...
2026-10-09T08:11:59.7624370Z # Subtest: first raw target winner keeps the crown even when final box settlement reverses points
2026-10-09T08:11:59.7625116Z ok 56 - first raw target winner keeps the crown even when final box settlement reverses points
2026-10-09T08:11:59.7625795Z   ---
2026-10-09T08:11:59.7626057Z   duration_ms: 6.057433
2026-10-09T08:11:59.7626311Z   type: 'test'
2026-10-09T08:11:59.7626576Z   ...
2026-10-09T08:11:59.7627113Z # Subtest: every valid string ID, including empty, wins, earns bonuses and stays in rotation
2026-10-09T08:11:59.7627722Z ok 57 - every valid string ID, including empty, wins, earns bonuses and stays in rotation
2026-10-09T08:11:59.7628139Z   ---
2026-10-09T08:11:59.7628410Z   duration_ms: 9.85867
2026-10-09T08:11:59.7628682Z   type: 'test'
2026-10-09T08:11:59.7628923Z   ...
2026-10-09T08:11:59.7629417Z # Subtest: malformed identity metadata cannot coerce a registered ID, throw or reveal a hand
2026-10-09T08:11:59.7630147Z ok 58 - malformed identity metadata cannot coerce a registered ID, throw or reveal a hand
2026-10-09T08:11:59.7630546Z   ---
2026-10-09T08:11:59.7630829Z   duration_ms: 1.45244
2026-10-09T08:11:59.7631451Z   type: 'test'
2026-10-09T08:11:59.7631747Z   ...
2026-10-09T08:11:59.7632179Z # Subtest: early end preserves earned raw points and reports current standings
2026-10-09T08:11:59.7632719Z ok 59 - early end preserves earned raw points and reports current standings
2026-10-09T08:11:59.7633083Z   ---
2026-10-09T08:11:59.7633367Z   duration_ms: 0.55555
2026-10-09T08:11:59.7633659Z   type: 'test'
2026-10-09T08:11:59.7633902Z   ...
2026-10-09T08:11:59.7634274Z # Subtest: aces low, set cardinality, runs and overlap
2026-10-09T08:11:59.7634687Z ok 60 - aces low, set cardinality, runs and overlap
2026-10-09T08:11:59.7635003Z   ---
2026-10-09T08:11:59.7635276Z   duration_ms: 2.05996
2026-10-09T08:11:59.7635549Z   type: 'test'
2026-10-09T08:11:59.7635820Z   ...
2026-10-09T08:11:59.7636260Z # Subtest: joint meld/layoff optimizer finds chains and forbids gin/deadwood/four-card layoffs
2026-10-09T08:11:59.7636934Z ok 61 - joint meld/layoff optimizer finds chains and forbids gin/deadwood/four-card layoffs
2026-10-09T08:11:59.7637336Z   ---
2026-10-09T08:11:59.7637560Z   duration_ms: 1.99882
2026-10-09T08:11:59.7637874Z   type: 'test'
2026-10-09T08:11:59.7638116Z   ...
2026-10-09T08:11:59.7638523Z # Subtest: every score formula, tie undercut and spade whole-hand doubling
2026-10-09T08:11:59.7639065Z ok 62 - every score formula, tie undercut and spade whole-hand doubling
2026-10-09T08:11:59.7639420Z   ---
2026-10-09T08:11:59.7639668Z   duration_ms: 1.642133
2026-10-09T08:11:59.7640047Z   type: 'test'
2026-10-09T08:11:59.7640328Z   ...
2026-10-09T08:11:59.7640781Z # Subtest: opening offers, forced stock, exact immediate-return restriction, stock draw boundary
2026-10-09T08:11:59.7641752Z ok 63 - opening offers, forced stock, exact immediate-return restriction, stock draw boundary
2026-10-09T08:11:59.7642167Z   ---
2026-10-09T08:11:59.7642427Z   duration_ms: 14.609992
2026-10-09T08:11:59.7642760Z   type: 'test'
2026-10-09T08:11:59.7643006Z   ...
2026-10-09T08:11:59.7643424Z # Subtest: Oklahoma limits / ace / spade configurations from all 52 initial upcards
2026-10-09T08:11:59.7644023Z ok 64 - Oklahoma limits / ace / spade configurations from all 52 initial upcards
2026-10-09T08:11:59.7644394Z   ---
2026-10-09T08:11:59.7644646Z   duration_ms: 17.606331
2026-10-09T08:11:59.7644919Z   type: 'test'
2026-10-09T08:11:59.7645208Z   ...
2026-10-09T08:11:59.7645690Z # Subtest: pause, resume, stale/early timer, spectators, malformed input, late leaver, explicit end
2026-10-09T08:11:59.7646323Z ok 65 - pause, resume, stale/early timer, spectators, malformed input, late leaver, explicit end
2026-10-09T08:11:59.7646769Z   ---
2026-10-09T08:11:59.7646994Z   duration_ms: 1.293333
2026-10-09T08:11:59.7647286Z   type: 'test'
2026-10-09T08:11:59.7647579Z   ...
2026-10-09T08:11:59.7648035Z # Subtest: all required roster settings, default sanitization, exact phase fixtures and manifest
2026-10-09T08:11:59.7648655Z ok 66 - all required roster settings, default sanitization, exact phase fixtures and manifest
2026-10-09T08:11:59.7649086Z   ---
2026-10-09T08:11:59.7649335Z   duration_ms: 66.44805
2026-10-09T08:11:59.7649623Z   type: 'test'
2026-10-09T08:11:59.7649906Z   ...
2026-10-09T08:11:59.7650277Z # {"syntheticGuardCorruptionsRejected":175,"guardedSources":35}
2026-10-09T08:11:59.7650900Z # Subtest: synthetic positive control covers full identities, native timestamps, all hand witnesses and clips
2026-10-09T08:11:59.7651904Z ok 67 - synthetic positive control covers full identities, native timestamps, all hand witnesses and clips
2026-10-09T08:11:59.7652338Z   ---
2026-10-09T08:11:59.7652608Z   duration_ms: 5.598158
2026-10-09T08:11:59.7652903Z   type: 'test'
2026-10-09T08:11:59.7653242Z   ...
2026-10-09T08:11:59.7653719Z # Subtest: every guarded source and each start/end inventory entry rejects a stale hash or omission
2026-10-09T08:11:59.7654472Z ok 68 - every guarded source and each start/end inventory entry rejects a stale hash or omission
2026-10-09T08:11:59.7654897Z   ---
2026-10-09T08:11:59.7655146Z   duration_ms: 96.514974
2026-10-09T08:11:59.7655486Z   type: 'test'
2026-10-09T08:11:59.7655732Z   ...
2026-10-09T08:11:59.7656215Z # Subtest: wrong attempt/profile/page/transport/throttle, filtered samples and fake native clocks fail
2026-10-09T08:11:59.7656927Z ok 69 - wrong attempt/profile/page/transport/throttle, filtered samples and fake native clocks fail
2026-10-09T08:11:59.7657338Z   ---
2026-10-09T08:11:59.7657622Z   duration_ms: 15.100291
2026-10-09T08:11:59.7657914Z   type: 'test'
2026-10-09T08:11:59.7658171Z   ...
2026-10-09T08:11:59.7658646Z # Subtest: missing/invalid timestamp, raw interval or active-frame witness fails despite good summaries
2026-10-09T08:11:59.7659369Z ok 70 - missing/invalid timestamp, raw interval or active-frame witness fails despite good summaries
2026-10-09T08:11:59.7659803Z   ---
2026-10-09T08:11:59.7661100Z   duration_ms: 9.032257
2026-10-09T08:11:59.7661494Z   type: 'test'
2026-10-09T08:11:59.7661743Z   ...
2026-10-09T08:11:59.7662206Z # Subtest: all statistics are recomputed and an honestly reported long interval fails the fixed gate
2026-10-09T08:11:59.7663022Z ok 71 - all statistics are recomputed and an honestly reported long interval fails the fixed gate
2026-10-09T08:11:59.7663442Z   ---
2026-10-09T08:11:59.7663716Z   duration_ms: 6.659951
2026-10-09T08:11:59.7663975Z   type: 'test'
2026-10-09T08:11:59.7664284Z   ...
2026-10-09T08:11:59.7664893Z # Subtest: failed runs, mislabeled clips, altered bytes, outsize media and network/errors are rejected
2026-10-09T08:11:59.7665686Z ok 72 - failed runs, mislabeled clips, altered bytes, outsize media and network/errors are rejected
2026-10-09T08:11:59.7666117Z   ---
2026-10-09T08:11:59.7666384Z   duration_ms: 19.815491
2026-10-09T08:11:59.7666705Z   type: 'test'
2026-10-09T08:11:59.7666947Z   ...
2026-10-09T08:11:59.7667530Z # {"suite":"subset-finishing-knock-settings","cases":1152,"minGain":14,"maxGain":58,"classicSignedBefore":-10,"classicSignedAfter":4}
2026-10-09T08:11:59.7668663Z # {"suite":"subset-finishing-knock-independent-hidden-defenders","defenders":1000,"publicViewsByteIdentical":true,"minGain":1,"maxGain":5,"winningTransitions":0,"strictDefenseImprovements":904}
2026-10-09T08:11:59.7669483Z # {"suite":"subset-finishing-knock-boundaries","controls":216}
2026-10-09T08:11:59.7670280Z # Subtest: Strong removes strictly unnecessary finishing layoff targets across every setting and suit
2026-10-09T08:11:59.7671368Z ok 73 - Strong removes strictly unnecessary finishing layoff targets across every setting and suit
2026-10-09T08:11:59.7671816Z   ---
2026-10-09T08:11:59.7672084Z   duration_ms: 1407.668166
2026-10-09T08:11:59.7672389Z   type: 'test'
2026-10-09T08:11:59.7672647Z   ...
2026-10-09T08:11:59.7673159Z # Subtest: 1000 identical public views prove defender opportunity inclusion with independent joint-defense scoring
2026-10-09T08:11:59.7673927Z ok 74 - 1000 identical public views prove defender opportunity inclusion with independent joint-defense scoring
2026-10-09T08:11:59.7674404Z   ---
2026-10-09T08:11:59.7674647Z   duration_ms: 6238.073993
2026-10-09T08:11:59.7674957Z   type: 'test'
2026-10-09T08:11:59.7675181Z   ...
2026-10-09T08:11:59.7675801Z # Subtest: subset finishing preserves incomparable layouts, public uncertainty, forbidden discards, other skills and non-finishing boundaries
2026-10-09T08:11:59.7676744Z ok 75 - subset finishing preserves incomparable layouts, public uncertainty, forbidden discards, other skills and non-finishing boundaries
2026-10-09T08:11:59.7677271Z   ---
2026-10-09T08:11:59.7677517Z   duration_ms: 42.097905
2026-10-09T08:11:59.7677810Z   type: 'test'
2026-10-09T08:11:59.7678082Z   ...
2026-10-09T08:11:59.7678445Z # Subtest: same-timestamp turns cannot share timer instance identity
2026-10-09T08:11:59.7678959Z ok 76 - same-timestamp turns cannot share timer instance identity
2026-10-09T08:11:59.7679299Z   ---
2026-10-09T08:11:59.7679549Z   duration_ms: 6.436644
2026-10-09T08:11:59.7679980Z   type: 'test'
2026-10-09T08:11:59.7680219Z   ...
2026-10-09T08:11:59.7680480Z 1..76
2026-10-09T08:11:59.7680714Z # tests 76
2026-10-09T08:11:59.7681144Z # suites 0
2026-10-09T08:11:59.7681423Z # pass 76
2026-10-09T08:11:59.7681654Z # fail 0
2026-10-09T08:11:59.7681954Z # cancelled 0
2026-10-09T08:11:59.7682205Z # skipped 0
2026-10-09T08:11:59.7682578Z # todo 0
2026-10-09T08:11:59.7682868Z # duration_ms 159284.701969
2026-10-09T08:12:16.8057640Z {"stronger":"sharp","weaker":"normal","games":2000,"wins":1166,"losses":834,"ties":0,"winRate":0.583,"wilsonLower":0.5612515833637743,"events":524604,"pairedSeeds":true}
2026-10-09T08:12:32.1643851Z {"stronger":"normal","weaker":"easy","games":2000,"wins":1743,"losses":257,"ties":0,"winRate":0.8715,"wilsonLower":0.8561180625080238,"events":490034,"pairedSeeds":true}
2026-10-09T08:12:32.6584234Z M01 caught wrong rank
2026-10-09T08:12:32.8791893Z M02 caught wrong suit
2026-10-09T08:12:33.1029521Z M03 caught wrong face value
2026-10-09T08:12:33.3464828Z M04 caught reject three-card meld
2026-10-09T08:12:33.5894541Z M05 caught reject four-card set
2026-10-09T08:12:33.8226324Z M06 caught off-by-one run
2026-10-09T08:12:34.0631396Z M07 caught omit three-card candidate runs
2026-10-09T08:12:34.3084906Z M08 caught omit three-of-kind candidates
2026-10-09T08:12:34.5473246Z M09 caught maximize instead of minimize
2026-10-09T08:12:34.7795280Z M10 caught invert Gin layoff prohibition
2026-10-09T08:12:35.0185765Z M11 caught omit layoffs
2026-10-09T08:12:35.2544427Z M12 caught allow discard after two opening passes
2026-10-09T08:12:35.4812941Z M13 caught allow opening stock draw
2026-10-09T08:12:35.7189648Z M14 caught allow immediate returned upcard
2026-10-09T08:12:35.9498504Z M15 caught continue past two stock cards
2026-10-09T08:12:36.1861963Z M16 caught deny tie undercut
2026-10-09T08:12:36.4264195Z M17 caught subtract opponent Gin deadwood
2026-10-09T08:12:36.6576948Z M18 caught Big Gin wrong bonus
2026-10-09T08:12:36.8914621Z M19 caught reverse undercut difference
2026-10-09T08:12:37.1330201Z M20 caught wrong knock difference
2026-10-09T08:12:37.3690112Z M21 caught ignore double Big Gin
2026-10-09T08:12:37.5917628Z M22 caught Oklahoma ace wrong limit
2026-10-09T08:12:37.8155353Z M23 caught double hearts instead of spades
2026-10-09T08:12:38.0477339Z M24 caught accept stale timer
2026-10-09T08:12:38.2839237Z M25 caught resume omits pause duration
2026-10-09T08:12:38.5348045Z M26 caught attribute opening Pass to next player
2026-10-09T08:12:38.8188848Z {"kind":"full browser proof","started":"2026-10-09T08:12:38.816Z","pid":3944,"sourceStart":{"play.html":"8336c62b86e8045f2350e01b8b7b7e2c09c9c31858af6e5a784b9710dd3a9c63","src/core.ts":"211f2307bd96d497e444a4c75157256398f690892b0e9beb4c226c1aeb49e218","src/cards.ts":"e309e103393bc1aaaf10b34e3994de815dd693d1828a61566723b8fba573fdb9","src/browser.ts":"56fb3b450aa29e9dda800a69b187d66d5446e056bf2b89b349a9bef1479131e4","src/play.template.html":"1b5188f105cfd9766f3f19c0a6f3cfa1b522cbd676ec5fde0dbfa1566a09f8c7","../../contract/contract.ts":"c0f999c153074769c99c67ab2a71ad66c879e45e834713f3367b2bde4a1873d5","../../contract/constants.ts":"27cdd23112ea03f344457e6f6e6b5839ff536ebeadbba189751520353aa085ef","../../contract/rng.ts":"7cfcf3024723607e8dd1ce6ccc5683a48d71fcc617947304cc5b9f6d3d7842fe","../../contract/minigame-schema.ts":"2438655eeb8ca658543b475070e6fb3ccb3947f154f57caa3f619c87853c9bbb","../../contract/player-count-schema.ts":"0748d9d9bcf795d0693c37a0f369b262fd8801dec9ab1e4a9a4f5ec23751a189","dist/core.mjs":"dedf75871bc145694fc68721f2f626a63435af95aacc948f5f4715f517bd786a","dist/cards.mjs":"1b8d994514e2de1464f361bddac143b99dfa328037152a89a476bcb1ce5f6c77","dist/contract.mjs":"0d477737fffa3503f35a19d174fce2f29de33bef1769ee5bba2c327ac592101a","scripts/browser-check.mjs":"536587be20208be80ec3bc081be7ff5a23ceeac9bc83ab3a67095084bbbd87dc","scripts/clock-check.mjs":"beba34324460280157fbdffd947f02731437e067fbb6ac816a7e49d2c4e6da19","scripts/meld-check.mjs":"d514a510f1972bdfa0b60d5148c1d42a82efeb4b21f3b799c4e0794054b4b7e4","scripts/results-check.mjs":"c478d1b3f32b71c94f2d5307f2c3b3e1e044edd84833d28e7ffc165f13bd310f","scripts/name-check.mjs":"3802ec077deee82176a892bcb51df0bb268c7ab765851d636faa5ab2228f531f","scripts/host-check.mjs":"e47e9a53aad166af54d78ea28e44ec5defff3e56d69139863113f5c132425b50","scripts/public-history-check.mjs":"5c887f46d5240f1434f173bbd495c560869441b074447d52f4a49878a66a0859","tests/browser-fixture.mjs":"f499940919128006bc90c4cb08eb766677c1bff3ea4dccf02645863a3bc50621","tests/helpers.mjs":"402515edb7b2a6af9548da2a2f1a7fa8f6b220b425da9664bd8c4a3e8b552b2e","scripts/browser-source-guard.mjs":"e5d9304a91ef04963133fe6bbae2c62189da28e917562da5a7cdb856596a1622","scripts/frame-coordination.mjs":"f1d34bfd418b5446a14c2ee3b3ba297eac18ed126d4ee261dffab57224399656","scripts/strict-browser-proof.mjs":"fae9a75d472307307c6eb4781c77f32845ebdade6f4104d859957ce62c1d43d9","scripts/browser-proof.mjs":"3ce834d0a764a4aefc93d0eaf7171f805d4ea5428563bcd976728f65222a8489","scripts/capture.mjs":"72077090f49f70e74c05ee925560a760f1f52b671ccb72d63570d609b9f80985","scripts/build.mjs":"3580cac9f713c9e4c3bfe8a83ec6bef33a64cd30be2c5d27c028b29a6a06fe8e","scripts/integrity.mjs":"7104c27be54110cac7b2d336e594ce0681a578fcb301a863540084619a7e42bb","scripts/check-evidence-links.mjs":"03484934e141e8e0b08e8928bf6f89f48a15f0cfe95b24e94273eebfb1a62842","package.json":"8855d609e12ca7990d525b64c285513acde1420fc6368ccca3a937979253a91b","package-lock.json":"bb2357fee1276cb24714d62a0a02d478e465806f5ec8978034da5594d6fa765a","tsconfig.json":"624efd829d3631cf6a6cc8d7b345e93bb47e713f05162b0ff511ef6cfc0a6ac3","manifest.json":"d079699772d442cda13bf8a41672e7de59d8a62966e07d0c87b8b8e991d84dbb","../../.github/workflows/G02.yml":"5f6241b15e880f212442f4e51fece427f92725b97c222ffaab6b455f0d38bb2a"}}
2026-10-09T08:12:50.1649578Z {"frameWindow":"CLOSED","profile":"desktop","sourceSha256":"8336c62b86e8045f2350e01b8b7b7e2c09c9c31858af6e5a784b9710dd3a9c63","attemptNonce":"a9db900b-e003-417e-9d3d-93899b3f2272","coordination":"uncoordinated","readyUtc":null,"grantUtc":null,"status":"samples-written","rawIntervals":600,"utc":"2026-10-09T08:12:50.164Z"}
2026-10-09T08:12:50.3498035Z {"label":"desktop","fps":60.00219608037654,"meanMs":16.666056666666666,"p99Ms":16.800000000000182,"maxMs":16.80000000000109,"networkRequests":0,"pageErrors":0}
2026-10-09T08:13:01.2410147Z {"frameWindow":"CLOSED","profile":"phone4x","sourceSha256":"8336c62b86e8045f2350e01b8b7b7e2c09c9c31858af6e5a784b9710dd3a9c63","attemptNonce":"5e1d7241-062e-4efc-baae-4a91590b14b3","coordination":"uncoordinated","readyUtc":null,"grantUtc":null,"status":"samples-written","rawIntervals":600,"utc":"2026-10-09T08:13:01.240Z"}
2026-10-09T08:13:01.4757560Z {"label":"phone4x","fps":60.00300015000751,"meanMs":16.66583333333333,"p99Ms":16.800000000000182,"maxMs":16.80000000000109,"networkRequests":0,"pageErrors":0}
2026-10-09T08:13:01.6999038Z {"kind":"synthetic delayed-host-callback and pause regression","elapsedMs":20000,"configuredTurnMs":10000,"firstExpiredCallbackCount":1,"actionsBefore":0,"actionsAfter":1,"deadlineAdvancedOnElapsedTime":true,"visibleCountdown":true,"pausePreservesRemainingTime":true,"entropyCalls":1,"controlledTestSeed":7199}
2026-10-09T08:13:03.7479500Z {"customMeldRegression":[{"label":"desktop","cpuThrottle":1,"namedCardControls":10,"privateDraftCleared":true,"invalidGroupsPreventKnock":true,"closedControlsRestoreAutomaticKnock":true,"revealShowsDeclaredLayout":true,"defenderResolvedDeadwood":0,"undercutPoints":11,"pageErrors":0,"networkRequests":0,"fixture":"initial state only; production reducer, solver and renderer"},{"label":"phone4x","cpuThrottle":4,"namedCardControls":10,"privateDraftCleared":true,"invalidGroupsPreventKnock":true,"closedControlsRestoreAutomaticKnock":true,"revealShowsDeclaredLayout":true,"defenderResolvedDeadwood":0,"undercutPoints":11,"pageErrors":0,"networkRequests":0,"fixture":"initial state only; production reducer, solver and renderer"}]}
2026-10-09T08:13:04.6084801Z {"resultsRegression":[{"label":"desktop","cpuThrottle":1,"targetWinner":"p0","displayedWinner":"Target winner","finalPoints":{"p0":388,"p1":499},"explanationVisible":true,"pageErrors":0,"fixture":"initial state only; production reducer and renderer"},{"label":"phone4x","cpuThrottle":4,"targetWinner":"p0","displayedWinner":"Target winner","finalPoints":{"p0":388,"p1":499},"explanationVisible":true,"pageErrors":0,"fixture":"initial state only; production reducer and renderer"}]}
2026-10-09T08:13:05.1345006Z {"payload":"<svg onload=alert(1)>","renderedAsText":true,"insertedMarkupNodes":0,"dialogs":0,"pageErrors":0,"networkRequests":0,"cpuThrottle":4}
2026-10-09T08:13:07.1005898Z {"runId":"2026-10-09T08-12-38-816Z","passed":true,"sourceUnchanged":true,"extraHostChecks":5,"rows":[{"label":"desktop","fps":60.00219608037654,"p99Ms":16.800000000000182,"maxMs":16.80000000000109,"frameGatePassed":true},{"label":"phone4x","fps":60.00300015000751,"p99Ms":16.800000000000182,"maxMs":16.80000000000109,"frameGatePassed":true}]}
2026-10-09T08:13:07.3341323Z {"kind":"functional recordings","started":"2026-10-09T08:13:07.332Z","pid":4139,"sourceStart":{"play.html":"8336c62b86e8045f2350e01b8b7b7e2c09c9c31858af6e5a784b9710dd3a9c63","src/core.ts":"211f2307bd96d497e444a4c75157256398f690892b0e9beb4c226c1aeb49e218","src/cards.ts":"e309e103393bc1aaaf10b34e3994de815dd693d1828a61566723b8fba573fdb9","src/browser.ts":"56fb3b450aa29e9dda800a69b187d66d5446e056bf2b89b349a9bef1479131e4","src/play.template.html":"1b5188f105cfd9766f3f19c0a6f3cfa1b522cbd676ec5fde0dbfa1566a09f8c7","../../contract/contract.ts":"c0f999c153074769c99c67ab2a71ad66c879e45e834713f3367b2bde4a1873d5","../../contract/constants.ts":"27cdd23112ea03f344457e6f6e6b5839ff536ebeadbba189751520353aa085ef","../../contract/rng.ts":"7cfcf3024723607e8dd1ce6ccc5683a48d71fcc617947304cc5b9f6d3d7842fe","../../contract/minigame-schema.ts":"2438655eeb8ca658543b475070e6fb3ccb3947f154f57caa3f619c87853c9bbb","../../contract/player-count-schema.ts":"0748d9d9bcf795d0693c37a0f369b262fd8801dec9ab1e4a9a4f5ec23751a189","dist/core.mjs":"dedf75871bc145694fc68721f2f626a63435af95aacc948f5f4715f517bd786a","dist/cards.mjs":"1b8d994514e2de1464f361bddac143b99dfa328037152a89a476bcb1ce5f6c77","dist/contract.mjs":"0d477737fffa3503f35a19d174fce2f29de33bef1769ee5bba2c327ac592101a","scripts/browser-check.mjs":"536587be20208be80ec3bc081be7ff5a23ceeac9bc83ab3a67095084bbbd87dc","scripts/clock-check.mjs":"beba34324460280157fbdffd947f02731437e067fbb6ac816a7e49d2c4e6da19","scripts/meld-check.mjs":"d514a510f1972bdfa0b60d5148c1d42a82efeb4b21f3b799c4e0794054b4b7e4","scripts/results-check.mjs":"c478d1b3f32b71c94f2d5307f2c3b3e1e044edd84833d28e7ffc165f13bd310f","scripts/name-check.mjs":"3802ec077deee82176a892bcb51df0bb268c7ab765851d636faa5ab2228f531f","scripts/host-check.mjs":"e47e9a53aad166af54d78ea28e44ec5defff3e56d69139863113f5c132425b50","scripts/public-history-check.mjs":"5c887f46d5240f1434f173bbd495c560869441b074447d52f4a49878a66a0859","tests/browser-fixture.mjs":"f499940919128006bc90c4cb08eb766677c1bff3ea4dccf02645863a3bc50621","tests/helpers.mjs":"402515edb7b2a6af9548da2a2f1a7fa8f6b220b425da9664bd8c4a3e8b552b2e","scripts/browser-source-guard.mjs":"e5d9304a91ef04963133fe6bbae2c62189da28e917562da5a7cdb856596a1622","scripts/frame-coordination.mjs":"f1d34bfd418b5446a14c2ee3b3ba297eac18ed126d4ee261dffab57224399656","scripts/strict-browser-proof.mjs":"fae9a75d472307307c6eb4781c77f32845ebdade6f4104d859957ce62c1d43d9","scripts/browser-proof.mjs":"3ce834d0a764a4aefc93d0eaf7171f805d4ea5428563bcd976728f65222a8489","scripts/capture.mjs":"72077090f49f70e74c05ee925560a760f1f52b671ccb72d63570d609b9f80985","scripts/build.mjs":"3580cac9f713c9e4c3bfe8a83ec6bef33a64cd30be2c5d27c028b29a6a06fe8e","scripts/integrity.mjs":"7104c27be54110cac7b2d336e594ce0681a578fcb301a863540084619a7e42bb","scripts/check-evidence-links.mjs":"03484934e141e8e0b08e8928bf6f89f48a15f0cfe95b24e94273eebfb1a62842","package.json":"8855d609e12ca7990d525b64c285513acde1420fc6368ccca3a937979253a91b","package-lock.json":"bb2357fee1276cb24714d62a0a02d478e465806f5ec8978034da5594d6fa765a","tsconfig.json":"624efd829d3631cf6a6cc8d7b345e93bb47e713f05162b0ff511ef6cfc0a6ac3","manifest.json":"d079699772d442cda13bf8a41672e7de59d8a62966e07d0c87b8b8e991d84dbb","../../.github/workflows/G02.yml":"5f6241b15e880f212442f4e51fece427f92725b97c222ffaab6b455f0d38bb2a"}}
2026-10-09T08:13:20.9563925Z {"path":".work/browser/ci-current-2026-10-09t08-13-07-317z-desktop.webm","bytes":716282,"sha256":"afbd5f29bdcfaba1b817ff98aa31cf571d8d3d4d1111487270392b57d2129bef","cpuThrottle":1,"viewport":{"width":1920,"height":1080},"performanceMeasurement":false,"newMatchPrivateDomCleared":true,"actualElapsedTimeoutCoveredHand":true,"publicPassHistoryShown":true,"passActors":["Player 1: pass","Player 2: pass"],"networkRequests":0,"pageErrors":0}
2026-10-09T08:13:34.8134773Z {"path":".work/browser/ci-current-2026-10-09t08-13-07-317z-phone4x.webm","bytes":647409,"sha256":"6536531f972af388632a44848aec2a619933102c23f8cf7f1d526051982fa52a","cpuThrottle":4,"viewport":{"width":390,"height":844},"performanceMeasurement":false,"newMatchPrivateDomCleared":true,"actualElapsedTimeoutCoveredHand":true,"publicPassHistoryShown":true,"passActors":["Player 1: pass","Player 2: pass"],"networkRequests":0,"pageErrors":0}
2026-10-09T08:13:35.1626357Z {"suite":"committed-browser-proof","sourceMatched":true,"profiles":2,"rawIntervals":1200,"unfiltered":true,"recordingsMatched":2}
2026-10-09T08:13:35.1659125Z {"suite":"evidence-links","localLinks":32,"allLocalFilesExist":true,"externalLinks":2,"externalLinksFetched":false}
2026-10-09T08:13:35.4686809Z {"suite":"integrity","fileHashes":1067,"regenerationRuns":2,"byteIdentical":true,"coreNoIo":true,"mediaUnder10MB":true}
2026-10-09T08:13:35.4796601Z {"suite":"strict-current-browser-proof","guardedSources":35,"profiles":2,"rawIntervals":1200,"nativeTimestamps":1202,"activeHandWitnesses":1208,"unfiltered":true,"recordingsMatched":2}
2026-10-09T08:13:35.4928917Z ##[group]Run actions/upload-artifact@v4
2026-10-09T08:13:35.4929229Z with:
2026-10-09T08:13:35.4929471Z   name: G02-browser-evidence
2026-10-09T08:13:35.4930905Z   path: jobs/G02-gin-rummy/.work/browser/*-frames.json
jobs/G02-gin-rummy/.work/browser/report.json
jobs/G02-gin-rummy/.work/browser/captures.json
jobs/G02-gin-rummy/.work/browser/ci-current-*.webm
jobs/G02-gin-rummy/.work/clock-after.json
jobs/G02-gin-rummy/.work/custom-meld-after.json
jobs/G02-gin-rummy/.work/results-after.json
jobs/G02-gin-rummy/.work/name-check.json
jobs/G02-gin-rummy/media/strict-reverify-1900-*.webm
jobs/G02-gin-rummy/evidence/resume-20261008/strict-reverify-1900-captures.json

2026-10-09T08:13:35.4932613Z   include-hidden-files: true
2026-10-09T08:13:35.4932949Z   if-no-files-found: warn
2026-10-09T08:13:35.4933217Z   compression-level: 6
2026-10-09T08:13:35.4933469Z   overwrite: false
2026-10-09T08:13:35.4933764Z ##[endgroup]
2026-10-09T08:13:35.6303054Z (node:4266) [DEP0040] DeprecationWarning: The `punycode` module is deprecated. Please use a userland alternative instead.
2026-10-09T08:13:35.6304198Z (Use `node --trace-deprecation ...` to show where the warning was created)
2026-10-09T08:13:35.6452127Z Multiple search paths detected. Calculating the least common ancestor of all paths
2026-10-09T08:13:35.6456541Z The least common ancestor is /home/runner/work/partybox-game-cores/partybox-game-cores/jobs/G02-gin-rummy. This will be the root directory of the artifact
2026-10-09T08:13:35.6457772Z With the provided path, there will be 13 files uploaded
2026-10-09T08:13:35.6458701Z Artifact name is valid!
2026-10-09T08:13:35.6459177Z Root directory input is valid!
2026-10-09T08:13:35.9356634Z Beginning upload of artifact content to blob storage
2026-10-09T08:13:36.0366681Z (node:4266) [DEP0169] DeprecationWarning: `url.parse()` behavior is not standardized and prone to errors that have security implications. Use the WHATWG URL API instead. CVEs are not issued for `url.parse()` vulnerabilities.
2026-10-09T08:13:36.3868440Z Uploaded bytes 2172809
2026-10-09T08:13:36.4231432Z Finished uploading artifact content to blob storage!
2026-10-09T08:13:36.4232264Z SHA256 digest of uploaded artifact zip is 3cdf42b10b62cb7724a91f138d11c437da146e6d404b45090adfb4ed0a595d8c
2026-10-09T08:13:36.4233776Z Finalizing artifact upload
2026-10-09T08:13:36.6712559Z Artifact G02-browser-evidence.zip successfully finalized. Artifact ID 11603870601
2026-10-09T08:13:36.6713454Z Artifact G02-browser-evidence has been successfully uploaded! Final size is 2172809 bytes. Artifact ID is 11603870601
2026-10-09T08:13:36.6716608Z Artifact download URL: https://github.com/luisitin/partybox-game-cores/actions/runs/37903146148/artifacts/11603870601
2026-10-09T08:13:36.6866291Z Post job cleanup.
2026-10-09T08:13:36.7873226Z (node:4279) [DEP0040] DeprecationWarning: The `punycode` module is deprecated. Please use a userland alternative instead.
2026-10-09T08:13:36.7874462Z (Use `node --trace-deprecation ...` to show where the warning was created)
2026-10-09T08:13:36.7876177Z Cache hit occurred on the primary key node-cache-Linux-x64-npm-d48b0073b1be2df746cbb2cab1dca64dc5674a863aed54a4ee7f428aad681317, not saving cache.
2026-10-09T08:13:36.7971824Z Post job cleanup.
2026-10-09T08:13:36.8704810Z [command]/usr/bin/git version
2026-10-09T08:13:36.8736238Z git version 2.55.0
2026-10-09T08:13:36.8765762Z Temporarily overriding HOME='/home/runner/work/_temp/42253bca-287a-4488-bf24-01aa3dc4657e' before making global git config changes
2026-10-09T08:13:36.8767079Z Adding repository directory to the temporary git global config as a safe directory
2026-10-09T08:13:36.8770063Z [command]/usr/bin/git config --global --add safe.directory /home/runner/work/partybox-game-cores/partybox-game-cores
2026-10-09T08:13:36.8940601Z [command]/usr/bin/git config --local --name-only --get-regexp core\.sshCommand
2026-10-09T08:13:36.8943131Z [command]/usr/bin/git submodule foreach --recursive sh -c "git config --local --name-only --get-regexp 'core\.sshCommand' && git config --local --unset-all 'core.sshCommand' || :"
2026-10-09T08:13:36.9051895Z [command]/usr/bin/git config --local --name-only --get-regexp http\.https\:\/\/github\.com\/\.extraheader
2026-10-09T08:13:36.9072013Z http.https://github.com/.extraheader
2026-10-09T08:13:36.9085191Z [command]/usr/bin/git config --local --unset-all http.https://github.com/.extraheader
2026-10-09T08:13:36.9108536Z [command]/usr/bin/git submodule foreach --recursive sh -c "git config --local --name-only --get-regexp 'http\.https\:\/\/github\.com\/\.extraheader' && git config --local --unset-all 'http.https://github.com/.extraheader' || :"
2026-10-09T08:13:36.9290624Z [command]/usr/bin/git config --local --name-only --get-regexp ^includeIf\.gitdir:
2026-10-09T08:13:36.9317507Z [command]/usr/bin/git submodule foreach --recursive git config --local --show-origin --name-only --get-regexp remote.origin.url
2026-10-09T08:13:36.9622139Z Cleaning up orphan processes
2026-10-09T08:13:36.9845327Z ##[warning]Node.js 20 is deprecated. The following actions target Node.js 20 but are being forced to run on Node.js 24: actions/checkout@v4, actions/setup-node@v4, actions/upload-artifact@v4. For more information see: https://github.blog/changelog/2025-09-19-deprecation-of-node-20-on-github-actions-runners/
