G04 functional checks complete; waiting for isolated frame window
{
  name: 'tv',
  viewport: { width: 1920, height: 1080 },
  throttle: 1,
  scenario: 'eight seats, open human controller, seven concurrent bot inputs',
  frameFiltering: 'none',
  intervalsMs: [
    16.700000000000045, 16.699999999999932, 16.600000000000023,
    16.600000000000023, 16.699999999999932, 16.700000000000045,
    16.600000000000023, 16.699999999999932, 16.600000000000023,
    16.800000000000068,  16.59999999999991, 16.700000000000045,
    16.700000000000045,  16.59999999999991, 16.600000000000023,
    16.800000000000068,  16.59999999999991, 16.700000000000045,
    16.600000000000023, 16.699999999999932, 16.600000000000023,
    16.700000000000045, 16.699999999999932, 16.700000000000045,
    16.700000000000045,  16.59999999999991, 16.700000000000045,
    16.600000000000023, 16.699999999999932, 16.700000000000045,
     16.59999999999991, 16.700000000000045, 16.700000000000045,
    16.700000000000045,  16.59999999999991, 16.600000000000136,
    16.699999999999818, 16.700000000000045, 16.700000000000045,
    16.700000000000045,  16.59999999999991, 16.600000000000136,
    16.799999999999955,  16.59999999999991, 16.600000000000136,
    16.699999999999818, 16.700000000000045, 16.600000000000136,
    16.699999999999818, 16.700000000000045, 16.700000000000045,
     16.59999999999991, 16.700000000000045, 16.600000000000136,
    16.699999999999818, 16.700000000000045, 16.600000000000136,
    16.699999999999818, 16.700000000000045, 16.600000000000136,
    16.699999999999818, 16.700000000000045, 16.700000000000045,
     16.59999999999991, 16.700000000000045, 16.700000000000045,
     16.59999999999991, 16.700000000000045, 16.700000000000045,
     16.59999999999991, 16.600000000000136, 16.700000000000045,
    16.699999999999818, 16.700000000000045, 16.700000000000045,
     16.59999999999991, 16.700000000000045, 16.700000000000045,
     16.59999999999991, 16.600000000000136, 16.700000000000045,
    16.699999999999818, 16.700000000000045, 16.600000000000136,
    16.699999999999818, 16.700000000000045, 16.600000000000136,
    16.699999999999818, 16.700000000000045, 16.700000000000045,
     16.59999999999991,  16.59999999999991, 16.800000000000182,
     16.59999999999991,  16.59999999999991, 16.700000000000273,
    16.699999999999818, 16.700000000000273,  16.59999999999991,
    16.699999999999818,
    ... 200 more items
  ],
  frames: 300,
  meanMs: 16.666,
  p95Ms: 16.700000000000728,
  p99Ms: 16.800000000000182,
  fps: 60.00240009600384
}
{
  name: 'phone',
  viewport: { width: 390, height: 844 },
  throttle: 4,
  scenario: 'eight seats, open human controller, seven concurrent bot inputs',
  frameFiltering: 'none',
  intervalsMs: [
    16.672000000000025,  16.59999999999991, 16.700000000000045,
    16.700000000000045, 16.700000000000045,  16.59999999999991,
    16.700000000000045,  16.59999999999991, 16.700000000000045,
    16.700000000000045,  16.59999999999991, 16.700000000000045,
    16.700000000000045,  16.59999999999991, 16.700000000000045,
    16.700000000000045,  16.59999999999991, 16.700000000000045,
    16.600000000000136, 16.699999999999818, 16.700000000000045,
    16.600000000000136, 16.699999999999818, 16.700000000000045,
    16.700000000000045,  16.59999999999991, 16.700000000000273,
     16.59999999999991, 16.699999999999818, 16.700000000000273,
    16.699999999999818,  49.90000000000009, 16.699999999999818,
    16.700000000000273,  16.59999999999991, 16.699999999999818,
    16.700000000000273,  16.59999999999991,  50.09999999999991,
    16.699999999999818,               16.5, 16.700000000000273,
    16.699999999999818, 16.700000000000273, 16.699999999999818,
     166.5999999999999,  266.7000000000003,  16.59999999999991,
    16.699999999999818, 16.700000000000273,  16.59999999999991,
    16.699999999999818,  16.59999999999991, 16.700000000000273,
    16.699999999999818, 16.700000000000273, 16.699999999999818,
     16.59999999999991,  16.59999999999991, 16.700000000000273,
    16.699999999999818,  16.59999999999991, 16.700000000000273,
    16.699999999999818,  16.59999999999991,  33.40000000000009,
    16.700000000000273,  16.59999999999991, 16.699999999999818,
    16.700000000000273,  16.59999999999991, 16.699999999999818,
     16.59999999999991, 16.700000000000273, 16.699999999999818,
    16.700000000000273,  16.59999999999991,  16.59999999999991,
    16.699999999999818, 16.700000000000273,  16.59999999999991,
    16.699999999999818, 16.700000000000273, 16.699999999999818,
    16.700000000000273,  16.59999999999991, 16.699999999999818,
     16.59999999999991, 16.700000000000273,                 50,
     16.59999999999991, 16.699999999999818, 16.700000000000273,
     16.59999999999991, 16.699999999999818,  33.30000000000018,
    16.699999999999818, 16.700000000000273,  16.59999999999991,
    16.699999999999818,
    ... 200 more items
  ],
  frames: 300,
  meanMs: 19.721239999999998,
  p95Ms: 16.800000000000182,
  p99Ms: 166.5999999999999,
  fps: 50.70675069113302
}
node:internal/modules/run_main:107
    triggerUncaughtException(
    ^

AssertionError [ERR_ASSERTION]: phone mean below 59 fps
    at file:///workspace/game-cores-G04-reality/jobs/G04-reality-check/browser.ts:130:339 {
  generatedMessage: false,
  code: 'ERR_ASSERTION',
  actual: false,
  expected: true,
  operator: '==',
  diff: 'simple'
}

Node.js v24.19.0
