G04 functional checks complete; waiting for isolated frame window
{
  name: 'tv',
  frames: 300,
  fps: 55.90337809206243,
  p95Ms: 16.799999999999727,
  p99Ms: 83.20000000000073,
  rawFile: 'browser-raw-1-tv.json'
}
node:internal/modules/run_main:107
    triggerUncaughtException(
    ^

AssertionError [ERR_ASSERTION]: tv mean below 59 fps
    at file:///workspace/game-cores-G04-reality/jobs/G04-reality-check/browser.ts:138:133 {
  generatedMessage: false,
  code: 'ERR_ASSERTION',
  actual: false,
  expected: true,
  operator: '==',
  diff: 'simple'
}

Node.js v24.19.0
