{"kind":"full browser proof","started":"2026-10-08T11:27:10.248Z","pid":123201,"sourceStart":{"play.html":"796f66c60bb3a805ede1e860ee57864cb12cb01e631c10bcd1b6946454637681","src/core.ts":"d3f000221c95eb66204eea24238c7bff7b5cbbef72195e7df0753a5f3ce5063f","src/cards.ts":"e309e103393bc1aaaf10b34e3994de815dd693d1828a61566723b8fba573fdb9","src/browser.ts":"56fb3b450aa29e9dda800a69b187d66d5446e056bf2b89b349a9bef1479131e4","src/play.template.html":"1b5188f105cfd9766f3f19c0a6f3cfa1b522cbd676ec5fde0dbfa1566a09f8c7"}}
{"label":"desktop","fps":58.73005649635667,"meanMs":17.02705666666667,"p99Ms":16.80000000000109,"maxMs":100,"networkRequests":0,"pageErrors":0}
{"label":"phone4x","fps":60.00180005400163,"meanMs":16.666166666666665,"p99Ms":16.800000000000182,"maxMs":16.800000000000182,"networkRequests":0,"pageErrors":0}
{"kind":"synthetic delayed-host-callback and pause regression","elapsedMs":20000,"configuredTurnMs":10000,"firstExpiredCallbackCount":1,"actionsBefore":0,"actionsAfter":1,"deadlineAdvancedOnElapsedTime":true,"visibleCountdown":true,"pausePreservesRemainingTime":true,"entropyCalls":1,"controlledTestSeed":7199}
{"customMeldRegression":[{"label":"desktop","cpuThrottle":1,"namedCardControls":10,"privateDraftCleared":true,"invalidGroupsPreventKnock":true,"closedControlsRestoreAutomaticKnock":true,"revealShowsDeclaredLayout":true,"defenderResolvedDeadwood":0,"undercutPoints":11,"pageErrors":0,"networkRequests":0,"fixture":"initial state only; production reducer, solver and renderer"},{"label":"phone4x","cpuThrottle":4,"namedCardControls":10,"privateDraftCleared":true,"invalidGroupsPreventKnock":true,"closedControlsRestoreAutomaticKnock":true,"revealShowsDeclaredLayout":true,"defenderResolvedDeadwood":0,"undercutPoints":11,"pageErrors":0,"networkRequests":0,"fixture":"initial state only; production reducer, solver and renderer"}]}
{"resultsRegression":[{"label":"desktop","cpuThrottle":1,"targetWinner":"p0","displayedWinner":"Target winner","finalPoints":{"p0":388,"p1":499},"explanationVisible":true,"pageErrors":0,"fixture":"initial state only; production reducer and renderer"},{"label":"phone4x","cpuThrottle":4,"targetWinner":"p0","displayedWinner":"Target winner","finalPoints":{"p0":388,"p1":499},"explanationVisible":true,"pageErrors":0,"fixture":"initial state only; production reducer and renderer"}]}
{"payload":"<svg onload=alert(1)>","renderedAsText":true,"insertedMarkupNodes":0,"dialogs":0,"pageErrors":0,"networkRequests":0,"cpuThrottle":4}
{"runId":"2026-10-08T11-27-10-248Z","passed":false,"sourceUnchanged":true,"extraHostChecks":5,"rows":[{"label":"desktop","fps":58.73005649635667,"p99Ms":16.80000000000109,"maxMs":100,"frameGatePassed":false},{"label":"phone4x","fps":60.00180005400163,"p99Ms":16.800000000000182,"maxMs":16.800000000000182,"frameGatePassed":true}]}
node:internal/modules/run_main:107
    triggerUncaughtException(
    ^

AssertionError [ERR_ASSERTION]: desktop actual mean rate 58.73005649635667
    at file:///workspace/game-cores-G02-finish/jobs/G02-gin-rummy/scripts/browser-check.mjs:113:24 {
  generatedMessage: false,
  code: 'ERR_ASSERTION',
  actual: false,
  expected: true,
  operator: '==',
  diff: 'simple'
}

Node.js v24.19.0
