Extracting "Kingsrow International WLD 7-piece database" - setup data version 5.5.0
Opening "/workspace/g10-private-engineering/rules-oracle-corpus/international-public-regeneration-second/installer/Kingsrow_Intl_7pc_WLD_Setup-1.bin"
 - "app/db2.cpr1"
 - "app/db2.idx1"
 - "app/db3.cpr1"
 - "app/db3.idx1"
 - "app/db4.cpr1"
 - "app/db4.idx1"
 - "app/db5.cpr1"
 - "app/db5.idx1"
 - "app/db6-0303.cpr1"
 - "app/db6-0303.idx1"
 - "app/db6-0312.cpr1"
 - "app/db6-0312.idx1"
 - "app/db6-0321.cpr1"
 - "app/db6-0321.idx1"
 - "app/db6-0330.cpr1"
 - "app/db6-0330.idx1"
 - "app/db6-0402.cpr1"
 - "app/db6-0402.idx1"
 - "app/db6-0411.cpr1"
 - "app/db6-0411.idx1"
 - "app/db6-0420.cpr1"
 - "app/db6-0420.idx1"
 - "app/db6-0501.cpr1"
 - "app/db6-0501.idx1"
 - "app/db6-0510.cpr1"
 - "app/db6-0510.idx1"
 - "app/db6-1212.cpr1"
 - "app/db6-1212.idx1"
 - "app/db6-1221.cpr1"
 - "app/db6-1221.idx1"
 - "app/db6-1230.cpr1"
 - "app/db6-1230.idx1"
 - "app/db6-1302.cpr1"
 - "app/db6-1302.idx1"
 - "app/db6-1311.cpr1"
 - "app/db6-1311.idx1"
 - "app/db6-1320.cpr1"
 - "app/db6-1320.idx1"
 - "app/db6-1401.cpr1"
 - "app/db6-1401.idx1"
 - "app/db6-1410.cpr1"
 - "app/db6-1410.idx1"
 - "app/db6-2121.cpr1"
 - "app/db6-2121.idx1"
 - "app/db6-2130.cpr1"
 - "app/db6-2130.idx1"
 - "app/db6-2202.cpr1"
 - "app/db6-2202.idx1"
 - "app/db6-2211.cpr1"
 - "app/db6-2211.idx1"
 - "app/db6-2220.cpr1"
 - "app/db6-2220.idx1"
 - "app/db6-2301.cpr1"
 - "app/db6-2301.idx1"
 - "app/db6-2310.cpr1"
 - "app/db6-2310.idx1"
 - "app/db6-3030.cpr1"
 - "app/db6-3030.idx1"
 - "app/db6-3102.cpr1"
 - "app/db6-3102.idx1"
 - "app/db6-3111.cpr1"
 - "app/db6-3111.idx1"
 - "app/db6-3120.cpr1"
 - "app/db6-3120.idx1"
 - "app/db6-3201.cpr1"
 - "app/db6-3201.idx1"
 - "app/db6-3210.cpr1"
 - "app/db6-3210.idx1"
 - "app/db6-4002.cpr1"
 - "app/db6-4002.idx1"
 - "app/db6-4011.cpr1"
 - "app/db6-4011.idx1"
 - "app/db6-4020.cpr1"
 - "app/db6-4020.idx1"
 - "app/db6-4101.cpr1"
 - "app/db6-4101.idx1"
 - "app/db6-4110.cpr1"
 - "app/db6-4110.idx1"
 - "app/db6-5001.cpr1"
 - "app/db6-5001.idx1"
 - "app/db6-5010.cpr1"
 - "app/db6-5010.idx1"
Done.
