2026-10-09T05:28:09.9472655Z Current runner version: '2.337.0'
2026-10-09T05:28:09.9494207Z ##[group]Runner Image Provisioner
2026-10-09T05:28:09.9494913Z Hosted Compute Agent
2026-10-09T05:28:09.9495468Z Version: 20261002.596
2026-10-09T05:28:09.9495991Z Commit: c3d12f3313a95f25162a1503be624f3b0617f8c0
2026-10-09T05:28:09.9496581Z Build Date: 2026-10-02T22:28:27Z
2026-10-09T05:28:09.9497224Z Worker ID: {e101eecd-bef6-45a2-b60d-476d5771f0bb}
2026-10-09T05:28:09.9497797Z Region: westus
2026-10-09T05:28:09.9498230Z Cloud: Azure
2026-10-09T05:28:09.9498732Z ##[endgroup]
2026-10-09T05:28:09.9499726Z ##[group]Operating System
2026-10-09T05:28:09.9500321Z Ubuntu
2026-10-09T05:28:09.9500800Z 24.04.5
2026-10-09T05:28:09.9501228Z LTS
2026-10-09T05:28:09.9501704Z ##[endgroup]
2026-10-09T05:28:09.9502307Z ##[group]Runner Image
2026-10-09T05:28:09.9502866Z Image: ubuntu-24.04
2026-10-09T05:28:09.9503350Z Version: 20261004.327.1
2026-10-09T05:28:09.9504409Z Included Software: https://github.com/actions/runner-images/blob/ubuntu24/20261004.327/images/ubuntu/Ubuntu2404-Readme.md
2026-10-09T05:28:09.9505693Z Image Release: https://github.com/actions/runner-images/releases/tag/ubuntu24%2F20261004.327
2026-10-09T05:28:09.9506496Z ##[endgroup]
2026-10-09T05:28:09.9507414Z ##[group]GITHUB_TOKEN Permissions
2026-10-09T05:28:09.9508937Z Contents: read
2026-10-09T05:28:09.9509438Z Metadata: read
2026-10-09T05:28:09.9509922Z ##[endgroup]
2026-10-09T05:28:09.9511567Z Secret source: Actions
2026-10-09T05:28:09.9512482Z Cache mode: write
2026-10-09T05:28:09.9513103Z Prepare workflow directory
2026-10-09T05:28:10.0320730Z Prepare all required actions
2026-10-09T05:28:10.0360274Z Getting action download info
2026-10-09T05:28:10.3553368Z Download action repository 'actions/checkout@v4' (SHA:11d5960a326750d5838078e36cf38b85af677262)
2026-10-09T05:28:11.1722493Z Download action repository 'actions/setup-node@v4' (SHA:49933ea5288caeca8642d1e84afbd3f7d6820020)
2026-10-09T05:28:11.5985834Z Download action repository 'actions/upload-artifact@v4' (SHA:ea165f8d65b6e75b540449e92b4886f43607fa02)
2026-10-09T05:28:12.3321666Z Complete job name: browser-bootstrap
2026-10-09T05:28:12.3935300Z ##[group]Run actions/checkout@v4
2026-10-09T05:28:12.3935802Z with:
2026-10-09T05:28:12.3936045Z   ref: cab97d5449e1e7a2442cf589039f697ddb5638dc
2026-10-09T05:28:12.3936354Z   repository: luisitin/partybox-game-cores
2026-10-09T05:28:12.3938620Z   token: ***
2026-10-09T05:28:12.3938839Z   ssh-strict: true
2026-10-09T05:28:12.3939049Z   ssh-user: git
2026-10-09T05:28:12.3939270Z   persist-credentials: true
2026-10-09T05:28:12.3939517Z   clean: true
2026-10-09T05:28:12.3939739Z   sparse-checkout-cone-mode: true
2026-10-09T05:28:12.3940000Z   fetch-depth: 1
2026-10-09T05:28:12.3940214Z   fetch-tags: false
2026-10-09T05:28:12.3940439Z   show-progress: true
2026-10-09T05:28:12.3940652Z   lfs: false
2026-10-09T05:28:12.3940846Z   submodules: false
2026-10-09T05:28:12.3941061Z   set-safe-directory: true
2026-10-09T05:28:12.3941310Z   allow-unsafe-pr-checkout: false
2026-10-09T05:28:12.3941689Z env:
2026-10-09T05:28:12.3941968Z   G02_SOURCE_HEAD: cab97d5449e1e7a2442cf589039f697ddb5638dc
2026-10-09T05:28:12.3942500Z ##[endgroup]
2026-10-09T05:28:12.4760110Z Syncing repository: luisitin/partybox-game-cores
2026-10-09T05:28:12.4761782Z ##[group]Getting Git version info
2026-10-09T05:28:12.4762611Z Working directory is '/home/runner/work/partybox-game-cores/partybox-game-cores'
2026-10-09T05:28:12.4763597Z [command]/usr/bin/git version
2026-10-09T05:28:12.5601151Z git version 2.55.0
2026-10-09T05:28:12.5617543Z ##[endgroup]
2026-10-09T05:28:12.5628923Z Temporarily overriding HOME='/home/runner/work/_temp/3e4edbcf-dc8a-4980-9328-663d22570f40' before making global git config changes
2026-10-09T05:28:12.5633166Z Adding repository directory to the temporary git global config as a safe directory
2026-10-09T05:28:12.5633811Z [command]/usr/bin/git config --global --add safe.directory /home/runner/work/partybox-game-cores/partybox-game-cores
2026-10-09T05:28:12.5675053Z Deleting the contents of '/home/runner/work/partybox-game-cores/partybox-game-cores'
2026-10-09T05:28:12.5677873Z ##[group]Initializing the repository
2026-10-09T05:28:12.5680955Z [command]/usr/bin/git init /home/runner/work/partybox-game-cores/partybox-game-cores
2026-10-09T05:28:12.5752624Z hint: Using 'master' as the name for the initial branch. This default branch name
2026-10-09T05:28:12.5753389Z hint: will change to "main" in Git 3.0. To configure the initial branch name
2026-10-09T05:28:12.5754097Z hint: to use in all of your new repositories, which will suppress this warning,
2026-10-09T05:28:12.5754664Z hint: call:
2026-10-09T05:28:12.5754964Z hint:
2026-10-09T05:28:12.5755370Z hint: 	git config --global init.defaultBranch <name>
2026-10-09T05:28:12.5755824Z hint:
2026-10-09T05:28:12.5756201Z hint: Names commonly chosen instead of 'master' are 'main', 'trunk' and
2026-10-09T05:28:12.5756635Z hint: 'development'. The just-created branch can be renamed via this command:
2026-10-09T05:28:12.5756971Z hint:
2026-10-09T05:28:12.5757179Z hint: 	git branch -m <name>
2026-10-09T05:28:12.5757429Z hint:
2026-10-09T05:28:12.5757773Z hint: Disable this message with "git config set advice.defaultBranchName false"
2026-10-09T05:28:12.5758681Z Initialized empty Git repository in /home/runner/work/partybox-game-cores/partybox-game-cores/.git/
2026-10-09T05:28:12.5763351Z [command]/usr/bin/git remote add origin https://github.com/luisitin/partybox-game-cores
2026-10-09T05:28:12.5807674Z ##[endgroup]
2026-10-09T05:28:12.5808095Z ##[group]Disabling automatic garbage collection
2026-10-09T05:28:12.5808448Z [command]/usr/bin/git config --local gc.auto 0
2026-10-09T05:28:12.5834943Z ##[endgroup]
2026-10-09T05:28:12.5835359Z ##[group]Setting up auth
2026-10-09T05:28:12.5840608Z [command]/usr/bin/git config --local --name-only --get-regexp core\.sshCommand
2026-10-09T05:28:12.5868915Z [command]/usr/bin/git submodule foreach --recursive sh -c "git config --local --name-only --get-regexp 'core\.sshCommand' && git config --local --unset-all 'core.sshCommand' || :"
2026-10-09T05:28:12.6140876Z [command]/usr/bin/git config --local --name-only --get-regexp http\.https\:\/\/github\.com\/\.extraheader
2026-10-09T05:28:12.6171101Z [command]/usr/bin/git submodule foreach --recursive sh -c "git config --local --name-only --get-regexp 'http\.https\:\/\/github\.com\/\.extraheader' && git config --local --unset-all 'http.https://github.com/.extraheader' || :"
2026-10-09T05:28:12.6356746Z [command]/usr/bin/git config --local --name-only --get-regexp ^includeIf\.gitdir:
2026-10-09T05:28:12.6386810Z [command]/usr/bin/git submodule foreach --recursive git config --local --show-origin --name-only --get-regexp remote.origin.url
2026-10-09T05:28:12.6580605Z [command]/usr/bin/git config --local http.https://github.com/.extraheader AUTHORIZATION: basic ***
2026-10-09T05:28:12.6617802Z ##[endgroup]
2026-10-09T05:28:12.6618245Z ##[group]Fetching the repository
2026-10-09T05:28:12.6624967Z [command]/usr/bin/git -c protocol.version=2 fetch --no-tags --prune --no-recurse-submodules --depth=1 origin cab97d5449e1e7a2442cf589039f697ddb5638dc
2026-10-09T05:28:14.6722677Z From https://github.com/luisitin/partybox-game-cores
2026-10-09T05:28:14.6723518Z  * branch            cab97d5449e1e7a2442cf589039f697ddb5638dc -> FETCH_HEAD
2026-10-09T05:28:14.6733524Z ##[endgroup]
2026-10-09T05:28:14.6734114Z ##[group]Determining the checkout info
2026-10-09T05:28:14.6734749Z ##[endgroup]
2026-10-09T05:28:14.6735300Z [command]/usr/bin/git sparse-checkout disable
2026-10-09T05:28:14.6780560Z [command]/usr/bin/git config --local --unset-all extensions.worktreeConfig
2026-10-09T05:28:14.6807410Z ##[group]Checking out the ref
2026-10-09T05:28:14.6827972Z [command]/usr/bin/git checkout --progress --force cab97d5449e1e7a2442cf589039f697ddb5638dc
2026-10-09T05:28:14.8227743Z Note: switching to 'cab97d5449e1e7a2442cf589039f697ddb5638dc'.
2026-10-09T05:28:14.8228160Z 
2026-10-09T05:28:14.8228437Z You are in 'detached HEAD' state. You can look around, make experimental
2026-10-09T05:28:14.8228829Z changes and commit them, and you can discard any commits you make in this
2026-10-09T05:28:14.8229484Z state without impacting any branches by switching back to a branch.
2026-10-09T05:28:14.8229758Z 
2026-10-09T05:28:14.8229957Z If you want to create a new branch to retain commits you create, you may
2026-10-09T05:28:14.8230319Z do so (now or later) by using -c with the switch command. Example:
2026-10-09T05:28:14.8230511Z 
2026-10-09T05:28:14.8230612Z   git switch -c <new-branch-name>
2026-10-09T05:28:14.8230747Z 
2026-10-09T05:28:14.8230842Z Or undo this operation with:
2026-10-09T05:28:14.8230977Z 
2026-10-09T05:28:14.8231050Z   git switch -
2026-10-09T05:28:14.8231182Z 
2026-10-09T05:28:14.8231363Z Turn off this advice by setting config variable advice.detachedHead to false
2026-10-09T05:28:14.8231606Z 
2026-10-09T05:28:14.8231792Z HEAD is now at cab97d5 G02 prefer a strictly better finishing knock with identical melds
2026-10-09T05:28:14.8244364Z ##[endgroup]
2026-10-09T05:28:14.8284449Z [command]/usr/bin/git log -1 --format=%H
2026-10-09T05:28:14.8307389Z cab97d5449e1e7a2442cf589039f697ddb5638dc
2026-10-09T05:28:14.8525739Z ##[group]Run actions/setup-node@v4
2026-10-09T05:28:14.8525984Z with:
2026-10-09T05:28:14.8526168Z   node-version: 22.16.0
2026-10-09T05:28:14.8526358Z   cache: npm
2026-10-09T05:28:14.8526595Z   cache-dependency-path: jobs/G02-gin-rummy/package-lock.json
2026-10-09T05:28:14.8526874Z   always-auth: false
2026-10-09T05:28:14.8527053Z   check-latest: false
2026-10-09T05:28:14.8529084Z   token: ***
2026-10-09T05:28:14.8529255Z env:
2026-10-09T05:28:14.8529469Z   G02_SOURCE_HEAD: cab97d5449e1e7a2442cf589039f697ddb5638dc
2026-10-09T05:28:14.8529733Z ##[endgroup]
2026-10-09T05:28:14.9628612Z Attempting to download 22.16.0...
2026-10-09T05:28:14.9711431Z (node:2070) [DEP0040] DeprecationWarning: The `punycode` module is deprecated. Please use a userland alternative instead.
2026-10-09T05:28:14.9712176Z (Use `node --trace-deprecation ...` to show where the warning was created)
2026-10-09T05:28:15.5944840Z Acquiring 22.16.0 - x64 from https://github.com/actions/node-versions/releases/download/22.16.0-15177438473/node-22.16.0-linux-x64.tar.gz
2026-10-09T05:28:16.0397568Z Extracting ...
2026-10-09T05:28:16.0495830Z [command]/usr/bin/tar xz --strip 1 --warning=no-unknown-keyword --overwrite -C /home/runner/work/_temp/bc681196-2d83-4859-ba4f-69c258f25a9a -f /home/runner/work/_temp/aac80db1-267c-462f-b322-2d5b255b3f9e
2026-10-09T05:28:17.0493426Z Adding to the cache ...
2026-10-09T05:28:19.2590105Z ##[group]Environment details
2026-10-09T05:28:19.6062841Z node: v22.16.0
2026-10-09T05:28:19.6063160Z npm: 10.9.2
2026-10-09T05:28:19.6064306Z yarn: 1.22.22
2026-10-09T05:28:19.6065380Z ##[endgroup]
2026-10-09T05:28:19.6080103Z [command]/opt/hostedtoolcache/node/22.16.0/x64/bin/npm config get cache
2026-10-09T05:28:19.6843323Z /home/runner/.npm
2026-10-09T05:28:19.9628603Z Cache hit for: node-cache-Linux-x64-npm-d48b0073b1be2df746cbb2cab1dca64dc5674a863aed54a4ee7f428aad681317
2026-10-09T05:28:19.9725501Z (node:2070) [DEP0169] DeprecationWarning: `url.parse()` behavior is not standardized and prone to errors that have security implications. Use the WHATWG URL API instead. CVEs are not issued for `url.parse()` vulnerabilities.
2026-10-09T05:28:21.2341706Z Received 4287965 of 12676573 (33.8%), 4.1 MBs/sec
2026-10-09T05:28:21.3385311Z Received 12676573 of 12676573 (100.0%), 10.9 MBs/sec
2026-10-09T05:28:21.3385645Z Cache Size: ~12 MB (12676573 B)
2026-10-09T05:28:21.3446222Z [command]/usr/bin/tar -xf /home/runner/work/_temp/115ae8fb-4997-45c9-9610-8d65bc6fd384/cache.tzst -P -C /home/runner/work/partybox-game-cores/partybox-game-cores --use-compress-program unzstd
2026-10-09T05:28:21.3795855Z Cache restored successfully
2026-10-09T05:28:21.3808215Z Cache restored from key: node-cache-Linux-x64-npm-d48b0073b1be2df746cbb2cab1dca64dc5674a863aed54a4ee7f428aad681317
2026-10-09T05:28:21.3971873Z ##[group]Run node --input-type=module <<'JS'
2026-10-09T05:28:21.3972498Z [36;1mnode --input-type=module <<'JS'[0m
2026-10-09T05:28:21.3972775Z [36;1mimport assert from 'node:assert/strict';[0m
2026-10-09T05:28:21.3973289Z [36;1mimport {readFile,appendFile} from 'node:fs/promises';[0m
2026-10-09T05:28:21.3973595Z [36;1mimport {createHash} from 'node:crypto';[0m
2026-10-09T05:28:21.3974011Z [36;1mconst request=JSON.parse(await readFile('evidence/audit-20261009/bootstrap-request.json','utf8'));[0m
2026-10-09T05:28:21.3974534Z [36;1massert.equal(request.version,1);assert.equal(typeof request.enabled,'boolean');[0m
2026-10-09T05:28:21.3974887Z [36;1mif(request.enabled){[0m
2026-10-09T05:28:21.3975883Z [36;1m assert(['mandatory one-workflow correction; first capture binding the corrected G02 workflow','verified material Strong Gin-priority repair; first capture for changed game source','verified material Gin draw repair; first capture for changed game source'].includes(request.reason),'explicit material/protocol bootstrap reason required');[0m
2026-10-09T05:28:21.3976922Z [36;1m const sha=bytes=>createHash('sha256').update(bytes).digest('hex');[0m
2026-10-09T05:28:21.3977307Z [36;1m assert.equal(sha(await readFile('src/core.ts')),request.coreSha256);[0m
2026-10-09T05:28:21.3977696Z [36;1m assert.equal(sha(await readFile('play.html')),request.htmlSha256);[0m
2026-10-09T05:28:21.3977976Z [36;1m}[0m
2026-10-09T05:28:21.3978281Z [36;1mawait appendFile(process.env.GITHUB_OUTPUT,'bootstrap='+String(request.enabled)+'\n');[0m
2026-10-09T05:28:21.3978872Z [36;1mconsole.log(JSON.stringify({nativeBootstrapRequested:request.enabled,samplersExecuted:false,reason:request.reason}));[0m
2026-10-09T05:28:21.3979308Z [36;1mJS[0m
2026-10-09T05:28:21.4184460Z shell: /usr/bin/bash -e {0}
2026-10-09T05:28:21.4184723Z env:
2026-10-09T05:28:21.4184970Z   G02_SOURCE_HEAD: cab97d5449e1e7a2442cf589039f697ddb5638dc
2026-10-09T05:28:21.4185254Z ##[endgroup]
2026-10-09T05:28:21.4526406Z node:internal/modules/run_main:123
2026-10-09T05:28:21.4526900Z     triggerUncaughtException(
2026-10-09T05:28:21.4527205Z     ^
2026-10-09T05:28:21.4527338Z 
2026-10-09T05:28:21.4527817Z AssertionError [ERR_ASSERTION]: explicit material/protocol bootstrap reason required
2026-10-09T05:28:21.4528787Z     at file:///home/runner/work/partybox-game-cores/partybox-game-cores/jobs/G02-gin-rummy/[eval1]:7:2 {
2026-10-09T05:28:21.4529473Z   generatedMessage: false,
2026-10-09T05:28:21.4529788Z   code: 'ERR_ASSERTION',
2026-10-09T05:28:21.4530057Z   actual: false,
2026-10-09T05:28:21.4530312Z   expected: true,
2026-10-09T05:28:21.4530556Z   operator: '=='
2026-10-09T05:28:21.4530796Z }
2026-10-09T05:28:21.4530925Z 
2026-10-09T05:28:21.4531046Z Node.js v22.16.0
2026-10-09T05:28:21.4549493Z ##[error]Process completed with exit code 1.
2026-10-09T05:28:21.4732958Z Post job cleanup.
2026-10-09T05:28:21.5464741Z [command]/usr/bin/git version
2026-10-09T05:28:21.5503274Z git version 2.55.0
2026-10-09T05:28:21.5537137Z Temporarily overriding HOME='/home/runner/work/_temp/3d4a79c3-d7c6-4253-bdeb-8873a77419ed' before making global git config changes
2026-10-09T05:28:21.5538016Z Adding repository directory to the temporary git global config as a safe directory
2026-10-09T05:28:21.5543383Z [command]/usr/bin/git config --global --add safe.directory /home/runner/work/partybox-game-cores/partybox-game-cores
2026-10-09T05:28:21.5579307Z [command]/usr/bin/git config --local --name-only --get-regexp core\.sshCommand
2026-10-09T05:28:21.5609938Z [command]/usr/bin/git submodule foreach --recursive sh -c "git config --local --name-only --get-regexp 'core\.sshCommand' && git config --local --unset-all 'core.sshCommand' || :"
2026-10-09T05:28:21.5820878Z [command]/usr/bin/git config --local --name-only --get-regexp http\.https\:\/\/github\.com\/\.extraheader
2026-10-09T05:28:21.5847321Z http.https://github.com/.extraheader
2026-10-09T05:28:21.5857057Z [command]/usr/bin/git config --local --unset-all http.https://github.com/.extraheader
2026-10-09T05:28:21.5904819Z [command]/usr/bin/git submodule foreach --recursive sh -c "git config --local --name-only --get-regexp 'http\.https\:\/\/github\.com\/\.extraheader' && git config --local --unset-all 'http.https://github.com/.extraheader' || :"
2026-10-09T05:28:21.6133967Z [command]/usr/bin/git config --local --name-only --get-regexp ^includeIf\.gitdir:
2026-10-09T05:28:21.6169852Z [command]/usr/bin/git submodule foreach --recursive git config --local --show-origin --name-only --get-regexp remote.origin.url
2026-10-09T05:28:21.6524974Z Cleaning up orphan processes
2026-10-09T05:28:21.6776243Z ##[warning]Node.js 20 is deprecated. The following actions target Node.js 20 but are being forced to run on Node.js 24: actions/checkout@v4, actions/setup-node@v4. For more information see: https://github.blog/changelog/2025-09-19-deprecation-of-node-20-on-github-actions-runners/
